
ORB-SLAM3 Copyright (C) 2017-2020 Carlos Campos, Richard Elvira, Juan J. Gómez, José M.M. Montiel and Juan D. Tardós, University of Zaragoza.
ORB-SLAM2 Copyright (C) 2014-2016 Raúl Mur-Artal, José M.M. Montiel and Juan D. Tardós, University of Zaragoza.
This program comes with ABSOLUTELY NO WARRANTY;
This is free software, and you are welcome to redistribute it
under certain conditions. See LICENSE.txt.

Input sensor was set to: RGB-D
Loading settings from /home/bingxin/Downloads/NGD-SLAM/Examples/RGB-D/Bonn.yaml
Camera1.k3 optional parameter does not exist...
	-Loaded camera 1
Camera.newHeight optional parameter does not exist...
Camera.newWidth optional parameter does not exist...
	-Loaded image info
	-Loaded RGB-D calibration
	-Loaded ORB settings
Viewer.imageViewScale optional parameter does not exist...
	-Loaded viewer settings
System.LoadAtlasFromFile optional parameter does not exist...
System.SaveAtlasToFile optional parameter does not exist...
	-Loaded Atlas settings
System.thFarPoints optional parameter does not exist...
	-Loaded misc parameters
----------------------------------
SLAM settings: 
	-Camera 1 parameters (Pinhole): [ 542.823 542.577 315.594 237.756 ]
	-Camera 1 distortion parameters: [  0.039903 -0.099343 -0.00073 -0.000144 ]
	-Original image size: [ 640 , 480 ]
	-Current image size: [ 640 , 480 ]
	-Sequence FPS: 30
	-RGB-D depth map factor: 5000
	-Features per image: 1000
	-ORB scale factor: 1.2
	-ORB number of scales: 8
	-Initial FAST threshold: 20
	-Min FAST threshold: 7


Loading ORB Vocabulary. This could take a while...
Vocabulary loaded!

Initialization of Atlas from scratch 
Creation of new map with id: 0
Creation of new map with last KF id: 0
Seq. Name: 
There are 1 cameras in the atlas
Camera 0 is pinhole
Net use yolo-fastest

-------
Start processing sequence ...
Images in the sequence: 778

First KF:0; Map init KF:0
New Map created with 871 points
Average processing time of GrabImageRGBD(): 44.3821ms
Frame 0 end
Average processing time of GrabImageRGBD(): 35.2784ms
Frame 1 end
Average processing time of GrabImageRGBD(): 32.1835ms
Frame 2 end
Average processing time of GrabImageRGBD(): 27.0077ms
Frame 3 end
Average processing time of GrabImageRGBD(): 23.6655ms
Frame 4 end
Average processing time of GrabImageRGBD(): 21.4888ms
Frame 5 end
Average processing time of GrabImageRGBD(): 19.6029ms
Frame 6 end
Starting the Viewer
Average processing time of GrabImageRGBD(): 17.6247ms
Frame 7 end
Average processing time of GrabImageRGBD(): 16.109ms
Frame 8 end
Average processing time of GrabImageRGBD(): 14.8709ms
Frame 9 end
Average processing time of GrabImageRGBD(): 14.4034ms
Frame 10 end
Average processing time of GrabImageRGBD(): 13.9684ms
Frame 11 end
Average processing time of GrabImageRGBD(): 13.1455ms
Frame 12 end
Average processing time of GrabImageRGBD(): 12.8919ms
Frame 13 end
Average processing time of GrabImageRGBD(): 12.2672ms
Frame 14 end
Average processing time of GrabImageRGBD(): 11.8843ms
Frame 15 end
Average processing time of GrabImageRGBD(): 12.987ms
Frame 16 end
Average processing time of GrabImageRGBD(): 12.5202ms
Frame 17 end
Average processing time of GrabImageRGBD(): 12.037ms
Frame 18 end
Average processing time of GrabImageRGBD(): 11.7001ms
Frame 19 end
Average processing time of GrabImageRGBD(): 11.5058ms
Frame 20 end
Average processing time of GrabImageRGBD(): 11.4741ms
Frame 21 end
Average processing time of GrabImageRGBD(): 11.4212ms
Frame 22 end
Average processing time of GrabImageRGBD(): 11.0859ms
Frame 23 end
Average processing time of GrabImageRGBD(): 11.0211ms
Frame 24 end
Average processing time of GrabImageRGBD(): 10.9556ms
Frame 25 end
Average processing time of GrabImageRGBD(): 10.6566ms
Frame 26 end
Average processing time of GrabImageRGBD(): 10.469ms
Frame 27 end
Average processing time of GrabImageRGBD(): 10.2366ms
Frame 28 end
Average processing time of GrabImageRGBD(): 10.1667ms
Frame 29 end
Average processing time of GrabImageRGBD(): 10.7852ms
Frame 30 end
Average processing time of GrabImageRGBD(): 10.7719ms
Frame 31 end
Average processing time of GrabImageRGBD(): 10.5314ms
Frame 32 end
Average processing time of GrabImageRGBD(): 11.0954ms
Frame 33 end
Average processing time of GrabImageRGBD(): 10.9426ms
Frame 34 end
Average processing time of GrabImageRGBD(): 10.735ms
Frame 35 end
Average processing time of GrabImageRGBD(): 10.6776ms
Frame 36 end
Average processing time of GrabImageRGBD(): 10.634ms
Frame 37 end
Average processing time of GrabImageRGBD(): 11.2508ms
Frame 38 end
Average processing time of GrabImageRGBD(): 11.2558ms
Frame 39 end
Average processing time of GrabImageRGBD(): 11.0592ms
Frame 40 end
Average processing time of GrabImageRGBD(): 10.8881ms
Frame 41 end
Average processing time of GrabImageRGBD(): 10.864ms
Frame 42 end
Average processing time of GrabImageRGBD(): 10.8576ms
Frame 43 end
Average processing time of GrabImageRGBD(): 10.8508ms
Frame 44 end
Average processing time of GrabImageRGBD(): 10.8306ms
Frame 45 end
Average processing time of GrabImageRGBD(): 10.7709ms
Frame 46 end
Average processing time of GrabImageRGBD(): 10.623ms
Frame 47 end
Average processing time of GrabImageRGBD(): 10.6116ms
Frame 48 end
Average processing time of GrabImageRGBD(): 10.4802ms
Frame 49 end
Average processing time of GrabImageRGBD(): 10.3443ms
Frame 50 end
Average processing time of GrabImageRGBD(): 10.229ms
Frame 51 end
Average processing time of GrabImageRGBD(): 10.2139ms
Frame 52 end
Average processing time of GrabImageRGBD(): 10.1889ms
Frame 53 end
Average processing time of GrabImageRGBD(): 10.4801ms
Frame 54 end
Average processing time of GrabImageRGBD(): 10.4445ms
Frame 55 end
Average processing time of GrabImageRGBD(): 10.3761ms
Frame 56 end
Average processing time of GrabImageRGBD(): 10.3154ms
Frame 57 end
Average processing time of GrabImageRGBD(): 10.1946ms
Frame 58 end
Average processing time of GrabImageRGBD(): 10.5145ms
Frame 59 end
Average processing time of GrabImageRGBD(): 10.5034ms
Frame 60 end
Average processing time of GrabImageRGBD(): 10.375ms
Frame 61 end
Average processing time of GrabImageRGBD(): 10.354ms
Frame 62 end
Average processing time of GrabImageRGBD(): 10.6683ms
Frame 63 end
Average processing time of GrabImageRGBD(): 10.6388ms
Frame 64 end
Average processing time of GrabImageRGBD(): 10.8838ms
Frame 65 end
Average processing time of GrabImageRGBD(): 10.8504ms
Frame 66 end
Average processing time of GrabImageRGBD(): 10.8277ms
Frame 67 end
Average processing time of GrabImageRGBD(): 10.8ms
Frame 68 end
Average processing time of GrabImageRGBD(): 11.0217ms
Frame 69 end
Average processing time of GrabImageRGBD(): 10.9201ms
Frame 70 end
Average processing time of GrabImageRGBD(): 10.8864ms
Frame 71 end
Average processing time of GrabImageRGBD(): 10.8695ms
Frame 72 end
Average processing time of GrabImageRGBD(): 10.8392ms
Frame 73 end
Average processing time of GrabImageRGBD(): 10.7402ms
Frame 74 end
Average processing time of GrabImageRGBD(): 10.6465ms
Frame 75 end
Average processing time of GrabImageRGBD(): 10.5696ms
Frame 76 end
Average processing time of GrabImageRGBD(): 10.7687ms
Frame 77 end
Average processing time of GrabImageRGBD(): 10.6844ms
Frame 78 end
Average processing time of GrabImageRGBD(): 10.5887ms
Frame 79 end
Average processing time of GrabImageRGBD(): 10.5034ms
Frame 80 end
Average processing time of GrabImageRGBD(): 10.4761ms
Frame 81 end
Average processing time of GrabImageRGBD(): 10.4477ms
Frame 82 end
Average processing time of GrabImageRGBD(): 10.3639ms
Frame 83 end
Average processing time of GrabImageRGBD(): 10.3385ms
Frame 84 end
Average processing time of GrabImageRGBD(): 10.3084ms
Frame 85 end
Average processing time of GrabImageRGBD(): 10.2461ms
Frame 86 end
Average processing time of GrabImageRGBD(): 10.2148ms
Frame 87 end
Average processing time of GrabImageRGBD(): 10.1476ms
Frame 88 end
Average processing time of GrabImageRGBD(): 10.1218ms
Frame 89 end
Average processing time of GrabImageRGBD(): 10.105ms
Frame 90 end
Average processing time of GrabImageRGBD(): 10.0646ms
Frame 91 end
Average processing time of GrabImageRGBD(): 10.2615ms
Frame 92 end
Average processing time of GrabImageRGBD(): 10.2717ms
Frame 93 end
Average processing time of GrabImageRGBD(): 10.2728ms
Frame 94 end
Average processing time of GrabImageRGBD(): 10.2542ms
Frame 95 end
Average processing time of GrabImageRGBD(): 10.2358ms
Frame 96 end
Average processing time of GrabImageRGBD(): 10.2115ms
Frame 97 end
Average processing time of GrabImageRGBD(): 10.1418ms
Frame 98 end
Average processing time of GrabImageRGBD(): 10.1236ms
Frame 99 end
Average processing time of GrabImageRGBD(): 10.0889ms
Frame 100 end
Average processing time of GrabImageRGBD(): 10.0686ms
Frame 101 end
Average processing time of GrabImageRGBD(): 10.0499ms
Frame 102 end
Average processing time of GrabImageRGBD(): 10.028ms
Frame 103 end
Average processing time of GrabImageRGBD(): 10.0082ms
Frame 104 end
Average processing time of GrabImageRGBD(): 10.1643ms
Frame 105 end
Average processing time of GrabImageRGBD(): 10.1528ms
Frame 106 end
Average processing time of GrabImageRGBD(): 10.089ms
Frame 107 end
Average processing time of GrabImageRGBD(): 10.0529ms
Frame 108 end
Average processing time of GrabImageRGBD(): 9.99981ms
Frame 109 end
Average processing time of GrabImageRGBD(): 9.98261ms
Frame 110 end
Average processing time of GrabImageRGBD(): 9.92232ms
Frame 111 end
Average processing time of GrabImageRGBD(): 9.90091ms
Frame 112 end
Average processing time of GrabImageRGBD(): 9.88262ms
Frame 113 end
Average processing time of GrabImageRGBD(): 9.82463ms
Frame 114 end
Average processing time of GrabImageRGBD(): 9.81005ms
Frame 115 end
Average processing time of GrabImageRGBD(): 9.9522ms
Frame 116 end
Average processing time of GrabImageRGBD(): 9.9159ms
Frame 117 end
Average processing time of GrabImageRGBD(): 9.89031ms
Frame 118 end
Average processing time of GrabImageRGBD(): 9.84993ms
Frame 119 end
Average processing time of GrabImageRGBD(): 9.7989ms
Frame 120 end
Average processing time of GrabImageRGBD(): 9.74417ms
Frame 121 end
Average processing time of GrabImageRGBD(): 9.69054ms
Frame 122 end
Average processing time of GrabImageRGBD(): 9.81527ms
Frame 123 end
Average processing time of GrabImageRGBD(): 9.80688ms
Frame 124 end
Average processing time of GrabImageRGBD(): 9.75001ms
Frame 125 end
Average processing time of GrabImageRGBD(): 9.69946ms
Frame 126 end
Average processing time of GrabImageRGBD(): 9.64763ms
Frame 127 end
Average processing time of GrabImageRGBD(): 9.63213ms
Frame 128 end
Average processing time of GrabImageRGBD(): 9.84448ms
Frame 129 end
Average processing time of GrabImageRGBD(): 9.83881ms
Frame 130 end
Average processing time of GrabImageRGBD(): 9.80861ms
Frame 131 end
Average processing time of GrabImageRGBD(): 9.79615ms
Frame 132 end
Average processing time of GrabImageRGBD(): 9.74764ms
Frame 133 end
Average processing time of GrabImageRGBD(): 9.73753ms
Frame 134 end
Average processing time of GrabImageRGBD(): 9.68908ms
Frame 135 end
Average processing time of GrabImageRGBD(): 9.83712ms
Frame 136 end
Average processing time of GrabImageRGBD(): 9.84323ms
Frame 137 end
Average processing time of GrabImageRGBD(): 9.79607ms
Frame 138 end
Average processing time of GrabImageRGBD(): 9.79204ms
Frame 139 end
Average processing time of GrabImageRGBD(): 9.77043ms
Frame 140 end
Average processing time of GrabImageRGBD(): 9.72587ms
Frame 141 end
Average processing time of GrabImageRGBD(): 9.71945ms
Frame 142 end
Average processing time of GrabImageRGBD(): 9.86844ms
Frame 143 end
Average processing time of GrabImageRGBD(): 9.85239ms
Frame 144 end
Average processing time of GrabImageRGBD(): 9.80672ms
Frame 145 end
Average processing time of GrabImageRGBD(): 9.80925ms
Frame 146 end
Average processing time of GrabImageRGBD(): 9.81048ms
Frame 147 end
Average processing time of GrabImageRGBD(): 9.76642ms
Frame 148 end
Average processing time of GrabImageRGBD(): 9.90411ms
Frame 149 end
Average processing time of GrabImageRGBD(): 9.88163ms
Frame 150 end
Average processing time of GrabImageRGBD(): 9.8384ms
Frame 151 end
Average processing time of GrabImageRGBD(): 9.82959ms
Frame 152 end
Average processing time of GrabImageRGBD(): 9.82574ms
Frame 153 end
Average processing time of GrabImageRGBD(): 9.94149ms
Frame 154 end
Average processing time of GrabImageRGBD(): 9.94465ms
Frame 155 end
Average processing time of GrabImageRGBD(): 9.90755ms
Frame 156 end
Average processing time of GrabImageRGBD(): 9.90169ms
Frame 157 end
Average processing time of GrabImageRGBD(): 10.012ms
Frame 158 end
Average processing time of GrabImageRGBD(): 10.0161ms
Frame 159 end
Average processing time of GrabImageRGBD(): 10.016ms
Frame 160 end
Average processing time of GrabImageRGBD(): 10.1496ms
Frame 161 end
Average processing time of GrabImageRGBD(): 10.1485ms
Frame 162 end
Average processing time of GrabImageRGBD(): 10.1041ms
Frame 163 end
Average processing time of GrabImageRGBD(): 10.095ms
Frame 164 end
Average processing time of GrabImageRGBD(): 10.0698ms
Frame 165 end
Average processing time of GrabImageRGBD(): 10.0513ms
Frame 166 end
Average processing time of GrabImageRGBD(): 10.1607ms
Frame 167 end
Average processing time of GrabImageRGBD(): 10.1636ms
Frame 168 end
Average processing time of GrabImageRGBD(): 10.126ms
Frame 169 end
Average processing time of GrabImageRGBD(): 10.1208ms
Frame 170 end
Average processing time of GrabImageRGBD(): 10.119ms
Frame 171 end
Average processing time of GrabImageRGBD(): 10.2402ms
Frame 172 end
Average processing time of GrabImageRGBD(): 10.2447ms
Frame 173 end
Average processing time of GrabImageRGBD(): 10.2406ms
Frame 174 end
Average processing time of GrabImageRGBD(): 10.2332ms
Frame 175 end
Average processing time of GrabImageRGBD(): 10.1934ms
Frame 176 end
Average processing time of GrabImageRGBD(): 10.3028ms
Frame 177 end
Average processing time of GrabImageRGBD(): 10.2712ms
Frame 178 end
Average processing time of GrabImageRGBD(): 10.2322ms
Frame 179 end
Average processing time of GrabImageRGBD(): 10.1967ms
Frame 180 end
Average processing time of GrabImageRGBD(): 10.1605ms
Frame 181 end
Average processing time of GrabImageRGBD(): 10.1538ms
Frame 182 end
Average processing time of GrabImageRGBD(): 10.15ms
Frame 183 end
Average processing time of GrabImageRGBD(): 10.1454ms
Frame 184 end
Average processing time of GrabImageRGBD(): 10.1065ms
Frame 185 end
Average processing time of GrabImageRGBD(): 10.1023ms
Frame 186 end
Average processing time of GrabImageRGBD(): 10.0775ms
Frame 187 end
Average processing time of GrabImageRGBD(): 10.0714ms
Frame 188 end
Average processing time of GrabImageRGBD(): 10.0378ms
Frame 189 end
Average processing time of GrabImageRGBD(): 10.0032ms
Frame 190 end
Average processing time of GrabImageRGBD(): 10.1144ms
Frame 191 end
Average processing time of GrabImageRGBD(): 10.1178ms
Frame 192 end
Average processing time of GrabImageRGBD(): 10.1193ms
Frame 193 end
Average processing time of GrabImageRGBD(): 10.1168ms
Frame 194 end
Average processing time of GrabImageRGBD(): 10.1154ms
Frame 195 end
Average processing time of GrabImageRGBD(): 10.1081ms
Frame 196 end
Average processing time of GrabImageRGBD(): 10.0728ms
Frame 197 end
Average processing time of GrabImageRGBD(): 10.0524ms
Frame 198 end
Average processing time of GrabImageRGBD(): 10.0203ms
Frame 199 end
Average processing time of GrabImageRGBD(): 10.0148ms
Frame 200 end
Average processing time of GrabImageRGBD(): 9.98081ms
Frame 201 end
Average processing time of GrabImageRGBD(): 9.95108ms
Frame 202 end
Average processing time of GrabImageRGBD(): 9.94727ms
Frame 203 end
Average processing time of GrabImageRGBD(): 9.9443ms
Frame 204 end
Average processing time of GrabImageRGBD(): 9.92444ms
Frame 205 end
Average processing time of GrabImageRGBD(): 9.92043ms
Frame 206 end
Average processing time of GrabImageRGBD(): 9.91647ms
Frame 207 end
Average processing time of GrabImageRGBD(): 9.88623ms
Frame 208 end
Average processing time of GrabImageRGBD(): 9.8819ms
Frame 209 end
Average processing time of GrabImageRGBD(): 9.86977ms
Frame 210 end
Average processing time of GrabImageRGBD(): 9.84578ms
Frame 211 end
Average processing time of GrabImageRGBD(): 9.81756ms
Frame 212 end
Average processing time of GrabImageRGBD(): 9.81207ms
Frame 213 end
Average processing time of GrabImageRGBD(): 9.90849ms
Frame 214 end
Average processing time of GrabImageRGBD(): 9.91482ms
Frame 215 end
Average processing time of GrabImageRGBD(): 9.91651ms
Frame 216 end
Average processing time of GrabImageRGBD(): 9.91448ms
Frame 217 end
Average processing time of GrabImageRGBD(): 9.91339ms
Frame 218 end
Average processing time of GrabImageRGBD(): 9.90064ms
Frame 219 end
Average processing time of GrabImageRGBD(): 9.86968ms
Frame 220 end
Average processing time of GrabImageRGBD(): 9.94922ms
Frame 221 end
Average processing time of GrabImageRGBD(): 9.95398ms
Frame 222 end
Average processing time of GrabImageRGBD(): 9.92459ms
Frame 223 end
Average processing time of GrabImageRGBD(): 9.92756ms
Frame 224 end
Average processing time of GrabImageRGBD(): 9.89857ms
Frame 225 end
Average processing time of GrabImageRGBD(): 9.87119ms
Frame 226 end
Average processing time of GrabImageRGBD(): 9.86112ms
Frame 227 end
Average processing time of GrabImageRGBD(): 9.86558ms
Frame 228 end
Average processing time of GrabImageRGBD(): 9.86665ms
Frame 229 end
Average processing time of GrabImageRGBD(): 9.83632ms
Frame 230 end
Average processing time of GrabImageRGBD(): 9.83679ms
Frame 231 end
Average processing time of GrabImageRGBD(): 9.81087ms
Frame 232 end
Average processing time of GrabImageRGBD(): 9.81168ms
Frame 233 end
Average processing time of GrabImageRGBD(): 9.80353ms
Frame 234 end
Average processing time of GrabImageRGBD(): 9.7748ms
Frame 235 end
Average processing time of GrabImageRGBD(): 9.77487ms
Frame 236 end
Average processing time of GrabImageRGBD(): 9.77751ms
Frame 237 end
Average processing time of GrabImageRGBD(): 9.75122ms
Frame 238 end
Average processing time of GrabImageRGBD(): 9.75033ms
Frame 239 end
Average processing time of GrabImageRGBD(): 9.7259ms
Frame 240 end
Average processing time of GrabImageRGBD(): 9.72886ms
Frame 241 end
Average processing time of GrabImageRGBD(): 9.72722ms
Frame 242 end
Average processing time of GrabImageRGBD(): 9.71215ms
Frame 243 end
Average processing time of GrabImageRGBD(): 9.68454ms
Frame 244 end
Average processing time of GrabImageRGBD(): 9.68781ms
Frame 245 end
Average processing time of GrabImageRGBD(): 9.66812ms
Frame 246 end
Average processing time of GrabImageRGBD(): 9.6655ms
Frame 247 end
Average processing time of GrabImageRGBD(): 9.65538ms
Frame 248 end
Average processing time of GrabImageRGBD(): 9.65523ms
Frame 249 end
Average processing time of GrabImageRGBD(): 9.62945ms
Frame 250 end
Average processing time of GrabImageRGBD(): 9.62949ms
Frame 251 end
Average processing time of GrabImageRGBD(): 9.71064ms
Frame 252 end
Average processing time of GrabImageRGBD(): 9.73051ms
Frame 253 end
Average processing time of GrabImageRGBD(): 9.73037ms
Frame 254 end
Average processing time of GrabImageRGBD(): 9.74542ms
Frame 255 end
Average processing time of GrabImageRGBD(): 9.75189ms
Frame 256 end
Average processing time of GrabImageRGBD(): 9.76114ms
Frame 257 end
Average processing time of GrabImageRGBD(): 9.85733ms
Frame 258 end
Average processing time of GrabImageRGBD(): 9.8721ms
Frame 259 end
Average processing time of GrabImageRGBD(): 9.88922ms
Frame 260 end
Average processing time of GrabImageRGBD(): 9.89302ms
Frame 261 end
Average processing time of GrabImageRGBD(): 9.90581ms
Frame 262 end
Average processing time of GrabImageRGBD(): 9.92052ms
Frame 263 end
Average processing time of GrabImageRGBD(): 9.91532ms
Frame 264 end
Average processing time of GrabImageRGBD(): 9.92865ms
Frame 265 end
Average processing time of GrabImageRGBD(): 9.93787ms
Frame 266 end
Average processing time of GrabImageRGBD(): 9.94326ms
Frame 267 end
Average processing time of GrabImageRGBD(): 10.0501ms
Frame 268 end
Average processing time of GrabImageRGBD(): 10.0602ms
Frame 269 end
Average processing time of GrabImageRGBD(): 10.0695ms
Frame 270 end
Average processing time of GrabImageRGBD(): 10.0855ms
Frame 271 end
Average processing time of GrabImageRGBD(): 10.102ms
Frame 272 end
Average processing time of GrabImageRGBD(): 10.1045ms
Frame 273 end
Average processing time of GrabImageRGBD(): 10.1168ms
Frame 274 end
Average processing time of GrabImageRGBD(): 10.1227ms
Frame 275 end
Average processing time of GrabImageRGBD(): 10.1336ms
Frame 276 end
Average processing time of GrabImageRGBD(): 10.1391ms
Frame 277 end
Average processing time of GrabImageRGBD(): 10.1452ms
Frame 278 end
Average processing time of GrabImageRGBD(): 10.152ms
Frame 279 end
Average processing time of GrabImageRGBD(): 10.1589ms
Frame 280 end
Average processing time of GrabImageRGBD(): 10.1705ms
Frame 281 end
Average processing time of GrabImageRGBD(): 10.1765ms
Frame 282 end
Average processing time of GrabImageRGBD(): 10.1815ms
Frame 283 end
Average processing time of GrabImageRGBD(): 10.1913ms
Frame 284 end
Average processing time of GrabImageRGBD(): 10.2017ms
Frame 285 end
Average processing time of GrabImageRGBD(): 10.2117ms
Frame 286 end
Average processing time of GrabImageRGBD(): 10.2174ms
Frame 287 end
Average processing time of GrabImageRGBD(): 10.2271ms
Frame 288 end
Average processing time of GrabImageRGBD(): 10.244ms
Frame 289 end
Average processing time of GrabImageRGBD(): 10.2481ms
Frame 290 end
Average processing time of GrabImageRGBD(): 10.2502ms
Frame 291 end
Average processing time of GrabImageRGBD(): 10.258ms
Frame 292 end
Average processing time of GrabImageRGBD(): 10.2671ms
Frame 293 end
Average processing time of GrabImageRGBD(): 10.2699ms
Frame 294 end
Average processing time of GrabImageRGBD(): 10.279ms
Frame 295 end
Average processing time of GrabImageRGBD(): 10.2856ms
Frame 296 end
Average processing time of GrabImageRGBD(): 10.2926ms
Frame 297 end
Average processing time of GrabImageRGBD(): 10.3776ms
Frame 298 end
Average processing time of GrabImageRGBD(): 10.3809ms
Frame 299 end
Average processing time of GrabImageRGBD(): 10.3905ms
Frame 300 end
Average processing time of GrabImageRGBD(): 10.4006ms
Frame 301 end
Average processing time of GrabImageRGBD(): 10.4054ms
Frame 302 end
Average processing time of GrabImageRGBD(): 10.4193ms
Frame 303 end
Average processing time of GrabImageRGBD(): 10.423ms
Frame 304 end
Average processing time of GrabImageRGBD(): 10.4314ms
Frame 305 end
Average processing time of GrabImageRGBD(): 10.4379ms
Frame 306 end
Average processing time of GrabImageRGBD(): 10.4549ms
Frame 307 end
Average processing time of GrabImageRGBD(): 10.4623ms
Frame 308 end
Average processing time of GrabImageRGBD(): 10.4659ms
Frame 309 end
Average processing time of GrabImageRGBD(): 10.4709ms
Frame 310 end
Average processing time of GrabImageRGBD(): 10.4739ms
Frame 311 end
Average processing time of GrabImageRGBD(): 10.4776ms
Frame 312 end
Average processing time of GrabImageRGBD(): 10.4802ms
Frame 313 end
Average processing time of GrabImageRGBD(): 10.4858ms
Frame 314 end
Average processing time of GrabImageRGBD(): 10.4915ms
Frame 315 end
Average processing time of GrabImageRGBD(): 10.4851ms
Frame 316 end
Average processing time of GrabImageRGBD(): 10.4931ms
Frame 317 end
Average processing time of GrabImageRGBD(): 10.6043ms
Frame 318 end
Average processing time of GrabImageRGBD(): 10.5991ms
Frame 319 end
Average processing time of GrabImageRGBD(): 10.6053ms
Frame 320 end
Average processing time of GrabImageRGBD(): 10.6157ms
Frame 321 end
Average processing time of GrabImageRGBD(): 10.6925ms
Frame 322 end
Average processing time of GrabImageRGBD(): 10.7021ms
Frame 323 end
Average processing time of GrabImageRGBD(): 10.706ms
Frame 324 end
Average processing time of GrabImageRGBD(): 10.6973ms
Frame 325 end
Average processing time of GrabImageRGBD(): 10.7037ms
Frame 326 end
Average processing time of GrabImageRGBD(): 10.769ms
Frame 327 end
Average processing time of GrabImageRGBD(): 10.7733ms
Frame 328 end
Average processing time of GrabImageRGBD(): 10.7846ms
Frame 329 end
Average processing time of GrabImageRGBD(): 10.7876ms
Frame 330 end
Average processing time of GrabImageRGBD(): 10.7901ms
Frame 331 end
Average processing time of GrabImageRGBD(): 10.8618ms
Frame 332 end
Average processing time of GrabImageRGBD(): 10.8727ms
Frame 333 end
Average processing time of GrabImageRGBD(): 10.8884ms
Frame 334 end
Average processing time of GrabImageRGBD(): 10.8986ms
Frame 335 end
Average processing time of GrabImageRGBD(): 10.9076ms
Frame 336 end
Average processing time of GrabImageRGBD(): 10.9813ms
Frame 337 end
Average processing time of GrabImageRGBD(): 10.99ms
Frame 338 end
Average processing time of GrabImageRGBD(): 10.9886ms
Frame 339 end
Average processing time of GrabImageRGBD(): 10.9962ms
Frame 340 end
Average processing time of GrabImageRGBD(): 11.0074ms
Frame 341 end
Average processing time of GrabImageRGBD(): 11.072ms
Frame 342 end
Average processing time of GrabImageRGBD(): 11.0783ms
Frame 343 end
Average processing time of GrabImageRGBD(): 11.0699ms
Frame 344 end
Average processing time of GrabImageRGBD(): 11.0731ms
Frame 345 end
Average processing time of GrabImageRGBD(): 11.0871ms
Frame 346 end
Average processing time of GrabImageRGBD(): 11.0832ms
Frame 347 end
Average processing time of GrabImageRGBD(): 11.0862ms
Frame 348 end
Average processing time of GrabImageRGBD(): 11.1585ms
Frame 349 end
Average processing time of GrabImageRGBD(): 11.1617ms
Frame 350 end
Average processing time of GrabImageRGBD(): 11.166ms
Frame 351 end
Average processing time of GrabImageRGBD(): 11.1687ms
Frame 352 end
Average processing time of GrabImageRGBD(): 11.1767ms
Frame 353 end
Average processing time of GrabImageRGBD(): 11.1805ms
Frame 354 end
Average processing time of GrabImageRGBD(): 11.1777ms
Frame 355 end
Average processing time of GrabImageRGBD(): 11.1817ms
Frame 356 end
Average processing time of GrabImageRGBD(): 11.2491ms
Frame 357 end
Average processing time of GrabImageRGBD(): 11.2513ms
Frame 358 end
Average processing time of GrabImageRGBD(): 11.2585ms
Frame 359 end
Average processing time of GrabImageRGBD(): 11.2614ms
Frame 360 end
Average processing time of GrabImageRGBD(): 11.2659ms
Frame 361 end
Average processing time of GrabImageRGBD(): 11.2588ms
Frame 362 end
Average processing time of GrabImageRGBD(): 11.327ms
Frame 363 end
Average processing time of GrabImageRGBD(): 11.3348ms
Frame 364 end
Average processing time of GrabImageRGBD(): 11.3431ms
Frame 365 end
Average processing time of GrabImageRGBD(): 11.3487ms
Frame 366 end
Average processing time of GrabImageRGBD(): 11.3553ms
Frame 367 end
Average processing time of GrabImageRGBD(): 11.3577ms
Frame 368 end
Average processing time of GrabImageRGBD(): 11.4166ms
Frame 369 end
Average processing time of GrabImageRGBD(): 11.4236ms
Frame 370 end
Average processing time of GrabImageRGBD(): 11.4292ms
Frame 371 end
Average processing time of GrabImageRGBD(): 11.4353ms
Frame 372 end
Average processing time of GrabImageRGBD(): 11.4422ms
Frame 373 end
Average processing time of GrabImageRGBD(): 11.4497ms
Frame 374 end
Average processing time of GrabImageRGBD(): 11.4415ms
Frame 375 end
Average processing time of GrabImageRGBD(): 11.4468ms
Frame 376 end
Average processing time of GrabImageRGBD(): 11.5141ms
Frame 377 end
Average processing time of GrabImageRGBD(): 11.5175ms
Frame 378 end
Average processing time of GrabImageRGBD(): 11.5231ms
Frame 379 end
Average processing time of GrabImageRGBD(): 11.5296ms
Frame 380 end
Average processing time of GrabImageRGBD(): 11.5275ms
Frame 381 end
Average processing time of GrabImageRGBD(): 11.5284ms
Frame 382 end
Average processing time of GrabImageRGBD(): 11.53ms
Frame 383 end
Average processing time of GrabImageRGBD(): 11.5334ms
Frame 384 end
Average processing time of GrabImageRGBD(): 11.5345ms
Frame 385 end
Average processing time of GrabImageRGBD(): 11.537ms
Frame 386 end
Average processing time of GrabImageRGBD(): 11.5378ms
Frame 387 end
Average processing time of GrabImageRGBD(): 11.5402ms
Frame 388 end
Average processing time of GrabImageRGBD(): 11.542ms
Frame 389 end
Average processing time of GrabImageRGBD(): 11.5455ms
Frame 390 end
Average processing time of GrabImageRGBD(): 11.546ms
Frame 391 end
Average processing time of GrabImageRGBD(): 11.5493ms
Frame 392 end
Average processing time of GrabImageRGBD(): 11.5451ms
Frame 393 end
Average processing time of GrabImageRGBD(): 11.5517ms
Frame 394 end
Average processing time of GrabImageRGBD(): 11.6157ms
Frame 395 end
Average processing time of GrabImageRGBD(): 11.622ms
Frame 396 end
Average processing time of GrabImageRGBD(): 11.6258ms
Frame 397 end
Average processing time of GrabImageRGBD(): 11.6301ms
Frame 398 end
Average processing time of GrabImageRGBD(): 11.6348ms
Frame 399 end
Average processing time of GrabImageRGBD(): 11.6325ms
Frame 400 end
Average processing time of GrabImageRGBD(): 11.6349ms
Frame 401 end
Average processing time of GrabImageRGBD(): 11.6359ms
Frame 402 end
Average processing time of GrabImageRGBD(): 11.629ms
Frame 403 end
Average processing time of GrabImageRGBD(): 11.6317ms
Frame 404 end
Average processing time of GrabImageRGBD(): 11.6335ms
Frame 405 end
Average processing time of GrabImageRGBD(): 11.6318ms
Frame 406 end
Average processing time of GrabImageRGBD(): 11.6327ms
Frame 407 end
Average processing time of GrabImageRGBD(): 11.6367ms
Frame 408 end
Average processing time of GrabImageRGBD(): 11.6385ms
Frame 409 end
Average processing time of GrabImageRGBD(): 11.6417ms
Frame 410 end
Average processing time of GrabImageRGBD(): 11.7037ms
Frame 411 end
Average processing time of GrabImageRGBD(): 11.7088ms
Frame 412 end
Average processing time of GrabImageRGBD(): 11.7119ms
Frame 413 end
Average processing time of GrabImageRGBD(): 11.722ms
Frame 414 end
Average processing time of GrabImageRGBD(): 11.7243ms
Frame 415 end
Average processing time of GrabImageRGBD(): 11.7342ms
Frame 416 end
Average processing time of GrabImageRGBD(): 11.7394ms
Frame 417 end
Average processing time of GrabImageRGBD(): 11.7374ms
Frame 418 end
Average processing time of GrabImageRGBD(): 11.8036ms
Frame 419 end
Average processing time of GrabImageRGBD(): 11.8035ms
Frame 420 end
Average processing time of GrabImageRGBD(): 11.8088ms
Frame 421 end
Average processing time of GrabImageRGBD(): 11.814ms
Frame 422 end
Average processing time of GrabImageRGBD(): 11.8209ms
Frame 423 end
Average processing time of GrabImageRGBD(): 11.8266ms
Frame 424 end
Average processing time of GrabImageRGBD(): 11.8863ms
Frame 425 end
Average processing time of GrabImageRGBD(): 11.8791ms
Frame 426 end
Average processing time of GrabImageRGBD(): 11.8737ms
Frame 427 end
Average processing time of GrabImageRGBD(): 11.8772ms
Frame 428 end
Average processing time of GrabImageRGBD(): 11.8805ms
Frame 429 end
Average processing time of GrabImageRGBD(): 11.8773ms
Frame 430 end
Average processing time of GrabImageRGBD(): 11.8797ms
Frame 431 end
Average processing time of GrabImageRGBD(): 11.883ms
Frame 432 end
Average processing time of GrabImageRGBD(): 11.8828ms
Frame 433 end
Average processing time of GrabImageRGBD(): 11.8727ms
Frame 434 end
Average processing time of GrabImageRGBD(): 11.8748ms
Frame 435 end
Average processing time of GrabImageRGBD(): 11.8809ms
Frame 436 end
Average processing time of GrabImageRGBD(): 11.8816ms
Frame 437 end
Average processing time of GrabImageRGBD(): 11.9442ms
Frame 438 end
Average processing time of GrabImageRGBD(): 11.9471ms
Frame 439 end
Average processing time of GrabImageRGBD(): 11.9541ms
Frame 440 end
Average processing time of GrabImageRGBD(): 11.9579ms
Frame 441 end
Average processing time of GrabImageRGBD(): 11.9634ms
Frame 442 end
Average processing time of GrabImageRGBD(): 11.968ms
Frame 443 end
Average processing time of GrabImageRGBD(): 11.971ms
Frame 444 end
Average processing time of GrabImageRGBD(): 11.9698ms
Frame 445 end
Average processing time of GrabImageRGBD(): 11.9724ms
Frame 446 end
Average processing time of GrabImageRGBD(): 11.9681ms
Frame 447 end
Average processing time of GrabImageRGBD(): 11.9735ms
Frame 448 end
Average processing time of GrabImageRGBD(): 11.9756ms
Frame 449 end
Average processing time of GrabImageRGBD(): 11.9775ms
Frame 450 end
Average processing time of GrabImageRGBD(): 11.9789ms
Frame 451 end
Average processing time of GrabImageRGBD(): 11.9746ms
Frame 452 end
Average processing time of GrabImageRGBD(): 11.9616ms
Frame 453 end
Average processing time of GrabImageRGBD(): 11.9598ms
Frame 454 end
Average processing time of GrabImageRGBD(): 11.9594ms
Frame 455 end
Average processing time of GrabImageRGBD(): 11.9609ms
Frame 456 end
Average processing time of GrabImageRGBD(): 12.017ms
Frame 457 end
Average processing time of GrabImageRGBD(): 12.0229ms
Frame 458 end
Average processing time of GrabImageRGBD(): 12.0236ms
Frame 459 end
Average processing time of GrabImageRGBD(): 12.0262ms
Frame 460 end
Average processing time of GrabImageRGBD(): 12.0221ms
Frame 461 end
Average processing time of GrabImageRGBD(): 12.0043ms
Frame 462 end
Average processing time of GrabImageRGBD(): 11.9863ms
Frame 463 end
Average processing time of GrabImageRGBD(): 11.9809ms
Frame 464 end
Average processing time of GrabImageRGBD(): 12.0201ms
Frame 465 end
Average processing time of GrabImageRGBD(): 12.0156ms
Frame 466 end
Average processing time of GrabImageRGBD(): 11.9963ms
Frame 467 end
Average processing time of GrabImageRGBD(): 11.9901ms
Frame 468 end
Average processing time of GrabImageRGBD(): 11.9841ms
Frame 469 end
Average processing time of GrabImageRGBD(): 11.9775ms
Frame 470 end
Average processing time of GrabImageRGBD(): 11.9708ms
Frame 471 end
Average processing time of GrabImageRGBD(): 11.9611ms
Frame 472 end
Average processing time of GrabImageRGBD(): 11.9428ms
Frame 473 end
Average processing time of GrabImageRGBD(): 11.9248ms
Frame 474 end
Average processing time of GrabImageRGBD(): 11.9075ms
Frame 475 end
Average processing time of GrabImageRGBD(): 11.9501ms
Frame 476 end
Average processing time of GrabImageRGBD(): 11.9342ms
Frame 477 end
Average processing time of GrabImageRGBD(): 11.915ms
Frame 478 end
Average processing time of GrabImageRGBD(): 11.8994ms
Frame 479 end
Average processing time of GrabImageRGBD(): 11.8817ms
Frame 480 end
Average processing time of GrabImageRGBD(): 11.8741ms
Frame 481 end
Average processing time of GrabImageRGBD(): 11.8646ms
Frame 482 end
Average processing time of GrabImageRGBD(): 11.9011ms
Frame 483 end
Average processing time of GrabImageRGBD(): 11.8984ms
Frame 484 end
Average processing time of GrabImageRGBD(): 11.8813ms
Frame 485 end
Average processing time of GrabImageRGBD(): 11.8761ms
Frame 486 end
Average processing time of GrabImageRGBD(): 11.8689ms
Frame 487 end
Average processing time of GrabImageRGBD(): 11.8522ms
Frame 488 end
Average processing time of GrabImageRGBD(): 11.8447ms
Frame 489 end
Average processing time of GrabImageRGBD(): 11.8792ms
Frame 490 end
Average processing time of GrabImageRGBD(): 11.8744ms
Frame 491 end
Average processing time of GrabImageRGBD(): 11.8643ms
Frame 492 end
Average processing time of GrabImageRGBD(): 11.8482ms
Frame 493 end
Average processing time of GrabImageRGBD(): 11.8337ms
Frame 494 end
Average processing time of GrabImageRGBD(): 11.8275ms
Frame 495 end
Average processing time of GrabImageRGBD(): 11.8211ms
Frame 496 end
Average processing time of GrabImageRGBD(): 11.8085ms
Frame 497 end
Average processing time of GrabImageRGBD(): 11.7912ms
Frame 498 end
Average processing time of GrabImageRGBD(): 11.7788ms
Frame 499 end
Average processing time of GrabImageRGBD(): 11.7715ms
Frame 500 end
Average processing time of GrabImageRGBD(): 11.7563ms
Frame 501 end
Average processing time of GrabImageRGBD(): 11.749ms
Frame 502 end
Average processing time of GrabImageRGBD(): 11.7379ms
Frame 503 end
Average processing time of GrabImageRGBD(): 11.7736ms
Frame 504 end
Average processing time of GrabImageRGBD(): 11.7596ms
Frame 505 end
Average processing time of GrabImageRGBD(): 11.7419ms
Frame 506 end
Average processing time of GrabImageRGBD(): 11.7295ms
Frame 507 end
Average processing time of GrabImageRGBD(): 11.7139ms
Frame 508 end
Average processing time of GrabImageRGBD(): 11.6984ms
Frame 509 end
Average processing time of GrabImageRGBD(): 11.6863ms
Frame 510 end
Average processing time of GrabImageRGBD(): 11.6701ms
Frame 511 end
Average processing time of GrabImageRGBD(): 11.6645ms
Frame 512 end
Average processing time of GrabImageRGBD(): 11.7063ms
Frame 513 end
Average processing time of GrabImageRGBD(): 11.7006ms
Frame 514 end
Average processing time of GrabImageRGBD(): 11.6963ms
Frame 515 end
Average processing time of GrabImageRGBD(): 11.6858ms
Frame 516 end
Average processing time of GrabImageRGBD(): 11.67ms
Frame 517 end
Average processing time of GrabImageRGBD(): 11.6671ms
Frame 518 end
Average processing time of GrabImageRGBD(): 11.6624ms
Frame 519 end
Average processing time of GrabImageRGBD(): 11.6998ms
Frame 520 end
Average processing time of GrabImageRGBD(): 11.6982ms
Frame 521 end
Average processing time of GrabImageRGBD(): 11.6812ms
Frame 522 end
Average processing time of GrabImageRGBD(): 11.6767ms
Frame 523 end
Average processing time of GrabImageRGBD(): 11.6723ms
Frame 524 end
Average processing time of GrabImageRGBD(): 11.6569ms
Frame 525 end
Average processing time of GrabImageRGBD(): 11.6409ms
Frame 526 end
Average processing time of GrabImageRGBD(): 11.6347ms
Frame 527 end
Average processing time of GrabImageRGBD(): 11.6687ms
Frame 528 end
Average processing time of GrabImageRGBD(): 11.6664ms
Frame 529 end
Average processing time of GrabImageRGBD(): 11.6613ms
Frame 530 end
Average processing time of GrabImageRGBD(): 11.6465ms
Frame 531 end
Average processing time of GrabImageRGBD(): 11.6413ms
Frame 532 end
Average processing time of GrabImageRGBD(): 11.6265ms
Frame 533 end
Average processing time of GrabImageRGBD(): 11.6212ms
Frame 534 end
Average processing time of GrabImageRGBD(): 11.606ms
Frame 535 end
Average processing time of GrabImageRGBD(): 11.6399ms
Frame 536 end
Average processing time of GrabImageRGBD(): 11.6371ms
Frame 537 end
Average processing time of GrabImageRGBD(): 11.6208ms
Frame 538 end
Average processing time of GrabImageRGBD(): 11.6057ms
Frame 539 end
Average processing time of GrabImageRGBD(): 11.6005ms
Frame 540 end
Average processing time of GrabImageRGBD(): 11.5951ms
Frame 541 end
Average processing time of GrabImageRGBD(): 11.5833ms
Frame 542 end
Average processing time of GrabImageRGBD(): 11.5683ms
Frame 543 end
Average processing time of GrabImageRGBD(): 11.5534ms
Frame 544 end
Average processing time of GrabImageRGBD(): 11.5474ms
Frame 545 end
Average processing time of GrabImageRGBD(): 11.5331ms
Frame 546 end
Average processing time of GrabImageRGBD(): 11.521ms
Frame 547 end
Average processing time of GrabImageRGBD(): 11.5149ms
Frame 548 end
Average processing time of GrabImageRGBD(): 11.5089ms
Frame 549 end
Average processing time of GrabImageRGBD(): 11.4973ms
Frame 550 end
Average processing time of GrabImageRGBD(): 11.4897ms
Frame 551 end
Average processing time of GrabImageRGBD(): 11.5218ms
Frame 552 end
Average processing time of GrabImageRGBD(): 11.5179ms
Frame 553 end
Average processing time of GrabImageRGBD(): 11.5023ms
Frame 554 end
Average processing time of GrabImageRGBD(): 11.4875ms
Frame 555 end
Average processing time of GrabImageRGBD(): 11.4819ms
Frame 556 end
Average processing time of GrabImageRGBD(): 11.4678ms
Frame 557 end
Average processing time of GrabImageRGBD(): 11.4617ms
Frame 558 end
Average processing time of GrabImageRGBD(): 11.4551ms
Frame 559 end
Average processing time of GrabImageRGBD(): 11.4916ms
Frame 560 end
Average processing time of GrabImageRGBD(): 11.4821ms
Frame 561 end
Average processing time of GrabImageRGBD(): 11.4669ms
Frame 562 end
Average processing time of GrabImageRGBD(): 11.4531ms
Frame 563 end
Average processing time of GrabImageRGBD(): 11.4461ms
Frame 564 end
Average processing time of GrabImageRGBD(): 11.4339ms
Frame 565 end
Average processing time of GrabImageRGBD(): 11.427ms
Frame 566 end
Average processing time of GrabImageRGBD(): 11.4166ms
Frame 567 end
Average processing time of GrabImageRGBD(): 11.4033ms
Frame 568 end
Average processing time of GrabImageRGBD(): 11.4344ms
Frame 569 end
Average processing time of GrabImageRGBD(): 11.4324ms
Frame 570 end
Average processing time of GrabImageRGBD(): 11.4188ms
Frame 571 end
Average processing time of GrabImageRGBD(): 11.4052ms
Frame 572 end
Average processing time of GrabImageRGBD(): 11.3936ms
Frame 573 end
Average processing time of GrabImageRGBD(): 11.3823ms
Frame 574 end
Average processing time of GrabImageRGBD(): 11.3767ms
Frame 575 end
Average processing time of GrabImageRGBD(): 11.3642ms
Frame 576 end
Average processing time of GrabImageRGBD(): 11.4016ms
Frame 577 end
Average processing time of GrabImageRGBD(): 11.3907ms
Frame 578 end
Average processing time of GrabImageRGBD(): 11.377ms
Frame 579 end
Average processing time of GrabImageRGBD(): 11.3714ms
Frame 580 end
Average processing time of GrabImageRGBD(): 11.3622ms
Frame 581 end
Average processing time of GrabImageRGBD(): 11.3562ms
Frame 582 end
Average processing time of GrabImageRGBD(): 11.351ms
Frame 583 end
Average processing time of GrabImageRGBD(): 11.3455ms
Frame 584 end
Average processing time of GrabImageRGBD(): 11.382ms
Frame 585 end
Average processing time of GrabImageRGBD(): 11.3811ms
Frame 586 end
Average processing time of GrabImageRGBD(): 11.3676ms
Frame 587 end
Average processing time of GrabImageRGBD(): 11.3553ms
Frame 588 end
Average processing time of GrabImageRGBD(): 11.3501ms
Frame 589 end
Average processing time of GrabImageRGBD(): 11.3362ms
Frame 590 end
Average processing time of GrabImageRGBD(): 11.3314ms
Frame 591 end
Average processing time of GrabImageRGBD(): 11.3207ms
Frame 592 end
Average processing time of GrabImageRGBD(): 11.3499ms
Frame 593 end
Average processing time of GrabImageRGBD(): 11.3519ms
Frame 594 end
Average processing time of GrabImageRGBD(): 11.35ms
Frame 595 end
Average processing time of GrabImageRGBD(): 11.3485ms
Frame 596 end
Average processing time of GrabImageRGBD(): 11.339ms
Frame 597 end
Average processing time of GrabImageRGBD(): 11.3296ms
Frame 598 end
Average processing time of GrabImageRGBD(): 11.3281ms
Frame 599 end
Average processing time of GrabImageRGBD(): 11.3254ms
Frame 600 end
Average processing time of GrabImageRGBD(): 11.3216ms
Frame 601 end
Average processing time of GrabImageRGBD(): 11.3513ms
Frame 602 end
Average processing time of GrabImageRGBD(): 11.3423ms
Frame 603 end
Average processing time of GrabImageRGBD(): 11.3316ms
Frame 604 end
Average processing time of GrabImageRGBD(): 11.3271ms
Frame 605 end
Average processing time of GrabImageRGBD(): 11.322ms
Frame 606 end
Average processing time of GrabImageRGBD(): 11.3176ms
Frame 607 end
Average processing time of GrabImageRGBD(): 11.311ms
Frame 608 end
Average processing time of GrabImageRGBD(): 11.2985ms
Frame 609 end
Average processing time of GrabImageRGBD(): 11.3354ms
Frame 610 end
Average processing time of GrabImageRGBD(): 11.3289ms
Frame 611 end
Average processing time of GrabImageRGBD(): 11.3195ms
Frame 612 end
Average processing time of GrabImageRGBD(): 11.3166ms
Frame 613 end
Average processing time of GrabImageRGBD(): 11.3126ms
Frame 614 end
Average processing time of GrabImageRGBD(): 11.3ms
Frame 615 end
Average processing time of GrabImageRGBD(): 11.2896ms
Frame 616 end
Average processing time of GrabImageRGBD(): 11.2854ms
Frame 617 end
Average processing time of GrabImageRGBD(): 11.2728ms
Frame 618 end
Average processing time of GrabImageRGBD(): 11.3033ms
Frame 619 end
Average processing time of GrabImageRGBD(): 11.3019ms
Frame 620 end
Average processing time of GrabImageRGBD(): 11.2981ms
Frame 621 end
Average processing time of GrabImageRGBD(): 11.2855ms
Frame 622 end
Average processing time of GrabImageRGBD(): 11.281ms
Frame 623 end
Average processing time of GrabImageRGBD(): 11.2685ms
Frame 624 end
Average processing time of GrabImageRGBD(): 11.2562ms
Frame 625 end
Average processing time of GrabImageRGBD(): 11.2442ms
Frame 626 end
Average processing time of GrabImageRGBD(): 11.2319ms
Frame 627 end
Average processing time of GrabImageRGBD(): 11.2797ms
Frame 628 end
Average processing time of GrabImageRGBD(): 11.277ms
Frame 629 end
Average processing time of GrabImageRGBD(): 11.2702ms
Frame 630 end
Average processing time of GrabImageRGBD(): 11.2577ms
Frame 631 end
Average processing time of GrabImageRGBD(): 11.2459ms
Frame 632 end
Average processing time of GrabImageRGBD(): 11.2341ms
Frame 633 end
Average processing time of GrabImageRGBD(): 11.2307ms
Frame 634 end
Average processing time of GrabImageRGBD(): 11.2317ms
Frame 635 end
Average processing time of GrabImageRGBD(): 11.2201ms
Frame 636 end
Average processing time of GrabImageRGBD(): 11.255ms
Frame 637 end
Average processing time of GrabImageRGBD(): 11.2551ms
Frame 638 end
Average processing time of GrabImageRGBD(): 11.2515ms
Frame 639 end
Average processing time of GrabImageRGBD(): 11.2428ms
Frame 640 end
Average processing time of GrabImageRGBD(): 11.2721ms
Frame 641 end
Average processing time of GrabImageRGBD(): 11.2672ms
Frame 642 end
Average processing time of GrabImageRGBD(): 11.2955ms
Frame 643 end
Average processing time of GrabImageRGBD(): 11.2987ms
Frame 644 end
Average processing time of GrabImageRGBD(): 11.2921ms
Frame 645 end
Average processing time of GrabImageRGBD(): 11.324ms
Frame 646 end
Average processing time of GrabImageRGBD(): 11.3208ms
Frame 647 end
Average processing time of GrabImageRGBD(): 11.3149ms
Frame 648 end
Average processing time of GrabImageRGBD(): 11.3027ms
Frame 649 end
Average processing time of GrabImageRGBD(): 11.2915ms
Frame 650 end
Average processing time of GrabImageRGBD(): 11.2838ms
Frame 651 end
Average processing time of GrabImageRGBD(): 11.2725ms
Frame 652 end
Average processing time of GrabImageRGBD(): 11.262ms
Frame 653 end
Average processing time of GrabImageRGBD(): 11.2542ms
Frame 654 end
Average processing time of GrabImageRGBD(): 11.2472ms
Frame 655 end
Average processing time of GrabImageRGBD(): 11.2753ms
Frame 656 end
Average processing time of GrabImageRGBD(): 11.2715ms
Frame 657 end
Average processing time of GrabImageRGBD(): 11.2599ms
Frame 658 end
Average processing time of GrabImageRGBD(): 11.2514ms
Frame 659 end
Average processing time of GrabImageRGBD(): 11.2418ms
Frame 660 end
Average processing time of GrabImageRGBD(): 11.2384ms
Frame 661 end
Average processing time of GrabImageRGBD(): 11.2334ms
Frame 662 end
Average processing time of GrabImageRGBD(): 11.2239ms
Frame 663 end
Average processing time of GrabImageRGBD(): 11.214ms
Frame 664 end
Average processing time of GrabImageRGBD(): 11.2451ms
Frame 665 end
Average processing time of GrabImageRGBD(): 11.2393ms
Frame 666 end
Average processing time of GrabImageRGBD(): 11.2347ms
Frame 667 end
Average processing time of GrabImageRGBD(): 11.2294ms
Frame 668 end
Average processing time of GrabImageRGBD(): 11.2178ms
Frame 669 end
Average processing time of GrabImageRGBD(): 11.2131ms
Frame 670 end
Average processing time of GrabImageRGBD(): 11.2059ms
Frame 671 end
Average processing time of GrabImageRGBD(): 11.201ms
Frame 672 end
Average processing time of GrabImageRGBD(): 11.195ms
Frame 673 end
Average processing time of GrabImageRGBD(): 11.2255ms
Frame 674 end
Average processing time of GrabImageRGBD(): 11.2259ms
Frame 675 end
Average processing time of GrabImageRGBD(): 11.2148ms
Frame 676 end
Average processing time of GrabImageRGBD(): 11.2061ms
Frame 677 end
Average processing time of GrabImageRGBD(): 11.1942ms
Frame 678 end
Average processing time of GrabImageRGBD(): 11.1857ms
Frame 679 end
Average processing time of GrabImageRGBD(): 11.1744ms
Frame 680 end
Average processing time of GrabImageRGBD(): 11.1702ms
Frame 681 end
Average processing time of GrabImageRGBD(): 11.1662ms
Frame 682 end
Average processing time of GrabImageRGBD(): 11.198ms
Frame 683 end
Average processing time of GrabImageRGBD(): 11.1952ms
Frame 684 end
Average processing time of GrabImageRGBD(): 11.1898ms
Frame 685 end
Average processing time of GrabImageRGBD(): 11.1874ms
Frame 686 end
Average processing time of GrabImageRGBD(): 11.1829ms
Frame 687 end
Average processing time of GrabImageRGBD(): 11.1771ms
Frame 688 end
Average processing time of GrabImageRGBD(): 11.1735ms
Frame 689 end
Average processing time of GrabImageRGBD(): 11.169ms
Frame 690 end
Average processing time of GrabImageRGBD(): 11.1647ms
Frame 691 end
Average processing time of GrabImageRGBD(): 11.1562ms
Frame 692 end
Average processing time of GrabImageRGBD(): 11.1832ms
Frame 693 end
Average processing time of GrabImageRGBD(): 11.1758ms
Frame 694 end
Average processing time of GrabImageRGBD(): 11.1705ms
Frame 695 end
Average processing time of GrabImageRGBD(): 11.1623ms
Frame 696 end
Average processing time of GrabImageRGBD(): 11.1568ms
Frame 697 end
Average processing time of GrabImageRGBD(): 11.1499ms
Frame 698 end
Average processing time of GrabImageRGBD(): 11.1417ms
Frame 699 end
Average processing time of GrabImageRGBD(): 11.1321ms
Frame 700 end
Average processing time of GrabImageRGBD(): 11.1263ms
Frame 701 end
Average processing time of GrabImageRGBD(): 11.1199ms
Frame 702 end
Average processing time of GrabImageRGBD(): 11.1493ms
Frame 703 end
Average processing time of GrabImageRGBD(): 11.1457ms
Frame 704 end
Average processing time of GrabImageRGBD(): 11.142ms
Frame 705 end
Average processing time of GrabImageRGBD(): 11.1384ms
Frame 706 end
Average processing time of GrabImageRGBD(): 11.1295ms
Frame 707 end
Average processing time of GrabImageRGBD(): 11.1204ms
Frame 708 end
Average processing time of GrabImageRGBD(): 11.1096ms
Frame 709 end
Average processing time of GrabImageRGBD(): 11.1052ms
Frame 710 end
Average processing time of GrabImageRGBD(): 11.1014ms
Frame 711 end
Average processing time of GrabImageRGBD(): 11.098ms
Frame 712 end
Average processing time of GrabImageRGBD(): 11.1304ms
Frame 713 end
Average processing time of GrabImageRGBD(): 11.1242ms
Frame 714 end
Average processing time of GrabImageRGBD(): 11.1206ms
Frame 715 end
Average processing time of GrabImageRGBD(): 11.1161ms
Frame 716 end
Average processing time of GrabImageRGBD(): 11.1135ms
Frame 717 end
Average processing time of GrabImageRGBD(): 11.1098ms
Frame 718 end
Average processing time of GrabImageRGBD(): 11.1038ms
Frame 719 end
Average processing time of GrabImageRGBD(): 11.1ms
Frame 720 end
Average processing time of GrabImageRGBD(): 11.0901ms
Frame 721 end
Average processing time of GrabImageRGBD(): 11.0838ms
Frame 722 end
Average processing time of GrabImageRGBD(): 11.1144ms
Frame 723 end
Average processing time of GrabImageRGBD(): 11.1078ms
Frame 724 end
Average processing time of GrabImageRGBD(): 11.1019ms
Frame 725 end
Average processing time of GrabImageRGBD(): 11.0999ms
Frame 726 end
Average processing time of GrabImageRGBD(): 11.0913ms
Frame 727 end
Average processing time of GrabImageRGBD(): 11.088ms
Frame 728 end
Average processing time of GrabImageRGBD(): 11.083ms
Frame 729 end
Average processing time of GrabImageRGBD(): 11.0749ms
Frame 730 end
Average processing time of GrabImageRGBD(): 11.0643ms
Frame 731 end
Average processing time of GrabImageRGBD(): 11.0539ms
Frame 732 end
Average processing time of GrabImageRGBD(): 11.049ms
Frame 733 end
Average processing time of GrabImageRGBD(): 11.0743ms
Frame 734 end
Average processing time of GrabImageRGBD(): 11.0737ms
Frame 735 end
Average processing time of GrabImageRGBD(): 11.0715ms
Frame 736 end
Average processing time of GrabImageRGBD(): 11.0617ms
Frame 737 end
Average processing time of GrabImageRGBD(): 11.0589ms
Frame 738 end
Average processing time of GrabImageRGBD(): 11.055ms
Frame 739 end
Average processing time of GrabImageRGBD(): 11.045ms
Frame 740 end
Average processing time of GrabImageRGBD(): 11.0348ms
Frame 741 end
Average processing time of GrabImageRGBD(): 11.0242ms
Frame 742 end
Average processing time of GrabImageRGBD(): 11.0138ms
Frame 743 end
Average processing time of GrabImageRGBD(): 11.0055ms
Frame 744 end
Average processing time of GrabImageRGBD(): 11.0332ms
Frame 745 end
Average processing time of GrabImageRGBD(): 11.0308ms
Frame 746 end
Average processing time of GrabImageRGBD(): 11.0246ms
Frame 747 end
Average processing time of GrabImageRGBD(): 11.0146ms
Frame 748 end
Average processing time of GrabImageRGBD(): 11.0123ms
Frame 749 end
Average processing time of GrabImageRGBD(): 11.0032ms
Frame 750 end
Average processing time of GrabImageRGBD(): 10.9957ms
Frame 751 end
Average processing time of GrabImageRGBD(): 10.9925ms
Frame 752 end
Average processing time of GrabImageRGBD(): 10.9848ms
Frame 753 end
Average processing time of GrabImageRGBD(): 10.977ms
Frame 754 end
Average processing time of GrabImageRGBD(): 10.9686ms
Frame 755 end
Average processing time of GrabImageRGBD(): 10.9949ms
Frame 756 end
Average processing time of GrabImageRGBD(): 10.9958ms
Frame 757 end
Average processing time of GrabImageRGBD(): 10.995ms
Frame 758 end
Average processing time of GrabImageRGBD(): 10.9911ms
Frame 759 end
Average processing time of GrabImageRGBD(): 10.9877ms
Frame 760 end
Average processing time of GrabImageRGBD(): 10.9825ms
Frame 761 end
Average processing time of GrabImageRGBD(): 10.9767ms
Frame 762 end
Average processing time of GrabImageRGBD(): 10.9725ms
Frame 763 end
Average processing time of GrabImageRGBD(): 10.9682ms
Frame 764 end
Average processing time of GrabImageRGBD(): 10.9641ms
Frame 765 end
Average processing time of GrabImageRGBD(): 10.9931ms
Frame 766 end
Average processing time of GrabImageRGBD(): 10.9924ms
Frame 767 end
Average processing time of GrabImageRGBD(): 10.9904ms
Frame 768 end
Average processing time of GrabImageRGBD(): 10.9884ms
Frame 769 end
Average processing time of GrabImageRGBD(): 10.9785ms
Frame 770 end
Average processing time of GrabImageRGBD(): 10.9715ms
Frame 771 end
Average processing time of GrabImageRGBD(): 10.9692ms
Frame 772 end
Average processing time of GrabImageRGBD(): 10.9624ms
Frame 773 end
Average processing time of GrabImageRGBD(): 10.953ms
Frame 774 end
Average processing time of GrabImageRGBD(): 10.9429ms
Frame 775 end
Average processing time of GrabImageRGBD(): 10.9358ms
Frame 776 end
Average processing time of GrabImageRGBD(): 10.9613ms
Frame 777 end
Shutdown
-------

median tracking time: 0.00982419
mean tracking time: 0.0117614

Saving camera trajectory to CameraTrajectory.txt ...

Saving keyframe trajectory to KeyFrameTrajectory.txt ...
