
ORB-SLAM3 Copyright (C) 2017-2020 Carlos Campos, Richard Elvira, Juan J. Gómez, José M.M. Montiel and Juan D. Tardós, University of Zaragoza.
ORB-SLAM2 Copyright (C) 2014-2016 Raúl Mur-Artal, José M.M. Montiel and Juan D. Tardós, University of Zaragoza.
This program comes with ABSOLUTELY NO WARRANTY;
This is free software, and you are welcome to redistribute it
under certain conditions. See LICENSE.txt.

Input sensor was set to: RGB-D
Loading settings from /home/bingxin/Downloads/NGD-SLAM/Examples/RGB-D/Bonn.yaml
Camera1.k3 optional parameter does not exist...
	-Loaded camera 1
Camera.newHeight optional parameter does not exist...
Camera.newWidth optional parameter does not exist...
	-Loaded image info
	-Loaded RGB-D calibration
	-Loaded ORB settings
Viewer.imageViewScale optional parameter does not exist...
	-Loaded viewer settings
System.LoadAtlasFromFile optional parameter does not exist...
System.SaveAtlasToFile optional parameter does not exist...
	-Loaded Atlas settings
System.thFarPoints optional parameter does not exist...
	-Loaded misc parameters
----------------------------------
SLAM settings: 
	-Camera 1 parameters (Pinhole): [ 542.823 542.577 315.594 237.756 ]
	-Camera 1 distortion parameters: [  0.039903 -0.099343 -0.00073 -0.000144 ]
	-Original image size: [ 640 , 480 ]
	-Current image size: [ 640 , 480 ]
	-Sequence FPS: 30
	-RGB-D depth map factor: 5000
	-Features per image: 1000
	-ORB scale factor: 1.2
	-ORB number of scales: 8
	-Initial FAST threshold: 20
	-Min FAST threshold: 7


Loading ORB Vocabulary. This could take a while...
Vocabulary loaded!

Initialization of Atlas from scratch 
Creation of new map with id: 0
Creation of new map with last KF id: 0
Seq. Name: 
There are 1 cameras in the atlas
Camera 0 is pinhole
Net use yolo-fastest

-------
Start processing sequence ...
Images in the sequence: 469

First KF:0; Map init KF:0
New Map created with 1122 points
Average processing time of GrabImageRGBD(): 47.8958ms
Frame 0 end
Average processing time of GrabImageRGBD(): 39.5375ms
Frame 1 end
Average processing time of GrabImageRGBD(): 37.3715ms
Frame 2 end
Average processing time of GrabImageRGBD(): 31.5752ms
Frame 3 end
Average processing time of GrabImageRGBD(): 27.6185ms
Frame 4 end
Average processing time of GrabImageRGBD(): 28.8181ms
Frame 5 end
Average processing time of GrabImageRGBD(): 26.3492ms
Frame 6 end
Starting the Viewer
Average processing time of GrabImageRGBD(): 24.723ms
Frame 7 end
Average processing time of GrabImageRGBD(): 23.266ms
Frame 8 end
Average processing time of GrabImageRGBD(): 22.2076ms
Frame 9 end
Average processing time of GrabImageRGBD(): 21.2776ms
Frame 10 end
Average processing time of GrabImageRGBD(): 20.5301ms
Frame 11 end
Average processing time of GrabImageRGBD(): 21.4903ms
Frame 12 end
Average processing time of GrabImageRGBD(): 20.8323ms
Frame 13 end
Average processing time of GrabImageRGBD(): 20.2457ms
Frame 14 end
Average processing time of GrabImageRGBD(): 19.7691ms
Frame 15 end
Average processing time of GrabImageRGBD(): 19.1572ms
Frame 16 end
Average processing time of GrabImageRGBD(): 18.813ms
Frame 17 end
Average processing time of GrabImageRGBD(): 18.4485ms
Frame 18 end
Average processing time of GrabImageRGBD(): 19.2263ms
Frame 19 end
Average processing time of GrabImageRGBD(): 18.9231ms
Frame 20 end
Average processing time of GrabImageRGBD(): 18.6667ms
Frame 21 end
Average processing time of GrabImageRGBD(): 18.4111ms
Frame 22 end
Average processing time of GrabImageRGBD(): 18.2033ms
Frame 23 end
Average processing time of GrabImageRGBD(): 18.0099ms
Frame 24 end
Average processing time of GrabImageRGBD(): 17.7839ms
Frame 25 end
Average processing time of GrabImageRGBD(): 17.5812ms
Frame 26 end
Average processing time of GrabImageRGBD(): 17.482ms
Frame 27 end
Average processing time of GrabImageRGBD(): 17.2825ms
Frame 28 end
Average processing time of GrabImageRGBD(): 17.8301ms
Frame 29 end
Average processing time of GrabImageRGBD(): 17.6713ms
Frame 30 end
Average processing time of GrabImageRGBD(): 18.1495ms
Frame 31 end
Average processing time of GrabImageRGBD(): 18.006ms
Frame 32 end
Average processing time of GrabImageRGBD(): 17.8208ms
Frame 33 end
Average processing time of GrabImageRGBD(): 18.3018ms
Frame 34 end
Average processing time of GrabImageRGBD(): 18.0697ms
Frame 35 end
Average processing time of GrabImageRGBD(): 17.9241ms
Frame 36 end
Average processing time of GrabImageRGBD(): 17.7909ms
Frame 37 end
Average processing time of GrabImageRGBD(): 17.6253ms
Frame 38 end
Average processing time of GrabImageRGBD(): 18.0083ms
Frame 39 end
Average processing time of GrabImageRGBD(): 17.8745ms
Frame 40 end
Average processing time of GrabImageRGBD(): 18.2433ms
Frame 41 end
Average processing time of GrabImageRGBD(): 18.1004ms
Frame 42 end
Average processing time of GrabImageRGBD(): 17.9823ms
Frame 43 end
Average processing time of GrabImageRGBD(): 17.8175ms
Frame 44 end
Average processing time of GrabImageRGBD(): 17.7058ms
Frame 45 end
Average processing time of GrabImageRGBD(): 17.9927ms
Frame 46 end
Average processing time of GrabImageRGBD(): 17.8778ms
Frame 47 end
Average processing time of GrabImageRGBD(): 18.1753ms
Frame 48 end
Average processing time of GrabImageRGBD(): 18.0272ms
Frame 49 end
Average processing time of GrabImageRGBD(): 17.9124ms
Frame 50 end
Average processing time of GrabImageRGBD(): 18.2042ms
Frame 51 end
Average processing time of GrabImageRGBD(): 18.0594ms
Frame 52 end
Average processing time of GrabImageRGBD(): 18.3637ms
Frame 53 end
Average processing time of GrabImageRGBD(): 18.3009ms
Frame 54 end
Average processing time of GrabImageRGBD(): 18.1248ms
Frame 55 end
Average processing time of GrabImageRGBD(): 18.3524ms
Frame 56 end
Average processing time of GrabImageRGBD(): 18.2333ms
Frame 57 end
Average processing time of GrabImageRGBD(): 18.1436ms
Frame 58 end
Average processing time of GrabImageRGBD(): 18.3701ms
Frame 59 end
Average processing time of GrabImageRGBD(): 18.2873ms
Frame 60 end
Average processing time of GrabImageRGBD(): 18.2151ms
Frame 61 end
Average processing time of GrabImageRGBD(): 18.4336ms
Frame 62 end
Average processing time of GrabImageRGBD(): 18.3483ms
Frame 63 end
Average processing time of GrabImageRGBD(): 18.2347ms
Frame 64 end
Average processing time of GrabImageRGBD(): 18.4994ms
Frame 65 end
Average processing time of GrabImageRGBD(): 18.4578ms
Frame 66 end
Average processing time of GrabImageRGBD(): 18.3852ms
Frame 67 end
Average processing time of GrabImageRGBD(): 18.6207ms
Frame 68 end
Average processing time of GrabImageRGBD(): 18.5194ms
Frame 69 end
Average processing time of GrabImageRGBD(): 18.4494ms
Frame 70 end
Average processing time of GrabImageRGBD(): 18.683ms
Frame 71 end
Average processing time of GrabImageRGBD(): 18.6082ms
Frame 72 end
Average processing time of GrabImageRGBD(): 18.5466ms
Frame 73 end
Average processing time of GrabImageRGBD(): 18.4659ms
Frame 74 end
Average processing time of GrabImageRGBD(): 18.8272ms
Frame 75 end
Average processing time of GrabImageRGBD(): 18.7189ms
Frame 76 end
Average processing time of GrabImageRGBD(): 18.6554ms
Frame 77 end
Average processing time of GrabImageRGBD(): 18.5695ms
Frame 78 end
Average processing time of GrabImageRGBD(): 18.4667ms
Frame 79 end
Average processing time of GrabImageRGBD(): 18.3892ms
Frame 80 end
Average processing time of GrabImageRGBD(): 18.3075ms
Frame 81 end
Average processing time of GrabImageRGBD(): 18.2307ms
Frame 82 end
Average processing time of GrabImageRGBD(): 18.4226ms
Frame 83 end
Average processing time of GrabImageRGBD(): 18.3564ms
Frame 84 end
Average processing time of GrabImageRGBD(): 18.2519ms
Frame 85 end
Average processing time of GrabImageRGBD(): 18.4538ms
Frame 86 end
Average processing time of GrabImageRGBD(): 18.392ms
Frame 87 end
Average processing time of GrabImageRGBD(): 18.3284ms
Frame 88 end
Average processing time of GrabImageRGBD(): 18.2785ms
Frame 89 end
Average processing time of GrabImageRGBD(): 18.2165ms
Frame 90 end
Average processing time of GrabImageRGBD(): 18.4211ms
Frame 91 end
Average processing time of GrabImageRGBD(): 18.3149ms
Frame 92 end
Average processing time of GrabImageRGBD(): 18.2687ms
Frame 93 end
Average processing time of GrabImageRGBD(): 18.2149ms
Frame 94 end
Average processing time of GrabImageRGBD(): 18.3912ms
Frame 95 end
Average processing time of GrabImageRGBD(): 18.3271ms
Frame 96 end
Average processing time of GrabImageRGBD(): 18.2577ms
Frame 97 end
Average processing time of GrabImageRGBD(): 18.1923ms
Frame 98 end
Average processing time of GrabImageRGBD(): 18.1109ms
Frame 99 end
Average processing time of GrabImageRGBD(): 18.2815ms
Frame 100 end
Average processing time of GrabImageRGBD(): 18.2418ms
Frame 101 end
Average processing time of GrabImageRGBD(): 18.1587ms
Frame 102 end
Average processing time of GrabImageRGBD(): 18.0929ms
Frame 103 end
Average processing time of GrabImageRGBD(): 18.263ms
Frame 104 end
Average processing time of GrabImageRGBD(): 18.2058ms
Frame 105 end
Average processing time of GrabImageRGBD(): 18.1393ms
Frame 106 end
Average processing time of GrabImageRGBD(): 18.0889ms
Frame 107 end
Average processing time of GrabImageRGBD(): 18.0494ms
Frame 108 end
Average processing time of GrabImageRGBD(): 18.2291ms
Frame 109 end
Average processing time of GrabImageRGBD(): 18.1895ms
Frame 110 end
Average processing time of GrabImageRGBD(): 18.1479ms
Frame 111 end
Average processing time of GrabImageRGBD(): 18.1121ms
Frame 112 end
Average processing time of GrabImageRGBD(): 18.2761ms
Frame 113 end
Average processing time of GrabImageRGBD(): 18.2399ms
Frame 114 end
Average processing time of GrabImageRGBD(): 18.1758ms
Frame 115 end
Average processing time of GrabImageRGBD(): 18.1116ms
Frame 116 end
Average processing time of GrabImageRGBD(): 18.0767ms
Frame 117 end
Average processing time of GrabImageRGBD(): 18.0285ms
Frame 118 end
Average processing time of GrabImageRGBD(): 17.9802ms
Frame 119 end
Average processing time of GrabImageRGBD(): 17.9451ms
Frame 120 end
Average processing time of GrabImageRGBD(): 17.8918ms
Frame 121 end
Average processing time of GrabImageRGBD(): 18.0444ms
Frame 122 end
Average processing time of GrabImageRGBD(): 17.9992ms
Frame 123 end
Average processing time of GrabImageRGBD(): 17.9618ms
Frame 124 end
Average processing time of GrabImageRGBD(): 17.9236ms
Frame 125 end
Average processing time of GrabImageRGBD(): 17.8889ms
Frame 126 end
Average processing time of GrabImageRGBD(): 18.0277ms
Frame 127 end
Average processing time of GrabImageRGBD(): 17.9983ms
Frame 128 end
Average processing time of GrabImageRGBD(): 17.9712ms
Frame 129 end
Average processing time of GrabImageRGBD(): 17.9374ms
Frame 130 end
Average processing time of GrabImageRGBD(): 17.8978ms
Frame 131 end
Average processing time of GrabImageRGBD(): 17.8691ms
Frame 132 end
Average processing time of GrabImageRGBD(): 17.8392ms
Frame 133 end
Average processing time of GrabImageRGBD(): 17.7846ms
Frame 134 end
Average processing time of GrabImageRGBD(): 17.7546ms
Frame 135 end
Average processing time of GrabImageRGBD(): 17.8724ms
Frame 136 end
Average processing time of GrabImageRGBD(): 17.8488ms
Frame 137 end
Average processing time of GrabImageRGBD(): 17.8403ms
Frame 138 end
Average processing time of GrabImageRGBD(): 17.8104ms
Frame 139 end
Average processing time of GrabImageRGBD(): 17.7998ms
Frame 140 end
Average processing time of GrabImageRGBD(): 17.7778ms
Frame 141 end
Average processing time of GrabImageRGBD(): 17.753ms
Frame 142 end
Average processing time of GrabImageRGBD(): 17.8672ms
Frame 143 end
Average processing time of GrabImageRGBD(): 17.8377ms
Frame 144 end
Average processing time of GrabImageRGBD(): 17.7967ms
Frame 145 end
Average processing time of GrabImageRGBD(): 17.7629ms
Frame 146 end
Average processing time of GrabImageRGBD(): 17.72ms
Frame 147 end
Average processing time of GrabImageRGBD(): 17.6936ms
Frame 148 end
Average processing time of GrabImageRGBD(): 17.7981ms
Frame 149 end
Average processing time of GrabImageRGBD(): 17.7814ms
Frame 150 end
Average processing time of GrabImageRGBD(): 17.7589ms
Frame 151 end
Average processing time of GrabImageRGBD(): 17.7288ms
Frame 152 end
Average processing time of GrabImageRGBD(): 17.6962ms
Frame 153 end
Average processing time of GrabImageRGBD(): 17.6666ms
Frame 154 end
Average processing time of GrabImageRGBD(): 17.7712ms
Frame 155 end
Average processing time of GrabImageRGBD(): 17.7521ms
Frame 156 end
Average processing time of GrabImageRGBD(): 17.7113ms
Frame 157 end
Average processing time of GrabImageRGBD(): 17.6797ms
Frame 158 end
Average processing time of GrabImageRGBD(): 17.6462ms
Frame 159 end
Average processing time of GrabImageRGBD(): 17.7388ms
Frame 160 end
Average processing time of GrabImageRGBD(): 17.7132ms
Frame 161 end
Average processing time of GrabImageRGBD(): 17.6698ms
Frame 162 end
Average processing time of GrabImageRGBD(): 17.64ms
Frame 163 end
Average processing time of GrabImageRGBD(): 17.5992ms
Frame 164 end
Average processing time of GrabImageRGBD(): 17.6937ms
Frame 165 end
Average processing time of GrabImageRGBD(): 17.6596ms
Frame 166 end
Average processing time of GrabImageRGBD(): 17.6314ms
Frame 167 end
Average processing time of GrabImageRGBD(): 17.604ms
Frame 168 end
Average processing time of GrabImageRGBD(): 17.5718ms
Frame 169 end
Average processing time of GrabImageRGBD(): 17.545ms
Frame 170 end
Average processing time of GrabImageRGBD(): 17.6945ms
Frame 171 end
Average processing time of GrabImageRGBD(): 17.6717ms
Frame 172 end
Average processing time of GrabImageRGBD(): 17.633ms
Frame 173 end
Average processing time of GrabImageRGBD(): 17.6072ms
Frame 174 end
Average processing time of GrabImageRGBD(): 17.5847ms
Frame 175 end
Average processing time of GrabImageRGBD(): 17.6869ms
Frame 176 end
Average processing time of GrabImageRGBD(): 17.656ms
Frame 177 end
Average processing time of GrabImageRGBD(): 17.6292ms
Frame 178 end
Average processing time of GrabImageRGBD(): 17.5961ms
Frame 179 end
Average processing time of GrabImageRGBD(): 17.5729ms
Frame 180 end
Average processing time of GrabImageRGBD(): 17.5433ms
Frame 181 end
Average processing time of GrabImageRGBD(): 17.5142ms
Frame 182 end
Average processing time of GrabImageRGBD(): 17.4814ms
Frame 183 end
Average processing time of GrabImageRGBD(): 17.451ms
Frame 184 end
Average processing time of GrabImageRGBD(): 17.4293ms
Frame 185 end
Average processing time of GrabImageRGBD(): 17.5262ms
Frame 186 end
Average processing time of GrabImageRGBD(): 17.5102ms
Frame 187 end
Average processing time of GrabImageRGBD(): 17.4824ms
Frame 188 end
Average processing time of GrabImageRGBD(): 17.464ms
Frame 189 end
Average processing time of GrabImageRGBD(): 17.4437ms
Frame 190 end
Average processing time of GrabImageRGBD(): 17.429ms
Frame 191 end
Average processing time of GrabImageRGBD(): 17.5308ms
Frame 192 end
Average processing time of GrabImageRGBD(): 17.5129ms
Frame 193 end
Average processing time of GrabImageRGBD(): 17.4882ms
Frame 194 end
Average processing time of GrabImageRGBD(): 17.4628ms
Frame 195 end
Average processing time of GrabImageRGBD(): 17.4427ms
Frame 196 end
Average processing time of GrabImageRGBD(): 17.3978ms
Frame 197 end
Average processing time of GrabImageRGBD(): 17.4886ms
Frame 198 end
Average processing time of GrabImageRGBD(): 17.4706ms
Frame 199 end
Average processing time of GrabImageRGBD(): 17.4254ms
Frame 200 end
Average processing time of GrabImageRGBD(): 17.4023ms
Frame 201 end
Average processing time of GrabImageRGBD(): 17.3806ms
Frame 202 end
Average processing time of GrabImageRGBD(): 17.3605ms
Frame 203 end
Average processing time of GrabImageRGBD(): 17.3158ms
Frame 204 end
Average processing time of GrabImageRGBD(): 17.3954ms
Frame 205 end
Average processing time of GrabImageRGBD(): 17.3801ms
Frame 206 end
Average processing time of GrabImageRGBD(): 17.3631ms
Frame 207 end
Average processing time of GrabImageRGBD(): 17.3466ms
Frame 208 end
Average processing time of GrabImageRGBD(): 17.325ms
Frame 209 end
Average processing time of GrabImageRGBD(): 17.3002ms
Frame 210 end
Average processing time of GrabImageRGBD(): 17.2772ms
Frame 211 end
Average processing time of GrabImageRGBD(): 17.3631ms
Frame 212 end
Average processing time of GrabImageRGBD(): 17.3454ms
Frame 213 end
Average processing time of GrabImageRGBD(): 17.4308ms
Frame 214 end
Average processing time of GrabImageRGBD(): 17.4151ms
Frame 215 end
Average processing time of GrabImageRGBD(): 17.5183ms
Frame 216 end
Average processing time of GrabImageRGBD(): 17.6037ms
Frame 217 end
Average processing time of GrabImageRGBD(): 17.5829ms
Frame 218 end
Average processing time of GrabImageRGBD(): 17.5619ms
Frame 219 end
Average processing time of GrabImageRGBD(): 17.6291ms
Frame 220 end
Average processing time of GrabImageRGBD(): 17.6004ms
Frame 221 end
Average processing time of GrabImageRGBD(): 17.573ms
Frame 222 end
Average processing time of GrabImageRGBD(): 17.5445ms
Frame 223 end
Average processing time of GrabImageRGBD(): 17.522ms
Frame 224 end
Average processing time of GrabImageRGBD(): 17.463ms
Frame 225 end
Average processing time of GrabImageRGBD(): 17.5351ms
Frame 226 end
Average processing time of GrabImageRGBD(): 17.5168ms
Frame 227 end
Average processing time of GrabImageRGBD(): 17.4967ms
Frame 228 end
Average processing time of GrabImageRGBD(): 17.4642ms
Frame 229 end
Average processing time of GrabImageRGBD(): 17.4398ms
Frame 230 end
Average processing time of GrabImageRGBD(): 17.4251ms
Frame 231 end
Average processing time of GrabImageRGBD(): 17.492ms
Frame 232 end
Average processing time of GrabImageRGBD(): 17.4625ms
Frame 233 end
Average processing time of GrabImageRGBD(): 17.4204ms
Frame 234 end
Average processing time of GrabImageRGBD(): 17.3945ms
Frame 235 end
Average processing time of GrabImageRGBD(): 17.3795ms
Frame 236 end
Average processing time of GrabImageRGBD(): 17.3619ms
Frame 237 end
Average processing time of GrabImageRGBD(): 17.437ms
Frame 238 end
Average processing time of GrabImageRGBD(): 17.4232ms
Frame 239 end
Average processing time of GrabImageRGBD(): 17.4011ms
Frame 240 end
Average processing time of GrabImageRGBD(): 17.3885ms
Frame 241 end
Average processing time of GrabImageRGBD(): 17.3725ms
Frame 242 end
Average processing time of GrabImageRGBD(): 17.3541ms
Frame 243 end
Average processing time of GrabImageRGBD(): 17.4259ms
Frame 244 end
Average processing time of GrabImageRGBD(): 17.4094ms
Frame 245 end
Average processing time of GrabImageRGBD(): 17.3873ms
Frame 246 end
Average processing time of GrabImageRGBD(): 17.3485ms
Frame 247 end
Average processing time of GrabImageRGBD(): 17.3392ms
Frame 248 end
Average processing time of GrabImageRGBD(): 17.3207ms
Frame 249 end
Average processing time of GrabImageRGBD(): 17.3889ms
Frame 250 end
Average processing time of GrabImageRGBD(): 17.3657ms
Frame 251 end
Average processing time of GrabImageRGBD(): 17.3387ms
Frame 252 end
Average processing time of GrabImageRGBD(): 17.3009ms
Frame 253 end
Average processing time of GrabImageRGBD(): 17.2857ms
Frame 254 end
Average processing time of GrabImageRGBD(): 17.2524ms
Frame 255 end
Average processing time of GrabImageRGBD(): 17.2361ms
Frame 256 end
Average processing time of GrabImageRGBD(): 17.3053ms
Frame 257 end
Average processing time of GrabImageRGBD(): 17.2855ms
Frame 258 end
Average processing time of GrabImageRGBD(): 17.2721ms
Frame 259 end
Average processing time of GrabImageRGBD(): 17.2422ms
Frame 260 end
Average processing time of GrabImageRGBD(): 17.2215ms
Frame 261 end
Average processing time of GrabImageRGBD(): 17.1923ms
Frame 262 end
Average processing time of GrabImageRGBD(): 17.2551ms
Frame 263 end
Average processing time of GrabImageRGBD(): 17.2329ms
Frame 264 end
Average processing time of GrabImageRGBD(): 17.2122ms
Frame 265 end
Average processing time of GrabImageRGBD(): 17.1965ms
Frame 266 end
Average processing time of GrabImageRGBD(): 17.1841ms
Frame 267 end
Average processing time of GrabImageRGBD(): 17.1605ms
Frame 268 end
Average processing time of GrabImageRGBD(): 17.1355ms
Frame 269 end
Average processing time of GrabImageRGBD(): 17.1069ms
Frame 270 end
Average processing time of GrabImageRGBD(): 17.1717ms
Frame 271 end
Average processing time of GrabImageRGBD(): 17.158ms
Frame 272 end
Average processing time of GrabImageRGBD(): 17.1397ms
Frame 273 end
Average processing time of GrabImageRGBD(): 17.1219ms
Frame 274 end
Average processing time of GrabImageRGBD(): 17.0939ms
Frame 275 end
Average processing time of GrabImageRGBD(): 17.0669ms
Frame 276 end
Average processing time of GrabImageRGBD(): 17.0471ms
Frame 277 end
Average processing time of GrabImageRGBD(): 17.1428ms
Frame 278 end
Average processing time of GrabImageRGBD(): 17.1321ms
Frame 279 end
Average processing time of GrabImageRGBD(): 17.1148ms
Frame 280 end
Average processing time of GrabImageRGBD(): 17.0933ms
Frame 281 end
Average processing time of GrabImageRGBD(): 17.0729ms
Frame 282 end
Average processing time of GrabImageRGBD(): 17.0546ms
Frame 283 end
Average processing time of GrabImageRGBD(): 17.0398ms
Frame 284 end
Average processing time of GrabImageRGBD(): 17.0946ms
Frame 285 end
Average processing time of GrabImageRGBD(): 17.078ms
Frame 286 end
Average processing time of GrabImageRGBD(): 17.0566ms
Frame 287 end
Average processing time of GrabImageRGBD(): 17.0357ms
Frame 288 end
Average processing time of GrabImageRGBD(): 17.0147ms
Frame 289 end
Average processing time of GrabImageRGBD(): 17.0027ms
Frame 290 end
Average processing time of GrabImageRGBD(): 16.9812ms
Frame 291 end
Average processing time of GrabImageRGBD(): 17.043ms
Frame 292 end
Average processing time of GrabImageRGBD(): 17.027ms
Frame 293 end
Average processing time of GrabImageRGBD(): 17.0054ms
Frame 294 end
Average processing time of GrabImageRGBD(): 16.985ms
Frame 295 end
Average processing time of GrabImageRGBD(): 16.967ms
Frame 296 end
Average processing time of GrabImageRGBD(): 16.9481ms
Frame 297 end
Average processing time of GrabImageRGBD(): 16.9317ms
Frame 298 end
Average processing time of GrabImageRGBD(): 16.9153ms
Frame 299 end
Average processing time of GrabImageRGBD(): 16.8971ms
Frame 300 end
Average processing time of GrabImageRGBD(): 16.8817ms
Frame 301 end
Average processing time of GrabImageRGBD(): 16.8648ms
Frame 302 end
Average processing time of GrabImageRGBD(): 16.9196ms
Frame 303 end
Average processing time of GrabImageRGBD(): 16.9084ms
Frame 304 end
Average processing time of GrabImageRGBD(): 16.8863ms
Frame 305 end
Average processing time of GrabImageRGBD(): 16.8657ms
Frame 306 end
Average processing time of GrabImageRGBD(): 16.848ms
Frame 307 end
Average processing time of GrabImageRGBD(): 16.8376ms
Frame 308 end
Average processing time of GrabImageRGBD(): 16.8267ms
Frame 309 end
Average processing time of GrabImageRGBD(): 16.808ms
Frame 310 end
Average processing time of GrabImageRGBD(): 16.8658ms
Frame 311 end
Average processing time of GrabImageRGBD(): 16.8508ms
Frame 312 end
Average processing time of GrabImageRGBD(): 16.8353ms
Frame 313 end
Average processing time of GrabImageRGBD(): 16.8212ms
Frame 314 end
Average processing time of GrabImageRGBD(): 16.7995ms
Frame 315 end
Average processing time of GrabImageRGBD(): 16.7679ms
Frame 316 end
Average processing time of GrabImageRGBD(): 16.7538ms
Frame 317 end
Average processing time of GrabImageRGBD(): 16.814ms
Frame 318 end
Average processing time of GrabImageRGBD(): 16.805ms
Frame 319 end
Average processing time of GrabImageRGBD(): 16.7947ms
Frame 320 end
Average processing time of GrabImageRGBD(): 16.7837ms
Frame 321 end
Average processing time of GrabImageRGBD(): 16.7736ms
Frame 322 end
Average processing time of GrabImageRGBD(): 16.7719ms
Frame 323 end
Average processing time of GrabImageRGBD(): 16.7552ms
Frame 324 end
Average processing time of GrabImageRGBD(): 16.7466ms
Frame 325 end
Average processing time of GrabImageRGBD(): 16.733ms
Frame 326 end
Average processing time of GrabImageRGBD(): 16.7928ms
Frame 327 end
Average processing time of GrabImageRGBD(): 16.7938ms
Frame 328 end
Average processing time of GrabImageRGBD(): 16.7886ms
Frame 329 end
Average processing time of GrabImageRGBD(): 16.7823ms
Frame 330 end
Average processing time of GrabImageRGBD(): 16.773ms
Frame 331 end
Average processing time of GrabImageRGBD(): 16.7507ms
Frame 332 end
Average processing time of GrabImageRGBD(): 16.7397ms
Frame 333 end
Average processing time of GrabImageRGBD(): 16.7203ms
Frame 334 end
Average processing time of GrabImageRGBD(): 16.7812ms
Frame 335 end
Average processing time of GrabImageRGBD(): 16.7771ms
Frame 336 end
Average processing time of GrabImageRGBD(): 16.7525ms
Frame 337 end
Average processing time of GrabImageRGBD(): 16.7432ms
Frame 338 end
Average processing time of GrabImageRGBD(): 16.7308ms
Frame 339 end
Average processing time of GrabImageRGBD(): 16.7104ms
Frame 340 end
Average processing time of GrabImageRGBD(): 16.698ms
Frame 341 end
Average processing time of GrabImageRGBD(): 16.6855ms
Frame 342 end
Average processing time of GrabImageRGBD(): 16.7434ms
Frame 343 end
Average processing time of GrabImageRGBD(): 16.7307ms
Frame 344 end
Average processing time of GrabImageRGBD(): 16.7309ms
Frame 345 end
Average processing time of GrabImageRGBD(): 16.7261ms
Frame 346 end
Average processing time of GrabImageRGBD(): 16.714ms
Frame 347 end
Average processing time of GrabImageRGBD(): 16.6983ms
Frame 348 end
Average processing time of GrabImageRGBD(): 16.6612ms
Frame 349 end
Average processing time of GrabImageRGBD(): 16.6245ms
Frame 350 end
Average processing time of GrabImageRGBD(): 16.6698ms
Frame 351 end
Average processing time of GrabImageRGBD(): 16.6624ms
Frame 352 end
Average processing time of GrabImageRGBD(): 16.6347ms
Frame 353 end
Average processing time of GrabImageRGBD(): 16.6217ms
Frame 354 end
Average processing time of GrabImageRGBD(): 16.6105ms
Frame 355 end
Average processing time of GrabImageRGBD(): 16.5981ms
Frame 356 end
Average processing time of GrabImageRGBD(): 16.5843ms
Frame 357 end
Average processing time of GrabImageRGBD(): 16.558ms
Frame 358 end
Average processing time of GrabImageRGBD(): 16.6143ms
Frame 359 end
Average processing time of GrabImageRGBD(): 16.6121ms
Frame 360 end
Average processing time of GrabImageRGBD(): 16.5998ms
Frame 361 end
Average processing time of GrabImageRGBD(): 16.5902ms
Frame 362 end
Average processing time of GrabImageRGBD(): 16.5602ms
Frame 363 end
Average processing time of GrabImageRGBD(): 16.5458ms
Frame 364 end
Average processing time of GrabImageRGBD(): 16.5301ms
Frame 365 end
Average processing time of GrabImageRGBD(): 16.5166ms
Frame 366 end
Average processing time of GrabImageRGBD(): 16.5034ms
Frame 367 end
Average processing time of GrabImageRGBD(): 16.5579ms
Frame 368 end
Average processing time of GrabImageRGBD(): 16.5478ms
Frame 369 end
Average processing time of GrabImageRGBD(): 16.5336ms
Frame 370 end
Average processing time of GrabImageRGBD(): 16.5211ms
Frame 371 end
Average processing time of GrabImageRGBD(): 16.5004ms
Frame 372 end
Average processing time of GrabImageRGBD(): 16.4762ms
Frame 373 end
Average processing time of GrabImageRGBD(): 16.4644ms
Frame 374 end
Average processing time of GrabImageRGBD(): 16.4554ms
Frame 375 end
Average processing time of GrabImageRGBD(): 16.507ms
Frame 376 end
Average processing time of GrabImageRGBD(): 16.5003ms
Frame 377 end
Average processing time of GrabImageRGBD(): 16.4783ms
Frame 378 end
Average processing time of GrabImageRGBD(): 16.471ms
Frame 379 end
Average processing time of GrabImageRGBD(): 16.4556ms
Frame 380 end
Average processing time of GrabImageRGBD(): 16.4352ms
Frame 381 end
Average processing time of GrabImageRGBD(): 16.4267ms
Frame 382 end
Average processing time of GrabImageRGBD(): 16.4227ms
Frame 383 end
Average processing time of GrabImageRGBD(): 16.4194ms
Frame 384 end
Average processing time of GrabImageRGBD(): 16.4737ms
Frame 385 end
Average processing time of GrabImageRGBD(): 16.4607ms
Frame 386 end
Average processing time of GrabImageRGBD(): 16.4555ms
Frame 387 end
Average processing time of GrabImageRGBD(): 16.4547ms
Frame 388 end
Average processing time of GrabImageRGBD(): 16.452ms
Frame 389 end
Average processing time of GrabImageRGBD(): 16.4362ms
Frame 390 end
Average processing time of GrabImageRGBD(): 16.4293ms
Frame 391 end
Average processing time of GrabImageRGBD(): 16.4225ms
Frame 392 end
Average processing time of GrabImageRGBD(): 16.4007ms
Frame 393 end
Average processing time of GrabImageRGBD(): 16.4524ms
Frame 394 end
Average processing time of GrabImageRGBD(): 16.4382ms
Frame 395 end
Average processing time of GrabImageRGBD(): 16.4269ms
Frame 396 end
Average processing time of GrabImageRGBD(): 16.4114ms
Frame 397 end
Average processing time of GrabImageRGBD(): 16.3994ms
Frame 398 end
Average processing time of GrabImageRGBD(): 16.3834ms
Frame 399 end
Average processing time of GrabImageRGBD(): 16.3739ms
Frame 400 end
Average processing time of GrabImageRGBD(): 16.3606ms
Frame 401 end
Average processing time of GrabImageRGBD(): 16.4107ms
Frame 402 end
Average processing time of GrabImageRGBD(): 16.3912ms
Frame 403 end
Average processing time of GrabImageRGBD(): 16.3856ms
Frame 404 end
Average processing time of GrabImageRGBD(): 16.3763ms
Frame 405 end
Average processing time of GrabImageRGBD(): 16.3526ms
Frame 406 end
Average processing time of GrabImageRGBD(): 16.3453ms
Frame 407 end
Average processing time of GrabImageRGBD(): 16.3331ms
Frame 408 end
Average processing time of GrabImageRGBD(): 16.3221ms
Frame 409 end
Average processing time of GrabImageRGBD(): 16.3092ms
Frame 410 end
Average processing time of GrabImageRGBD(): 16.3498ms
Frame 411 end
Average processing time of GrabImageRGBD(): 16.3439ms
Frame 412 end
Average processing time of GrabImageRGBD(): 16.3337ms
Frame 413 end
Average processing time of GrabImageRGBD(): 16.3262ms
Frame 414 end
Average processing time of GrabImageRGBD(): 16.3196ms
Frame 415 end
Average processing time of GrabImageRGBD(): 16.3064ms
Frame 416 end
Average processing time of GrabImageRGBD(): 16.2905ms
Frame 417 end
Average processing time of GrabImageRGBD(): 16.279ms
Frame 418 end
Average processing time of GrabImageRGBD(): 16.2613ms
Frame 419 end
Average processing time of GrabImageRGBD(): 16.2411ms
Frame 420 end
Average processing time of GrabImageRGBD(): 16.2887ms
Frame 421 end
Average processing time of GrabImageRGBD(): 16.2846ms
Frame 422 end
Average processing time of GrabImageRGBD(): 16.2746ms
Frame 423 end
Average processing time of GrabImageRGBD(): 16.2618ms
Frame 424 end
Average processing time of GrabImageRGBD(): 16.2593ms
Frame 425 end
Average processing time of GrabImageRGBD(): 16.2436ms
Frame 426 end
Average processing time of GrabImageRGBD(): 16.2373ms
Frame 427 end
Average processing time of GrabImageRGBD(): 16.2328ms
Frame 428 end
Average processing time of GrabImageRGBD(): 16.2127ms
Frame 429 end
Average processing time of GrabImageRGBD(): 16.2032ms
Frame 430 end
Average processing time of GrabImageRGBD(): 16.2541ms
Frame 431 end
Average processing time of GrabImageRGBD(): 16.2454ms
Frame 432 end
Average processing time of GrabImageRGBD(): 16.2334ms
Frame 433 end
Average processing time of GrabImageRGBD(): 16.2242ms
Frame 434 end
Average processing time of GrabImageRGBD(): 16.2155ms
Frame 435 end
Average processing time of GrabImageRGBD(): 16.2077ms
Frame 436 end
Average processing time of GrabImageRGBD(): 16.1995ms
Frame 437 end
Average processing time of GrabImageRGBD(): 16.1889ms
Frame 438 end
Average processing time of GrabImageRGBD(): 16.1864ms
Frame 439 end
Average processing time of GrabImageRGBD(): 16.1753ms
Frame 440 end
Average processing time of GrabImageRGBD(): 16.2215ms
Frame 441 end
Average processing time of GrabImageRGBD(): 16.2127ms
Frame 442 end
Average processing time of GrabImageRGBD(): 16.2059ms
Frame 443 end
Average processing time of GrabImageRGBD(): 16.1903ms
Frame 444 end
Average processing time of GrabImageRGBD(): 16.1855ms
Frame 445 end
Average processing time of GrabImageRGBD(): 16.1753ms
Frame 446 end
Average processing time of GrabImageRGBD(): 16.1699ms
Frame 447 end
Average processing time of GrabImageRGBD(): 16.1558ms
Frame 448 end
Average processing time of GrabImageRGBD(): 16.1502ms
Frame 449 end
Average processing time of GrabImageRGBD(): 16.1407ms
Frame 450 end
Average processing time of GrabImageRGBD(): 16.1873ms
Frame 451 end
Average processing time of GrabImageRGBD(): 16.1718ms
Frame 452 end
Average processing time of GrabImageRGBD(): 16.1621ms
Frame 453 end
Average processing time of GrabImageRGBD(): 16.1519ms
Frame 454 end
Average processing time of GrabImageRGBD(): 16.1425ms
Frame 455 end
Average processing time of GrabImageRGBD(): 16.1367ms
Frame 456 end
Average processing time of GrabImageRGBD(): 16.1281ms
Frame 457 end
Average processing time of GrabImageRGBD(): 16.1196ms
Frame 458 end
Average processing time of GrabImageRGBD(): 16.1085ms
Frame 459 end
Average processing time of GrabImageRGBD(): 16.0973ms
Frame 460 end
Average processing time of GrabImageRGBD(): 16.0874ms
Frame 461 end
Average processing time of GrabImageRGBD(): 16.1337ms
Frame 462 end
Average processing time of GrabImageRGBD(): 16.122ms
Frame 463 end
Average processing time of GrabImageRGBD(): 16.1145ms
Frame 464 end
Average processing time of GrabImageRGBD(): 16.1034ms
Frame 465 end
Average processing time of GrabImageRGBD(): 16.0909ms
Frame 466 end
Average processing time of GrabImageRGBD(): 16.0808ms
Frame 467 end
Average processing time of GrabImageRGBD(): 16.0723ms
Frame 468 end
Shutdown
-------

median tracking time: 0.0135988
mean tracking time: 0.01692

Saving camera trajectory to CameraTrajectory.txt ...

Saving keyframe trajectory to KeyFrameTrajectory.txt ...
