
ORB-SLAM3 Copyright (C) 2017-2020 Carlos Campos, Richard Elvira, Juan J. Gómez, José M.M. Montiel and Juan D. Tardós, University of Zaragoza.
ORB-SLAM2 Copyright (C) 2014-2016 Raúl Mur-Artal, José M.M. Montiel and Juan D. Tardós, University of Zaragoza.
This program comes with ABSOLUTELY NO WARRANTY;
This is free software, and you are welcome to redistribute it
under certain conditions. See LICENSE.txt.

Input sensor was set to: RGB-D
Loading settings from /home/bingxin/Downloads/NGD-SLAM/Examples/RGB-D/Bonn.yaml
Camera1.k3 optional parameter does not exist...
	-Loaded camera 1
Camera.newHeight optional parameter does not exist...
Camera.newWidth optional parameter does not exist...
	-Loaded image info
	-Loaded RGB-D calibration
	-Loaded ORB settings
Viewer.imageViewScale optional parameter does not exist...
	-Loaded viewer settings
System.LoadAtlasFromFile optional parameter does not exist...
System.SaveAtlasToFile optional parameter does not exist...
	-Loaded Atlas settings
System.thFarPoints optional parameter does not exist...
	-Loaded misc parameters
----------------------------------
SLAM settings: 
	-Camera 1 parameters (Pinhole): [ 542.823 542.577 315.594 237.756 ]
	-Camera 1 distortion parameters: [  0.039903 -0.099343 -0.00073 -0.000144 ]
	-Original image size: [ 640 , 480 ]
	-Current image size: [ 640 , 480 ]
	-Sequence FPS: 30
	-RGB-D depth map factor: 5000
	-Features per image: 1000
	-ORB scale factor: 1.2
	-ORB number of scales: 8
	-Initial FAST threshold: 20
	-Min FAST threshold: 7


Loading ORB Vocabulary. This could take a while...
Vocabulary loaded!

Initialization of Atlas from scratch 
Creation of new map with id: 0
Creation of new map with last KF id: 0
Seq. Name: 
There are 1 cameras in the atlas
Camera 0 is pinhole
Net use yolo-fastest

-------
Start processing sequence ...
Images in the sequence: 469

First KF:0; Map init KF:0
New Map created with 1122 points
Average processing time of GrabImageRGBD(): 46.2405ms
Frame 0 end
Average processing time of GrabImageRGBD(): 40.1356ms
Frame 1 end
Average processing time of GrabImageRGBD(): 36.4255ms
Frame 2 end
Average processing time of GrabImageRGBD(): 30.8855ms
Frame 3 end
Average processing time of GrabImageRGBD(): 26.8888ms
Frame 4 end
Average processing time of GrabImageRGBD(): 24.7081ms
Frame 5 end
Starting the Viewer
Average processing time of GrabImageRGBD(): 23.1093ms
Frame 6 end
Average processing time of GrabImageRGBD(): 23.9615ms
Frame 7 end
Average processing time of GrabImageRGBD(): 22.8675ms
Frame 8 end
Average processing time of GrabImageRGBD(): 21.7608ms
Frame 9 end
Average processing time of GrabImageRGBD(): 20.8957ms
Frame 10 end
Average processing time of GrabImageRGBD(): 20.1047ms
Frame 11 end
Average processing time of GrabImageRGBD(): 19.2103ms
Frame 12 end
Average processing time of GrabImageRGBD(): 18.7226ms
Frame 13 end
Average processing time of GrabImageRGBD(): 18.3333ms
Frame 14 end
Average processing time of GrabImageRGBD(): 17.8384ms
Frame 15 end
Average processing time of GrabImageRGBD(): 17.4922ms
Frame 16 end
Average processing time of GrabImageRGBD(): 17.2568ms
Frame 17 end
Average processing time of GrabImageRGBD(): 16.9337ms
Frame 18 end
Average processing time of GrabImageRGBD(): 17.737ms
Frame 19 end
Average processing time of GrabImageRGBD(): 17.5601ms
Frame 20 end
Average processing time of GrabImageRGBD(): 17.3199ms
Frame 21 end
Average processing time of GrabImageRGBD(): 17.1053ms
Frame 22 end
Average processing time of GrabImageRGBD(): 16.8286ms
Frame 23 end
Average processing time of GrabImageRGBD(): 17.5007ms
Frame 24 end
Average processing time of GrabImageRGBD(): 17.4117ms
Frame 25 end
Average processing time of GrabImageRGBD(): 17.2334ms
Frame 26 end
Average processing time of GrabImageRGBD(): 17.087ms
Frame 27 end
Average processing time of GrabImageRGBD(): 17.9337ms
Frame 28 end
Average processing time of GrabImageRGBD(): 17.8135ms
Frame 29 end
Average processing time of GrabImageRGBD(): 18.2636ms
Frame 30 end
Average processing time of GrabImageRGBD(): 18.1456ms
Frame 31 end
Average processing time of GrabImageRGBD(): 18.6233ms
Frame 32 end
Average processing time of GrabImageRGBD(): 18.4677ms
Frame 33 end
Average processing time of GrabImageRGBD(): 18.278ms
Frame 34 end
Average processing time of GrabImageRGBD(): 18.9409ms
Frame 35 end
Average processing time of GrabImageRGBD(): 18.771ms
Frame 36 end
Average processing time of GrabImageRGBD(): 18.5887ms
Frame 37 end
Average processing time of GrabImageRGBD(): 18.349ms
Frame 38 end
Average processing time of GrabImageRGBD(): 18.7064ms
Frame 39 end
Average processing time of GrabImageRGBD(): 18.5759ms
Frame 40 end
Average processing time of GrabImageRGBD(): 18.423ms
Frame 41 end
Average processing time of GrabImageRGBD(): 18.2787ms
Frame 42 end
Average processing time of GrabImageRGBD(): 18.8151ms
Frame 43 end
Average processing time of GrabImageRGBD(): 18.6497ms
Frame 44 end
Average processing time of GrabImageRGBD(): 18.5158ms
Frame 45 end
Average processing time of GrabImageRGBD(): 18.3049ms
Frame 46 end
Average processing time of GrabImageRGBD(): 18.6186ms
Frame 47 end
Average processing time of GrabImageRGBD(): 18.5211ms
Frame 48 end
Average processing time of GrabImageRGBD(): 18.4016ms
Frame 49 end
Average processing time of GrabImageRGBD(): 18.6751ms
Frame 50 end
Average processing time of GrabImageRGBD(): 18.5713ms
Frame 51 end
Average processing time of GrabImageRGBD(): 18.8448ms
Frame 52 end
Average processing time of GrabImageRGBD(): 18.7053ms
Frame 53 end
Average processing time of GrabImageRGBD(): 18.5786ms
Frame 54 end
Average processing time of GrabImageRGBD(): 18.7874ms
Frame 55 end
Average processing time of GrabImageRGBD(): 18.6757ms
Frame 56 end
Average processing time of GrabImageRGBD(): 18.5786ms
Frame 57 end
Average processing time of GrabImageRGBD(): 18.8105ms
Frame 58 end
Average processing time of GrabImageRGBD(): 18.7083ms
Frame 59 end
Average processing time of GrabImageRGBD(): 18.6167ms
Frame 60 end
Average processing time of GrabImageRGBD(): 18.8657ms
Frame 61 end
Average processing time of GrabImageRGBD(): 18.7608ms
Frame 62 end
Average processing time of GrabImageRGBD(): 18.6655ms
Frame 63 end
Average processing time of GrabImageRGBD(): 19.0421ms
Frame 64 end
Average processing time of GrabImageRGBD(): 18.951ms
Frame 65 end
Average processing time of GrabImageRGBD(): 18.8567ms
Frame 66 end
Average processing time of GrabImageRGBD(): 19.0897ms
Frame 67 end
Average processing time of GrabImageRGBD(): 19.0186ms
Frame 68 end
Average processing time of GrabImageRGBD(): 18.9494ms
Frame 69 end
Average processing time of GrabImageRGBD(): 19.1625ms
Frame 70 end
Average processing time of GrabImageRGBD(): 19.1059ms
Frame 71 end
Average processing time of GrabImageRGBD(): 19.0215ms
Frame 72 end
Average processing time of GrabImageRGBD(): 19.2358ms
Frame 73 end
Average processing time of GrabImageRGBD(): 19.1534ms
Frame 74 end
Average processing time of GrabImageRGBD(): 19.0828ms
Frame 75 end
Average processing time of GrabImageRGBD(): 18.9632ms
Frame 76 end
Average processing time of GrabImageRGBD(): 18.8843ms
Frame 77 end
Average processing time of GrabImageRGBD(): 18.8074ms
Frame 78 end
Average processing time of GrabImageRGBD(): 18.7344ms
Frame 79 end
Average processing time of GrabImageRGBD(): 18.6723ms
Frame 80 end
Average processing time of GrabImageRGBD(): 18.5896ms
Frame 81 end
Average processing time of GrabImageRGBD(): 18.5217ms
Frame 82 end
Average processing time of GrabImageRGBD(): 18.4508ms
Frame 83 end
Average processing time of GrabImageRGBD(): 18.3368ms
Frame 84 end
Average processing time of GrabImageRGBD(): 18.2739ms
Frame 85 end
Average processing time of GrabImageRGBD(): 18.1946ms
Frame 86 end
Average processing time of GrabImageRGBD(): 18.3438ms
Frame 87 end
Average processing time of GrabImageRGBD(): 18.2831ms
Frame 88 end
Average processing time of GrabImageRGBD(): 18.2194ms
Frame 89 end
Average processing time of GrabImageRGBD(): 18.4105ms
Frame 90 end
Average processing time of GrabImageRGBD(): 18.3668ms
Frame 91 end
Average processing time of GrabImageRGBD(): 18.3046ms
Frame 92 end
Average processing time of GrabImageRGBD(): 18.2501ms
Frame 93 end
Average processing time of GrabImageRGBD(): 18.4395ms
Frame 94 end
Average processing time of GrabImageRGBD(): 18.3789ms
Frame 95 end
Average processing time of GrabImageRGBD(): 18.3098ms
Frame 96 end
Average processing time of GrabImageRGBD(): 18.2689ms
Frame 97 end
Average processing time of GrabImageRGBD(): 18.4562ms
Frame 98 end
Average processing time of GrabImageRGBD(): 18.4037ms
Frame 99 end
Average processing time of GrabImageRGBD(): 18.3497ms
Frame 100 end
Average processing time of GrabImageRGBD(): 18.2807ms
Frame 101 end
Average processing time of GrabImageRGBD(): 18.2234ms
Frame 102 end
Average processing time of GrabImageRGBD(): 18.4484ms
Frame 103 end
Average processing time of GrabImageRGBD(): 18.3782ms
Frame 104 end
Average processing time of GrabImageRGBD(): 18.3173ms
Frame 105 end
Average processing time of GrabImageRGBD(): 18.2755ms
Frame 106 end
Average processing time of GrabImageRGBD(): 18.4196ms
Frame 107 end
Average processing time of GrabImageRGBD(): 18.3602ms
Frame 108 end
Average processing time of GrabImageRGBD(): 18.3241ms
Frame 109 end
Average processing time of GrabImageRGBD(): 18.2672ms
Frame 110 end
Average processing time of GrabImageRGBD(): 18.2137ms
Frame 111 end
Average processing time of GrabImageRGBD(): 18.1601ms
Frame 112 end
Average processing time of GrabImageRGBD(): 18.0986ms
Frame 113 end
Average processing time of GrabImageRGBD(): 18.2607ms
Frame 114 end
Average processing time of GrabImageRGBD(): 18.2105ms
Frame 115 end
Average processing time of GrabImageRGBD(): 18.1679ms
Frame 116 end
Average processing time of GrabImageRGBD(): 18.079ms
Frame 117 end
Average processing time of GrabImageRGBD(): 18.2801ms
Frame 118 end
Average processing time of GrabImageRGBD(): 18.2457ms
Frame 119 end
Average processing time of GrabImageRGBD(): 18.2203ms
Frame 120 end
Average processing time of GrabImageRGBD(): 18.1794ms
Frame 121 end
Average processing time of GrabImageRGBD(): 18.144ms
Frame 122 end
Average processing time of GrabImageRGBD(): 18.2874ms
Frame 123 end
Average processing time of GrabImageRGBD(): 18.2449ms
Frame 124 end
Average processing time of GrabImageRGBD(): 18.2117ms
Frame 125 end
Average processing time of GrabImageRGBD(): 18.169ms
Frame 126 end
Average processing time of GrabImageRGBD(): 18.1145ms
Frame 127 end
Average processing time of GrabImageRGBD(): 18.0749ms
Frame 128 end
Average processing time of GrabImageRGBD(): 18.0384ms
Frame 129 end
Average processing time of GrabImageRGBD(): 17.9852ms
Frame 130 end
Average processing time of GrabImageRGBD(): 18.1219ms
Frame 131 end
Average processing time of GrabImageRGBD(): 18.0988ms
Frame 132 end
Average processing time of GrabImageRGBD(): 18.0714ms
Frame 133 end
Average processing time of GrabImageRGBD(): 18.0416ms
Frame 134 end
Average processing time of GrabImageRGBD(): 18.0232ms
Frame 135 end
Average processing time of GrabImageRGBD(): 17.9974ms
Frame 136 end
Average processing time of GrabImageRGBD(): 18.1203ms
Frame 137 end
Average processing time of GrabImageRGBD(): 18.0937ms
Frame 138 end
Average processing time of GrabImageRGBD(): 18.0639ms
Frame 139 end
Average processing time of GrabImageRGBD(): 18.0448ms
Frame 140 end
Average processing time of GrabImageRGBD(): 18.0063ms
Frame 141 end
Average processing time of GrabImageRGBD(): 18.1317ms
Frame 142 end
Average processing time of GrabImageRGBD(): 18.0908ms
Frame 143 end
Average processing time of GrabImageRGBD(): 18.0665ms
Frame 144 end
Average processing time of GrabImageRGBD(): 18.0309ms
Frame 145 end
Average processing time of GrabImageRGBD(): 17.9947ms
Frame 146 end
Average processing time of GrabImageRGBD(): 17.9575ms
Frame 147 end
Average processing time of GrabImageRGBD(): 17.9119ms
Frame 148 end
Average processing time of GrabImageRGBD(): 18.02ms
Frame 149 end
Average processing time of GrabImageRGBD(): 17.9974ms
Frame 150 end
Average processing time of GrabImageRGBD(): 17.9651ms
Frame 151 end
Average processing time of GrabImageRGBD(): 17.9407ms
Frame 152 end
Average processing time of GrabImageRGBD(): 17.8964ms
Frame 153 end
Average processing time of GrabImageRGBD(): 18.0028ms
Frame 154 end
Average processing time of GrabImageRGBD(): 17.9776ms
Frame 155 end
Average processing time of GrabImageRGBD(): 17.9531ms
Frame 156 end
Average processing time of GrabImageRGBD(): 17.9298ms
Frame 157 end
Average processing time of GrabImageRGBD(): 17.9055ms
Frame 158 end
Average processing time of GrabImageRGBD(): 18.0073ms
Frame 159 end
Average processing time of GrabImageRGBD(): 17.9725ms
Frame 160 end
Average processing time of GrabImageRGBD(): 17.9432ms
Frame 161 end
Average processing time of GrabImageRGBD(): 17.9027ms
Frame 162 end
Average processing time of GrabImageRGBD(): 17.8763ms
Frame 163 end
Average processing time of GrabImageRGBD(): 17.9726ms
Frame 164 end
Average processing time of GrabImageRGBD(): 17.9389ms
Frame 165 end
Average processing time of GrabImageRGBD(): 17.908ms
Frame 166 end
Average processing time of GrabImageRGBD(): 17.8501ms
Frame 167 end
Average processing time of GrabImageRGBD(): 17.8046ms
Frame 168 end
Average processing time of GrabImageRGBD(): 17.7764ms
Frame 169 end
Average processing time of GrabImageRGBD(): 17.8692ms
Frame 170 end
Average processing time of GrabImageRGBD(): 17.839ms
Frame 171 end
Average processing time of GrabImageRGBD(): 17.8145ms
Frame 172 end
Average processing time of GrabImageRGBD(): 17.7612ms
Frame 173 end
Average processing time of GrabImageRGBD(): 17.7355ms
Frame 174 end
Average processing time of GrabImageRGBD(): 17.7038ms
Frame 175 end
Average processing time of GrabImageRGBD(): 17.8015ms
Frame 176 end
Average processing time of GrabImageRGBD(): 17.7782ms
Frame 177 end
Average processing time of GrabImageRGBD(): 17.7493ms
Frame 178 end
Average processing time of GrabImageRGBD(): 17.7232ms
Frame 179 end
Average processing time of GrabImageRGBD(): 17.6804ms
Frame 180 end
Average processing time of GrabImageRGBD(): 17.6562ms
Frame 181 end
Average processing time of GrabImageRGBD(): 17.636ms
Frame 182 end
Average processing time of GrabImageRGBD(): 17.6006ms
Frame 183 end
Average processing time of GrabImageRGBD(): 17.5761ms
Frame 184 end
Average processing time of GrabImageRGBD(): 17.6731ms
Frame 185 end
Average processing time of GrabImageRGBD(): 17.6463ms
Frame 186 end
Average processing time of GrabImageRGBD(): 17.6344ms
Frame 187 end
Average processing time of GrabImageRGBD(): 17.6021ms
Frame 188 end
Average processing time of GrabImageRGBD(): 17.5772ms
Frame 189 end
Average processing time of GrabImageRGBD(): 17.5548ms
Frame 190 end
Average processing time of GrabImageRGBD(): 17.649ms
Frame 191 end
Average processing time of GrabImageRGBD(): 17.6344ms
Frame 192 end
Average processing time of GrabImageRGBD(): 17.6123ms
Frame 193 end
Average processing time of GrabImageRGBD(): 17.5992ms
Frame 194 end
Average processing time of GrabImageRGBD(): 17.5706ms
Frame 195 end
Average processing time of GrabImageRGBD(): 17.555ms
Frame 196 end
Average processing time of GrabImageRGBD(): 17.6507ms
Frame 197 end
Average processing time of GrabImageRGBD(): 17.6323ms
Frame 198 end
Average processing time of GrabImageRGBD(): 17.6124ms
Frame 199 end
Average processing time of GrabImageRGBD(): 17.5856ms
Frame 200 end
Average processing time of GrabImageRGBD(): 17.5679ms
Frame 201 end
Average processing time of GrabImageRGBD(): 17.5465ms
Frame 202 end
Average processing time of GrabImageRGBD(): 17.6346ms
Frame 203 end
Average processing time of GrabImageRGBD(): 17.6191ms
Frame 204 end
Average processing time of GrabImageRGBD(): 17.599ms
Frame 205 end
Average processing time of GrabImageRGBD(): 17.5481ms
Frame 206 end
Average processing time of GrabImageRGBD(): 17.5317ms
Frame 207 end
Average processing time of GrabImageRGBD(): 17.5197ms
Frame 208 end
Average processing time of GrabImageRGBD(): 17.4961ms
Frame 209 end
Average processing time of GrabImageRGBD(): 17.5772ms
Frame 210 end
Average processing time of GrabImageRGBD(): 17.5354ms
Frame 211 end
Average processing time of GrabImageRGBD(): 17.5138ms
Frame 212 end
Average processing time of GrabImageRGBD(): 17.5966ms
Frame 213 end
Average processing time of GrabImageRGBD(): 17.674ms
Frame 214 end
Average processing time of GrabImageRGBD(): 17.6353ms
Frame 215 end
Average processing time of GrabImageRGBD(): 17.737ms
Frame 216 end
Average processing time of GrabImageRGBD(): 17.8229ms
Frame 217 end
Average processing time of GrabImageRGBD(): 17.7996ms
Frame 218 end
Average processing time of GrabImageRGBD(): 17.8802ms
Frame 219 end
Average processing time of GrabImageRGBD(): 17.9525ms
Frame 220 end
Average processing time of GrabImageRGBD(): 17.9284ms
Frame 221 end
Average processing time of GrabImageRGBD(): 17.8879ms
Frame 222 end
Average processing time of GrabImageRGBD(): 17.8428ms
Frame 223 end
Average processing time of GrabImageRGBD(): 17.8186ms
Frame 224 end
Average processing time of GrabImageRGBD(): 17.757ms
Frame 225 end
Average processing time of GrabImageRGBD(): 17.8294ms
Frame 226 end
Average processing time of GrabImageRGBD(): 17.8031ms
Frame 227 end
Average processing time of GrabImageRGBD(): 17.7813ms
Frame 228 end
Average processing time of GrabImageRGBD(): 17.7528ms
Frame 229 end
Average processing time of GrabImageRGBD(): 17.7074ms
Frame 230 end
Average processing time of GrabImageRGBD(): 17.6864ms
Frame 231 end
Average processing time of GrabImageRGBD(): 17.7559ms
Frame 232 end
Average processing time of GrabImageRGBD(): 17.727ms
Frame 233 end
Average processing time of GrabImageRGBD(): 17.6907ms
Frame 234 end
Average processing time of GrabImageRGBD(): 17.6351ms
Frame 235 end
Average processing time of GrabImageRGBD(): 17.6126ms
Frame 236 end
Average processing time of GrabImageRGBD(): 17.6875ms
Frame 237 end
Average processing time of GrabImageRGBD(): 17.6725ms
Frame 238 end
Average processing time of GrabImageRGBD(): 17.6523ms
Frame 239 end
Average processing time of GrabImageRGBD(): 17.6317ms
Frame 240 end
Average processing time of GrabImageRGBD(): 17.5895ms
Frame 241 end
Average processing time of GrabImageRGBD(): 17.6659ms
Frame 242 end
Average processing time of GrabImageRGBD(): 17.6506ms
Frame 243 end
Average processing time of GrabImageRGBD(): 17.6274ms
Frame 244 end
Average processing time of GrabImageRGBD(): 17.614ms
Frame 245 end
Average processing time of GrabImageRGBD(): 17.5907ms
Frame 246 end
Average processing time of GrabImageRGBD(): 17.5676ms
Frame 247 end
Average processing time of GrabImageRGBD(): 17.5488ms
Frame 248 end
Average processing time of GrabImageRGBD(): 17.6517ms
Frame 249 end
Average processing time of GrabImageRGBD(): 17.635ms
Frame 250 end
Average processing time of GrabImageRGBD(): 17.5982ms
Frame 251 end
Average processing time of GrabImageRGBD(): 17.5718ms
Frame 252 end
Average processing time of GrabImageRGBD(): 17.5417ms
Frame 253 end
Average processing time of GrabImageRGBD(): 17.5232ms
Frame 254 end
Average processing time of GrabImageRGBD(): 17.6201ms
Frame 255 end
Average processing time of GrabImageRGBD(): 17.5919ms
Frame 256 end
Average processing time of GrabImageRGBD(): 17.5738ms
Frame 257 end
Average processing time of GrabImageRGBD(): 17.5601ms
Frame 258 end
Average processing time of GrabImageRGBD(): 17.5365ms
Frame 259 end
Average processing time of GrabImageRGBD(): 17.5237ms
Frame 260 end
Average processing time of GrabImageRGBD(): 17.5785ms
Frame 261 end
Average processing time of GrabImageRGBD(): 17.5547ms
Frame 262 end
Average processing time of GrabImageRGBD(): 17.5385ms
Frame 263 end
Average processing time of GrabImageRGBD(): 17.5219ms
Frame 264 end
Average processing time of GrabImageRGBD(): 17.5058ms
Frame 265 end
Average processing time of GrabImageRGBD(): 17.4807ms
Frame 266 end
Average processing time of GrabImageRGBD(): 17.5289ms
Frame 267 end
Average processing time of GrabImageRGBD(): 17.5121ms
Frame 268 end
Average processing time of GrabImageRGBD(): 17.4829ms
Frame 269 end
Average processing time of GrabImageRGBD(): 17.4643ms
Frame 270 end
Average processing time of GrabImageRGBD(): 17.4411ms
Frame 271 end
Average processing time of GrabImageRGBD(): 17.4248ms
Frame 272 end
Average processing time of GrabImageRGBD(): 17.3968ms
Frame 273 end
Average processing time of GrabImageRGBD(): 17.4567ms
Frame 274 end
Average processing time of GrabImageRGBD(): 17.431ms
Frame 275 end
Average processing time of GrabImageRGBD(): 17.4017ms
Frame 276 end
Average processing time of GrabImageRGBD(): 17.3737ms
Frame 277 end
Average processing time of GrabImageRGBD(): 17.3549ms
Frame 278 end
Average processing time of GrabImageRGBD(): 17.3357ms
Frame 279 end
Average processing time of GrabImageRGBD(): 17.3092ms
Frame 280 end
Average processing time of GrabImageRGBD(): 17.2762ms
Frame 281 end
Average processing time of GrabImageRGBD(): 17.3288ms
Frame 282 end
Average processing time of GrabImageRGBD(): 17.3133ms
Frame 283 end
Average processing time of GrabImageRGBD(): 17.2916ms
Frame 284 end
Average processing time of GrabImageRGBD(): 17.2752ms
Frame 285 end
Average processing time of GrabImageRGBD(): 17.2602ms
Frame 286 end
Average processing time of GrabImageRGBD(): 17.2384ms
Frame 287 end
Average processing time of GrabImageRGBD(): 17.2254ms
Frame 288 end
Average processing time of GrabImageRGBD(): 17.2814ms
Frame 289 end
Average processing time of GrabImageRGBD(): 17.2609ms
Frame 290 end
Average processing time of GrabImageRGBD(): 17.2417ms
Frame 291 end
Average processing time of GrabImageRGBD(): 17.2164ms
Frame 292 end
Average processing time of GrabImageRGBD(): 17.1965ms
Frame 293 end
Average processing time of GrabImageRGBD(): 17.1824ms
Frame 294 end
Average processing time of GrabImageRGBD(): 17.1712ms
Frame 295 end
Average processing time of GrabImageRGBD(): 17.2309ms
Frame 296 end
Average processing time of GrabImageRGBD(): 17.2196ms
Frame 297 end
Average processing time of GrabImageRGBD(): 17.1956ms
Frame 298 end
Average processing time of GrabImageRGBD(): 17.1711ms
Frame 299 end
Average processing time of GrabImageRGBD(): 17.1563ms
Frame 300 end
Average processing time of GrabImageRGBD(): 17.1457ms
Frame 301 end
Average processing time of GrabImageRGBD(): 17.1303ms
Frame 302 end
Average processing time of GrabImageRGBD(): 17.1156ms
Frame 303 end
Average processing time of GrabImageRGBD(): 17.0993ms
Frame 304 end
Average processing time of GrabImageRGBD(): 17.0746ms
Frame 305 end
Average processing time of GrabImageRGBD(): 17.1393ms
Frame 306 end
Average processing time of GrabImageRGBD(): 17.1284ms
Frame 307 end
Average processing time of GrabImageRGBD(): 17.1187ms
Frame 308 end
Average processing time of GrabImageRGBD(): 17.1073ms
Frame 309 end
Average processing time of GrabImageRGBD(): 17.089ms
Frame 310 end
Average processing time of GrabImageRGBD(): 17.0727ms
Frame 311 end
Average processing time of GrabImageRGBD(): 17.0377ms
Frame 312 end
Average processing time of GrabImageRGBD(): 17.0147ms
Frame 313 end
Average processing time of GrabImageRGBD(): 17.0677ms
Frame 314 end
Average processing time of GrabImageRGBD(): 17.0557ms
Frame 315 end
Average processing time of GrabImageRGBD(): 17.0422ms
Frame 316 end
Average processing time of GrabImageRGBD(): 17.0295ms
Frame 317 end
Average processing time of GrabImageRGBD(): 17.0139ms
Frame 318 end
Average processing time of GrabImageRGBD(): 16.9969ms
Frame 319 end
Average processing time of GrabImageRGBD(): 17.0574ms
Frame 320 end
Average processing time of GrabImageRGBD(): 17.0485ms
Frame 321 end
Average processing time of GrabImageRGBD(): 17.0398ms
Frame 322 end
Average processing time of GrabImageRGBD(): 17.0301ms
Frame 323 end
Average processing time of GrabImageRGBD(): 17.0191ms
Frame 324 end
Average processing time of GrabImageRGBD(): 17.0105ms
Frame 325 end
Average processing time of GrabImageRGBD(): 16.9929ms
Frame 326 end
Average processing time of GrabImageRGBD(): 16.9737ms
Frame 327 end
Average processing time of GrabImageRGBD(): 16.9582ms
Frame 328 end
Average processing time of GrabImageRGBD(): 17.045ms
Frame 329 end
Average processing time of GrabImageRGBD(): 17.0373ms
Frame 330 end
Average processing time of GrabImageRGBD(): 17.0244ms
Frame 331 end
Average processing time of GrabImageRGBD(): 17.0149ms
Frame 332 end
Average processing time of GrabImageRGBD(): 16.9835ms
Frame 333 end
Average processing time of GrabImageRGBD(): 16.9717ms
Frame 334 end
Average processing time of GrabImageRGBD(): 16.96ms
Frame 335 end
Average processing time of GrabImageRGBD(): 16.9436ms
Frame 336 end
Average processing time of GrabImageRGBD(): 17.0032ms
Frame 337 end
Average processing time of GrabImageRGBD(): 16.9947ms
Frame 338 end
Average processing time of GrabImageRGBD(): 16.9796ms
Frame 339 end
Average processing time of GrabImageRGBD(): 16.97ms
Frame 340 end
Average processing time of GrabImageRGBD(): 16.9498ms
Frame 341 end
Average processing time of GrabImageRGBD(): 16.9306ms
Frame 342 end
Average processing time of GrabImageRGBD(): 16.9184ms
Frame 343 end
Average processing time of GrabImageRGBD(): 16.9109ms
Frame 344 end
Average processing time of GrabImageRGBD(): 16.8936ms
Frame 345 end
Average processing time of GrabImageRGBD(): 16.9491ms
Frame 346 end
Average processing time of GrabImageRGBD(): 16.9374ms
Frame 347 end
Average processing time of GrabImageRGBD(): 16.9201ms
Frame 348 end
Average processing time of GrabImageRGBD(): 16.8814ms
Frame 349 end
Average processing time of GrabImageRGBD(): 16.856ms
Frame 350 end
Average processing time of GrabImageRGBD(): 16.8277ms
Frame 351 end
Average processing time of GrabImageRGBD(): 16.795ms
Frame 352 end
Average processing time of GrabImageRGBD(): 16.7663ms
Frame 353 end
Average processing time of GrabImageRGBD(): 16.8153ms
Frame 354 end
Average processing time of GrabImageRGBD(): 16.7935ms
Frame 355 end
Average processing time of GrabImageRGBD(): 16.7724ms
Frame 356 end
Average processing time of GrabImageRGBD(): 16.7561ms
Frame 357 end
Average processing time of GrabImageRGBD(): 16.7442ms
Frame 358 end
Average processing time of GrabImageRGBD(): 16.716ms
Frame 359 end
Average processing time of GrabImageRGBD(): 16.6895ms
Frame 360 end
Average processing time of GrabImageRGBD(): 16.6675ms
Frame 361 end
Average processing time of GrabImageRGBD(): 16.7292ms
Frame 362 end
Average processing time of GrabImageRGBD(): 16.7204ms
Frame 363 end
Average processing time of GrabImageRGBD(): 16.7086ms
Frame 364 end
Average processing time of GrabImageRGBD(): 16.6874ms
Frame 365 end
Average processing time of GrabImageRGBD(): 16.6666ms
Frame 366 end
Average processing time of GrabImageRGBD(): 16.6471ms
Frame 367 end
Average processing time of GrabImageRGBD(): 16.625ms
Frame 368 end
Average processing time of GrabImageRGBD(): 16.611ms
Frame 369 end
Average processing time of GrabImageRGBD(): 16.6636ms
Frame 370 end
Average processing time of GrabImageRGBD(): 16.6516ms
Frame 371 end
Average processing time of GrabImageRGBD(): 16.6382ms
Frame 372 end
Average processing time of GrabImageRGBD(): 16.6141ms
Frame 373 end
Average processing time of GrabImageRGBD(): 16.5915ms
Frame 374 end
Average processing time of GrabImageRGBD(): 16.5687ms
Frame 375 end
Average processing time of GrabImageRGBD(): 16.5409ms
Frame 376 end
Average processing time of GrabImageRGBD(): 16.5261ms
Frame 377 end
Average processing time of GrabImageRGBD(): 16.5787ms
Frame 378 end
Average processing time of GrabImageRGBD(): 16.5622ms
Frame 379 end
Average processing time of GrabImageRGBD(): 16.5408ms
Frame 380 end
Average processing time of GrabImageRGBD(): 16.5217ms
Frame 381 end
Average processing time of GrabImageRGBD(): 16.5087ms
Frame 382 end
Average processing time of GrabImageRGBD(): 16.4944ms
Frame 383 end
Average processing time of GrabImageRGBD(): 16.4801ms
Frame 384 end
Average processing time of GrabImageRGBD(): 16.4598ms
Frame 385 end
Average processing time of GrabImageRGBD(): 16.5109ms
Frame 386 end
Average processing time of GrabImageRGBD(): 16.5008ms
Frame 387 end
Average processing time of GrabImageRGBD(): 16.4944ms
Frame 388 end
Average processing time of GrabImageRGBD(): 16.4808ms
Frame 389 end
Average processing time of GrabImageRGBD(): 16.4514ms
Frame 390 end
Average processing time of GrabImageRGBD(): 16.4224ms
Frame 391 end
Average processing time of GrabImageRGBD(): 16.412ms
Frame 392 end
Average processing time of GrabImageRGBD(): 16.3999ms
Frame 393 end
Average processing time of GrabImageRGBD(): 16.4504ms
Frame 394 end
Average processing time of GrabImageRGBD(): 16.4411ms
Frame 395 end
Average processing time of GrabImageRGBD(): 16.4423ms
Frame 396 end
Average processing time of GrabImageRGBD(): 16.4329ms
Frame 397 end
Average processing time of GrabImageRGBD(): 16.4208ms
Frame 398 end
Average processing time of GrabImageRGBD(): 16.3989ms
Frame 399 end
Average processing time of GrabImageRGBD(): 16.376ms
Frame 400 end
Average processing time of GrabImageRGBD(): 16.3672ms
Frame 401 end
Average processing time of GrabImageRGBD(): 16.4172ms
Frame 402 end
Average processing time of GrabImageRGBD(): 16.4049ms
Frame 403 end
Average processing time of GrabImageRGBD(): 16.3891ms
Frame 404 end
Average processing time of GrabImageRGBD(): 16.378ms
Frame 405 end
Average processing time of GrabImageRGBD(): 16.3693ms
Frame 406 end
Average processing time of GrabImageRGBD(): 16.3624ms
Frame 407 end
Average processing time of GrabImageRGBD(): 16.3503ms
Frame 408 end
Average processing time of GrabImageRGBD(): 16.3481ms
Frame 409 end
Average processing time of GrabImageRGBD(): 16.3363ms
Frame 410 end
Average processing time of GrabImageRGBD(): 16.384ms
Frame 411 end
Average processing time of GrabImageRGBD(): 16.3737ms
Frame 412 end
Average processing time of GrabImageRGBD(): 16.3657ms
Frame 413 end
Average processing time of GrabImageRGBD(): 16.3536ms
Frame 414 end
Average processing time of GrabImageRGBD(): 16.3409ms
Frame 415 end
Average processing time of GrabImageRGBD(): 16.3358ms
Frame 416 end
Average processing time of GrabImageRGBD(): 16.3243ms
Frame 417 end
Average processing time of GrabImageRGBD(): 16.3144ms
Frame 418 end
Average processing time of GrabImageRGBD(): 16.2995ms
Frame 419 end
Average processing time of GrabImageRGBD(): 16.2909ms
Frame 420 end
Average processing time of GrabImageRGBD(): 16.3363ms
Frame 421 end
Average processing time of GrabImageRGBD(): 16.3269ms
Frame 422 end
Average processing time of GrabImageRGBD(): 16.324ms
Frame 423 end
Average processing time of GrabImageRGBD(): 16.3145ms
Frame 424 end
Average processing time of GrabImageRGBD(): 16.2971ms
Frame 425 end
Average processing time of GrabImageRGBD(): 16.2858ms
Frame 426 end
Average processing time of GrabImageRGBD(): 16.2748ms
Frame 427 end
Average processing time of GrabImageRGBD(): 16.2622ms
Frame 428 end
Average processing time of GrabImageRGBD(): 16.2557ms
Frame 429 end
Average processing time of GrabImageRGBD(): 16.2414ms
Frame 430 end
Average processing time of GrabImageRGBD(): 16.2306ms
Frame 431 end
Average processing time of GrabImageRGBD(): 16.2801ms
Frame 432 end
Average processing time of GrabImageRGBD(): 16.2707ms
Frame 433 end
Average processing time of GrabImageRGBD(): 16.2643ms
Frame 434 end
Average processing time of GrabImageRGBD(): 16.2537ms
Frame 435 end
Average processing time of GrabImageRGBD(): 16.243ms
Frame 436 end
Average processing time of GrabImageRGBD(): 16.2352ms
Frame 437 end
Average processing time of GrabImageRGBD(): 16.2251ms
Frame 438 end
Average processing time of GrabImageRGBD(): 16.2146ms
Frame 439 end
Average processing time of GrabImageRGBD(): 16.2092ms
Frame 440 end
Average processing time of GrabImageRGBD(): 16.1979ms
Frame 441 end
Average processing time of GrabImageRGBD(): 16.2421ms
Frame 442 end
Average processing time of GrabImageRGBD(): 16.2307ms
Frame 443 end
Average processing time of GrabImageRGBD(): 16.2203ms
Frame 444 end
Average processing time of GrabImageRGBD(): 16.2121ms
Frame 445 end
Average processing time of GrabImageRGBD(): 16.1936ms
Frame 446 end
Average processing time of GrabImageRGBD(): 16.1829ms
Frame 447 end
Average processing time of GrabImageRGBD(): 16.1723ms
Frame 448 end
Average processing time of GrabImageRGBD(): 16.1606ms
Frame 449 end
Average processing time of GrabImageRGBD(): 16.1543ms
Frame 450 end
Average processing time of GrabImageRGBD(): 16.199ms
Frame 451 end
Average processing time of GrabImageRGBD(): 16.1915ms
Frame 452 end
Average processing time of GrabImageRGBD(): 16.1758ms
Frame 453 end
Average processing time of GrabImageRGBD(): 16.1664ms
Frame 454 end
Average processing time of GrabImageRGBD(): 16.1572ms
Frame 455 end
Average processing time of GrabImageRGBD(): 16.1484ms
Frame 456 end
Average processing time of GrabImageRGBD(): 16.1308ms
Frame 457 end
Average processing time of GrabImageRGBD(): 16.1163ms
Frame 458 end
Average processing time of GrabImageRGBD(): 16.1004ms
Frame 459 end
Average processing time of GrabImageRGBD(): 16.0864ms
Frame 460 end
Average processing time of GrabImageRGBD(): 16.075ms
Frame 461 end
Average processing time of GrabImageRGBD(): 16.0642ms
Frame 462 end
Average processing time of GrabImageRGBD(): 16.0542ms
Frame 463 end
Average processing time of GrabImageRGBD(): 16.0434ms
Frame 464 end
Average processing time of GrabImageRGBD(): 16.0314ms
Frame 465 end
Average processing time of GrabImageRGBD(): 16.0188ms
Frame 466 end
Average processing time of GrabImageRGBD(): 16.0639ms
Frame 467 end
Average processing time of GrabImageRGBD(): 16.0575ms
Frame 468 end
Shutdown
-------

median tracking time: 0.013621
mean tracking time: 0.0169417

Saving camera trajectory to CameraTrajectory.txt ...

Saving keyframe trajectory to KeyFrameTrajectory.txt ...
