
ORB-SLAM3 Copyright (C) 2017-2020 Carlos Campos, Richard Elvira, Juan J. Gómez, José M.M. Montiel and Juan D. Tardós, University of Zaragoza.
ORB-SLAM2 Copyright (C) 2014-2016 Raúl Mur-Artal, José M.M. Montiel and Juan D. Tardós, University of Zaragoza.
This program comes with ABSOLUTELY NO WARRANTY;
This is free software, and you are welcome to redistribute it
under certain conditions. See LICENSE.txt.

Input sensor was set to: RGB-D
Loading settings from /home/bingxin/Downloads/NGD-SLAM/Examples/RGB-D/Bonn.yaml
Camera1.k3 optional parameter does not exist...
	-Loaded camera 1
Camera.newHeight optional parameter does not exist...
Camera.newWidth optional parameter does not exist...
	-Loaded image info
	-Loaded RGB-D calibration
	-Loaded ORB settings
Viewer.imageViewScale optional parameter does not exist...
	-Loaded viewer settings
System.LoadAtlasFromFile optional parameter does not exist...
System.SaveAtlasToFile optional parameter does not exist...
	-Loaded Atlas settings
System.thFarPoints optional parameter does not exist...
	-Loaded misc parameters
----------------------------------
SLAM settings: 
	-Camera 1 parameters (Pinhole): [ 542.823 542.577 315.594 237.756 ]
	-Camera 1 distortion parameters: [  0.039903 -0.099343 -0.00073 -0.000144 ]
	-Original image size: [ 640 , 480 ]
	-Current image size: [ 640 , 480 ]
	-Sequence FPS: 30
	-RGB-D depth map factor: 5000
	-Features per image: 1000
	-ORB scale factor: 1.2
	-ORB number of scales: 8
	-Initial FAST threshold: 20
	-Min FAST threshold: 7


Loading ORB Vocabulary. This could take a while...
Vocabulary loaded!

Initialization of Atlas from scratch 
Creation of new map with id: 0
Creation of new map with last KF id: 0
Seq. Name: 
There are 1 cameras in the atlas
Camera 0 is pinhole
Net use yolo-fastest

-------
Start processing sequence ...
Images in the sequence: 469

First KF:0; Map init KF:0
New Map created with 1122 points
Average processing time of GrabImageRGBD(): 49.4971ms
Frame 0 end
Average processing time of GrabImageRGBD(): 41.9416ms
Frame 1 end
Average processing time of GrabImageRGBD(): 38.2114ms
Frame 2 end
Average processing time of GrabImageRGBD(): 31.9596ms
Frame 3 end
Average processing time of GrabImageRGBD(): 27.9159ms
Frame 4 end
Average processing time of GrabImageRGBD(): 25.523ms
Frame 5 end
Average processing time of GrabImageRGBD(): 23.0143ms
Frame 6 end
Starting the Viewer
Average processing time of GrabImageRGBD(): 24.7378ms
Frame 7 end
Average processing time of GrabImageRGBD(): 23.7378ms
Frame 8 end
Average processing time of GrabImageRGBD(): 22.3712ms
Frame 9 end
Average processing time of GrabImageRGBD(): 21.4694ms
Frame 10 end
Average processing time of GrabImageRGBD(): 20.3343ms
Frame 11 end
Average processing time of GrabImageRGBD(): 19.7716ms
Frame 12 end
Average processing time of GrabImageRGBD(): 19.2632ms
Frame 13 end
Average processing time of GrabImageRGBD(): 18.6787ms
Frame 14 end
Average processing time of GrabImageRGBD(): 18.1145ms
Frame 15 end
Average processing time of GrabImageRGBD(): 17.7746ms
Frame 16 end
Average processing time of GrabImageRGBD(): 17.4607ms
Frame 17 end
Average processing time of GrabImageRGBD(): 17.0729ms
Frame 18 end
Average processing time of GrabImageRGBD(): 16.8977ms
Frame 19 end
Average processing time of GrabImageRGBD(): 16.6776ms
Frame 20 end
Average processing time of GrabImageRGBD(): 17.4253ms
Frame 21 end
Average processing time of GrabImageRGBD(): 17.2609ms
Frame 22 end
Average processing time of GrabImageRGBD(): 17.9085ms
Frame 23 end
Average processing time of GrabImageRGBD(): 17.6066ms
Frame 24 end
Average processing time of GrabImageRGBD(): 17.4258ms
Frame 25 end
Average processing time of GrabImageRGBD(): 17.1941ms
Frame 26 end
Average processing time of GrabImageRGBD(): 17.0316ms
Frame 27 end
Average processing time of GrabImageRGBD(): 16.8952ms
Frame 28 end
Average processing time of GrabImageRGBD(): 17.4484ms
Frame 29 end
Average processing time of GrabImageRGBD(): 17.3516ms
Frame 30 end
Average processing time of GrabImageRGBD(): 17.8303ms
Frame 31 end
Average processing time of GrabImageRGBD(): 17.6776ms
Frame 32 end
Average processing time of GrabImageRGBD(): 17.4785ms
Frame 33 end
Average processing time of GrabImageRGBD(): 17.9633ms
Frame 34 end
Average processing time of GrabImageRGBD(): 17.8879ms
Frame 35 end
Average processing time of GrabImageRGBD(): 17.7562ms
Frame 36 end
Average processing time of GrabImageRGBD(): 17.6297ms
Frame 37 end
Average processing time of GrabImageRGBD(): 17.4878ms
Frame 38 end
Average processing time of GrabImageRGBD(): 17.876ms
Frame 39 end
Average processing time of GrabImageRGBD(): 17.7412ms
Frame 40 end
Average processing time of GrabImageRGBD(): 17.6131ms
Frame 41 end
Average processing time of GrabImageRGBD(): 17.5003ms
Frame 42 end
Average processing time of GrabImageRGBD(): 17.8178ms
Frame 43 end
Average processing time of GrabImageRGBD(): 17.7193ms
Frame 44 end
Average processing time of GrabImageRGBD(): 17.5658ms
Frame 45 end
Average processing time of GrabImageRGBD(): 17.4425ms
Frame 46 end
Average processing time of GrabImageRGBD(): 17.7319ms
Frame 47 end
Average processing time of GrabImageRGBD(): 17.5979ms
Frame 48 end
Average processing time of GrabImageRGBD(): 17.899ms
Frame 49 end
Average processing time of GrabImageRGBD(): 17.7985ms
Frame 50 end
Average processing time of GrabImageRGBD(): 18.1032ms
Frame 51 end
Average processing time of GrabImageRGBD(): 18.0254ms
Frame 52 end
Average processing time of GrabImageRGBD(): 17.9239ms
Frame 53 end
Average processing time of GrabImageRGBD(): 18.168ms
Frame 54 end
Average processing time of GrabImageRGBD(): 18.0416ms
Frame 55 end
Average processing time of GrabImageRGBD(): 17.9447ms
Frame 56 end
Average processing time of GrabImageRGBD(): 18.1399ms
Frame 57 end
Average processing time of GrabImageRGBD(): 18.0829ms
Frame 58 end
Average processing time of GrabImageRGBD(): 18.0016ms
Frame 59 end
Average processing time of GrabImageRGBD(): 18.2301ms
Frame 60 end
Average processing time of GrabImageRGBD(): 18.1608ms
Frame 61 end
Average processing time of GrabImageRGBD(): 18.0364ms
Frame 62 end
Average processing time of GrabImageRGBD(): 18.278ms
Frame 63 end
Average processing time of GrabImageRGBD(): 18.1986ms
Frame 64 end
Average processing time of GrabImageRGBD(): 18.1173ms
Frame 65 end
Average processing time of GrabImageRGBD(): 18.3607ms
Frame 66 end
Average processing time of GrabImageRGBD(): 18.2812ms
Frame 67 end
Average processing time of GrabImageRGBD(): 18.2025ms
Frame 68 end
Average processing time of GrabImageRGBD(): 18.5622ms
Frame 69 end
Average processing time of GrabImageRGBD(): 18.4953ms
Frame 70 end
Average processing time of GrabImageRGBD(): 18.4297ms
Frame 71 end
Average processing time of GrabImageRGBD(): 18.3757ms
Frame 72 end
Average processing time of GrabImageRGBD(): 18.5784ms
Frame 73 end
Average processing time of GrabImageRGBD(): 18.5021ms
Frame 74 end
Average processing time of GrabImageRGBD(): 18.4402ms
Frame 75 end
Average processing time of GrabImageRGBD(): 18.3679ms
Frame 76 end
Average processing time of GrabImageRGBD(): 18.2872ms
Frame 77 end
Average processing time of GrabImageRGBD(): 18.1838ms
Frame 78 end
Average processing time of GrabImageRGBD(): 18.0539ms
Frame 79 end
Average processing time of GrabImageRGBD(): 17.9815ms
Frame 80 end
Average processing time of GrabImageRGBD(): 17.9114ms
Frame 81 end
Average processing time of GrabImageRGBD(): 17.8293ms
Frame 82 end
Average processing time of GrabImageRGBD(): 17.7735ms
Frame 83 end
Average processing time of GrabImageRGBD(): 17.7058ms
Frame 84 end
Average processing time of GrabImageRGBD(): 17.6184ms
Frame 85 end
Average processing time of GrabImageRGBD(): 17.5553ms
Frame 86 end
Average processing time of GrabImageRGBD(): 17.8526ms
Frame 87 end
Average processing time of GrabImageRGBD(): 17.8222ms
Frame 88 end
Average processing time of GrabImageRGBD(): 17.764ms
Frame 89 end
Average processing time of GrabImageRGBD(): 17.948ms
Frame 90 end
Average processing time of GrabImageRGBD(): 17.8665ms
Frame 91 end
Average processing time of GrabImageRGBD(): 17.8332ms
Frame 92 end
Average processing time of GrabImageRGBD(): 18.029ms
Frame 93 end
Average processing time of GrabImageRGBD(): 17.9649ms
Frame 94 end
Average processing time of GrabImageRGBD(): 17.9137ms
Frame 95 end
Average processing time of GrabImageRGBD(): 17.8457ms
Frame 96 end
Average processing time of GrabImageRGBD(): 18.0152ms
Frame 97 end
Average processing time of GrabImageRGBD(): 17.9758ms
Frame 98 end
Average processing time of GrabImageRGBD(): 17.9275ms
Frame 99 end
Average processing time of GrabImageRGBD(): 17.8933ms
Frame 100 end
Average processing time of GrabImageRGBD(): 18.0661ms
Frame 101 end
Average processing time of GrabImageRGBD(): 17.9944ms
Frame 102 end
Average processing time of GrabImageRGBD(): 17.9396ms
Frame 103 end
Average processing time of GrabImageRGBD(): 17.8709ms
Frame 104 end
Average processing time of GrabImageRGBD(): 17.82ms
Frame 105 end
Average processing time of GrabImageRGBD(): 17.9707ms
Frame 106 end
Average processing time of GrabImageRGBD(): 17.9176ms
Frame 107 end
Average processing time of GrabImageRGBD(): 17.8734ms
Frame 108 end
Average processing time of GrabImageRGBD(): 17.7996ms
Frame 109 end
Average processing time of GrabImageRGBD(): 17.9687ms
Frame 110 end
Average processing time of GrabImageRGBD(): 17.9165ms
Frame 111 end
Average processing time of GrabImageRGBD(): 17.8356ms
Frame 112 end
Average processing time of GrabImageRGBD(): 17.7802ms
Frame 113 end
Average processing time of GrabImageRGBD(): 17.9533ms
Frame 114 end
Average processing time of GrabImageRGBD(): 17.9194ms
Frame 115 end
Average processing time of GrabImageRGBD(): 17.8571ms
Frame 116 end
Average processing time of GrabImageRGBD(): 17.8329ms
Frame 117 end
Average processing time of GrabImageRGBD(): 17.7941ms
Frame 118 end
Average processing time of GrabImageRGBD(): 17.7614ms
Frame 119 end
Average processing time of GrabImageRGBD(): 17.7015ms
Frame 120 end
Average processing time of GrabImageRGBD(): 17.9461ms
Frame 121 end
Average processing time of GrabImageRGBD(): 17.9165ms
Frame 122 end
Average processing time of GrabImageRGBD(): 17.8797ms
Frame 123 end
Average processing time of GrabImageRGBD(): 17.8461ms
Frame 124 end
Average processing time of GrabImageRGBD(): 17.9989ms
Frame 125 end
Average processing time of GrabImageRGBD(): 17.9451ms
Frame 126 end
Average processing time of GrabImageRGBD(): 17.9198ms
Frame 127 end
Average processing time of GrabImageRGBD(): 17.8915ms
Frame 128 end
Average processing time of GrabImageRGBD(): 17.8586ms
Frame 129 end
Average processing time of GrabImageRGBD(): 17.8259ms
Frame 130 end
Average processing time of GrabImageRGBD(): 17.7922ms
Frame 131 end
Average processing time of GrabImageRGBD(): 17.7522ms
Frame 132 end
Average processing time of GrabImageRGBD(): 17.8723ms
Frame 133 end
Average processing time of GrabImageRGBD(): 17.8455ms
Frame 134 end
Average processing time of GrabImageRGBD(): 17.8153ms
Frame 135 end
Average processing time of GrabImageRGBD(): 17.7929ms
Frame 136 end
Average processing time of GrabImageRGBD(): 17.7462ms
Frame 137 end
Average processing time of GrabImageRGBD(): 17.75ms
Frame 138 end
Average processing time of GrabImageRGBD(): 17.7237ms
Frame 139 end
Average processing time of GrabImageRGBD(): 17.8646ms
Frame 140 end
Average processing time of GrabImageRGBD(): 17.8504ms
Frame 141 end
Average processing time of GrabImageRGBD(): 17.8256ms
Frame 142 end
Average processing time of GrabImageRGBD(): 17.781ms
Frame 143 end
Average processing time of GrabImageRGBD(): 17.754ms
Frame 144 end
Average processing time of GrabImageRGBD(): 17.7279ms
Frame 145 end
Average processing time of GrabImageRGBD(): 17.6857ms
Frame 146 end
Average processing time of GrabImageRGBD(): 17.6505ms
Frame 147 end
Average processing time of GrabImageRGBD(): 17.7548ms
Frame 148 end
Average processing time of GrabImageRGBD(): 17.7338ms
Frame 149 end
Average processing time of GrabImageRGBD(): 17.6966ms
Frame 150 end
Average processing time of GrabImageRGBD(): 17.6736ms
Frame 151 end
Average processing time of GrabImageRGBD(): 17.6449ms
Frame 152 end
Average processing time of GrabImageRGBD(): 17.7419ms
Frame 153 end
Average processing time of GrabImageRGBD(): 17.7193ms
Frame 154 end
Average processing time of GrabImageRGBD(): 17.6661ms
Frame 155 end
Average processing time of GrabImageRGBD(): 17.6357ms
Frame 156 end
Average processing time of GrabImageRGBD(): 17.6128ms
Frame 157 end
Average processing time of GrabImageRGBD(): 17.7059ms
Frame 158 end
Average processing time of GrabImageRGBD(): 17.6694ms
Frame 159 end
Average processing time of GrabImageRGBD(): 17.6414ms
Frame 160 end
Average processing time of GrabImageRGBD(): 17.6133ms
Frame 161 end
Average processing time of GrabImageRGBD(): 17.5754ms
Frame 162 end
Average processing time of GrabImageRGBD(): 17.671ms
Frame 163 end
Average processing time of GrabImageRGBD(): 17.6567ms
Frame 164 end
Average processing time of GrabImageRGBD(): 17.6123ms
Frame 165 end
Average processing time of GrabImageRGBD(): 17.5753ms
Frame 166 end
Average processing time of GrabImageRGBD(): 17.5462ms
Frame 167 end
Average processing time of GrabImageRGBD(): 17.6481ms
Frame 168 end
Average processing time of GrabImageRGBD(): 17.628ms
Frame 169 end
Average processing time of GrabImageRGBD(): 17.6067ms
Frame 170 end
Average processing time of GrabImageRGBD(): 17.5848ms
Frame 171 end
Average processing time of GrabImageRGBD(): 17.549ms
Frame 172 end
Average processing time of GrabImageRGBD(): 17.5272ms
Frame 173 end
Average processing time of GrabImageRGBD(): 17.6304ms
Frame 174 end
Average processing time of GrabImageRGBD(): 17.6055ms
Frame 175 end
Average processing time of GrabImageRGBD(): 17.5792ms
Frame 176 end
Average processing time of GrabImageRGBD(): 17.5699ms
Frame 177 end
Average processing time of GrabImageRGBD(): 17.5449ms
Frame 178 end
Average processing time of GrabImageRGBD(): 17.52ms
Frame 179 end
Average processing time of GrabImageRGBD(): 17.4837ms
Frame 180 end
Average processing time of GrabImageRGBD(): 17.4573ms
Frame 181 end
Average processing time of GrabImageRGBD(): 17.4257ms
Frame 182 end
Average processing time of GrabImageRGBD(): 17.3989ms
Frame 183 end
Average processing time of GrabImageRGBD(): 17.5005ms
Frame 184 end
Average processing time of GrabImageRGBD(): 17.4764ms
Frame 185 end
Average processing time of GrabImageRGBD(): 17.4554ms
Frame 186 end
Average processing time of GrabImageRGBD(): 17.421ms
Frame 187 end
Average processing time of GrabImageRGBD(): 17.3999ms
Frame 188 end
Average processing time of GrabImageRGBD(): 17.3797ms
Frame 189 end
Average processing time of GrabImageRGBD(): 17.3427ms
Frame 190 end
Average processing time of GrabImageRGBD(): 17.445ms
Frame 191 end
Average processing time of GrabImageRGBD(): 17.4304ms
Frame 192 end
Average processing time of GrabImageRGBD(): 17.4125ms
Frame 193 end
Average processing time of GrabImageRGBD(): 17.3984ms
Frame 194 end
Average processing time of GrabImageRGBD(): 17.377ms
Frame 195 end
Average processing time of GrabImageRGBD(): 17.3538ms
Frame 196 end
Average processing time of GrabImageRGBD(): 17.4392ms
Frame 197 end
Average processing time of GrabImageRGBD(): 17.4223ms
Frame 198 end
Average processing time of GrabImageRGBD(): 17.3946ms
Frame 199 end
Average processing time of GrabImageRGBD(): 17.3773ms
Frame 200 end
Average processing time of GrabImageRGBD(): 17.3521ms
Frame 201 end
Average processing time of GrabImageRGBD(): 17.3331ms
Frame 202 end
Average processing time of GrabImageRGBD(): 17.4766ms
Frame 203 end
Average processing time of GrabImageRGBD(): 17.453ms
Frame 204 end
Average processing time of GrabImageRGBD(): 17.432ms
Frame 205 end
Average processing time of GrabImageRGBD(): 17.4132ms
Frame 206 end
Average processing time of GrabImageRGBD(): 17.3835ms
Frame 207 end
Average processing time of GrabImageRGBD(): 17.3634ms
Frame 208 end
Average processing time of GrabImageRGBD(): 17.4513ms
Frame 209 end
Average processing time of GrabImageRGBD(): 17.4206ms
Frame 210 end
Average processing time of GrabImageRGBD(): 17.396ms
Frame 211 end
Average processing time of GrabImageRGBD(): 17.3731ms
Frame 212 end
Average processing time of GrabImageRGBD(): 17.3452ms
Frame 213 end
Average processing time of GrabImageRGBD(): 17.4255ms
Frame 214 end
Average processing time of GrabImageRGBD(): 17.4051ms
Frame 215 end
Average processing time of GrabImageRGBD(): 17.501ms
Frame 216 end
Average processing time of GrabImageRGBD(): 17.5786ms
Frame 217 end
Average processing time of GrabImageRGBD(): 17.5555ms
Frame 218 end
Average processing time of GrabImageRGBD(): 17.6472ms
Frame 219 end
Average processing time of GrabImageRGBD(): 17.7182ms
Frame 220 end
Average processing time of GrabImageRGBD(): 17.6944ms
Frame 221 end
Average processing time of GrabImageRGBD(): 17.6472ms
Frame 222 end
Average processing time of GrabImageRGBD(): 17.6016ms
Frame 223 end
Average processing time of GrabImageRGBD(): 17.5719ms
Frame 224 end
Average processing time of GrabImageRGBD(): 17.5395ms
Frame 225 end
Average processing time of GrabImageRGBD(): 17.6033ms
Frame 226 end
Average processing time of GrabImageRGBD(): 17.5825ms
Frame 227 end
Average processing time of GrabImageRGBD(): 17.5616ms
Frame 228 end
Average processing time of GrabImageRGBD(): 17.5379ms
Frame 229 end
Average processing time of GrabImageRGBD(): 17.523ms
Frame 230 end
Average processing time of GrabImageRGBD(): 17.5005ms
Frame 231 end
Average processing time of GrabImageRGBD(): 17.5697ms
Frame 232 end
Average processing time of GrabImageRGBD(): 17.5327ms
Frame 233 end
Average processing time of GrabImageRGBD(): 17.4742ms
Frame 234 end
Average processing time of GrabImageRGBD(): 17.4191ms
Frame 235 end
Average processing time of GrabImageRGBD(): 17.3979ms
Frame 236 end
Average processing time of GrabImageRGBD(): 17.3769ms
Frame 237 end
Average processing time of GrabImageRGBD(): 17.4507ms
Frame 238 end
Average processing time of GrabImageRGBD(): 17.4347ms
Frame 239 end
Average processing time of GrabImageRGBD(): 17.4167ms
Frame 240 end
Average processing time of GrabImageRGBD(): 17.398ms
Frame 241 end
Average processing time of GrabImageRGBD(): 17.3741ms
Frame 242 end
Average processing time of GrabImageRGBD(): 17.3523ms
Frame 243 end
Average processing time of GrabImageRGBD(): 17.335ms
Frame 244 end
Average processing time of GrabImageRGBD(): 17.4011ms
Frame 245 end
Average processing time of GrabImageRGBD(): 17.3842ms
Frame 246 end
Average processing time of GrabImageRGBD(): 17.3434ms
Frame 247 end
Average processing time of GrabImageRGBD(): 17.3193ms
Frame 248 end
Average processing time of GrabImageRGBD(): 17.2987ms
Frame 249 end
Average processing time of GrabImageRGBD(): 17.3662ms
Frame 250 end
Average processing time of GrabImageRGBD(): 17.346ms
Frame 251 end
Average processing time of GrabImageRGBD(): 17.3316ms
Frame 252 end
Average processing time of GrabImageRGBD(): 17.3033ms
Frame 253 end
Average processing time of GrabImageRGBD(): 17.2748ms
Frame 254 end
Average processing time of GrabImageRGBD(): 17.2452ms
Frame 255 end
Average processing time of GrabImageRGBD(): 17.2083ms
Frame 256 end
Average processing time of GrabImageRGBD(): 17.1785ms
Frame 257 end
Average processing time of GrabImageRGBD(): 17.2477ms
Frame 258 end
Average processing time of GrabImageRGBD(): 17.2338ms
Frame 259 end
Average processing time of GrabImageRGBD(): 17.2192ms
Frame 260 end
Average processing time of GrabImageRGBD(): 17.1909ms
Frame 261 end
Average processing time of GrabImageRGBD(): 17.1536ms
Frame 262 end
Average processing time of GrabImageRGBD(): 17.1286ms
Frame 263 end
Average processing time of GrabImageRGBD(): 17.1899ms
Frame 264 end
Average processing time of GrabImageRGBD(): 17.1649ms
Frame 265 end
Average processing time of GrabImageRGBD(): 17.1354ms
Frame 266 end
Average processing time of GrabImageRGBD(): 17.1201ms
Frame 267 end
Average processing time of GrabImageRGBD(): 17.1001ms
Frame 268 end
Average processing time of GrabImageRGBD(): 17.0842ms
Frame 269 end
Average processing time of GrabImageRGBD(): 17.0621ms
Frame 270 end
Average processing time of GrabImageRGBD(): 17.1156ms
Frame 271 end
Average processing time of GrabImageRGBD(): 17.1043ms
Frame 272 end
Average processing time of GrabImageRGBD(): 17.0898ms
Frame 273 end
Average processing time of GrabImageRGBD(): 17.0742ms
Frame 274 end
Average processing time of GrabImageRGBD(): 17.0558ms
Frame 275 end
Average processing time of GrabImageRGBD(): 17.034ms
Frame 276 end
Average processing time of GrabImageRGBD(): 17.0319ms
Frame 277 end
Average processing time of GrabImageRGBD(): 17.0883ms
Frame 278 end
Average processing time of GrabImageRGBD(): 17.0714ms
Frame 279 end
Average processing time of GrabImageRGBD(): 17.0552ms
Frame 280 end
Average processing time of GrabImageRGBD(): 17.0445ms
Frame 281 end
Average processing time of GrabImageRGBD(): 17.0231ms
Frame 282 end
Average processing time of GrabImageRGBD(): 16.9948ms
Frame 283 end
Average processing time of GrabImageRGBD(): 16.9814ms
Frame 284 end
Average processing time of GrabImageRGBD(): 17.0446ms
Frame 285 end
Average processing time of GrabImageRGBD(): 17.0299ms
Frame 286 end
Average processing time of GrabImageRGBD(): 17.0043ms
Frame 287 end
Average processing time of GrabImageRGBD(): 16.9848ms
Frame 288 end
Average processing time of GrabImageRGBD(): 16.969ms
Frame 289 end
Average processing time of GrabImageRGBD(): 16.9442ms
Frame 290 end
Average processing time of GrabImageRGBD(): 16.9217ms
Frame 291 end
Average processing time of GrabImageRGBD(): 16.9085ms
Frame 292 end
Average processing time of GrabImageRGBD(): 16.9687ms
Frame 293 end
Average processing time of GrabImageRGBD(): 16.9414ms
Frame 294 end
Average processing time of GrabImageRGBD(): 16.9195ms
Frame 295 end
Average processing time of GrabImageRGBD(): 16.9052ms
Frame 296 end
Average processing time of GrabImageRGBD(): 16.8921ms
Frame 297 end
Average processing time of GrabImageRGBD(): 16.873ms
Frame 298 end
Average processing time of GrabImageRGBD(): 16.8464ms
Frame 299 end
Average processing time of GrabImageRGBD(): 16.8324ms
Frame 300 end
Average processing time of GrabImageRGBD(): 16.8904ms
Frame 301 end
Average processing time of GrabImageRGBD(): 16.8651ms
Frame 302 end
Average processing time of GrabImageRGBD(): 16.8495ms
Frame 303 end
Average processing time of GrabImageRGBD(): 16.8378ms
Frame 304 end
Average processing time of GrabImageRGBD(): 16.8248ms
Frame 305 end
Average processing time of GrabImageRGBD(): 16.8129ms
Frame 306 end
Average processing time of GrabImageRGBD(): 16.7798ms
Frame 307 end
Average processing time of GrabImageRGBD(): 16.7637ms
Frame 308 end
Average processing time of GrabImageRGBD(): 16.8197ms
Frame 309 end
Average processing time of GrabImageRGBD(): 16.8047ms
Frame 310 end
Average processing time of GrabImageRGBD(): 16.7908ms
Frame 311 end
Average processing time of GrabImageRGBD(): 16.774ms
Frame 312 end
Average processing time of GrabImageRGBD(): 16.7521ms
Frame 313 end
Average processing time of GrabImageRGBD(): 16.7404ms
Frame 314 end
Average processing time of GrabImageRGBD(): 16.731ms
Frame 315 end
Average processing time of GrabImageRGBD(): 16.7144ms
Frame 316 end
Average processing time of GrabImageRGBD(): 16.7731ms
Frame 317 end
Average processing time of GrabImageRGBD(): 16.7576ms
Frame 318 end
Average processing time of GrabImageRGBD(): 16.7403ms
Frame 319 end
Average processing time of GrabImageRGBD(): 16.7292ms
Frame 320 end
Average processing time of GrabImageRGBD(): 16.7883ms
Frame 321 end
Average processing time of GrabImageRGBD(): 16.7809ms
Frame 322 end
Average processing time of GrabImageRGBD(): 16.7728ms
Frame 323 end
Average processing time of GrabImageRGBD(): 16.7576ms
Frame 324 end
Average processing time of GrabImageRGBD(): 16.7465ms
Frame 325 end
Average processing time of GrabImageRGBD(): 16.7335ms
Frame 326 end
Average processing time of GrabImageRGBD(): 16.7175ms
Frame 327 end
Average processing time of GrabImageRGBD(): 16.7068ms
Frame 328 end
Average processing time of GrabImageRGBD(): 16.6961ms
Frame 329 end
Average processing time of GrabImageRGBD(): 16.7518ms
Frame 330 end
Average processing time of GrabImageRGBD(): 16.7391ms
Frame 331 end
Average processing time of GrabImageRGBD(): 16.7306ms
Frame 332 end
Average processing time of GrabImageRGBD(): 16.7193ms
Frame 333 end
Average processing time of GrabImageRGBD(): 16.7035ms
Frame 334 end
Average processing time of GrabImageRGBD(): 16.6842ms
Frame 335 end
Average processing time of GrabImageRGBD(): 16.6747ms
Frame 336 end
Average processing time of GrabImageRGBD(): 16.6632ms
Frame 337 end
Average processing time of GrabImageRGBD(): 16.721ms
Frame 338 end
Average processing time of GrabImageRGBD(): 16.7044ms
Frame 339 end
Average processing time of GrabImageRGBD(): 16.6938ms
Frame 340 end
Average processing time of GrabImageRGBD(): 16.6709ms
Frame 341 end
Average processing time of GrabImageRGBD(): 16.6609ms
Frame 342 end
Average processing time of GrabImageRGBD(): 16.6515ms
Frame 343 end
Average processing time of GrabImageRGBD(): 16.6415ms
Frame 344 end
Average processing time of GrabImageRGBD(): 16.6384ms
Frame 345 end
Average processing time of GrabImageRGBD(): 16.6356ms
Frame 346 end
Average processing time of GrabImageRGBD(): 16.6873ms
Frame 347 end
Average processing time of GrabImageRGBD(): 16.678ms
Frame 348 end
Average processing time of GrabImageRGBD(): 16.6484ms
Frame 349 end
Average processing time of GrabImageRGBD(): 16.6282ms
Frame 350 end
Average processing time of GrabImageRGBD(): 16.6092ms
Frame 351 end
Average processing time of GrabImageRGBD(): 16.5903ms
Frame 352 end
Average processing time of GrabImageRGBD(): 16.5626ms
Frame 353 end
Average processing time of GrabImageRGBD(): 16.5443ms
Frame 354 end
Average processing time of GrabImageRGBD(): 16.6342ms
Frame 355 end
Average processing time of GrabImageRGBD(): 16.6291ms
Frame 356 end
Average processing time of GrabImageRGBD(): 16.6219ms
Frame 357 end
Average processing time of GrabImageRGBD(): 16.6079ms
Frame 358 end
Average processing time of GrabImageRGBD(): 16.587ms
Frame 359 end
Average processing time of GrabImageRGBD(): 16.5724ms
Frame 360 end
Average processing time of GrabImageRGBD(): 16.561ms
Frame 361 end
Average processing time of GrabImageRGBD(): 16.5395ms
Frame 362 end
Average processing time of GrabImageRGBD(): 16.5331ms
Frame 363 end
Average processing time of GrabImageRGBD(): 16.6102ms
Frame 364 end
Average processing time of GrabImageRGBD(): 16.5993ms
Frame 365 end
Average processing time of GrabImageRGBD(): 16.5747ms
Frame 366 end
Average processing time of GrabImageRGBD(): 16.5646ms
Frame 367 end
Average processing time of GrabImageRGBD(): 16.5524ms
Frame 368 end
Average processing time of GrabImageRGBD(): 16.5404ms
Frame 369 end
Average processing time of GrabImageRGBD(): 16.5295ms
Frame 370 end
Average processing time of GrabImageRGBD(): 16.5028ms
Frame 371 end
Average processing time of GrabImageRGBD(): 16.4843ms
Frame 372 end
Average processing time of GrabImageRGBD(): 16.5345ms
Frame 373 end
Average processing time of GrabImageRGBD(): 16.5286ms
Frame 374 end
Average processing time of GrabImageRGBD(): 16.5091ms
Frame 375 end
Average processing time of GrabImageRGBD(): 16.4986ms
Frame 376 end
Average processing time of GrabImageRGBD(): 16.4916ms
Frame 377 end
Average processing time of GrabImageRGBD(): 16.4713ms
Frame 378 end
Average processing time of GrabImageRGBD(): 16.4587ms
Frame 379 end
Average processing time of GrabImageRGBD(): 16.4462ms
Frame 380 end
Average processing time of GrabImageRGBD(): 16.435ms
Frame 381 end
Average processing time of GrabImageRGBD(): 16.488ms
Frame 382 end
Average processing time of GrabImageRGBD(): 16.4762ms
Frame 383 end
Average processing time of GrabImageRGBD(): 16.4677ms
Frame 384 end
Average processing time of GrabImageRGBD(): 16.4452ms
Frame 385 end
Average processing time of GrabImageRGBD(): 16.4368ms
Frame 386 end
Average processing time of GrabImageRGBD(): 16.4174ms
Frame 387 end
Average processing time of GrabImageRGBD(): 16.4061ms
Frame 388 end
Average processing time of GrabImageRGBD(): 16.393ms
Frame 389 end
Average processing time of GrabImageRGBD(): 16.3678ms
Frame 390 end
Average processing time of GrabImageRGBD(): 16.4183ms
Frame 391 end
Average processing time of GrabImageRGBD(): 16.4063ms
Frame 392 end
Average processing time of GrabImageRGBD(): 16.4025ms
Frame 393 end
Average processing time of GrabImageRGBD(): 16.3977ms
Frame 394 end
Average processing time of GrabImageRGBD(): 16.3899ms
Frame 395 end
Average processing time of GrabImageRGBD(): 16.3775ms
Frame 396 end
Average processing time of GrabImageRGBD(): 16.3666ms
Frame 397 end
Average processing time of GrabImageRGBD(): 16.3487ms
Frame 398 end
Average processing time of GrabImageRGBD(): 16.402ms
Frame 399 end
Average processing time of GrabImageRGBD(): 16.3902ms
Frame 400 end
Average processing time of GrabImageRGBD(): 16.3822ms
Frame 401 end
Average processing time of GrabImageRGBD(): 16.3705ms
Frame 402 end
Average processing time of GrabImageRGBD(): 16.3617ms
Frame 403 end
Average processing time of GrabImageRGBD(): 16.3508ms
Frame 404 end
Average processing time of GrabImageRGBD(): 16.3354ms
Frame 405 end
Average processing time of GrabImageRGBD(): 16.3281ms
Frame 406 end
Average processing time of GrabImageRGBD(): 16.3185ms
Frame 407 end
Average processing time of GrabImageRGBD(): 16.307ms
Frame 408 end
Average processing time of GrabImageRGBD(): 16.3597ms
Frame 409 end
Average processing time of GrabImageRGBD(): 16.3626ms
Frame 410 end
Average processing time of GrabImageRGBD(): 16.349ms
Frame 411 end
Average processing time of GrabImageRGBD(): 16.3391ms
Frame 412 end
Average processing time of GrabImageRGBD(): 16.3189ms
Frame 413 end
Average processing time of GrabImageRGBD(): 16.3109ms
Frame 414 end
Average processing time of GrabImageRGBD(): 16.2984ms
Frame 415 end
Average processing time of GrabImageRGBD(): 16.2868ms
Frame 416 end
Average processing time of GrabImageRGBD(): 16.2745ms
Frame 417 end
Average processing time of GrabImageRGBD(): 16.3224ms
Frame 418 end
Average processing time of GrabImageRGBD(): 16.313ms
Frame 419 end
Average processing time of GrabImageRGBD(): 16.3015ms
Frame 420 end
Average processing time of GrabImageRGBD(): 16.2906ms
Frame 421 end
Average processing time of GrabImageRGBD(): 16.2741ms
Frame 422 end
Average processing time of GrabImageRGBD(): 16.2621ms
Frame 423 end
Average processing time of GrabImageRGBD(): 16.2483ms
Frame 424 end
Average processing time of GrabImageRGBD(): 16.2363ms
Frame 425 end
Average processing time of GrabImageRGBD(): 16.2219ms
Frame 426 end
Average processing time of GrabImageRGBD(): 16.269ms
Frame 427 end
Average processing time of GrabImageRGBD(): 16.2575ms
Frame 428 end
Average processing time of GrabImageRGBD(): 16.2455ms
Frame 429 end
Average processing time of GrabImageRGBD(): 16.2344ms
Frame 430 end
Average processing time of GrabImageRGBD(): 16.2334ms
Frame 431 end
Average processing time of GrabImageRGBD(): 16.2169ms
Frame 432 end
Average processing time of GrabImageRGBD(): 16.2098ms
Frame 433 end
Average processing time of GrabImageRGBD(): 16.2022ms
Frame 434 end
Average processing time of GrabImageRGBD(): 16.195ms
Frame 435 end
Average processing time of GrabImageRGBD(): 16.2443ms
Frame 436 end
Average processing time of GrabImageRGBD(): 16.2362ms
Frame 437 end
Average processing time of GrabImageRGBD(): 16.2285ms
Frame 438 end
Average processing time of GrabImageRGBD(): 16.218ms
Frame 439 end
Average processing time of GrabImageRGBD(): 16.2085ms
Frame 440 end
Average processing time of GrabImageRGBD(): 16.2031ms
Frame 441 end
Average processing time of GrabImageRGBD(): 16.1934ms
Frame 442 end
Average processing time of GrabImageRGBD(): 16.176ms
Frame 443 end
Average processing time of GrabImageRGBD(): 16.1695ms
Frame 444 end
Average processing time of GrabImageRGBD(): 16.1606ms
Frame 445 end
Average processing time of GrabImageRGBD(): 16.2009ms
Frame 446 end
Average processing time of GrabImageRGBD(): 16.1934ms
Frame 447 end
Average processing time of GrabImageRGBD(): 16.1832ms
Frame 448 end
Average processing time of GrabImageRGBD(): 16.1791ms
Frame 449 end
Average processing time of GrabImageRGBD(): 16.1706ms
Frame 450 end
Average processing time of GrabImageRGBD(): 16.162ms
Frame 451 end
Average processing time of GrabImageRGBD(): 16.146ms
Frame 452 end
Average processing time of GrabImageRGBD(): 16.1373ms
Frame 453 end
Average processing time of GrabImageRGBD(): 16.1293ms
Frame 454 end
Average processing time of GrabImageRGBD(): 16.1184ms
Frame 455 end
Average processing time of GrabImageRGBD(): 16.1079ms
Frame 456 end
Average processing time of GrabImageRGBD(): 16.0903ms
Frame 457 end
Average processing time of GrabImageRGBD(): 16.0809ms
Frame 458 end
Average processing time of GrabImageRGBD(): 16.0692ms
Frame 459 end
Average processing time of GrabImageRGBD(): 16.0574ms
Frame 460 end
Average processing time of GrabImageRGBD(): 16.0451ms
Frame 461 end
Average processing time of GrabImageRGBD(): 16.0301ms
Frame 462 end
Average processing time of GrabImageRGBD(): 16.0203ms
Frame 463 end
Average processing time of GrabImageRGBD(): 16.0087ms
Frame 464 end
Average processing time of GrabImageRGBD(): 15.9916ms
Frame 465 end
Average processing time of GrabImageRGBD(): 16.0398ms
Frame 466 end
Average processing time of GrabImageRGBD(): 16.0328ms
Frame 467 end
Average processing time of GrabImageRGBD(): 16.0171ms
Frame 468 end
Shutdown
-------

median tracking time: 0.0135492
mean tracking time: 0.0168427

Saving camera trajectory to CameraTrajectory.txt ...

Saving keyframe trajectory to KeyFrameTrajectory.txt ...
