
ORB-SLAM3 Copyright (C) 2017-2020 Carlos Campos, Richard Elvira, Juan J. Gómez, José M.M. Montiel and Juan D. Tardós, University of Zaragoza.
ORB-SLAM2 Copyright (C) 2014-2016 Raúl Mur-Artal, José M.M. Montiel and Juan D. Tardós, University of Zaragoza.
This program comes with ABSOLUTELY NO WARRANTY;
This is free software, and you are welcome to redistribute it
under certain conditions. See LICENSE.txt.

Input sensor was set to: RGB-D
Loading settings from /home/bingxin/Downloads/NGD-SLAM/Examples/RGB-D/Bonn.yaml
Camera1.k3 optional parameter does not exist...
	-Loaded camera 1
Camera.newHeight optional parameter does not exist...
Camera.newWidth optional parameter does not exist...
	-Loaded image info
	-Loaded RGB-D calibration
	-Loaded ORB settings
Viewer.imageViewScale optional parameter does not exist...
	-Loaded viewer settings
System.LoadAtlasFromFile optional parameter does not exist...
System.SaveAtlasToFile optional parameter does not exist...
	-Loaded Atlas settings
System.thFarPoints optional parameter does not exist...
	-Loaded misc parameters
----------------------------------
SLAM settings: 
	-Camera 1 parameters (Pinhole): [ 542.823 542.577 315.594 237.756 ]
	-Camera 1 distortion parameters: [  0.039903 -0.099343 -0.00073 -0.000144 ]
	-Original image size: [ 640 , 480 ]
	-Current image size: [ 640 , 480 ]
	-Sequence FPS: 30
	-RGB-D depth map factor: 5000
	-Features per image: 1000
	-ORB scale factor: 1.2
	-ORB number of scales: 8
	-Initial FAST threshold: 20
	-Min FAST threshold: 7


Loading ORB Vocabulary. This could take a while...
Vocabulary loaded!

Initialization of Atlas from scratch 
Creation of new map with id: 0
Creation of new map with last KF id: 0
Seq. Name: 
There are 1 cameras in the atlas
Camera 0 is pinhole
Net use yolo-fastest

-------
Start processing sequence ...
Images in the sequence: 469

First KF:0; Map init KF:0
New Map created with 1122 points
Average processing time of GrabImageRGBD(): 46.6519ms
Frame 0 end
Average processing time of GrabImageRGBD(): 40.3742ms
Frame 1 end
Average processing time of GrabImageRGBD(): 37.1375ms
Frame 2 end
Average processing time of GrabImageRGBD(): 31.2498ms
Frame 3 end
Average processing time of GrabImageRGBD(): 27.3622ms
Frame 4 end
Average processing time of GrabImageRGBD(): 28.6627ms
Frame 5 end
Starting the Viewer
Average processing time of GrabImageRGBD(): 26.4502ms
Frame 6 end
Average processing time of GrabImageRGBD(): 24.6854ms
Frame 7 end
Average processing time of GrabImageRGBD(): 23.2339ms
Frame 8 end
Average processing time of GrabImageRGBD(): 22.1325ms
Frame 9 end
Average processing time of GrabImageRGBD(): 21.047ms
Frame 10 end
Average processing time of GrabImageRGBD(): 22.0513ms
Frame 11 end
Average processing time of GrabImageRGBD(): 21.3956ms
Frame 12 end
Average processing time of GrabImageRGBD(): 20.5933ms
Frame 13 end
Average processing time of GrabImageRGBD(): 20.0548ms
Frame 14 end
Average processing time of GrabImageRGBD(): 19.6211ms
Frame 15 end
Average processing time of GrabImageRGBD(): 19.1228ms
Frame 16 end
Average processing time of GrabImageRGBD(): 18.7519ms
Frame 17 end
Average processing time of GrabImageRGBD(): 18.4305ms
Frame 18 end
Average processing time of GrabImageRGBD(): 19.1441ms
Frame 19 end
Average processing time of GrabImageRGBD(): 18.8327ms
Frame 20 end
Average processing time of GrabImageRGBD(): 18.5452ms
Frame 21 end
Average processing time of GrabImageRGBD(): 18.3325ms
Frame 22 end
Average processing time of GrabImageRGBD(): 18.0558ms
Frame 23 end
Average processing time of GrabImageRGBD(): 17.8578ms
Frame 24 end
Average processing time of GrabImageRGBD(): 17.6035ms
Frame 25 end
Average processing time of GrabImageRGBD(): 17.4337ms
Frame 26 end
Average processing time of GrabImageRGBD(): 17.9661ms
Frame 27 end
Average processing time of GrabImageRGBD(): 17.7728ms
Frame 28 end
Average processing time of GrabImageRGBD(): 18.2977ms
Frame 29 end
Average processing time of GrabImageRGBD(): 18.1325ms
Frame 30 end
Average processing time of GrabImageRGBD(): 18.6456ms
Frame 31 end
Average processing time of GrabImageRGBD(): 18.4912ms
Frame 32 end
Average processing time of GrabImageRGBD(): 18.3045ms
Frame 33 end
Average processing time of GrabImageRGBD(): 18.1857ms
Frame 34 end
Average processing time of GrabImageRGBD(): 18.5022ms
Frame 35 end
Average processing time of GrabImageRGBD(): 18.3699ms
Frame 36 end
Average processing time of GrabImageRGBD(): 18.1927ms
Frame 37 end
Average processing time of GrabImageRGBD(): 18.045ms
Frame 38 end
Average processing time of GrabImageRGBD(): 17.8777ms
Frame 39 end
Average processing time of GrabImageRGBD(): 17.7031ms
Frame 40 end
Average processing time of GrabImageRGBD(): 18.0734ms
Frame 41 end
Average processing time of GrabImageRGBD(): 17.9701ms
Frame 42 end
Average processing time of GrabImageRGBD(): 17.8311ms
Frame 43 end
Average processing time of GrabImageRGBD(): 18.1967ms
Frame 44 end
Average processing time of GrabImageRGBD(): 18.0707ms
Frame 45 end
Average processing time of GrabImageRGBD(): 17.9734ms
Frame 46 end
Average processing time of GrabImageRGBD(): 18.2846ms
Frame 47 end
Average processing time of GrabImageRGBD(): 18.188ms
Frame 48 end
Average processing time of GrabImageRGBD(): 18.0473ms
Frame 49 end
Average processing time of GrabImageRGBD(): 18.3327ms
Frame 50 end
Average processing time of GrabImageRGBD(): 18.2485ms
Frame 51 end
Average processing time of GrabImageRGBD(): 18.5076ms
Frame 52 end
Average processing time of GrabImageRGBD(): 18.4033ms
Frame 53 end
Average processing time of GrabImageRGBD(): 18.2743ms
Frame 54 end
Average processing time of GrabImageRGBD(): 18.5066ms
Frame 55 end
Average processing time of GrabImageRGBD(): 18.4087ms
Frame 56 end
Average processing time of GrabImageRGBD(): 18.2208ms
Frame 57 end
Average processing time of GrabImageRGBD(): 18.4619ms
Frame 58 end
Average processing time of GrabImageRGBD(): 18.3708ms
Frame 59 end
Average processing time of GrabImageRGBD(): 18.2641ms
Frame 60 end
Average processing time of GrabImageRGBD(): 18.5092ms
Frame 61 end
Average processing time of GrabImageRGBD(): 18.35ms
Frame 62 end
Average processing time of GrabImageRGBD(): 18.2259ms
Frame 63 end
Average processing time of GrabImageRGBD(): 18.6182ms
Frame 64 end
Average processing time of GrabImageRGBD(): 18.5371ms
Frame 65 end
Average processing time of GrabImageRGBD(): 18.4559ms
Frame 66 end
Average processing time of GrabImageRGBD(): 18.6944ms
Frame 67 end
Average processing time of GrabImageRGBD(): 18.6404ms
Frame 68 end
Average processing time of GrabImageRGBD(): 18.5809ms
Frame 69 end
Average processing time of GrabImageRGBD(): 18.8002ms
Frame 70 end
Average processing time of GrabImageRGBD(): 18.7241ms
Frame 71 end
Average processing time of GrabImageRGBD(): 18.6519ms
Frame 72 end
Average processing time of GrabImageRGBD(): 18.8659ms
Frame 73 end
Average processing time of GrabImageRGBD(): 18.8249ms
Frame 74 end
Average processing time of GrabImageRGBD(): 18.7616ms
Frame 75 end
Average processing time of GrabImageRGBD(): 18.6453ms
Frame 76 end
Average processing time of GrabImageRGBD(): 18.5857ms
Frame 77 end
Average processing time of GrabImageRGBD(): 18.513ms
Frame 78 end
Average processing time of GrabImageRGBD(): 18.4211ms
Frame 79 end
Average processing time of GrabImageRGBD(): 18.3428ms
Frame 80 end
Average processing time of GrabImageRGBD(): 18.2551ms
Frame 81 end
Average processing time of GrabImageRGBD(): 18.4477ms
Frame 82 end
Average processing time of GrabImageRGBD(): 18.3761ms
Frame 83 end
Average processing time of GrabImageRGBD(): 18.3104ms
Frame 84 end
Average processing time of GrabImageRGBD(): 18.2459ms
Frame 85 end
Average processing time of GrabImageRGBD(): 18.4543ms
Frame 86 end
Average processing time of GrabImageRGBD(): 18.3806ms
Frame 87 end
Average processing time of GrabImageRGBD(): 18.3325ms
Frame 88 end
Average processing time of GrabImageRGBD(): 18.2732ms
Frame 89 end
Average processing time of GrabImageRGBD(): 18.155ms
Frame 90 end
Average processing time of GrabImageRGBD(): 18.3515ms
Frame 91 end
Average processing time of GrabImageRGBD(): 18.302ms
Frame 92 end
Average processing time of GrabImageRGBD(): 18.2432ms
Frame 93 end
Average processing time of GrabImageRGBD(): 18.1862ms
Frame 94 end
Average processing time of GrabImageRGBD(): 18.3547ms
Frame 95 end
Average processing time of GrabImageRGBD(): 18.313ms
Frame 96 end
Average processing time of GrabImageRGBD(): 18.2432ms
Frame 97 end
Average processing time of GrabImageRGBD(): 18.175ms
Frame 98 end
Average processing time of GrabImageRGBD(): 18.3639ms
Frame 99 end
Average processing time of GrabImageRGBD(): 18.3256ms
Frame 100 end
Average processing time of GrabImageRGBD(): 18.2813ms
Frame 101 end
Average processing time of GrabImageRGBD(): 18.2383ms
Frame 102 end
Average processing time of GrabImageRGBD(): 18.1228ms
Frame 103 end
Average processing time of GrabImageRGBD(): 18.0467ms
Frame 104 end
Average processing time of GrabImageRGBD(): 17.9922ms
Frame 105 end
Average processing time of GrabImageRGBD(): 18.1315ms
Frame 106 end
Average processing time of GrabImageRGBD(): 18.0768ms
Frame 107 end
Average processing time of GrabImageRGBD(): 18.0166ms
Frame 108 end
Average processing time of GrabImageRGBD(): 17.9722ms
Frame 109 end
Average processing time of GrabImageRGBD(): 18.1397ms
Frame 110 end
Average processing time of GrabImageRGBD(): 18.0631ms
Frame 111 end
Average processing time of GrabImageRGBD(): 18.0134ms
Frame 112 end
Average processing time of GrabImageRGBD(): 17.9814ms
Frame 113 end
Average processing time of GrabImageRGBD(): 17.925ms
Frame 114 end
Average processing time of GrabImageRGBD(): 18.077ms
Frame 115 end
Average processing time of GrabImageRGBD(): 18.0405ms
Frame 116 end
Average processing time of GrabImageRGBD(): 17.9972ms
Frame 117 end
Average processing time of GrabImageRGBD(): 17.9691ms
Frame 118 end
Average processing time of GrabImageRGBD(): 17.9176ms
Frame 119 end
Average processing time of GrabImageRGBD(): 18.0763ms
Frame 120 end
Average processing time of GrabImageRGBD(): 18.0367ms
Frame 121 end
Average processing time of GrabImageRGBD(): 17.9684ms
Frame 122 end
Average processing time of GrabImageRGBD(): 17.9266ms
Frame 123 end
Average processing time of GrabImageRGBD(): 17.8887ms
Frame 124 end
Average processing time of GrabImageRGBD(): 18.0261ms
Frame 125 end
Average processing time of GrabImageRGBD(): 17.9913ms
Frame 126 end
Average processing time of GrabImageRGBD(): 17.9202ms
Frame 127 end
Average processing time of GrabImageRGBD(): 17.8875ms
Frame 128 end
Average processing time of GrabImageRGBD(): 17.8542ms
Frame 129 end
Average processing time of GrabImageRGBD(): 17.8208ms
Frame 130 end
Average processing time of GrabImageRGBD(): 17.7908ms
Frame 131 end
Average processing time of GrabImageRGBD(): 17.7627ms
Frame 132 end
Average processing time of GrabImageRGBD(): 17.733ms
Frame 133 end
Average processing time of GrabImageRGBD(): 17.8518ms
Frame 134 end
Average processing time of GrabImageRGBD(): 17.8166ms
Frame 135 end
Average processing time of GrabImageRGBD(): 17.7829ms
Frame 136 end
Average processing time of GrabImageRGBD(): 17.7591ms
Frame 137 end
Average processing time of GrabImageRGBD(): 17.7382ms
Frame 138 end
Average processing time of GrabImageRGBD(): 17.7089ms
Frame 139 end
Average processing time of GrabImageRGBD(): 17.6747ms
Frame 140 end
Average processing time of GrabImageRGBD(): 17.6705ms
Frame 141 end
Average processing time of GrabImageRGBD(): 17.7863ms
Frame 142 end
Average processing time of GrabImageRGBD(): 17.7588ms
Frame 143 end
Average processing time of GrabImageRGBD(): 17.7155ms
Frame 144 end
Average processing time of GrabImageRGBD(): 17.6874ms
Frame 145 end
Average processing time of GrabImageRGBD(): 17.6698ms
Frame 146 end
Average processing time of GrabImageRGBD(): 17.7863ms
Frame 147 end
Average processing time of GrabImageRGBD(): 17.7522ms
Frame 148 end
Average processing time of GrabImageRGBD(): 17.7294ms
Frame 149 end
Average processing time of GrabImageRGBD(): 17.6899ms
Frame 150 end
Average processing time of GrabImageRGBD(): 17.6667ms
Frame 151 end
Average processing time of GrabImageRGBD(): 17.7639ms
Frame 152 end
Average processing time of GrabImageRGBD(): 17.7423ms
Frame 153 end
Average processing time of GrabImageRGBD(): 17.7103ms
Frame 154 end
Average processing time of GrabImageRGBD(): 17.6675ms
Frame 155 end
Average processing time of GrabImageRGBD(): 17.6295ms
Frame 156 end
Average processing time of GrabImageRGBD(): 17.7324ms
Frame 157 end
Average processing time of GrabImageRGBD(): 17.7088ms
Frame 158 end
Average processing time of GrabImageRGBD(): 17.6829ms
Frame 159 end
Average processing time of GrabImageRGBD(): 17.6567ms
Frame 160 end
Average processing time of GrabImageRGBD(): 17.6206ms
Frame 161 end
Average processing time of GrabImageRGBD(): 17.7155ms
Frame 162 end
Average processing time of GrabImageRGBD(): 17.6912ms
Frame 163 end
Average processing time of GrabImageRGBD(): 17.6647ms
Frame 164 end
Average processing time of GrabImageRGBD(): 17.614ms
Frame 165 end
Average processing time of GrabImageRGBD(): 17.5826ms
Frame 166 end
Average processing time of GrabImageRGBD(): 17.6855ms
Frame 167 end
Average processing time of GrabImageRGBD(): 17.6563ms
Frame 168 end
Average processing time of GrabImageRGBD(): 17.627ms
Frame 169 end
Average processing time of GrabImageRGBD(): 17.5988ms
Frame 170 end
Average processing time of GrabImageRGBD(): 17.5658ms
Frame 171 end
Average processing time of GrabImageRGBD(): 17.5339ms
Frame 172 end
Average processing time of GrabImageRGBD(): 17.6833ms
Frame 173 end
Average processing time of GrabImageRGBD(): 17.6697ms
Frame 174 end
Average processing time of GrabImageRGBD(): 17.6394ms
Frame 175 end
Average processing time of GrabImageRGBD(): 17.6136ms
Frame 176 end
Average processing time of GrabImageRGBD(): 17.5909ms
Frame 177 end
Average processing time of GrabImageRGBD(): 17.5556ms
Frame 178 end
Average processing time of GrabImageRGBD(): 17.536ms
Frame 179 end
Average processing time of GrabImageRGBD(): 17.6367ms
Frame 180 end
Average processing time of GrabImageRGBD(): 17.6135ms
Frame 181 end
Average processing time of GrabImageRGBD(): 17.5986ms
Frame 182 end
Average processing time of GrabImageRGBD(): 17.5596ms
Frame 183 end
Average processing time of GrabImageRGBD(): 17.5494ms
Frame 184 end
Average processing time of GrabImageRGBD(): 17.5351ms
Frame 185 end
Average processing time of GrabImageRGBD(): 17.5077ms
Frame 186 end
Average processing time of GrabImageRGBD(): 17.6111ms
Frame 187 end
Average processing time of GrabImageRGBD(): 17.594ms
Frame 188 end
Average processing time of GrabImageRGBD(): 17.5744ms
Frame 189 end
Average processing time of GrabImageRGBD(): 17.5547ms
Frame 190 end
Average processing time of GrabImageRGBD(): 17.5144ms
Frame 191 end
Average processing time of GrabImageRGBD(): 17.5019ms
Frame 192 end
Average processing time of GrabImageRGBD(): 17.6043ms
Frame 193 end
Average processing time of GrabImageRGBD(): 17.5714ms
Frame 194 end
Average processing time of GrabImageRGBD(): 17.5495ms
Frame 195 end
Average processing time of GrabImageRGBD(): 17.5377ms
Frame 196 end
Average processing time of GrabImageRGBD(): 17.5119ms
Frame 197 end
Average processing time of GrabImageRGBD(): 17.4908ms
Frame 198 end
Average processing time of GrabImageRGBD(): 17.5794ms
Frame 199 end
Average processing time of GrabImageRGBD(): 17.5562ms
Frame 200 end
Average processing time of GrabImageRGBD(): 17.5393ms
Frame 201 end
Average processing time of GrabImageRGBD(): 17.5205ms
Frame 202 end
Average processing time of GrabImageRGBD(): 17.4951ms
Frame 203 end
Average processing time of GrabImageRGBD(): 17.4753ms
Frame 204 end
Average processing time of GrabImageRGBD(): 17.5611ms
Frame 205 end
Average processing time of GrabImageRGBD(): 17.5482ms
Frame 206 end
Average processing time of GrabImageRGBD(): 17.5175ms
Frame 207 end
Average processing time of GrabImageRGBD(): 17.5007ms
Frame 208 end
Average processing time of GrabImageRGBD(): 17.4785ms
Frame 209 end
Average processing time of GrabImageRGBD(): 17.4553ms
Frame 210 end
Average processing time of GrabImageRGBD(): 17.5348ms
Frame 211 end
Average processing time of GrabImageRGBD(): 17.5212ms
Frame 212 end
Average processing time of GrabImageRGBD(): 17.498ms
Frame 213 end
Average processing time of GrabImageRGBD(): 17.5702ms
Frame 214 end
Average processing time of GrabImageRGBD(): 17.5483ms
Frame 215 end
Average processing time of GrabImageRGBD(): 17.6446ms
Frame 216 end
Average processing time of GrabImageRGBD(): 17.7308ms
Frame 217 end
Average processing time of GrabImageRGBD(): 17.7029ms
Frame 218 end
Average processing time of GrabImageRGBD(): 17.7905ms
Frame 219 end
Average processing time of GrabImageRGBD(): 17.8667ms
Frame 220 end
Average processing time of GrabImageRGBD(): 17.846ms
Frame 221 end
Average processing time of GrabImageRGBD(): 17.8144ms
Frame 222 end
Average processing time of GrabImageRGBD(): 17.7675ms
Frame 223 end
Average processing time of GrabImageRGBD(): 17.7369ms
Frame 224 end
Average processing time of GrabImageRGBD(): 17.692ms
Frame 225 end
Average processing time of GrabImageRGBD(): 17.659ms
Frame 226 end
Average processing time of GrabImageRGBD(): 17.7704ms
Frame 227 end
Average processing time of GrabImageRGBD(): 17.756ms
Frame 228 end
Average processing time of GrabImageRGBD(): 17.7292ms
Frame 229 end
Average processing time of GrabImageRGBD(): 17.694ms
Frame 230 end
Average processing time of GrabImageRGBD(): 17.6691ms
Frame 231 end
Average processing time of GrabImageRGBD(): 17.6487ms
Frame 232 end
Average processing time of GrabImageRGBD(): 17.6004ms
Frame 233 end
Average processing time of GrabImageRGBD(): 17.6495ms
Frame 234 end
Average processing time of GrabImageRGBD(): 17.6301ms
Frame 235 end
Average processing time of GrabImageRGBD(): 17.6047ms
Frame 236 end
Average processing time of GrabImageRGBD(): 17.5831ms
Frame 237 end
Average processing time of GrabImageRGBD(): 17.5473ms
Frame 238 end
Average processing time of GrabImageRGBD(): 17.5197ms
Frame 239 end
Average processing time of GrabImageRGBD(): 17.4949ms
Frame 240 end
Average processing time of GrabImageRGBD(): 17.5746ms
Frame 241 end
Average processing time of GrabImageRGBD(): 17.5563ms
Frame 242 end
Average processing time of GrabImageRGBD(): 17.5394ms
Frame 243 end
Average processing time of GrabImageRGBD(): 17.4984ms
Frame 244 end
Average processing time of GrabImageRGBD(): 17.4779ms
Frame 245 end
Average processing time of GrabImageRGBD(): 17.4485ms
Frame 246 end
Average processing time of GrabImageRGBD(): 17.4275ms
Frame 247 end
Average processing time of GrabImageRGBD(): 17.4991ms
Frame 248 end
Average processing time of GrabImageRGBD(): 17.472ms
Frame 249 end
Average processing time of GrabImageRGBD(): 17.4418ms
Frame 250 end
Average processing time of GrabImageRGBD(): 17.4134ms
Frame 251 end
Average processing time of GrabImageRGBD(): 17.3879ms
Frame 252 end
Average processing time of GrabImageRGBD(): 17.3618ms
Frame 253 end
Average processing time of GrabImageRGBD(): 17.3329ms
Frame 254 end
Average processing time of GrabImageRGBD(): 17.3942ms
Frame 255 end
Average processing time of GrabImageRGBD(): 17.3792ms
Frame 256 end
Average processing time of GrabImageRGBD(): 17.3449ms
Frame 257 end
Average processing time of GrabImageRGBD(): 17.323ms
Frame 258 end
Average processing time of GrabImageRGBD(): 17.2988ms
Frame 259 end
Average processing time of GrabImageRGBD(): 17.2831ms
Frame 260 end
Average processing time of GrabImageRGBD(): 17.2574ms
Frame 261 end
Average processing time of GrabImageRGBD(): 17.2253ms
Frame 262 end
Average processing time of GrabImageRGBD(): 17.289ms
Frame 263 end
Average processing time of GrabImageRGBD(): 17.2674ms
Frame 264 end
Average processing time of GrabImageRGBD(): 17.2402ms
Frame 265 end
Average processing time of GrabImageRGBD(): 17.2036ms
Frame 266 end
Average processing time of GrabImageRGBD(): 17.1776ms
Frame 267 end
Average processing time of GrabImageRGBD(): 17.1511ms
Frame 268 end
Average processing time of GrabImageRGBD(): 17.1118ms
Frame 269 end
Average processing time of GrabImageRGBD(): 17.1777ms
Frame 270 end
Average processing time of GrabImageRGBD(): 17.1641ms
Frame 271 end
Average processing time of GrabImageRGBD(): 17.1286ms
Frame 272 end
Average processing time of GrabImageRGBD(): 17.1123ms
Frame 273 end
Average processing time of GrabImageRGBD(): 17.0924ms
Frame 274 end
Average processing time of GrabImageRGBD(): 17.0647ms
Frame 275 end
Average processing time of GrabImageRGBD(): 17.0341ms
Frame 276 end
Average processing time of GrabImageRGBD(): 17.0016ms
Frame 277 end
Average processing time of GrabImageRGBD(): 17.0619ms
Frame 278 end
Average processing time of GrabImageRGBD(): 17.0442ms
Frame 279 end
Average processing time of GrabImageRGBD(): 17.0258ms
Frame 280 end
Average processing time of GrabImageRGBD(): 17.0117ms
Frame 281 end
Average processing time of GrabImageRGBD(): 16.9883ms
Frame 282 end
Average processing time of GrabImageRGBD(): 16.9713ms
Frame 283 end
Average processing time of GrabImageRGBD(): 16.9491ms
Frame 284 end
Average processing time of GrabImageRGBD(): 16.9272ms
Frame 285 end
Average processing time of GrabImageRGBD(): 16.9888ms
Frame 286 end
Average processing time of GrabImageRGBD(): 16.9763ms
Frame 287 end
Average processing time of GrabImageRGBD(): 16.9606ms
Frame 288 end
Average processing time of GrabImageRGBD(): 16.9494ms
Frame 289 end
Average processing time of GrabImageRGBD(): 16.9357ms
Frame 290 end
Average processing time of GrabImageRGBD(): 16.9168ms
Frame 291 end
Average processing time of GrabImageRGBD(): 16.9063ms
Frame 292 end
Average processing time of GrabImageRGBD(): 16.8853ms
Frame 293 end
Average processing time of GrabImageRGBD(): 16.9397ms
Frame 294 end
Average processing time of GrabImageRGBD(): 16.9258ms
Frame 295 end
Average processing time of GrabImageRGBD(): 16.8987ms
Frame 296 end
Average processing time of GrabImageRGBD(): 16.8831ms
Frame 297 end
Average processing time of GrabImageRGBD(): 16.8581ms
Frame 298 end
Average processing time of GrabImageRGBD(): 16.845ms
Frame 299 end
Average processing time of GrabImageRGBD(): 16.8292ms
Frame 300 end
Average processing time of GrabImageRGBD(): 16.8155ms
Frame 301 end
Average processing time of GrabImageRGBD(): 16.8839ms
Frame 302 end
Average processing time of GrabImageRGBD(): 16.866ms
Frame 303 end
Average processing time of GrabImageRGBD(): 16.8492ms
Frame 304 end
Average processing time of GrabImageRGBD(): 16.8315ms
Frame 305 end
Average processing time of GrabImageRGBD(): 16.8181ms
Frame 306 end
Average processing time of GrabImageRGBD(): 16.8048ms
Frame 307 end
Average processing time of GrabImageRGBD(): 16.7918ms
Frame 308 end
Average processing time of GrabImageRGBD(): 16.7738ms
Frame 309 end
Average processing time of GrabImageRGBD(): 16.823ms
Frame 310 end
Average processing time of GrabImageRGBD(): 16.8173ms
Frame 311 end
Average processing time of GrabImageRGBD(): 16.7949ms
Frame 312 end
Average processing time of GrabImageRGBD(): 16.7752ms
Frame 313 end
Average processing time of GrabImageRGBD(): 16.762ms
Frame 314 end
Average processing time of GrabImageRGBD(): 16.7461ms
Frame 315 end
Average processing time of GrabImageRGBD(): 16.7288ms
Frame 316 end
Average processing time of GrabImageRGBD(): 16.7173ms
Frame 317 end
Average processing time of GrabImageRGBD(): 16.7844ms
Frame 318 end
Average processing time of GrabImageRGBD(): 16.7725ms
Frame 319 end
Average processing time of GrabImageRGBD(): 16.7616ms
Frame 320 end
Average processing time of GrabImageRGBD(): 16.7478ms
Frame 321 end
Average processing time of GrabImageRGBD(): 16.7387ms
Frame 322 end
Average processing time of GrabImageRGBD(): 16.7243ms
Frame 323 end
Average processing time of GrabImageRGBD(): 16.7153ms
Frame 324 end
Average processing time of GrabImageRGBD(): 16.7012ms
Frame 325 end
Average processing time of GrabImageRGBD(): 16.6993ms
Frame 326 end
Average processing time of GrabImageRGBD(): 16.6841ms
Frame 327 end
Average processing time of GrabImageRGBD(): 16.7342ms
Frame 328 end
Average processing time of GrabImageRGBD(): 16.7269ms
Frame 329 end
Average processing time of GrabImageRGBD(): 16.7146ms
Frame 330 end
Average processing time of GrabImageRGBD(): 16.7033ms
Frame 331 end
Average processing time of GrabImageRGBD(): 16.6788ms
Frame 332 end
Average processing time of GrabImageRGBD(): 16.6643ms
Frame 333 end
Average processing time of GrabImageRGBD(): 16.6519ms
Frame 334 end
Average processing time of GrabImageRGBD(): 16.6314ms
Frame 335 end
Average processing time of GrabImageRGBD(): 16.6883ms
Frame 336 end
Average processing time of GrabImageRGBD(): 16.6806ms
Frame 337 end
Average processing time of GrabImageRGBD(): 16.6692ms
Frame 338 end
Average processing time of GrabImageRGBD(): 16.6586ms
Frame 339 end
Average processing time of GrabImageRGBD(): 16.6364ms
Frame 340 end
Average processing time of GrabImageRGBD(): 16.6183ms
Frame 341 end
Average processing time of GrabImageRGBD(): 16.598ms
Frame 342 end
Average processing time of GrabImageRGBD(): 16.5869ms
Frame 343 end
Average processing time of GrabImageRGBD(): 16.65ms
Frame 344 end
Average processing time of GrabImageRGBD(): 16.642ms
Frame 345 end
Average processing time of GrabImageRGBD(): 16.6369ms
Frame 346 end
Average processing time of GrabImageRGBD(): 16.6061ms
Frame 347 end
Average processing time of GrabImageRGBD(): 16.5915ms
Frame 348 end
Average processing time of GrabImageRGBD(): 16.571ms
Frame 349 end
Average processing time of GrabImageRGBD(): 16.5339ms
Frame 350 end
Average processing time of GrabImageRGBD(): 16.5156ms
Frame 351 end
Average processing time of GrabImageRGBD(): 16.4972ms
Frame 352 end
Average processing time of GrabImageRGBD(): 16.5526ms
Frame 353 end
Average processing time of GrabImageRGBD(): 16.5475ms
Frame 354 end
Average processing time of GrabImageRGBD(): 16.5327ms
Frame 355 end
Average processing time of GrabImageRGBD(): 16.5219ms
Frame 356 end
Average processing time of GrabImageRGBD(): 16.5044ms
Frame 357 end
Average processing time of GrabImageRGBD(): 16.4901ms
Frame 358 end
Average processing time of GrabImageRGBD(): 16.4627ms
Frame 359 end
Average processing time of GrabImageRGBD(): 16.4438ms
Frame 360 end
Average processing time of GrabImageRGBD(): 16.4336ms
Frame 361 end
Average processing time of GrabImageRGBD(): 16.4796ms
Frame 362 end
Average processing time of GrabImageRGBD(): 16.4606ms
Frame 363 end
Average processing time of GrabImageRGBD(): 16.4441ms
Frame 364 end
Average processing time of GrabImageRGBD(): 16.4228ms
Frame 365 end
Average processing time of GrabImageRGBD(): 16.4031ms
Frame 366 end
Average processing time of GrabImageRGBD(): 16.3908ms
Frame 367 end
Average processing time of GrabImageRGBD(): 16.3718ms
Frame 368 end
Average processing time of GrabImageRGBD(): 16.3595ms
Frame 369 end
Average processing time of GrabImageRGBD(): 16.3353ms
Frame 370 end
Average processing time of GrabImageRGBD(): 16.3928ms
Frame 371 end
Average processing time of GrabImageRGBD(): 16.3828ms
Frame 372 end
Average processing time of GrabImageRGBD(): 16.3702ms
Frame 373 end
Average processing time of GrabImageRGBD(): 16.354ms
Frame 374 end
Average processing time of GrabImageRGBD(): 16.3354ms
Frame 375 end
Average processing time of GrabImageRGBD(): 16.3166ms
Frame 376 end
Average processing time of GrabImageRGBD(): 16.3155ms
Frame 377 end
Average processing time of GrabImageRGBD(): 16.304ms
Frame 378 end
Average processing time of GrabImageRGBD(): 16.2925ms
Frame 379 end
Average processing time of GrabImageRGBD(): 16.3451ms
Frame 380 end
Average processing time of GrabImageRGBD(): 16.3358ms
Frame 381 end
Average processing time of GrabImageRGBD(): 16.3243ms
Frame 382 end
Average processing time of GrabImageRGBD(): 16.3176ms
Frame 383 end
Average processing time of GrabImageRGBD(): 16.304ms
Frame 384 end
Average processing time of GrabImageRGBD(): 16.2912ms
Frame 385 end
Average processing time of GrabImageRGBD(): 16.2807ms
Frame 386 end
Average processing time of GrabImageRGBD(): 16.2583ms
Frame 387 end
Average processing time of GrabImageRGBD(): 16.2394ms
Frame 388 end
Average processing time of GrabImageRGBD(): 16.2943ms
Frame 389 end
Average processing time of GrabImageRGBD(): 16.2825ms
Frame 390 end
Average processing time of GrabImageRGBD(): 16.2555ms
Frame 391 end
Average processing time of GrabImageRGBD(): 16.2287ms
Frame 392 end
Average processing time of GrabImageRGBD(): 16.2183ms
Frame 393 end
Average processing time of GrabImageRGBD(): 16.2105ms
Frame 394 end
Average processing time of GrabImageRGBD(): 16.1985ms
Frame 395 end
Average processing time of GrabImageRGBD(): 16.1864ms
Frame 396 end
Average processing time of GrabImageRGBD(): 16.164ms
Frame 397 end
Average processing time of GrabImageRGBD(): 16.2425ms
Frame 398 end
Average processing time of GrabImageRGBD(): 16.228ms
Frame 399 end
Average processing time of GrabImageRGBD(): 16.2198ms
Frame 400 end
Average processing time of GrabImageRGBD(): 16.2096ms
Frame 401 end
Average processing time of GrabImageRGBD(): 16.2012ms
Frame 402 end
Average processing time of GrabImageRGBD(): 16.19ms
Frame 403 end
Average processing time of GrabImageRGBD(): 16.1704ms
Frame 404 end
Average processing time of GrabImageRGBD(): 16.1638ms
Frame 405 end
Average processing time of GrabImageRGBD(): 16.1542ms
Frame 406 end
Average processing time of GrabImageRGBD(): 16.2049ms
Frame 407 end
Average processing time of GrabImageRGBD(): 16.195ms
Frame 408 end
Average processing time of GrabImageRGBD(): 16.1855ms
Frame 409 end
Average processing time of GrabImageRGBD(): 16.1746ms
Frame 410 end
Average processing time of GrabImageRGBD(): 16.1654ms
Frame 411 end
Average processing time of GrabImageRGBD(): 16.1514ms
Frame 412 end
Average processing time of GrabImageRGBD(): 16.1396ms
Frame 413 end
Average processing time of GrabImageRGBD(): 16.1256ms
Frame 414 end
Average processing time of GrabImageRGBD(): 16.1137ms
Frame 415 end
Average processing time of GrabImageRGBD(): 16.156ms
Frame 416 end
Average processing time of GrabImageRGBD(): 16.1446ms
Frame 417 end
Average processing time of GrabImageRGBD(): 16.1334ms
Frame 418 end
Average processing time of GrabImageRGBD(): 16.1202ms
Frame 419 end
Average processing time of GrabImageRGBD(): 16.101ms
Frame 420 end
Average processing time of GrabImageRGBD(): 16.0893ms
Frame 421 end
Average processing time of GrabImageRGBD(): 16.0778ms
Frame 422 end
Average processing time of GrabImageRGBD(): 16.0659ms
Frame 423 end
Average processing time of GrabImageRGBD(): 16.0551ms
Frame 424 end
Average processing time of GrabImageRGBD(): 16.0449ms
Frame 425 end
Average processing time of GrabImageRGBD(): 16.0313ms
Frame 426 end
Average processing time of GrabImageRGBD(): 16.0781ms
Frame 427 end
Average processing time of GrabImageRGBD(): 16.0608ms
Frame 428 end
Average processing time of GrabImageRGBD(): 16.0508ms
Frame 429 end
Average processing time of GrabImageRGBD(): 16.0392ms
Frame 430 end
Average processing time of GrabImageRGBD(): 16.0288ms
Frame 431 end
Average processing time of GrabImageRGBD(): 16.0183ms
Frame 432 end
Average processing time of GrabImageRGBD(): 16.0071ms
Frame 433 end
Average processing time of GrabImageRGBD(): 15.9965ms
Frame 434 end
Average processing time of GrabImageRGBD(): 15.9878ms
Frame 435 end
Average processing time of GrabImageRGBD(): 16.0324ms
Frame 436 end
Average processing time of GrabImageRGBD(): 16.0231ms
Frame 437 end
Average processing time of GrabImageRGBD(): 16.0129ms
Frame 438 end
Average processing time of GrabImageRGBD(): 16.0023ms
Frame 439 end
Average processing time of GrabImageRGBD(): 15.9946ms
Frame 440 end
Average processing time of GrabImageRGBD(): 15.9862ms
Frame 441 end
Average processing time of GrabImageRGBD(): 15.9783ms
Frame 442 end
Average processing time of GrabImageRGBD(): 15.9696ms
Frame 443 end
Average processing time of GrabImageRGBD(): 15.9603ms
Frame 444 end
Average processing time of GrabImageRGBD(): 15.9438ms
Frame 445 end
Average processing time of GrabImageRGBD(): 15.9885ms
Frame 446 end
Average processing time of GrabImageRGBD(): 15.9824ms
Frame 447 end
Average processing time of GrabImageRGBD(): 15.9714ms
Frame 448 end
Average processing time of GrabImageRGBD(): 15.9634ms
Frame 449 end
Average processing time of GrabImageRGBD(): 15.9548ms
Frame 450 end
Average processing time of GrabImageRGBD(): 15.9456ms
Frame 451 end
Average processing time of GrabImageRGBD(): 15.9339ms
Frame 452 end
Average processing time of GrabImageRGBD(): 15.919ms
Frame 453 end
Average processing time of GrabImageRGBD(): 15.9028ms
Frame 454 end
Average processing time of GrabImageRGBD(): 15.8935ms
Frame 455 end
Average processing time of GrabImageRGBD(): 15.8837ms
Frame 456 end
Average processing time of GrabImageRGBD(): 15.9421ms
Frame 457 end
Average processing time of GrabImageRGBD(): 15.9368ms
Frame 458 end
Average processing time of GrabImageRGBD(): 15.9265ms
Frame 459 end
Average processing time of GrabImageRGBD(): 15.9068ms
Frame 460 end
Average processing time of GrabImageRGBD(): 15.8964ms
Frame 461 end
Average processing time of GrabImageRGBD(): 15.8806ms
Frame 462 end
Average processing time of GrabImageRGBD(): 15.8638ms
Frame 463 end
Average processing time of GrabImageRGBD(): 15.8556ms
Frame 464 end
Average processing time of GrabImageRGBD(): 15.8468ms
Frame 465 end
Average processing time of GrabImageRGBD(): 15.8368ms
Frame 466 end
Average processing time of GrabImageRGBD(): 15.8196ms
Frame 467 end
Average processing time of GrabImageRGBD(): 15.8633ms
Frame 468 end
Shutdown
-------

median tracking time: 0.0134505
mean tracking time: 0.0166864

Saving camera trajectory to CameraTrajectory.txt ...

Saving keyframe trajectory to KeyFrameTrajectory.txt ...
