
ORB-SLAM3 Copyright (C) 2017-2020 Carlos Campos, Richard Elvira, Juan J. Gómez, José M.M. Montiel and Juan D. Tardós, University of Zaragoza.
ORB-SLAM2 Copyright (C) 2014-2016 Raúl Mur-Artal, José M.M. Montiel and Juan D. Tardós, University of Zaragoza.
This program comes with ABSOLUTELY NO WARRANTY;
This is free software, and you are welcome to redistribute it
under certain conditions. See LICENSE.txt.

Input sensor was set to: RGB-D
Loading settings from /home/bingxin/Downloads/NGD-SLAM/Examples/RGB-D/Bonn.yaml
Camera1.k3 optional parameter does not exist...
	-Loaded camera 1
Camera.newHeight optional parameter does not exist...
Camera.newWidth optional parameter does not exist...
	-Loaded image info
	-Loaded RGB-D calibration
	-Loaded ORB settings
Viewer.imageViewScale optional parameter does not exist...
	-Loaded viewer settings
System.LoadAtlasFromFile optional parameter does not exist...
System.SaveAtlasToFile optional parameter does not exist...
	-Loaded Atlas settings
System.thFarPoints optional parameter does not exist...
	-Loaded misc parameters
----------------------------------
SLAM settings: 
	-Camera 1 parameters (Pinhole): [ 542.823 542.577 315.594 237.756 ]
	-Camera 1 distortion parameters: [  0.039903 -0.099343 -0.00073 -0.000144 ]
	-Original image size: [ 640 , 480 ]
	-Current image size: [ 640 , 480 ]
	-Sequence FPS: 30
	-RGB-D depth map factor: 5000
	-Features per image: 1000
	-ORB scale factor: 1.2
	-ORB number of scales: 8
	-Initial FAST threshold: 20
	-Min FAST threshold: 7


Loading ORB Vocabulary. This could take a while...
Vocabulary loaded!

Initialization of Atlas from scratch 
Creation of new map with id: 0
Creation of new map with last KF id: 0
Seq. Name: 
There are 1 cameras in the atlas
Camera 0 is pinhole
Net use yolo-fastest

-------
Start processing sequence ...
Images in the sequence: 469

First KF:0; Map init KF:0
New Map created with 1122 points
Average processing time of GrabImageRGBD(): 52.3358ms
Frame 0 end
Average processing time of GrabImageRGBD(): 42.5333ms
Frame 1 end
Average processing time of GrabImageRGBD(): 39.3953ms
Frame 2 end
Average processing time of GrabImageRGBD(): 33.2105ms
Frame 3 end
Average processing time of GrabImageRGBD(): 29.1982ms
Frame 4 end
Starting the Viewer
Average processing time of GrabImageRGBD(): 26.529ms
Frame 5 end
Average processing time of GrabImageRGBD(): 24.5101ms
Frame 6 end
Average processing time of GrabImageRGBD(): 23.2177ms
Frame 7 end
Average processing time of GrabImageRGBD(): 24.2045ms
Frame 8 end
Average processing time of GrabImageRGBD(): 23.1845ms
Frame 9 end
Average processing time of GrabImageRGBD(): 22.1793ms
Frame 10 end
Average processing time of GrabImageRGBD(): 21.4081ms
Frame 11 end
Average processing time of GrabImageRGBD(): 20.5991ms
Frame 12 end
Average processing time of GrabImageRGBD(): 20.0765ms
Frame 13 end
Average processing time of GrabImageRGBD(): 19.4286ms
Frame 14 end
Average processing time of GrabImageRGBD(): 18.9706ms
Frame 15 end
Average processing time of GrabImageRGBD(): 18.5712ms
Frame 16 end
Average processing time of GrabImageRGBD(): 18.1507ms
Frame 17 end
Average processing time of GrabImageRGBD(): 17.9058ms
Frame 18 end
Average processing time of GrabImageRGBD(): 17.6288ms
Frame 19 end
Average processing time of GrabImageRGBD(): 17.3963ms
Frame 20 end
Average processing time of GrabImageRGBD(): 17.1718ms
Frame 21 end
Average processing time of GrabImageRGBD(): 16.8025ms
Frame 22 end
Average processing time of GrabImageRGBD(): 17.4846ms
Frame 23 end
Average processing time of GrabImageRGBD(): 17.3356ms
Frame 24 end
Average processing time of GrabImageRGBD(): 17.1758ms
Frame 25 end
Average processing time of GrabImageRGBD(): 17.0304ms
Frame 26 end
Average processing time of GrabImageRGBD(): 17.6068ms
Frame 27 end
Average processing time of GrabImageRGBD(): 17.4444ms
Frame 28 end
Average processing time of GrabImageRGBD(): 18.0405ms
Frame 29 end
Average processing time of GrabImageRGBD(): 17.9123ms
Frame 30 end
Average processing time of GrabImageRGBD(): 18.4121ms
Frame 31 end
Average processing time of GrabImageRGBD(): 18.2531ms
Frame 32 end
Average processing time of GrabImageRGBD(): 18.0767ms
Frame 33 end
Average processing time of GrabImageRGBD(): 17.9025ms
Frame 34 end
Average processing time of GrabImageRGBD(): 18.2825ms
Frame 35 end
Average processing time of GrabImageRGBD(): 18.1502ms
Frame 36 end
Average processing time of GrabImageRGBD(): 17.9635ms
Frame 37 end
Average processing time of GrabImageRGBD(): 17.8162ms
Frame 38 end
Average processing time of GrabImageRGBD(): 17.6746ms
Frame 39 end
Average processing time of GrabImageRGBD(): 17.4973ms
Frame 40 end
Average processing time of GrabImageRGBD(): 17.892ms
Frame 41 end
Average processing time of GrabImageRGBD(): 17.7882ms
Frame 42 end
Average processing time of GrabImageRGBD(): 18.3085ms
Frame 43 end
Average processing time of GrabImageRGBD(): 18.2026ms
Frame 44 end
Average processing time of GrabImageRGBD(): 18.2269ms
Frame 45 end
Average processing time of GrabImageRGBD(): 18.5767ms
Frame 46 end
Average processing time of GrabImageRGBD(): 18.4889ms
Frame 47 end
Average processing time of GrabImageRGBD(): 18.8117ms
Frame 48 end
Average processing time of GrabImageRGBD(): 18.6956ms
Frame 49 end
Average processing time of GrabImageRGBD(): 18.5729ms
Frame 50 end
Average processing time of GrabImageRGBD(): 18.8285ms
Frame 51 end
Average processing time of GrabImageRGBD(): 18.7455ms
Frame 52 end
Average processing time of GrabImageRGBD(): 19.3168ms
Frame 53 end
Average processing time of GrabImageRGBD(): 19.2138ms
Frame 54 end
Average processing time of GrabImageRGBD(): 19.0237ms
Frame 55 end
Average processing time of GrabImageRGBD(): 19.2597ms
Frame 56 end
Average processing time of GrabImageRGBD(): 19.1491ms
Frame 57 end
Average processing time of GrabImageRGBD(): 19.3899ms
Frame 58 end
Average processing time of GrabImageRGBD(): 19.254ms
Frame 59 end
Average processing time of GrabImageRGBD(): 19.1578ms
Frame 60 end
Average processing time of GrabImageRGBD(): 19.3907ms
Frame 61 end
Average processing time of GrabImageRGBD(): 19.2965ms
Frame 62 end
Average processing time of GrabImageRGBD(): 19.1783ms
Frame 63 end
Average processing time of GrabImageRGBD(): 19.3965ms
Frame 64 end
Average processing time of GrabImageRGBD(): 19.3086ms
Frame 65 end
Average processing time of GrabImageRGBD(): 19.2378ms
Frame 66 end
Average processing time of GrabImageRGBD(): 19.4784ms
Frame 67 end
Average processing time of GrabImageRGBD(): 19.3963ms
Frame 68 end
Average processing time of GrabImageRGBD(): 19.3215ms
Frame 69 end
Average processing time of GrabImageRGBD(): 19.5345ms
Frame 70 end
Average processing time of GrabImageRGBD(): 19.4522ms
Frame 71 end
Average processing time of GrabImageRGBD(): 19.3678ms
Frame 72 end
Average processing time of GrabImageRGBD(): 19.5816ms
Frame 73 end
Average processing time of GrabImageRGBD(): 19.4994ms
Frame 74 end
Average processing time of GrabImageRGBD(): 19.4273ms
Frame 75 end
Average processing time of GrabImageRGBD(): 19.3194ms
Frame 76 end
Average processing time of GrabImageRGBD(): 19.2284ms
Frame 77 end
Average processing time of GrabImageRGBD(): 19.1314ms
Frame 78 end
Average processing time of GrabImageRGBD(): 18.9898ms
Frame 79 end
Average processing time of GrabImageRGBD(): 18.9068ms
Frame 80 end
Average processing time of GrabImageRGBD(): 18.7663ms
Frame 81 end
Average processing time of GrabImageRGBD(): 18.6473ms
Frame 82 end
Average processing time of GrabImageRGBD(): 18.5773ms
Frame 83 end
Average processing time of GrabImageRGBD(): 18.5194ms
Frame 84 end
Average processing time of GrabImageRGBD(): 18.4707ms
Frame 85 end
Average processing time of GrabImageRGBD(): 18.3872ms
Frame 86 end
Average processing time of GrabImageRGBD(): 18.3138ms
Frame 87 end
Average processing time of GrabImageRGBD(): 18.2437ms
Frame 88 end
Average processing time of GrabImageRGBD(): 18.5116ms
Frame 89 end
Average processing time of GrabImageRGBD(): 18.4653ms
Frame 90 end
Average processing time of GrabImageRGBD(): 18.3683ms
Frame 91 end
Average processing time of GrabImageRGBD(): 18.5508ms
Frame 92 end
Average processing time of GrabImageRGBD(): 18.4689ms
Frame 93 end
Average processing time of GrabImageRGBD(): 18.4031ms
Frame 94 end
Average processing time of GrabImageRGBD(): 18.3514ms
Frame 95 end
Average processing time of GrabImageRGBD(): 18.5505ms
Frame 96 end
Average processing time of GrabImageRGBD(): 18.4802ms
Frame 97 end
Average processing time of GrabImageRGBD(): 18.4288ms
Frame 98 end
Average processing time of GrabImageRGBD(): 18.3793ms
Frame 99 end
Average processing time of GrabImageRGBD(): 18.5426ms
Frame 100 end
Average processing time of GrabImageRGBD(): 18.4718ms
Frame 101 end
Average processing time of GrabImageRGBD(): 18.3996ms
Frame 102 end
Average processing time of GrabImageRGBD(): 18.3541ms
Frame 103 end
Average processing time of GrabImageRGBD(): 18.264ms
Frame 104 end
Average processing time of GrabImageRGBD(): 18.4059ms
Frame 105 end
Average processing time of GrabImageRGBD(): 18.348ms
Frame 106 end
Average processing time of GrabImageRGBD(): 18.3281ms
Frame 107 end
Average processing time of GrabImageRGBD(): 18.2653ms
Frame 108 end
Average processing time of GrabImageRGBD(): 18.4453ms
Frame 109 end
Average processing time of GrabImageRGBD(): 18.3989ms
Frame 110 end
Average processing time of GrabImageRGBD(): 18.3612ms
Frame 111 end
Average processing time of GrabImageRGBD(): 18.3119ms
Frame 112 end
Average processing time of GrabImageRGBD(): 18.5677ms
Frame 113 end
Average processing time of GrabImageRGBD(): 18.5315ms
Frame 114 end
Average processing time of GrabImageRGBD(): 18.4765ms
Frame 115 end
Average processing time of GrabImageRGBD(): 18.3814ms
Frame 116 end
Average processing time of GrabImageRGBD(): 18.5444ms
Frame 117 end
Average processing time of GrabImageRGBD(): 18.5145ms
Frame 118 end
Average processing time of GrabImageRGBD(): 18.4839ms
Frame 119 end
Average processing time of GrabImageRGBD(): 18.4351ms
Frame 120 end
Average processing time of GrabImageRGBD(): 18.3864ms
Frame 121 end
Average processing time of GrabImageRGBD(): 18.3395ms
Frame 122 end
Average processing time of GrabImageRGBD(): 18.29ms
Frame 123 end
Average processing time of GrabImageRGBD(): 18.4417ms
Frame 124 end
Average processing time of GrabImageRGBD(): 18.3992ms
Frame 125 end
Average processing time of GrabImageRGBD(): 18.3578ms
Frame 126 end
Average processing time of GrabImageRGBD(): 18.3263ms
Frame 127 end
Average processing time of GrabImageRGBD(): 18.2906ms
Frame 128 end
Average processing time of GrabImageRGBD(): 18.2363ms
Frame 129 end
Average processing time of GrabImageRGBD(): 18.2016ms
Frame 130 end
Average processing time of GrabImageRGBD(): 18.1665ms
Frame 131 end
Average processing time of GrabImageRGBD(): 18.135ms
Frame 132 end
Average processing time of GrabImageRGBD(): 18.1008ms
Frame 133 end
Average processing time of GrabImageRGBD(): 18.0664ms
Frame 134 end
Average processing time of GrabImageRGBD(): 18.1993ms
Frame 135 end
Average processing time of GrabImageRGBD(): 18.1717ms
Frame 136 end
Average processing time of GrabImageRGBD(): 18.141ms
Frame 137 end
Average processing time of GrabImageRGBD(): 18.087ms
Frame 138 end
Average processing time of GrabImageRGBD(): 18.2133ms
Frame 139 end
Average processing time of GrabImageRGBD(): 18.201ms
Frame 140 end
Average processing time of GrabImageRGBD(): 18.1839ms
Frame 141 end
Average processing time of GrabImageRGBD(): 18.1583ms
Frame 142 end
Average processing time of GrabImageRGBD(): 18.1252ms
Frame 143 end
Average processing time of GrabImageRGBD(): 18.093ms
Frame 144 end
Average processing time of GrabImageRGBD(): 18.0416ms
Frame 145 end
Average processing time of GrabImageRGBD(): 18.0067ms
Frame 146 end
Average processing time of GrabImageRGBD(): 17.9715ms
Frame 147 end
Average processing time of GrabImageRGBD(): 17.9397ms
Frame 148 end
Average processing time of GrabImageRGBD(): 18.0516ms
Frame 149 end
Average processing time of GrabImageRGBD(): 18.0198ms
Frame 150 end
Average processing time of GrabImageRGBD(): 17.9961ms
Frame 151 end
Average processing time of GrabImageRGBD(): 17.9591ms
Frame 152 end
Average processing time of GrabImageRGBD(): 17.9325ms
Frame 153 end
Average processing time of GrabImageRGBD(): 18.0337ms
Frame 154 end
Average processing time of GrabImageRGBD(): 18.0326ms
Frame 155 end
Average processing time of GrabImageRGBD(): 17.9724ms
Frame 156 end
Average processing time of GrabImageRGBD(): 17.9464ms
Frame 157 end
Average processing time of GrabImageRGBD(): 17.9039ms
Frame 158 end
Average processing time of GrabImageRGBD(): 18.0048ms
Frame 159 end
Average processing time of GrabImageRGBD(): 17.9777ms
Frame 160 end
Average processing time of GrabImageRGBD(): 17.9403ms
Frame 161 end
Average processing time of GrabImageRGBD(): 17.9053ms
Frame 162 end
Average processing time of GrabImageRGBD(): 17.8659ms
Frame 163 end
Average processing time of GrabImageRGBD(): 17.9604ms
Frame 164 end
Average processing time of GrabImageRGBD(): 17.9306ms
Frame 165 end
Average processing time of GrabImageRGBD(): 17.9025ms
Frame 166 end
Average processing time of GrabImageRGBD(): 17.8797ms
Frame 167 end
Average processing time of GrabImageRGBD(): 17.8471ms
Frame 168 end
Average processing time of GrabImageRGBD(): 17.9462ms
Frame 169 end
Average processing time of GrabImageRGBD(): 17.9309ms
Frame 170 end
Average processing time of GrabImageRGBD(): 17.9029ms
Frame 171 end
Average processing time of GrabImageRGBD(): 17.8619ms
Frame 172 end
Average processing time of GrabImageRGBD(): 17.8341ms
Frame 173 end
Average processing time of GrabImageRGBD(): 17.7991ms
Frame 174 end
Average processing time of GrabImageRGBD(): 17.904ms
Frame 175 end
Average processing time of GrabImageRGBD(): 17.8817ms
Frame 176 end
Average processing time of GrabImageRGBD(): 17.8507ms
Frame 177 end
Average processing time of GrabImageRGBD(): 17.8056ms
Frame 178 end
Average processing time of GrabImageRGBD(): 17.7715ms
Frame 179 end
Average processing time of GrabImageRGBD(): 17.7421ms
Frame 180 end
Average processing time of GrabImageRGBD(): 17.8415ms
Frame 181 end
Average processing time of GrabImageRGBD(): 17.7968ms
Frame 182 end
Average processing time of GrabImageRGBD(): 17.7711ms
Frame 183 end
Average processing time of GrabImageRGBD(): 17.7499ms
Frame 184 end
Average processing time of GrabImageRGBD(): 17.7209ms
Frame 185 end
Average processing time of GrabImageRGBD(): 17.6944ms
Frame 186 end
Average processing time of GrabImageRGBD(): 17.6586ms
Frame 187 end
Average processing time of GrabImageRGBD(): 17.6362ms
Frame 188 end
Average processing time of GrabImageRGBD(): 17.7309ms
Frame 189 end
Average processing time of GrabImageRGBD(): 17.7176ms
Frame 190 end
Average processing time of GrabImageRGBD(): 17.6964ms
Frame 191 end
Average processing time of GrabImageRGBD(): 17.678ms
Frame 192 end
Average processing time of GrabImageRGBD(): 17.6473ms
Frame 193 end
Average processing time of GrabImageRGBD(): 17.6265ms
Frame 194 end
Average processing time of GrabImageRGBD(): 17.721ms
Frame 195 end
Average processing time of GrabImageRGBD(): 17.6896ms
Frame 196 end
Average processing time of GrabImageRGBD(): 17.6666ms
Frame 197 end
Average processing time of GrabImageRGBD(): 17.6332ms
Frame 198 end
Average processing time of GrabImageRGBD(): 17.6076ms
Frame 199 end
Average processing time of GrabImageRGBD(): 17.5861ms
Frame 200 end
Average processing time of GrabImageRGBD(): 17.7055ms
Frame 201 end
Average processing time of GrabImageRGBD(): 17.689ms
Frame 202 end
Average processing time of GrabImageRGBD(): 17.6616ms
Frame 203 end
Average processing time of GrabImageRGBD(): 17.6243ms
Frame 204 end
Average processing time of GrabImageRGBD(): 17.6069ms
Frame 205 end
Average processing time of GrabImageRGBD(): 17.5678ms
Frame 206 end
Average processing time of GrabImageRGBD(): 17.6603ms
Frame 207 end
Average processing time of GrabImageRGBD(): 17.6436ms
Frame 208 end
Average processing time of GrabImageRGBD(): 17.6266ms
Frame 209 end
Average processing time of GrabImageRGBD(): 17.6096ms
Frame 210 end
Average processing time of GrabImageRGBD(): 17.5682ms
Frame 211 end
Average processing time of GrabImageRGBD(): 17.5529ms
Frame 212 end
Average processing time of GrabImageRGBD(): 17.6388ms
Frame 213 end
Average processing time of GrabImageRGBD(): 17.7502ms
Frame 214 end
Average processing time of GrabImageRGBD(): 17.7149ms
Frame 215 end
Average processing time of GrabImageRGBD(): 17.8184ms
Frame 216 end
Average processing time of GrabImageRGBD(): 17.9079ms
Frame 217 end
Average processing time of GrabImageRGBD(): 17.8829ms
Frame 218 end
Average processing time of GrabImageRGBD(): 18.0073ms
Frame 219 end
Average processing time of GrabImageRGBD(): 18.075ms
Frame 220 end
Average processing time of GrabImageRGBD(): 18.0567ms
Frame 221 end
Average processing time of GrabImageRGBD(): 18.0137ms
Frame 222 end
Average processing time of GrabImageRGBD(): 17.9773ms
Frame 223 end
Average processing time of GrabImageRGBD(): 17.942ms
Frame 224 end
Average processing time of GrabImageRGBD(): 17.8932ms
Frame 225 end
Average processing time of GrabImageRGBD(): 17.9558ms
Frame 226 end
Average processing time of GrabImageRGBD(): 17.941ms
Frame 227 end
Average processing time of GrabImageRGBD(): 17.9221ms
Frame 228 end
Average processing time of GrabImageRGBD(): 17.9028ms
Frame 229 end
Average processing time of GrabImageRGBD(): 17.8758ms
Frame 230 end
Average processing time of GrabImageRGBD(): 17.8392ms
Frame 231 end
Average processing time of GrabImageRGBD(): 17.9058ms
Frame 232 end
Average processing time of GrabImageRGBD(): 17.8598ms
Frame 233 end
Average processing time of GrabImageRGBD(): 17.7985ms
Frame 234 end
Average processing time of GrabImageRGBD(): 17.7488ms
Frame 235 end
Average processing time of GrabImageRGBD(): 17.7241ms
Frame 236 end
Average processing time of GrabImageRGBD(): 17.6993ms
Frame 237 end
Average processing time of GrabImageRGBD(): 17.7765ms
Frame 238 end
Average processing time of GrabImageRGBD(): 17.7616ms
Frame 239 end
Average processing time of GrabImageRGBD(): 17.7463ms
Frame 240 end
Average processing time of GrabImageRGBD(): 17.7212ms
Frame 241 end
Average processing time of GrabImageRGBD(): 17.6941ms
Frame 242 end
Average processing time of GrabImageRGBD(): 17.7654ms
Frame 243 end
Average processing time of GrabImageRGBD(): 17.7497ms
Frame 244 end
Average processing time of GrabImageRGBD(): 17.7209ms
Frame 245 end
Average processing time of GrabImageRGBD(): 17.7062ms
Frame 246 end
Average processing time of GrabImageRGBD(): 17.6921ms
Frame 247 end
Average processing time of GrabImageRGBD(): 17.7613ms
Frame 248 end
Average processing time of GrabImageRGBD(): 17.7302ms
Frame 249 end
Average processing time of GrabImageRGBD(): 17.7049ms
Frame 250 end
Average processing time of GrabImageRGBD(): 17.6798ms
Frame 251 end
Average processing time of GrabImageRGBD(): 17.6582ms
Frame 252 end
Average processing time of GrabImageRGBD(): 17.6327ms
Frame 253 end
Average processing time of GrabImageRGBD(): 17.6111ms
Frame 254 end
Average processing time of GrabImageRGBD(): 17.6698ms
Frame 255 end
Average processing time of GrabImageRGBD(): 17.648ms
Frame 256 end
Average processing time of GrabImageRGBD(): 17.6275ms
Frame 257 end
Average processing time of GrabImageRGBD(): 17.5925ms
Frame 258 end
Average processing time of GrabImageRGBD(): 17.563ms
Frame 259 end
Average processing time of GrabImageRGBD(): 17.5436ms
Frame 260 end
Average processing time of GrabImageRGBD(): 17.6139ms
Frame 261 end
Average processing time of GrabImageRGBD(): 17.5924ms
Frame 262 end
Average processing time of GrabImageRGBD(): 17.5762ms
Frame 263 end
Average processing time of GrabImageRGBD(): 17.5515ms
Frame 264 end
Average processing time of GrabImageRGBD(): 17.5285ms
Frame 265 end
Average processing time of GrabImageRGBD(): 17.5102ms
Frame 266 end
Average processing time of GrabImageRGBD(): 17.4845ms
Frame 267 end
Average processing time of GrabImageRGBD(): 17.5505ms
Frame 268 end
Average processing time of GrabImageRGBD(): 17.5263ms
Frame 269 end
Average processing time of GrabImageRGBD(): 17.4962ms
Frame 270 end
Average processing time of GrabImageRGBD(): 17.465ms
Frame 271 end
Average processing time of GrabImageRGBD(): 17.4488ms
Frame 272 end
Average processing time of GrabImageRGBD(): 17.4318ms
Frame 273 end
Average processing time of GrabImageRGBD(): 17.3991ms
Frame 274 end
Average processing time of GrabImageRGBD(): 17.4606ms
Frame 275 end
Average processing time of GrabImageRGBD(): 17.4449ms
Frame 276 end
Average processing time of GrabImageRGBD(): 17.4276ms
Frame 277 end
Average processing time of GrabImageRGBD(): 17.4131ms
Frame 278 end
Average processing time of GrabImageRGBD(): 17.3916ms
Frame 279 end
Average processing time of GrabImageRGBD(): 17.374ms
Frame 280 end
Average processing time of GrabImageRGBD(): 17.3534ms
Frame 281 end
Average processing time of GrabImageRGBD(): 17.411ms
Frame 282 end
Average processing time of GrabImageRGBD(): 17.3925ms
Frame 283 end
Average processing time of GrabImageRGBD(): 17.3767ms
Frame 284 end
Average processing time of GrabImageRGBD(): 17.35ms
Frame 285 end
Average processing time of GrabImageRGBD(): 17.3379ms
Frame 286 end
Average processing time of GrabImageRGBD(): 17.3159ms
Frame 287 end
Average processing time of GrabImageRGBD(): 17.2958ms
Frame 288 end
Average processing time of GrabImageRGBD(): 17.2789ms
Frame 289 end
Average processing time of GrabImageRGBD(): 17.3332ms
Frame 290 end
Average processing time of GrabImageRGBD(): 17.313ms
Frame 291 end
Average processing time of GrabImageRGBD(): 17.2964ms
Frame 292 end
Average processing time of GrabImageRGBD(): 17.2834ms
Frame 293 end
Average processing time of GrabImageRGBD(): 17.2623ms
Frame 294 end
Average processing time of GrabImageRGBD(): 17.2483ms
Frame 295 end
Average processing time of GrabImageRGBD(): 17.2272ms
Frame 296 end
Average processing time of GrabImageRGBD(): 17.218ms
Frame 297 end
Average processing time of GrabImageRGBD(): 17.2825ms
Frame 298 end
Average processing time of GrabImageRGBD(): 17.2644ms
Frame 299 end
Average processing time of GrabImageRGBD(): 17.2527ms
Frame 300 end
Average processing time of GrabImageRGBD(): 17.233ms
Frame 301 end
Average processing time of GrabImageRGBD(): 17.219ms
Frame 302 end
Average processing time of GrabImageRGBD(): 17.1998ms
Frame 303 end
Average processing time of GrabImageRGBD(): 17.1828ms
Frame 304 end
Average processing time of GrabImageRGBD(): 17.1677ms
Frame 305 end
Average processing time of GrabImageRGBD(): 17.2646ms
Frame 306 end
Average processing time of GrabImageRGBD(): 17.2492ms
Frame 307 end
Average processing time of GrabImageRGBD(): 17.2392ms
Frame 308 end
Average processing time of GrabImageRGBD(): 17.2086ms
Frame 309 end
Average processing time of GrabImageRGBD(): 17.1812ms
Frame 310 end
Average processing time of GrabImageRGBD(): 17.1692ms
Frame 311 end
Average processing time of GrabImageRGBD(): 17.1569ms
Frame 312 end
Average processing time of GrabImageRGBD(): 17.1194ms
Frame 313 end
Average processing time of GrabImageRGBD(): 17.1732ms
Frame 314 end
Average processing time of GrabImageRGBD(): 17.1481ms
Frame 315 end
Average processing time of GrabImageRGBD(): 17.1281ms
Frame 316 end
Average processing time of GrabImageRGBD(): 17.1128ms
Frame 317 end
Average processing time of GrabImageRGBD(): 17.0949ms
Frame 318 end
Average processing time of GrabImageRGBD(): 17.0799ms
Frame 319 end
Average processing time of GrabImageRGBD(): 17.0667ms
Frame 320 end
Average processing time of GrabImageRGBD(): 17.153ms
Frame 321 end
Average processing time of GrabImageRGBD(): 17.1456ms
Frame 322 end
Average processing time of GrabImageRGBD(): 17.1242ms
Frame 323 end
Average processing time of GrabImageRGBD(): 17.1129ms
Frame 324 end
Average processing time of GrabImageRGBD(): 17.1016ms
Frame 325 end
Average processing time of GrabImageRGBD(): 17.0909ms
Frame 326 end
Average processing time of GrabImageRGBD(): 17.0811ms
Frame 327 end
Average processing time of GrabImageRGBD(): 17.0637ms
Frame 328 end
Average processing time of GrabImageRGBD(): 17.0517ms
Frame 329 end
Average processing time of GrabImageRGBD(): 17.1001ms
Frame 330 end
Average processing time of GrabImageRGBD(): 17.0967ms
Frame 331 end
Average processing time of GrabImageRGBD(): 17.0823ms
Frame 332 end
Average processing time of GrabImageRGBD(): 17.0698ms
Frame 333 end
Average processing time of GrabImageRGBD(): 17.0595ms
Frame 334 end
Average processing time of GrabImageRGBD(): 17.0439ms
Frame 335 end
Average processing time of GrabImageRGBD(): 17.0271ms
Frame 336 end
Average processing time of GrabImageRGBD(): 17.0097ms
Frame 337 end
Average processing time of GrabImageRGBD(): 17.0704ms
Frame 338 end
Average processing time of GrabImageRGBD(): 17.0623ms
Frame 339 end
Average processing time of GrabImageRGBD(): 17.0439ms
Frame 340 end
Average processing time of GrabImageRGBD(): 17.0346ms
Frame 341 end
Average processing time of GrabImageRGBD(): 17.01ms
Frame 342 end
Average processing time of GrabImageRGBD(): 16.9931ms
Frame 343 end
Average processing time of GrabImageRGBD(): 16.9699ms
Frame 344 end
Average processing time of GrabImageRGBD(): 16.9615ms
Frame 345 end
Average processing time of GrabImageRGBD(): 17.0341ms
Frame 346 end
Average processing time of GrabImageRGBD(): 17.015ms
Frame 347 end
Average processing time of GrabImageRGBD(): 16.9835ms
Frame 348 end
Average processing time of GrabImageRGBD(): 16.9459ms
Frame 349 end
Average processing time of GrabImageRGBD(): 16.9224ms
Frame 350 end
Average processing time of GrabImageRGBD(): 16.9035ms
Frame 351 end
Average processing time of GrabImageRGBD(): 16.8855ms
Frame 352 end
Average processing time of GrabImageRGBD(): 16.8685ms
Frame 353 end
Average processing time of GrabImageRGBD(): 16.8444ms
Frame 354 end
Average processing time of GrabImageRGBD(): 16.8931ms
Frame 355 end
Average processing time of GrabImageRGBD(): 16.8714ms
Frame 356 end
Average processing time of GrabImageRGBD(): 16.8601ms
Frame 357 end
Average processing time of GrabImageRGBD(): 16.849ms
Frame 358 end
Average processing time of GrabImageRGBD(): 16.8281ms
Frame 359 end
Average processing time of GrabImageRGBD(): 16.8142ms
Frame 360 end
Average processing time of GrabImageRGBD(): 16.7951ms
Frame 361 end
Average processing time of GrabImageRGBD(): 16.782ms
Frame 362 end
Average processing time of GrabImageRGBD(): 16.7573ms
Frame 363 end
Average processing time of GrabImageRGBD(): 16.8132ms
Frame 364 end
Average processing time of GrabImageRGBD(): 16.7916ms
Frame 365 end
Average processing time of GrabImageRGBD(): 16.7806ms
Frame 366 end
Average processing time of GrabImageRGBD(): 16.7649ms
Frame 367 end
Average processing time of GrabImageRGBD(): 16.7361ms
Frame 368 end
Average processing time of GrabImageRGBD(): 16.7238ms
Frame 369 end
Average processing time of GrabImageRGBD(): 16.7073ms
Frame 370 end
Average processing time of GrabImageRGBD(): 16.6957ms
Frame 371 end
Average processing time of GrabImageRGBD(): 16.748ms
Frame 372 end
Average processing time of GrabImageRGBD(): 16.737ms
Frame 373 end
Average processing time of GrabImageRGBD(): 16.7288ms
Frame 374 end
Average processing time of GrabImageRGBD(): 16.7155ms
Frame 375 end
Average processing time of GrabImageRGBD(): 16.707ms
Frame 376 end
Average processing time of GrabImageRGBD(): 16.6962ms
Frame 377 end
Average processing time of GrabImageRGBD(): 16.6768ms
Frame 378 end
Average processing time of GrabImageRGBD(): 16.6687ms
Frame 379 end
Average processing time of GrabImageRGBD(): 16.6456ms
Frame 380 end
Average processing time of GrabImageRGBD(): 16.7031ms
Frame 381 end
Average processing time of GrabImageRGBD(): 16.6945ms
Frame 382 end
Average processing time of GrabImageRGBD(): 16.6748ms
Frame 383 end
Average processing time of GrabImageRGBD(): 16.6534ms
Frame 384 end
Average processing time of GrabImageRGBD(): 16.6434ms
Frame 385 end
Average processing time of GrabImageRGBD(): 16.6311ms
Frame 386 end
Average processing time of GrabImageRGBD(): 16.6165ms
Frame 387 end
Average processing time of GrabImageRGBD(): 16.6069ms
Frame 388 end
Average processing time of GrabImageRGBD(): 16.584ms
Frame 389 end
Average processing time of GrabImageRGBD(): 16.6284ms
Frame 390 end
Average processing time of GrabImageRGBD(): 16.6016ms
Frame 391 end
Average processing time of GrabImageRGBD(): 16.5934ms
Frame 392 end
Average processing time of GrabImageRGBD(): 16.5873ms
Frame 393 end
Average processing time of GrabImageRGBD(): 16.579ms
Frame 394 end
Average processing time of GrabImageRGBD(): 16.5632ms
Frame 395 end
Average processing time of GrabImageRGBD(): 16.5531ms
Frame 396 end
Average processing time of GrabImageRGBD(): 16.542ms
Frame 397 end
Average processing time of GrabImageRGBD(): 16.5293ms
Frame 398 end
Average processing time of GrabImageRGBD(): 16.6073ms
Frame 399 end
Average processing time of GrabImageRGBD(): 16.5959ms
Frame 400 end
Average processing time of GrabImageRGBD(): 16.5858ms
Frame 401 end
Average processing time of GrabImageRGBD(): 16.576ms
Frame 402 end
Average processing time of GrabImageRGBD(): 16.5566ms
Frame 403 end
Average processing time of GrabImageRGBD(): 16.5441ms
Frame 404 end
Average processing time of GrabImageRGBD(): 16.5342ms
Frame 405 end
Average processing time of GrabImageRGBD(): 16.522ms
Frame 406 end
Average processing time of GrabImageRGBD(): 16.5101ms
Frame 407 end
Average processing time of GrabImageRGBD(): 16.5559ms
Frame 408 end
Average processing time of GrabImageRGBD(): 16.5446ms
Frame 409 end
Average processing time of GrabImageRGBD(): 16.527ms
Frame 410 end
Average processing time of GrabImageRGBD(): 16.5139ms
Frame 411 end
Average processing time of GrabImageRGBD(): 16.502ms
Frame 412 end
Average processing time of GrabImageRGBD(): 16.4901ms
Frame 413 end
Average processing time of GrabImageRGBD(): 16.4829ms
Frame 414 end
Average processing time of GrabImageRGBD(): 16.472ms
Frame 415 end
Average processing time of GrabImageRGBD(): 16.4602ms
Frame 416 end
Average processing time of GrabImageRGBD(): 16.4471ms
Frame 417 end
Average processing time of GrabImageRGBD(): 16.4924ms
Frame 418 end
Average processing time of GrabImageRGBD(): 16.4834ms
Frame 419 end
Average processing time of GrabImageRGBD(): 16.4792ms
Frame 420 end
Average processing time of GrabImageRGBD(): 16.47ms
Frame 421 end
Average processing time of GrabImageRGBD(): 16.466ms
Frame 422 end
Average processing time of GrabImageRGBD(): 16.4574ms
Frame 423 end
Average processing time of GrabImageRGBD(): 16.4411ms
Frame 424 end
Average processing time of GrabImageRGBD(): 16.429ms
Frame 425 end
Average processing time of GrabImageRGBD(): 16.4179ms
Frame 426 end
Average processing time of GrabImageRGBD(): 16.4621ms
Frame 427 end
Average processing time of GrabImageRGBD(): 16.4528ms
Frame 428 end
Average processing time of GrabImageRGBD(): 16.4412ms
Frame 429 end
Average processing time of GrabImageRGBD(): 16.4334ms
Frame 430 end
Average processing time of GrabImageRGBD(): 16.4241ms
Frame 431 end
Average processing time of GrabImageRGBD(): 16.4118ms
Frame 432 end
Average processing time of GrabImageRGBD(): 16.4002ms
Frame 433 end
Average processing time of GrabImageRGBD(): 16.3823ms
Frame 434 end
Average processing time of GrabImageRGBD(): 16.3725ms
Frame 435 end
Average processing time of GrabImageRGBD(): 16.4201ms
Frame 436 end
Average processing time of GrabImageRGBD(): 16.411ms
Frame 437 end
Average processing time of GrabImageRGBD(): 16.4005ms
Frame 438 end
Average processing time of GrabImageRGBD(): 16.39ms
Frame 439 end
Average processing time of GrabImageRGBD(): 16.3801ms
Frame 440 end
Average processing time of GrabImageRGBD(): 16.3691ms
Frame 441 end
Average processing time of GrabImageRGBD(): 16.3594ms
Frame 442 end
Average processing time of GrabImageRGBD(): 16.3486ms
Frame 443 end
Average processing time of GrabImageRGBD(): 16.3384ms
Frame 444 end
Average processing time of GrabImageRGBD(): 16.3891ms
Frame 445 end
Average processing time of GrabImageRGBD(): 16.3809ms
Frame 446 end
Average processing time of GrabImageRGBD(): 16.3707ms
Frame 447 end
Average processing time of GrabImageRGBD(): 16.3623ms
Frame 448 end
Average processing time of GrabImageRGBD(): 16.3525ms
Frame 449 end
Average processing time of GrabImageRGBD(): 16.3443ms
Frame 450 end
Average processing time of GrabImageRGBD(): 16.332ms
Frame 451 end
Average processing time of GrabImageRGBD(): 16.3205ms
Frame 452 end
Average processing time of GrabImageRGBD(): 16.3087ms
Frame 453 end
Average processing time of GrabImageRGBD(): 16.2974ms
Frame 454 end
Average processing time of GrabImageRGBD(): 16.3461ms
Frame 455 end
Average processing time of GrabImageRGBD(): 16.3395ms
Frame 456 end
Average processing time of GrabImageRGBD(): 16.3336ms
Frame 457 end
Average processing time of GrabImageRGBD(): 16.3244ms
Frame 458 end
Average processing time of GrabImageRGBD(): 16.3137ms
Frame 459 end
Average processing time of GrabImageRGBD(): 16.307ms
Frame 460 end
Average processing time of GrabImageRGBD(): 16.2958ms
Frame 461 end
Average processing time of GrabImageRGBD(): 16.2876ms
Frame 462 end
Average processing time of GrabImageRGBD(): 16.2786ms
Frame 463 end
Average processing time of GrabImageRGBD(): 16.2684ms
Frame 464 end
Average processing time of GrabImageRGBD(): 16.2512ms
Frame 465 end
Average processing time of GrabImageRGBD(): 16.2399ms
Frame 466 end
Average processing time of GrabImageRGBD(): 16.2287ms
Frame 467 end
Average processing time of GrabImageRGBD(): 16.2111ms
Frame 468 end
Shutdown
-------

median tracking time: 0.013562
mean tracking time: 0.0170468

Saving camera trajectory to CameraTrajectory.txt ...

Saving keyframe trajectory to KeyFrameTrajectory.txt ...
