
ORB-SLAM3 Copyright (C) 2017-2020 Carlos Campos, Richard Elvira, Juan J. Gómez, José M.M. Montiel and Juan D. Tardós, University of Zaragoza.
ORB-SLAM2 Copyright (C) 2014-2016 Raúl Mur-Artal, José M.M. Montiel and Juan D. Tardós, University of Zaragoza.
This program comes with ABSOLUTELY NO WARRANTY;
This is free software, and you are welcome to redistribute it
under certain conditions. See LICENSE.txt.

Input sensor was set to: RGB-D
Loading settings from /home/bingxin/Downloads/NGD-SLAM/Examples/RGB-D/TUM3.yaml
Camera1.k3 optional parameter does not exist...
	-Loaded camera 1
Camera.newHeight optional parameter does not exist...
Camera.newWidth optional parameter does not exist...
	-Loaded image info
	-Loaded RGB-D calibration
	-Loaded ORB settings
Viewer.imageViewScale optional parameter does not exist...
	-Loaded viewer settings
System.LoadAtlasFromFile optional parameter does not exist...
System.SaveAtlasToFile optional parameter does not exist...
	-Loaded Atlas settings
System.thFarPoints optional parameter does not exist...
	-Loaded misc parameters
----------------------------------
SLAM settings: 
	-Camera 1 parameters (Pinhole): [ 535.4 539.2 320.1 247.6 ]
	-Camera 1 distortion parameters: [  0 0 0 0 ]
	-Original image size: [ 640 , 480 ]
	-Current image size: [ 640 , 480 ]
	-Sequence FPS: 30
	-RGB-D depth map factor: 5000
	-Features per image: 1000
	-ORB scale factor: 1.2
	-ORB number of scales: 8
	-Initial FAST threshold: 20
	-Min FAST threshold: 7


Loading ORB Vocabulary. This could take a while...
Vocabulary loaded!

Initialization of Atlas from scratch 
Creation of new map with id: 0
Creation of new map with last KF id: 0
Seq. Name: 
There are 1 cameras in the atlas
Camera 0 is pinhole
Net use yolo-fastest

-------
Start processing sequence ...
Images in the sequence: 1219

First KF:0; Map init KF:0
New Map created with 463 points
Average processing time of GrabImageRGBD(): 47.1447ms
Frame 0 end
Average processing time of GrabImageRGBD(): 39.2662ms
Frame 1 end
Average processing time of GrabImageRGBD(): 35.9561ms
Frame 2 end
Average processing time of GrabImageRGBD(): 30.3461ms
Frame 3 end
Average processing time of GrabImageRGBD(): 26.4813ms
Frame 4 end
Average processing time of GrabImageRGBD(): 24.1918ms
Frame 5 end
Starting the Viewer
Average processing time of GrabImageRGBD(): 22.1313ms
Frame 6 end
Average processing time of GrabImageRGBD(): 21.2647ms
Frame 7 end
Average processing time of GrabImageRGBD(): 20.2285ms
Frame 8 end
Average processing time of GrabImageRGBD(): 19.2788ms
Frame 9 end
Average processing time of GrabImageRGBD(): 20.4184ms
Frame 10 end
Average processing time of GrabImageRGBD(): 19.8099ms
Frame 11 end
Average processing time of GrabImageRGBD(): 19.2533ms
Frame 12 end
Average processing time of GrabImageRGBD(): 18.7724ms
Frame 13 end
Average processing time of GrabImageRGBD(): 18.1167ms
Frame 14 end
Average processing time of GrabImageRGBD(): 17.7025ms
Frame 15 end
Average processing time of GrabImageRGBD(): 17.4956ms
Frame 16 end
Average processing time of GrabImageRGBD(): 17.1641ms
Frame 17 end
Average processing time of GrabImageRGBD(): 16.8421ms
Frame 18 end
Average processing time of GrabImageRGBD(): 17.4132ms
Frame 19 end
Average processing time of GrabImageRGBD(): 17.184ms
Frame 20 end
Average processing time of GrabImageRGBD(): 17.0055ms
Frame 21 end
Average processing time of GrabImageRGBD(): 16.7852ms
Frame 22 end
Average processing time of GrabImageRGBD(): 16.6073ms
Frame 23 end
Average processing time of GrabImageRGBD(): 16.4364ms
Frame 24 end
Average processing time of GrabImageRGBD(): 16.2221ms
Frame 25 end
Average processing time of GrabImageRGBD(): 16.0304ms
Frame 26 end
Average processing time of GrabImageRGBD(): 16.5662ms
Frame 27 end
Average processing time of GrabImageRGBD(): 16.4823ms
Frame 28 end
Average processing time of GrabImageRGBD(): 16.3531ms
Frame 29 end
Average processing time of GrabImageRGBD(): 16.2655ms
Frame 30 end
Average processing time of GrabImageRGBD(): 16.1784ms
Frame 31 end
Average processing time of GrabImageRGBD(): 16.6335ms
Frame 32 end
Average processing time of GrabImageRGBD(): 16.4795ms
Frame 33 end
Average processing time of GrabImageRGBD(): 16.918ms
Frame 34 end
Average processing time of GrabImageRGBD(): 16.8018ms
Frame 35 end
Average processing time of GrabImageRGBD(): 16.6871ms
Frame 36 end
Average processing time of GrabImageRGBD(): 16.5829ms
Frame 37 end
Average processing time of GrabImageRGBD(): 16.4467ms
Frame 38 end
Average processing time of GrabImageRGBD(): 16.3188ms
Frame 39 end
Average processing time of GrabImageRGBD(): 16.2279ms
Frame 40 end
Average processing time of GrabImageRGBD(): 16.13ms
Frame 41 end
Average processing time of GrabImageRGBD(): 16.097ms
Frame 42 end
Average processing time of GrabImageRGBD(): 16.4554ms
Frame 43 end
Average processing time of GrabImageRGBD(): 16.344ms
Frame 44 end
Average processing time of GrabImageRGBD(): 16.2199ms
Frame 45 end
Average processing time of GrabImageRGBD(): 16.1707ms
Frame 46 end
Average processing time of GrabImageRGBD(): 16.1049ms
Frame 47 end
Average processing time of GrabImageRGBD(): 16.0145ms
Frame 48 end
Average processing time of GrabImageRGBD(): 15.9358ms
Frame 49 end
Average processing time of GrabImageRGBD(): 16.2443ms
Frame 50 end
Average processing time of GrabImageRGBD(): 16.1398ms
Frame 51 end
Average processing time of GrabImageRGBD(): 16.4416ms
Frame 52 end
Average processing time of GrabImageRGBD(): 16.3842ms
Frame 53 end
Average processing time of GrabImageRGBD(): 16.3232ms
Frame 54 end
Average processing time of GrabImageRGBD(): 16.2541ms
Frame 55 end
Average processing time of GrabImageRGBD(): 16.1715ms
Frame 56 end
Average processing time of GrabImageRGBD(): 16.1338ms
Frame 57 end
Average processing time of GrabImageRGBD(): 16.0933ms
Frame 58 end
Average processing time of GrabImageRGBD(): 16.0087ms
Frame 59 end
Average processing time of GrabImageRGBD(): 15.9482ms
Frame 60 end
Average processing time of GrabImageRGBD(): 15.8953ms
Frame 61 end
Average processing time of GrabImageRGBD(): 15.838ms
Frame 62 end
Average processing time of GrabImageRGBD(): 15.8016ms
Frame 63 end
Average processing time of GrabImageRGBD(): 15.7884ms
Frame 64 end
Average processing time of GrabImageRGBD(): 15.6963ms
Frame 65 end
Average processing time of GrabImageRGBD(): 15.6489ms
Frame 66 end
Average processing time of GrabImageRGBD(): 15.5969ms
Frame 67 end
Average processing time of GrabImageRGBD(): 15.5301ms
Frame 68 end
Average processing time of GrabImageRGBD(): 15.4736ms
Frame 69 end
Average processing time of GrabImageRGBD(): 15.6882ms
Frame 70 end
Average processing time of GrabImageRGBD(): 15.6409ms
Frame 71 end
Average processing time of GrabImageRGBD(): 15.6001ms
Frame 72 end
Average processing time of GrabImageRGBD(): 15.5581ms
Frame 73 end
Average processing time of GrabImageRGBD(): 15.8571ms
Frame 74 end
Average processing time of GrabImageRGBD(): 15.8332ms
Frame 75 end
Average processing time of GrabImageRGBD(): 15.7923ms
Frame 76 end
Average processing time of GrabImageRGBD(): 16.0039ms
Frame 77 end
Average processing time of GrabImageRGBD(): 15.943ms
Frame 78 end
Average processing time of GrabImageRGBD(): 16.1402ms
Frame 79 end
Average processing time of GrabImageRGBD(): 16.1ms
Frame 80 end
Average processing time of GrabImageRGBD(): 16.0507ms
Frame 81 end
Average processing time of GrabImageRGBD(): 16.0073ms
Frame 82 end
Average processing time of GrabImageRGBD(): 15.9618ms
Frame 83 end
Average processing time of GrabImageRGBD(): 15.9312ms
Frame 84 end
Average processing time of GrabImageRGBD(): 15.8733ms
Frame 85 end
Average processing time of GrabImageRGBD(): 16.0487ms
Frame 86 end
Average processing time of GrabImageRGBD(): 16.0061ms
Frame 87 end
Average processing time of GrabImageRGBD(): 15.9531ms
Frame 88 end
Average processing time of GrabImageRGBD(): 16.137ms
Frame 89 end
Average processing time of GrabImageRGBD(): 16.0885ms
Frame 90 end
Average processing time of GrabImageRGBD(): 16.0483ms
Frame 91 end
Average processing time of GrabImageRGBD(): 16.0115ms
Frame 92 end
Average processing time of GrabImageRGBD(): 15.962ms
Frame 93 end
Average processing time of GrabImageRGBD(): 15.8974ms
Frame 94 end
Average processing time of GrabImageRGBD(): 16.0592ms
Frame 95 end
Average processing time of GrabImageRGBD(): 16.0233ms
Frame 96 end
Average processing time of GrabImageRGBD(): 16.1926ms
Frame 97 end
Average processing time of GrabImageRGBD(): 16.1679ms
Frame 98 end
Average processing time of GrabImageRGBD(): 16.3138ms
Frame 99 end
Average processing time of GrabImageRGBD(): 16.276ms
Frame 100 end
Average processing time of GrabImageRGBD(): 16.4108ms
Frame 101 end
Average processing time of GrabImageRGBD(): 16.3854ms
Frame 102 end
Average processing time of GrabImageRGBD(): 16.526ms
Frame 103 end
Average processing time of GrabImageRGBD(): 16.4988ms
Frame 104 end
Average processing time of GrabImageRGBD(): 16.4717ms
Frame 105 end
Average processing time of GrabImageRGBD(): 16.617ms
Frame 106 end
Average processing time of GrabImageRGBD(): 16.5772ms
Frame 107 end
Average processing time of GrabImageRGBD(): 16.5051ms
Frame 108 end
Average processing time of GrabImageRGBD(): 16.4612ms
Frame 109 end
Average processing time of GrabImageRGBD(): 16.4016ms
Frame 110 end
Average processing time of GrabImageRGBD(): 16.5446ms
Frame 111 end
Average processing time of GrabImageRGBD(): 16.511ms
Frame 112 end
Average processing time of GrabImageRGBD(): 16.4805ms
Frame 113 end
Average processing time of GrabImageRGBD(): 16.6202ms
Frame 114 end
Average processing time of GrabImageRGBD(): 16.56ms
Frame 115 end
Average processing time of GrabImageRGBD(): 16.5393ms
Frame 116 end
Average processing time of GrabImageRGBD(): 16.5036ms
Frame 117 end
Average processing time of GrabImageRGBD(): 16.6282ms
Frame 118 end
Average processing time of GrabImageRGBD(): 16.5994ms
Frame 119 end
Average processing time of GrabImageRGBD(): 16.5553ms
Frame 120 end
Average processing time of GrabImageRGBD(): 16.5108ms
Frame 121 end
Average processing time of GrabImageRGBD(): 16.4605ms
Frame 122 end
Average processing time of GrabImageRGBD(): 16.5924ms
Frame 123 end
Average processing time of GrabImageRGBD(): 16.5634ms
Frame 124 end
Average processing time of GrabImageRGBD(): 16.5235ms
Frame 125 end
Average processing time of GrabImageRGBD(): 16.6323ms
Frame 126 end
Average processing time of GrabImageRGBD(): 16.6012ms
Frame 127 end
Average processing time of GrabImageRGBD(): 16.5719ms
Frame 128 end
Average processing time of GrabImageRGBD(): 16.5132ms
Frame 129 end
Average processing time of GrabImageRGBD(): 16.463ms
Frame 130 end
Average processing time of GrabImageRGBD(): 16.3999ms
Frame 131 end
Average processing time of GrabImageRGBD(): 16.3549ms
Frame 132 end
Average processing time of GrabImageRGBD(): 16.3233ms
Frame 133 end
Average processing time of GrabImageRGBD(): 16.2757ms
Frame 134 end
Average processing time of GrabImageRGBD(): 16.2152ms
Frame 135 end
Average processing time of GrabImageRGBD(): 16.1737ms
Frame 136 end
Average processing time of GrabImageRGBD(): 16.1512ms
Frame 137 end
Average processing time of GrabImageRGBD(): 16.1085ms
Frame 138 end
Average processing time of GrabImageRGBD(): 16.0688ms
Frame 139 end
Average processing time of GrabImageRGBD(): 16.0322ms
Frame 140 end
Average processing time of GrabImageRGBD(): 16.0072ms
Frame 141 end
Average processing time of GrabImageRGBD(): 15.9632ms
Frame 142 end
Average processing time of GrabImageRGBD(): 15.9231ms
Frame 143 end
Average processing time of GrabImageRGBD(): 15.887ms
Frame 144 end
Average processing time of GrabImageRGBD(): 15.8565ms
Frame 145 end
Average processing time of GrabImageRGBD(): 15.9544ms
Frame 146 end
Average processing time of GrabImageRGBD(): 15.9263ms
Frame 147 end
Average processing time of GrabImageRGBD(): 15.9025ms
Frame 148 end
Average processing time of GrabImageRGBD(): 15.9992ms
Frame 149 end
Average processing time of GrabImageRGBD(): 15.9825ms
Frame 150 end
Average processing time of GrabImageRGBD(): 15.9578ms
Frame 151 end
Average processing time of GrabImageRGBD(): 15.9166ms
Frame 152 end
Average processing time of GrabImageRGBD(): 15.8895ms
Frame 153 end
Average processing time of GrabImageRGBD(): 15.8667ms
Frame 154 end
Average processing time of GrabImageRGBD(): 15.8038ms
Frame 155 end
Average processing time of GrabImageRGBD(): 15.7709ms
Frame 156 end
Average processing time of GrabImageRGBD(): 15.7341ms
Frame 157 end
Average processing time of GrabImageRGBD(): 15.7092ms
Frame 158 end
Average processing time of GrabImageRGBD(): 15.6818ms
Frame 159 end
Average processing time of GrabImageRGBD(): 15.6438ms
Frame 160 end
Average processing time of GrabImageRGBD(): 15.6103ms
Frame 161 end
Average processing time of GrabImageRGBD(): 15.5654ms
Frame 162 end
Average processing time of GrabImageRGBD(): 15.5315ms
Frame 163 end
Average processing time of GrabImageRGBD(): 15.6187ms
Frame 164 end
Average processing time of GrabImageRGBD(): 15.5996ms
Frame 165 end
Average processing time of GrabImageRGBD(): 15.5601ms
Frame 166 end
Average processing time of GrabImageRGBD(): 15.5442ms
Frame 167 end
Average processing time of GrabImageRGBD(): 15.5173ms
Frame 168 end
Average processing time of GrabImageRGBD(): 15.4715ms
Frame 169 end
Average processing time of GrabImageRGBD(): 15.4519ms
Frame 170 end
Average processing time of GrabImageRGBD(): 15.4255ms
Frame 171 end
Average processing time of GrabImageRGBD(): 15.4038ms
Frame 172 end
Average processing time of GrabImageRGBD(): 15.3743ms
Frame 173 end
Average processing time of GrabImageRGBD(): 15.3499ms
Frame 174 end
Average processing time of GrabImageRGBD(): 15.3135ms
Frame 175 end
Average processing time of GrabImageRGBD(): 15.3971ms
Frame 176 end
Average processing time of GrabImageRGBD(): 15.3833ms
Frame 177 end
Average processing time of GrabImageRGBD(): 15.3511ms
Frame 178 end
Average processing time of GrabImageRGBD(): 15.341ms
Frame 179 end
Average processing time of GrabImageRGBD(): 15.4395ms
Frame 180 end
Average processing time of GrabImageRGBD(): 15.4249ms
Frame 181 end
Average processing time of GrabImageRGBD(): 15.4091ms
Frame 182 end
Average processing time of GrabImageRGBD(): 15.5023ms
Frame 183 end
Average processing time of GrabImageRGBD(): 15.4867ms
Frame 184 end
Average processing time of GrabImageRGBD(): 15.4723ms
Frame 185 end
Average processing time of GrabImageRGBD(): 15.4627ms
Frame 186 end
Average processing time of GrabImageRGBD(): 15.547ms
Frame 187 end
Average processing time of GrabImageRGBD(): 15.5389ms
Frame 188 end
Average processing time of GrabImageRGBD(): 15.5156ms
Frame 189 end
Average processing time of GrabImageRGBD(): 15.5047ms
Frame 190 end
Average processing time of GrabImageRGBD(): 15.5948ms
Frame 191 end
Average processing time of GrabImageRGBD(): 15.5811ms
Frame 192 end
Average processing time of GrabImageRGBD(): 15.5719ms
Frame 193 end
Average processing time of GrabImageRGBD(): 15.553ms
Frame 194 end
Average processing time of GrabImageRGBD(): 15.5413ms
Frame 195 end
Average processing time of GrabImageRGBD(): 15.5195ms
Frame 196 end
Average processing time of GrabImageRGBD(): 15.5057ms
Frame 197 end
Average processing time of GrabImageRGBD(): 15.4944ms
Frame 198 end
Average processing time of GrabImageRGBD(): 15.4801ms
Frame 199 end
Average processing time of GrabImageRGBD(): 15.4638ms
Frame 200 end
Average processing time of GrabImageRGBD(): 15.4347ms
Frame 201 end
Average processing time of GrabImageRGBD(): 15.426ms
Frame 202 end
Average processing time of GrabImageRGBD(): 15.4163ms
Frame 203 end
Average processing time of GrabImageRGBD(): 15.4058ms
Frame 204 end
Average processing time of GrabImageRGBD(): 15.3976ms
Frame 205 end
Average processing time of GrabImageRGBD(): 15.3705ms
Frame 206 end
Average processing time of GrabImageRGBD(): 15.3571ms
Frame 207 end
Average processing time of GrabImageRGBD(): 15.3449ms
Frame 208 end
Average processing time of GrabImageRGBD(): 15.32ms
Frame 209 end
Average processing time of GrabImageRGBD(): 15.306ms
Frame 210 end
Average processing time of GrabImageRGBD(): 15.2898ms
Frame 211 end
Average processing time of GrabImageRGBD(): 15.273ms
Frame 212 end
Average processing time of GrabImageRGBD(): 15.2575ms
Frame 213 end
Average processing time of GrabImageRGBD(): 15.2439ms
Frame 214 end
Average processing time of GrabImageRGBD(): 15.2239ms
Frame 215 end
Average processing time of GrabImageRGBD(): 15.2143ms
Frame 216 end
Average processing time of GrabImageRGBD(): 15.2926ms
Frame 217 end
Average processing time of GrabImageRGBD(): 15.2763ms
Frame 218 end
Average processing time of GrabImageRGBD(): 15.2719ms
Frame 219 end
Average processing time of GrabImageRGBD(): 15.2619ms
Frame 220 end
Average processing time of GrabImageRGBD(): 15.3378ms
Frame 221 end
Average processing time of GrabImageRGBD(): 15.3253ms
Frame 222 end
Average processing time of GrabImageRGBD(): 15.3178ms
Frame 223 end
Average processing time of GrabImageRGBD(): 15.3132ms
Frame 224 end
Average processing time of GrabImageRGBD(): 15.3051ms
Frame 225 end
Average processing time of GrabImageRGBD(): 15.2879ms
Frame 226 end
Average processing time of GrabImageRGBD(): 15.2768ms
Frame 227 end
Average processing time of GrabImageRGBD(): 15.2732ms
Frame 228 end
Average processing time of GrabImageRGBD(): 15.2612ms
Frame 229 end
Average processing time of GrabImageRGBD(): 15.3446ms
Frame 230 end
Average processing time of GrabImageRGBD(): 15.3415ms
Frame 231 end
Average processing time of GrabImageRGBD(): 15.3447ms
Frame 232 end
Average processing time of GrabImageRGBD(): 15.3429ms
Frame 233 end
Average processing time of GrabImageRGBD(): 15.3297ms
Frame 234 end
Average processing time of GrabImageRGBD(): 15.3212ms
Frame 235 end
Average processing time of GrabImageRGBD(): 15.3096ms
Frame 236 end
Average processing time of GrabImageRGBD(): 15.3034ms
Frame 237 end
Average processing time of GrabImageRGBD(): 15.2924ms
Frame 238 end
Average processing time of GrabImageRGBD(): 15.2786ms
Frame 239 end
Average processing time of GrabImageRGBD(): 15.2692ms
Frame 240 end
Average processing time of GrabImageRGBD(): 15.2643ms
Frame 241 end
Average processing time of GrabImageRGBD(): 15.257ms
Frame 242 end
Average processing time of GrabImageRGBD(): 15.3302ms
Frame 243 end
Average processing time of GrabImageRGBD(): 15.3248ms
Frame 244 end
Average processing time of GrabImageRGBD(): 15.3262ms
Frame 245 end
Average processing time of GrabImageRGBD(): 15.3118ms
Frame 246 end
Average processing time of GrabImageRGBD(): 15.3086ms
Frame 247 end
Average processing time of GrabImageRGBD(): 15.3057ms
Frame 248 end
Average processing time of GrabImageRGBD(): 15.2896ms
Frame 249 end
Average processing time of GrabImageRGBD(): 15.2826ms
Frame 250 end
Average processing time of GrabImageRGBD(): 15.2733ms
Frame 251 end
Average processing time of GrabImageRGBD(): 15.2619ms
Frame 252 end
Average processing time of GrabImageRGBD(): 15.256ms
Frame 253 end
Average processing time of GrabImageRGBD(): 15.2452ms
Frame 254 end
Average processing time of GrabImageRGBD(): 15.3126ms
Frame 255 end
Average processing time of GrabImageRGBD(): 15.3089ms
Frame 256 end
Average processing time of GrabImageRGBD(): 15.299ms
Frame 257 end
Average processing time of GrabImageRGBD(): 15.2839ms
Frame 258 end
Average processing time of GrabImageRGBD(): 15.3593ms
Frame 259 end
Average processing time of GrabImageRGBD(): 15.3506ms
Frame 260 end
Average processing time of GrabImageRGBD(): 15.3454ms
Frame 261 end
Average processing time of GrabImageRGBD(): 15.3404ms
Frame 262 end
Average processing time of GrabImageRGBD(): 15.3331ms
Frame 263 end
Average processing time of GrabImageRGBD(): 15.4028ms
Frame 264 end
Average processing time of GrabImageRGBD(): 15.3945ms
Frame 265 end
Average processing time of GrabImageRGBD(): 15.3932ms
Frame 266 end
Average processing time of GrabImageRGBD(): 15.3872ms
Frame 267 end
Average processing time of GrabImageRGBD(): 15.463ms
Frame 268 end
Average processing time of GrabImageRGBD(): 15.4481ms
Frame 269 end
Average processing time of GrabImageRGBD(): 15.4464ms
Frame 270 end
Average processing time of GrabImageRGBD(): 15.4423ms
Frame 271 end
Average processing time of GrabImageRGBD(): 15.4329ms
Frame 272 end
Average processing time of GrabImageRGBD(): 15.5022ms
Frame 273 end
Average processing time of GrabImageRGBD(): 15.4973ms
Frame 274 end
Average processing time of GrabImageRGBD(): 15.4865ms
Frame 275 end
Average processing time of GrabImageRGBD(): 15.4795ms
Frame 276 end
Average processing time of GrabImageRGBD(): 15.4775ms
Frame 277 end
Average processing time of GrabImageRGBD(): 15.4625ms
Frame 278 end
Average processing time of GrabImageRGBD(): 15.4552ms
Frame 279 end
Average processing time of GrabImageRGBD(): 15.4477ms
Frame 280 end
Average processing time of GrabImageRGBD(): 15.4394ms
Frame 281 end
Average processing time of GrabImageRGBD(): 15.4254ms
Frame 282 end
Average processing time of GrabImageRGBD(): 15.4181ms
Frame 283 end
Average processing time of GrabImageRGBD(): 15.4118ms
Frame 284 end
Average processing time of GrabImageRGBD(): 15.4735ms
Frame 285 end
Average processing time of GrabImageRGBD(): 15.4716ms
Frame 286 end
Average processing time of GrabImageRGBD(): 15.4594ms
Frame 287 end
Average processing time of GrabImageRGBD(): 15.4531ms
Frame 288 end
Average processing time of GrabImageRGBD(): 15.4494ms
Frame 289 end
Average processing time of GrabImageRGBD(): 15.5144ms
Frame 290 end
Average processing time of GrabImageRGBD(): 15.5112ms
Frame 291 end
Average processing time of GrabImageRGBD(): 15.5002ms
Frame 292 end
Average processing time of GrabImageRGBD(): 15.4986ms
Frame 293 end
Average processing time of GrabImageRGBD(): 15.4937ms
Frame 294 end
Average processing time of GrabImageRGBD(): 15.563ms
Frame 295 end
Average processing time of GrabImageRGBD(): 15.5568ms
Frame 296 end
Average processing time of GrabImageRGBD(): 15.5491ms
Frame 297 end
Average processing time of GrabImageRGBD(): 15.5411ms
Frame 298 end
Average processing time of GrabImageRGBD(): 15.538ms
Frame 299 end
Average processing time of GrabImageRGBD(): 15.5259ms
Frame 300 end
Average processing time of GrabImageRGBD(): 15.5837ms
Frame 301 end
Average processing time of GrabImageRGBD(): 15.5868ms
Frame 302 end
Average processing time of GrabImageRGBD(): 15.5763ms
Frame 303 end
Average processing time of GrabImageRGBD(): 15.5729ms
Frame 304 end
Average processing time of GrabImageRGBD(): 15.5675ms
Frame 305 end
Average processing time of GrabImageRGBD(): 15.5545ms
Frame 306 end
Average processing time of GrabImageRGBD(): 15.5521ms
Frame 307 end
Average processing time of GrabImageRGBD(): 15.5546ms
Frame 308 end
Average processing time of GrabImageRGBD(): 15.5462ms
Frame 309 end
Average processing time of GrabImageRGBD(): 15.5626ms
Frame 310 end
Average processing time of GrabImageRGBD(): 15.5599ms
Frame 311 end
Average processing time of GrabImageRGBD(): 15.557ms
Frame 312 end
Average processing time of GrabImageRGBD(): 15.5502ms
Frame 313 end
Average processing time of GrabImageRGBD(): 15.6534ms
Frame 314 end
Average processing time of GrabImageRGBD(): 15.6717ms
Frame 315 end
Average processing time of GrabImageRGBD(): 15.6669ms
Frame 316 end
Average processing time of GrabImageRGBD(): 15.6626ms
Frame 317 end
Average processing time of GrabImageRGBD(): 15.6528ms
Frame 318 end
Average processing time of GrabImageRGBD(): 15.6476ms
Frame 319 end
Average processing time of GrabImageRGBD(): 15.7072ms
Frame 320 end
Average processing time of GrabImageRGBD(): 15.7002ms
Frame 321 end
Average processing time of GrabImageRGBD(): 15.6923ms
Frame 322 end
Average processing time of GrabImageRGBD(): 15.6784ms
Frame 323 end
Average processing time of GrabImageRGBD(): 15.6705ms
Frame 324 end
Average processing time of GrabImageRGBD(): 15.6595ms
Frame 325 end
Average processing time of GrabImageRGBD(): 15.6462ms
Frame 326 end
Average processing time of GrabImageRGBD(): 15.6362ms
Frame 327 end
Average processing time of GrabImageRGBD(): 15.6277ms
Frame 328 end
Average processing time of GrabImageRGBD(): 15.6099ms
Frame 329 end
Average processing time of GrabImageRGBD(): 15.5992ms
Frame 330 end
Average processing time of GrabImageRGBD(): 15.5896ms
Frame 331 end
Average processing time of GrabImageRGBD(): 15.641ms
Frame 332 end
Average processing time of GrabImageRGBD(): 15.6239ms
Frame 333 end
Average processing time of GrabImageRGBD(): 15.6188ms
Frame 334 end
Average processing time of GrabImageRGBD(): 15.6124ms
Frame 335 end
Average processing time of GrabImageRGBD(): 15.6027ms
Frame 336 end
Average processing time of GrabImageRGBD(): 15.6463ms
Frame 337 end
Average processing time of GrabImageRGBD(): 15.6385ms
Frame 338 end
Average processing time of GrabImageRGBD(): 15.6315ms
Frame 339 end
Average processing time of GrabImageRGBD(): 15.617ms
Frame 340 end
Average processing time of GrabImageRGBD(): 15.6094ms
Frame 341 end
Average processing time of GrabImageRGBD(): 15.5993ms
Frame 342 end
Average processing time of GrabImageRGBD(): 15.6469ms
Frame 343 end
Average processing time of GrabImageRGBD(): 15.6432ms
Frame 344 end
Average processing time of GrabImageRGBD(): 15.6432ms
Frame 345 end
Average processing time of GrabImageRGBD(): 15.6379ms
Frame 346 end
Average processing time of GrabImageRGBD(): 15.627ms
Frame 347 end
Average processing time of GrabImageRGBD(): 15.7017ms
Frame 348 end
Average processing time of GrabImageRGBD(): 15.6977ms
Frame 349 end
Average processing time of GrabImageRGBD(): 15.6891ms
Frame 350 end
Average processing time of GrabImageRGBD(): 15.6848ms
Frame 351 end
Average processing time of GrabImageRGBD(): 15.673ms
Frame 352 end
Average processing time of GrabImageRGBD(): 15.6635ms
Frame 353 end
Average processing time of GrabImageRGBD(): 15.7134ms
Frame 354 end
Average processing time of GrabImageRGBD(): 15.7005ms
Frame 355 end
Average processing time of GrabImageRGBD(): 15.6911ms
Frame 356 end
Average processing time of GrabImageRGBD(): 15.6871ms
Frame 357 end
Average processing time of GrabImageRGBD(): 15.675ms
Frame 358 end
Average processing time of GrabImageRGBD(): 15.7285ms
Frame 359 end
Average processing time of GrabImageRGBD(): 15.7215ms
Frame 360 end
Average processing time of GrabImageRGBD(): 15.7128ms
Frame 361 end
Average processing time of GrabImageRGBD(): 15.6966ms
Frame 362 end
Average processing time of GrabImageRGBD(): 15.6876ms
Frame 363 end
Average processing time of GrabImageRGBD(): 15.6772ms
Frame 364 end
Average processing time of GrabImageRGBD(): 15.7289ms
Frame 365 end
Average processing time of GrabImageRGBD(): 15.7213ms
Frame 366 end
Average processing time of GrabImageRGBD(): 15.7144ms
Frame 367 end
Average processing time of GrabImageRGBD(): 15.7069ms
Frame 368 end
Average processing time of GrabImageRGBD(): 15.6933ms
Frame 369 end
Average processing time of GrabImageRGBD(): 15.7401ms
Frame 370 end
Average processing time of GrabImageRGBD(): 15.7309ms
Frame 371 end
Average processing time of GrabImageRGBD(): 15.7273ms
Frame 372 end
Average processing time of GrabImageRGBD(): 15.7179ms
Frame 373 end
Average processing time of GrabImageRGBD(): 15.7102ms
Frame 374 end
Average processing time of GrabImageRGBD(): 15.6933ms
Frame 375 end
Average processing time of GrabImageRGBD(): 15.6833ms
Frame 376 end
Average processing time of GrabImageRGBD(): 15.6712ms
Frame 377 end
Average processing time of GrabImageRGBD(): 15.6577ms
Frame 378 end
Average processing time of GrabImageRGBD(): 15.6374ms
Frame 379 end
Average processing time of GrabImageRGBD(): 15.6242ms
Frame 380 end
Average processing time of GrabImageRGBD(): 15.6121ms
Frame 381 end
Average processing time of GrabImageRGBD(): 15.6014ms
Frame 382 end
Average processing time of GrabImageRGBD(): 15.5875ms
Frame 383 end
Average processing time of GrabImageRGBD(): 15.5775ms
Frame 384 end
Average processing time of GrabImageRGBD(): 15.5689ms
Frame 385 end
Average processing time of GrabImageRGBD(): 15.5562ms
Frame 386 end
Average processing time of GrabImageRGBD(): 15.5465ms
Frame 387 end
Average processing time of GrabImageRGBD(): 15.5374ms
Frame 388 end
Average processing time of GrabImageRGBD(): 15.5242ms
Frame 389 end
Average processing time of GrabImageRGBD(): 15.5129ms
Frame 390 end
Average processing time of GrabImageRGBD(): 15.5551ms
Frame 391 end
Average processing time of GrabImageRGBD(): 15.5572ms
Frame 392 end
Average processing time of GrabImageRGBD(): 15.5535ms
Frame 393 end
Average processing time of GrabImageRGBD(): 15.5494ms
Frame 394 end
Average processing time of GrabImageRGBD(): 15.542ms
Frame 395 end
Average processing time of GrabImageRGBD(): 15.5392ms
Frame 396 end
Average processing time of GrabImageRGBD(): 15.5319ms
Frame 397 end
Average processing time of GrabImageRGBD(): 15.5743ms
Frame 398 end
Average processing time of GrabImageRGBD(): 15.5643ms
Frame 399 end
Average processing time of GrabImageRGBD(): 15.558ms
Frame 400 end
Average processing time of GrabImageRGBD(): 15.5461ms
Frame 401 end
Average processing time of GrabImageRGBD(): 15.5414ms
Frame 402 end
Average processing time of GrabImageRGBD(): 15.5357ms
Frame 403 end
Average processing time of GrabImageRGBD(): 15.5244ms
Frame 404 end
Average processing time of GrabImageRGBD(): 15.5181ms
Frame 405 end
Average processing time of GrabImageRGBD(): 15.5092ms
Frame 406 end
Average processing time of GrabImageRGBD(): 15.497ms
Frame 407 end
Average processing time of GrabImageRGBD(): 15.5397ms
Frame 408 end
Average processing time of GrabImageRGBD(): 15.5371ms
Frame 409 end
Average processing time of GrabImageRGBD(): 15.5318ms
Frame 410 end
Average processing time of GrabImageRGBD(): 15.5267ms
Frame 411 end
Average processing time of GrabImageRGBD(): 15.5176ms
Frame 412 end
Average processing time of GrabImageRGBD(): 15.5137ms
Frame 413 end
Average processing time of GrabImageRGBD(): 15.5586ms
Frame 414 end
Average processing time of GrabImageRGBD(): 15.5522ms
Frame 415 end
Average processing time of GrabImageRGBD(): 15.5523ms
Frame 416 end
Average processing time of GrabImageRGBD(): 15.5438ms
Frame 417 end
Average processing time of GrabImageRGBD(): 15.5394ms
Frame 418 end
Average processing time of GrabImageRGBD(): 15.5423ms
Frame 419 end
Average processing time of GrabImageRGBD(): 15.5371ms
Frame 420 end
Average processing time of GrabImageRGBD(): 15.6021ms
Frame 421 end
Average processing time of GrabImageRGBD(): 15.6058ms
Frame 422 end
Average processing time of GrabImageRGBD(): 15.6097ms
Frame 423 end
Average processing time of GrabImageRGBD(): 15.6151ms
Frame 424 end
Average processing time of GrabImageRGBD(): 15.6154ms
Frame 425 end
Average processing time of GrabImageRGBD(): 15.6148ms
Frame 426 end
Average processing time of GrabImageRGBD(): 15.6096ms
Frame 427 end
Average processing time of GrabImageRGBD(): 15.6054ms
Frame 428 end
Average processing time of GrabImageRGBD(): 15.6016ms
Frame 429 end
Average processing time of GrabImageRGBD(): 15.6733ms
Frame 430 end
Average processing time of GrabImageRGBD(): 15.6774ms
Frame 431 end
Average processing time of GrabImageRGBD(): 15.6812ms
Frame 432 end
Average processing time of GrabImageRGBD(): 15.6809ms
Frame 433 end
Average processing time of GrabImageRGBD(): 15.678ms
Frame 434 end
Average processing time of GrabImageRGBD(): 15.6712ms
Frame 435 end
Average processing time of GrabImageRGBD(): 15.6703ms
Frame 436 end
Average processing time of GrabImageRGBD(): 15.674ms
Frame 437 end
Average processing time of GrabImageRGBD(): 15.6727ms
Frame 438 end
Average processing time of GrabImageRGBD(): 15.6714ms
Frame 439 end
Average processing time of GrabImageRGBD(): 15.6667ms
Frame 440 end
Average processing time of GrabImageRGBD(): 15.6638ms
Frame 441 end
Average processing time of GrabImageRGBD(): 15.656ms
Frame 442 end
Average processing time of GrabImageRGBD(): 15.6519ms
Frame 443 end
Average processing time of GrabImageRGBD(): 15.6433ms
Frame 444 end
Average processing time of GrabImageRGBD(): 15.6329ms
Frame 445 end
Average processing time of GrabImageRGBD(): 15.6267ms
Frame 446 end
Average processing time of GrabImageRGBD(): 15.6193ms
Frame 447 end
Average processing time of GrabImageRGBD(): 15.6088ms
Frame 448 end
Average processing time of GrabImageRGBD(): 15.6035ms
Frame 449 end
Average processing time of GrabImageRGBD(): 15.595ms
Frame 450 end
Average processing time of GrabImageRGBD(): 15.5851ms
Frame 451 end
Average processing time of GrabImageRGBD(): 15.5776ms
Frame 452 end
Average processing time of GrabImageRGBD(): 15.571ms
Frame 453 end
Average processing time of GrabImageRGBD(): 15.561ms
Frame 454 end
Average processing time of GrabImageRGBD(): 15.5585ms
Frame 455 end
Average processing time of GrabImageRGBD(): 15.5439ms
Frame 456 end
Average processing time of GrabImageRGBD(): 15.5357ms
Frame 457 end
Average processing time of GrabImageRGBD(): 15.5328ms
Frame 458 end
Average processing time of GrabImageRGBD(): 15.5771ms
Frame 459 end
Average processing time of GrabImageRGBD(): 15.5807ms
Frame 460 end
Average processing time of GrabImageRGBD(): 15.5735ms
Frame 461 end
Average processing time of GrabImageRGBD(): 15.5642ms
Frame 462 end
Average processing time of GrabImageRGBD(): 15.5583ms
Frame 463 end
Average processing time of GrabImageRGBD(): 15.5475ms
Frame 464 end
Average processing time of GrabImageRGBD(): 15.5402ms
Frame 465 end
Average processing time of GrabImageRGBD(): 15.5344ms
Frame 466 end
Average processing time of GrabImageRGBD(): 15.5807ms
Frame 467 end
Average processing time of GrabImageRGBD(): 15.5695ms
Frame 468 end
Average processing time of GrabImageRGBD(): 15.563ms
Frame 469 end
Average processing time of GrabImageRGBD(): 15.5609ms
Frame 470 end
Average processing time of GrabImageRGBD(): 15.554ms
Frame 471 end
Average processing time of GrabImageRGBD(): 15.548ms
Frame 472 end
Average processing time of GrabImageRGBD(): 15.536ms
Frame 473 end
Average processing time of GrabImageRGBD(): 15.5313ms
Frame 474 end
Average processing time of GrabImageRGBD(): 15.5712ms
Frame 475 end
Average processing time of GrabImageRGBD(): 15.5639ms
Frame 476 end
Average processing time of GrabImageRGBD(): 15.5589ms
Frame 477 end
Average processing time of GrabImageRGBD(): 15.5515ms
Frame 478 end
Average processing time of GrabImageRGBD(): 15.5472ms
Frame 479 end
Average processing time of GrabImageRGBD(): 15.5393ms
Frame 480 end
Average processing time of GrabImageRGBD(): 15.5288ms
Frame 481 end
Average processing time of GrabImageRGBD(): 15.5652ms
Frame 482 end
Average processing time of GrabImageRGBD(): 15.5608ms
Frame 483 end
Average processing time of GrabImageRGBD(): 15.5557ms
Frame 484 end
Average processing time of GrabImageRGBD(): 15.5523ms
Frame 485 end
Average processing time of GrabImageRGBD(): 15.5465ms
Frame 486 end
Average processing time of GrabImageRGBD(): 15.5425ms
Frame 487 end
Average processing time of GrabImageRGBD(): 15.534ms
Frame 488 end
Average processing time of GrabImageRGBD(): 15.5275ms
Frame 489 end
Average processing time of GrabImageRGBD(): 15.5636ms
Frame 490 end
Average processing time of GrabImageRGBD(): 15.556ms
Frame 491 end
Average processing time of GrabImageRGBD(): 15.5476ms
Frame 492 end
Average processing time of GrabImageRGBD(): 15.5418ms
Frame 493 end
Average processing time of GrabImageRGBD(): 15.5321ms
Frame 494 end
Average processing time of GrabImageRGBD(): 15.5243ms
Frame 495 end
Average processing time of GrabImageRGBD(): 15.5199ms
Frame 496 end
Average processing time of GrabImageRGBD(): 15.5136ms
Frame 497 end
Average processing time of GrabImageRGBD(): 15.5469ms
Frame 498 end
Average processing time of GrabImageRGBD(): 15.5389ms
Frame 499 end
Average processing time of GrabImageRGBD(): 15.5329ms
Frame 500 end
Average processing time of GrabImageRGBD(): 15.5225ms
Frame 501 end
Average processing time of GrabImageRGBD(): 15.5153ms
Frame 502 end
Average processing time of GrabImageRGBD(): 15.5056ms
Frame 503 end
Average processing time of GrabImageRGBD(): 15.4951ms
Frame 504 end
Average processing time of GrabImageRGBD(): 15.483ms
Frame 505 end
Average processing time of GrabImageRGBD(): 15.5199ms
Frame 506 end
Average processing time of GrabImageRGBD(): 15.5143ms
Frame 507 end
Average processing time of GrabImageRGBD(): 15.5076ms
Frame 508 end
Average processing time of GrabImageRGBD(): 15.5013ms
Frame 509 end
Average processing time of GrabImageRGBD(): 15.4953ms
Frame 510 end
Average processing time of GrabImageRGBD(): 15.4893ms
Frame 511 end
Average processing time of GrabImageRGBD(): 15.4793ms
Frame 512 end
Average processing time of GrabImageRGBD(): 15.474ms
Frame 513 end
Average processing time of GrabImageRGBD(): 15.5085ms
Frame 514 end
Average processing time of GrabImageRGBD(): 15.5004ms
Frame 515 end
Average processing time of GrabImageRGBD(): 15.4893ms
Frame 516 end
Average processing time of GrabImageRGBD(): 15.4793ms
Frame 517 end
Average processing time of GrabImageRGBD(): 15.4734ms
Frame 518 end
Average processing time of GrabImageRGBD(): 15.4651ms
Frame 519 end
Average processing time of GrabImageRGBD(): 15.4547ms
Frame 520 end
Average processing time of GrabImageRGBD(): 15.4385ms
Frame 521 end
Average processing time of GrabImageRGBD(): 15.472ms
Frame 522 end
Average processing time of GrabImageRGBD(): 15.4682ms
Frame 523 end
Average processing time of GrabImageRGBD(): 15.4519ms
Frame 524 end
Average processing time of GrabImageRGBD(): 15.449ms
Frame 525 end
Average processing time of GrabImageRGBD(): 15.4455ms
Frame 526 end
Average processing time of GrabImageRGBD(): 15.4368ms
Frame 527 end
Average processing time of GrabImageRGBD(): 15.4306ms
Frame 528 end
Average processing time of GrabImageRGBD(): 15.4254ms
Frame 529 end
Average processing time of GrabImageRGBD(): 15.4591ms
Frame 530 end
Average processing time of GrabImageRGBD(): 15.4514ms
Frame 531 end
Average processing time of GrabImageRGBD(): 15.4443ms
Frame 532 end
Average processing time of GrabImageRGBD(): 15.4373ms
Frame 533 end
Average processing time of GrabImageRGBD(): 15.4262ms
Frame 534 end
Average processing time of GrabImageRGBD(): 15.4155ms
Frame 535 end
Average processing time of GrabImageRGBD(): 15.4069ms
Frame 536 end
Average processing time of GrabImageRGBD(): 15.3973ms
Frame 537 end
Average processing time of GrabImageRGBD(): 15.4249ms
Frame 538 end
Average processing time of GrabImageRGBD(): 15.4156ms
Frame 539 end
Average processing time of GrabImageRGBD(): 15.4ms
Frame 540 end
Average processing time of GrabImageRGBD(): 15.3871ms
Frame 541 end
Average processing time of GrabImageRGBD(): 15.3775ms
Frame 542 end
Average processing time of GrabImageRGBD(): 15.3611ms
Frame 543 end
Average processing time of GrabImageRGBD(): 15.3515ms
Frame 544 end
Average processing time of GrabImageRGBD(): 15.3819ms
Frame 545 end
Average processing time of GrabImageRGBD(): 15.3728ms
Frame 546 end
Average processing time of GrabImageRGBD(): 15.3533ms
Frame 547 end
Average processing time of GrabImageRGBD(): 15.3425ms
Frame 548 end
Average processing time of GrabImageRGBD(): 15.3253ms
Frame 549 end
Average processing time of GrabImageRGBD(): 15.3112ms
Frame 550 end
Average processing time of GrabImageRGBD(): 15.2954ms
Frame 551 end
Average processing time of GrabImageRGBD(): 15.2795ms
Frame 552 end
Average processing time of GrabImageRGBD(): 15.2649ms
Frame 553 end
Average processing time of GrabImageRGBD(): 15.2514ms
Frame 554 end
Average processing time of GrabImageRGBD(): 15.2844ms
Frame 555 end
Average processing time of GrabImageRGBD(): 15.2782ms
Frame 556 end
Average processing time of GrabImageRGBD(): 15.2706ms
Frame 557 end
Average processing time of GrabImageRGBD(): 15.2644ms
Frame 558 end
Average processing time of GrabImageRGBD(): 15.2608ms
Frame 559 end
Average processing time of GrabImageRGBD(): 15.2531ms
Frame 560 end
Average processing time of GrabImageRGBD(): 15.2486ms
Frame 561 end
Average processing time of GrabImageRGBD(): 15.242ms
Frame 562 end
Average processing time of GrabImageRGBD(): 15.2734ms
Frame 563 end
Average processing time of GrabImageRGBD(): 15.2696ms
Frame 564 end
Average processing time of GrabImageRGBD(): 15.262ms
Frame 565 end
Average processing time of GrabImageRGBD(): 15.2583ms
Frame 566 end
Average processing time of GrabImageRGBD(): 15.2533ms
Frame 567 end
Average processing time of GrabImageRGBD(): 15.2475ms
Frame 568 end
Average processing time of GrabImageRGBD(): 15.2417ms
Frame 569 end
Average processing time of GrabImageRGBD(): 15.2376ms
Frame 570 end
Average processing time of GrabImageRGBD(): 15.2282ms
Frame 571 end
Average processing time of GrabImageRGBD(): 15.2586ms
Frame 572 end
Average processing time of GrabImageRGBD(): 15.2536ms
Frame 573 end
Average processing time of GrabImageRGBD(): 15.2471ms
Frame 574 end
Average processing time of GrabImageRGBD(): 15.2446ms
Frame 575 end
Average processing time of GrabImageRGBD(): 15.2421ms
Frame 576 end
Average processing time of GrabImageRGBD(): 15.2278ms
Frame 577 end
Average processing time of GrabImageRGBD(): 15.2255ms
Frame 578 end
Average processing time of GrabImageRGBD(): 15.2281ms
Frame 579 end
Average processing time of GrabImageRGBD(): 15.2618ms
Frame 580 end
Average processing time of GrabImageRGBD(): 15.2606ms
Frame 581 end
Average processing time of GrabImageRGBD(): 15.2587ms
Frame 582 end
Average processing time of GrabImageRGBD(): 15.2577ms
Frame 583 end
Average processing time of GrabImageRGBD(): 15.2537ms
Frame 584 end
Average processing time of GrabImageRGBD(): 15.2516ms
Frame 585 end
Average processing time of GrabImageRGBD(): 15.251ms
Frame 586 end
Average processing time of GrabImageRGBD(): 15.2433ms
Frame 587 end
Average processing time of GrabImageRGBD(): 15.2403ms
Frame 588 end
Average processing time of GrabImageRGBD(): 15.2354ms
Frame 589 end
Average processing time of GrabImageRGBD(): 15.2325ms
Frame 590 end
Average processing time of GrabImageRGBD(): 15.2281ms
Frame 591 end
Average processing time of GrabImageRGBD(): 15.2205ms
Frame 592 end
Average processing time of GrabImageRGBD(): 15.2545ms
Frame 593 end
Average processing time of GrabImageRGBD(): 15.2527ms
Frame 594 end
Average processing time of GrabImageRGBD(): 15.2511ms
Frame 595 end
Average processing time of GrabImageRGBD(): 15.248ms
Frame 596 end
Average processing time of GrabImageRGBD(): 15.2469ms
Frame 597 end
Average processing time of GrabImageRGBD(): 15.2448ms
Frame 598 end
Average processing time of GrabImageRGBD(): 15.2421ms
Frame 599 end
Average processing time of GrabImageRGBD(): 15.2392ms
Frame 600 end
Average processing time of GrabImageRGBD(): 15.2712ms
Frame 601 end
Average processing time of GrabImageRGBD(): 15.2687ms
Frame 602 end
Average processing time of GrabImageRGBD(): 15.2662ms
Frame 603 end
Average processing time of GrabImageRGBD(): 15.2605ms
Frame 604 end
Average processing time of GrabImageRGBD(): 15.2563ms
Frame 605 end
Average processing time of GrabImageRGBD(): 15.2521ms
Frame 606 end
Average processing time of GrabImageRGBD(): 15.2456ms
Frame 607 end
Average processing time of GrabImageRGBD(): 15.2418ms
Frame 608 end
Average processing time of GrabImageRGBD(): 15.2732ms
Frame 609 end
Average processing time of GrabImageRGBD(): 15.2698ms
Frame 610 end
Average processing time of GrabImageRGBD(): 15.2675ms
Frame 611 end
Average processing time of GrabImageRGBD(): 15.2617ms
Frame 612 end
Average processing time of GrabImageRGBD(): 15.2579ms
Frame 613 end
Average processing time of GrabImageRGBD(): 15.2573ms
Frame 614 end
Average processing time of GrabImageRGBD(): 15.2564ms
Frame 615 end
Average processing time of GrabImageRGBD(): 15.2529ms
Frame 616 end
Average processing time of GrabImageRGBD(): 15.2474ms
Frame 617 end
Average processing time of GrabImageRGBD(): 15.2812ms
Frame 618 end
Average processing time of GrabImageRGBD(): 15.2789ms
Frame 619 end
Average processing time of GrabImageRGBD(): 15.2776ms
Frame 620 end
Average processing time of GrabImageRGBD(): 15.2738ms
Frame 621 end
Average processing time of GrabImageRGBD(): 15.2674ms
Frame 622 end
Average processing time of GrabImageRGBD(): 15.2645ms
Frame 623 end
Average processing time of GrabImageRGBD(): 15.262ms
Frame 624 end
Average processing time of GrabImageRGBD(): 15.257ms
Frame 625 end
Average processing time of GrabImageRGBD(): 15.2875ms
Frame 626 end
Average processing time of GrabImageRGBD(): 15.2867ms
Frame 627 end
Average processing time of GrabImageRGBD(): 15.2829ms
Frame 628 end
Average processing time of GrabImageRGBD(): 15.2794ms
Frame 629 end
Average processing time of GrabImageRGBD(): 15.274ms
Frame 630 end
Average processing time of GrabImageRGBD(): 15.2716ms
Frame 631 end
Average processing time of GrabImageRGBD(): 15.3037ms
Frame 632 end
Average processing time of GrabImageRGBD(): 15.3008ms
Frame 633 end
Average processing time of GrabImageRGBD(): 15.3017ms
Frame 634 end
Average processing time of GrabImageRGBD(): 15.2973ms
Frame 635 end
Average processing time of GrabImageRGBD(): 15.2966ms
Frame 636 end
Average processing time of GrabImageRGBD(): 15.2964ms
Frame 637 end
Average processing time of GrabImageRGBD(): 15.2973ms
Frame 638 end
Average processing time of GrabImageRGBD(): 15.2957ms
Frame 639 end
Average processing time of GrabImageRGBD(): 15.2964ms
Frame 640 end
Average processing time of GrabImageRGBD(): 15.294ms
Frame 641 end
Average processing time of GrabImageRGBD(): 15.2938ms
Frame 642 end
Average processing time of GrabImageRGBD(): 15.2933ms
Frame 643 end
Average processing time of GrabImageRGBD(): 15.2905ms
Frame 644 end
Average processing time of GrabImageRGBD(): 15.3233ms
Frame 645 end
Average processing time of GrabImageRGBD(): 15.319ms
Frame 646 end
Average processing time of GrabImageRGBD(): 15.3195ms
Frame 647 end
Average processing time of GrabImageRGBD(): 15.3168ms
Frame 648 end
Average processing time of GrabImageRGBD(): 15.3109ms
Frame 649 end
Average processing time of GrabImageRGBD(): 15.3083ms
Frame 650 end
Average processing time of GrabImageRGBD(): 15.3083ms
Frame 651 end
Average processing time of GrabImageRGBD(): 15.3043ms
Frame 652 end
Average processing time of GrabImageRGBD(): 15.3346ms
Frame 653 end
Average processing time of GrabImageRGBD(): 15.3376ms
Frame 654 end
Average processing time of GrabImageRGBD(): 15.339ms
Frame 655 end
Average processing time of GrabImageRGBD(): 15.3398ms
Frame 656 end
Average processing time of GrabImageRGBD(): 15.3402ms
Frame 657 end
Average processing time of GrabImageRGBD(): 15.3392ms
Frame 658 end
Average processing time of GrabImageRGBD(): 15.3352ms
Frame 659 end
Average processing time of GrabImageRGBD(): 15.3355ms
Frame 660 end
Average processing time of GrabImageRGBD(): 15.3808ms
Frame 661 end
Average processing time of GrabImageRGBD(): 15.3816ms
Frame 662 end
Average processing time of GrabImageRGBD(): 15.3936ms
Frame 663 end
Average processing time of GrabImageRGBD(): 15.392ms
Frame 664 end
Average processing time of GrabImageRGBD(): 15.3915ms
Frame 665 end
Average processing time of GrabImageRGBD(): 15.3883ms
Frame 666 end
Average processing time of GrabImageRGBD(): 15.3875ms
Frame 667 end
Average processing time of GrabImageRGBD(): 15.3884ms
Frame 668 end
Average processing time of GrabImageRGBD(): 15.3883ms
Frame 669 end
Average processing time of GrabImageRGBD(): 15.4192ms
Frame 670 end
Average processing time of GrabImageRGBD(): 15.4192ms
Frame 671 end
Average processing time of GrabImageRGBD(): 15.4227ms
Frame 672 end
Average processing time of GrabImageRGBD(): 15.4205ms
Frame 673 end
Average processing time of GrabImageRGBD(): 15.4189ms
Frame 674 end
Average processing time of GrabImageRGBD(): 15.4222ms
Frame 675 end
Average processing time of GrabImageRGBD(): 15.421ms
Frame 676 end
Average processing time of GrabImageRGBD(): 15.4176ms
Frame 677 end
Average processing time of GrabImageRGBD(): 15.4186ms
Frame 678 end
Average processing time of GrabImageRGBD(): 15.4454ms
Frame 679 end
Average processing time of GrabImageRGBD(): 15.4452ms
Frame 680 end
Average processing time of GrabImageRGBD(): 15.4431ms
Frame 681 end
Average processing time of GrabImageRGBD(): 15.443ms
Frame 682 end
Average processing time of GrabImageRGBD(): 15.4433ms
Frame 683 end
Average processing time of GrabImageRGBD(): 15.4416ms
Frame 684 end
Average processing time of GrabImageRGBD(): 15.4449ms
Frame 685 end
Average processing time of GrabImageRGBD(): 15.4452ms
Frame 686 end
Average processing time of GrabImageRGBD(): 15.4479ms
Frame 687 end
Average processing time of GrabImageRGBD(): 15.4886ms
Frame 688 end
Average processing time of GrabImageRGBD(): 15.4861ms
Frame 689 end
Average processing time of GrabImageRGBD(): 15.4854ms
Frame 690 end
Average processing time of GrabImageRGBD(): 15.4917ms
Frame 691 end
Average processing time of GrabImageRGBD(): 15.4918ms
Frame 692 end
Average processing time of GrabImageRGBD(): 15.498ms
Frame 693 end
Average processing time of GrabImageRGBD(): 15.5035ms
Frame 694 end
Average processing time of GrabImageRGBD(): 15.5382ms
Frame 695 end
Average processing time of GrabImageRGBD(): 15.5378ms
Frame 696 end
Average processing time of GrabImageRGBD(): 15.5382ms
Frame 697 end
Average processing time of GrabImageRGBD(): 15.5419ms
Frame 698 end
Average processing time of GrabImageRGBD(): 15.5436ms
Frame 699 end
Average processing time of GrabImageRGBD(): 15.5468ms
Frame 700 end
Average processing time of GrabImageRGBD(): 15.5475ms
Frame 701 end
Average processing time of GrabImageRGBD(): 15.5503ms
Frame 702 end
Average processing time of GrabImageRGBD(): 15.5532ms
Frame 703 end
Average processing time of GrabImageRGBD(): 15.5824ms
Frame 704 end
Average processing time of GrabImageRGBD(): 15.5838ms
Frame 705 end
Average processing time of GrabImageRGBD(): 15.583ms
Frame 706 end
Average processing time of GrabImageRGBD(): 15.5816ms
Frame 707 end
Average processing time of GrabImageRGBD(): 15.5829ms
Frame 708 end
Average processing time of GrabImageRGBD(): 15.583ms
Frame 709 end
Average processing time of GrabImageRGBD(): 15.5857ms
Frame 710 end
Average processing time of GrabImageRGBD(): 15.5836ms
Frame 711 end
Average processing time of GrabImageRGBD(): 15.6078ms
Frame 712 end
Average processing time of GrabImageRGBD(): 15.6041ms
Frame 713 end
Average processing time of GrabImageRGBD(): 15.6016ms
Frame 714 end
Average processing time of GrabImageRGBD(): 15.6037ms
Frame 715 end
Average processing time of GrabImageRGBD(): 15.5993ms
Frame 716 end
Average processing time of GrabImageRGBD(): 15.596ms
Frame 717 end
Average processing time of GrabImageRGBD(): 15.5965ms
Frame 718 end
Average processing time of GrabImageRGBD(): 15.5911ms
Frame 719 end
Average processing time of GrabImageRGBD(): 15.6193ms
Frame 720 end
Average processing time of GrabImageRGBD(): 15.6189ms
Frame 721 end
Average processing time of GrabImageRGBD(): 15.6183ms
Frame 722 end
Average processing time of GrabImageRGBD(): 15.6187ms
Frame 723 end
Average processing time of GrabImageRGBD(): 15.6164ms
Frame 724 end
Average processing time of GrabImageRGBD(): 15.6132ms
Frame 725 end
Average processing time of GrabImageRGBD(): 15.6136ms
Frame 726 end
Average processing time of GrabImageRGBD(): 15.6392ms
Frame 727 end
Average processing time of GrabImageRGBD(): 15.6376ms
Frame 728 end
Average processing time of GrabImageRGBD(): 15.6321ms
Frame 729 end
Average processing time of GrabImageRGBD(): 15.6324ms
Frame 730 end
Average processing time of GrabImageRGBD(): 15.6279ms
Frame 731 end
Average processing time of GrabImageRGBD(): 15.6185ms
Frame 732 end
Average processing time of GrabImageRGBD(): 15.6166ms
Frame 733 end
Average processing time of GrabImageRGBD(): 15.6166ms
Frame 734 end
Average processing time of GrabImageRGBD(): 15.6381ms
Frame 735 end
Average processing time of GrabImageRGBD(): 15.6351ms
Frame 736 end
Average processing time of GrabImageRGBD(): 15.6306ms
Frame 737 end
Average processing time of GrabImageRGBD(): 15.6308ms
Frame 738 end
Average processing time of GrabImageRGBD(): 15.6256ms
Frame 739 end
Average processing time of GrabImageRGBD(): 15.6197ms
Frame 740 end
Average processing time of GrabImageRGBD(): 15.6122ms
Frame 741 end
Average processing time of GrabImageRGBD(): 15.607ms
Frame 742 end
Average processing time of GrabImageRGBD(): 15.6003ms
Frame 743 end
Average processing time of GrabImageRGBD(): 15.6267ms
Frame 744 end
Average processing time of GrabImageRGBD(): 15.6237ms
Frame 745 end
Average processing time of GrabImageRGBD(): 15.6196ms
Frame 746 end
Average processing time of GrabImageRGBD(): 15.6149ms
Frame 747 end
Average processing time of GrabImageRGBD(): 15.6083ms
Frame 748 end
Average processing time of GrabImageRGBD(): 15.6044ms
Frame 749 end
Average processing time of GrabImageRGBD(): 15.6002ms
Frame 750 end
Average processing time of GrabImageRGBD(): 15.6307ms
Frame 751 end
Average processing time of GrabImageRGBD(): 15.6317ms
Frame 752 end
Average processing time of GrabImageRGBD(): 15.6304ms
Frame 753 end
Average processing time of GrabImageRGBD(): 15.6298ms
Frame 754 end
Average processing time of GrabImageRGBD(): 15.629ms
Frame 755 end
Average processing time of GrabImageRGBD(): 15.626ms
Frame 756 end
Average processing time of GrabImageRGBD(): 15.6226ms
Frame 757 end
Average processing time of GrabImageRGBD(): 15.6245ms
Frame 758 end
Average processing time of GrabImageRGBD(): 15.6526ms
Frame 759 end
Average processing time of GrabImageRGBD(): 15.6544ms
Frame 760 end
Average processing time of GrabImageRGBD(): 15.6594ms
Frame 761 end
Average processing time of GrabImageRGBD(): 15.6582ms
Frame 762 end
Average processing time of GrabImageRGBD(): 15.6627ms
Frame 763 end
Average processing time of GrabImageRGBD(): 15.663ms
Frame 764 end
Average processing time of GrabImageRGBD(): 15.6653ms
Frame 765 end
Average processing time of GrabImageRGBD(): 15.6653ms
Frame 766 end
Average processing time of GrabImageRGBD(): 15.6944ms
Frame 767 end
Average processing time of GrabImageRGBD(): 15.6957ms
Frame 768 end
Average processing time of GrabImageRGBD(): 15.6965ms
Frame 769 end
Average processing time of GrabImageRGBD(): 15.6997ms
Frame 770 end
Average processing time of GrabImageRGBD(): 15.7024ms
Frame 771 end
Average processing time of GrabImageRGBD(): 15.7033ms
Frame 772 end
Average processing time of GrabImageRGBD(): 15.7037ms
Frame 773 end
Average processing time of GrabImageRGBD(): 15.703ms
Frame 774 end
Average processing time of GrabImageRGBD(): 15.7344ms
Frame 775 end
Average processing time of GrabImageRGBD(): 15.7339ms
Frame 776 end
Average processing time of GrabImageRGBD(): 15.7368ms
Frame 777 end
Average processing time of GrabImageRGBD(): 15.7372ms
Frame 778 end
Average processing time of GrabImageRGBD(): 15.7387ms
Frame 779 end
Average processing time of GrabImageRGBD(): 15.7364ms
Frame 780 end
Average processing time of GrabImageRGBD(): 15.7398ms
Frame 781 end
Average processing time of GrabImageRGBD(): 15.7402ms
Frame 782 end
Average processing time of GrabImageRGBD(): 15.7419ms
Frame 783 end
Average processing time of GrabImageRGBD(): 15.7725ms
Frame 784 end
Average processing time of GrabImageRGBD(): 15.7718ms
Frame 785 end
Average processing time of GrabImageRGBD(): 15.7712ms
Frame 786 end
Average processing time of GrabImageRGBD(): 15.7679ms
Frame 787 end
Average processing time of GrabImageRGBD(): 15.7691ms
Frame 788 end
Average processing time of GrabImageRGBD(): 15.7625ms
Frame 789 end
Average processing time of GrabImageRGBD(): 15.76ms
Frame 790 end
Average processing time of GrabImageRGBD(): 15.76ms
Frame 791 end
Average processing time of GrabImageRGBD(): 15.7571ms
Frame 792 end
Average processing time of GrabImageRGBD(): 15.7894ms
Frame 793 end
Average processing time of GrabImageRGBD(): 15.7873ms
Frame 794 end
Average processing time of GrabImageRGBD(): 15.7862ms
Frame 795 end
Average processing time of GrabImageRGBD(): 15.7791ms
Frame 796 end
Average processing time of GrabImageRGBD(): 15.7772ms
Frame 797 end
Average processing time of GrabImageRGBD(): 15.7753ms
Frame 798 end
Average processing time of GrabImageRGBD(): 15.7671ms
Frame 799 end
Average processing time of GrabImageRGBD(): 15.7643ms
Frame 800 end
Average processing time of GrabImageRGBD(): 15.7613ms
Frame 801 end
Average processing time of GrabImageRGBD(): 15.7847ms
Frame 802 end
Average processing time of GrabImageRGBD(): 15.7817ms
Frame 803 end
Average processing time of GrabImageRGBD(): 15.7762ms
Frame 804 end
Average processing time of GrabImageRGBD(): 15.7762ms
Frame 805 end
Average processing time of GrabImageRGBD(): 15.7743ms
Frame 806 end
Average processing time of GrabImageRGBD(): 15.7705ms
Frame 807 end
Average processing time of GrabImageRGBD(): 15.7664ms
Frame 808 end
Average processing time of GrabImageRGBD(): 15.7652ms
Frame 809 end
Average processing time of GrabImageRGBD(): 15.7654ms
Frame 810 end
Average processing time of GrabImageRGBD(): 15.7624ms
Frame 811 end
Average processing time of GrabImageRGBD(): 15.7851ms
Frame 812 end
Average processing time of GrabImageRGBD(): 15.7858ms
Frame 813 end
Average processing time of GrabImageRGBD(): 15.7858ms
Frame 814 end
Average processing time of GrabImageRGBD(): 15.7846ms
Frame 815 end
Average processing time of GrabImageRGBD(): 15.7804ms
Frame 816 end
Average processing time of GrabImageRGBD(): 15.7797ms
Frame 817 end
Average processing time of GrabImageRGBD(): 15.7799ms
Frame 818 end
Average processing time of GrabImageRGBD(): 15.7784ms
Frame 819 end
Average processing time of GrabImageRGBD(): 15.7795ms
Frame 820 end
Average processing time of GrabImageRGBD(): 15.7778ms
Frame 821 end
Average processing time of GrabImageRGBD(): 15.7768ms
Frame 822 end
Average processing time of GrabImageRGBD(): 15.7739ms
Frame 823 end
Average processing time of GrabImageRGBD(): 15.8003ms
Frame 824 end
Average processing time of GrabImageRGBD(): 15.802ms
Frame 825 end
Average processing time of GrabImageRGBD(): 15.8004ms
Frame 826 end
Average processing time of GrabImageRGBD(): 15.7964ms
Frame 827 end
Average processing time of GrabImageRGBD(): 15.7967ms
Frame 828 end
Average processing time of GrabImageRGBD(): 15.7985ms
Frame 829 end
Average processing time of GrabImageRGBD(): 15.7976ms
Frame 830 end
Average processing time of GrabImageRGBD(): 15.7964ms
Frame 831 end
Average processing time of GrabImageRGBD(): 15.7945ms
Frame 832 end
Average processing time of GrabImageRGBD(): 15.7937ms
Frame 833 end
Average processing time of GrabImageRGBD(): 15.7883ms
Frame 834 end
Average processing time of GrabImageRGBD(): 15.7847ms
Frame 835 end
Average processing time of GrabImageRGBD(): 15.7833ms
Frame 836 end
Average processing time of GrabImageRGBD(): 15.7796ms
Frame 837 end
Average processing time of GrabImageRGBD(): 15.7781ms
Frame 838 end
Average processing time of GrabImageRGBD(): 15.7757ms
Frame 839 end
Average processing time of GrabImageRGBD(): 15.8096ms
Frame 840 end
Average processing time of GrabImageRGBD(): 15.811ms
Frame 841 end
Average processing time of GrabImageRGBD(): 15.8135ms
Frame 842 end
Average processing time of GrabImageRGBD(): 15.8133ms
Frame 843 end
Average processing time of GrabImageRGBD(): 15.8105ms
Frame 844 end
Average processing time of GrabImageRGBD(): 15.8103ms
Frame 845 end
Average processing time of GrabImageRGBD(): 15.8085ms
Frame 846 end
Average processing time of GrabImageRGBD(): 15.8064ms
Frame 847 end
Average processing time of GrabImageRGBD(): 15.8032ms
Frame 848 end
Average processing time of GrabImageRGBD(): 15.8003ms
Frame 849 end
Average processing time of GrabImageRGBD(): 15.7953ms
Frame 850 end
Average processing time of GrabImageRGBD(): 15.7924ms
Frame 851 end
Average processing time of GrabImageRGBD(): 15.7867ms
Frame 852 end
Average processing time of GrabImageRGBD(): 15.7848ms
Frame 853 end
Average processing time of GrabImageRGBD(): 15.8088ms
Frame 854 end
Average processing time of GrabImageRGBD(): 15.8078ms
Frame 855 end
Average processing time of GrabImageRGBD(): 15.8054ms
Frame 856 end
Average processing time of GrabImageRGBD(): 15.8035ms
Frame 857 end
Average processing time of GrabImageRGBD(): 15.8004ms
Frame 858 end
Average processing time of GrabImageRGBD(): 15.7968ms
Frame 859 end
Average processing time of GrabImageRGBD(): 15.7946ms
Frame 860 end
Average processing time of GrabImageRGBD(): 15.7917ms
Frame 861 end
Average processing time of GrabImageRGBD(): 15.7862ms
Frame 862 end
Average processing time of GrabImageRGBD(): 15.7823ms
Frame 863 end
Average processing time of GrabImageRGBD(): 15.7788ms
Frame 864 end
Average processing time of GrabImageRGBD(): 15.7707ms
Frame 865 end
Average processing time of GrabImageRGBD(): 15.7638ms
Frame 866 end
Average processing time of GrabImageRGBD(): 15.7603ms
Frame 867 end
Average processing time of GrabImageRGBD(): 15.7575ms
Frame 868 end
Average processing time of GrabImageRGBD(): 15.7547ms
Frame 869 end
Average processing time of GrabImageRGBD(): 15.7511ms
Frame 870 end
Average processing time of GrabImageRGBD(): 15.7481ms
Frame 871 end
Average processing time of GrabImageRGBD(): 15.7435ms
Frame 872 end
Average processing time of GrabImageRGBD(): 15.7676ms
Frame 873 end
Average processing time of GrabImageRGBD(): 15.7654ms
Frame 874 end
Average processing time of GrabImageRGBD(): 15.7618ms
Frame 875 end
Average processing time of GrabImageRGBD(): 15.7623ms
Frame 876 end
Average processing time of GrabImageRGBD(): 15.761ms
Frame 877 end
Average processing time of GrabImageRGBD(): 15.7607ms
Frame 878 end
Average processing time of GrabImageRGBD(): 15.759ms
Frame 879 end
Average processing time of GrabImageRGBD(): 15.7574ms
Frame 880 end
Average processing time of GrabImageRGBD(): 15.7556ms
Frame 881 end
Average processing time of GrabImageRGBD(): 15.7546ms
Frame 882 end
Average processing time of GrabImageRGBD(): 15.7802ms
Frame 883 end
Average processing time of GrabImageRGBD(): 15.7779ms
Frame 884 end
Average processing time of GrabImageRGBD(): 15.7771ms
Frame 885 end
Average processing time of GrabImageRGBD(): 15.7773ms
Frame 886 end
Average processing time of GrabImageRGBD(): 15.7744ms
Frame 887 end
Average processing time of GrabImageRGBD(): 15.7741ms
Frame 888 end
Average processing time of GrabImageRGBD(): 15.7737ms
Frame 889 end
Average processing time of GrabImageRGBD(): 15.7719ms
Frame 890 end
Average processing time of GrabImageRGBD(): 15.7676ms
Frame 891 end
Average processing time of GrabImageRGBD(): 15.768ms
Frame 892 end
Average processing time of GrabImageRGBD(): 15.7682ms
Frame 893 end
Average processing time of GrabImageRGBD(): 15.7667ms
Frame 894 end
Average processing time of GrabImageRGBD(): 15.763ms
Frame 895 end
Average processing time of GrabImageRGBD(): 15.7879ms
Frame 896 end
Average processing time of GrabImageRGBD(): 15.7861ms
Frame 897 end
Average processing time of GrabImageRGBD(): 15.7811ms
Frame 898 end
Average processing time of GrabImageRGBD(): 15.7776ms
Frame 899 end
Average processing time of GrabImageRGBD(): 15.7755ms
Frame 900 end
Average processing time of GrabImageRGBD(): 15.7698ms
Frame 901 end
Average processing time of GrabImageRGBD(): 15.7636ms
Frame 902 end
Average processing time of GrabImageRGBD(): 15.7624ms
Frame 903 end
Average processing time of GrabImageRGBD(): 15.7601ms
Frame 904 end
Average processing time of GrabImageRGBD(): 15.7569ms
Frame 905 end
Average processing time of GrabImageRGBD(): 15.754ms
Frame 906 end
Average processing time of GrabImageRGBD(): 15.7775ms
Frame 907 end
Average processing time of GrabImageRGBD(): 15.7753ms
Frame 908 end
Average processing time of GrabImageRGBD(): 15.7739ms
Frame 909 end
Average processing time of GrabImageRGBD(): 15.7713ms
Frame 910 end
Average processing time of GrabImageRGBD(): 15.7697ms
Frame 911 end
Average processing time of GrabImageRGBD(): 15.7698ms
Frame 912 end
Average processing time of GrabImageRGBD(): 15.7695ms
Frame 913 end
Average processing time of GrabImageRGBD(): 15.7696ms
Frame 914 end
Average processing time of GrabImageRGBD(): 15.7683ms
Frame 915 end
Average processing time of GrabImageRGBD(): 15.7906ms
Frame 916 end
Average processing time of GrabImageRGBD(): 15.7928ms
Frame 917 end
Average processing time of GrabImageRGBD(): 15.7923ms
Frame 918 end
Average processing time of GrabImageRGBD(): 15.7896ms
Frame 919 end
Average processing time of GrabImageRGBD(): 15.7911ms
Frame 920 end
Average processing time of GrabImageRGBD(): 15.7878ms
Frame 921 end
Average processing time of GrabImageRGBD(): 15.7899ms
Frame 922 end
Average processing time of GrabImageRGBD(): 15.7918ms
Frame 923 end
Average processing time of GrabImageRGBD(): 15.79ms
Frame 924 end
Average processing time of GrabImageRGBD(): 15.7901ms
Frame 925 end
Average processing time of GrabImageRGBD(): 15.8103ms
Frame 926 end
Average processing time of GrabImageRGBD(): 15.8115ms
Frame 927 end
Average processing time of GrabImageRGBD(): 15.8094ms
Frame 928 end
Average processing time of GrabImageRGBD(): 15.8098ms
Frame 929 end
Average processing time of GrabImageRGBD(): 15.8098ms
Frame 930 end
Average processing time of GrabImageRGBD(): 15.8087ms
Frame 931 end
Average processing time of GrabImageRGBD(): 15.8056ms
Frame 932 end
Average processing time of GrabImageRGBD(): 15.8055ms
Frame 933 end
Average processing time of GrabImageRGBD(): 15.8051ms
Frame 934 end
Average processing time of GrabImageRGBD(): 15.8035ms
Frame 935 end
Average processing time of GrabImageRGBD(): 15.8029ms
Frame 936 end
Average processing time of GrabImageRGBD(): 15.8016ms
Frame 937 end
Average processing time of GrabImageRGBD(): 15.8221ms
Frame 938 end
Average processing time of GrabImageRGBD(): 15.8216ms
Frame 939 end
Average processing time of GrabImageRGBD(): 15.8178ms
Frame 940 end
Average processing time of GrabImageRGBD(): 15.8169ms
Frame 941 end
Average processing time of GrabImageRGBD(): 15.8154ms
Frame 942 end
Average processing time of GrabImageRGBD(): 15.8141ms
Frame 943 end
Average processing time of GrabImageRGBD(): 15.8139ms
Frame 944 end
Average processing time of GrabImageRGBD(): 15.8112ms
Frame 945 end
Average processing time of GrabImageRGBD(): 15.8106ms
Frame 946 end
Average processing time of GrabImageRGBD(): 15.8115ms
Frame 947 end
Average processing time of GrabImageRGBD(): 15.811ms
Frame 948 end
Average processing time of GrabImageRGBD(): 15.8098ms
Frame 949 end
Average processing time of GrabImageRGBD(): 15.8048ms
Frame 950 end
Average processing time of GrabImageRGBD(): 15.802ms
Frame 951 end
Average processing time of GrabImageRGBD(): 15.7989ms
Frame 952 end
Average processing time of GrabImageRGBD(): 15.7956ms
Frame 953 end
Average processing time of GrabImageRGBD(): 15.7956ms
Frame 954 end
Average processing time of GrabImageRGBD(): 15.7961ms
Frame 955 end
Average processing time of GrabImageRGBD(): 15.7949ms
Frame 956 end
Average processing time of GrabImageRGBD(): 15.7941ms
Frame 957 end
Average processing time of GrabImageRGBD(): 15.8153ms
Frame 958 end
Average processing time of GrabImageRGBD(): 15.8158ms
Frame 959 end
Average processing time of GrabImageRGBD(): 15.8145ms
Frame 960 end
Average processing time of GrabImageRGBD(): 15.8172ms
Frame 961 end
Average processing time of GrabImageRGBD(): 15.8154ms
Frame 962 end
Average processing time of GrabImageRGBD(): 15.8135ms
Frame 963 end
Average processing time of GrabImageRGBD(): 15.8121ms
Frame 964 end
Average processing time of GrabImageRGBD(): 15.8069ms
Frame 965 end
Average processing time of GrabImageRGBD(): 15.8034ms
Frame 966 end
Average processing time of GrabImageRGBD(): 15.801ms
Frame 967 end
Average processing time of GrabImageRGBD(): 15.8227ms
Frame 968 end
Average processing time of GrabImageRGBD(): 15.8217ms
Frame 969 end
Average processing time of GrabImageRGBD(): 15.8193ms
Frame 970 end
Average processing time of GrabImageRGBD(): 15.8174ms
Frame 971 end
Average processing time of GrabImageRGBD(): 15.8167ms
Frame 972 end
Average processing time of GrabImageRGBD(): 15.817ms
Frame 973 end
Average processing time of GrabImageRGBD(): 15.815ms
Frame 974 end
Average processing time of GrabImageRGBD(): 15.8154ms
Frame 975 end
Average processing time of GrabImageRGBD(): 15.8123ms
Frame 976 end
Average processing time of GrabImageRGBD(): 15.8123ms
Frame 977 end
Average processing time of GrabImageRGBD(): 15.81ms
Frame 978 end
Average processing time of GrabImageRGBD(): 15.81ms
Frame 979 end
Average processing time of GrabImageRGBD(): 15.8333ms
Frame 980 end
Average processing time of GrabImageRGBD(): 15.837ms
Frame 981 end
Average processing time of GrabImageRGBD(): 15.8398ms
Frame 982 end
Average processing time of GrabImageRGBD(): 15.8403ms
Frame 983 end
Average processing time of GrabImageRGBD(): 15.841ms
Frame 984 end
Average processing time of GrabImageRGBD(): 15.8414ms
Frame 985 end
Average processing time of GrabImageRGBD(): 15.8416ms
Frame 986 end
Average processing time of GrabImageRGBD(): 15.8421ms
Frame 987 end
Average processing time of GrabImageRGBD(): 15.8415ms
Frame 988 end
Average processing time of GrabImageRGBD(): 15.8403ms
Frame 989 end
Average processing time of GrabImageRGBD(): 15.8621ms
Frame 990 end
Average processing time of GrabImageRGBD(): 15.8589ms
Frame 991 end
Average processing time of GrabImageRGBD(): 15.8596ms
Frame 992 end
Average processing time of GrabImageRGBD(): 15.8585ms
Frame 993 end
Average processing time of GrabImageRGBD(): 15.8602ms
Frame 994 end
Average processing time of GrabImageRGBD(): 15.8588ms
Frame 995 end
Average processing time of GrabImageRGBD(): 15.859ms
Frame 996 end
Average processing time of GrabImageRGBD(): 15.8603ms
Frame 997 end
Average processing time of GrabImageRGBD(): 15.8581ms
Frame 998 end
Average processing time of GrabImageRGBD(): 15.8574ms
Frame 999 end
Average processing time of GrabImageRGBD(): 15.876ms
Frame 1000 end
Average processing time of GrabImageRGBD(): 15.8779ms
Frame 1001 end
Average processing time of GrabImageRGBD(): 15.875ms
Frame 1002 end
Average processing time of GrabImageRGBD(): 15.8743ms
Frame 1003 end
Average processing time of GrabImageRGBD(): 15.8724ms
Frame 1004 end
Average processing time of GrabImageRGBD(): 15.8692ms
Frame 1005 end
Average processing time of GrabImageRGBD(): 15.8653ms
Frame 1006 end
Average processing time of GrabImageRGBD(): 15.8608ms
Frame 1007 end
Average processing time of GrabImageRGBD(): 15.8602ms
Frame 1008 end
Average processing time of GrabImageRGBD(): 15.8597ms
Frame 1009 end
Average processing time of GrabImageRGBD(): 15.8806ms
Frame 1010 end
Average processing time of GrabImageRGBD(): 15.8785ms
Frame 1011 end
Average processing time of GrabImageRGBD(): 15.8783ms
Frame 1012 end
Average processing time of GrabImageRGBD(): 15.877ms
Frame 1013 end
Average processing time of GrabImageRGBD(): 15.8753ms
Frame 1014 end
Average processing time of GrabImageRGBD(): 15.8753ms
Frame 1015 end
Average processing time of GrabImageRGBD(): 15.878ms
Frame 1016 end
Average processing time of GrabImageRGBD(): 15.8778ms
Frame 1017 end
Average processing time of GrabImageRGBD(): 15.8773ms
Frame 1018 end
Average processing time of GrabImageRGBD(): 15.8777ms
Frame 1019 end
Average processing time of GrabImageRGBD(): 15.8758ms
Frame 1020 end
Average processing time of GrabImageRGBD(): 15.8748ms
Frame 1021 end
Average processing time of GrabImageRGBD(): 15.8936ms
Frame 1022 end
Average processing time of GrabImageRGBD(): 15.892ms
Frame 1023 end
Average processing time of GrabImageRGBD(): 15.8914ms
Frame 1024 end
Average processing time of GrabImageRGBD(): 15.8901ms
Frame 1025 end
Average processing time of GrabImageRGBD(): 15.8897ms
Frame 1026 end
Average processing time of GrabImageRGBD(): 15.8857ms
Frame 1027 end
Average processing time of GrabImageRGBD(): 15.8854ms
Frame 1028 end
Average processing time of GrabImageRGBD(): 15.8866ms
Frame 1029 end
Average processing time of GrabImageRGBD(): 15.8874ms
Frame 1030 end
Average processing time of GrabImageRGBD(): 15.8916ms
Frame 1031 end
Average processing time of GrabImageRGBD(): 15.9097ms
Frame 1032 end
Average processing time of GrabImageRGBD(): 15.9092ms
Frame 1033 end
Average processing time of GrabImageRGBD(): 15.9046ms
Frame 1034 end
Average processing time of GrabImageRGBD(): 15.9032ms
Frame 1035 end
Average processing time of GrabImageRGBD(): 15.9014ms
Frame 1036 end
Average processing time of GrabImageRGBD(): 15.8966ms
Frame 1037 end
Average processing time of GrabImageRGBD(): 15.8953ms
Frame 1038 end
Average processing time of GrabImageRGBD(): 15.8944ms
Frame 1039 end
Average processing time of GrabImageRGBD(): 15.891ms
Frame 1040 end
Average processing time of GrabImageRGBD(): 15.8906ms
Frame 1041 end
Average processing time of GrabImageRGBD(): 15.9069ms
Frame 1042 end
Average processing time of GrabImageRGBD(): 15.908ms
Frame 1043 end
Average processing time of GrabImageRGBD(): 15.9089ms
Frame 1044 end
Average processing time of GrabImageRGBD(): 15.9091ms
Frame 1045 end
Average processing time of GrabImageRGBD(): 15.9089ms
Frame 1046 end
Average processing time of GrabImageRGBD(): 15.9086ms
Frame 1047 end
Average processing time of GrabImageRGBD(): 15.9079ms
Frame 1048 end
Average processing time of GrabImageRGBD(): 15.906ms
Frame 1049 end
Average processing time of GrabImageRGBD(): 15.9061ms
Frame 1050 end
Average processing time of GrabImageRGBD(): 15.903ms
Frame 1051 end
Average processing time of GrabImageRGBD(): 15.9243ms
Frame 1052 end
Average processing time of GrabImageRGBD(): 15.9253ms
Frame 1053 end
Average processing time of GrabImageRGBD(): 15.9256ms
Frame 1054 end
Average processing time of GrabImageRGBD(): 15.9241ms
Frame 1055 end
Average processing time of GrabImageRGBD(): 15.9239ms
Frame 1056 end
Average processing time of GrabImageRGBD(): 15.9229ms
Frame 1057 end
Average processing time of GrabImageRGBD(): 15.9221ms
Frame 1058 end
Average processing time of GrabImageRGBD(): 15.9205ms
Frame 1059 end
Average processing time of GrabImageRGBD(): 15.9175ms
Frame 1060 end
Average processing time of GrabImageRGBD(): 15.9172ms
Frame 1061 end
Average processing time of GrabImageRGBD(): 15.9178ms
Frame 1062 end
Average processing time of GrabImageRGBD(): 15.9399ms
Frame 1063 end
Average processing time of GrabImageRGBD(): 15.9421ms
Frame 1064 end
Average processing time of GrabImageRGBD(): 15.9407ms
Frame 1065 end
Average processing time of GrabImageRGBD(): 15.9401ms
Frame 1066 end
Average processing time of GrabImageRGBD(): 15.9407ms
Frame 1067 end
Average processing time of GrabImageRGBD(): 15.9414ms
Frame 1068 end
Average processing time of GrabImageRGBD(): 15.9386ms
Frame 1069 end
Average processing time of GrabImageRGBD(): 15.9405ms
Frame 1070 end
Average processing time of GrabImageRGBD(): 15.9402ms
Frame 1071 end
Average processing time of GrabImageRGBD(): 15.9404ms
Frame 1072 end
Average processing time of GrabImageRGBD(): 15.9613ms
Frame 1073 end
Average processing time of GrabImageRGBD(): 15.9615ms
Frame 1074 end
Average processing time of GrabImageRGBD(): 15.9612ms
Frame 1075 end
Average processing time of GrabImageRGBD(): 15.9607ms
Frame 1076 end
Average processing time of GrabImageRGBD(): 15.9641ms
Frame 1077 end
Average processing time of GrabImageRGBD(): 15.9669ms
Frame 1078 end
Average processing time of GrabImageRGBD(): 15.9652ms
Frame 1079 end
Average processing time of GrabImageRGBD(): 15.9639ms
Frame 1080 end
Average processing time of GrabImageRGBD(): 15.9647ms
Frame 1081 end
Average processing time of GrabImageRGBD(): 15.9661ms
Frame 1082 end
Average processing time of GrabImageRGBD(): 15.9659ms
Frame 1083 end
Average processing time of GrabImageRGBD(): 15.9866ms
Frame 1084 end
Average processing time of GrabImageRGBD(): 15.9853ms
Frame 1085 end
Average processing time of GrabImageRGBD(): 15.9823ms
Frame 1086 end
Average processing time of GrabImageRGBD(): 15.9809ms
Frame 1087 end
Average processing time of GrabImageRGBD(): 15.9833ms
Frame 1088 end
Average processing time of GrabImageRGBD(): 15.9814ms
Frame 1089 end
Average processing time of GrabImageRGBD(): 15.9822ms
Frame 1090 end
Average processing time of GrabImageRGBD(): 15.9832ms
Frame 1091 end
Average processing time of GrabImageRGBD(): 15.9816ms
Frame 1092 end
Average processing time of GrabImageRGBD(): 15.977ms
Frame 1093 end
Average processing time of GrabImageRGBD(): 15.996ms
Frame 1094 end
Average processing time of GrabImageRGBD(): 15.9971ms
Frame 1095 end
Average processing time of GrabImageRGBD(): 15.9965ms
Frame 1096 end
Average processing time of GrabImageRGBD(): 15.9966ms
Frame 1097 end
Average processing time of GrabImageRGBD(): 15.9961ms
Frame 1098 end
Average processing time of GrabImageRGBD(): 15.9948ms
Frame 1099 end
Average processing time of GrabImageRGBD(): 15.9946ms
Frame 1100 end
Average processing time of GrabImageRGBD(): 15.9932ms
Frame 1101 end
Average processing time of GrabImageRGBD(): 15.9902ms
Frame 1102 end
Average processing time of GrabImageRGBD(): 15.9895ms
Frame 1103 end
Average processing time of GrabImageRGBD(): 15.989ms
Frame 1104 end
Average processing time of GrabImageRGBD(): 16.0173ms
Frame 1105 end
Average processing time of GrabImageRGBD(): 16.0143ms
Frame 1106 end
Average processing time of GrabImageRGBD(): 16.0113ms
Frame 1107 end
Average processing time of GrabImageRGBD(): 16.0089ms
Frame 1108 end
Average processing time of GrabImageRGBD(): 16.0047ms
Frame 1109 end
Average processing time of GrabImageRGBD(): 16.0049ms
Frame 1110 end
Average processing time of GrabImageRGBD(): 16.0011ms
Frame 1111 end
Average processing time of GrabImageRGBD(): 16.0001ms
Frame 1112 end
Average processing time of GrabImageRGBD(): 15.9991ms
Frame 1113 end
Average processing time of GrabImageRGBD(): 15.9964ms
Frame 1114 end
Average processing time of GrabImageRGBD(): 16.015ms
Frame 1115 end
Average processing time of GrabImageRGBD(): 16.016ms
Frame 1116 end
Average processing time of GrabImageRGBD(): 16.0176ms
Frame 1117 end
Average processing time of GrabImageRGBD(): 16.0176ms
Frame 1118 end
Average processing time of GrabImageRGBD(): 16.0152ms
Frame 1119 end
Average processing time of GrabImageRGBD(): 16.0115ms
Frame 1120 end
Average processing time of GrabImageRGBD(): 16.0094ms
Frame 1121 end
Average processing time of GrabImageRGBD(): 16.0097ms
Frame 1122 end
Average processing time of GrabImageRGBD(): 16.0091ms
Frame 1123 end
Average processing time of GrabImageRGBD(): 16.0266ms
Frame 1124 end
Average processing time of GrabImageRGBD(): 16.0256ms
Frame 1125 end
Average processing time of GrabImageRGBD(): 16.0237ms
Frame 1126 end
Average processing time of GrabImageRGBD(): 16.0285ms
Frame 1127 end
Average processing time of GrabImageRGBD(): 16.0263ms
Frame 1128 end
Average processing time of GrabImageRGBD(): 16.0251ms
Frame 1129 end
Average processing time of GrabImageRGBD(): 16.0237ms
Frame 1130 end
Average processing time of GrabImageRGBD(): 16.0218ms
Frame 1131 end
Average processing time of GrabImageRGBD(): 16.0197ms
Frame 1132 end
Average processing time of GrabImageRGBD(): 16.0146ms
Frame 1133 end
Average processing time of GrabImageRGBD(): 16.0289ms
Frame 1134 end
Average processing time of GrabImageRGBD(): 16.0291ms
Frame 1135 end
Average processing time of GrabImageRGBD(): 16.029ms
Frame 1136 end
Average processing time of GrabImageRGBD(): 16.0273ms
Frame 1137 end
Average processing time of GrabImageRGBD(): 16.0243ms
Frame 1138 end
Average processing time of GrabImageRGBD(): 16.0226ms
Frame 1139 end
Average processing time of GrabImageRGBD(): 16.0227ms
Frame 1140 end
Average processing time of GrabImageRGBD(): 16.0224ms
Frame 1141 end
Average processing time of GrabImageRGBD(): 16.0187ms
Frame 1142 end
Average processing time of GrabImageRGBD(): 16.0176ms
Frame 1143 end
Average processing time of GrabImageRGBD(): 16.0341ms
Frame 1144 end
Average processing time of GrabImageRGBD(): 16.0349ms
Frame 1145 end
Average processing time of GrabImageRGBD(): 16.0337ms
Frame 1146 end
Average processing time of GrabImageRGBD(): 16.0337ms
Frame 1147 end
Average processing time of GrabImageRGBD(): 16.0308ms
Frame 1148 end
Average processing time of GrabImageRGBD(): 16.0281ms
Frame 1149 end
Average processing time of GrabImageRGBD(): 16.0267ms
Frame 1150 end
Average processing time of GrabImageRGBD(): 16.0246ms
Frame 1151 end
Average processing time of GrabImageRGBD(): 16.0233ms
Frame 1152 end
Average processing time of GrabImageRGBD(): 16.039ms
Frame 1153 end
Average processing time of GrabImageRGBD(): 16.0385ms
Frame 1154 end
Average processing time of GrabImageRGBD(): 16.0366ms
Frame 1155 end
Average processing time of GrabImageRGBD(): 16.0349ms
Frame 1156 end
Average processing time of GrabImageRGBD(): 16.0332ms
Frame 1157 end
Average processing time of GrabImageRGBD(): 16.0322ms
Frame 1158 end
Average processing time of GrabImageRGBD(): 16.0298ms
Frame 1159 end
Average processing time of GrabImageRGBD(): 16.0286ms
Frame 1160 end
Average processing time of GrabImageRGBD(): 16.0267ms
Frame 1161 end
Average processing time of GrabImageRGBD(): 16.0436ms
Frame 1162 end
Average processing time of GrabImageRGBD(): 16.0419ms
Frame 1163 end
Average processing time of GrabImageRGBD(): 16.0398ms
Frame 1164 end
Average processing time of GrabImageRGBD(): 16.0373ms
Frame 1165 end
Average processing time of GrabImageRGBD(): 16.0359ms
Frame 1166 end
Average processing time of GrabImageRGBD(): 16.0337ms
Frame 1167 end
Average processing time of GrabImageRGBD(): 16.0322ms
Frame 1168 end
Average processing time of GrabImageRGBD(): 16.0306ms
Frame 1169 end
Average processing time of GrabImageRGBD(): 16.0286ms
Frame 1170 end
Average processing time of GrabImageRGBD(): 16.0244ms
Frame 1171 end
Average processing time of GrabImageRGBD(): 16.0234ms
Frame 1172 end
Average processing time of GrabImageRGBD(): 16.0217ms
Frame 1173 end
Average processing time of GrabImageRGBD(): 16.0198ms
Frame 1174 end
Average processing time of GrabImageRGBD(): 16.0189ms
Frame 1175 end
Average processing time of GrabImageRGBD(): 16.034ms
Frame 1176 end
Average processing time of GrabImageRGBD(): 16.034ms
Frame 1177 end
Average processing time of GrabImageRGBD(): 16.0319ms
Frame 1178 end
Average processing time of GrabImageRGBD(): 16.0298ms
Frame 1179 end
Average processing time of GrabImageRGBD(): 16.0259ms
Frame 1180 end
Average processing time of GrabImageRGBD(): 16.0246ms
Frame 1181 end
Average processing time of GrabImageRGBD(): 16.0237ms
Frame 1182 end
Average processing time of GrabImageRGBD(): 16.0217ms
Frame 1183 end
Average processing time of GrabImageRGBD(): 16.0195ms
Frame 1184 end
Average processing time of GrabImageRGBD(): 16.0358ms
Frame 1185 end
Average processing time of GrabImageRGBD(): 16.0363ms
Frame 1186 end
Average processing time of GrabImageRGBD(): 16.034ms
Frame 1187 end
Average processing time of GrabImageRGBD(): 16.0332ms
Frame 1188 end
Average processing time of GrabImageRGBD(): 16.0327ms
Frame 1189 end
Average processing time of GrabImageRGBD(): 16.0306ms
Frame 1190 end
Average processing time of GrabImageRGBD(): 16.0295ms
Frame 1191 end
Average processing time of GrabImageRGBD(): 16.0271ms
Frame 1192 end
Average processing time of GrabImageRGBD(): 16.0269ms
Frame 1193 end
Average processing time of GrabImageRGBD(): 16.028ms
Frame 1194 end
Average processing time of GrabImageRGBD(): 16.0261ms
Frame 1195 end
Average processing time of GrabImageRGBD(): 16.0426ms
Frame 1196 end
Average processing time of GrabImageRGBD(): 16.0432ms
Frame 1197 end
Average processing time of GrabImageRGBD(): 16.0434ms
Frame 1198 end
Average processing time of GrabImageRGBD(): 16.0393ms
Frame 1199 end
Average processing time of GrabImageRGBD(): 16.0366ms
Frame 1200 end
Average processing time of GrabImageRGBD(): 16.0372ms
Frame 1201 end
Average processing time of GrabImageRGBD(): 16.0367ms
Frame 1202 end
Average processing time of GrabImageRGBD(): 16.0343ms
Frame 1203 end
Average processing time of GrabImageRGBD(): 16.0341ms
Frame 1204 end
Average processing time of GrabImageRGBD(): 16.0323ms
Frame 1205 end
Average processing time of GrabImageRGBD(): 16.0481ms
Frame 1206 end
Average processing time of GrabImageRGBD(): 16.048ms
Frame 1207 end
Average processing time of GrabImageRGBD(): 16.0475ms
Frame 1208 end
Average processing time of GrabImageRGBD(): 16.0456ms
Frame 1209 end
Average processing time of GrabImageRGBD(): 16.0442ms
Frame 1210 end
Average processing time of GrabImageRGBD(): 16.0441ms
Frame 1211 end
Average processing time of GrabImageRGBD(): 16.0436ms
Frame 1212 end
Average processing time of GrabImageRGBD(): 16.0431ms
Frame 1213 end
Average processing time of GrabImageRGBD(): 16.0397ms
Frame 1214 end
Average processing time of GrabImageRGBD(): 16.0391ms
Frame 1215 end
Average processing time of GrabImageRGBD(): 16.0367ms
Frame 1216 end
Average processing time of GrabImageRGBD(): 16.0527ms
Frame 1217 end
Average processing time of GrabImageRGBD(): 16.053ms
Frame 1218 end
Shutdown
-------

median tracking time: 0.0146918
mean tracking time: 0.0169528

Saving camera trajectory to CameraTrajectory.txt ...

Saving keyframe trajectory to KeyFrameTrajectory.txt ...
