
ORB-SLAM3 Copyright (C) 2017-2020 Carlos Campos, Richard Elvira, Juan J. Gómez, José M.M. Montiel and Juan D. Tardós, University of Zaragoza.
ORB-SLAM2 Copyright (C) 2014-2016 Raúl Mur-Artal, José M.M. Montiel and Juan D. Tardós, University of Zaragoza.
This program comes with ABSOLUTELY NO WARRANTY;
This is free software, and you are welcome to redistribute it
under certain conditions. See LICENSE.txt.

Input sensor was set to: RGB-D
Loading settings from /home/bingxin/Downloads/NGD-SLAM/Examples/RGB-D/TUM3.yaml
Camera1.k3 optional parameter does not exist...
	-Loaded camera 1
Camera.newHeight optional parameter does not exist...
Camera.newWidth optional parameter does not exist...
	-Loaded image info
	-Loaded RGB-D calibration
	-Loaded ORB settings
Viewer.imageViewScale optional parameter does not exist...
	-Loaded viewer settings
System.LoadAtlasFromFile optional parameter does not exist...
System.SaveAtlasToFile optional parameter does not exist...
	-Loaded Atlas settings
System.thFarPoints optional parameter does not exist...
	-Loaded misc parameters
----------------------------------
SLAM settings: 
	-Camera 1 parameters (Pinhole): [ 535.4 539.2 320.1 247.6 ]
	-Camera 1 distortion parameters: [  0 0 0 0 ]
	-Original image size: [ 640 , 480 ]
	-Current image size: [ 640 , 480 ]
	-Sequence FPS: 30
	-RGB-D depth map factor: 5000
	-Features per image: 1000
	-ORB scale factor: 1.2
	-ORB number of scales: 8
	-Initial FAST threshold: 20
	-Min FAST threshold: 7


Loading ORB Vocabulary. This could take a while...
Vocabulary loaded!

Initialization of Atlas from scratch 
Creation of new map with id: 0
Creation of new map with last KF id: 0
Seq. Name: 
There are 1 cameras in the atlas
Camera 0 is pinhole
Net use yolo-fastest

-------
Start processing sequence ...
Images in the sequence: 1219

First KF:0; Map init KF:0
New Map created with 463 points
Average processing time of GrabImageRGBD(): 49.8711ms
Frame 0 end
Average processing time of GrabImageRGBD(): 41.6694ms
Frame 1 end
Average processing time of GrabImageRGBD(): 38.2508ms
Frame 2 end
Average processing time of GrabImageRGBD(): 32.4304ms
Frame 3 end
Average processing time of GrabImageRGBD(): 28.1984ms
Frame 4 end
Average processing time of GrabImageRGBD(): 25.5909ms
Frame 5 end
Starting the Viewer
Average processing time of GrabImageRGBD(): 23.746ms
Frame 6 end
Average processing time of GrabImageRGBD(): 22.3641ms
Frame 7 end
Average processing time of GrabImageRGBD(): 21.2191ms
Frame 8 end
Average processing time of GrabImageRGBD(): 19.8889ms
Frame 9 end
Average processing time of GrabImageRGBD(): 20.8745ms
Frame 10 end
Average processing time of GrabImageRGBD(): 20.2259ms
Frame 11 end
Average processing time of GrabImageRGBD(): 19.5903ms
Frame 12 end
Average processing time of GrabImageRGBD(): 19.0304ms
Frame 13 end
Average processing time of GrabImageRGBD(): 18.506ms
Frame 14 end
Average processing time of GrabImageRGBD(): 18.0932ms
Frame 15 end
Average processing time of GrabImageRGBD(): 17.825ms
Frame 16 end
Average processing time of GrabImageRGBD(): 17.4363ms
Frame 17 end
Average processing time of GrabImageRGBD(): 17.1046ms
Frame 18 end
Average processing time of GrabImageRGBD(): 16.8813ms
Frame 19 end
Average processing time of GrabImageRGBD(): 16.7121ms
Frame 20 end
Average processing time of GrabImageRGBD(): 16.4614ms
Frame 21 end
Average processing time of GrabImageRGBD(): 16.3194ms
Frame 22 end
Average processing time of GrabImageRGBD(): 16.9415ms
Frame 23 end
Average processing time of GrabImageRGBD(): 17.4555ms
Frame 24 end
Average processing time of GrabImageRGBD(): 17.2764ms
Frame 25 end
Average processing time of GrabImageRGBD(): 17.0041ms
Frame 26 end
Average processing time of GrabImageRGBD(): 17.529ms
Frame 27 end
Average processing time of GrabImageRGBD(): 17.4156ms
Frame 28 end
Average processing time of GrabImageRGBD(): 17.2508ms
Frame 29 end
Average processing time of GrabImageRGBD(): 17.1187ms
Frame 30 end
Average processing time of GrabImageRGBD(): 17.0046ms
Frame 31 end
Average processing time of GrabImageRGBD(): 16.8345ms
Frame 32 end
Average processing time of GrabImageRGBD(): 17.258ms
Frame 33 end
Average processing time of GrabImageRGBD(): 17.151ms
Frame 34 end
Average processing time of GrabImageRGBD(): 17.0148ms
Frame 35 end
Average processing time of GrabImageRGBD(): 16.9346ms
Frame 36 end
Average processing time of GrabImageRGBD(): 16.8209ms
Frame 37 end
Average processing time of GrabImageRGBD(): 16.66ms
Frame 38 end
Average processing time of GrabImageRGBD(): 16.5574ms
Frame 39 end
Average processing time of GrabImageRGBD(): 16.4681ms
Frame 40 end
Average processing time of GrabImageRGBD(): 16.3337ms
Frame 41 end
Average processing time of GrabImageRGBD(): 16.275ms
Frame 42 end
Average processing time of GrabImageRGBD(): 16.6407ms
Frame 43 end
Average processing time of GrabImageRGBD(): 16.5148ms
Frame 44 end
Average processing time of GrabImageRGBD(): 16.4307ms
Frame 45 end
Average processing time of GrabImageRGBD(): 16.3622ms
Frame 46 end
Average processing time of GrabImageRGBD(): 16.2418ms
Frame 47 end
Average processing time of GrabImageRGBD(): 16.1608ms
Frame 48 end
Average processing time of GrabImageRGBD(): 16.0362ms
Frame 49 end
Average processing time of GrabImageRGBD(): 15.9542ms
Frame 50 end
Average processing time of GrabImageRGBD(): 15.8645ms
Frame 51 end
Average processing time of GrabImageRGBD(): 15.8087ms
Frame 52 end
Average processing time of GrabImageRGBD(): 16.1041ms
Frame 53 end
Average processing time of GrabImageRGBD(): 16.0235ms
Frame 54 end
Average processing time of GrabImageRGBD(): 15.9604ms
Frame 55 end
Average processing time of GrabImageRGBD(): 15.9231ms
Frame 56 end
Average processing time of GrabImageRGBD(): 15.8439ms
Frame 57 end
Average processing time of GrabImageRGBD(): 15.7928ms
Frame 58 end
Average processing time of GrabImageRGBD(): 15.7401ms
Frame 59 end
Average processing time of GrabImageRGBD(): 15.6606ms
Frame 60 end
Average processing time of GrabImageRGBD(): 15.5877ms
Frame 61 end
Average processing time of GrabImageRGBD(): 15.5474ms
Frame 62 end
Average processing time of GrabImageRGBD(): 15.526ms
Frame 63 end
Average processing time of GrabImageRGBD(): 15.4738ms
Frame 64 end
Average processing time of GrabImageRGBD(): 15.4197ms
Frame 65 end
Average processing time of GrabImageRGBD(): 15.3534ms
Frame 66 end
Average processing time of GrabImageRGBD(): 15.5813ms
Frame 67 end
Average processing time of GrabImageRGBD(): 15.5441ms
Frame 68 end
Average processing time of GrabImageRGBD(): 15.4698ms
Frame 69 end
Average processing time of GrabImageRGBD(): 15.4207ms
Frame 70 end
Average processing time of GrabImageRGBD(): 15.3585ms
Frame 71 end
Average processing time of GrabImageRGBD(): 15.3246ms
Frame 72 end
Average processing time of GrabImageRGBD(): 15.2845ms
Frame 73 end
Average processing time of GrabImageRGBD(): 15.242ms
Frame 74 end
Average processing time of GrabImageRGBD(): 15.4725ms
Frame 75 end
Average processing time of GrabImageRGBD(): 15.4375ms
Frame 76 end
Average processing time of GrabImageRGBD(): 15.6453ms
Frame 77 end
Average processing time of GrabImageRGBD(): 15.605ms
Frame 78 end
Average processing time of GrabImageRGBD(): 15.8983ms
Frame 79 end
Average processing time of GrabImageRGBD(): 15.8368ms
Frame 80 end
Average processing time of GrabImageRGBD(): 15.7787ms
Frame 81 end
Average processing time of GrabImageRGBD(): 15.9757ms
Frame 82 end
Average processing time of GrabImageRGBD(): 15.9416ms
Frame 83 end
Average processing time of GrabImageRGBD(): 15.9101ms
Frame 84 end
Average processing time of GrabImageRGBD(): 15.869ms
Frame 85 end
Average processing time of GrabImageRGBD(): 15.8087ms
Frame 86 end
Average processing time of GrabImageRGBD(): 15.7668ms
Frame 87 end
Average processing time of GrabImageRGBD(): 15.724ms
Frame 88 end
Average processing time of GrabImageRGBD(): 15.8836ms
Frame 89 end
Average processing time of GrabImageRGBD(): 15.8607ms
Frame 90 end
Average processing time of GrabImageRGBD(): 15.8081ms
Frame 91 end
Average processing time of GrabImageRGBD(): 15.9749ms
Frame 92 end
Average processing time of GrabImageRGBD(): 15.9439ms
Frame 93 end
Average processing time of GrabImageRGBD(): 15.8918ms
Frame 94 end
Average processing time of GrabImageRGBD(): 15.8489ms
Frame 95 end
Average processing time of GrabImageRGBD(): 15.8146ms
Frame 96 end
Average processing time of GrabImageRGBD(): 15.9722ms
Frame 97 end
Average processing time of GrabImageRGBD(): 15.9304ms
Frame 98 end
Average processing time of GrabImageRGBD(): 16.0768ms
Frame 99 end
Average processing time of GrabImageRGBD(): 16.0328ms
Frame 100 end
Average processing time of GrabImageRGBD(): 16.1697ms
Frame 101 end
Average processing time of GrabImageRGBD(): 16.134ms
Frame 102 end
Average processing time of GrabImageRGBD(): 16.2916ms
Frame 103 end
Average processing time of GrabImageRGBD(): 16.2726ms
Frame 104 end
Average processing time of GrabImageRGBD(): 16.4245ms
Frame 105 end
Average processing time of GrabImageRGBD(): 16.3986ms
Frame 106 end
Average processing time of GrabImageRGBD(): 16.3463ms
Frame 107 end
Average processing time of GrabImageRGBD(): 16.3004ms
Frame 108 end
Average processing time of GrabImageRGBD(): 16.4441ms
Frame 109 end
Average processing time of GrabImageRGBD(): 16.4197ms
Frame 110 end
Average processing time of GrabImageRGBD(): 16.3949ms
Frame 111 end
Average processing time of GrabImageRGBD(): 16.5177ms
Frame 112 end
Average processing time of GrabImageRGBD(): 16.4847ms
Frame 113 end
Average processing time of GrabImageRGBD(): 16.4302ms
Frame 114 end
Average processing time of GrabImageRGBD(): 16.3729ms
Frame 115 end
Average processing time of GrabImageRGBD(): 16.3344ms
Frame 116 end
Average processing time of GrabImageRGBD(): 16.2968ms
Frame 117 end
Average processing time of GrabImageRGBD(): 16.4219ms
Frame 118 end
Average processing time of GrabImageRGBD(): 16.388ms
Frame 119 end
Average processing time of GrabImageRGBD(): 16.3567ms
Frame 120 end
Average processing time of GrabImageRGBD(): 16.4714ms
Frame 121 end
Average processing time of GrabImageRGBD(): 16.4354ms
Frame 122 end
Average processing time of GrabImageRGBD(): 16.3782ms
Frame 123 end
Average processing time of GrabImageRGBD(): 16.3374ms
Frame 124 end
Average processing time of GrabImageRGBD(): 16.3013ms
Frame 125 end
Average processing time of GrabImageRGBD(): 16.2513ms
Frame 126 end
Average processing time of GrabImageRGBD(): 16.3842ms
Frame 127 end
Average processing time of GrabImageRGBD(): 16.3332ms
Frame 128 end
Average processing time of GrabImageRGBD(): 16.2755ms
Frame 129 end
Average processing time of GrabImageRGBD(): 16.211ms
Frame 130 end
Average processing time of GrabImageRGBD(): 16.1561ms
Frame 131 end
Average processing time of GrabImageRGBD(): 16.1135ms
Frame 132 end
Average processing time of GrabImageRGBD(): 16.0637ms
Frame 133 end
Average processing time of GrabImageRGBD(): 16.0115ms
Frame 134 end
Average processing time of GrabImageRGBD(): 15.9586ms
Frame 135 end
Average processing time of GrabImageRGBD(): 15.9077ms
Frame 136 end
Average processing time of GrabImageRGBD(): 15.8671ms
Frame 137 end
Average processing time of GrabImageRGBD(): 15.8411ms
Frame 138 end
Average processing time of GrabImageRGBD(): 15.7705ms
Frame 139 end
Average processing time of GrabImageRGBD(): 15.7249ms
Frame 140 end
Average processing time of GrabImageRGBD(): 15.6884ms
Frame 141 end
Average processing time of GrabImageRGBD(): 15.6615ms
Frame 142 end
Average processing time of GrabImageRGBD(): 15.629ms
Frame 143 end
Average processing time of GrabImageRGBD(): 15.7401ms
Frame 144 end
Average processing time of GrabImageRGBD(): 15.7104ms
Frame 145 end
Average processing time of GrabImageRGBD(): 15.6877ms
Frame 146 end
Average processing time of GrabImageRGBD(): 15.8092ms
Frame 147 end
Average processing time of GrabImageRGBD(): 15.7805ms
Frame 148 end
Average processing time of GrabImageRGBD(): 15.7594ms
Frame 149 end
Average processing time of GrabImageRGBD(): 15.7209ms
Frame 150 end
Average processing time of GrabImageRGBD(): 15.7003ms
Frame 151 end
Average processing time of GrabImageRGBD(): 15.6474ms
Frame 152 end
Average processing time of GrabImageRGBD(): 15.598ms
Frame 153 end
Average processing time of GrabImageRGBD(): 15.542ms
Frame 154 end
Average processing time of GrabImageRGBD(): 15.5024ms
Frame 155 end
Average processing time of GrabImageRGBD(): 15.4622ms
Frame 156 end
Average processing time of GrabImageRGBD(): 15.4143ms
Frame 157 end
Average processing time of GrabImageRGBD(): 15.3974ms
Frame 158 end
Average processing time of GrabImageRGBD(): 15.3692ms
Frame 159 end
Average processing time of GrabImageRGBD(): 15.3123ms
Frame 160 end
Average processing time of GrabImageRGBD(): 15.4012ms
Frame 161 end
Average processing time of GrabImageRGBD(): 15.3849ms
Frame 162 end
Average processing time of GrabImageRGBD(): 15.3471ms
Frame 163 end
Average processing time of GrabImageRGBD(): 15.4444ms
Frame 164 end
Average processing time of GrabImageRGBD(): 15.4275ms
Frame 165 end
Average processing time of GrabImageRGBD(): 15.3914ms
Frame 166 end
Average processing time of GrabImageRGBD(): 15.3679ms
Frame 167 end
Average processing time of GrabImageRGBD(): 15.3493ms
Frame 168 end
Average processing time of GrabImageRGBD(): 15.2999ms
Frame 169 end
Average processing time of GrabImageRGBD(): 15.2703ms
Frame 170 end
Average processing time of GrabImageRGBD(): 15.2416ms
Frame 171 end
Average processing time of GrabImageRGBD(): 15.2185ms
Frame 172 end
Average processing time of GrabImageRGBD(): 15.1916ms
Frame 173 end
Average processing time of GrabImageRGBD(): 15.165ms
Frame 174 end
Average processing time of GrabImageRGBD(): 15.262ms
Frame 175 end
Average processing time of GrabImageRGBD(): 15.2405ms
Frame 176 end
Average processing time of GrabImageRGBD(): 15.2135ms
Frame 177 end
Average processing time of GrabImageRGBD(): 15.2036ms
Frame 178 end
Average processing time of GrabImageRGBD(): 15.3036ms
Frame 179 end
Average processing time of GrabImageRGBD(): 15.2877ms
Frame 180 end
Average processing time of GrabImageRGBD(): 15.2761ms
Frame 181 end
Average processing time of GrabImageRGBD(): 15.2612ms
Frame 182 end
Average processing time of GrabImageRGBD(): 15.2388ms
Frame 183 end
Average processing time of GrabImageRGBD(): 15.3281ms
Frame 184 end
Average processing time of GrabImageRGBD(): 15.3226ms
Frame 185 end
Average processing time of GrabImageRGBD(): 15.3128ms
Frame 186 end
Average processing time of GrabImageRGBD(): 15.2983ms
Frame 187 end
Average processing time of GrabImageRGBD(): 15.3772ms
Frame 188 end
Average processing time of GrabImageRGBD(): 15.3672ms
Frame 189 end
Average processing time of GrabImageRGBD(): 15.3515ms
Frame 190 end
Average processing time of GrabImageRGBD(): 15.4431ms
Frame 191 end
Average processing time of GrabImageRGBD(): 15.4365ms
Frame 192 end
Average processing time of GrabImageRGBD(): 15.4375ms
Frame 193 end
Average processing time of GrabImageRGBD(): 15.4223ms
Frame 194 end
Average processing time of GrabImageRGBD(): 15.4084ms
Frame 195 end
Average processing time of GrabImageRGBD(): 15.3926ms
Frame 196 end
Average processing time of GrabImageRGBD(): 15.3705ms
Frame 197 end
Average processing time of GrabImageRGBD(): 15.3614ms
Frame 198 end
Average processing time of GrabImageRGBD(): 15.3537ms
Frame 199 end
Average processing time of GrabImageRGBD(): 15.3369ms
Frame 200 end
Average processing time of GrabImageRGBD(): 15.3193ms
Frame 201 end
Average processing time of GrabImageRGBD(): 15.3089ms
Frame 202 end
Average processing time of GrabImageRGBD(): 15.2966ms
Frame 203 end
Average processing time of GrabImageRGBD(): 15.285ms
Frame 204 end
Average processing time of GrabImageRGBD(): 15.2753ms
Frame 205 end
Average processing time of GrabImageRGBD(): 15.2649ms
Frame 206 end
Average processing time of GrabImageRGBD(): 15.2439ms
Frame 207 end
Average processing time of GrabImageRGBD(): 15.3287ms
Frame 208 end
Average processing time of GrabImageRGBD(): 15.3203ms
Frame 209 end
Average processing time of GrabImageRGBD(): 15.3107ms
Frame 210 end
Average processing time of GrabImageRGBD(): 15.3087ms
Frame 211 end
Average processing time of GrabImageRGBD(): 15.2927ms
Frame 212 end
Average processing time of GrabImageRGBD(): 15.2829ms
Frame 213 end
Average processing time of GrabImageRGBD(): 15.273ms
Frame 214 end
Average processing time of GrabImageRGBD(): 15.2547ms
Frame 215 end
Average processing time of GrabImageRGBD(): 15.2464ms
Frame 216 end
Average processing time of GrabImageRGBD(): 15.2366ms
Frame 217 end
Average processing time of GrabImageRGBD(): 15.2174ms
Frame 218 end
Average processing time of GrabImageRGBD(): 15.2067ms
Frame 219 end
Average processing time of GrabImageRGBD(): 15.3007ms
Frame 220 end
Average processing time of GrabImageRGBD(): 15.2863ms
Frame 221 end
Average processing time of GrabImageRGBD(): 15.2778ms
Frame 222 end
Average processing time of GrabImageRGBD(): 15.2768ms
Frame 223 end
Average processing time of GrabImageRGBD(): 15.3576ms
Frame 224 end
Average processing time of GrabImageRGBD(): 15.3501ms
Frame 225 end
Average processing time of GrabImageRGBD(): 15.3438ms
Frame 226 end
Average processing time of GrabImageRGBD(): 15.3348ms
Frame 227 end
Average processing time of GrabImageRGBD(): 15.3232ms
Frame 228 end
Average processing time of GrabImageRGBD(): 15.3142ms
Frame 229 end
Average processing time of GrabImageRGBD(): 15.3872ms
Frame 230 end
Average processing time of GrabImageRGBD(): 15.3856ms
Frame 231 end
Average processing time of GrabImageRGBD(): 15.3797ms
Frame 232 end
Average processing time of GrabImageRGBD(): 15.3698ms
Frame 233 end
Average processing time of GrabImageRGBD(): 15.3605ms
Frame 234 end
Average processing time of GrabImageRGBD(): 15.3545ms
Frame 235 end
Average processing time of GrabImageRGBD(): 15.3535ms
Frame 236 end
Average processing time of GrabImageRGBD(): 15.3487ms
Frame 237 end
Average processing time of GrabImageRGBD(): 15.3452ms
Frame 238 end
Average processing time of GrabImageRGBD(): 15.333ms
Frame 239 end
Average processing time of GrabImageRGBD(): 15.3273ms
Frame 240 end
Average processing time of GrabImageRGBD(): 15.3259ms
Frame 241 end
Average processing time of GrabImageRGBD(): 15.3148ms
Frame 242 end
Average processing time of GrabImageRGBD(): 15.3094ms
Frame 243 end
Average processing time of GrabImageRGBD(): 15.3038ms
Frame 244 end
Average processing time of GrabImageRGBD(): 15.3126ms
Frame 245 end
Average processing time of GrabImageRGBD(): 15.3109ms
Frame 246 end
Average processing time of GrabImageRGBD(): 15.304ms
Frame 247 end
Average processing time of GrabImageRGBD(): 15.2881ms
Frame 248 end
Average processing time of GrabImageRGBD(): 15.3636ms
Frame 249 end
Average processing time of GrabImageRGBD(): 15.3615ms
Frame 250 end
Average processing time of GrabImageRGBD(): 15.3567ms
Frame 251 end
Average processing time of GrabImageRGBD(): 15.35ms
Frame 252 end
Average processing time of GrabImageRGBD(): 15.3322ms
Frame 253 end
Average processing time of GrabImageRGBD(): 15.4049ms
Frame 254 end
Average processing time of GrabImageRGBD(): 15.3992ms
Frame 255 end
Average processing time of GrabImageRGBD(): 15.3947ms
Frame 256 end
Average processing time of GrabImageRGBD(): 15.3889ms
Frame 257 end
Average processing time of GrabImageRGBD(): 15.375ms
Frame 258 end
Average processing time of GrabImageRGBD(): 15.4746ms
Frame 259 end
Average processing time of GrabImageRGBD(): 15.4706ms
Frame 260 end
Average processing time of GrabImageRGBD(): 15.4612ms
Frame 261 end
Average processing time of GrabImageRGBD(): 15.4516ms
Frame 262 end
Average processing time of GrabImageRGBD(): 15.5566ms
Frame 263 end
Average processing time of GrabImageRGBD(): 15.5505ms
Frame 264 end
Average processing time of GrabImageRGBD(): 15.539ms
Frame 265 end
Average processing time of GrabImageRGBD(): 15.5368ms
Frame 266 end
Average processing time of GrabImageRGBD(): 15.5292ms
Frame 267 end
Average processing time of GrabImageRGBD(): 15.5262ms
Frame 268 end
Average processing time of GrabImageRGBD(): 15.5122ms
Frame 269 end
Average processing time of GrabImageRGBD(): 15.5101ms
Frame 270 end
Average processing time of GrabImageRGBD(): 15.5806ms
Frame 271 end
Average processing time of GrabImageRGBD(): 15.5671ms
Frame 272 end
Average processing time of GrabImageRGBD(): 15.5669ms
Frame 273 end
Average processing time of GrabImageRGBD(): 15.5619ms
Frame 274 end
Average processing time of GrabImageRGBD(): 15.5504ms
Frame 275 end
Average processing time of GrabImageRGBD(): 15.5348ms
Frame 276 end
Average processing time of GrabImageRGBD(): 15.5266ms
Frame 277 end
Average processing time of GrabImageRGBD(): 15.5168ms
Frame 278 end
Average processing time of GrabImageRGBD(): 15.5014ms
Frame 279 end
Average processing time of GrabImageRGBD(): 15.4895ms
Frame 280 end
Average processing time of GrabImageRGBD(): 15.4827ms
Frame 281 end
Average processing time of GrabImageRGBD(): 15.466ms
Frame 282 end
Average processing time of GrabImageRGBD(): 15.4559ms
Frame 283 end
Average processing time of GrabImageRGBD(): 15.4483ms
Frame 284 end
Average processing time of GrabImageRGBD(): 15.5062ms
Frame 285 end
Average processing time of GrabImageRGBD(): 15.4992ms
Frame 286 end
Average processing time of GrabImageRGBD(): 15.4911ms
Frame 287 end
Average processing time of GrabImageRGBD(): 15.4873ms
Frame 288 end
Average processing time of GrabImageRGBD(): 15.4837ms
Frame 289 end
Average processing time of GrabImageRGBD(): 15.546ms
Frame 290 end
Average processing time of GrabImageRGBD(): 15.5422ms
Frame 291 end
Average processing time of GrabImageRGBD(): 15.5346ms
Frame 292 end
Average processing time of GrabImageRGBD(): 15.5287ms
Frame 293 end
Average processing time of GrabImageRGBD(): 15.5244ms
Frame 294 end
Average processing time of GrabImageRGBD(): 15.5173ms
Frame 295 end
Average processing time of GrabImageRGBD(): 15.5065ms
Frame 296 end
Average processing time of GrabImageRGBD(): 15.494ms
Frame 297 end
Average processing time of GrabImageRGBD(): 15.4893ms
Frame 298 end
Average processing time of GrabImageRGBD(): 15.5512ms
Frame 299 end
Average processing time of GrabImageRGBD(): 15.5411ms
Frame 300 end
Average processing time of GrabImageRGBD(): 15.536ms
Frame 301 end
Average processing time of GrabImageRGBD(): 15.5361ms
Frame 302 end
Average processing time of GrabImageRGBD(): 15.5253ms
Frame 303 end
Average processing time of GrabImageRGBD(): 15.5923ms
Frame 304 end
Average processing time of GrabImageRGBD(): 15.5878ms
Frame 305 end
Average processing time of GrabImageRGBD(): 15.5808ms
Frame 306 end
Average processing time of GrabImageRGBD(): 15.5807ms
Frame 307 end
Average processing time of GrabImageRGBD(): 15.5749ms
Frame 308 end
Average processing time of GrabImageRGBD(): 15.5713ms
Frame 309 end
Average processing time of GrabImageRGBD(): 15.5592ms
Frame 310 end
Average processing time of GrabImageRGBD(): 15.553ms
Frame 311 end
Average processing time of GrabImageRGBD(): 15.5409ms
Frame 312 end
Average processing time of GrabImageRGBD(): 15.6032ms
Frame 313 end
Average processing time of GrabImageRGBD(): 15.6135ms
Frame 314 end
Average processing time of GrabImageRGBD(): 15.6109ms
Frame 315 end
Average processing time of GrabImageRGBD(): 15.6077ms
Frame 316 end
Average processing time of GrabImageRGBD(): 15.6034ms
Frame 317 end
Average processing time of GrabImageRGBD(): 15.6911ms
Frame 318 end
Average processing time of GrabImageRGBD(): 15.6829ms
Frame 319 end
Average processing time of GrabImageRGBD(): 15.6811ms
Frame 320 end
Average processing time of GrabImageRGBD(): 15.6691ms
Frame 321 end
Average processing time of GrabImageRGBD(): 15.6598ms
Frame 322 end
Average processing time of GrabImageRGBD(): 15.6501ms
Frame 323 end
Average processing time of GrabImageRGBD(): 15.6341ms
Frame 324 end
Average processing time of GrabImageRGBD(): 15.6875ms
Frame 325 end
Average processing time of GrabImageRGBD(): 15.6817ms
Frame 326 end
Average processing time of GrabImageRGBD(): 15.6745ms
Frame 327 end
Average processing time of GrabImageRGBD(): 15.667ms
Frame 328 end
Average processing time of GrabImageRGBD(): 15.6508ms
Frame 329 end
Average processing time of GrabImageRGBD(): 15.637ms
Frame 330 end
Average processing time of GrabImageRGBD(): 15.6284ms
Frame 331 end
Average processing time of GrabImageRGBD(): 15.6207ms
Frame 332 end
Average processing time of GrabImageRGBD(): 15.6054ms
Frame 333 end
Average processing time of GrabImageRGBD(): 15.596ms
Frame 334 end
Average processing time of GrabImageRGBD(): 15.5877ms
Frame 335 end
Average processing time of GrabImageRGBD(): 15.5768ms
Frame 336 end
Average processing time of GrabImageRGBD(): 15.5627ms
Frame 337 end
Average processing time of GrabImageRGBD(): 15.6138ms
Frame 338 end
Average processing time of GrabImageRGBD(): 15.609ms
Frame 339 end
Average processing time of GrabImageRGBD(): 15.6023ms
Frame 340 end
Average processing time of GrabImageRGBD(): 15.5937ms
Frame 341 end
Average processing time of GrabImageRGBD(): 15.5834ms
Frame 342 end
Average processing time of GrabImageRGBD(): 15.6989ms
Frame 343 end
Average processing time of GrabImageRGBD(): 15.6933ms
Frame 344 end
Average processing time of GrabImageRGBD(): 15.6882ms
Frame 345 end
Average processing time of GrabImageRGBD(): 15.6796ms
Frame 346 end
Average processing time of GrabImageRGBD(): 15.6706ms
Frame 347 end
Average processing time of GrabImageRGBD(): 15.6643ms
Frame 348 end
Average processing time of GrabImageRGBD(): 15.7111ms
Frame 349 end
Average processing time of GrabImageRGBD(): 15.7043ms
Frame 350 end
Average processing time of GrabImageRGBD(): 15.6898ms
Frame 351 end
Average processing time of GrabImageRGBD(): 15.6801ms
Frame 352 end
Average processing time of GrabImageRGBD(): 15.6674ms
Frame 353 end
Average processing time of GrabImageRGBD(): 15.6578ms
Frame 354 end
Average processing time of GrabImageRGBD(): 15.7051ms
Frame 355 end
Average processing time of GrabImageRGBD(): 15.6946ms
Frame 356 end
Average processing time of GrabImageRGBD(): 15.688ms
Frame 357 end
Average processing time of GrabImageRGBD(): 15.673ms
Frame 358 end
Average processing time of GrabImageRGBD(): 15.6775ms
Frame 359 end
Average processing time of GrabImageRGBD(): 15.6729ms
Frame 360 end
Average processing time of GrabImageRGBD(): 15.7186ms
Frame 361 end
Average processing time of GrabImageRGBD(): 15.7116ms
Frame 362 end
Average processing time of GrabImageRGBD(): 15.6955ms
Frame 363 end
Average processing time of GrabImageRGBD(): 15.6873ms
Frame 364 end
Average processing time of GrabImageRGBD(): 15.6821ms
Frame 365 end
Average processing time of GrabImageRGBD(): 15.6695ms
Frame 366 end
Average processing time of GrabImageRGBD(): 15.7211ms
Frame 367 end
Average processing time of GrabImageRGBD(): 15.7126ms
Frame 368 end
Average processing time of GrabImageRGBD(): 15.7002ms
Frame 369 end
Average processing time of GrabImageRGBD(): 15.69ms
Frame 370 end
Average processing time of GrabImageRGBD(): 15.6813ms
Frame 371 end
Average processing time of GrabImageRGBD(): 15.6698ms
Frame 372 end
Average processing time of GrabImageRGBD(): 15.6529ms
Frame 373 end
Average processing time of GrabImageRGBD(): 15.6429ms
Frame 374 end
Average processing time of GrabImageRGBD(): 15.6785ms
Frame 375 end
Average processing time of GrabImageRGBD(): 15.6717ms
Frame 376 end
Average processing time of GrabImageRGBD(): 15.6641ms
Frame 377 end
Average processing time of GrabImageRGBD(): 15.6458ms
Frame 378 end
Average processing time of GrabImageRGBD(): 15.6368ms
Frame 379 end
Average processing time of GrabImageRGBD(): 15.6238ms
Frame 380 end
Average processing time of GrabImageRGBD(): 15.6128ms
Frame 381 end
Average processing time of GrabImageRGBD(): 15.6018ms
Frame 382 end
Average processing time of GrabImageRGBD(): 15.5886ms
Frame 383 end
Average processing time of GrabImageRGBD(): 15.5783ms
Frame 384 end
Average processing time of GrabImageRGBD(): 15.5703ms
Frame 385 end
Average processing time of GrabImageRGBD(): 15.5562ms
Frame 386 end
Average processing time of GrabImageRGBD(): 15.5479ms
Frame 387 end
Average processing time of GrabImageRGBD(): 15.5373ms
Frame 388 end
Average processing time of GrabImageRGBD(): 15.5223ms
Frame 389 end
Average processing time of GrabImageRGBD(): 15.5129ms
Frame 390 end
Average processing time of GrabImageRGBD(): 15.5546ms
Frame 391 end
Average processing time of GrabImageRGBD(): 15.5458ms
Frame 392 end
Average processing time of GrabImageRGBD(): 15.5397ms
Frame 393 end
Average processing time of GrabImageRGBD(): 15.5293ms
Frame 394 end
Average processing time of GrabImageRGBD(): 15.5173ms
Frame 395 end
Average processing time of GrabImageRGBD(): 15.5104ms
Frame 396 end
Average processing time of GrabImageRGBD(): 15.5557ms
Frame 397 end
Average processing time of GrabImageRGBD(): 15.5446ms
Frame 398 end
Average processing time of GrabImageRGBD(): 15.5382ms
Frame 399 end
Average processing time of GrabImageRGBD(): 15.5314ms
Frame 400 end
Average processing time of GrabImageRGBD(): 15.5195ms
Frame 401 end
Average processing time of GrabImageRGBD(): 15.5124ms
Frame 402 end
Average processing time of GrabImageRGBD(): 15.5552ms
Frame 403 end
Average processing time of GrabImageRGBD(): 15.545ms
Frame 404 end
Average processing time of GrabImageRGBD(): 15.5372ms
Frame 405 end
Average processing time of GrabImageRGBD(): 15.5328ms
Frame 406 end
Average processing time of GrabImageRGBD(): 15.5227ms
Frame 407 end
Average processing time of GrabImageRGBD(): 15.5174ms
Frame 408 end
Average processing time of GrabImageRGBD(): 15.5657ms
Frame 409 end
Average processing time of GrabImageRGBD(): 15.5582ms
Frame 410 end
Average processing time of GrabImageRGBD(): 15.5539ms
Frame 411 end
Average processing time of GrabImageRGBD(): 15.5478ms
Frame 412 end
Average processing time of GrabImageRGBD(): 15.542ms
Frame 413 end
Average processing time of GrabImageRGBD(): 15.532ms
Frame 414 end
Average processing time of GrabImageRGBD(): 15.5798ms
Frame 415 end
Average processing time of GrabImageRGBD(): 15.58ms
Frame 416 end
Average processing time of GrabImageRGBD(): 15.5731ms
Frame 417 end
Average processing time of GrabImageRGBD(): 15.5694ms
Frame 418 end
Average processing time of GrabImageRGBD(): 15.57ms
Frame 419 end
Average processing time of GrabImageRGBD(): 15.5681ms
Frame 420 end
Average processing time of GrabImageRGBD(): 15.5666ms
Frame 421 end
Average processing time of GrabImageRGBD(): 15.6179ms
Frame 422 end
Average processing time of GrabImageRGBD(): 15.6226ms
Frame 423 end
Average processing time of GrabImageRGBD(): 15.6246ms
Frame 424 end
Average processing time of GrabImageRGBD(): 15.6252ms
Frame 425 end
Average processing time of GrabImageRGBD(): 15.6292ms
Frame 426 end
Average processing time of GrabImageRGBD(): 15.6298ms
Frame 427 end
Average processing time of GrabImageRGBD(): 15.6738ms
Frame 428 end
Average processing time of GrabImageRGBD(): 15.6765ms
Frame 429 end
Average processing time of GrabImageRGBD(): 15.679ms
Frame 430 end
Average processing time of GrabImageRGBD(): 15.6784ms
Frame 431 end
Average processing time of GrabImageRGBD(): 15.6783ms
Frame 432 end
Average processing time of GrabImageRGBD(): 15.6735ms
Frame 433 end
Average processing time of GrabImageRGBD(): 15.6722ms
Frame 434 end
Average processing time of GrabImageRGBD(): 15.7172ms
Frame 435 end
Average processing time of GrabImageRGBD(): 15.7104ms
Frame 436 end
Average processing time of GrabImageRGBD(): 15.7085ms
Frame 437 end
Average processing time of GrabImageRGBD(): 15.7091ms
Frame 438 end
Average processing time of GrabImageRGBD(): 15.7092ms
Frame 439 end
Average processing time of GrabImageRGBD(): 15.708ms
Frame 440 end
Average processing time of GrabImageRGBD(): 15.7005ms
Frame 441 end
Average processing time of GrabImageRGBD(): 15.6959ms
Frame 442 end
Average processing time of GrabImageRGBD(): 15.746ms
Frame 443 end
Average processing time of GrabImageRGBD(): 15.737ms
Frame 444 end
Average processing time of GrabImageRGBD(): 15.7299ms
Frame 445 end
Average processing time of GrabImageRGBD(): 15.7251ms
Frame 446 end
Average processing time of GrabImageRGBD(): 15.7161ms
Frame 447 end
Average processing time of GrabImageRGBD(): 15.7078ms
Frame 448 end
Average processing time of GrabImageRGBD(): 15.6971ms
Frame 449 end
Average processing time of GrabImageRGBD(): 15.6916ms
Frame 450 end
Average processing time of GrabImageRGBD(): 15.6847ms
Frame 451 end
Average processing time of GrabImageRGBD(): 15.6767ms
Frame 452 end
Average processing time of GrabImageRGBD(): 15.669ms
Frame 453 end
Average processing time of GrabImageRGBD(): 15.6664ms
Frame 454 end
Average processing time of GrabImageRGBD(): 15.706ms
Frame 455 end
Average processing time of GrabImageRGBD(): 15.7009ms
Frame 456 end
Average processing time of GrabImageRGBD(): 15.6928ms
Frame 457 end
Average processing time of GrabImageRGBD(): 15.69ms
Frame 458 end
Average processing time of GrabImageRGBD(): 15.6937ms
Frame 459 end
Average processing time of GrabImageRGBD(): 15.6923ms
Frame 460 end
Average processing time of GrabImageRGBD(): 15.6812ms
Frame 461 end
Average processing time of GrabImageRGBD(): 15.675ms
Frame 462 end
Average processing time of GrabImageRGBD(): 15.7162ms
Frame 463 end
Average processing time of GrabImageRGBD(): 15.7091ms
Frame 464 end
Average processing time of GrabImageRGBD(): 15.7032ms
Frame 465 end
Average processing time of GrabImageRGBD(): 15.6985ms
Frame 466 end
Average processing time of GrabImageRGBD(): 15.6845ms
Frame 467 end
Average processing time of GrabImageRGBD(): 15.6793ms
Frame 468 end
Average processing time of GrabImageRGBD(): 15.6707ms
Frame 469 end
Average processing time of GrabImageRGBD(): 15.7066ms
Frame 470 end
Average processing time of GrabImageRGBD(): 15.6983ms
Frame 471 end
Average processing time of GrabImageRGBD(): 15.6906ms
Frame 472 end
Average processing time of GrabImageRGBD(): 15.6842ms
Frame 473 end
Average processing time of GrabImageRGBD(): 15.6811ms
Frame 474 end
Average processing time of GrabImageRGBD(): 15.6715ms
Frame 475 end
Average processing time of GrabImageRGBD(): 15.6659ms
Frame 476 end
Average processing time of GrabImageRGBD(): 15.7054ms
Frame 477 end
Average processing time of GrabImageRGBD(): 15.7024ms
Frame 478 end
Average processing time of GrabImageRGBD(): 15.6996ms
Frame 479 end
Average processing time of GrabImageRGBD(): 15.6912ms
Frame 480 end
Average processing time of GrabImageRGBD(): 15.6876ms
Frame 481 end
Average processing time of GrabImageRGBD(): 15.6828ms
Frame 482 end
Average processing time of GrabImageRGBD(): 15.6822ms
Frame 483 end
Average processing time of GrabImageRGBD(): 15.6768ms
Frame 484 end
Average processing time of GrabImageRGBD(): 15.7126ms
Frame 485 end
Average processing time of GrabImageRGBD(): 15.7038ms
Frame 486 end
Average processing time of GrabImageRGBD(): 15.7012ms
Frame 487 end
Average processing time of GrabImageRGBD(): 15.6955ms
Frame 488 end
Average processing time of GrabImageRGBD(): 15.6858ms
Frame 489 end
Average processing time of GrabImageRGBD(): 15.6807ms
Frame 490 end
Average processing time of GrabImageRGBD(): 15.6713ms
Frame 491 end
Average processing time of GrabImageRGBD(): 15.6612ms
Frame 492 end
Average processing time of GrabImageRGBD(): 15.6947ms
Frame 493 end
Average processing time of GrabImageRGBD(): 15.6925ms
Frame 494 end
Average processing time of GrabImageRGBD(): 15.6859ms
Frame 495 end
Average processing time of GrabImageRGBD(): 15.6782ms
Frame 496 end
Average processing time of GrabImageRGBD(): 15.6639ms
Frame 497 end
Average processing time of GrabImageRGBD(): 15.6562ms
Frame 498 end
Average processing time of GrabImageRGBD(): 15.6485ms
Frame 499 end
Average processing time of GrabImageRGBD(): 15.6401ms
Frame 500 end
Average processing time of GrabImageRGBD(): 15.6322ms
Frame 501 end
Average processing time of GrabImageRGBD(): 15.6275ms
Frame 502 end
Average processing time of GrabImageRGBD(): 15.6581ms
Frame 503 end
Average processing time of GrabImageRGBD(): 15.6533ms
Frame 504 end
Average processing time of GrabImageRGBD(): 15.6457ms
Frame 505 end
Average processing time of GrabImageRGBD(): 15.6381ms
Frame 506 end
Average processing time of GrabImageRGBD(): 15.6308ms
Frame 507 end
Average processing time of GrabImageRGBD(): 15.6204ms
Frame 508 end
Average processing time of GrabImageRGBD(): 15.6128ms
Frame 509 end
Average processing time of GrabImageRGBD(): 15.6066ms
Frame 510 end
Average processing time of GrabImageRGBD(): 15.6395ms
Frame 511 end
Average processing time of GrabImageRGBD(): 15.6338ms
Frame 512 end
Average processing time of GrabImageRGBD(): 15.628ms
Frame 513 end
Average processing time of GrabImageRGBD(): 15.6196ms
Frame 514 end
Average processing time of GrabImageRGBD(): 15.6138ms
Frame 515 end
Average processing time of GrabImageRGBD(): 15.6061ms
Frame 516 end
Average processing time of GrabImageRGBD(): 15.5958ms
Frame 517 end
Average processing time of GrabImageRGBD(): 15.5916ms
Frame 518 end
Average processing time of GrabImageRGBD(): 15.6228ms
Frame 519 end
Average processing time of GrabImageRGBD(): 15.6159ms
Frame 520 end
Average processing time of GrabImageRGBD(): 15.6062ms
Frame 521 end
Average processing time of GrabImageRGBD(): 15.5939ms
Frame 522 end
Average processing time of GrabImageRGBD(): 15.5839ms
Frame 523 end
Average processing time of GrabImageRGBD(): 15.5713ms
Frame 524 end
Average processing time of GrabImageRGBD(): 15.563ms
Frame 525 end
Average processing time of GrabImageRGBD(): 15.556ms
Frame 526 end
Average processing time of GrabImageRGBD(): 15.5887ms
Frame 527 end
Average processing time of GrabImageRGBD(): 15.5771ms
Frame 528 end
Average processing time of GrabImageRGBD(): 15.5704ms
Frame 529 end
Average processing time of GrabImageRGBD(): 15.5631ms
Frame 530 end
Average processing time of GrabImageRGBD(): 15.5524ms
Frame 531 end
Average processing time of GrabImageRGBD(): 15.5429ms
Frame 532 end
Average processing time of GrabImageRGBD(): 15.5364ms
Frame 533 end
Average processing time of GrabImageRGBD(): 15.5319ms
Frame 534 end
Average processing time of GrabImageRGBD(): 15.5616ms
Frame 535 end
Average processing time of GrabImageRGBD(): 15.5559ms
Frame 536 end
Average processing time of GrabImageRGBD(): 15.5401ms
Frame 537 end
Average processing time of GrabImageRGBD(): 15.5331ms
Frame 538 end
Average processing time of GrabImageRGBD(): 15.5179ms
Frame 539 end
Average processing time of GrabImageRGBD(): 15.4971ms
Frame 540 end
Average processing time of GrabImageRGBD(): 15.4873ms
Frame 541 end
Average processing time of GrabImageRGBD(): 15.4717ms
Frame 542 end
Average processing time of GrabImageRGBD(): 15.4982ms
Frame 543 end
Average processing time of GrabImageRGBD(): 15.4908ms
Frame 544 end
Average processing time of GrabImageRGBD(): 15.4771ms
Frame 545 end
Average processing time of GrabImageRGBD(): 15.4615ms
Frame 546 end
Average processing time of GrabImageRGBD(): 15.4474ms
Frame 547 end
Average processing time of GrabImageRGBD(): 15.4379ms
Frame 548 end
Average processing time of GrabImageRGBD(): 15.4678ms
Frame 549 end
Average processing time of GrabImageRGBD(): 15.4571ms
Frame 550 end
Average processing time of GrabImageRGBD(): 15.4395ms
Frame 551 end
Average processing time of GrabImageRGBD(): 15.4276ms
Frame 552 end
Average processing time of GrabImageRGBD(): 15.4176ms
Frame 553 end
Average processing time of GrabImageRGBD(): 15.4032ms
Frame 554 end
Average processing time of GrabImageRGBD(): 15.3973ms
Frame 555 end
Average processing time of GrabImageRGBD(): 15.3897ms
Frame 556 end
Average processing time of GrabImageRGBD(): 15.4222ms
Frame 557 end
Average processing time of GrabImageRGBD(): 15.4159ms
Frame 558 end
Average processing time of GrabImageRGBD(): 15.411ms
Frame 559 end
Average processing time of GrabImageRGBD(): 15.405ms
Frame 560 end
Average processing time of GrabImageRGBD(): 15.3995ms
Frame 561 end
Average processing time of GrabImageRGBD(): 15.3929ms
Frame 562 end
Average processing time of GrabImageRGBD(): 15.3872ms
Frame 563 end
Average processing time of GrabImageRGBD(): 15.3833ms
Frame 564 end
Average processing time of GrabImageRGBD(): 15.3779ms
Frame 565 end
Average processing time of GrabImageRGBD(): 15.4094ms
Frame 566 end
Average processing time of GrabImageRGBD(): 15.406ms
Frame 567 end
Average processing time of GrabImageRGBD(): 15.4024ms
Frame 568 end
Average processing time of GrabImageRGBD(): 15.3942ms
Frame 569 end
Average processing time of GrabImageRGBD(): 15.3885ms
Frame 570 end
Average processing time of GrabImageRGBD(): 15.3835ms
Frame 571 end
Average processing time of GrabImageRGBD(): 15.3752ms
Frame 572 end
Average processing time of GrabImageRGBD(): 15.3691ms
Frame 573 end
Average processing time of GrabImageRGBD(): 15.3636ms
Frame 574 end
Average processing time of GrabImageRGBD(): 15.3602ms
Frame 575 end
Average processing time of GrabImageRGBD(): 15.3905ms
Frame 576 end
Average processing time of GrabImageRGBD(): 15.3861ms
Frame 577 end
Average processing time of GrabImageRGBD(): 15.3802ms
Frame 578 end
Average processing time of GrabImageRGBD(): 15.3768ms
Frame 579 end
Average processing time of GrabImageRGBD(): 15.3737ms
Frame 580 end
Average processing time of GrabImageRGBD(): 15.3686ms
Frame 581 end
Average processing time of GrabImageRGBD(): 15.3673ms
Frame 582 end
Average processing time of GrabImageRGBD(): 15.3667ms
Frame 583 end
Average processing time of GrabImageRGBD(): 15.3597ms
Frame 584 end
Average processing time of GrabImageRGBD(): 15.3932ms
Frame 585 end
Average processing time of GrabImageRGBD(): 15.393ms
Frame 586 end
Average processing time of GrabImageRGBD(): 15.3909ms
Frame 587 end
Average processing time of GrabImageRGBD(): 15.3876ms
Frame 588 end
Average processing time of GrabImageRGBD(): 15.3858ms
Frame 589 end
Average processing time of GrabImageRGBD(): 15.3837ms
Frame 590 end
Average processing time of GrabImageRGBD(): 15.3765ms
Frame 591 end
Average processing time of GrabImageRGBD(): 15.4092ms
Frame 592 end
Average processing time of GrabImageRGBD(): 15.4079ms
Frame 593 end
Average processing time of GrabImageRGBD(): 15.4058ms
Frame 594 end
Average processing time of GrabImageRGBD(): 15.4033ms
Frame 595 end
Average processing time of GrabImageRGBD(): 15.3972ms
Frame 596 end
Average processing time of GrabImageRGBD(): 15.395ms
Frame 597 end
Average processing time of GrabImageRGBD(): 15.3926ms
Frame 598 end
Average processing time of GrabImageRGBD(): 15.3858ms
Frame 599 end
Average processing time of GrabImageRGBD(): 15.3831ms
Frame 600 end
Average processing time of GrabImageRGBD(): 15.4143ms
Frame 601 end
Average processing time of GrabImageRGBD(): 15.4104ms
Frame 602 end
Average processing time of GrabImageRGBD(): 15.4105ms
Frame 603 end
Average processing time of GrabImageRGBD(): 15.4029ms
Frame 604 end
Average processing time of GrabImageRGBD(): 15.3988ms
Frame 605 end
Average processing time of GrabImageRGBD(): 15.3969ms
Frame 606 end
Average processing time of GrabImageRGBD(): 15.3901ms
Frame 607 end
Average processing time of GrabImageRGBD(): 15.3897ms
Frame 608 end
Average processing time of GrabImageRGBD(): 15.3875ms
Frame 609 end
Average processing time of GrabImageRGBD(): 15.4176ms
Frame 610 end
Average processing time of GrabImageRGBD(): 15.416ms
Frame 611 end
Average processing time of GrabImageRGBD(): 15.4108ms
Frame 612 end
Average processing time of GrabImageRGBD(): 15.4103ms
Frame 613 end
Average processing time of GrabImageRGBD(): 15.4072ms
Frame 614 end
Average processing time of GrabImageRGBD(): 15.4043ms
Frame 615 end
Average processing time of GrabImageRGBD(): 15.4024ms
Frame 616 end
Average processing time of GrabImageRGBD(): 15.3954ms
Frame 617 end
Average processing time of GrabImageRGBD(): 15.3908ms
Frame 618 end
Average processing time of GrabImageRGBD(): 15.384ms
Frame 619 end
Average processing time of GrabImageRGBD(): 15.3789ms
Frame 620 end
Average processing time of GrabImageRGBD(): 15.3675ms
Frame 621 end
Average processing time of GrabImageRGBD(): 15.3619ms
Frame 622 end
Average processing time of GrabImageRGBD(): 15.3601ms
Frame 623 end
Average processing time of GrabImageRGBD(): 15.3549ms
Frame 624 end
Average processing time of GrabImageRGBD(): 15.3518ms
Frame 625 end
Average processing time of GrabImageRGBD(): 15.3469ms
Frame 626 end
Average processing time of GrabImageRGBD(): 15.3443ms
Frame 627 end
Average processing time of GrabImageRGBD(): 15.3411ms
Frame 628 end
Average processing time of GrabImageRGBD(): 15.3351ms
Frame 629 end
Average processing time of GrabImageRGBD(): 15.3702ms
Frame 630 end
Average processing time of GrabImageRGBD(): 15.3688ms
Frame 631 end
Average processing time of GrabImageRGBD(): 15.3614ms
Frame 632 end
Average processing time of GrabImageRGBD(): 15.3595ms
Frame 633 end
Average processing time of GrabImageRGBD(): 15.3564ms
Frame 634 end
Average processing time of GrabImageRGBD(): 15.3505ms
Frame 635 end
Average processing time of GrabImageRGBD(): 15.3479ms
Frame 636 end
Average processing time of GrabImageRGBD(): 15.3496ms
Frame 637 end
Average processing time of GrabImageRGBD(): 15.3484ms
Frame 638 end
Average processing time of GrabImageRGBD(): 15.347ms
Frame 639 end
Average processing time of GrabImageRGBD(): 15.3419ms
Frame 640 end
Average processing time of GrabImageRGBD(): 15.3406ms
Frame 641 end
Average processing time of GrabImageRGBD(): 15.339ms
Frame 642 end
Average processing time of GrabImageRGBD(): 15.3383ms
Frame 643 end
Average processing time of GrabImageRGBD(): 15.3361ms
Frame 644 end
Average processing time of GrabImageRGBD(): 15.3338ms
Frame 645 end
Average processing time of GrabImageRGBD(): 15.3308ms
Frame 646 end
Average processing time of GrabImageRGBD(): 15.3301ms
Frame 647 end
Average processing time of GrabImageRGBD(): 15.3295ms
Frame 648 end
Average processing time of GrabImageRGBD(): 15.3268ms
Frame 649 end
Average processing time of GrabImageRGBD(): 15.3249ms
Frame 650 end
Average processing time of GrabImageRGBD(): 15.325ms
Frame 651 end
Average processing time of GrabImageRGBD(): 15.3587ms
Frame 652 end
Average processing time of GrabImageRGBD(): 15.3547ms
Frame 653 end
Average processing time of GrabImageRGBD(): 15.3554ms
Frame 654 end
Average processing time of GrabImageRGBD(): 15.3555ms
Frame 655 end
Average processing time of GrabImageRGBD(): 15.3555ms
Frame 656 end
Average processing time of GrabImageRGBD(): 15.356ms
Frame 657 end
Average processing time of GrabImageRGBD(): 15.3594ms
Frame 658 end
Average processing time of GrabImageRGBD(): 15.3602ms
Frame 659 end
Average processing time of GrabImageRGBD(): 15.388ms
Frame 660 end
Average processing time of GrabImageRGBD(): 15.3904ms
Frame 661 end
Average processing time of GrabImageRGBD(): 15.388ms
Frame 662 end
Average processing time of GrabImageRGBD(): 15.3895ms
Frame 663 end
Average processing time of GrabImageRGBD(): 15.3845ms
Frame 664 end
Average processing time of GrabImageRGBD(): 15.383ms
Frame 665 end
Average processing time of GrabImageRGBD(): 15.3861ms
Frame 666 end
Average processing time of GrabImageRGBD(): 15.384ms
Frame 667 end
Average processing time of GrabImageRGBD(): 15.3814ms
Frame 668 end
Average processing time of GrabImageRGBD(): 15.4113ms
Frame 669 end
Average processing time of GrabImageRGBD(): 15.4093ms
Frame 670 end
Average processing time of GrabImageRGBD(): 15.4077ms
Frame 671 end
Average processing time of GrabImageRGBD(): 15.4083ms
Frame 672 end
Average processing time of GrabImageRGBD(): 15.4143ms
Frame 673 end
Average processing time of GrabImageRGBD(): 15.4132ms
Frame 674 end
Average processing time of GrabImageRGBD(): 15.419ms
Frame 675 end
Average processing time of GrabImageRGBD(): 15.4185ms
Frame 676 end
Average processing time of GrabImageRGBD(): 15.4164ms
Frame 677 end
Average processing time of GrabImageRGBD(): 15.4433ms
Frame 678 end
Average processing time of GrabImageRGBD(): 15.4448ms
Frame 679 end
Average processing time of GrabImageRGBD(): 15.4436ms
Frame 680 end
Average processing time of GrabImageRGBD(): 15.4421ms
Frame 681 end
Average processing time of GrabImageRGBD(): 15.4398ms
Frame 682 end
Average processing time of GrabImageRGBD(): 15.4365ms
Frame 683 end
Average processing time of GrabImageRGBD(): 15.4353ms
Frame 684 end
Average processing time of GrabImageRGBD(): 15.4379ms
Frame 685 end
Average processing time of GrabImageRGBD(): 15.4369ms
Frame 686 end
Average processing time of GrabImageRGBD(): 15.4676ms
Frame 687 end
Average processing time of GrabImageRGBD(): 15.4667ms
Frame 688 end
Average processing time of GrabImageRGBD(): 15.4644ms
Frame 689 end
Average processing time of GrabImageRGBD(): 15.4638ms
Frame 690 end
Average processing time of GrabImageRGBD(): 15.4649ms
Frame 691 end
Average processing time of GrabImageRGBD(): 15.4638ms
Frame 692 end
Average processing time of GrabImageRGBD(): 15.4649ms
Frame 693 end
Average processing time of GrabImageRGBD(): 15.4655ms
Frame 694 end
Average processing time of GrabImageRGBD(): 15.5179ms
Frame 695 end
Average processing time of GrabImageRGBD(): 15.5273ms
Frame 696 end
Average processing time of GrabImageRGBD(): 15.5299ms
Frame 697 end
Average processing time of GrabImageRGBD(): 15.5272ms
Frame 698 end
Average processing time of GrabImageRGBD(): 15.5319ms
Frame 699 end
Average processing time of GrabImageRGBD(): 15.5327ms
Frame 700 end
Average processing time of GrabImageRGBD(): 15.5377ms
Frame 701 end
Average processing time of GrabImageRGBD(): 15.5395ms
Frame 702 end
Average processing time of GrabImageRGBD(): 15.5362ms
Frame 703 end
Average processing time of GrabImageRGBD(): 15.5706ms
Frame 704 end
Average processing time of GrabImageRGBD(): 15.5725ms
Frame 705 end
Average processing time of GrabImageRGBD(): 15.5732ms
Frame 706 end
Average processing time of GrabImageRGBD(): 15.5692ms
Frame 707 end
Average processing time of GrabImageRGBD(): 15.5702ms
Frame 708 end
Average processing time of GrabImageRGBD(): 15.5678ms
Frame 709 end
Average processing time of GrabImageRGBD(): 15.5719ms
Frame 710 end
Average processing time of GrabImageRGBD(): 15.5679ms
Frame 711 end
Average processing time of GrabImageRGBD(): 15.5946ms
Frame 712 end
Average processing time of GrabImageRGBD(): 15.5901ms
Frame 713 end
Average processing time of GrabImageRGBD(): 15.5894ms
Frame 714 end
Average processing time of GrabImageRGBD(): 15.5935ms
Frame 715 end
Average processing time of GrabImageRGBD(): 15.5888ms
Frame 716 end
Average processing time of GrabImageRGBD(): 15.5828ms
Frame 717 end
Average processing time of GrabImageRGBD(): 15.5827ms
Frame 718 end
Average processing time of GrabImageRGBD(): 15.5833ms
Frame 719 end
Average processing time of GrabImageRGBD(): 15.6116ms
Frame 720 end
Average processing time of GrabImageRGBD(): 15.6076ms
Frame 721 end
Average processing time of GrabImageRGBD(): 15.6083ms
Frame 722 end
Average processing time of GrabImageRGBD(): 15.6102ms
Frame 723 end
Average processing time of GrabImageRGBD(): 15.6088ms
Frame 724 end
Average processing time of GrabImageRGBD(): 15.6091ms
Frame 725 end
Average processing time of GrabImageRGBD(): 15.6069ms
Frame 726 end
Average processing time of GrabImageRGBD(): 15.6329ms
Frame 727 end
Average processing time of GrabImageRGBD(): 15.6288ms
Frame 728 end
Average processing time of GrabImageRGBD(): 15.6217ms
Frame 729 end
Average processing time of GrabImageRGBD(): 15.621ms
Frame 730 end
Average processing time of GrabImageRGBD(): 15.6151ms
Frame 731 end
Average processing time of GrabImageRGBD(): 15.6066ms
Frame 732 end
Average processing time of GrabImageRGBD(): 15.6049ms
Frame 733 end
Average processing time of GrabImageRGBD(): 15.6047ms
Frame 734 end
Average processing time of GrabImageRGBD(): 15.5956ms
Frame 735 end
Average processing time of GrabImageRGBD(): 15.6182ms
Frame 736 end
Average processing time of GrabImageRGBD(): 15.6188ms
Frame 737 end
Average processing time of GrabImageRGBD(): 15.6171ms
Frame 738 end
Average processing time of GrabImageRGBD(): 15.6123ms
Frame 739 end
Average processing time of GrabImageRGBD(): 15.6074ms
Frame 740 end
Average processing time of GrabImageRGBD(): 15.5991ms
Frame 741 end
Average processing time of GrabImageRGBD(): 15.5928ms
Frame 742 end
Average processing time of GrabImageRGBD(): 15.5877ms
Frame 743 end
Average processing time of GrabImageRGBD(): 15.5814ms
Frame 744 end
Average processing time of GrabImageRGBD(): 15.6074ms
Frame 745 end
Average processing time of GrabImageRGBD(): 15.6012ms
Frame 746 end
Average processing time of GrabImageRGBD(): 15.598ms
Frame 747 end
Average processing time of GrabImageRGBD(): 15.5948ms
Frame 748 end
Average processing time of GrabImageRGBD(): 15.5849ms
Frame 749 end
Average processing time of GrabImageRGBD(): 15.582ms
Frame 750 end
Average processing time of GrabImageRGBD(): 15.5809ms
Frame 751 end
Average processing time of GrabImageRGBD(): 15.5787ms
Frame 752 end
Average processing time of GrabImageRGBD(): 15.5775ms
Frame 753 end
Average processing time of GrabImageRGBD(): 15.58ms
Frame 754 end
Average processing time of GrabImageRGBD(): 15.6068ms
Frame 755 end
Average processing time of GrabImageRGBD(): 15.6108ms
Frame 756 end
Average processing time of GrabImageRGBD(): 15.6088ms
Frame 757 end
Average processing time of GrabImageRGBD(): 15.6064ms
Frame 758 end
Average processing time of GrabImageRGBD(): 15.6038ms
Frame 759 end
Average processing time of GrabImageRGBD(): 15.6022ms
Frame 760 end
Average processing time of GrabImageRGBD(): 15.5998ms
Frame 761 end
Average processing time of GrabImageRGBD(): 15.5949ms
Frame 762 end
Average processing time of GrabImageRGBD(): 15.5967ms
Frame 763 end
Average processing time of GrabImageRGBD(): 15.623ms
Frame 764 end
Average processing time of GrabImageRGBD(): 15.6256ms
Frame 765 end
Average processing time of GrabImageRGBD(): 15.6285ms
Frame 766 end
Average processing time of GrabImageRGBD(): 15.6277ms
Frame 767 end
Average processing time of GrabImageRGBD(): 15.6306ms
Frame 768 end
Average processing time of GrabImageRGBD(): 15.6297ms
Frame 769 end
Average processing time of GrabImageRGBD(): 15.6343ms
Frame 770 end
Average processing time of GrabImageRGBD(): 15.6361ms
Frame 771 end
Average processing time of GrabImageRGBD(): 15.6692ms
Frame 772 end
Average processing time of GrabImageRGBD(): 15.6711ms
Frame 773 end
Average processing time of GrabImageRGBD(): 15.6721ms
Frame 774 end
Average processing time of GrabImageRGBD(): 15.6768ms
Frame 775 end
Average processing time of GrabImageRGBD(): 15.6774ms
Frame 776 end
Average processing time of GrabImageRGBD(): 15.6806ms
Frame 777 end
Average processing time of GrabImageRGBD(): 15.6853ms
Frame 778 end
Average processing time of GrabImageRGBD(): 15.6836ms
Frame 779 end
Average processing time of GrabImageRGBD(): 15.6815ms
Frame 780 end
Average processing time of GrabImageRGBD(): 15.7076ms
Frame 781 end
Average processing time of GrabImageRGBD(): 15.705ms
Frame 782 end
Average processing time of GrabImageRGBD(): 15.707ms
Frame 783 end
Average processing time of GrabImageRGBD(): 15.7101ms
Frame 784 end
Average processing time of GrabImageRGBD(): 15.7095ms
Frame 785 end
Average processing time of GrabImageRGBD(): 15.7051ms
Frame 786 end
Average processing time of GrabImageRGBD(): 15.7023ms
Frame 787 end
Average processing time of GrabImageRGBD(): 15.7038ms
Frame 788 end
Average processing time of GrabImageRGBD(): 15.7036ms
Frame 789 end
Average processing time of GrabImageRGBD(): 15.7305ms
Frame 790 end
Average processing time of GrabImageRGBD(): 15.7272ms
Frame 791 end
Average processing time of GrabImageRGBD(): 15.7256ms
Frame 792 end
Average processing time of GrabImageRGBD(): 15.7255ms
Frame 793 end
Average processing time of GrabImageRGBD(): 15.721ms
Frame 794 end
Average processing time of GrabImageRGBD(): 15.7221ms
Frame 795 end
Average processing time of GrabImageRGBD(): 15.7226ms
Frame 796 end
Average processing time of GrabImageRGBD(): 15.7178ms
Frame 797 end
Average processing time of GrabImageRGBD(): 15.7169ms
Frame 798 end
Average processing time of GrabImageRGBD(): 15.7131ms
Frame 799 end
Average processing time of GrabImageRGBD(): 15.7063ms
Frame 800 end
Average processing time of GrabImageRGBD(): 15.728ms
Frame 801 end
Average processing time of GrabImageRGBD(): 15.7251ms
Frame 802 end
Average processing time of GrabImageRGBD(): 15.7212ms
Frame 803 end
Average processing time of GrabImageRGBD(): 15.7151ms
Frame 804 end
Average processing time of GrabImageRGBD(): 15.7131ms
Frame 805 end
Average processing time of GrabImageRGBD(): 15.712ms
Frame 806 end
Average processing time of GrabImageRGBD(): 15.7069ms
Frame 807 end
Average processing time of GrabImageRGBD(): 15.7036ms
Frame 808 end
Average processing time of GrabImageRGBD(): 15.7028ms
Frame 809 end
Average processing time of GrabImageRGBD(): 15.7024ms
Frame 810 end
Average processing time of GrabImageRGBD(): 15.7265ms
Frame 811 end
Average processing time of GrabImageRGBD(): 15.7241ms
Frame 812 end
Average processing time of GrabImageRGBD(): 15.7226ms
Frame 813 end
Average processing time of GrabImageRGBD(): 15.7231ms
Frame 814 end
Average processing time of GrabImageRGBD(): 15.7178ms
Frame 815 end
Average processing time of GrabImageRGBD(): 15.7163ms
Frame 816 end
Average processing time of GrabImageRGBD(): 15.7147ms
Frame 817 end
Average processing time of GrabImageRGBD(): 15.7151ms
Frame 818 end
Average processing time of GrabImageRGBD(): 15.7134ms
Frame 819 end
Average processing time of GrabImageRGBD(): 15.709ms
Frame 820 end
Average processing time of GrabImageRGBD(): 15.711ms
Frame 821 end
Average processing time of GrabImageRGBD(): 15.7101ms
Frame 822 end
Average processing time of GrabImageRGBD(): 15.7094ms
Frame 823 end
Average processing time of GrabImageRGBD(): 15.7068ms
Frame 824 end
Average processing time of GrabImageRGBD(): 15.705ms
Frame 825 end
Average processing time of GrabImageRGBD(): 15.7035ms
Frame 826 end
Average processing time of GrabImageRGBD(): 15.6994ms
Frame 827 end
Average processing time of GrabImageRGBD(): 15.6955ms
Frame 828 end
Average processing time of GrabImageRGBD(): 15.7199ms
Frame 829 end
Average processing time of GrabImageRGBD(): 15.7158ms
Frame 830 end
Average processing time of GrabImageRGBD(): 15.715ms
Frame 831 end
Average processing time of GrabImageRGBD(): 15.7148ms
Frame 832 end
Average processing time of GrabImageRGBD(): 15.713ms
Frame 833 end
Average processing time of GrabImageRGBD(): 15.7118ms
Frame 834 end
Average processing time of GrabImageRGBD(): 15.7118ms
Frame 835 end
Average processing time of GrabImageRGBD(): 15.7098ms
Frame 836 end
Average processing time of GrabImageRGBD(): 15.7067ms
Frame 837 end
Average processing time of GrabImageRGBD(): 15.7055ms
Frame 838 end
Average processing time of GrabImageRGBD(): 15.7304ms
Frame 839 end
Average processing time of GrabImageRGBD(): 15.7282ms
Frame 840 end
Average processing time of GrabImageRGBD(): 15.7269ms
Frame 841 end
Average processing time of GrabImageRGBD(): 15.7248ms
Frame 842 end
Average processing time of GrabImageRGBD(): 15.7213ms
Frame 843 end
Average processing time of GrabImageRGBD(): 15.7178ms
Frame 844 end
Average processing time of GrabImageRGBD(): 15.719ms
Frame 845 end
Average processing time of GrabImageRGBD(): 15.719ms
Frame 846 end
Average processing time of GrabImageRGBD(): 15.7432ms
Frame 847 end
Average processing time of GrabImageRGBD(): 15.7402ms
Frame 848 end
Average processing time of GrabImageRGBD(): 15.7378ms
Frame 849 end
Average processing time of GrabImageRGBD(): 15.7356ms
Frame 850 end
Average processing time of GrabImageRGBD(): 15.7337ms
Frame 851 end
Average processing time of GrabImageRGBD(): 15.7289ms
Frame 852 end
Average processing time of GrabImageRGBD(): 15.7287ms
Frame 853 end
Average processing time of GrabImageRGBD(): 15.7269ms
Frame 854 end
Average processing time of GrabImageRGBD(): 15.7251ms
Frame 855 end
Average processing time of GrabImageRGBD(): 15.7496ms
Frame 856 end
Average processing time of GrabImageRGBD(): 15.7455ms
Frame 857 end
Average processing time of GrabImageRGBD(): 15.7428ms
Frame 858 end
Average processing time of GrabImageRGBD(): 15.7412ms
Frame 859 end
Average processing time of GrabImageRGBD(): 15.7369ms
Frame 860 end
Average processing time of GrabImageRGBD(): 15.7337ms
Frame 861 end
Average processing time of GrabImageRGBD(): 15.732ms
Frame 862 end
Average processing time of GrabImageRGBD(): 15.7271ms
Frame 863 end
Average processing time of GrabImageRGBD(): 15.7233ms
Frame 864 end
Average processing time of GrabImageRGBD(): 15.7468ms
Frame 865 end
Average processing time of GrabImageRGBD(): 15.7428ms
Frame 866 end
Average processing time of GrabImageRGBD(): 15.7417ms
Frame 867 end
Average processing time of GrabImageRGBD(): 15.7404ms
Frame 868 end
Average processing time of GrabImageRGBD(): 15.736ms
Frame 869 end
Average processing time of GrabImageRGBD(): 15.7328ms
Frame 870 end
Average processing time of GrabImageRGBD(): 15.7312ms
Frame 871 end
Average processing time of GrabImageRGBD(): 15.727ms
Frame 872 end
Average processing time of GrabImageRGBD(): 15.725ms
Frame 873 end
Average processing time of GrabImageRGBD(): 15.7237ms
Frame 874 end
Average processing time of GrabImageRGBD(): 15.7474ms
Frame 875 end
Average processing time of GrabImageRGBD(): 15.7473ms
Frame 876 end
Average processing time of GrabImageRGBD(): 15.7453ms
Frame 877 end
Average processing time of GrabImageRGBD(): 15.7446ms
Frame 878 end
Average processing time of GrabImageRGBD(): 15.7431ms
Frame 879 end
Average processing time of GrabImageRGBD(): 15.7448ms
Frame 880 end
Average processing time of GrabImageRGBD(): 15.7441ms
Frame 881 end
Average processing time of GrabImageRGBD(): 15.7437ms
Frame 882 end
Average processing time of GrabImageRGBD(): 15.7408ms
Frame 883 end
Average processing time of GrabImageRGBD(): 15.7648ms
Frame 884 end
Average processing time of GrabImageRGBD(): 15.7647ms
Frame 885 end
Average processing time of GrabImageRGBD(): 15.764ms
Frame 886 end
Average processing time of GrabImageRGBD(): 15.7619ms
Frame 887 end
Average processing time of GrabImageRGBD(): 15.7613ms
Frame 888 end
Average processing time of GrabImageRGBD(): 15.7636ms
Frame 889 end
Average processing time of GrabImageRGBD(): 15.7607ms
Frame 890 end
Average processing time of GrabImageRGBD(): 15.7605ms
Frame 891 end
Average processing time of GrabImageRGBD(): 15.7581ms
Frame 892 end
Average processing time of GrabImageRGBD(): 15.7566ms
Frame 893 end
Average processing time of GrabImageRGBD(): 15.7797ms
Frame 894 end
Average processing time of GrabImageRGBD(): 15.777ms
Frame 895 end
Average processing time of GrabImageRGBD(): 15.7771ms
Frame 896 end
Average processing time of GrabImageRGBD(): 15.7732ms
Frame 897 end
Average processing time of GrabImageRGBD(): 15.7687ms
Frame 898 end
Average processing time of GrabImageRGBD(): 15.7641ms
Frame 899 end
Average processing time of GrabImageRGBD(): 15.7613ms
Frame 900 end
Average processing time of GrabImageRGBD(): 15.7541ms
Frame 901 end
Average processing time of GrabImageRGBD(): 15.7738ms
Frame 902 end
Average processing time of GrabImageRGBD(): 15.7735ms
Frame 903 end
Average processing time of GrabImageRGBD(): 15.7677ms
Frame 904 end
Average processing time of GrabImageRGBD(): 15.7657ms
Frame 905 end
Average processing time of GrabImageRGBD(): 15.7657ms
Frame 906 end
Average processing time of GrabImageRGBD(): 15.7615ms
Frame 907 end
Average processing time of GrabImageRGBD(): 15.7594ms
Frame 908 end
Average processing time of GrabImageRGBD(): 15.7584ms
Frame 909 end
Average processing time of GrabImageRGBD(): 15.7545ms
Frame 910 end
Average processing time of GrabImageRGBD(): 15.7521ms
Frame 911 end
Average processing time of GrabImageRGBD(): 15.7897ms
Frame 912 end
Average processing time of GrabImageRGBD(): 15.7891ms
Frame 913 end
Average processing time of GrabImageRGBD(): 15.7889ms
Frame 914 end
Average processing time of GrabImageRGBD(): 15.7896ms
Frame 915 end
Average processing time of GrabImageRGBD(): 15.7897ms
Frame 916 end
Average processing time of GrabImageRGBD(): 15.79ms
Frame 917 end
Average processing time of GrabImageRGBD(): 15.7921ms
Frame 918 end
Average processing time of GrabImageRGBD(): 15.7912ms
Frame 919 end
Average processing time of GrabImageRGBD(): 15.7913ms
Frame 920 end
Average processing time of GrabImageRGBD(): 15.8138ms
Frame 921 end
Average processing time of GrabImageRGBD(): 15.813ms
Frame 922 end
Average processing time of GrabImageRGBD(): 15.8113ms
Frame 923 end
Average processing time of GrabImageRGBD(): 15.8118ms
Frame 924 end
Average processing time of GrabImageRGBD(): 15.8096ms
Frame 925 end
Average processing time of GrabImageRGBD(): 15.8085ms
Frame 926 end
Average processing time of GrabImageRGBD(): 15.8066ms
Frame 927 end
Average processing time of GrabImageRGBD(): 15.8091ms
Frame 928 end
Average processing time of GrabImageRGBD(): 15.8089ms
Frame 929 end
Average processing time of GrabImageRGBD(): 15.8101ms
Frame 930 end
Average processing time of GrabImageRGBD(): 15.8073ms
Frame 931 end
Average processing time of GrabImageRGBD(): 15.8051ms
Frame 932 end
Average processing time of GrabImageRGBD(): 15.8288ms
Frame 933 end
Average processing time of GrabImageRGBD(): 15.8258ms
Frame 934 end
Average processing time of GrabImageRGBD(): 15.8231ms
Frame 935 end
Average processing time of GrabImageRGBD(): 15.8226ms
Frame 936 end
Average processing time of GrabImageRGBD(): 15.8199ms
Frame 937 end
Average processing time of GrabImageRGBD(): 15.8201ms
Frame 938 end
Average processing time of GrabImageRGBD(): 15.8179ms
Frame 939 end
Average processing time of GrabImageRGBD(): 15.8164ms
Frame 940 end
Average processing time of GrabImageRGBD(): 15.8149ms
Frame 941 end
Average processing time of GrabImageRGBD(): 15.8117ms
Frame 942 end
Average processing time of GrabImageRGBD(): 15.8104ms
Frame 943 end
Average processing time of GrabImageRGBD(): 15.8096ms
Frame 944 end
Average processing time of GrabImageRGBD(): 15.8077ms
Frame 945 end
Average processing time of GrabImageRGBD(): 15.8051ms
Frame 946 end
Average processing time of GrabImageRGBD(): 15.8041ms
Frame 947 end
Average processing time of GrabImageRGBD(): 15.8252ms
Frame 948 end
Average processing time of GrabImageRGBD(): 15.8235ms
Frame 949 end
Average processing time of GrabImageRGBD(): 15.821ms
Frame 950 end
Average processing time of GrabImageRGBD(): 15.8202ms
Frame 951 end
Average processing time of GrabImageRGBD(): 15.816ms
Frame 952 end
Average processing time of GrabImageRGBD(): 15.8154ms
Frame 953 end
Average processing time of GrabImageRGBD(): 15.8142ms
Frame 954 end
Average processing time of GrabImageRGBD(): 15.8111ms
Frame 955 end
Average processing time of GrabImageRGBD(): 15.8103ms
Frame 956 end
Average processing time of GrabImageRGBD(): 15.8086ms
Frame 957 end
Average processing time of GrabImageRGBD(): 15.8289ms
Frame 958 end
Average processing time of GrabImageRGBD(): 15.8271ms
Frame 959 end
Average processing time of GrabImageRGBD(): 15.8277ms
Frame 960 end
Average processing time of GrabImageRGBD(): 15.8307ms
Frame 961 end
Average processing time of GrabImageRGBD(): 15.8267ms
Frame 962 end
Average processing time of GrabImageRGBD(): 15.8266ms
Frame 963 end
Average processing time of GrabImageRGBD(): 15.8266ms
Frame 964 end
Average processing time of GrabImageRGBD(): 15.8262ms
Frame 965 end
Average processing time of GrabImageRGBD(): 15.8255ms
Frame 966 end
Average processing time of GrabImageRGBD(): 15.8243ms
Frame 967 end
Average processing time of GrabImageRGBD(): 15.8227ms
Frame 968 end
Average processing time of GrabImageRGBD(): 15.8579ms
Frame 969 end
Average processing time of GrabImageRGBD(): 15.8591ms
Frame 970 end
Average processing time of GrabImageRGBD(): 15.8568ms
Frame 971 end
Average processing time of GrabImageRGBD(): 15.8566ms
Frame 972 end
Average processing time of GrabImageRGBD(): 15.8541ms
Frame 973 end
Average processing time of GrabImageRGBD(): 15.8555ms
Frame 974 end
Average processing time of GrabImageRGBD(): 15.856ms
Frame 975 end
Average processing time of GrabImageRGBD(): 15.8556ms
Frame 976 end
Average processing time of GrabImageRGBD(): 15.8539ms
Frame 977 end
Average processing time of GrabImageRGBD(): 15.8764ms
Frame 978 end
Average processing time of GrabImageRGBD(): 15.8771ms
Frame 979 end
Average processing time of GrabImageRGBD(): 15.8779ms
Frame 980 end
Average processing time of GrabImageRGBD(): 15.8789ms
Frame 981 end
Average processing time of GrabImageRGBD(): 15.8808ms
Frame 982 end
Average processing time of GrabImageRGBD(): 15.8793ms
Frame 983 end
Average processing time of GrabImageRGBD(): 15.8792ms
Frame 984 end
Average processing time of GrabImageRGBD(): 15.8804ms
Frame 985 end
Average processing time of GrabImageRGBD(): 15.8774ms
Frame 986 end
Average processing time of GrabImageRGBD(): 15.8768ms
Frame 987 end
Average processing time of GrabImageRGBD(): 15.9091ms
Frame 988 end
Average processing time of GrabImageRGBD(): 15.9132ms
Frame 989 end
Average processing time of GrabImageRGBD(): 15.9133ms
Frame 990 end
Average processing time of GrabImageRGBD(): 15.913ms
Frame 991 end
Average processing time of GrabImageRGBD(): 15.9125ms
Frame 992 end
Average processing time of GrabImageRGBD(): 15.9074ms
Frame 993 end
Average processing time of GrabImageRGBD(): 15.9063ms
Frame 994 end
Average processing time of GrabImageRGBD(): 15.9045ms
Frame 995 end
Average processing time of GrabImageRGBD(): 15.905ms
Frame 996 end
Average processing time of GrabImageRGBD(): 15.9079ms
Frame 997 end
Average processing time of GrabImageRGBD(): 15.907ms
Frame 998 end
Average processing time of GrabImageRGBD(): 15.9278ms
Frame 999 end
Average processing time of GrabImageRGBD(): 15.9244ms
Frame 1000 end
Average processing time of GrabImageRGBD(): 15.9231ms
Frame 1001 end
Average processing time of GrabImageRGBD(): 15.9218ms
Frame 1002 end
Average processing time of GrabImageRGBD(): 15.9187ms
Frame 1003 end
Average processing time of GrabImageRGBD(): 15.9161ms
Frame 1004 end
Average processing time of GrabImageRGBD(): 15.9135ms
Frame 1005 end
Average processing time of GrabImageRGBD(): 15.91ms
Frame 1006 end
Average processing time of GrabImageRGBD(): 15.9041ms
Frame 1007 end
Average processing time of GrabImageRGBD(): 15.9023ms
Frame 1008 end
Average processing time of GrabImageRGBD(): 15.9232ms
Frame 1009 end
Average processing time of GrabImageRGBD(): 15.9254ms
Frame 1010 end
Average processing time of GrabImageRGBD(): 15.9236ms
Frame 1011 end
Average processing time of GrabImageRGBD(): 15.9208ms
Frame 1012 end
Average processing time of GrabImageRGBD(): 15.9226ms
Frame 1013 end
Average processing time of GrabImageRGBD(): 15.921ms
Frame 1014 end
Average processing time of GrabImageRGBD(): 15.9208ms
Frame 1015 end
Average processing time of GrabImageRGBD(): 15.9204ms
Frame 1016 end
Average processing time of GrabImageRGBD(): 15.918ms
Frame 1017 end
Average processing time of GrabImageRGBD(): 15.9156ms
Frame 1018 end
Average processing time of GrabImageRGBD(): 15.914ms
Frame 1019 end
Average processing time of GrabImageRGBD(): 15.9337ms
Frame 1020 end
Average processing time of GrabImageRGBD(): 15.9327ms
Frame 1021 end
Average processing time of GrabImageRGBD(): 15.9315ms
Frame 1022 end
Average processing time of GrabImageRGBD(): 15.9292ms
Frame 1023 end
Average processing time of GrabImageRGBD(): 15.9284ms
Frame 1024 end
Average processing time of GrabImageRGBD(): 15.9269ms
Frame 1025 end
Average processing time of GrabImageRGBD(): 15.9254ms
Frame 1026 end
Average processing time of GrabImageRGBD(): 15.9237ms
Frame 1027 end
Average processing time of GrabImageRGBD(): 15.9229ms
Frame 1028 end
Average processing time of GrabImageRGBD(): 15.9222ms
Frame 1029 end
Average processing time of GrabImageRGBD(): 15.9217ms
Frame 1030 end
Average processing time of GrabImageRGBD(): 15.9195ms
Frame 1031 end
Average processing time of GrabImageRGBD(): 15.9397ms
Frame 1032 end
Average processing time of GrabImageRGBD(): 15.9401ms
Frame 1033 end
Average processing time of GrabImageRGBD(): 15.9379ms
Frame 1034 end
Average processing time of GrabImageRGBD(): 15.9356ms
Frame 1035 end
Average processing time of GrabImageRGBD(): 15.9336ms
Frame 1036 end
Average processing time of GrabImageRGBD(): 15.9315ms
Frame 1037 end
Average processing time of GrabImageRGBD(): 15.9309ms
Frame 1038 end
Average processing time of GrabImageRGBD(): 15.9281ms
Frame 1039 end
Average processing time of GrabImageRGBD(): 15.9232ms
Frame 1040 end
Average processing time of GrabImageRGBD(): 15.9203ms
Frame 1041 end
Average processing time of GrabImageRGBD(): 15.9369ms
Frame 1042 end
Average processing time of GrabImageRGBD(): 15.9377ms
Frame 1043 end
Average processing time of GrabImageRGBD(): 15.9379ms
Frame 1044 end
Average processing time of GrabImageRGBD(): 15.9378ms
Frame 1045 end
Average processing time of GrabImageRGBD(): 15.943ms
Frame 1046 end
Average processing time of GrabImageRGBD(): 15.9413ms
Frame 1047 end
Average processing time of GrabImageRGBD(): 15.9412ms
Frame 1048 end
Average processing time of GrabImageRGBD(): 15.9397ms
Frame 1049 end
Average processing time of GrabImageRGBD(): 15.9407ms
Frame 1050 end
Average processing time of GrabImageRGBD(): 15.9362ms
Frame 1051 end
Average processing time of GrabImageRGBD(): 15.956ms
Frame 1052 end
Average processing time of GrabImageRGBD(): 15.9569ms
Frame 1053 end
Average processing time of GrabImageRGBD(): 15.9573ms
Frame 1054 end
Average processing time of GrabImageRGBD(): 15.9572ms
Frame 1055 end
Average processing time of GrabImageRGBD(): 15.9553ms
Frame 1056 end
Average processing time of GrabImageRGBD(): 15.9542ms
Frame 1057 end
Average processing time of GrabImageRGBD(): 15.9544ms
Frame 1058 end
Average processing time of GrabImageRGBD(): 15.9525ms
Frame 1059 end
Average processing time of GrabImageRGBD(): 15.9532ms
Frame 1060 end
Average processing time of GrabImageRGBD(): 15.9527ms
Frame 1061 end
Average processing time of GrabImageRGBD(): 15.9512ms
Frame 1062 end
Average processing time of GrabImageRGBD(): 15.9702ms
Frame 1063 end
Average processing time of GrabImageRGBD(): 15.9683ms
Frame 1064 end
Average processing time of GrabImageRGBD(): 15.9694ms
Frame 1065 end
Average processing time of GrabImageRGBD(): 15.9703ms
Frame 1066 end
Average processing time of GrabImageRGBD(): 15.9687ms
Frame 1067 end
Average processing time of GrabImageRGBD(): 15.9686ms
Frame 1068 end
Average processing time of GrabImageRGBD(): 15.9668ms
Frame 1069 end
Average processing time of GrabImageRGBD(): 15.9657ms
Frame 1070 end
Average processing time of GrabImageRGBD(): 15.9698ms
Frame 1071 end
Average processing time of GrabImageRGBD(): 15.9678ms
Frame 1072 end
Average processing time of GrabImageRGBD(): 15.9689ms
Frame 1073 end
Average processing time of GrabImageRGBD(): 15.9683ms
Frame 1074 end
Average processing time of GrabImageRGBD(): 15.9876ms
Frame 1075 end
Average processing time of GrabImageRGBD(): 15.9873ms
Frame 1076 end
Average processing time of GrabImageRGBD(): 15.9878ms
Frame 1077 end
Average processing time of GrabImageRGBD(): 15.9856ms
Frame 1078 end
Average processing time of GrabImageRGBD(): 15.986ms
Frame 1079 end
Average processing time of GrabImageRGBD(): 15.9827ms
Frame 1080 end
Average processing time of GrabImageRGBD(): 15.9814ms
Frame 1081 end
Average processing time of GrabImageRGBD(): 15.9854ms
Frame 1082 end
Average processing time of GrabImageRGBD(): 15.985ms
Frame 1083 end
Average processing time of GrabImageRGBD(): 15.9835ms
Frame 1084 end
Average processing time of GrabImageRGBD(): 15.9818ms
Frame 1085 end
Average processing time of GrabImageRGBD(): 15.9795ms
Frame 1086 end
Average processing time of GrabImageRGBD(): 15.9982ms
Frame 1087 end
Average processing time of GrabImageRGBD(): 16.0017ms
Frame 1088 end
Average processing time of GrabImageRGBD(): 15.9996ms
Frame 1089 end
Average processing time of GrabImageRGBD(): 15.9983ms
Frame 1090 end
Average processing time of GrabImageRGBD(): 15.9966ms
Frame 1091 end
Average processing time of GrabImageRGBD(): 15.996ms
Frame 1092 end
Average processing time of GrabImageRGBD(): 15.9918ms
Frame 1093 end
Average processing time of GrabImageRGBD(): 15.991ms
Frame 1094 end
Average processing time of GrabImageRGBD(): 15.99ms
Frame 1095 end
Average processing time of GrabImageRGBD(): 15.988ms
Frame 1096 end
Average processing time of GrabImageRGBD(): 15.9873ms
Frame 1097 end
Average processing time of GrabImageRGBD(): 16.004ms
Frame 1098 end
Average processing time of GrabImageRGBD(): 16.0034ms
Frame 1099 end
Average processing time of GrabImageRGBD(): 16.0012ms
Frame 1100 end
Average processing time of GrabImageRGBD(): 16.0008ms
Frame 1101 end
Average processing time of GrabImageRGBD(): 15.9987ms
Frame 1102 end
Average processing time of GrabImageRGBD(): 15.9965ms
Frame 1103 end
Average processing time of GrabImageRGBD(): 15.9948ms
Frame 1104 end
Average processing time of GrabImageRGBD(): 15.9921ms
Frame 1105 end
Average processing time of GrabImageRGBD(): 15.9889ms
Frame 1106 end
Average processing time of GrabImageRGBD(): 15.9886ms
Frame 1107 end
Average processing time of GrabImageRGBD(): 15.9843ms
Frame 1108 end
Average processing time of GrabImageRGBD(): 16.0008ms
Frame 1109 end
Average processing time of GrabImageRGBD(): 16.0026ms
Frame 1110 end
Average processing time of GrabImageRGBD(): 15.995ms
Frame 1111 end
Average processing time of GrabImageRGBD(): 15.9927ms
Frame 1112 end
Average processing time of GrabImageRGBD(): 15.992ms
Frame 1113 end
Average processing time of GrabImageRGBD(): 15.9893ms
Frame 1114 end
Average processing time of GrabImageRGBD(): 15.9852ms
Frame 1115 end
Average processing time of GrabImageRGBD(): 15.9866ms
Frame 1116 end
Average processing time of GrabImageRGBD(): 15.9871ms
Frame 1117 end
Average processing time of GrabImageRGBD(): 15.9851ms
Frame 1118 end
Average processing time of GrabImageRGBD(): 15.982ms
Frame 1119 end
Average processing time of GrabImageRGBD(): 15.9801ms
Frame 1120 end
Average processing time of GrabImageRGBD(): 15.9975ms
Frame 1121 end
Average processing time of GrabImageRGBD(): 15.9978ms
Frame 1122 end
Average processing time of GrabImageRGBD(): 15.9988ms
Frame 1123 end
Average processing time of GrabImageRGBD(): 16.0034ms
Frame 1124 end
Average processing time of GrabImageRGBD(): 16.0034ms
Frame 1125 end
Average processing time of GrabImageRGBD(): 16.002ms
Frame 1126 end
Average processing time of GrabImageRGBD(): 16.0023ms
Frame 1127 end
Average processing time of GrabImageRGBD(): 16.0003ms
Frame 1128 end
Average processing time of GrabImageRGBD(): 15.9985ms
Frame 1129 end
Average processing time of GrabImageRGBD(): 15.9984ms
Frame 1130 end
Average processing time of GrabImageRGBD(): 15.9964ms
Frame 1131 end
Average processing time of GrabImageRGBD(): 15.9957ms
Frame 1132 end
Average processing time of GrabImageRGBD(): 16.0101ms
Frame 1133 end
Average processing time of GrabImageRGBD(): 16.0099ms
Frame 1134 end
Average processing time of GrabImageRGBD(): 16.007ms
Frame 1135 end
Average processing time of GrabImageRGBD(): 16.0087ms
Frame 1136 end
Average processing time of GrabImageRGBD(): 16.0071ms
Frame 1137 end
Average processing time of GrabImageRGBD(): 16.0047ms
Frame 1138 end
Average processing time of GrabImageRGBD(): 16.0015ms
Frame 1139 end
Average processing time of GrabImageRGBD(): 15.9993ms
Frame 1140 end
Average processing time of GrabImageRGBD(): 15.9967ms
Frame 1141 end
Average processing time of GrabImageRGBD(): 15.9944ms
Frame 1142 end
Average processing time of GrabImageRGBD(): 15.994ms
Frame 1143 end
Average processing time of GrabImageRGBD(): 16.01ms
Frame 1144 end
Average processing time of GrabImageRGBD(): 16.01ms
Frame 1145 end
Average processing time of GrabImageRGBD(): 16.0073ms
Frame 1146 end
Average processing time of GrabImageRGBD(): 16.0066ms
Frame 1147 end
Average processing time of GrabImageRGBD(): 16.0031ms
Frame 1148 end
Average processing time of GrabImageRGBD(): 16.001ms
Frame 1149 end
Average processing time of GrabImageRGBD(): 15.9974ms
Frame 1150 end
Average processing time of GrabImageRGBD(): 15.9957ms
Frame 1151 end
Average processing time of GrabImageRGBD(): 15.992ms
Frame 1152 end
Average processing time of GrabImageRGBD(): 15.988ms
Frame 1153 end
Average processing time of GrabImageRGBD(): 15.9857ms
Frame 1154 end
Average processing time of GrabImageRGBD(): 16.001ms
Frame 1155 end
Average processing time of GrabImageRGBD(): 15.9982ms
Frame 1156 end
Average processing time of GrabImageRGBD(): 15.9969ms
Frame 1157 end
Average processing time of GrabImageRGBD(): 15.9943ms
Frame 1158 end
Average processing time of GrabImageRGBD(): 15.9948ms
Frame 1159 end
Average processing time of GrabImageRGBD(): 15.9932ms
Frame 1160 end
Average processing time of GrabImageRGBD(): 15.9905ms
Frame 1161 end
Average processing time of GrabImageRGBD(): 15.9878ms
Frame 1162 end
Average processing time of GrabImageRGBD(): 15.9849ms
Frame 1163 end
Average processing time of GrabImageRGBD(): 15.9824ms
Frame 1164 end
Average processing time of GrabImageRGBD(): 15.9797ms
Frame 1165 end
Average processing time of GrabImageRGBD(): 15.9966ms
Frame 1166 end
Average processing time of GrabImageRGBD(): 15.9948ms
Frame 1167 end
Average processing time of GrabImageRGBD(): 15.9931ms
Frame 1168 end
Average processing time of GrabImageRGBD(): 15.9913ms
Frame 1169 end
Average processing time of GrabImageRGBD(): 15.9874ms
Frame 1170 end
Average processing time of GrabImageRGBD(): 15.984ms
Frame 1171 end
Average processing time of GrabImageRGBD(): 15.9826ms
Frame 1172 end
Average processing time of GrabImageRGBD(): 15.9822ms
Frame 1173 end
Average processing time of GrabImageRGBD(): 15.9819ms
Frame 1174 end
Average processing time of GrabImageRGBD(): 15.9783ms
Frame 1175 end
Average processing time of GrabImageRGBD(): 15.9745ms
Frame 1176 end
Average processing time of GrabImageRGBD(): 15.972ms
Frame 1177 end
Average processing time of GrabImageRGBD(): 15.9883ms
Frame 1178 end
Average processing time of GrabImageRGBD(): 15.9859ms
Frame 1179 end
Average processing time of GrabImageRGBD(): 15.9829ms
Frame 1180 end
Average processing time of GrabImageRGBD(): 15.9794ms
Frame 1181 end
Average processing time of GrabImageRGBD(): 15.978ms
Frame 1182 end
Average processing time of GrabImageRGBD(): 15.9759ms
Frame 1183 end
Average processing time of GrabImageRGBD(): 15.9719ms
Frame 1184 end
Average processing time of GrabImageRGBD(): 15.971ms
Frame 1185 end
Average processing time of GrabImageRGBD(): 15.9699ms
Frame 1186 end
Average processing time of GrabImageRGBD(): 15.9696ms
Frame 1187 end
Average processing time of GrabImageRGBD(): 15.9856ms
Frame 1188 end
Average processing time of GrabImageRGBD(): 15.9836ms
Frame 1189 end
Average processing time of GrabImageRGBD(): 15.9807ms
Frame 1190 end
Average processing time of GrabImageRGBD(): 15.9803ms
Frame 1191 end
Average processing time of GrabImageRGBD(): 15.9783ms
Frame 1192 end
Average processing time of GrabImageRGBD(): 15.9785ms
Frame 1193 end
Average processing time of GrabImageRGBD(): 15.9756ms
Frame 1194 end
Average processing time of GrabImageRGBD(): 15.9724ms
Frame 1195 end
Average processing time of GrabImageRGBD(): 15.9708ms
Frame 1196 end
Average processing time of GrabImageRGBD(): 15.9687ms
Frame 1197 end
Average processing time of GrabImageRGBD(): 15.9659ms
Frame 1198 end
Average processing time of GrabImageRGBD(): 15.963ms
Frame 1199 end
Average processing time of GrabImageRGBD(): 15.9593ms
Frame 1200 end
Average processing time of GrabImageRGBD(): 15.9586ms
Frame 1201 end
Average processing time of GrabImageRGBD(): 15.9569ms
Frame 1202 end
Average processing time of GrabImageRGBD(): 15.9534ms
Frame 1203 end
Average processing time of GrabImageRGBD(): 15.9508ms
Frame 1204 end
Average processing time of GrabImageRGBD(): 15.9478ms
Frame 1205 end
Average processing time of GrabImageRGBD(): 15.9445ms
Frame 1206 end
Average processing time of GrabImageRGBD(): 15.9428ms
Frame 1207 end
Average processing time of GrabImageRGBD(): 15.941ms
Frame 1208 end
Average processing time of GrabImageRGBD(): 15.9572ms
Frame 1209 end
Average processing time of GrabImageRGBD(): 15.9555ms
Frame 1210 end
Average processing time of GrabImageRGBD(): 15.9551ms
Frame 1211 end
Average processing time of GrabImageRGBD(): 15.955ms
Frame 1212 end
Average processing time of GrabImageRGBD(): 15.9543ms
Frame 1213 end
Average processing time of GrabImageRGBD(): 15.9513ms
Frame 1214 end
Average processing time of GrabImageRGBD(): 15.949ms
Frame 1215 end
Average processing time of GrabImageRGBD(): 15.9463ms
Frame 1216 end
Average processing time of GrabImageRGBD(): 15.9438ms
Frame 1217 end
Average processing time of GrabImageRGBD(): 15.9414ms
Frame 1218 end
Shutdown
-------

median tracking time: 0.0144879
mean tracking time: 0.0167639

Saving camera trajectory to CameraTrajectory.txt ...

Saving keyframe trajectory to KeyFrameTrajectory.txt ...
