
ORB-SLAM3 Copyright (C) 2017-2020 Carlos Campos, Richard Elvira, Juan J. Gómez, José M.M. Montiel and Juan D. Tardós, University of Zaragoza.
ORB-SLAM2 Copyright (C) 2014-2016 Raúl Mur-Artal, José M.M. Montiel and Juan D. Tardós, University of Zaragoza.
This program comes with ABSOLUTELY NO WARRANTY;
This is free software, and you are welcome to redistribute it
under certain conditions. See LICENSE.txt.

Input sensor was set to: RGB-D
Loading settings from /home/bingxin/Downloads/NGD-SLAM/Examples/RGB-D/TUM3.yaml
Camera1.k3 optional parameter does not exist...
	-Loaded camera 1
Camera.newHeight optional parameter does not exist...
Camera.newWidth optional parameter does not exist...
	-Loaded image info
	-Loaded RGB-D calibration
	-Loaded ORB settings
Viewer.imageViewScale optional parameter does not exist...
	-Loaded viewer settings
System.LoadAtlasFromFile optional parameter does not exist...
System.SaveAtlasToFile optional parameter does not exist...
	-Loaded Atlas settings
System.thFarPoints optional parameter does not exist...
	-Loaded misc parameters
----------------------------------
SLAM settings: 
	-Camera 1 parameters (Pinhole): [ 535.4 539.2 320.1 247.6 ]
	-Camera 1 distortion parameters: [  0 0 0 0 ]
	-Original image size: [ 640 , 480 ]
	-Current image size: [ 640 , 480 ]
	-Sequence FPS: 30
	-RGB-D depth map factor: 5000
	-Features per image: 1000
	-ORB scale factor: 1.2
	-ORB number of scales: 8
	-Initial FAST threshold: 20
	-Min FAST threshold: 7


Loading ORB Vocabulary. This could take a while...
Vocabulary loaded!

Initialization of Atlas from scratch 
Creation of new map with id: 0
Creation of new map with last KF id: 0
Seq. Name: 
There are 1 cameras in the atlas
Camera 0 is pinhole
Net use yolo-fastest

-------
Start processing sequence ...
Images in the sequence: 1021

First KF:0; Map init KF:0
New Map created with 509 points
Average processing time of GrabImageRGBD(): 45.6878ms
Frame 0 end
Average processing time of GrabImageRGBD(): 38.4604ms
Frame 1 end
Average processing time of GrabImageRGBD(): 34.8877ms
Frame 2 end
Average processing time of GrabImageRGBD(): 28.9971ms
Frame 3 end
Average processing time of GrabImageRGBD(): 25.7902ms
Frame 4 end
Average processing time of GrabImageRGBD(): 23.6936ms
Frame 5 end
Starting the Viewer
Average processing time of GrabImageRGBD(): 24.2696ms
Frame 6 end
Average processing time of GrabImageRGBD(): 22.7913ms
Frame 7 end
Average processing time of GrabImageRGBD(): 21.4839ms
Frame 8 end
Average processing time of GrabImageRGBD(): 20.505ms
Frame 9 end
Average processing time of GrabImageRGBD(): 21.2138ms
Frame 10 end
Average processing time of GrabImageRGBD(): 20.2764ms
Frame 11 end
Average processing time of GrabImageRGBD(): 21.2029ms
Frame 12 end
Average processing time of GrabImageRGBD(): 20.6535ms
Frame 13 end
Average processing time of GrabImageRGBD(): 20.2417ms
Frame 14 end
Average processing time of GrabImageRGBD(): 19.8239ms
Frame 15 end
Average processing time of GrabImageRGBD(): 20.3866ms
Frame 16 end
Average processing time of GrabImageRGBD(): 19.9536ms
Frame 17 end
Average processing time of GrabImageRGBD(): 20.3186ms
Frame 18 end
Average processing time of GrabImageRGBD(): 21.8574ms
Frame 19 end
Average processing time of GrabImageRGBD(): 21.3671ms
Frame 20 end
Average processing time of GrabImageRGBD(): 21.7503ms
Frame 21 end
Average processing time of GrabImageRGBD(): 21.416ms
Frame 22 end
Average processing time of GrabImageRGBD(): 21.8047ms
Frame 23 end
Average processing time of GrabImageRGBD(): 21.4967ms
Frame 24 end
Average processing time of GrabImageRGBD(): 21.8745ms
Frame 25 end
Average processing time of GrabImageRGBD(): 21.5804ms
Frame 26 end
Average processing time of GrabImageRGBD(): 21.8765ms
Frame 27 end
Average processing time of GrabImageRGBD(): 21.5917ms
Frame 28 end
Average processing time of GrabImageRGBD(): 21.3191ms
Frame 29 end
Average processing time of GrabImageRGBD(): 20.994ms
Frame 30 end
Average processing time of GrabImageRGBD(): 21.4962ms
Frame 31 end
Average processing time of GrabImageRGBD(): 21.2725ms
Frame 32 end
Average processing time of GrabImageRGBD(): 21.5598ms
Frame 33 end
Average processing time of GrabImageRGBD(): 21.3553ms
Frame 34 end
Average processing time of GrabImageRGBD(): 21.7772ms
Frame 35 end
Average processing time of GrabImageRGBD(): 21.5534ms
Frame 36 end
Average processing time of GrabImageRGBD(): 21.8134ms
Frame 37 end
Average processing time of GrabImageRGBD(): 21.6269ms
Frame 38 end
Average processing time of GrabImageRGBD(): 21.8615ms
Frame 39 end
Average processing time of GrabImageRGBD(): 21.6673ms
Frame 40 end
Average processing time of GrabImageRGBD(): 21.9118ms
Frame 41 end
Average processing time of GrabImageRGBD(): 21.7423ms
Frame 42 end
Average processing time of GrabImageRGBD(): 21.9436ms
Frame 43 end
Average processing time of GrabImageRGBD(): 21.6071ms
Frame 44 end
Average processing time of GrabImageRGBD(): 21.405ms
Frame 45 end
Average processing time of GrabImageRGBD(): 21.2045ms
Frame 46 end
Average processing time of GrabImageRGBD(): 20.9564ms
Frame 47 end
Average processing time of GrabImageRGBD(): 21.147ms
Frame 48 end
Average processing time of GrabImageRGBD(): 20.9531ms
Frame 49 end
Average processing time of GrabImageRGBD(): 21.1438ms
Frame 50 end
Average processing time of GrabImageRGBD(): 20.9548ms
Frame 51 end
Average processing time of GrabImageRGBD(): 20.7749ms
Frame 52 end
Average processing time of GrabImageRGBD(): 20.9639ms
Frame 53 end
Average processing time of GrabImageRGBD(): 20.8044ms
Frame 54 end
Average processing time of GrabImageRGBD(): 20.6546ms
Frame 55 end
Average processing time of GrabImageRGBD(): 20.5214ms
Frame 56 end
Average processing time of GrabImageRGBD(): 20.7063ms
Frame 57 end
Average processing time of GrabImageRGBD(): 20.623ms
Frame 58 end
Average processing time of GrabImageRGBD(): 20.4531ms
Frame 59 end
Average processing time of GrabImageRGBD(): 20.3307ms
Frame 60 end
Average processing time of GrabImageRGBD(): 20.2345ms
Frame 61 end
Average processing time of GrabImageRGBD(): 20.382ms
Frame 62 end
Average processing time of GrabImageRGBD(): 20.2995ms
Frame 63 end
Average processing time of GrabImageRGBD(): 20.218ms
Frame 64 end
Average processing time of GrabImageRGBD(): 20.424ms
Frame 65 end
Average processing time of GrabImageRGBD(): 20.3327ms
Frame 66 end
Average processing time of GrabImageRGBD(): 20.2439ms
Frame 67 end
Average processing time of GrabImageRGBD(): 20.4328ms
Frame 68 end
Average processing time of GrabImageRGBD(): 20.3714ms
Frame 69 end
Average processing time of GrabImageRGBD(): 20.2642ms
Frame 70 end
Average processing time of GrabImageRGBD(): 20.1459ms
Frame 71 end
Average processing time of GrabImageRGBD(): 20.3386ms
Frame 72 end
Average processing time of GrabImageRGBD(): 20.2349ms
Frame 73 end
Average processing time of GrabImageRGBD(): 20.2063ms
Frame 74 end
Average processing time of GrabImageRGBD(): 20.3713ms
Frame 75 end
Average processing time of GrabImageRGBD(): 20.2997ms
Frame 76 end
Average processing time of GrabImageRGBD(): 20.2245ms
Frame 77 end
Average processing time of GrabImageRGBD(): 20.3723ms
Frame 78 end
Average processing time of GrabImageRGBD(): 20.3278ms
Frame 79 end
Average processing time of GrabImageRGBD(): 20.2217ms
Frame 80 end
Average processing time of GrabImageRGBD(): 20.3826ms
Frame 81 end
Average processing time of GrabImageRGBD(): 20.3277ms
Frame 82 end
Average processing time of GrabImageRGBD(): 20.2409ms
Frame 83 end
Average processing time of GrabImageRGBD(): 20.3931ms
Frame 84 end
Average processing time of GrabImageRGBD(): 20.2846ms
Frame 85 end
Average processing time of GrabImageRGBD(): 20.2706ms
Frame 86 end
Average processing time of GrabImageRGBD(): 20.4245ms
Frame 87 end
Average processing time of GrabImageRGBD(): 20.4024ms
Frame 88 end
Average processing time of GrabImageRGBD(): 20.5377ms
Frame 89 end
Average processing time of GrabImageRGBD(): 20.4844ms
Frame 90 end
Average processing time of GrabImageRGBD(): 20.6527ms
Frame 91 end
Average processing time of GrabImageRGBD(): 20.5659ms
Frame 92 end
Average processing time of GrabImageRGBD(): 20.5109ms
Frame 93 end
Average processing time of GrabImageRGBD(): 20.436ms
Frame 94 end
Average processing time of GrabImageRGBD(): 20.461ms
Frame 95 end
Average processing time of GrabImageRGBD(): 20.3805ms
Frame 96 end
Average processing time of GrabImageRGBD(): 20.4688ms
Frame 97 end
Average processing time of GrabImageRGBD(): 20.3957ms
Frame 98 end
Average processing time of GrabImageRGBD(): 20.3001ms
Frame 99 end
Average processing time of GrabImageRGBD(): 20.4162ms
Frame 100 end
Average processing time of GrabImageRGBD(): 20.3497ms
Frame 101 end
Average processing time of GrabImageRGBD(): 20.2923ms
Frame 102 end
Average processing time of GrabImageRGBD(): 20.196ms
Frame 103 end
Average processing time of GrabImageRGBD(): 20.1316ms
Frame 104 end
Average processing time of GrabImageRGBD(): 20.2623ms
Frame 105 end
Average processing time of GrabImageRGBD(): 20.1879ms
Frame 106 end
Average processing time of GrabImageRGBD(): 20.1306ms
Frame 107 end
Average processing time of GrabImageRGBD(): 20.2473ms
Frame 108 end
Average processing time of GrabImageRGBD(): 20.1728ms
Frame 109 end
Average processing time of GrabImageRGBD(): 20.108ms
Frame 110 end
Average processing time of GrabImageRGBD(): 20.0275ms
Frame 111 end
Average processing time of GrabImageRGBD(): 20.1436ms
Frame 112 end
Average processing time of GrabImageRGBD(): 20.087ms
Frame 113 end
Average processing time of GrabImageRGBD(): 19.9935ms
Frame 114 end
Average processing time of GrabImageRGBD(): 19.873ms
Frame 115 end
Average processing time of GrabImageRGBD(): 19.9919ms
Frame 116 end
Average processing time of GrabImageRGBD(): 19.9529ms
Frame 117 end
Average processing time of GrabImageRGBD(): 19.8957ms
Frame 118 end
Average processing time of GrabImageRGBD(): 19.845ms
Frame 119 end
Average processing time of GrabImageRGBD(): 19.9498ms
Frame 120 end
Average processing time of GrabImageRGBD(): 19.8843ms
Frame 121 end
Average processing time of GrabImageRGBD(): 19.825ms
Frame 122 end
Average processing time of GrabImageRGBD(): 19.7534ms
Frame 123 end
Average processing time of GrabImageRGBD(): 19.6693ms
Frame 124 end
Average processing time of GrabImageRGBD(): 19.7727ms
Frame 125 end
Average processing time of GrabImageRGBD(): 19.6495ms
Frame 126 end
Average processing time of GrabImageRGBD(): 19.5856ms
Frame 127 end
Average processing time of GrabImageRGBD(): 19.4632ms
Frame 128 end
Average processing time of GrabImageRGBD(): 19.3433ms
Frame 129 end
Average processing time of GrabImageRGBD(): 19.3982ms
Frame 130 end
Average processing time of GrabImageRGBD(): 19.2847ms
Frame 131 end
Average processing time of GrabImageRGBD(): 19.1639ms
Frame 132 end
Average processing time of GrabImageRGBD(): 19.0849ms
Frame 133 end
Average processing time of GrabImageRGBD(): 19.0055ms
Frame 134 end
Average processing time of GrabImageRGBD(): 19.0526ms
Frame 135 end
Average processing time of GrabImageRGBD(): 18.9546ms
Frame 136 end
Average processing time of GrabImageRGBD(): 18.8858ms
Frame 137 end
Average processing time of GrabImageRGBD(): 18.8169ms
Frame 138 end
Average processing time of GrabImageRGBD(): 18.747ms
Frame 139 end
Average processing time of GrabImageRGBD(): 18.6742ms
Frame 140 end
Average processing time of GrabImageRGBD(): 18.5774ms
Frame 141 end
Average processing time of GrabImageRGBD(): 18.4882ms
Frame 142 end
Average processing time of GrabImageRGBD(): 18.382ms
Frame 143 end
Average processing time of GrabImageRGBD(): 18.2888ms
Frame 144 end
Average processing time of GrabImageRGBD(): 18.2273ms
Frame 145 end
Average processing time of GrabImageRGBD(): 18.1286ms
Frame 146 end
Average processing time of GrabImageRGBD(): 18.0548ms
Frame 147 end
Average processing time of GrabImageRGBD(): 17.9805ms
Frame 148 end
Average processing time of GrabImageRGBD(): 18.0195ms
Frame 149 end
Average processing time of GrabImageRGBD(): 17.9543ms
Frame 150 end
Average processing time of GrabImageRGBD(): 17.8564ms
Frame 151 end
Average processing time of GrabImageRGBD(): 17.7798ms
Frame 152 end
Average processing time of GrabImageRGBD(): 17.684ms
Frame 153 end
Average processing time of GrabImageRGBD(): 17.7356ms
Frame 154 end
Average processing time of GrabImageRGBD(): 17.6776ms
Frame 155 end
Average processing time of GrabImageRGBD(): 17.586ms
Frame 156 end
Average processing time of GrabImageRGBD(): 17.5251ms
Frame 157 end
Average processing time of GrabImageRGBD(): 17.4529ms
Frame 158 end
Average processing time of GrabImageRGBD(): 17.5345ms
Frame 159 end
Average processing time of GrabImageRGBD(): 17.5057ms
Frame 160 end
Average processing time of GrabImageRGBD(): 17.4719ms
Frame 161 end
Average processing time of GrabImageRGBD(): 17.4118ms
Frame 162 end
Average processing time of GrabImageRGBD(): 17.3805ms
Frame 163 end
Average processing time of GrabImageRGBD(): 17.4577ms
Frame 164 end
Average processing time of GrabImageRGBD(): 17.4208ms
Frame 165 end
Average processing time of GrabImageRGBD(): 17.3871ms
Frame 166 end
Average processing time of GrabImageRGBD(): 17.3401ms
Frame 167 end
Average processing time of GrabImageRGBD(): 17.2823ms
Frame 168 end
Average processing time of GrabImageRGBD(): 17.2134ms
Frame 169 end
Average processing time of GrabImageRGBD(): 17.1747ms
Frame 170 end
Average processing time of GrabImageRGBD(): 17.1259ms
Frame 171 end
Average processing time of GrabImageRGBD(): 17.2138ms
Frame 172 end
Average processing time of GrabImageRGBD(): 17.1714ms
Frame 173 end
Average processing time of GrabImageRGBD(): 17.1363ms
Frame 174 end
Average processing time of GrabImageRGBD(): 17.0752ms
Frame 175 end
Average processing time of GrabImageRGBD(): 16.9968ms
Frame 176 end
Average processing time of GrabImageRGBD(): 17.0714ms
Frame 177 end
Average processing time of GrabImageRGBD(): 17.0102ms
Frame 178 end
Average processing time of GrabImageRGBD(): 16.9355ms
Frame 179 end
Average processing time of GrabImageRGBD(): 16.8621ms
Frame 180 end
Average processing time of GrabImageRGBD(): 16.9588ms
Frame 181 end
Average processing time of GrabImageRGBD(): 16.9004ms
Frame 182 end
Average processing time of GrabImageRGBD(): 16.8232ms
Frame 183 end
Average processing time of GrabImageRGBD(): 16.75ms
Frame 184 end
Average processing time of GrabImageRGBD(): 16.6973ms
Frame 185 end
Average processing time of GrabImageRGBD(): 16.7866ms
Frame 186 end
Average processing time of GrabImageRGBD(): 16.7405ms
Frame 187 end
Average processing time of GrabImageRGBD(): 16.6661ms
Frame 188 end
Average processing time of GrabImageRGBD(): 16.5995ms
Frame 189 end
Average processing time of GrabImageRGBD(): 16.5548ms
Frame 190 end
Average processing time of GrabImageRGBD(): 16.6089ms
Frame 191 end
Average processing time of GrabImageRGBD(): 16.562ms
Frame 192 end
Average processing time of GrabImageRGBD(): 16.4943ms
Frame 193 end
Average processing time of GrabImageRGBD(): 16.4261ms
Frame 194 end
Average processing time of GrabImageRGBD(): 16.4758ms
Frame 195 end
Average processing time of GrabImageRGBD(): 16.4325ms
Frame 196 end
Average processing time of GrabImageRGBD(): 16.3646ms
Frame 197 end
Average processing time of GrabImageRGBD(): 16.3189ms
Frame 198 end
Average processing time of GrabImageRGBD(): 16.275ms
Frame 199 end
Average processing time of GrabImageRGBD(): 16.229ms
Frame 200 end
Average processing time of GrabImageRGBD(): 16.2815ms
Frame 201 end
Average processing time of GrabImageRGBD(): 16.241ms
Frame 202 end
Average processing time of GrabImageRGBD(): 16.1736ms
Frame 203 end
Average processing time of GrabImageRGBD(): 16.1123ms
Frame 204 end
Average processing time of GrabImageRGBD(): 16.0559ms
Frame 205 end
Average processing time of GrabImageRGBD(): 16.0142ms
Frame 206 end
Average processing time of GrabImageRGBD(): 16.0721ms
Frame 207 end
Average processing time of GrabImageRGBD(): 16.0317ms
Frame 208 end
Average processing time of GrabImageRGBD(): 15.969ms
Frame 209 end
Average processing time of GrabImageRGBD(): 15.9099ms
Frame 210 end
Average processing time of GrabImageRGBD(): 15.8681ms
Frame 211 end
Average processing time of GrabImageRGBD(): 15.8087ms
Frame 212 end
Average processing time of GrabImageRGBD(): 15.9023ms
Frame 213 end
Average processing time of GrabImageRGBD(): 15.9024ms
Frame 214 end
Average processing time of GrabImageRGBD(): 15.9011ms
Frame 215 end
Average processing time of GrabImageRGBD(): 15.9876ms
Frame 216 end
Average processing time of GrabImageRGBD(): 15.9955ms
Frame 217 end
Average processing time of GrabImageRGBD(): 15.984ms
Frame 218 end
Average processing time of GrabImageRGBD(): 16.0694ms
Frame 219 end
Average processing time of GrabImageRGBD(): 16.0712ms
Frame 220 end
Average processing time of GrabImageRGBD(): 16.0637ms
Frame 221 end
Average processing time of GrabImageRGBD(): 16.1467ms
Frame 222 end
Average processing time of GrabImageRGBD(): 16.1503ms
Frame 223 end
Average processing time of GrabImageRGBD(): 16.1358ms
Frame 224 end
Average processing time of GrabImageRGBD(): 16.2403ms
Frame 225 end
Average processing time of GrabImageRGBD(): 16.2459ms
Frame 226 end
Average processing time of GrabImageRGBD(): 16.2379ms
Frame 227 end
Average processing time of GrabImageRGBD(): 16.2434ms
Frame 228 end
Average processing time of GrabImageRGBD(): 16.246ms
Frame 229 end
Average processing time of GrabImageRGBD(): 16.2465ms
Frame 230 end
Average processing time of GrabImageRGBD(): 16.3194ms
Frame 231 end
Average processing time of GrabImageRGBD(): 16.3213ms
Frame 232 end
Average processing time of GrabImageRGBD(): 16.3239ms
Frame 233 end
Average processing time of GrabImageRGBD(): 16.3246ms
Frame 234 end
Average processing time of GrabImageRGBD(): 16.3149ms
Frame 235 end
Average processing time of GrabImageRGBD(): 16.2913ms
Frame 236 end
Average processing time of GrabImageRGBD(): 16.3613ms
Frame 237 end
Average processing time of GrabImageRGBD(): 16.3479ms
Frame 238 end
Average processing time of GrabImageRGBD(): 16.3213ms
Frame 239 end
Average processing time of GrabImageRGBD(): 16.2742ms
Frame 240 end
Average processing time of GrabImageRGBD(): 16.2234ms
Frame 241 end
Average processing time of GrabImageRGBD(): 16.1784ms
Frame 242 end
Average processing time of GrabImageRGBD(): 16.214ms
Frame 243 end
Average processing time of GrabImageRGBD(): 16.1747ms
Frame 244 end
Average processing time of GrabImageRGBD(): 16.1264ms
Frame 245 end
Average processing time of GrabImageRGBD(): 16.0742ms
Frame 246 end
Average processing time of GrabImageRGBD(): 16.0343ms
Frame 247 end
Average processing time of GrabImageRGBD(): 15.9939ms
Frame 248 end
Average processing time of GrabImageRGBD(): 16.0382ms
Frame 249 end
Average processing time of GrabImageRGBD(): 16.0105ms
Frame 250 end
Average processing time of GrabImageRGBD(): 15.9884ms
Frame 251 end
Average processing time of GrabImageRGBD(): 15.9538ms
Frame 252 end
Average processing time of GrabImageRGBD(): 15.9315ms
Frame 253 end
Average processing time of GrabImageRGBD(): 15.9085ms
Frame 254 end
Average processing time of GrabImageRGBD(): 15.9649ms
Frame 255 end
Average processing time of GrabImageRGBD(): 15.9527ms
Frame 256 end
Average processing time of GrabImageRGBD(): 15.9417ms
Frame 257 end
Average processing time of GrabImageRGBD(): 15.9158ms
Frame 258 end
Average processing time of GrabImageRGBD(): 15.8943ms
Frame 259 end
Average processing time of GrabImageRGBD(): 15.8733ms
Frame 260 end
Average processing time of GrabImageRGBD(): 15.9342ms
Frame 261 end
Average processing time of GrabImageRGBD(): 15.9216ms
Frame 262 end
Average processing time of GrabImageRGBD(): 15.9096ms
Frame 263 end
Average processing time of GrabImageRGBD(): 15.8866ms
Frame 264 end
Average processing time of GrabImageRGBD(): 15.8726ms
Frame 265 end
Average processing time of GrabImageRGBD(): 15.8465ms
Frame 266 end
Average processing time of GrabImageRGBD(): 15.9058ms
Frame 267 end
Average processing time of GrabImageRGBD(): 15.8964ms
Frame 268 end
Average processing time of GrabImageRGBD(): 15.8766ms
Frame 269 end
Average processing time of GrabImageRGBD(): 15.8587ms
Frame 270 end
Average processing time of GrabImageRGBD(): 15.8482ms
Frame 271 end
Average processing time of GrabImageRGBD(): 15.8199ms
Frame 272 end
Average processing time of GrabImageRGBD(): 15.8853ms
Frame 273 end
Average processing time of GrabImageRGBD(): 15.8769ms
Frame 274 end
Average processing time of GrabImageRGBD(): 15.8694ms
Frame 275 end
Average processing time of GrabImageRGBD(): 15.8618ms
Frame 276 end
Average processing time of GrabImageRGBD(): 15.8438ms
Frame 277 end
Average processing time of GrabImageRGBD(): 15.8265ms
Frame 278 end
Average processing time of GrabImageRGBD(): 15.7989ms
Frame 279 end
Average processing time of GrabImageRGBD(): 15.8577ms
Frame 280 end
Average processing time of GrabImageRGBD(): 15.8185ms
Frame 281 end
Average processing time of GrabImageRGBD(): 15.775ms
Frame 282 end
Average processing time of GrabImageRGBD(): 15.7526ms
Frame 283 end
Average processing time of GrabImageRGBD(): 15.7083ms
Frame 284 end
Average processing time of GrabImageRGBD(): 15.6934ms
Frame 285 end
Average processing time of GrabImageRGBD(): 15.6818ms
Frame 286 end
Average processing time of GrabImageRGBD(): 15.7519ms
Frame 287 end
Average processing time of GrabImageRGBD(): 15.7377ms
Frame 288 end
Average processing time of GrabImageRGBD(): 15.7311ms
Frame 289 end
Average processing time of GrabImageRGBD(): 15.7201ms
Frame 290 end
Average processing time of GrabImageRGBD(): 15.7065ms
Frame 291 end
Average processing time of GrabImageRGBD(): 15.6903ms
Frame 292 end
Average processing time of GrabImageRGBD(): 15.7908ms
Frame 293 end
Average processing time of GrabImageRGBD(): 15.7769ms
Frame 294 end
Average processing time of GrabImageRGBD(): 15.7683ms
Frame 295 end
Average processing time of GrabImageRGBD(): 15.7582ms
Frame 296 end
Average processing time of GrabImageRGBD(): 15.7407ms
Frame 297 end
Average processing time of GrabImageRGBD(): 15.8081ms
Frame 298 end
Average processing time of GrabImageRGBD(): 15.7923ms
Frame 299 end
Average processing time of GrabImageRGBD(): 15.7853ms
Frame 300 end
Average processing time of GrabImageRGBD(): 15.7729ms
Frame 301 end
Average processing time of GrabImageRGBD(): 15.7679ms
Frame 302 end
Average processing time of GrabImageRGBD(): 15.7512ms
Frame 303 end
Average processing time of GrabImageRGBD(): 15.7341ms
Frame 304 end
Average processing time of GrabImageRGBD(): 15.8181ms
Frame 305 end
Average processing time of GrabImageRGBD(): 15.8128ms
Frame 306 end
Average processing time of GrabImageRGBD(): 15.8047ms
Frame 307 end
Average processing time of GrabImageRGBD(): 15.798ms
Frame 308 end
Average processing time of GrabImageRGBD(): 15.79ms
Frame 309 end
Average processing time of GrabImageRGBD(): 15.7712ms
Frame 310 end
Average processing time of GrabImageRGBD(): 15.7538ms
Frame 311 end
Average processing time of GrabImageRGBD(): 15.7973ms
Frame 312 end
Average processing time of GrabImageRGBD(): 15.7594ms
Frame 313 end
Average processing time of GrabImageRGBD(): 15.7349ms
Frame 314 end
Average processing time of GrabImageRGBD(): 15.7083ms
Frame 315 end
Average processing time of GrabImageRGBD(): 15.6753ms
Frame 316 end
Average processing time of GrabImageRGBD(): 15.6488ms
Frame 317 end
Average processing time of GrabImageRGBD(): 15.61ms
Frame 318 end
Average processing time of GrabImageRGBD(): 15.6526ms
Frame 319 end
Average processing time of GrabImageRGBD(): 15.6232ms
Frame 320 end
Average processing time of GrabImageRGBD(): 15.5837ms
Frame 321 end
Average processing time of GrabImageRGBD(): 15.5448ms
Frame 322 end
Average processing time of GrabImageRGBD(): 15.5084ms
Frame 323 end
Average processing time of GrabImageRGBD(): 15.5449ms
Frame 324 end
Average processing time of GrabImageRGBD(): 15.5251ms
Frame 325 end
Average processing time of GrabImageRGBD(): 15.4903ms
Frame 326 end
Average processing time of GrabImageRGBD(): 15.4529ms
Frame 327 end
Average processing time of GrabImageRGBD(): 15.4167ms
Frame 328 end
Average processing time of GrabImageRGBD(): 15.3803ms
Frame 329 end
Average processing time of GrabImageRGBD(): 15.3552ms
Frame 330 end
Average processing time of GrabImageRGBD(): 15.3226ms
Frame 331 end
Average processing time of GrabImageRGBD(): 15.3597ms
Frame 332 end
Average processing time of GrabImageRGBD(): 15.3402ms
Frame 333 end
Average processing time of GrabImageRGBD(): 15.3025ms
Frame 334 end
Average processing time of GrabImageRGBD(): 15.2697ms
Frame 335 end
Average processing time of GrabImageRGBD(): 15.2351ms
Frame 336 end
Average processing time of GrabImageRGBD(): 15.2103ms
Frame 337 end
Average processing time of GrabImageRGBD(): 15.1751ms
Frame 338 end
Average processing time of GrabImageRGBD(): 15.1476ms
Frame 339 end
Average processing time of GrabImageRGBD(): 15.1868ms
Frame 340 end
Average processing time of GrabImageRGBD(): 15.1685ms
Frame 341 end
Average processing time of GrabImageRGBD(): 15.1482ms
Frame 342 end
Average processing time of GrabImageRGBD(): 15.1213ms
Frame 343 end
Average processing time of GrabImageRGBD(): 15.1007ms
Frame 344 end
Average processing time of GrabImageRGBD(): 15.0672ms
Frame 345 end
Average processing time of GrabImageRGBD(): 15.0334ms
Frame 346 end
Average processing time of GrabImageRGBD(): 15.0654ms
Frame 347 end
Average processing time of GrabImageRGBD(): 15.0557ms
Frame 348 end
Average processing time of GrabImageRGBD(): 15.0348ms
Frame 349 end
Average processing time of GrabImageRGBD(): 15.0161ms
Frame 350 end
Average processing time of GrabImageRGBD(): 14.9899ms
Frame 351 end
Average processing time of GrabImageRGBD(): 14.9606ms
Frame 352 end
Average processing time of GrabImageRGBD(): 14.9389ms
Frame 353 end
Average processing time of GrabImageRGBD(): 14.9739ms
Frame 354 end
Average processing time of GrabImageRGBD(): 14.9597ms
Frame 355 end
Average processing time of GrabImageRGBD(): 14.9264ms
Frame 356 end
Average processing time of GrabImageRGBD(): 14.8955ms
Frame 357 end
Average processing time of GrabImageRGBD(): 14.876ms
Frame 358 end
Average processing time of GrabImageRGBD(): 14.8497ms
Frame 359 end
Average processing time of GrabImageRGBD(): 14.823ms
Frame 360 end
Average processing time of GrabImageRGBD(): 14.8819ms
Frame 361 end
Average processing time of GrabImageRGBD(): 14.8538ms
Frame 362 end
Average processing time of GrabImageRGBD(): 14.8223ms
Frame 363 end
Average processing time of GrabImageRGBD(): 14.7995ms
Frame 364 end
Average processing time of GrabImageRGBD(): 14.7688ms
Frame 365 end
Average processing time of GrabImageRGBD(): 14.7509ms
Frame 366 end
Average processing time of GrabImageRGBD(): 14.7335ms
Frame 367 end
Average processing time of GrabImageRGBD(): 14.7704ms
Frame 368 end
Average processing time of GrabImageRGBD(): 14.7736ms
Frame 369 end
Average processing time of GrabImageRGBD(): 14.7413ms
Frame 370 end
Average processing time of GrabImageRGBD(): 14.7283ms
Frame 371 end
Average processing time of GrabImageRGBD(): 14.7156ms
Frame 372 end
Average processing time of GrabImageRGBD(): 14.6986ms
Frame 373 end
Average processing time of GrabImageRGBD(): 14.6845ms
Frame 374 end
Average processing time of GrabImageRGBD(): 14.6718ms
Frame 375 end
Average processing time of GrabImageRGBD(): 14.652ms
Frame 376 end
Average processing time of GrabImageRGBD(): 14.623ms
Frame 377 end
Average processing time of GrabImageRGBD(): 14.6085ms
Frame 378 end
Average processing time of GrabImageRGBD(): 14.5913ms
Frame 379 end
Average processing time of GrabImageRGBD(): 14.5625ms
Frame 380 end
Average processing time of GrabImageRGBD(): 14.5407ms
Frame 381 end
Average processing time of GrabImageRGBD(): 14.5133ms
Frame 382 end
Average processing time of GrabImageRGBD(): 14.4887ms
Frame 383 end
Average processing time of GrabImageRGBD(): 14.5339ms
Frame 384 end
Average processing time of GrabImageRGBD(): 14.5232ms
Frame 385 end
Average processing time of GrabImageRGBD(): 14.4938ms
Frame 386 end
Average processing time of GrabImageRGBD(): 14.476ms
Frame 387 end
Average processing time of GrabImageRGBD(): 14.4623ms
Frame 388 end
Average processing time of GrabImageRGBD(): 14.4482ms
Frame 389 end
Average processing time of GrabImageRGBD(): 14.4222ms
Frame 390 end
Average processing time of GrabImageRGBD(): 14.4675ms
Frame 391 end
Average processing time of GrabImageRGBD(): 14.4463ms
Frame 392 end
Average processing time of GrabImageRGBD(): 14.4179ms
Frame 393 end
Average processing time of GrabImageRGBD(): 14.406ms
Frame 394 end
Average processing time of GrabImageRGBD(): 14.3948ms
Frame 395 end
Average processing time of GrabImageRGBD(): 14.382ms
Frame 396 end
Average processing time of GrabImageRGBD(): 14.3533ms
Frame 397 end
Average processing time of GrabImageRGBD(): 14.338ms
Frame 398 end
Average processing time of GrabImageRGBD(): 14.4026ms
Frame 399 end
Average processing time of GrabImageRGBD(): 14.3794ms
Frame 400 end
Average processing time of GrabImageRGBD(): 14.3581ms
Frame 401 end
Average processing time of GrabImageRGBD(): 14.3436ms
Frame 402 end
Average processing time of GrabImageRGBD(): 14.3342ms
Frame 403 end
Average processing time of GrabImageRGBD(): 14.3272ms
Frame 404 end
Average processing time of GrabImageRGBD(): 14.3189ms
Frame 405 end
Average processing time of GrabImageRGBD(): 14.378ms
Frame 406 end
Average processing time of GrabImageRGBD(): 14.382ms
Frame 407 end
Average processing time of GrabImageRGBD(): 14.3819ms
Frame 408 end
Average processing time of GrabImageRGBD(): 14.3919ms
Frame 409 end
Average processing time of GrabImageRGBD(): 14.3804ms
Frame 410 end
Average processing time of GrabImageRGBD(): 14.3685ms
Frame 411 end
Average processing time of GrabImageRGBD(): 14.3661ms
Frame 412 end
Average processing time of GrabImageRGBD(): 14.3749ms
Frame 413 end
Average processing time of GrabImageRGBD(): 14.4281ms
Frame 414 end
Average processing time of GrabImageRGBD(): 14.4383ms
Frame 415 end
Average processing time of GrabImageRGBD(): 14.4286ms
Frame 416 end
Average processing time of GrabImageRGBD(): 14.4327ms
Frame 417 end
Average processing time of GrabImageRGBD(): 14.4191ms
Frame 418 end
Average processing time of GrabImageRGBD(): 14.4302ms
Frame 419 end
Average processing time of GrabImageRGBD(): 14.431ms
Frame 420 end
Average processing time of GrabImageRGBD(): 14.4247ms
Frame 421 end
Average processing time of GrabImageRGBD(): 14.48ms
Frame 422 end
Average processing time of GrabImageRGBD(): 14.4791ms
Frame 423 end
Average processing time of GrabImageRGBD(): 14.4804ms
Frame 424 end
Average processing time of GrabImageRGBD(): 14.4814ms
Frame 425 end
Average processing time of GrabImageRGBD(): 14.4838ms
Frame 426 end
Average processing time of GrabImageRGBD(): 14.4864ms
Frame 427 end
Average processing time of GrabImageRGBD(): 14.4839ms
Frame 428 end
Average processing time of GrabImageRGBD(): 14.5333ms
Frame 429 end
Average processing time of GrabImageRGBD(): 14.5279ms
Frame 430 end
Average processing time of GrabImageRGBD(): 14.5275ms
Frame 431 end
Average processing time of GrabImageRGBD(): 14.5267ms
Frame 432 end
Average processing time of GrabImageRGBD(): 14.5236ms
Frame 433 end
Average processing time of GrabImageRGBD(): 14.5213ms
Frame 434 end
Average processing time of GrabImageRGBD(): 14.5275ms
Frame 435 end
Average processing time of GrabImageRGBD(): 14.5744ms
Frame 436 end
Average processing time of GrabImageRGBD(): 14.5793ms
Frame 437 end
Average processing time of GrabImageRGBD(): 14.5775ms
Frame 438 end
Average processing time of GrabImageRGBD(): 14.5837ms
Frame 439 end
Average processing time of GrabImageRGBD(): 14.5878ms
Frame 440 end
Average processing time of GrabImageRGBD(): 14.5854ms
Frame 441 end
Average processing time of GrabImageRGBD(): 14.5866ms
Frame 442 end
Average processing time of GrabImageRGBD(): 14.6334ms
Frame 443 end
Average processing time of GrabImageRGBD(): 14.6358ms
Frame 444 end
Average processing time of GrabImageRGBD(): 14.6281ms
Frame 445 end
Average processing time of GrabImageRGBD(): 14.6277ms
Frame 446 end
Average processing time of GrabImageRGBD(): 14.6264ms
Frame 447 end
Average processing time of GrabImageRGBD(): 14.6168ms
Frame 448 end
Average processing time of GrabImageRGBD(): 14.6158ms
Frame 449 end
Average processing time of GrabImageRGBD(): 14.6128ms
Frame 450 end
Average processing time of GrabImageRGBD(): 14.6666ms
Frame 451 end
Average processing time of GrabImageRGBD(): 14.6606ms
Frame 452 end
Average processing time of GrabImageRGBD(): 14.655ms
Frame 453 end
Average processing time of GrabImageRGBD(): 14.6547ms
Frame 454 end
Average processing time of GrabImageRGBD(): 14.6465ms
Frame 455 end
Average processing time of GrabImageRGBD(): 14.634ms
Frame 456 end
Average processing time of GrabImageRGBD(): 14.6306ms
Frame 457 end
Average processing time of GrabImageRGBD(): 14.6267ms
Frame 458 end
Average processing time of GrabImageRGBD(): 14.6744ms
Frame 459 end
Average processing time of GrabImageRGBD(): 14.6677ms
Frame 460 end
Average processing time of GrabImageRGBD(): 14.6603ms
Frame 461 end
Average processing time of GrabImageRGBD(): 14.6474ms
Frame 462 end
Average processing time of GrabImageRGBD(): 14.6352ms
Frame 463 end
Average processing time of GrabImageRGBD(): 14.6298ms
Frame 464 end
Average processing time of GrabImageRGBD(): 14.6224ms
Frame 465 end
Average processing time of GrabImageRGBD(): 14.619ms
Frame 466 end
Average processing time of GrabImageRGBD(): 14.6638ms
Frame 467 end
Average processing time of GrabImageRGBD(): 14.6581ms
Frame 468 end
Average processing time of GrabImageRGBD(): 14.6516ms
Frame 469 end
Average processing time of GrabImageRGBD(): 14.6489ms
Frame 470 end
Average processing time of GrabImageRGBD(): 14.6425ms
Frame 471 end
Average processing time of GrabImageRGBD(): 14.63ms
Frame 472 end
Average processing time of GrabImageRGBD(): 14.6247ms
Frame 473 end
Average processing time of GrabImageRGBD(): 14.6699ms
Frame 474 end
Average processing time of GrabImageRGBD(): 14.6652ms
Frame 475 end
Average processing time of GrabImageRGBD(): 14.658ms
Frame 476 end
Average processing time of GrabImageRGBD(): 14.6519ms
Frame 477 end
Average processing time of GrabImageRGBD(): 14.6383ms
Frame 478 end
Average processing time of GrabImageRGBD(): 14.6317ms
Frame 479 end
Average processing time of GrabImageRGBD(): 14.6256ms
Frame 480 end
Average processing time of GrabImageRGBD(): 14.6231ms
Frame 481 end
Average processing time of GrabImageRGBD(): 14.6151ms
Frame 482 end
Average processing time of GrabImageRGBD(): 14.6577ms
Frame 483 end
Average processing time of GrabImageRGBD(): 14.6524ms
Frame 484 end
Average processing time of GrabImageRGBD(): 14.6473ms
Frame 485 end
Average processing time of GrabImageRGBD(): 14.6428ms
Frame 486 end
Average processing time of GrabImageRGBD(): 14.6375ms
Frame 487 end
Average processing time of GrabImageRGBD(): 14.6314ms
Frame 488 end
Average processing time of GrabImageRGBD(): 14.6293ms
Frame 489 end
Average processing time of GrabImageRGBD(): 14.6233ms
Frame 490 end
Average processing time of GrabImageRGBD(): 14.6712ms
Frame 491 end
Average processing time of GrabImageRGBD(): 14.6661ms
Frame 492 end
Average processing time of GrabImageRGBD(): 14.6608ms
Frame 493 end
Average processing time of GrabImageRGBD(): 14.6564ms
Frame 494 end
Average processing time of GrabImageRGBD(): 14.6467ms
Frame 495 end
Average processing time of GrabImageRGBD(): 14.641ms
Frame 496 end
Average processing time of GrabImageRGBD(): 14.6319ms
Frame 497 end
Average processing time of GrabImageRGBD(): 14.6243ms
Frame 498 end
Average processing time of GrabImageRGBD(): 14.6089ms
Frame 499 end
Average processing time of GrabImageRGBD(): 14.6497ms
Frame 500 end
Average processing time of GrabImageRGBD(): 14.6298ms
Frame 501 end
Average processing time of GrabImageRGBD(): 14.6198ms
Frame 502 end
Average processing time of GrabImageRGBD(): 14.6133ms
Frame 503 end
Average processing time of GrabImageRGBD(): 14.603ms
Frame 504 end
Average processing time of GrabImageRGBD(): 14.5964ms
Frame 505 end
Average processing time of GrabImageRGBD(): 14.5951ms
Frame 506 end
Average processing time of GrabImageRGBD(): 14.5915ms
Frame 507 end
Average processing time of GrabImageRGBD(): 14.6358ms
Frame 508 end
Average processing time of GrabImageRGBD(): 14.6371ms
Frame 509 end
Average processing time of GrabImageRGBD(): 14.6373ms
Frame 510 end
Average processing time of GrabImageRGBD(): 14.636ms
Frame 511 end
Average processing time of GrabImageRGBD(): 14.6325ms
Frame 512 end
Average processing time of GrabImageRGBD(): 14.6266ms
Frame 513 end
Average processing time of GrabImageRGBD(): 14.6213ms
Frame 514 end
Average processing time of GrabImageRGBD(): 14.6223ms
Frame 515 end
Average processing time of GrabImageRGBD(): 14.6249ms
Frame 516 end
Average processing time of GrabImageRGBD(): 14.6639ms
Frame 517 end
Average processing time of GrabImageRGBD(): 14.6682ms
Frame 518 end
Average processing time of GrabImageRGBD(): 14.6684ms
Frame 519 end
Average processing time of GrabImageRGBD(): 14.6642ms
Frame 520 end
Average processing time of GrabImageRGBD(): 14.6605ms
Frame 521 end
Average processing time of GrabImageRGBD(): 14.6547ms
Frame 522 end
Average processing time of GrabImageRGBD(): 14.6492ms
Frame 523 end
Average processing time of GrabImageRGBD(): 14.648ms
Frame 524 end
Average processing time of GrabImageRGBD(): 14.6881ms
Frame 525 end
Average processing time of GrabImageRGBD(): 14.6956ms
Frame 526 end
Average processing time of GrabImageRGBD(): 14.6962ms
Frame 527 end
Average processing time of GrabImageRGBD(): 14.7041ms
Frame 528 end
Average processing time of GrabImageRGBD(): 14.7044ms
Frame 529 end
Average processing time of GrabImageRGBD(): 14.7408ms
Frame 530 end
Average processing time of GrabImageRGBD(): 14.7394ms
Frame 531 end
Average processing time of GrabImageRGBD(): 14.7824ms
Frame 532 end
Average processing time of GrabImageRGBD(): 14.7802ms
Frame 533 end
Average processing time of GrabImageRGBD(): 14.8184ms
Frame 534 end
Average processing time of GrabImageRGBD(): 14.8186ms
Frame 535 end
Average processing time of GrabImageRGBD(): 14.8178ms
Frame 536 end
Average processing time of GrabImageRGBD(): 14.8177ms
Frame 537 end
Average processing time of GrabImageRGBD(): 14.818ms
Frame 538 end
Average processing time of GrabImageRGBD(): 14.8163ms
Frame 539 end
Average processing time of GrabImageRGBD(): 14.8076ms
Frame 540 end
Average processing time of GrabImageRGBD(): 14.8032ms
Frame 541 end
Average processing time of GrabImageRGBD(): 14.801ms
Frame 542 end
Average processing time of GrabImageRGBD(): 14.7998ms
Frame 543 end
Average processing time of GrabImageRGBD(): 14.8345ms
Frame 544 end
Average processing time of GrabImageRGBD(): 14.8342ms
Frame 545 end
Average processing time of GrabImageRGBD(): 14.8302ms
Frame 546 end
Average processing time of GrabImageRGBD(): 14.826ms
Frame 547 end
Average processing time of GrabImageRGBD(): 14.8201ms
Frame 548 end
Average processing time of GrabImageRGBD(): 14.8084ms
Frame 549 end
Average processing time of GrabImageRGBD(): 14.8036ms
Frame 550 end
Average processing time of GrabImageRGBD(): 14.7982ms
Frame 551 end
Average processing time of GrabImageRGBD(): 14.795ms
Frame 552 end
Average processing time of GrabImageRGBD(): 14.791ms
Frame 553 end
Average processing time of GrabImageRGBD(): 14.7867ms
Frame 554 end
Average processing time of GrabImageRGBD(): 14.8234ms
Frame 555 end
Average processing time of GrabImageRGBD(): 14.8206ms
Frame 556 end
Average processing time of GrabImageRGBD(): 14.8117ms
Frame 557 end
Average processing time of GrabImageRGBD(): 14.8042ms
Frame 558 end
Average processing time of GrabImageRGBD(): 14.7963ms
Frame 559 end
Average processing time of GrabImageRGBD(): 14.7934ms
Frame 560 end
Average processing time of GrabImageRGBD(): 14.7894ms
Frame 561 end
Average processing time of GrabImageRGBD(): 14.7818ms
Frame 562 end
Average processing time of GrabImageRGBD(): 14.7754ms
Frame 563 end
Average processing time of GrabImageRGBD(): 14.768ms
Frame 564 end
Average processing time of GrabImageRGBD(): 14.7635ms
Frame 565 end
Average processing time of GrabImageRGBD(): 14.7982ms
Frame 566 end
Average processing time of GrabImageRGBD(): 14.7954ms
Frame 567 end
Average processing time of GrabImageRGBD(): 14.7907ms
Frame 568 end
Average processing time of GrabImageRGBD(): 14.7808ms
Frame 569 end
Average processing time of GrabImageRGBD(): 14.7737ms
Frame 570 end
Average processing time of GrabImageRGBD(): 14.7682ms
Frame 571 end
Average processing time of GrabImageRGBD(): 14.7616ms
Frame 572 end
Average processing time of GrabImageRGBD(): 14.7518ms
Frame 573 end
Average processing time of GrabImageRGBD(): 14.7444ms
Frame 574 end
Average processing time of GrabImageRGBD(): 14.7402ms
Frame 575 end
Average processing time of GrabImageRGBD(): 14.7723ms
Frame 576 end
Average processing time of GrabImageRGBD(): 14.7672ms
Frame 577 end
Average processing time of GrabImageRGBD(): 14.7616ms
Frame 578 end
Average processing time of GrabImageRGBD(): 14.7575ms
Frame 579 end
Average processing time of GrabImageRGBD(): 14.7531ms
Frame 580 end
Average processing time of GrabImageRGBD(): 14.7501ms
Frame 581 end
Average processing time of GrabImageRGBD(): 14.748ms
Frame 582 end
Average processing time of GrabImageRGBD(): 14.7429ms
Frame 583 end
Average processing time of GrabImageRGBD(): 14.7378ms
Frame 584 end
Average processing time of GrabImageRGBD(): 14.7386ms
Frame 585 end
Average processing time of GrabImageRGBD(): 14.7328ms
Frame 586 end
Average processing time of GrabImageRGBD(): 14.7699ms
Frame 587 end
Average processing time of GrabImageRGBD(): 14.7723ms
Frame 588 end
Average processing time of GrabImageRGBD(): 14.7706ms
Frame 589 end
Average processing time of GrabImageRGBD(): 14.7695ms
Frame 590 end
Average processing time of GrabImageRGBD(): 14.7694ms
Frame 591 end
Average processing time of GrabImageRGBD(): 14.7716ms
Frame 592 end
Average processing time of GrabImageRGBD(): 14.7732ms
Frame 593 end
Average processing time of GrabImageRGBD(): 14.7696ms
Frame 594 end
Average processing time of GrabImageRGBD(): 14.772ms
Frame 595 end
Average processing time of GrabImageRGBD(): 14.7743ms
Frame 596 end
Average processing time of GrabImageRGBD(): 14.7753ms
Frame 597 end
Average processing time of GrabImageRGBD(): 14.8126ms
Frame 598 end
Average processing time of GrabImageRGBD(): 14.8136ms
Frame 599 end
Average processing time of GrabImageRGBD(): 14.8145ms
Frame 600 end
Average processing time of GrabImageRGBD(): 14.8161ms
Frame 601 end
Average processing time of GrabImageRGBD(): 14.8115ms
Frame 602 end
Average processing time of GrabImageRGBD(): 14.8107ms
Frame 603 end
Average processing time of GrabImageRGBD(): 14.8131ms
Frame 604 end
Average processing time of GrabImageRGBD(): 14.8077ms
Frame 605 end
Average processing time of GrabImageRGBD(): 14.844ms
Frame 606 end
Average processing time of GrabImageRGBD(): 14.846ms
Frame 607 end
Average processing time of GrabImageRGBD(): 14.8385ms
Frame 608 end
Average processing time of GrabImageRGBD(): 14.8344ms
Frame 609 end
Average processing time of GrabImageRGBD(): 14.8297ms
Frame 610 end
Average processing time of GrabImageRGBD(): 14.8287ms
Frame 611 end
Average processing time of GrabImageRGBD(): 14.8619ms
Frame 612 end
Average processing time of GrabImageRGBD(): 14.859ms
Frame 613 end
Average processing time of GrabImageRGBD(): 14.859ms
Frame 614 end
Average processing time of GrabImageRGBD(): 14.8595ms
Frame 615 end
Average processing time of GrabImageRGBD(): 14.8536ms
Frame 616 end
Average processing time of GrabImageRGBD(): 14.849ms
Frame 617 end
Average processing time of GrabImageRGBD(): 14.8791ms
Frame 618 end
Average processing time of GrabImageRGBD(): 14.8762ms
Frame 619 end
Average processing time of GrabImageRGBD(): 14.8656ms
Frame 620 end
Average processing time of GrabImageRGBD(): 14.8533ms
Frame 621 end
Average processing time of GrabImageRGBD(): 14.8413ms
Frame 622 end
Average processing time of GrabImageRGBD(): 14.8336ms
Frame 623 end
Average processing time of GrabImageRGBD(): 14.8586ms
Frame 624 end
Average processing time of GrabImageRGBD(): 14.8486ms
Frame 625 end
Average processing time of GrabImageRGBD(): 14.8411ms
Frame 626 end
Average processing time of GrabImageRGBD(): 14.8315ms
Frame 627 end
Average processing time of GrabImageRGBD(): 14.8218ms
Frame 628 end
Average processing time of GrabImageRGBD(): 14.8092ms
Frame 629 end
Average processing time of GrabImageRGBD(): 14.8034ms
Frame 630 end
Average processing time of GrabImageRGBD(): 14.7969ms
Frame 631 end
Average processing time of GrabImageRGBD(): 14.8219ms
Frame 632 end
Average processing time of GrabImageRGBD(): 14.8148ms
Frame 633 end
Average processing time of GrabImageRGBD(): 14.8052ms
Frame 634 end
Average processing time of GrabImageRGBD(): 14.7977ms
Frame 635 end
Average processing time of GrabImageRGBD(): 14.7877ms
Frame 636 end
Average processing time of GrabImageRGBD(): 14.7777ms
Frame 637 end
Average processing time of GrabImageRGBD(): 14.77ms
Frame 638 end
Average processing time of GrabImageRGBD(): 14.7635ms
Frame 639 end
Average processing time of GrabImageRGBD(): 14.7578ms
Frame 640 end
Average processing time of GrabImageRGBD(): 14.7536ms
Frame 641 end
Average processing time of GrabImageRGBD(): 14.7774ms
Frame 642 end
Average processing time of GrabImageRGBD(): 14.7697ms
Frame 643 end
Average processing time of GrabImageRGBD(): 14.7621ms
Frame 644 end
Average processing time of GrabImageRGBD(): 14.7548ms
Frame 645 end
Average processing time of GrabImageRGBD(): 14.7484ms
Frame 646 end
Average processing time of GrabImageRGBD(): 14.7412ms
Frame 647 end
Average processing time of GrabImageRGBD(): 14.7359ms
Frame 648 end
Average processing time of GrabImageRGBD(): 14.7294ms
Frame 649 end
Average processing time of GrabImageRGBD(): 14.7239ms
Frame 650 end
Average processing time of GrabImageRGBD(): 14.7479ms
Frame 651 end
Average processing time of GrabImageRGBD(): 14.7416ms
Frame 652 end
Average processing time of GrabImageRGBD(): 14.7348ms
Frame 653 end
Average processing time of GrabImageRGBD(): 14.7277ms
Frame 654 end
Average processing time of GrabImageRGBD(): 14.7211ms
Frame 655 end
Average processing time of GrabImageRGBD(): 14.7145ms
Frame 656 end
Average processing time of GrabImageRGBD(): 14.7053ms
Frame 657 end
Average processing time of GrabImageRGBD(): 14.6923ms
Frame 658 end
Average processing time of GrabImageRGBD(): 14.6852ms
Frame 659 end
Average processing time of GrabImageRGBD(): 14.6813ms
Frame 660 end
Average processing time of GrabImageRGBD(): 14.7075ms
Frame 661 end
Average processing time of GrabImageRGBD(): 14.7027ms
Frame 662 end
Average processing time of GrabImageRGBD(): 14.6954ms
Frame 663 end
Average processing time of GrabImageRGBD(): 14.6884ms
Frame 664 end
Average processing time of GrabImageRGBD(): 14.6773ms
Frame 665 end
Average processing time of GrabImageRGBD(): 14.6699ms
Frame 666 end
Average processing time of GrabImageRGBD(): 14.6632ms
Frame 667 end
Average processing time of GrabImageRGBD(): 14.6569ms
Frame 668 end
Average processing time of GrabImageRGBD(): 14.6501ms
Frame 669 end
Average processing time of GrabImageRGBD(): 14.6428ms
Frame 670 end
Average processing time of GrabImageRGBD(): 14.6662ms
Frame 671 end
Average processing time of GrabImageRGBD(): 14.6609ms
Frame 672 end
Average processing time of GrabImageRGBD(): 14.654ms
Frame 673 end
Average processing time of GrabImageRGBD(): 14.6485ms
Frame 674 end
Average processing time of GrabImageRGBD(): 14.6423ms
Frame 675 end
Average processing time of GrabImageRGBD(): 14.6343ms
Frame 676 end
Average processing time of GrabImageRGBD(): 14.6219ms
Frame 677 end
Average processing time of GrabImageRGBD(): 14.6162ms
Frame 678 end
Average processing time of GrabImageRGBD(): 14.6096ms
Frame 679 end
Average processing time of GrabImageRGBD(): 14.6023ms
Frame 680 end
Average processing time of GrabImageRGBD(): 14.5878ms
Frame 681 end
Average processing time of GrabImageRGBD(): 14.6128ms
Frame 682 end
Average processing time of GrabImageRGBD(): 14.6064ms
Frame 683 end
Average processing time of GrabImageRGBD(): 14.6016ms
Frame 684 end
Average processing time of GrabImageRGBD(): 14.5958ms
Frame 685 end
Average processing time of GrabImageRGBD(): 14.5892ms
Frame 686 end
Average processing time of GrabImageRGBD(): 14.6146ms
Frame 687 end
Average processing time of GrabImageRGBD(): 14.6102ms
Frame 688 end
Average processing time of GrabImageRGBD(): 14.6039ms
Frame 689 end
Average processing time of GrabImageRGBD(): 14.5975ms
Frame 690 end
Average processing time of GrabImageRGBD(): 14.5912ms
Frame 691 end
Average processing time of GrabImageRGBD(): 14.585ms
Frame 692 end
Average processing time of GrabImageRGBD(): 14.5793ms
Frame 693 end
Average processing time of GrabImageRGBD(): 14.5735ms
Frame 694 end
Average processing time of GrabImageRGBD(): 14.5668ms
Frame 695 end
Average processing time of GrabImageRGBD(): 14.5596ms
Frame 696 end
Average processing time of GrabImageRGBD(): 14.5544ms
Frame 697 end
Average processing time of GrabImageRGBD(): 14.5424ms
Frame 698 end
Average processing time of GrabImageRGBD(): 14.5686ms
Frame 699 end
Average processing time of GrabImageRGBD(): 14.564ms
Frame 700 end
Average processing time of GrabImageRGBD(): 14.5572ms
Frame 701 end
Average processing time of GrabImageRGBD(): 14.5493ms
Frame 702 end
Average processing time of GrabImageRGBD(): 14.5428ms
Frame 703 end
Average processing time of GrabImageRGBD(): 14.5369ms
Frame 704 end
Average processing time of GrabImageRGBD(): 14.5761ms
Frame 705 end
Average processing time of GrabImageRGBD(): 14.5737ms
Frame 706 end
Average processing time of GrabImageRGBD(): 14.5694ms
Frame 707 end
Average processing time of GrabImageRGBD(): 14.5636ms
Frame 708 end
Average processing time of GrabImageRGBD(): 14.5578ms
Frame 709 end
Average processing time of GrabImageRGBD(): 14.5526ms
Frame 710 end
Average processing time of GrabImageRGBD(): 14.5801ms
Frame 711 end
Average processing time of GrabImageRGBD(): 14.5751ms
Frame 712 end
Average processing time of GrabImageRGBD(): 14.5689ms
Frame 713 end
Average processing time of GrabImageRGBD(): 14.5645ms
Frame 714 end
Average processing time of GrabImageRGBD(): 14.5543ms
Frame 715 end
Average processing time of GrabImageRGBD(): 14.5834ms
Frame 716 end
Average processing time of GrabImageRGBD(): 14.5797ms
Frame 717 end
Average processing time of GrabImageRGBD(): 14.5714ms
Frame 718 end
Average processing time of GrabImageRGBD(): 14.5989ms
Frame 719 end
Average processing time of GrabImageRGBD(): 14.5945ms
Frame 720 end
Average processing time of GrabImageRGBD(): 14.62ms
Frame 721 end
Average processing time of GrabImageRGBD(): 14.6175ms
Frame 722 end
Average processing time of GrabImageRGBD(): 14.6132ms
Frame 723 end
Average processing time of GrabImageRGBD(): 14.6071ms
Frame 724 end
Average processing time of GrabImageRGBD(): 14.5935ms
Frame 725 end
Average processing time of GrabImageRGBD(): 14.5887ms
Frame 726 end
Average processing time of GrabImageRGBD(): 14.5812ms
Frame 727 end
Average processing time of GrabImageRGBD(): 14.5729ms
Frame 728 end
Average processing time of GrabImageRGBD(): 14.5652ms
Frame 729 end
Average processing time of GrabImageRGBD(): 14.5591ms
Frame 730 end
Average processing time of GrabImageRGBD(): 14.5849ms
Frame 731 end
Average processing time of GrabImageRGBD(): 14.5773ms
Frame 732 end
Average processing time of GrabImageRGBD(): 14.5698ms
Frame 733 end
Average processing time of GrabImageRGBD(): 14.5639ms
Frame 734 end
Average processing time of GrabImageRGBD(): 14.5576ms
Frame 735 end
Average processing time of GrabImageRGBD(): 14.5507ms
Frame 736 end
Average processing time of GrabImageRGBD(): 14.5444ms
Frame 737 end
Average processing time of GrabImageRGBD(): 14.5725ms
Frame 738 end
Average processing time of GrabImageRGBD(): 14.5673ms
Frame 739 end
Average processing time of GrabImageRGBD(): 14.5609ms
Frame 740 end
Average processing time of GrabImageRGBD(): 14.5544ms
Frame 741 end
Average processing time of GrabImageRGBD(): 14.5496ms
Frame 742 end
Average processing time of GrabImageRGBD(): 14.5436ms
Frame 743 end
Average processing time of GrabImageRGBD(): 14.5363ms
Frame 744 end
Average processing time of GrabImageRGBD(): 14.5289ms
Frame 745 end
Average processing time of GrabImageRGBD(): 14.5568ms
Frame 746 end
Average processing time of GrabImageRGBD(): 14.5527ms
Frame 747 end
Average processing time of GrabImageRGBD(): 14.5444ms
Frame 748 end
Average processing time of GrabImageRGBD(): 14.5387ms
Frame 749 end
Average processing time of GrabImageRGBD(): 14.5334ms
Frame 750 end
Average processing time of GrabImageRGBD(): 14.5233ms
Frame 751 end
Average processing time of GrabImageRGBD(): 14.5165ms
Frame 752 end
Average processing time of GrabImageRGBD(): 14.5073ms
Frame 753 end
Average processing time of GrabImageRGBD(): 14.499ms
Frame 754 end
Average processing time of GrabImageRGBD(): 14.4911ms
Frame 755 end
Average processing time of GrabImageRGBD(): 14.5317ms
Frame 756 end
Average processing time of GrabImageRGBD(): 14.5274ms
Frame 757 end
Average processing time of GrabImageRGBD(): 14.5232ms
Frame 758 end
Average processing time of GrabImageRGBD(): 14.5186ms
Frame 759 end
Average processing time of GrabImageRGBD(): 14.5156ms
Frame 760 end
Average processing time of GrabImageRGBD(): 14.5082ms
Frame 761 end
Average processing time of GrabImageRGBD(): 14.504ms
Frame 762 end
Average processing time of GrabImageRGBD(): 14.4991ms
Frame 763 end
Average processing time of GrabImageRGBD(): 14.4947ms
Frame 764 end
Average processing time of GrabImageRGBD(): 14.5216ms
Frame 765 end
Average processing time of GrabImageRGBD(): 14.5158ms
Frame 766 end
Average processing time of GrabImageRGBD(): 14.5064ms
Frame 767 end
Average processing time of GrabImageRGBD(): 14.5002ms
Frame 768 end
Average processing time of GrabImageRGBD(): 14.4907ms
Frame 769 end
Average processing time of GrabImageRGBD(): 14.4849ms
Frame 770 end
Average processing time of GrabImageRGBD(): 14.4812ms
Frame 771 end
Average processing time of GrabImageRGBD(): 14.475ms
Frame 772 end
Average processing time of GrabImageRGBD(): 14.4705ms
Frame 773 end
Average processing time of GrabImageRGBD(): 14.4659ms
Frame 774 end
Average processing time of GrabImageRGBD(): 14.4926ms
Frame 775 end
Average processing time of GrabImageRGBD(): 14.4896ms
Frame 776 end
Average processing time of GrabImageRGBD(): 14.4846ms
Frame 777 end
Average processing time of GrabImageRGBD(): 14.476ms
Frame 778 end
Average processing time of GrabImageRGBD(): 14.4675ms
Frame 779 end
Average processing time of GrabImageRGBD(): 14.4642ms
Frame 780 end
Average processing time of GrabImageRGBD(): 14.4591ms
Frame 781 end
Average processing time of GrabImageRGBD(): 14.4868ms
Frame 782 end
Average processing time of GrabImageRGBD(): 14.4835ms
Frame 783 end
Average processing time of GrabImageRGBD(): 14.4789ms
Frame 784 end
Average processing time of GrabImageRGBD(): 14.4745ms
Frame 785 end
Average processing time of GrabImageRGBD(): 14.469ms
Frame 786 end
Average processing time of GrabImageRGBD(): 14.4639ms
Frame 787 end
Average processing time of GrabImageRGBD(): 14.4572ms
Frame 788 end
Average processing time of GrabImageRGBD(): 14.4516ms
Frame 789 end
Average processing time of GrabImageRGBD(): 14.448ms
Frame 790 end
Average processing time of GrabImageRGBD(): 14.4413ms
Frame 791 end
Average processing time of GrabImageRGBD(): 14.4799ms
Frame 792 end
Average processing time of GrabImageRGBD(): 14.4773ms
Frame 793 end
Average processing time of GrabImageRGBD(): 14.4723ms
Frame 794 end
Average processing time of GrabImageRGBD(): 14.467ms
Frame 795 end
Average processing time of GrabImageRGBD(): 14.4611ms
Frame 796 end
Average processing time of GrabImageRGBD(): 14.4578ms
Frame 797 end
Average processing time of GrabImageRGBD(): 14.4474ms
Frame 798 end
Average processing time of GrabImageRGBD(): 14.4413ms
Frame 799 end
Average processing time of GrabImageRGBD(): 14.4353ms
Frame 800 end
Average processing time of GrabImageRGBD(): 14.4299ms
Frame 801 end
Average processing time of GrabImageRGBD(): 14.4237ms
Frame 802 end
Average processing time of GrabImageRGBD(): 14.4484ms
Frame 803 end
Average processing time of GrabImageRGBD(): 14.444ms
Frame 804 end
Average processing time of GrabImageRGBD(): 14.441ms
Frame 805 end
Average processing time of GrabImageRGBD(): 14.4338ms
Frame 806 end
Average processing time of GrabImageRGBD(): 14.431ms
Frame 807 end
Average processing time of GrabImageRGBD(): 14.4286ms
Frame 808 end
Average processing time of GrabImageRGBD(): 14.4296ms
Frame 809 end
Average processing time of GrabImageRGBD(): 14.4257ms
Frame 810 end
Average processing time of GrabImageRGBD(): 14.4277ms
Frame 811 end
Average processing time of GrabImageRGBD(): 14.4651ms
Frame 812 end
Average processing time of GrabImageRGBD(): 14.4659ms
Frame 813 end
Average processing time of GrabImageRGBD(): 14.4629ms
Frame 814 end
Average processing time of GrabImageRGBD(): 14.456ms
Frame 815 end
Average processing time of GrabImageRGBD(): 14.4508ms
Frame 816 end
Average processing time of GrabImageRGBD(): 14.4403ms
Frame 817 end
Average processing time of GrabImageRGBD(): 14.4599ms
Frame 818 end
Average processing time of GrabImageRGBD(): 14.4783ms
Frame 819 end
Average processing time of GrabImageRGBD(): 14.469ms
Frame 820 end
Average processing time of GrabImageRGBD(): 14.4574ms
Frame 821 end
Average processing time of GrabImageRGBD(): 14.4437ms
Frame 822 end
Average processing time of GrabImageRGBD(): 14.4319ms
Frame 823 end
Average processing time of GrabImageRGBD(): 14.4476ms
Frame 824 end
Average processing time of GrabImageRGBD(): 14.4392ms
Frame 825 end
Average processing time of GrabImageRGBD(): 14.4281ms
Frame 826 end
Average processing time of GrabImageRGBD(): 14.417ms
Frame 827 end
Average processing time of GrabImageRGBD(): 14.4144ms
Frame 828 end
Average processing time of GrabImageRGBD(): 14.4106ms
Frame 829 end
Average processing time of GrabImageRGBD(): 14.4042ms
Frame 830 end
Average processing time of GrabImageRGBD(): 14.4008ms
Frame 831 end
Average processing time of GrabImageRGBD(): 14.3912ms
Frame 832 end
Average processing time of GrabImageRGBD(): 14.3833ms
Frame 833 end
Average processing time of GrabImageRGBD(): 14.3746ms
Frame 834 end
Average processing time of GrabImageRGBD(): 14.3946ms
Frame 835 end
Average processing time of GrabImageRGBD(): 14.39ms
Frame 836 end
Average processing time of GrabImageRGBD(): 14.3819ms
Frame 837 end
Average processing time of GrabImageRGBD(): 14.3757ms
Frame 838 end
Average processing time of GrabImageRGBD(): 14.3674ms
Frame 839 end
Average processing time of GrabImageRGBD(): 14.3913ms
Frame 840 end
Average processing time of GrabImageRGBD(): 14.4168ms
Frame 841 end
Average processing time of GrabImageRGBD(): 14.4089ms
Frame 842 end
Average processing time of GrabImageRGBD(): 14.3961ms
Frame 843 end
Average processing time of GrabImageRGBD(): 14.4103ms
Frame 844 end
Average processing time of GrabImageRGBD(): 14.4013ms
Frame 845 end
Average processing time of GrabImageRGBD(): 14.3871ms
Frame 846 end
Average processing time of GrabImageRGBD(): 14.3758ms
Frame 847 end
Average processing time of GrabImageRGBD(): 14.3645ms
Frame 848 end
Average processing time of GrabImageRGBD(): 14.3515ms
Frame 849 end
Average processing time of GrabImageRGBD(): 14.366ms
Frame 850 end
Average processing time of GrabImageRGBD(): 14.3558ms
Frame 851 end
Average processing time of GrabImageRGBD(): 14.3448ms
Frame 852 end
Average processing time of GrabImageRGBD(): 14.3317ms
Frame 853 end
Average processing time of GrabImageRGBD(): 14.3202ms
Frame 854 end
Average processing time of GrabImageRGBD(): 14.3075ms
Frame 855 end
Average processing time of GrabImageRGBD(): 14.2961ms
Frame 856 end
Average processing time of GrabImageRGBD(): 14.2825ms
Frame 857 end
Average processing time of GrabImageRGBD(): 14.2992ms
Frame 858 end
Average processing time of GrabImageRGBD(): 14.2876ms
Frame 859 end
Average processing time of GrabImageRGBD(): 14.2772ms
Frame 860 end
Average processing time of GrabImageRGBD(): 14.2651ms
Frame 861 end
Average processing time of GrabImageRGBD(): 14.2522ms
Frame 862 end
Average processing time of GrabImageRGBD(): 14.2405ms
Frame 863 end
Average processing time of GrabImageRGBD(): 14.2303ms
Frame 864 end
Average processing time of GrabImageRGBD(): 14.2181ms
Frame 865 end
Average processing time of GrabImageRGBD(): 14.2067ms
Frame 866 end
Average processing time of GrabImageRGBD(): 14.1935ms
Frame 867 end
Average processing time of GrabImageRGBD(): 14.1822ms
Frame 868 end
Average processing time of GrabImageRGBD(): 14.1974ms
Frame 869 end
Average processing time of GrabImageRGBD(): 14.19ms
Frame 870 end
Average processing time of GrabImageRGBD(): 14.182ms
Frame 871 end
Average processing time of GrabImageRGBD(): 14.1741ms
Frame 872 end
Average processing time of GrabImageRGBD(): 14.1614ms
Frame 873 end
Average processing time of GrabImageRGBD(): 14.1484ms
Frame 874 end
Average processing time of GrabImageRGBD(): 14.1359ms
Frame 875 end
Average processing time of GrabImageRGBD(): 14.1278ms
Frame 876 end
Average processing time of GrabImageRGBD(): 14.1197ms
Frame 877 end
Average processing time of GrabImageRGBD(): 14.1092ms
Frame 878 end
Average processing time of GrabImageRGBD(): 14.0984ms
Frame 879 end
Average processing time of GrabImageRGBD(): 14.1184ms
Frame 880 end
Average processing time of GrabImageRGBD(): 14.1121ms
Frame 881 end
Average processing time of GrabImageRGBD(): 14.1062ms
Frame 882 end
Average processing time of GrabImageRGBD(): 14.0953ms
Frame 883 end
Average processing time of GrabImageRGBD(): 14.0865ms
Frame 884 end
Average processing time of GrabImageRGBD(): 14.0796ms
Frame 885 end
Average processing time of GrabImageRGBD(): 14.0747ms
Frame 886 end
Average processing time of GrabImageRGBD(): 14.0693ms
Frame 887 end
Average processing time of GrabImageRGBD(): 14.0622ms
Frame 888 end
Average processing time of GrabImageRGBD(): 14.0548ms
Frame 889 end
Average processing time of GrabImageRGBD(): 14.0427ms
Frame 890 end
Average processing time of GrabImageRGBD(): 14.0649ms
Frame 891 end
Average processing time of GrabImageRGBD(): 14.0595ms
Frame 892 end
Average processing time of GrabImageRGBD(): 14.0545ms
Frame 893 end
Average processing time of GrabImageRGBD(): 14.0506ms
Frame 894 end
Average processing time of GrabImageRGBD(): 14.0457ms
Frame 895 end
Average processing time of GrabImageRGBD(): 14.0382ms
Frame 896 end
Average processing time of GrabImageRGBD(): 14.0322ms
Frame 897 end
Average processing time of GrabImageRGBD(): 14.0274ms
Frame 898 end
Average processing time of GrabImageRGBD(): 14.0199ms
Frame 899 end
Average processing time of GrabImageRGBD(): 14.0416ms
Frame 900 end
Average processing time of GrabImageRGBD(): 14.0369ms
Frame 901 end
Average processing time of GrabImageRGBD(): 14.0329ms
Frame 902 end
Average processing time of GrabImageRGBD(): 14.0289ms
Frame 903 end
Average processing time of GrabImageRGBD(): 14.0258ms
Frame 904 end
Average processing time of GrabImageRGBD(): 14.0186ms
Frame 905 end
Average processing time of GrabImageRGBD(): 14.0149ms
Frame 906 end
Average processing time of GrabImageRGBD(): 14.0122ms
Frame 907 end
Average processing time of GrabImageRGBD(): 14.0097ms
Frame 908 end
Average processing time of GrabImageRGBD(): 14.006ms
Frame 909 end
Average processing time of GrabImageRGBD(): 13.9993ms
Frame 910 end
Average processing time of GrabImageRGBD(): 14.0233ms
Frame 911 end
Average processing time of GrabImageRGBD(): 14.0203ms
Frame 912 end
Average processing time of GrabImageRGBD(): 14.0155ms
Frame 913 end
Average processing time of GrabImageRGBD(): 14.0111ms
Frame 914 end
Average processing time of GrabImageRGBD(): 14.008ms
Frame 915 end
Average processing time of GrabImageRGBD(): 14.0012ms
Frame 916 end
Average processing time of GrabImageRGBD(): 13.998ms
Frame 917 end
Average processing time of GrabImageRGBD(): 13.9945ms
Frame 918 end
Average processing time of GrabImageRGBD(): 13.9904ms
Frame 919 end
Average processing time of GrabImageRGBD(): 13.9867ms
Frame 920 end
Average processing time of GrabImageRGBD(): 13.9831ms
Frame 921 end
Average processing time of GrabImageRGBD(): 13.9777ms
Frame 922 end
Average processing time of GrabImageRGBD(): 14.0016ms
Frame 923 end
Average processing time of GrabImageRGBD(): 14.0013ms
Frame 924 end
Average processing time of GrabImageRGBD(): 13.9958ms
Frame 925 end
Average processing time of GrabImageRGBD(): 13.9934ms
Frame 926 end
Average processing time of GrabImageRGBD(): 13.9866ms
Frame 927 end
Average processing time of GrabImageRGBD(): 13.9797ms
Frame 928 end
Average processing time of GrabImageRGBD(): 13.9766ms
Frame 929 end
Average processing time of GrabImageRGBD(): 13.9741ms
Frame 930 end
Average processing time of GrabImageRGBD(): 13.9687ms
Frame 931 end
Average processing time of GrabImageRGBD(): 13.9674ms
Frame 932 end
Average processing time of GrabImageRGBD(): 13.9669ms
Frame 933 end
Average processing time of GrabImageRGBD(): 13.9684ms
Frame 934 end
Average processing time of GrabImageRGBD(): 13.9677ms
Frame 935 end
Average processing time of GrabImageRGBD(): 13.9661ms
Frame 936 end
Average processing time of GrabImageRGBD(): 13.9892ms
Frame 937 end
Average processing time of GrabImageRGBD(): 13.9896ms
Frame 938 end
Average processing time of GrabImageRGBD(): 13.9849ms
Frame 939 end
Average processing time of GrabImageRGBD(): 14.0057ms
Frame 940 end
Average processing time of GrabImageRGBD(): 14.0027ms
Frame 941 end
Average processing time of GrabImageRGBD(): 13.9966ms
Frame 942 end
Average processing time of GrabImageRGBD(): 13.9946ms
Frame 943 end
Average processing time of GrabImageRGBD(): 13.9894ms
Frame 944 end
Average processing time of GrabImageRGBD(): 13.9826ms
Frame 945 end
Average processing time of GrabImageRGBD(): 13.9792ms
Frame 946 end
Average processing time of GrabImageRGBD(): 13.976ms
Frame 947 end
Average processing time of GrabImageRGBD(): 13.9751ms
Frame 948 end
Average processing time of GrabImageRGBD(): 13.9693ms
Frame 949 end
Average processing time of GrabImageRGBD(): 13.9651ms
Frame 950 end
Average processing time of GrabImageRGBD(): 13.9597ms
Frame 951 end
Average processing time of GrabImageRGBD(): 13.9564ms
Frame 952 end
Average processing time of GrabImageRGBD(): 13.9776ms
Frame 953 end
Average processing time of GrabImageRGBD(): 14.0006ms
Frame 954 end
Average processing time of GrabImageRGBD(): 13.9978ms
Frame 955 end
Average processing time of GrabImageRGBD(): 14.0152ms
Frame 956 end
Average processing time of GrabImageRGBD(): 14.0135ms
Frame 957 end
Average processing time of GrabImageRGBD(): 14.0103ms
Frame 958 end
Average processing time of GrabImageRGBD(): 14.0355ms
Frame 959 end
Average processing time of GrabImageRGBD(): 14.0588ms
Frame 960 end
Average processing time of GrabImageRGBD(): 14.0807ms
Frame 961 end
Average processing time of GrabImageRGBD(): 14.1025ms
Frame 962 end
Average processing time of GrabImageRGBD(): 14.1258ms
Frame 963 end
Average processing time of GrabImageRGBD(): 14.1487ms
Frame 964 end
Average processing time of GrabImageRGBD(): 14.1712ms
Frame 965 end
Average processing time of GrabImageRGBD(): 14.194ms
Frame 966 end
Average processing time of GrabImageRGBD(): 14.2168ms
Frame 967 end
Average processing time of GrabImageRGBD(): 14.2144ms
Frame 968 end
Average processing time of GrabImageRGBD(): 14.2086ms
Frame 969 end
Average processing time of GrabImageRGBD(): 14.2044ms
Frame 970 end
Average processing time of GrabImageRGBD(): 14.2006ms
Frame 971 end
Average processing time of GrabImageRGBD(): 14.1977ms
Frame 972 end
Average processing time of GrabImageRGBD(): 14.1942ms
Frame 973 end
Average processing time of GrabImageRGBD(): 14.19ms
Frame 974 end
Average processing time of GrabImageRGBD(): 14.1855ms
Frame 975 end
Average processing time of GrabImageRGBD(): 14.1797ms
Frame 976 end
Average processing time of GrabImageRGBD(): 14.1744ms
Frame 977 end
Average processing time of GrabImageRGBD(): 14.1686ms
Frame 978 end
Average processing time of GrabImageRGBD(): 14.1642ms
Frame 979 end
Average processing time of GrabImageRGBD(): 14.1598ms
Frame 980 end
Average processing time of GrabImageRGBD(): 14.1555ms
Frame 981 end
Average processing time of GrabImageRGBD(): 14.1517ms
Frame 982 end
Average processing time of GrabImageRGBD(): 14.147ms
Frame 983 end
Average processing time of GrabImageRGBD(): 14.1425ms
Frame 984 end
Average processing time of GrabImageRGBD(): 14.1356ms
Frame 985 end
Average processing time of GrabImageRGBD(): 14.1319ms
Frame 986 end
Average processing time of GrabImageRGBD(): 14.128ms
Frame 987 end
Average processing time of GrabImageRGBD(): 14.1205ms
Frame 988 end
Average processing time of GrabImageRGBD(): 14.1403ms
Frame 989 end
Average processing time of GrabImageRGBD(): 14.1382ms
Frame 990 end
Average processing time of GrabImageRGBD(): 14.135ms
Frame 991 end
Average processing time of GrabImageRGBD(): 14.1308ms
Frame 992 end
Average processing time of GrabImageRGBD(): 14.1264ms
Frame 993 end
Average processing time of GrabImageRGBD(): 14.1246ms
Frame 994 end
Average processing time of GrabImageRGBD(): 14.1183ms
Frame 995 end
Average processing time of GrabImageRGBD(): 14.115ms
Frame 996 end
Average processing time of GrabImageRGBD(): 14.1115ms
Frame 997 end
Average processing time of GrabImageRGBD(): 14.108ms
Frame 998 end
Average processing time of GrabImageRGBD(): 14.1046ms
Frame 999 end
Average processing time of GrabImageRGBD(): 14.1008ms
Frame 1000 end
Average processing time of GrabImageRGBD(): 14.0967ms
Frame 1001 end
Average processing time of GrabImageRGBD(): 14.0933ms
Frame 1002 end
Average processing time of GrabImageRGBD(): 14.0888ms
Frame 1003 end
Average processing time of GrabImageRGBD(): 14.0842ms
Frame 1004 end
Average processing time of GrabImageRGBD(): 14.0799ms
Frame 1005 end
Average processing time of GrabImageRGBD(): 14.0783ms
Frame 1006 end
Average processing time of GrabImageRGBD(): 14.0756ms
Frame 1007 end
Average processing time of GrabImageRGBD(): 14.0946ms
Frame 1008 end
Average processing time of GrabImageRGBD(): 14.0917ms
Frame 1009 end
Average processing time of GrabImageRGBD(): 14.0875ms
Frame 1010 end
Average processing time of GrabImageRGBD(): 14.0842ms
Frame 1011 end
Average processing time of GrabImageRGBD(): 14.0804ms
Frame 1012 end
Average processing time of GrabImageRGBD(): 14.0771ms
Frame 1013 end
Average processing time of GrabImageRGBD(): 14.0736ms
Frame 1014 end
Average processing time of GrabImageRGBD(): 14.0711ms
Frame 1015 end
Average processing time of GrabImageRGBD(): 14.0652ms
Frame 1016 end
Average processing time of GrabImageRGBD(): 14.0623ms
Frame 1017 end
Average processing time of GrabImageRGBD(): 14.0551ms
Frame 1018 end
Average processing time of GrabImageRGBD(): 14.0506ms
Frame 1019 end
Average processing time of GrabImageRGBD(): 14.0471ms
Frame 1020 end
Shutdown
-------

median tracking time: 0.0118026
mean tracking time: 0.0147993

Saving camera trajectory to CameraTrajectory.txt ...

Saving keyframe trajectory to KeyFrameTrajectory.txt ...
