
ORB-SLAM3 Copyright (C) 2017-2020 Carlos Campos, Richard Elvira, Juan J. Gómez, José M.M. Montiel and Juan D. Tardós, University of Zaragoza.
ORB-SLAM2 Copyright (C) 2014-2016 Raúl Mur-Artal, José M.M. Montiel and Juan D. Tardós, University of Zaragoza.
This program comes with ABSOLUTELY NO WARRANTY;
This is free software, and you are welcome to redistribute it
under certain conditions. See LICENSE.txt.

Input sensor was set to: RGB-D
Loading settings from /home/bingxin/Downloads/NGD-SLAM/Examples/RGB-D/Bonn.yaml
Camera1.k3 optional parameter does not exist...
	-Loaded camera 1
Camera.newHeight optional parameter does not exist...
Camera.newWidth optional parameter does not exist...
	-Loaded image info
	-Loaded RGB-D calibration
	-Loaded ORB settings
Viewer.imageViewScale optional parameter does not exist...
	-Loaded viewer settings
System.LoadAtlasFromFile optional parameter does not exist...
System.SaveAtlasToFile optional parameter does not exist...
	-Loaded Atlas settings
System.thFarPoints optional parameter does not exist...
	-Loaded misc parameters
----------------------------------
SLAM settings: 
	-Camera 1 parameters (Pinhole): [ 542.823 542.577 315.594 237.756 ]
	-Camera 1 distortion parameters: [  0.039903 -0.099343 -0.00073 -0.000144 ]
	-Original image size: [ 640 , 480 ]
	-Current image size: [ 640 , 480 ]
	-Sequence FPS: 30
	-RGB-D depth map factor: 5000
	-Features per image: 1000
	-ORB scale factor: 1.2
	-ORB number of scales: 8
	-Initial FAST threshold: 20
	-Min FAST threshold: 7


Loading ORB Vocabulary. This could take a while...
Vocabulary loaded!

Initialization of Atlas from scratch 
Creation of new map with id: 0
Creation of new map with last KF id: 0
Seq. Name: 
There are 1 cameras in the atlas
Camera 0 is pinhole
Net use yolo-fastest

-------
Start processing sequence ...
Images in the sequence: 847

First KF:0; Map init KF:0
New Map created with 788 points
Average processing time of GrabImageRGBD(): 46.4606ms
Frame 0 end
Average processing time of GrabImageRGBD(): 39.4978ms
Frame 1 end
Average processing time of GrabImageRGBD(): 37.1231ms
Frame 2 end
Average processing time of GrabImageRGBD(): 31.6616ms
Frame 3 end
Average processing time of GrabImageRGBD(): 27.9749ms
Frame 4 end
Starting the Viewer
Average processing time of GrabImageRGBD(): 25.6245ms
Frame 5 end
Average processing time of GrabImageRGBD(): 24.1159ms
Frame 6 end
Average processing time of GrabImageRGBD(): 22.7358ms
Frame 7 end
Average processing time of GrabImageRGBD(): 21.8116ms
Frame 8 end
Average processing time of GrabImageRGBD(): 21.0455ms
Frame 9 end
Average processing time of GrabImageRGBD(): 20.4153ms
Frame 10 end
Average processing time of GrabImageRGBD(): 19.8373ms
Frame 11 end
Average processing time of GrabImageRGBD(): 19.1102ms
Frame 12 end
Average processing time of GrabImageRGBD(): 18.7516ms
Frame 13 end
Average processing time of GrabImageRGBD(): 18.442ms
Frame 14 end
Average processing time of GrabImageRGBD(): 18.017ms
Frame 15 end
Average processing time of GrabImageRGBD(): 17.7651ms
Frame 16 end
Average processing time of GrabImageRGBD(): 17.5334ms
Frame 17 end
Average processing time of GrabImageRGBD(): 17.2377ms
Frame 18 end
Average processing time of GrabImageRGBD(): 17.0288ms
Frame 19 end
Average processing time of GrabImageRGBD(): 16.8232ms
Frame 20 end
Average processing time of GrabImageRGBD(): 16.6791ms
Frame 21 end
Average processing time of GrabImageRGBD(): 16.5788ms
Frame 22 end
Average processing time of GrabImageRGBD(): 16.4351ms
Frame 23 end
Average processing time of GrabImageRGBD(): 16.2405ms
Frame 24 end
Average processing time of GrabImageRGBD(): 16.1196ms
Frame 25 end
Average processing time of GrabImageRGBD(): 16.0177ms
Frame 26 end
Average processing time of GrabImageRGBD(): 15.8396ms
Frame 27 end
Average processing time of GrabImageRGBD(): 15.7605ms
Frame 28 end
Average processing time of GrabImageRGBD(): 15.6929ms
Frame 29 end
Average processing time of GrabImageRGBD(): 15.5011ms
Frame 30 end
Average processing time of GrabImageRGBD(): 15.2764ms
Frame 31 end
Average processing time of GrabImageRGBD(): 15.7809ms
Frame 32 end
Average processing time of GrabImageRGBD(): 15.6933ms
Frame 33 end
Average processing time of GrabImageRGBD(): 15.6264ms
Frame 34 end
Average processing time of GrabImageRGBD(): 15.5847ms
Frame 35 end
Average processing time of GrabImageRGBD(): 15.461ms
Frame 36 end
Average processing time of GrabImageRGBD(): 15.3861ms
Frame 37 end
Average processing time of GrabImageRGBD(): 15.329ms
Frame 38 end
Average processing time of GrabImageRGBD(): 15.2893ms
Frame 39 end
Average processing time of GrabImageRGBD(): 15.2377ms
Frame 40 end
Average processing time of GrabImageRGBD(): 15.1451ms
Frame 41 end
Average processing time of GrabImageRGBD(): 15.0882ms
Frame 42 end
Average processing time of GrabImageRGBD(): 15.053ms
Frame 43 end
Average processing time of GrabImageRGBD(): 15.034ms
Frame 44 end
Average processing time of GrabImageRGBD(): 14.9821ms
Frame 45 end
Average processing time of GrabImageRGBD(): 15.308ms
Frame 46 end
Average processing time of GrabImageRGBD(): 15.2563ms
Frame 47 end
Average processing time of GrabImageRGBD(): 15.1641ms
Frame 48 end
Average processing time of GrabImageRGBD(): 15.0847ms
Frame 49 end
Average processing time of GrabImageRGBD(): 15.0584ms
Frame 50 end
Average processing time of GrabImageRGBD(): 15.021ms
Frame 51 end
Average processing time of GrabImageRGBD(): 14.9699ms
Frame 52 end
Average processing time of GrabImageRGBD(): 14.9265ms
Frame 53 end
Average processing time of GrabImageRGBD(): 14.8987ms
Frame 54 end
Average processing time of GrabImageRGBD(): 14.8163ms
Frame 55 end
Average processing time of GrabImageRGBD(): 14.7744ms
Frame 56 end
Average processing time of GrabImageRGBD(): 14.6966ms
Frame 57 end
Average processing time of GrabImageRGBD(): 14.6531ms
Frame 58 end
Average processing time of GrabImageRGBD(): 14.617ms
Frame 59 end
Average processing time of GrabImageRGBD(): 14.5713ms
Frame 60 end
Average processing time of GrabImageRGBD(): 14.5493ms
Frame 61 end
Average processing time of GrabImageRGBD(): 14.5075ms
Frame 62 end
Average processing time of GrabImageRGBD(): 14.7237ms
Frame 63 end
Average processing time of GrabImageRGBD(): 14.696ms
Frame 64 end
Average processing time of GrabImageRGBD(): 14.6372ms
Frame 65 end
Average processing time of GrabImageRGBD(): 14.6001ms
Frame 66 end
Average processing time of GrabImageRGBD(): 14.5823ms
Frame 67 end
Average processing time of GrabImageRGBD(): 14.7733ms
Frame 68 end
Average processing time of GrabImageRGBD(): 14.7371ms
Frame 69 end
Average processing time of GrabImageRGBD(): 14.6723ms
Frame 70 end
Average processing time of GrabImageRGBD(): 14.6392ms
Frame 71 end
Average processing time of GrabImageRGBD(): 14.5834ms
Frame 72 end
Average processing time of GrabImageRGBD(): 14.8019ms
Frame 73 end
Average processing time of GrabImageRGBD(): 15.0093ms
Frame 74 end
Average processing time of GrabImageRGBD(): 14.9803ms
Frame 75 end
Average processing time of GrabImageRGBD(): 15.2226ms
Frame 76 end
Average processing time of GrabImageRGBD(): 15.1928ms
Frame 77 end
Average processing time of GrabImageRGBD(): 15.1726ms
Frame 78 end
Average processing time of GrabImageRGBD(): 15.134ms
Frame 79 end
Average processing time of GrabImageRGBD(): 15.1134ms
Frame 80 end
Average processing time of GrabImageRGBD(): 15.0755ms
Frame 81 end
Average processing time of GrabImageRGBD(): 15.0352ms
Frame 82 end
Average processing time of GrabImageRGBD(): 15.0084ms
Frame 83 end
Average processing time of GrabImageRGBD(): 14.9903ms
Frame 84 end
Average processing time of GrabImageRGBD(): 14.9538ms
Frame 85 end
Average processing time of GrabImageRGBD(): 14.9122ms
Frame 86 end
Average processing time of GrabImageRGBD(): 14.9035ms
Frame 87 end
Average processing time of GrabImageRGBD(): 14.8855ms
Frame 88 end
Average processing time of GrabImageRGBD(): 14.8497ms
Frame 89 end
Average processing time of GrabImageRGBD(): 14.8103ms
Frame 90 end
Average processing time of GrabImageRGBD(): 14.7929ms
Frame 91 end
Average processing time of GrabImageRGBD(): 14.7672ms
Frame 92 end
Average processing time of GrabImageRGBD(): 14.7299ms
Frame 93 end
Average processing time of GrabImageRGBD(): 14.6972ms
Frame 94 end
Average processing time of GrabImageRGBD(): 14.6726ms
Frame 95 end
Average processing time of GrabImageRGBD(): 14.6394ms
Frame 96 end
Average processing time of GrabImageRGBD(): 14.6123ms
Frame 97 end
Average processing time of GrabImageRGBD(): 14.7676ms
Frame 98 end
Average processing time of GrabImageRGBD(): 14.7313ms
Frame 99 end
Average processing time of GrabImageRGBD(): 14.8941ms
Frame 100 end
Average processing time of GrabImageRGBD(): 14.8713ms
Frame 101 end
Average processing time of GrabImageRGBD(): 15.0282ms
Frame 102 end
Average processing time of GrabImageRGBD(): 15.0138ms
Frame 103 end
Average processing time of GrabImageRGBD(): 14.989ms
Frame 104 end
Average processing time of GrabImageRGBD(): 14.9755ms
Frame 105 end
Average processing time of GrabImageRGBD(): 14.9169ms
Frame 106 end
Average processing time of GrabImageRGBD(): 14.8953ms
Frame 107 end
Average processing time of GrabImageRGBD(): 14.8599ms
Frame 108 end
Average processing time of GrabImageRGBD(): 14.8404ms
Frame 109 end
Average processing time of GrabImageRGBD(): 14.8268ms
Frame 110 end
Average processing time of GrabImageRGBD(): 14.8045ms
Frame 111 end
Average processing time of GrabImageRGBD(): 14.7722ms
Frame 112 end
Average processing time of GrabImageRGBD(): 14.7566ms
Frame 113 end
Average processing time of GrabImageRGBD(): 14.7553ms
Frame 114 end
Average processing time of GrabImageRGBD(): 14.7273ms
Frame 115 end
Average processing time of GrabImageRGBD(): 14.7064ms
Frame 116 end
Average processing time of GrabImageRGBD(): 14.8737ms
Frame 117 end
Average processing time of GrabImageRGBD(): 14.8934ms
Frame 118 end
Average processing time of GrabImageRGBD(): 14.8804ms
Frame 119 end
Average processing time of GrabImageRGBD(): 14.9071ms
Frame 120 end
Average processing time of GrabImageRGBD(): 14.9092ms
Frame 121 end
Average processing time of GrabImageRGBD(): 14.9095ms
Frame 122 end
Average processing time of GrabImageRGBD(): 14.905ms
Frame 123 end
Average processing time of GrabImageRGBD(): 14.8939ms
Frame 124 end
Average processing time of GrabImageRGBD(): 14.8914ms
Frame 125 end
Average processing time of GrabImageRGBD(): 14.8777ms
Frame 126 end
Average processing time of GrabImageRGBD(): 14.8721ms
Frame 127 end
Average processing time of GrabImageRGBD(): 14.8545ms
Frame 128 end
Average processing time of GrabImageRGBD(): 14.8388ms
Frame 129 end
Average processing time of GrabImageRGBD(): 14.9541ms
Frame 130 end
Average processing time of GrabImageRGBD(): 14.9482ms
Frame 131 end
Average processing time of GrabImageRGBD(): 15.0672ms
Frame 132 end
Average processing time of GrabImageRGBD(): 15.0849ms
Frame 133 end
Average processing time of GrabImageRGBD(): 15.2287ms
Frame 134 end
Average processing time of GrabImageRGBD(): 15.2448ms
Frame 135 end
Average processing time of GrabImageRGBD(): 15.3639ms
Frame 136 end
Average processing time of GrabImageRGBD(): 15.3793ms
Frame 137 end
Average processing time of GrabImageRGBD(): 15.4989ms
Frame 138 end
Average processing time of GrabImageRGBD(): 15.5043ms
Frame 139 end
Average processing time of GrabImageRGBD(): 15.5044ms
Frame 140 end
Average processing time of GrabImageRGBD(): 15.5217ms
Frame 141 end
Average processing time of GrabImageRGBD(): 15.636ms
Frame 142 end
Average processing time of GrabImageRGBD(): 15.6718ms
Frame 143 end
Average processing time of GrabImageRGBD(): 15.7929ms
Frame 144 end
Average processing time of GrabImageRGBD(): 15.7865ms
Frame 145 end
Average processing time of GrabImageRGBD(): 15.8904ms
Frame 146 end
Average processing time of GrabImageRGBD(): 15.8878ms
Frame 147 end
Average processing time of GrabImageRGBD(): 15.9973ms
Frame 148 end
Average processing time of GrabImageRGBD(): 16.0096ms
Frame 149 end
Average processing time of GrabImageRGBD(): 15.9918ms
Frame 150 end
Average processing time of GrabImageRGBD(): 15.9998ms
Frame 151 end
Average processing time of GrabImageRGBD(): 15.9899ms
Frame 152 end
Average processing time of GrabImageRGBD(): 15.9748ms
Frame 153 end
Average processing time of GrabImageRGBD(): 16.0986ms
Frame 154 end
Average processing time of GrabImageRGBD(): 16.0746ms
Frame 155 end
Average processing time of GrabImageRGBD(): 16.0727ms
Frame 156 end
Average processing time of GrabImageRGBD(): 16.0719ms
Frame 157 end
Average processing time of GrabImageRGBD(): 16.0616ms
Frame 158 end
Average processing time of GrabImageRGBD(): 16.0452ms
Frame 159 end
Average processing time of GrabImageRGBD(): 16.0242ms
Frame 160 end
Average processing time of GrabImageRGBD(): 15.9993ms
Frame 161 end
Average processing time of GrabImageRGBD(): 15.9866ms
Frame 162 end
Average processing time of GrabImageRGBD(): 16.077ms
Frame 163 end
Average processing time of GrabImageRGBD(): 16.0658ms
Frame 164 end
Average processing time of GrabImageRGBD(): 16.0547ms
Frame 165 end
Average processing time of GrabImageRGBD(): 16.0418ms
Frame 166 end
Average processing time of GrabImageRGBD(): 16.1287ms
Frame 167 end
Average processing time of GrabImageRGBD(): 16.1111ms
Frame 168 end
Average processing time of GrabImageRGBD(): 16.1046ms
Frame 169 end
Average processing time of GrabImageRGBD(): 16.2041ms
Frame 170 end
Average processing time of GrabImageRGBD(): 16.1975ms
Frame 171 end
Average processing time of GrabImageRGBD(): 16.1905ms
Frame 172 end
Average processing time of GrabImageRGBD(): 16.1633ms
Frame 173 end
Average processing time of GrabImageRGBD(): 16.1517ms
Frame 174 end
Average processing time of GrabImageRGBD(): 16.2533ms
Frame 175 end
Average processing time of GrabImageRGBD(): 16.237ms
Frame 176 end
Average processing time of GrabImageRGBD(): 16.2374ms
Frame 177 end
Average processing time of GrabImageRGBD(): 16.2263ms
Frame 178 end
Average processing time of GrabImageRGBD(): 16.2106ms
Frame 179 end
Average processing time of GrabImageRGBD(): 16.2206ms
Frame 180 end
Average processing time of GrabImageRGBD(): 16.3058ms
Frame 181 end
Average processing time of GrabImageRGBD(): 16.3095ms
Frame 182 end
Average processing time of GrabImageRGBD(): 16.2911ms
Frame 183 end
Average processing time of GrabImageRGBD(): 16.3789ms
Frame 184 end
Average processing time of GrabImageRGBD(): 16.3768ms
Frame 185 end
Average processing time of GrabImageRGBD(): 16.3625ms
Frame 186 end
Average processing time of GrabImageRGBD(): 16.4585ms
Frame 187 end
Average processing time of GrabImageRGBD(): 16.4554ms
Frame 188 end
Average processing time of GrabImageRGBD(): 16.4428ms
Frame 189 end
Average processing time of GrabImageRGBD(): 16.5379ms
Frame 190 end
Average processing time of GrabImageRGBD(): 16.5454ms
Frame 191 end
Average processing time of GrabImageRGBD(): 16.5471ms
Frame 192 end
Average processing time of GrabImageRGBD(): 16.6337ms
Frame 193 end
Average processing time of GrabImageRGBD(): 16.6354ms
Frame 194 end
Average processing time of GrabImageRGBD(): 16.6337ms
Frame 195 end
Average processing time of GrabImageRGBD(): 16.6256ms
Frame 196 end
Average processing time of GrabImageRGBD(): 16.5997ms
Frame 197 end
Average processing time of GrabImageRGBD(): 16.5873ms
Frame 198 end
Average processing time of GrabImageRGBD(): 16.6818ms
Frame 199 end
Average processing time of GrabImageRGBD(): 16.6642ms
Frame 200 end
Average processing time of GrabImageRGBD(): 16.6563ms
Frame 201 end
Average processing time of GrabImageRGBD(): 16.6411ms
Frame 202 end
Average processing time of GrabImageRGBD(): 16.6099ms
Frame 203 end
Average processing time of GrabImageRGBD(): 16.5858ms
Frame 204 end
Average processing time of GrabImageRGBD(): 16.564ms
Frame 205 end
Average processing time of GrabImageRGBD(): 16.5466ms
Frame 206 end
Average processing time of GrabImageRGBD(): 16.5334ms
Frame 207 end
Average processing time of GrabImageRGBD(): 16.5061ms
Frame 208 end
Average processing time of GrabImageRGBD(): 16.4789ms
Frame 209 end
Average processing time of GrabImageRGBD(): 16.4558ms
Frame 210 end
Average processing time of GrabImageRGBD(): 16.4277ms
Frame 211 end
Average processing time of GrabImageRGBD(): 16.4109ms
Frame 212 end
Average processing time of GrabImageRGBD(): 16.4844ms
Frame 213 end
Average processing time of GrabImageRGBD(): 16.4638ms
Frame 214 end
Average processing time of GrabImageRGBD(): 16.4478ms
Frame 215 end
Average processing time of GrabImageRGBD(): 16.4204ms
Frame 216 end
Average processing time of GrabImageRGBD(): 16.4978ms
Frame 217 end
Average processing time of GrabImageRGBD(): 16.4871ms
Frame 218 end
Average processing time of GrabImageRGBD(): 16.4769ms
Frame 219 end
Average processing time of GrabImageRGBD(): 16.467ms
Frame 220 end
Average processing time of GrabImageRGBD(): 16.4373ms
Frame 221 end
Average processing time of GrabImageRGBD(): 16.5071ms
Frame 222 end
Average processing time of GrabImageRGBD(): 16.4958ms
Frame 223 end
Average processing time of GrabImageRGBD(): 16.4726ms
Frame 224 end
Average processing time of GrabImageRGBD(): 16.4561ms
Frame 225 end
Average processing time of GrabImageRGBD(): 16.571ms
Frame 226 end
Average processing time of GrabImageRGBD(): 16.5549ms
Frame 227 end
Average processing time of GrabImageRGBD(): 16.5455ms
Frame 228 end
Average processing time of GrabImageRGBD(): 16.6109ms
Frame 229 end
Average processing time of GrabImageRGBD(): 16.5873ms
Frame 230 end
Average processing time of GrabImageRGBD(): 16.5666ms
Frame 231 end
Average processing time of GrabImageRGBD(): 16.635ms
Frame 232 end
Average processing time of GrabImageRGBD(): 16.6169ms
Frame 233 end
Average processing time of GrabImageRGBD(): 16.6855ms
Frame 234 end
Average processing time of GrabImageRGBD(): 16.6704ms
Frame 235 end
Average processing time of GrabImageRGBD(): 16.6561ms
Frame 236 end
Average processing time of GrabImageRGBD(): 16.6428ms
Frame 237 end
Average processing time of GrabImageRGBD(): 16.6197ms
Frame 238 end
Average processing time of GrabImageRGBD(): 16.688ms
Frame 239 end
Average processing time of GrabImageRGBD(): 16.6741ms
Frame 240 end
Average processing time of GrabImageRGBD(): 16.6561ms
Frame 241 end
Average processing time of GrabImageRGBD(): 16.6353ms
Frame 242 end
Average processing time of GrabImageRGBD(): 16.6013ms
Frame 243 end
Average processing time of GrabImageRGBD(): 16.5797ms
Frame 244 end
Average processing time of GrabImageRGBD(): 16.6432ms
Frame 245 end
Average processing time of GrabImageRGBD(): 16.6286ms
Frame 246 end
Average processing time of GrabImageRGBD(): 16.6152ms
Frame 247 end
Average processing time of GrabImageRGBD(): 16.5856ms
Frame 248 end
Average processing time of GrabImageRGBD(): 16.5556ms
Frame 249 end
Average processing time of GrabImageRGBD(): 16.5342ms
Frame 250 end
Average processing time of GrabImageRGBD(): 16.5151ms
Frame 251 end
Average processing time of GrabImageRGBD(): 16.5019ms
Frame 252 end
Average processing time of GrabImageRGBD(): 16.4855ms
Frame 253 end
Average processing time of GrabImageRGBD(): 16.4612ms
Frame 254 end
Average processing time of GrabImageRGBD(): 16.4374ms
Frame 255 end
Average processing time of GrabImageRGBD(): 16.5355ms
Frame 256 end
Average processing time of GrabImageRGBD(): 16.5256ms
Frame 257 end
Average processing time of GrabImageRGBD(): 16.5092ms
Frame 258 end
Average processing time of GrabImageRGBD(): 16.493ms
Frame 259 end
Average processing time of GrabImageRGBD(): 16.5551ms
Frame 260 end
Average processing time of GrabImageRGBD(): 16.5343ms
Frame 261 end
Average processing time of GrabImageRGBD(): 16.5239ms
Frame 262 end
Average processing time of GrabImageRGBD(): 16.5093ms
Frame 263 end
Average processing time of GrabImageRGBD(): 16.499ms
Frame 264 end
Average processing time of GrabImageRGBD(): 16.5688ms
Frame 265 end
Average processing time of GrabImageRGBD(): 16.5617ms
Frame 266 end
Average processing time of GrabImageRGBD(): 16.5519ms
Frame 267 end
Average processing time of GrabImageRGBD(): 16.5315ms
Frame 268 end
Average processing time of GrabImageRGBD(): 16.5948ms
Frame 269 end
Average processing time of GrabImageRGBD(): 16.5932ms
Frame 270 end
Average processing time of GrabImageRGBD(): 16.5733ms
Frame 271 end
Average processing time of GrabImageRGBD(): 16.5661ms
Frame 272 end
Average processing time of GrabImageRGBD(): 16.6301ms
Frame 273 end
Average processing time of GrabImageRGBD(): 16.6131ms
Frame 274 end
Average processing time of GrabImageRGBD(): 16.5914ms
Frame 275 end
Average processing time of GrabImageRGBD(): 16.5804ms
Frame 276 end
Average processing time of GrabImageRGBD(): 16.5605ms
Frame 277 end
Average processing time of GrabImageRGBD(): 16.6735ms
Frame 278 end
Average processing time of GrabImageRGBD(): 16.6761ms
Frame 279 end
Average processing time of GrabImageRGBD(): 16.6687ms
Frame 280 end
Average processing time of GrabImageRGBD(): 16.674ms
Frame 281 end
Average processing time of GrabImageRGBD(): 16.6584ms
Frame 282 end
Average processing time of GrabImageRGBD(): 16.7203ms
Frame 283 end
Average processing time of GrabImageRGBD(): 16.724ms
Frame 284 end
Average processing time of GrabImageRGBD(): 16.7122ms
Frame 285 end
Average processing time of GrabImageRGBD(): 16.7126ms
Frame 286 end
Average processing time of GrabImageRGBD(): 16.6982ms
Frame 287 end
Average processing time of GrabImageRGBD(): 16.7606ms
Frame 288 end
Average processing time of GrabImageRGBD(): 16.7606ms
Frame 289 end
Average processing time of GrabImageRGBD(): 16.7559ms
Frame 290 end
Average processing time of GrabImageRGBD(): 16.7697ms
Frame 291 end
Average processing time of GrabImageRGBD(): 16.7626ms
Frame 292 end
Average processing time of GrabImageRGBD(): 16.8296ms
Frame 293 end
Average processing time of GrabImageRGBD(): 16.8198ms
Frame 294 end
Average processing time of GrabImageRGBD(): 16.8213ms
Frame 295 end
Average processing time of GrabImageRGBD(): 16.847ms
Frame 296 end
Average processing time of GrabImageRGBD(): 16.8454ms
Frame 297 end
Average processing time of GrabImageRGBD(): 16.9149ms
Frame 298 end
Average processing time of GrabImageRGBD(): 16.9232ms
Frame 299 end
Average processing time of GrabImageRGBD(): 16.9337ms
Frame 300 end
Average processing time of GrabImageRGBD(): 16.9413ms
Frame 301 end
Average processing time of GrabImageRGBD(): 16.9426ms
Frame 302 end
Average processing time of GrabImageRGBD(): 16.9307ms
Frame 303 end
Average processing time of GrabImageRGBD(): 16.9953ms
Frame 304 end
Average processing time of GrabImageRGBD(): 16.9881ms
Frame 305 end
Average processing time of GrabImageRGBD(): 16.9903ms
Frame 306 end
Average processing time of GrabImageRGBD(): 16.9831ms
Frame 307 end
Average processing time of GrabImageRGBD(): 16.9697ms
Frame 308 end
Average processing time of GrabImageRGBD(): 16.9671ms
Frame 309 end
Average processing time of GrabImageRGBD(): 16.9587ms
Frame 310 end
Average processing time of GrabImageRGBD(): 16.9372ms
Frame 311 end
Average processing time of GrabImageRGBD(): 16.9282ms
Frame 312 end
Average processing time of GrabImageRGBD(): 16.9125ms
Frame 313 end
Average processing time of GrabImageRGBD(): 16.9636ms
Frame 314 end
Average processing time of GrabImageRGBD(): 16.9557ms
Frame 315 end
Average processing time of GrabImageRGBD(): 16.9574ms
Frame 316 end
Average processing time of GrabImageRGBD(): 16.9515ms
Frame 317 end
Average processing time of GrabImageRGBD(): 16.9167ms
Frame 318 end
Average processing time of GrabImageRGBD(): 16.9703ms
Frame 319 end
Average processing time of GrabImageRGBD(): 16.9677ms
Frame 320 end
Average processing time of GrabImageRGBD(): 16.9654ms
Frame 321 end
Average processing time of GrabImageRGBD(): 16.9551ms
Frame 322 end
Average processing time of GrabImageRGBD(): 16.9493ms
Frame 323 end
Average processing time of GrabImageRGBD(): 16.95ms
Frame 324 end
Average processing time of GrabImageRGBD(): 17.0006ms
Frame 325 end
Average processing time of GrabImageRGBD(): 16.9969ms
Frame 326 end
Average processing time of GrabImageRGBD(): 16.9899ms
Frame 327 end
Average processing time of GrabImageRGBD(): 16.9851ms
Frame 328 end
Average processing time of GrabImageRGBD(): 16.9763ms
Frame 329 end
Average processing time of GrabImageRGBD(): 16.9639ms
Frame 330 end
Average processing time of GrabImageRGBD(): 16.9458ms
Frame 331 end
Average processing time of GrabImageRGBD(): 16.9311ms
Frame 332 end
Average processing time of GrabImageRGBD(): 16.9133ms
Frame 333 end
Average processing time of GrabImageRGBD(): 16.9026ms
Frame 334 end
Average processing time of GrabImageRGBD(): 16.8903ms
Frame 335 end
Average processing time of GrabImageRGBD(): 16.8704ms
Frame 336 end
Average processing time of GrabImageRGBD(): 16.8567ms
Frame 337 end
Average processing time of GrabImageRGBD(): 16.8439ms
Frame 338 end
Average processing time of GrabImageRGBD(): 16.8944ms
Frame 339 end
Average processing time of GrabImageRGBD(): 16.8876ms
Frame 340 end
Average processing time of GrabImageRGBD(): 16.8719ms
Frame 341 end
Average processing time of GrabImageRGBD(): 16.8554ms
Frame 342 end
Average processing time of GrabImageRGBD(): 16.847ms
Frame 343 end
Average processing time of GrabImageRGBD(): 16.8318ms
Frame 344 end
Average processing time of GrabImageRGBD(): 16.8187ms
Frame 345 end
Average processing time of GrabImageRGBD(): 16.811ms
Frame 346 end
Average processing time of GrabImageRGBD(): 16.793ms
Frame 347 end
Average processing time of GrabImageRGBD(): 16.7806ms
Frame 348 end
Average processing time of GrabImageRGBD(): 16.8312ms
Frame 349 end
Average processing time of GrabImageRGBD(): 16.8185ms
Frame 350 end
Average processing time of GrabImageRGBD(): 16.804ms
Frame 351 end
Average processing time of GrabImageRGBD(): 16.797ms
Frame 352 end
Average processing time of GrabImageRGBD(): 16.7879ms
Frame 353 end
Average processing time of GrabImageRGBD(): 16.7865ms
Frame 354 end
Average processing time of GrabImageRGBD(): 16.8644ms
Frame 355 end
Average processing time of GrabImageRGBD(): 16.8463ms
Frame 356 end
Average processing time of GrabImageRGBD(): 16.8372ms
Frame 357 end
Average processing time of GrabImageRGBD(): 16.8289ms
Frame 358 end
Average processing time of GrabImageRGBD(): 16.8154ms
Frame 359 end
Average processing time of GrabImageRGBD(): 16.81ms
Frame 360 end
Average processing time of GrabImageRGBD(): 16.7996ms
Frame 361 end
Average processing time of GrabImageRGBD(): 16.7788ms
Frame 362 end
Average processing time of GrabImageRGBD(): 16.8274ms
Frame 363 end
Average processing time of GrabImageRGBD(): 16.8086ms
Frame 364 end
Average processing time of GrabImageRGBD(): 16.8004ms
Frame 365 end
Average processing time of GrabImageRGBD(): 16.7861ms
Frame 366 end
Average processing time of GrabImageRGBD(): 16.7739ms
Frame 367 end
Average processing time of GrabImageRGBD(): 16.7656ms
Frame 368 end
Average processing time of GrabImageRGBD(): 16.754ms
Frame 369 end
Average processing time of GrabImageRGBD(): 16.7417ms
Frame 370 end
Average processing time of GrabImageRGBD(): 16.731ms
Frame 371 end
Average processing time of GrabImageRGBD(): 16.7678ms
Frame 372 end
Average processing time of GrabImageRGBD(): 16.7615ms
Frame 373 end
Average processing time of GrabImageRGBD(): 16.7481ms
Frame 374 end
Average processing time of GrabImageRGBD(): 16.7404ms
Frame 375 end
Average processing time of GrabImageRGBD(): 16.7314ms
Frame 376 end
Average processing time of GrabImageRGBD(): 16.723ms
Frame 377 end
Average processing time of GrabImageRGBD(): 16.7149ms
Frame 378 end
Average processing time of GrabImageRGBD(): 16.7025ms
Frame 379 end
Average processing time of GrabImageRGBD(): 16.6896ms
Frame 380 end
Average processing time of GrabImageRGBD(): 16.7277ms
Frame 381 end
Average processing time of GrabImageRGBD(): 16.7195ms
Frame 382 end
Average processing time of GrabImageRGBD(): 16.705ms
Frame 383 end
Average processing time of GrabImageRGBD(): 16.696ms
Frame 384 end
Average processing time of GrabImageRGBD(): 16.6848ms
Frame 385 end
Average processing time of GrabImageRGBD(): 16.6797ms
Frame 386 end
Average processing time of GrabImageRGBD(): 16.6697ms
Frame 387 end
Average processing time of GrabImageRGBD(): 16.7125ms
Frame 388 end
Average processing time of GrabImageRGBD(): 16.7029ms
Frame 389 end
Average processing time of GrabImageRGBD(): 16.6855ms
Frame 390 end
Average processing time of GrabImageRGBD(): 16.6701ms
Frame 391 end
Average processing time of GrabImageRGBD(): 16.6597ms
Frame 392 end
Average processing time of GrabImageRGBD(): 16.6397ms
Frame 393 end
Average processing time of GrabImageRGBD(): 16.6284ms
Frame 394 end
Average processing time of GrabImageRGBD(): 16.6155ms
Frame 395 end
Average processing time of GrabImageRGBD(): 16.6054ms
Frame 396 end
Average processing time of GrabImageRGBD(): 16.593ms
Frame 397 end
Average processing time of GrabImageRGBD(): 16.6336ms
Frame 398 end
Average processing time of GrabImageRGBD(): 16.6276ms
Frame 399 end
Average processing time of GrabImageRGBD(): 16.6189ms
Frame 400 end
Average processing time of GrabImageRGBD(): 16.6095ms
Frame 401 end
Average processing time of GrabImageRGBD(): 16.6021ms
Frame 402 end
Average processing time of GrabImageRGBD(): 16.59ms
Frame 403 end
Average processing time of GrabImageRGBD(): 16.5846ms
Frame 404 end
Average processing time of GrabImageRGBD(): 16.6281ms
Frame 405 end
Average processing time of GrabImageRGBD(): 16.616ms
Frame 406 end
Average processing time of GrabImageRGBD(): 16.5929ms
Frame 407 end
Average processing time of GrabImageRGBD(): 16.5606ms
Frame 408 end
Average processing time of GrabImageRGBD(): 16.5413ms
Frame 409 end
Average processing time of GrabImageRGBD(): 16.5276ms
Frame 410 end
Average processing time of GrabImageRGBD(): 16.5692ms
Frame 411 end
Average processing time of GrabImageRGBD(): 16.5617ms
Frame 412 end
Average processing time of GrabImageRGBD(): 16.5572ms
Frame 413 end
Average processing time of GrabImageRGBD(): 16.551ms
Frame 414 end
Average processing time of GrabImageRGBD(): 16.5454ms
Frame 415 end
Average processing time of GrabImageRGBD(): 16.6093ms
Frame 416 end
Average processing time of GrabImageRGBD(): 16.5976ms
Frame 417 end
Average processing time of GrabImageRGBD(): 16.5973ms
Frame 418 end
Average processing time of GrabImageRGBD(): 16.5961ms
Frame 419 end
Average processing time of GrabImageRGBD(): 16.5923ms
Frame 420 end
Average processing time of GrabImageRGBD(): 16.642ms
Frame 421 end
Average processing time of GrabImageRGBD(): 16.6361ms
Frame 422 end
Average processing time of GrabImageRGBD(): 16.6291ms
Frame 423 end
Average processing time of GrabImageRGBD(): 16.6189ms
Frame 424 end
Average processing time of GrabImageRGBD(): 16.6188ms
Frame 425 end
Average processing time of GrabImageRGBD(): 16.6152ms
Frame 426 end
Average processing time of GrabImageRGBD(): 16.6708ms
Frame 427 end
Average processing time of GrabImageRGBD(): 16.6665ms
Frame 428 end
Average processing time of GrabImageRGBD(): 16.661ms
Frame 429 end
Average processing time of GrabImageRGBD(): 16.6536ms
Frame 430 end
Average processing time of GrabImageRGBD(): 16.6525ms
Frame 431 end
Average processing time of GrabImageRGBD(): 16.6524ms
Frame 432 end
Average processing time of GrabImageRGBD(): 16.6938ms
Frame 433 end
Average processing time of GrabImageRGBD(): 16.6904ms
Frame 434 end
Average processing time of GrabImageRGBD(): 16.6795ms
Frame 435 end
Average processing time of GrabImageRGBD(): 16.6746ms
Frame 436 end
Average processing time of GrabImageRGBD(): 16.6683ms
Frame 437 end
Average processing time of GrabImageRGBD(): 16.6495ms
Frame 438 end
Average processing time of GrabImageRGBD(): 16.6312ms
Frame 439 end
Average processing time of GrabImageRGBD(): 16.6041ms
Frame 440 end
Average processing time of GrabImageRGBD(): 16.5857ms
Frame 441 end
Average processing time of GrabImageRGBD(): 16.5681ms
Frame 442 end
Average processing time of GrabImageRGBD(): 16.5419ms
Frame 443 end
Average processing time of GrabImageRGBD(): 16.5215ms
Frame 444 end
Average processing time of GrabImageRGBD(): 16.492ms
Frame 445 end
Average processing time of GrabImageRGBD(): 16.4741ms
Frame 446 end
Average processing time of GrabImageRGBD(): 16.456ms
Frame 447 end
Average processing time of GrabImageRGBD(): 16.4383ms
Frame 448 end
Average processing time of GrabImageRGBD(): 16.4101ms
Frame 449 end
Average processing time of GrabImageRGBD(): 16.3924ms
Frame 450 end
Average processing time of GrabImageRGBD(): 16.3759ms
Frame 451 end
Average processing time of GrabImageRGBD(): 16.3558ms
Frame 452 end
Average processing time of GrabImageRGBD(): 16.3392ms
Frame 453 end
Average processing time of GrabImageRGBD(): 16.3216ms
Frame 454 end
Average processing time of GrabImageRGBD(): 16.2941ms
Frame 455 end
Average processing time of GrabImageRGBD(): 16.2731ms
Frame 456 end
Average processing time of GrabImageRGBD(): 16.2516ms
Frame 457 end
Average processing time of GrabImageRGBD(): 16.2352ms
Frame 458 end
Average processing time of GrabImageRGBD(): 16.2736ms
Frame 459 end
Average processing time of GrabImageRGBD(): 16.2521ms
Frame 460 end
Average processing time of GrabImageRGBD(): 16.224ms
Frame 461 end
Average processing time of GrabImageRGBD(): 16.1966ms
Frame 462 end
Average processing time of GrabImageRGBD(): 16.1801ms
Frame 463 end
Average processing time of GrabImageRGBD(): 16.1632ms
Frame 464 end
Average processing time of GrabImageRGBD(): 16.1441ms
Frame 465 end
Average processing time of GrabImageRGBD(): 16.1688ms
Frame 466 end
Average processing time of GrabImageRGBD(): 16.144ms
Frame 467 end
Average processing time of GrabImageRGBD(): 16.1175ms
Frame 468 end
Average processing time of GrabImageRGBD(): 16.0999ms
Frame 469 end
Average processing time of GrabImageRGBD(): 16.0887ms
Frame 470 end
Average processing time of GrabImageRGBD(): 16.0762ms
Frame 471 end
Average processing time of GrabImageRGBD(): 16.0698ms
Frame 472 end
Average processing time of GrabImageRGBD(): 16.1096ms
Frame 473 end
Average processing time of GrabImageRGBD(): 16.0931ms
Frame 474 end
Average processing time of GrabImageRGBD(): 16.0869ms
Frame 475 end
Average processing time of GrabImageRGBD(): 16.0753ms
Frame 476 end
Average processing time of GrabImageRGBD(): 16.0629ms
Frame 477 end
Average processing time of GrabImageRGBD(): 16.0565ms
Frame 478 end
Average processing time of GrabImageRGBD(): 16.0518ms
Frame 479 end
Average processing time of GrabImageRGBD(): 16.0386ms
Frame 480 end
Average processing time of GrabImageRGBD(): 16.0855ms
Frame 481 end
Average processing time of GrabImageRGBD(): 16.0689ms
Frame 482 end
Average processing time of GrabImageRGBD(): 16.065ms
Frame 483 end
Average processing time of GrabImageRGBD(): 16.0614ms
Frame 484 end
Average processing time of GrabImageRGBD(): 16.0526ms
Frame 485 end
Average processing time of GrabImageRGBD(): 16.0421ms
Frame 486 end
Average processing time of GrabImageRGBD(): 16.0352ms
Frame 487 end
Average processing time of GrabImageRGBD(): 16.0292ms
Frame 488 end
Average processing time of GrabImageRGBD(): 16.0234ms
Frame 489 end
Average processing time of GrabImageRGBD(): 16.0114ms
Frame 490 end
Average processing time of GrabImageRGBD(): 16.0044ms
Frame 491 end
Average processing time of GrabImageRGBD(): 15.9969ms
Frame 492 end
Average processing time of GrabImageRGBD(): 15.9906ms
Frame 493 end
Average processing time of GrabImageRGBD(): 15.9799ms
Frame 494 end
Average processing time of GrabImageRGBD(): 15.9714ms
Frame 495 end
Average processing time of GrabImageRGBD(): 16.013ms
Frame 496 end
Average processing time of GrabImageRGBD(): 16.0104ms
Frame 497 end
Average processing time of GrabImageRGBD(): 16.0058ms
Frame 498 end
Average processing time of GrabImageRGBD(): 16.0007ms
Frame 499 end
Average processing time of GrabImageRGBD(): 15.989ms
Frame 500 end
Average processing time of GrabImageRGBD(): 15.9852ms
Frame 501 end
Average processing time of GrabImageRGBD(): 15.9797ms
Frame 502 end
Average processing time of GrabImageRGBD(): 15.9713ms
Frame 503 end
Average processing time of GrabImageRGBD(): 16.006ms
Frame 504 end
Average processing time of GrabImageRGBD(): 15.9995ms
Frame 505 end
Average processing time of GrabImageRGBD(): 15.9837ms
Frame 506 end
Average processing time of GrabImageRGBD(): 15.9731ms
Frame 507 end
Average processing time of GrabImageRGBD(): 15.9679ms
Frame 508 end
Average processing time of GrabImageRGBD(): 15.9634ms
Frame 509 end
Average processing time of GrabImageRGBD(): 15.9481ms
Frame 510 end
Average processing time of GrabImageRGBD(): 15.9438ms
Frame 511 end
Average processing time of GrabImageRGBD(): 15.9822ms
Frame 512 end
Average processing time of GrabImageRGBD(): 15.9774ms
Frame 513 end
Average processing time of GrabImageRGBD(): 15.9691ms
Frame 514 end
Average processing time of GrabImageRGBD(): 15.9631ms
Frame 515 end
Average processing time of GrabImageRGBD(): 15.958ms
Frame 516 end
Average processing time of GrabImageRGBD(): 15.9469ms
Frame 517 end
Average processing time of GrabImageRGBD(): 15.9412ms
Frame 518 end
Average processing time of GrabImageRGBD(): 15.9364ms
Frame 519 end
Average processing time of GrabImageRGBD(): 15.9688ms
Frame 520 end
Average processing time of GrabImageRGBD(): 15.9641ms
Frame 521 end
Average processing time of GrabImageRGBD(): 15.9574ms
Frame 522 end
Average processing time of GrabImageRGBD(): 15.9475ms
Frame 523 end
Average processing time of GrabImageRGBD(): 15.9436ms
Frame 524 end
Average processing time of GrabImageRGBD(): 15.9383ms
Frame 525 end
Average processing time of GrabImageRGBD(): 15.9304ms
Frame 526 end
Average processing time of GrabImageRGBD(): 15.9256ms
Frame 527 end
Average processing time of GrabImageRGBD(): 15.9205ms
Frame 528 end
Average processing time of GrabImageRGBD(): 15.957ms
Frame 529 end
Average processing time of GrabImageRGBD(): 15.9516ms
Frame 530 end
Average processing time of GrabImageRGBD(): 15.9325ms
Frame 531 end
Average processing time of GrabImageRGBD(): 15.9262ms
Frame 532 end
Average processing time of GrabImageRGBD(): 15.9245ms
Frame 533 end
Average processing time of GrabImageRGBD(): 15.9112ms
Frame 534 end
Average processing time of GrabImageRGBD(): 15.9018ms
Frame 535 end
Average processing time of GrabImageRGBD(): 15.8946ms
Frame 536 end
Average processing time of GrabImageRGBD(): 15.9305ms
Frame 537 end
Average processing time of GrabImageRGBD(): 15.9214ms
Frame 538 end
Average processing time of GrabImageRGBD(): 15.9175ms
Frame 539 end
Average processing time of GrabImageRGBD(): 15.9156ms
Frame 540 end
Average processing time of GrabImageRGBD(): 15.9133ms
Frame 541 end
Average processing time of GrabImageRGBD(): 15.9053ms
Frame 542 end
Average processing time of GrabImageRGBD(): 15.8968ms
Frame 543 end
Average processing time of GrabImageRGBD(): 15.8888ms
Frame 544 end
Average processing time of GrabImageRGBD(): 15.9232ms
Frame 545 end
Average processing time of GrabImageRGBD(): 15.9155ms
Frame 546 end
Average processing time of GrabImageRGBD(): 15.9009ms
Frame 547 end
Average processing time of GrabImageRGBD(): 15.8958ms
Frame 548 end
Average processing time of GrabImageRGBD(): 15.9463ms
Frame 549 end
Average processing time of GrabImageRGBD(): 15.9396ms
Frame 550 end
Average processing time of GrabImageRGBD(): 15.9318ms
Frame 551 end
Average processing time of GrabImageRGBD(): 15.9236ms
Frame 552 end
Average processing time of GrabImageRGBD(): 15.9071ms
Frame 553 end
Average processing time of GrabImageRGBD(): 15.8995ms
Frame 554 end
Average processing time of GrabImageRGBD(): 15.8932ms
Frame 555 end
Average processing time of GrabImageRGBD(): 15.8879ms
Frame 556 end
Average processing time of GrabImageRGBD(): 15.8789ms
Frame 557 end
Average processing time of GrabImageRGBD(): 15.9114ms
Frame 558 end
Average processing time of GrabImageRGBD(): 15.9085ms
Frame 559 end
Average processing time of GrabImageRGBD(): 15.9066ms
Frame 560 end
Average processing time of GrabImageRGBD(): 15.9038ms
Frame 561 end
Average processing time of GrabImageRGBD(): 15.8951ms
Frame 562 end
Average processing time of GrabImageRGBD(): 15.8888ms
Frame 563 end
Average processing time of GrabImageRGBD(): 15.8865ms
Frame 564 end
Average processing time of GrabImageRGBD(): 15.8836ms
Frame 565 end
Average processing time of GrabImageRGBD(): 15.9125ms
Frame 566 end
Average processing time of GrabImageRGBD(): 15.9101ms
Frame 567 end
Average processing time of GrabImageRGBD(): 15.9051ms
Frame 568 end
Average processing time of GrabImageRGBD(): 15.9064ms
Frame 569 end
Average processing time of GrabImageRGBD(): 15.9025ms
Frame 570 end
Average processing time of GrabImageRGBD(): 15.9038ms
Frame 571 end
Average processing time of GrabImageRGBD(): 15.9063ms
Frame 572 end
Average processing time of GrabImageRGBD(): 15.943ms
Frame 573 end
Average processing time of GrabImageRGBD(): 15.9429ms
Frame 574 end
Average processing time of GrabImageRGBD(): 15.9398ms
Frame 575 end
Average processing time of GrabImageRGBD(): 15.9391ms
Frame 576 end
Average processing time of GrabImageRGBD(): 15.9378ms
Frame 577 end
Average processing time of GrabImageRGBD(): 15.9343ms
Frame 578 end
Average processing time of GrabImageRGBD(): 15.9654ms
Frame 579 end
Average processing time of GrabImageRGBD(): 15.9611ms
Frame 580 end
Average processing time of GrabImageRGBD(): 15.9628ms
Frame 581 end
Average processing time of GrabImageRGBD(): 15.9635ms
Frame 582 end
Average processing time of GrabImageRGBD(): 15.9609ms
Frame 583 end
Average processing time of GrabImageRGBD(): 15.95ms
Frame 584 end
Average processing time of GrabImageRGBD(): 15.9435ms
Frame 585 end
Average processing time of GrabImageRGBD(): 15.9362ms
Frame 586 end
Average processing time of GrabImageRGBD(): 15.9322ms
Frame 587 end
Average processing time of GrabImageRGBD(): 15.9634ms
Frame 588 end
Average processing time of GrabImageRGBD(): 15.9573ms
Frame 589 end
Average processing time of GrabImageRGBD(): 15.9558ms
Frame 590 end
Average processing time of GrabImageRGBD(): 15.9562ms
Frame 591 end
Average processing time of GrabImageRGBD(): 15.9528ms
Frame 592 end
Average processing time of GrabImageRGBD(): 15.9495ms
Frame 593 end
Average processing time of GrabImageRGBD(): 15.9438ms
Frame 594 end
Average processing time of GrabImageRGBD(): 15.9415ms
Frame 595 end
Average processing time of GrabImageRGBD(): 15.9381ms
Frame 596 end
Average processing time of GrabImageRGBD(): 15.9386ms
Frame 597 end
Average processing time of GrabImageRGBD(): 15.9928ms
Frame 598 end
Average processing time of GrabImageRGBD(): 15.9989ms
Frame 599 end
Average processing time of GrabImageRGBD(): 16.0024ms
Frame 600 end
Average processing time of GrabImageRGBD(): 16.0001ms
Frame 601 end
Average processing time of GrabImageRGBD(): 15.9991ms
Frame 602 end
Average processing time of GrabImageRGBD(): 15.992ms
Frame 603 end
Average processing time of GrabImageRGBD(): 15.986ms
Frame 604 end
Average processing time of GrabImageRGBD(): 15.973ms
Frame 605 end
Average processing time of GrabImageRGBD(): 15.9645ms
Frame 606 end
Average processing time of GrabImageRGBD(): 15.9889ms
Frame 607 end
Average processing time of GrabImageRGBD(): 15.9845ms
Frame 608 end
Average processing time of GrabImageRGBD(): 15.9751ms
Frame 609 end
Average processing time of GrabImageRGBD(): 15.9631ms
Frame 610 end
Average processing time of GrabImageRGBD(): 15.9494ms
Frame 611 end
Average processing time of GrabImageRGBD(): 15.976ms
Frame 612 end
Average processing time of GrabImageRGBD(): 15.9647ms
Frame 613 end
Average processing time of GrabImageRGBD(): 15.9509ms
Frame 614 end
Average processing time of GrabImageRGBD(): 15.9415ms
Frame 615 end
Average processing time of GrabImageRGBD(): 15.9392ms
Frame 616 end
Average processing time of GrabImageRGBD(): 15.9347ms
Frame 617 end
Average processing time of GrabImageRGBD(): 15.9654ms
Frame 618 end
Average processing time of GrabImageRGBD(): 15.98ms
Frame 619 end
Average processing time of GrabImageRGBD(): 15.9726ms
Frame 620 end
Average processing time of GrabImageRGBD(): 15.9679ms
Frame 621 end
Average processing time of GrabImageRGBD(): 15.9718ms
Frame 622 end
Average processing time of GrabImageRGBD(): 15.9738ms
Frame 623 end
Average processing time of GrabImageRGBD(): 15.9755ms
Frame 624 end
Average processing time of GrabImageRGBD(): 15.9765ms
Frame 625 end
Average processing time of GrabImageRGBD(): 15.9737ms
Frame 626 end
Average processing time of GrabImageRGBD(): 16.0088ms
Frame 627 end
Average processing time of GrabImageRGBD(): 16.0054ms
Frame 628 end
Average processing time of GrabImageRGBD(): 16.0036ms
Frame 629 end
Average processing time of GrabImageRGBD(): 16.0033ms
Frame 630 end
Average processing time of GrabImageRGBD(): 16.0028ms
Frame 631 end
Average processing time of GrabImageRGBD(): 16.0014ms
Frame 632 end
Average processing time of GrabImageRGBD(): 15.9958ms
Frame 633 end
Average processing time of GrabImageRGBD(): 15.9905ms
Frame 634 end
Average processing time of GrabImageRGBD(): 15.9909ms
Frame 635 end
Average processing time of GrabImageRGBD(): 16.0259ms
Frame 636 end
Average processing time of GrabImageRGBD(): 16.0246ms
Frame 637 end
Average processing time of GrabImageRGBD(): 16.0221ms
Frame 638 end
Average processing time of GrabImageRGBD(): 16.0167ms
Frame 639 end
Average processing time of GrabImageRGBD(): 16.0155ms
Frame 640 end
Average processing time of GrabImageRGBD(): 16.0125ms
Frame 641 end
Average processing time of GrabImageRGBD(): 16.0083ms
Frame 642 end
Average processing time of GrabImageRGBD(): 16.0045ms
Frame 643 end
Average processing time of GrabImageRGBD(): 15.9952ms
Frame 644 end
Average processing time of GrabImageRGBD(): 15.9831ms
Frame 645 end
Average processing time of GrabImageRGBD(): 15.9755ms
Frame 646 end
Average processing time of GrabImageRGBD(): 16.0002ms
Frame 647 end
Average processing time of GrabImageRGBD(): 15.9941ms
Frame 648 end
Average processing time of GrabImageRGBD(): 15.9848ms
Frame 649 end
Average processing time of GrabImageRGBD(): 15.9784ms
Frame 650 end
Average processing time of GrabImageRGBD(): 15.9711ms
Frame 651 end
Average processing time of GrabImageRGBD(): 15.9644ms
Frame 652 end
Average processing time of GrabImageRGBD(): 15.956ms
Frame 653 end
Average processing time of GrabImageRGBD(): 15.9437ms
Frame 654 end
Average processing time of GrabImageRGBD(): 15.9361ms
Frame 655 end
Average processing time of GrabImageRGBD(): 15.9283ms
Frame 656 end
Average processing time of GrabImageRGBD(): 15.9231ms
Frame 657 end
Average processing time of GrabImageRGBD(): 15.9498ms
Frame 658 end
Average processing time of GrabImageRGBD(): 15.9449ms
Frame 659 end
Average processing time of GrabImageRGBD(): 15.939ms
Frame 660 end
Average processing time of GrabImageRGBD(): 15.9332ms
Frame 661 end
Average processing time of GrabImageRGBD(): 15.9274ms
Frame 662 end
Average processing time of GrabImageRGBD(): 15.9218ms
Frame 663 end
Average processing time of GrabImageRGBD(): 15.9153ms
Frame 664 end
Average processing time of GrabImageRGBD(): 15.9086ms
Frame 665 end
Average processing time of GrabImageRGBD(): 15.9062ms
Frame 666 end
Average processing time of GrabImageRGBD(): 15.8971ms
Frame 667 end
Average processing time of GrabImageRGBD(): 15.9228ms
Frame 668 end
Average processing time of GrabImageRGBD(): 15.9194ms
Frame 669 end
Average processing time of GrabImageRGBD(): 15.9151ms
Frame 670 end
Average processing time of GrabImageRGBD(): 15.9114ms
Frame 671 end
Average processing time of GrabImageRGBD(): 15.907ms
Frame 672 end
Average processing time of GrabImageRGBD(): 15.902ms
Frame 673 end
Average processing time of GrabImageRGBD(): 15.9002ms
Frame 674 end
Average processing time of GrabImageRGBD(): 15.8956ms
Frame 675 end
Average processing time of GrabImageRGBD(): 15.8882ms
Frame 676 end
Average processing time of GrabImageRGBD(): 15.8855ms
Frame 677 end
Average processing time of GrabImageRGBD(): 15.9174ms
Frame 678 end
Average processing time of GrabImageRGBD(): 15.9118ms
Frame 679 end
Average processing time of GrabImageRGBD(): 15.912ms
Frame 680 end
Average processing time of GrabImageRGBD(): 15.9094ms
Frame 681 end
Average processing time of GrabImageRGBD(): 15.9073ms
Frame 682 end
Average processing time of GrabImageRGBD(): 15.9051ms
Frame 683 end
Average processing time of GrabImageRGBD(): 15.9017ms
Frame 684 end
Average processing time of GrabImageRGBD(): 15.8969ms
Frame 685 end
Average processing time of GrabImageRGBD(): 15.8927ms
Frame 686 end
Average processing time of GrabImageRGBD(): 15.9222ms
Frame 687 end
Average processing time of GrabImageRGBD(): 15.9193ms
Frame 688 end
Average processing time of GrabImageRGBD(): 15.9168ms
Frame 689 end
Average processing time of GrabImageRGBD(): 15.9125ms
Frame 690 end
Average processing time of GrabImageRGBD(): 15.9082ms
Frame 691 end
Average processing time of GrabImageRGBD(): 15.9039ms
Frame 692 end
Average processing time of GrabImageRGBD(): 15.897ms
Frame 693 end
Average processing time of GrabImageRGBD(): 15.8921ms
Frame 694 end
Average processing time of GrabImageRGBD(): 15.8887ms
Frame 695 end
Average processing time of GrabImageRGBD(): 15.8856ms
Frame 696 end
Average processing time of GrabImageRGBD(): 15.8794ms
Frame 697 end
Average processing time of GrabImageRGBD(): 15.8715ms
Frame 698 end
Average processing time of GrabImageRGBD(): 15.8597ms
Frame 699 end
Average processing time of GrabImageRGBD(): 15.8772ms
Frame 700 end
Average processing time of GrabImageRGBD(): 15.8614ms
Frame 701 end
Average processing time of GrabImageRGBD(): 15.8437ms
Frame 702 end
Average processing time of GrabImageRGBD(): 15.8264ms
Frame 703 end
Average processing time of GrabImageRGBD(): 15.8107ms
Frame 704 end
Average processing time of GrabImageRGBD(): 15.8019ms
Frame 705 end
Average processing time of GrabImageRGBD(): 15.7965ms
Frame 706 end
Average processing time of GrabImageRGBD(): 15.7853ms
Frame 707 end
Average processing time of GrabImageRGBD(): 15.7801ms
Frame 708 end
Average processing time of GrabImageRGBD(): 15.8227ms
Frame 709 end
Average processing time of GrabImageRGBD(): 15.8221ms
Frame 710 end
Average processing time of GrabImageRGBD(): 15.8155ms
Frame 711 end
Average processing time of GrabImageRGBD(): 15.8143ms
Frame 712 end
Average processing time of GrabImageRGBD(): 15.813ms
Frame 713 end
Average processing time of GrabImageRGBD(): 15.8122ms
Frame 714 end
Average processing time of GrabImageRGBD(): 15.8114ms
Frame 715 end
Average processing time of GrabImageRGBD(): 15.8115ms
Frame 716 end
Average processing time of GrabImageRGBD(): 15.8073ms
Frame 717 end
Average processing time of GrabImageRGBD(): 15.8048ms
Frame 718 end
Average processing time of GrabImageRGBD(): 15.8331ms
Frame 719 end
Average processing time of GrabImageRGBD(): 15.8293ms
Frame 720 end
Average processing time of GrabImageRGBD(): 15.8251ms
Frame 721 end
Average processing time of GrabImageRGBD(): 15.8231ms
Frame 722 end
Average processing time of GrabImageRGBD(): 15.8192ms
Frame 723 end
Average processing time of GrabImageRGBD(): 15.8145ms
Frame 724 end
Average processing time of GrabImageRGBD(): 15.8092ms
Frame 725 end
Average processing time of GrabImageRGBD(): 15.8034ms
Frame 726 end
Average processing time of GrabImageRGBD(): 15.802ms
Frame 727 end
Average processing time of GrabImageRGBD(): 15.795ms
Frame 728 end
Average processing time of GrabImageRGBD(): 15.8219ms
Frame 729 end
Average processing time of GrabImageRGBD(): 15.8176ms
Frame 730 end
Average processing time of GrabImageRGBD(): 15.8139ms
Frame 731 end
Average processing time of GrabImageRGBD(): 15.81ms
Frame 732 end
Average processing time of GrabImageRGBD(): 15.8039ms
Frame 733 end
Average processing time of GrabImageRGBD(): 15.8001ms
Frame 734 end
Average processing time of GrabImageRGBD(): 15.7945ms
Frame 735 end
Average processing time of GrabImageRGBD(): 15.7879ms
Frame 736 end
Average processing time of GrabImageRGBD(): 15.7816ms
Frame 737 end
Average processing time of GrabImageRGBD(): 15.7753ms
Frame 738 end
Average processing time of GrabImageRGBD(): 15.8006ms
Frame 739 end
Average processing time of GrabImageRGBD(): 15.7952ms
Frame 740 end
Average processing time of GrabImageRGBD(): 15.7899ms
Frame 741 end
Average processing time of GrabImageRGBD(): 15.7844ms
Frame 742 end
Average processing time of GrabImageRGBD(): 15.7805ms
Frame 743 end
Average processing time of GrabImageRGBD(): 15.777ms
Frame 744 end
Average processing time of GrabImageRGBD(): 15.7707ms
Frame 745 end
Average processing time of GrabImageRGBD(): 15.7642ms
Frame 746 end
Average processing time of GrabImageRGBD(): 15.7579ms
Frame 747 end
Average processing time of GrabImageRGBD(): 15.7519ms
Frame 748 end
Average processing time of GrabImageRGBD(): 15.7777ms
Frame 749 end
Average processing time of GrabImageRGBD(): 15.7744ms
Frame 750 end
Average processing time of GrabImageRGBD(): 15.766ms
Frame 751 end
Average processing time of GrabImageRGBD(): 15.7607ms
Frame 752 end
Average processing time of GrabImageRGBD(): 15.7556ms
Frame 753 end
Average processing time of GrabImageRGBD(): 15.7511ms
Frame 754 end
Average processing time of GrabImageRGBD(): 15.7453ms
Frame 755 end
Average processing time of GrabImageRGBD(): 15.7366ms
Frame 756 end
Average processing time of GrabImageRGBD(): 15.727ms
Frame 757 end
Average processing time of GrabImageRGBD(): 15.7208ms
Frame 758 end
Average processing time of GrabImageRGBD(): 15.7157ms
Frame 759 end
Average processing time of GrabImageRGBD(): 15.7065ms
Frame 760 end
Average processing time of GrabImageRGBD(): 15.7005ms
Frame 761 end
Average processing time of GrabImageRGBD(): 15.6933ms
Frame 762 end
Average processing time of GrabImageRGBD(): 15.6862ms
Frame 763 end
Average processing time of GrabImageRGBD(): 15.6792ms
Frame 764 end
Average processing time of GrabImageRGBD(): 15.6742ms
Frame 765 end
Average processing time of GrabImageRGBD(): 15.6682ms
Frame 766 end
Average processing time of GrabImageRGBD(): 15.6926ms
Frame 767 end
Average processing time of GrabImageRGBD(): 15.6881ms
Frame 768 end
Average processing time of GrabImageRGBD(): 15.6825ms
Frame 769 end
Average processing time of GrabImageRGBD(): 15.6764ms
Frame 770 end
Average processing time of GrabImageRGBD(): 15.6728ms
Frame 771 end
Average processing time of GrabImageRGBD(): 15.6679ms
Frame 772 end
Average processing time of GrabImageRGBD(): 15.6628ms
Frame 773 end
Average processing time of GrabImageRGBD(): 15.6586ms
Frame 774 end
Average processing time of GrabImageRGBD(): 15.653ms
Frame 775 end
Average processing time of GrabImageRGBD(): 15.6456ms
Frame 776 end
Average processing time of GrabImageRGBD(): 15.6409ms
Frame 777 end
Average processing time of GrabImageRGBD(): 15.6653ms
Frame 778 end
Average processing time of GrabImageRGBD(): 15.6581ms
Frame 779 end
Average processing time of GrabImageRGBD(): 15.6544ms
Frame 780 end
Average processing time of GrabImageRGBD(): 15.6692ms
Frame 781 end
Average processing time of GrabImageRGBD(): 15.6672ms
Frame 782 end
Average processing time of GrabImageRGBD(): 15.6645ms
Frame 783 end
Average processing time of GrabImageRGBD(): 15.6632ms
Frame 784 end
Average processing time of GrabImageRGBD(): 15.6587ms
Frame 785 end
Average processing time of GrabImageRGBD(): 15.6559ms
Frame 786 end
Average processing time of GrabImageRGBD(): 15.6475ms
Frame 787 end
Average processing time of GrabImageRGBD(): 15.6424ms
Frame 788 end
Average processing time of GrabImageRGBD(): 15.6657ms
Frame 789 end
Average processing time of GrabImageRGBD(): 15.6619ms
Frame 790 end
Average processing time of GrabImageRGBD(): 15.6572ms
Frame 791 end
Average processing time of GrabImageRGBD(): 15.6527ms
Frame 792 end
Average processing time of GrabImageRGBD(): 15.6516ms
Frame 793 end
Average processing time of GrabImageRGBD(): 15.6471ms
Frame 794 end
Average processing time of GrabImageRGBD(): 15.6446ms
Frame 795 end
Average processing time of GrabImageRGBD(): 15.6365ms
Frame 796 end
Average processing time of GrabImageRGBD(): 15.6316ms
Frame 797 end
Average processing time of GrabImageRGBD(): 15.6276ms
Frame 798 end
Average processing time of GrabImageRGBD(): 15.6223ms
Frame 799 end
Average processing time of GrabImageRGBD(): 15.6176ms
Frame 800 end
Average processing time of GrabImageRGBD(): 15.6412ms
Frame 801 end
Average processing time of GrabImageRGBD(): 15.6398ms
Frame 802 end
Average processing time of GrabImageRGBD(): 15.6357ms
Frame 803 end
Average processing time of GrabImageRGBD(): 15.6311ms
Frame 804 end
Average processing time of GrabImageRGBD(): 15.622ms
Frame 805 end
Average processing time of GrabImageRGBD(): 15.6169ms
Frame 806 end
Average processing time of GrabImageRGBD(): 15.6117ms
Frame 807 end
Average processing time of GrabImageRGBD(): 15.6069ms
Frame 808 end
Average processing time of GrabImageRGBD(): 15.596ms
Frame 809 end
Average processing time of GrabImageRGBD(): 15.5837ms
Frame 810 end
Average processing time of GrabImageRGBD(): 15.5712ms
Frame 811 end
Average processing time of GrabImageRGBD(): 15.5588ms
Frame 812 end
Average processing time of GrabImageRGBD(): 15.5515ms
Frame 813 end
Average processing time of GrabImageRGBD(): 15.5441ms
Frame 814 end
Average processing time of GrabImageRGBD(): 15.536ms
Frame 815 end
Average processing time of GrabImageRGBD(): 15.5208ms
Frame 816 end
Average processing time of GrabImageRGBD(): 15.513ms
Frame 817 end
Average processing time of GrabImageRGBD(): 15.4981ms
Frame 818 end
Average processing time of GrabImageRGBD(): 15.4894ms
Frame 819 end
Average processing time of GrabImageRGBD(): 15.4795ms
Frame 820 end
Average processing time of GrabImageRGBD(): 15.4716ms
Frame 821 end
Average processing time of GrabImageRGBD(): 15.458ms
Frame 822 end
Average processing time of GrabImageRGBD(): 15.4463ms
Frame 823 end
Average processing time of GrabImageRGBD(): 15.4387ms
Frame 824 end
Average processing time of GrabImageRGBD(): 15.4276ms
Frame 825 end
Average processing time of GrabImageRGBD(): 15.4197ms
Frame 826 end
Average processing time of GrabImageRGBD(): 15.4083ms
Frame 827 end
Average processing time of GrabImageRGBD(): 15.4004ms
Frame 828 end
Average processing time of GrabImageRGBD(): 15.3912ms
Frame 829 end
Average processing time of GrabImageRGBD(): 15.3833ms
Frame 830 end
Average processing time of GrabImageRGBD(): 15.3751ms
Frame 831 end
Average processing time of GrabImageRGBD(): 15.3676ms
Frame 832 end
Average processing time of GrabImageRGBD(): 15.3535ms
Frame 833 end
Average processing time of GrabImageRGBD(): 15.3848ms
Frame 834 end
Average processing time of GrabImageRGBD(): 15.3779ms
Frame 835 end
Average processing time of GrabImageRGBD(): 15.364ms
Frame 836 end
Average processing time of GrabImageRGBD(): 15.3499ms
Frame 837 end
Average processing time of GrabImageRGBD(): 15.3359ms
Frame 838 end
Average processing time of GrabImageRGBD(): 15.3275ms
Frame 839 end
Average processing time of GrabImageRGBD(): 15.3192ms
Frame 840 end
Average processing time of GrabImageRGBD(): 15.3116ms
Frame 841 end
Average processing time of GrabImageRGBD(): 15.2991ms
Frame 842 end
Average processing time of GrabImageRGBD(): 15.2891ms
Frame 843 end
Average processing time of GrabImageRGBD(): 15.28ms
Frame 844 end
Average processing time of GrabImageRGBD(): 15.2661ms
Frame 845 end
Average processing time of GrabImageRGBD(): 15.2579ms
Frame 846 end
Shutdown
-------

median tracking time: 0.0139638
mean tracking time: 0.0161278

Saving camera trajectory to CameraTrajectory.txt ...

Saving keyframe trajectory to KeyFrameTrajectory.txt ...
