
ORB-SLAM3 Copyright (C) 2017-2020 Carlos Campos, Richard Elvira, Juan J. Gómez, José M.M. Montiel and Juan D. Tardós, University of Zaragoza.
ORB-SLAM2 Copyright (C) 2014-2016 Raúl Mur-Artal, José M.M. Montiel and Juan D. Tardós, University of Zaragoza.
This program comes with ABSOLUTELY NO WARRANTY;
This is free software, and you are welcome to redistribute it
under certain conditions. See LICENSE.txt.

Input sensor was set to: RGB-D
Loading settings from /home/bingxin/Downloads/NGD-SLAM/Examples/RGB-D/Bonn.yaml
Camera1.k3 optional parameter does not exist...
	-Loaded camera 1
Camera.newHeight optional parameter does not exist...
Camera.newWidth optional parameter does not exist...
	-Loaded image info
	-Loaded RGB-D calibration
	-Loaded ORB settings
Viewer.imageViewScale optional parameter does not exist...
	-Loaded viewer settings
System.LoadAtlasFromFile optional parameter does not exist...
System.SaveAtlasToFile optional parameter does not exist...
	-Loaded Atlas settings
System.thFarPoints optional parameter does not exist...
	-Loaded misc parameters
----------------------------------
SLAM settings: 
	-Camera 1 parameters (Pinhole): [ 542.823 542.577 315.594 237.756 ]
	-Camera 1 distortion parameters: [  0.039903 -0.099343 -0.00073 -0.000144 ]
	-Original image size: [ 640 , 480 ]
	-Current image size: [ 640 , 480 ]
	-Sequence FPS: 30
	-RGB-D depth map factor: 5000
	-Features per image: 1000
	-ORB scale factor: 1.2
	-ORB number of scales: 8
	-Initial FAST threshold: 20
	-Min FAST threshold: 7


Loading ORB Vocabulary. This could take a while...
Vocabulary loaded!

Initialization of Atlas from scratch 
Creation of new map with id: 0
Creation of new map with last KF id: 0
Seq. Name: 
There are 1 cameras in the atlas
Camera 0 is pinhole
Net use yolo-fastest

-------
Start processing sequence ...
Images in the sequence: 847

First KF:0; Map init KF:0
New Map created with 788 points
Average processing time of GrabImageRGBD(): 46.7105ms
Frame 0 end
Average processing time of GrabImageRGBD(): 40.682ms
Frame 1 end
Average processing time of GrabImageRGBD(): 38.0751ms
Frame 2 end
Average processing time of GrabImageRGBD(): 32.0373ms
Frame 3 end
Average processing time of GrabImageRGBD(): 27.8979ms
Frame 4 end
Starting the Viewer
Average processing time of GrabImageRGBD(): 25.595ms
Frame 5 end
Average processing time of GrabImageRGBD(): 23.7685ms
Frame 6 end
Average processing time of GrabImageRGBD(): 22.5356ms
Frame 7 end
Average processing time of GrabImageRGBD(): 21.4787ms
Frame 8 end
Average processing time of GrabImageRGBD(): 20.543ms
Frame 9 end
Average processing time of GrabImageRGBD(): 19.9269ms
Frame 10 end
Average processing time of GrabImageRGBD(): 19.4491ms
Frame 11 end
Average processing time of GrabImageRGBD(): 18.8706ms
Frame 12 end
Average processing time of GrabImageRGBD(): 18.5325ms
Frame 13 end
Average processing time of GrabImageRGBD(): 18.2069ms
Frame 14 end
Average processing time of GrabImageRGBD(): 17.6753ms
Frame 15 end
Average processing time of GrabImageRGBD(): 17.4212ms
Frame 16 end
Average processing time of GrabImageRGBD(): 17.0755ms
Frame 17 end
Average processing time of GrabImageRGBD(): 16.8695ms
Frame 18 end
Average processing time of GrabImageRGBD(): 16.6019ms
Frame 19 end
Average processing time of GrabImageRGBD(): 16.4366ms
Frame 20 end
Average processing time of GrabImageRGBD(): 16.3273ms
Frame 21 end
Average processing time of GrabImageRGBD(): 16.1551ms
Frame 22 end
Average processing time of GrabImageRGBD(): 15.9489ms
Frame 23 end
Average processing time of GrabImageRGBD(): 15.8373ms
Frame 24 end
Average processing time of GrabImageRGBD(): 15.7427ms
Frame 25 end
Average processing time of GrabImageRGBD(): 15.6205ms
Frame 26 end
Average processing time of GrabImageRGBD(): 15.547ms
Frame 27 end
Average processing time of GrabImageRGBD(): 15.4751ms
Frame 28 end
Average processing time of GrabImageRGBD(): 15.3606ms
Frame 29 end
Average processing time of GrabImageRGBD(): 15.2583ms
Frame 30 end
Average processing time of GrabImageRGBD(): 15.214ms
Frame 31 end
Average processing time of GrabImageRGBD(): 15.6704ms
Frame 32 end
Average processing time of GrabImageRGBD(): 15.5861ms
Frame 33 end
Average processing time of GrabImageRGBD(): 15.4634ms
Frame 34 end
Average processing time of GrabImageRGBD(): 15.3667ms
Frame 35 end
Average processing time of GrabImageRGBD(): 15.2748ms
Frame 36 end
Average processing time of GrabImageRGBD(): 15.1982ms
Frame 37 end
Average processing time of GrabImageRGBD(): 15.1702ms
Frame 38 end
Average processing time of GrabImageRGBD(): 15.124ms
Frame 39 end
Average processing time of GrabImageRGBD(): 15.0801ms
Frame 40 end
Average processing time of GrabImageRGBD(): 15.0655ms
Frame 41 end
Average processing time of GrabImageRGBD(): 14.9539ms
Frame 42 end
Average processing time of GrabImageRGBD(): 14.9166ms
Frame 43 end
Average processing time of GrabImageRGBD(): 14.8941ms
Frame 44 end
Average processing time of GrabImageRGBD(): 14.839ms
Frame 45 end
Average processing time of GrabImageRGBD(): 15.1803ms
Frame 46 end
Average processing time of GrabImageRGBD(): 15.0532ms
Frame 47 end
Average processing time of GrabImageRGBD(): 15.0071ms
Frame 48 end
Average processing time of GrabImageRGBD(): 14.9312ms
Frame 49 end
Average processing time of GrabImageRGBD(): 14.902ms
Frame 50 end
Average processing time of GrabImageRGBD(): 14.8582ms
Frame 51 end
Average processing time of GrabImageRGBD(): 14.7833ms
Frame 52 end
Average processing time of GrabImageRGBD(): 14.7538ms
Frame 53 end
Average processing time of GrabImageRGBD(): 14.7192ms
Frame 54 end
Average processing time of GrabImageRGBD(): 14.6157ms
Frame 55 end
Average processing time of GrabImageRGBD(): 15.0409ms
Frame 56 end
Average processing time of GrabImageRGBD(): 14.9995ms
Frame 57 end
Average processing time of GrabImageRGBD(): 14.9546ms
Frame 58 end
Average processing time of GrabImageRGBD(): 14.9146ms
Frame 59 end
Average processing time of GrabImageRGBD(): 14.8753ms
Frame 60 end
Average processing time of GrabImageRGBD(): 14.8004ms
Frame 61 end
Average processing time of GrabImageRGBD(): 14.7617ms
Frame 62 end
Average processing time of GrabImageRGBD(): 15.0066ms
Frame 63 end
Average processing time of GrabImageRGBD(): 14.9462ms
Frame 64 end
Average processing time of GrabImageRGBD(): 14.9176ms
Frame 65 end
Average processing time of GrabImageRGBD(): 14.8898ms
Frame 66 end
Average processing time of GrabImageRGBD(): 15.1309ms
Frame 67 end
Average processing time of GrabImageRGBD(): 15.1124ms
Frame 68 end
Average processing time of GrabImageRGBD(): 15.0539ms
Frame 69 end
Average processing time of GrabImageRGBD(): 15.0357ms
Frame 70 end
Average processing time of GrabImageRGBD(): 14.9863ms
Frame 71 end
Average processing time of GrabImageRGBD(): 15.1655ms
Frame 72 end
Average processing time of GrabImageRGBD(): 15.1217ms
Frame 73 end
Average processing time of GrabImageRGBD(): 15.0898ms
Frame 74 end
Average processing time of GrabImageRGBD(): 15.0525ms
Frame 75 end
Average processing time of GrabImageRGBD(): 15.0147ms
Frame 76 end
Average processing time of GrabImageRGBD(): 14.9341ms
Frame 77 end
Average processing time of GrabImageRGBD(): 14.8962ms
Frame 78 end
Average processing time of GrabImageRGBD(): 14.8437ms
Frame 79 end
Average processing time of GrabImageRGBD(): 14.7978ms
Frame 80 end
Average processing time of GrabImageRGBD(): 14.7356ms
Frame 81 end
Average processing time of GrabImageRGBD(): 14.6881ms
Frame 82 end
Average processing time of GrabImageRGBD(): 14.6327ms
Frame 83 end
Average processing time of GrabImageRGBD(): 14.6058ms
Frame 84 end
Average processing time of GrabImageRGBD(): 14.7843ms
Frame 85 end
Average processing time of GrabImageRGBD(): 14.7485ms
Frame 86 end
Average processing time of GrabImageRGBD(): 14.9606ms
Frame 87 end
Average processing time of GrabImageRGBD(): 14.9396ms
Frame 88 end
Average processing time of GrabImageRGBD(): 15.1293ms
Frame 89 end
Average processing time of GrabImageRGBD(): 15.0877ms
Frame 90 end
Average processing time of GrabImageRGBD(): 15.0557ms
Frame 91 end
Average processing time of GrabImageRGBD(): 15.0184ms
Frame 92 end
Average processing time of GrabImageRGBD(): 14.9637ms
Frame 93 end
Average processing time of GrabImageRGBD(): 14.9397ms
Frame 94 end
Average processing time of GrabImageRGBD(): 14.9106ms
Frame 95 end
Average processing time of GrabImageRGBD(): 14.8668ms
Frame 96 end
Average processing time of GrabImageRGBD(): 14.8466ms
Frame 97 end
Average processing time of GrabImageRGBD(): 14.8215ms
Frame 98 end
Average processing time of GrabImageRGBD(): 14.7849ms
Frame 99 end
Average processing time of GrabImageRGBD(): 14.7505ms
Frame 100 end
Average processing time of GrabImageRGBD(): 14.7092ms
Frame 101 end
Average processing time of GrabImageRGBD(): 14.6876ms
Frame 102 end
Average processing time of GrabImageRGBD(): 14.6689ms
Frame 103 end
Average processing time of GrabImageRGBD(): 14.6194ms
Frame 104 end
Average processing time of GrabImageRGBD(): 14.5806ms
Frame 105 end
Average processing time of GrabImageRGBD(): 14.5523ms
Frame 106 end
Average processing time of GrabImageRGBD(): 14.5361ms
Frame 107 end
Average processing time of GrabImageRGBD(): 14.4997ms
Frame 108 end
Average processing time of GrabImageRGBD(): 14.4855ms
Frame 109 end
Average processing time of GrabImageRGBD(): 14.6463ms
Frame 110 end
Average processing time of GrabImageRGBD(): 14.6328ms
Frame 111 end
Average processing time of GrabImageRGBD(): 14.6269ms
Frame 112 end
Average processing time of GrabImageRGBD(): 14.6158ms
Frame 113 end
Average processing time of GrabImageRGBD(): 14.5896ms
Frame 114 end
Average processing time of GrabImageRGBD(): 14.5879ms
Frame 115 end
Average processing time of GrabImageRGBD(): 14.5918ms
Frame 116 end
Average processing time of GrabImageRGBD(): 14.5817ms
Frame 117 end
Average processing time of GrabImageRGBD(): 14.5942ms
Frame 118 end
Average processing time of GrabImageRGBD(): 14.5837ms
Frame 119 end
Average processing time of GrabImageRGBD(): 14.5663ms
Frame 120 end
Average processing time of GrabImageRGBD(): 14.5516ms
Frame 121 end
Average processing time of GrabImageRGBD(): 14.5407ms
Frame 122 end
Average processing time of GrabImageRGBD(): 14.54ms
Frame 123 end
Average processing time of GrabImageRGBD(): 14.5346ms
Frame 124 end
Average processing time of GrabImageRGBD(): 14.6547ms
Frame 125 end
Average processing time of GrabImageRGBD(): 14.6769ms
Frame 126 end
Average processing time of GrabImageRGBD(): 14.7975ms
Frame 127 end
Average processing time of GrabImageRGBD(): 14.782ms
Frame 128 end
Average processing time of GrabImageRGBD(): 14.9085ms
Frame 129 end
Average processing time of GrabImageRGBD(): 14.9035ms
Frame 130 end
Average processing time of GrabImageRGBD(): 15.0929ms
Frame 131 end
Average processing time of GrabImageRGBD(): 15.0951ms
Frame 132 end
Average processing time of GrabImageRGBD(): 15.2309ms
Frame 133 end
Average processing time of GrabImageRGBD(): 15.2413ms
Frame 134 end
Average processing time of GrabImageRGBD(): 15.3698ms
Frame 135 end
Average processing time of GrabImageRGBD(): 15.3894ms
Frame 136 end
Average processing time of GrabImageRGBD(): 15.5162ms
Frame 137 end
Average processing time of GrabImageRGBD(): 15.5188ms
Frame 138 end
Average processing time of GrabImageRGBD(): 15.5272ms
Frame 139 end
Average processing time of GrabImageRGBD(): 15.6605ms
Frame 140 end
Average processing time of GrabImageRGBD(): 15.6708ms
Frame 141 end
Average processing time of GrabImageRGBD(): 15.6693ms
Frame 142 end
Average processing time of GrabImageRGBD(): 15.6761ms
Frame 143 end
Average processing time of GrabImageRGBD(): 15.8201ms
Frame 144 end
Average processing time of GrabImageRGBD(): 15.8138ms
Frame 145 end
Average processing time of GrabImageRGBD(): 15.9482ms
Frame 146 end
Average processing time of GrabImageRGBD(): 15.9457ms
Frame 147 end
Average processing time of GrabImageRGBD(): 16.0819ms
Frame 148 end
Average processing time of GrabImageRGBD(): 16.1015ms
Frame 149 end
Average processing time of GrabImageRGBD(): 16.1004ms
Frame 150 end
Average processing time of GrabImageRGBD(): 16.0937ms
Frame 151 end
Average processing time of GrabImageRGBD(): 16.2024ms
Frame 152 end
Average processing time of GrabImageRGBD(): 16.206ms
Frame 153 end
Average processing time of GrabImageRGBD(): 16.189ms
Frame 154 end
Average processing time of GrabImageRGBD(): 16.1836ms
Frame 155 end
Average processing time of GrabImageRGBD(): 16.1666ms
Frame 156 end
Average processing time of GrabImageRGBD(): 16.2938ms
Frame 157 end
Average processing time of GrabImageRGBD(): 16.2848ms
Frame 158 end
Average processing time of GrabImageRGBD(): 16.2693ms
Frame 159 end
Average processing time of GrabImageRGBD(): 16.2386ms
Frame 160 end
Average processing time of GrabImageRGBD(): 16.2234ms
Frame 161 end
Average processing time of GrabImageRGBD(): 16.1928ms
Frame 162 end
Average processing time of GrabImageRGBD(): 16.1679ms
Frame 163 end
Average processing time of GrabImageRGBD(): 16.1511ms
Frame 164 end
Average processing time of GrabImageRGBD(): 16.1368ms
Frame 165 end
Average processing time of GrabImageRGBD(): 16.2493ms
Frame 166 end
Average processing time of GrabImageRGBD(): 16.2399ms
Frame 167 end
Average processing time of GrabImageRGBD(): 16.2277ms
Frame 168 end
Average processing time of GrabImageRGBD(): 16.2234ms
Frame 169 end
Average processing time of GrabImageRGBD(): 16.1989ms
Frame 170 end
Average processing time of GrabImageRGBD(): 16.2918ms
Frame 171 end
Average processing time of GrabImageRGBD(): 16.2894ms
Frame 172 end
Average processing time of GrabImageRGBD(): 16.2791ms
Frame 173 end
Average processing time of GrabImageRGBD(): 16.2835ms
Frame 174 end
Average processing time of GrabImageRGBD(): 16.2768ms
Frame 175 end
Average processing time of GrabImageRGBD(): 16.3772ms
Frame 176 end
Average processing time of GrabImageRGBD(): 16.3621ms
Frame 177 end
Average processing time of GrabImageRGBD(): 16.3715ms
Frame 178 end
Average processing time of GrabImageRGBD(): 16.465ms
Frame 179 end
Average processing time of GrabImageRGBD(): 16.4532ms
Frame 180 end
Average processing time of GrabImageRGBD(): 16.4499ms
Frame 181 end
Average processing time of GrabImageRGBD(): 16.4475ms
Frame 182 end
Average processing time of GrabImageRGBD(): 16.5402ms
Frame 183 end
Average processing time of GrabImageRGBD(): 16.5255ms
Frame 184 end
Average processing time of GrabImageRGBD(): 16.5356ms
Frame 185 end
Average processing time of GrabImageRGBD(): 16.6303ms
Frame 186 end
Average processing time of GrabImageRGBD(): 16.6423ms
Frame 187 end
Average processing time of GrabImageRGBD(): 16.6521ms
Frame 188 end
Average processing time of GrabImageRGBD(): 16.7513ms
Frame 189 end
Average processing time of GrabImageRGBD(): 16.7398ms
Frame 190 end
Average processing time of GrabImageRGBD(): 16.8268ms
Frame 191 end
Average processing time of GrabImageRGBD(): 16.8303ms
Frame 192 end
Average processing time of GrabImageRGBD(): 16.8288ms
Frame 193 end
Average processing time of GrabImageRGBD(): 16.9413ms
Frame 194 end
Average processing time of GrabImageRGBD(): 16.9376ms
Frame 195 end
Average processing time of GrabImageRGBD(): 16.9435ms
Frame 196 end
Average processing time of GrabImageRGBD(): 17.0293ms
Frame 197 end
Average processing time of GrabImageRGBD(): 17.0433ms
Frame 198 end
Average processing time of GrabImageRGBD(): 17.0419ms
Frame 199 end
Average processing time of GrabImageRGBD(): 17.0223ms
Frame 200 end
Average processing time of GrabImageRGBD(): 17.1093ms
Frame 201 end
Average processing time of GrabImageRGBD(): 17.0948ms
Frame 202 end
Average processing time of GrabImageRGBD(): 17.0728ms
Frame 203 end
Average processing time of GrabImageRGBD(): 17.0388ms
Frame 204 end
Average processing time of GrabImageRGBD(): 17.0181ms
Frame 205 end
Average processing time of GrabImageRGBD(): 17.0003ms
Frame 206 end
Average processing time of GrabImageRGBD(): 16.971ms
Frame 207 end
Average processing time of GrabImageRGBD(): 16.947ms
Frame 208 end
Average processing time of GrabImageRGBD(): 16.9232ms
Frame 209 end
Average processing time of GrabImageRGBD(): 16.9908ms
Frame 210 end
Average processing time of GrabImageRGBD(): 16.974ms
Frame 211 end
Average processing time of GrabImageRGBD(): 16.9508ms
Frame 212 end
Average processing time of GrabImageRGBD(): 16.9329ms
Frame 213 end
Average processing time of GrabImageRGBD(): 16.9059ms
Frame 214 end
Average processing time of GrabImageRGBD(): 16.8884ms
Frame 215 end
Average processing time of GrabImageRGBD(): 16.9646ms
Frame 216 end
Average processing time of GrabImageRGBD(): 16.9319ms
Frame 217 end
Average processing time of GrabImageRGBD(): 16.9249ms
Frame 218 end
Average processing time of GrabImageRGBD(): 16.9059ms
Frame 219 end
Average processing time of GrabImageRGBD(): 16.9771ms
Frame 220 end
Average processing time of GrabImageRGBD(): 16.9648ms
Frame 221 end
Average processing time of GrabImageRGBD(): 16.9641ms
Frame 222 end
Average processing time of GrabImageRGBD(): 16.9432ms
Frame 223 end
Average processing time of GrabImageRGBD(): 16.9327ms
Frame 224 end
Average processing time of GrabImageRGBD(): 17.0016ms
Frame 225 end
Average processing time of GrabImageRGBD(): 16.9769ms
Frame 226 end
Average processing time of GrabImageRGBD(): 16.9516ms
Frame 227 end
Average processing time of GrabImageRGBD(): 16.9403ms
Frame 228 end
Average processing time of GrabImageRGBD(): 17.0156ms
Frame 229 end
Average processing time of GrabImageRGBD(): 17.0072ms
Frame 230 end
Average processing time of GrabImageRGBD(): 17.0542ms
Frame 231 end
Average processing time of GrabImageRGBD(): 17.0469ms
Frame 232 end
Average processing time of GrabImageRGBD(): 17.113ms
Frame 233 end
Average processing time of GrabImageRGBD(): 17.0844ms
Frame 234 end
Average processing time of GrabImageRGBD(): 17.0741ms
Frame 235 end
Average processing time of GrabImageRGBD(): 17.0595ms
Frame 236 end
Average processing time of GrabImageRGBD(): 17.0376ms
Frame 237 end
Average processing time of GrabImageRGBD(): 17.1021ms
Frame 238 end
Average processing time of GrabImageRGBD(): 17.0719ms
Frame 239 end
Average processing time of GrabImageRGBD(): 17.0543ms
Frame 240 end
Average processing time of GrabImageRGBD(): 17.0331ms
Frame 241 end
Average processing time of GrabImageRGBD(): 17.1222ms
Frame 242 end
Average processing time of GrabImageRGBD(): 17.1027ms
Frame 243 end
Average processing time of GrabImageRGBD(): 17.0831ms
Frame 244 end
Average processing time of GrabImageRGBD(): 17.0698ms
Frame 245 end
Average processing time of GrabImageRGBD(): 17.0429ms
Frame 246 end
Average processing time of GrabImageRGBD(): 17.0252ms
Frame 247 end
Average processing time of GrabImageRGBD(): 17.0848ms
Frame 248 end
Average processing time of GrabImageRGBD(): 17.0545ms
Frame 249 end
Average processing time of GrabImageRGBD(): 17.0381ms
Frame 250 end
Average processing time of GrabImageRGBD(): 17.0168ms
Frame 251 end
Average processing time of GrabImageRGBD(): 16.9973ms
Frame 252 end
Average processing time of GrabImageRGBD(): 16.9787ms
Frame 253 end
Average processing time of GrabImageRGBD(): 16.959ms
Frame 254 end
Average processing time of GrabImageRGBD(): 16.9431ms
Frame 255 end
Average processing time of GrabImageRGBD(): 16.9245ms
Frame 256 end
Average processing time of GrabImageRGBD(): 16.8933ms
Frame 257 end
Average processing time of GrabImageRGBD(): 16.874ms
Frame 258 end
Average processing time of GrabImageRGBD(): 16.8553ms
Frame 259 end
Average processing time of GrabImageRGBD(): 16.8414ms
Frame 260 end
Average processing time of GrabImageRGBD(): 16.9427ms
Frame 261 end
Average processing time of GrabImageRGBD(): 16.9337ms
Frame 262 end
Average processing time of GrabImageRGBD(): 16.916ms
Frame 263 end
Average processing time of GrabImageRGBD(): 16.9026ms
Frame 264 end
Average processing time of GrabImageRGBD(): 16.9687ms
Frame 265 end
Average processing time of GrabImageRGBD(): 16.9565ms
Frame 266 end
Average processing time of GrabImageRGBD(): 16.9437ms
Frame 267 end
Average processing time of GrabImageRGBD(): 16.9229ms
Frame 268 end
Average processing time of GrabImageRGBD(): 16.9779ms
Frame 269 end
Average processing time of GrabImageRGBD(): 16.9692ms
Frame 270 end
Average processing time of GrabImageRGBD(): 16.957ms
Frame 271 end
Average processing time of GrabImageRGBD(): 16.9465ms
Frame 272 end
Average processing time of GrabImageRGBD(): 17.0058ms
Frame 273 end
Average processing time of GrabImageRGBD(): 17ms
Frame 274 end
Average processing time of GrabImageRGBD(): 16.9807ms
Frame 275 end
Average processing time of GrabImageRGBD(): 16.9625ms
Frame 276 end
Average processing time of GrabImageRGBD(): 16.9509ms
Frame 277 end
Average processing time of GrabImageRGBD(): 17.0054ms
Frame 278 end
Average processing time of GrabImageRGBD(): 16.9951ms
Frame 279 end
Average processing time of GrabImageRGBD(): 16.9957ms
Frame 280 end
Average processing time of GrabImageRGBD(): 16.9866ms
Frame 281 end
Average processing time of GrabImageRGBD(): 16.9731ms
Frame 282 end
Average processing time of GrabImageRGBD(): 17.0532ms
Frame 283 end
Average processing time of GrabImageRGBD(): 17.0476ms
Frame 284 end
Average processing time of GrabImageRGBD(): 17.0472ms
Frame 285 end
Average processing time of GrabImageRGBD(): 17.036ms
Frame 286 end
Average processing time of GrabImageRGBD(): 17.014ms
Frame 287 end
Average processing time of GrabImageRGBD(): 17.0745ms
Frame 288 end
Average processing time of GrabImageRGBD(): 17.0646ms
Frame 289 end
Average processing time of GrabImageRGBD(): 17.0586ms
Frame 290 end
Average processing time of GrabImageRGBD(): 17.065ms
Frame 291 end
Average processing time of GrabImageRGBD(): 17.0461ms
Frame 292 end
Average processing time of GrabImageRGBD(): 17.1188ms
Frame 293 end
Average processing time of GrabImageRGBD(): 17.1155ms
Frame 294 end
Average processing time of GrabImageRGBD(): 17.1076ms
Frame 295 end
Average processing time of GrabImageRGBD(): 17.0999ms
Frame 296 end
Average processing time of GrabImageRGBD(): 17.0979ms
Frame 297 end
Average processing time of GrabImageRGBD(): 17.1659ms
Frame 298 end
Average processing time of GrabImageRGBD(): 17.1559ms
Frame 299 end
Average processing time of GrabImageRGBD(): 17.1627ms
Frame 300 end
Average processing time of GrabImageRGBD(): 17.1671ms
Frame 301 end
Average processing time of GrabImageRGBD(): 17.1639ms
Frame 302 end
Average processing time of GrabImageRGBD(): 17.2347ms
Frame 303 end
Average processing time of GrabImageRGBD(): 17.2262ms
Frame 304 end
Average processing time of GrabImageRGBD(): 17.2216ms
Frame 305 end
Average processing time of GrabImageRGBD(): 17.2079ms
Frame 306 end
Average processing time of GrabImageRGBD(): 17.1952ms
Frame 307 end
Average processing time of GrabImageRGBD(): 17.2643ms
Frame 308 end
Average processing time of GrabImageRGBD(): 17.2562ms
Frame 309 end
Average processing time of GrabImageRGBD(): 17.2586ms
Frame 310 end
Average processing time of GrabImageRGBD(): 17.2519ms
Frame 311 end
Average processing time of GrabImageRGBD(): 17.2437ms
Frame 312 end
Average processing time of GrabImageRGBD(): 17.23ms
Frame 313 end
Average processing time of GrabImageRGBD(): 17.2151ms
Frame 314 end
Average processing time of GrabImageRGBD(): 17.2046ms
Frame 315 end
Average processing time of GrabImageRGBD(): 17.2038ms
Frame 316 end
Average processing time of GrabImageRGBD(): 17.248ms
Frame 317 end
Average processing time of GrabImageRGBD(): 17.2205ms
Frame 318 end
Average processing time of GrabImageRGBD(): 17.2075ms
Frame 319 end
Average processing time of GrabImageRGBD(): 17.2028ms
Frame 320 end
Average processing time of GrabImageRGBD(): 17.188ms
Frame 321 end
Average processing time of GrabImageRGBD(): 17.1748ms
Frame 322 end
Average processing time of GrabImageRGBD(): 17.1625ms
Frame 323 end
Average processing time of GrabImageRGBD(): 17.1512ms
Frame 324 end
Average processing time of GrabImageRGBD(): 17.2291ms
Frame 325 end
Average processing time of GrabImageRGBD(): 17.219ms
Frame 326 end
Average processing time of GrabImageRGBD(): 17.2089ms
Frame 327 end
Average processing time of GrabImageRGBD(): 17.1941ms
Frame 328 end
Average processing time of GrabImageRGBD(): 17.1839ms
Frame 329 end
Average processing time of GrabImageRGBD(): 17.1709ms
Frame 330 end
Average processing time of GrabImageRGBD(): 17.1546ms
Frame 331 end
Average processing time of GrabImageRGBD(): 17.1418ms
Frame 332 end
Average processing time of GrabImageRGBD(): 17.1219ms
Frame 333 end
Average processing time of GrabImageRGBD(): 17.1099ms
Frame 334 end
Average processing time of GrabImageRGBD(): 17.0969ms
Frame 335 end
Average processing time of GrabImageRGBD(): 17.0818ms
Frame 336 end
Average processing time of GrabImageRGBD(): 17.07ms
Frame 337 end
Average processing time of GrabImageRGBD(): 17.0514ms
Frame 338 end
Average processing time of GrabImageRGBD(): 17.0315ms
Frame 339 end
Average processing time of GrabImageRGBD(): 17.0181ms
Frame 340 end
Average processing time of GrabImageRGBD(): 17.0664ms
Frame 341 end
Average processing time of GrabImageRGBD(): 17.058ms
Frame 342 end
Average processing time of GrabImageRGBD(): 17.0483ms
Frame 343 end
Average processing time of GrabImageRGBD(): 17.0384ms
Frame 344 end
Average processing time of GrabImageRGBD(): 17.0251ms
Frame 345 end
Average processing time of GrabImageRGBD(): 17.0157ms
Frame 346 end
Average processing time of GrabImageRGBD(): 16.9978ms
Frame 347 end
Average processing time of GrabImageRGBD(): 16.9852ms
Frame 348 end
Average processing time of GrabImageRGBD(): 16.9731ms
Frame 349 end
Average processing time of GrabImageRGBD(): 17.0181ms
Frame 350 end
Average processing time of GrabImageRGBD(): 17.0081ms
Frame 351 end
Average processing time of GrabImageRGBD(): 16.9972ms
Frame 352 end
Average processing time of GrabImageRGBD(): 16.9845ms
Frame 353 end
Average processing time of GrabImageRGBD(): 16.9756ms
Frame 354 end
Average processing time of GrabImageRGBD(): 16.9703ms
Frame 355 end
Average processing time of GrabImageRGBD(): 16.9609ms
Frame 356 end
Average processing time of GrabImageRGBD(): 16.9488ms
Frame 357 end
Average processing time of GrabImageRGBD(): 16.9369ms
Frame 358 end
Average processing time of GrabImageRGBD(): 16.9849ms
Frame 359 end
Average processing time of GrabImageRGBD(): 16.9715ms
Frame 360 end
Average processing time of GrabImageRGBD(): 16.9534ms
Frame 361 end
Average processing time of GrabImageRGBD(): 16.9405ms
Frame 362 end
Average processing time of GrabImageRGBD(): 16.919ms
Frame 363 end
Average processing time of GrabImageRGBD(): 16.9061ms
Frame 364 end
Average processing time of GrabImageRGBD(): 16.8952ms
Frame 365 end
Average processing time of GrabImageRGBD(): 16.888ms
Frame 366 end
Average processing time of GrabImageRGBD(): 16.8708ms
Frame 367 end
Average processing time of GrabImageRGBD(): 16.8586ms
Frame 368 end
Average processing time of GrabImageRGBD(): 16.9026ms
Frame 369 end
Average processing time of GrabImageRGBD(): 16.89ms
Frame 370 end
Average processing time of GrabImageRGBD(): 16.8794ms
Frame 371 end
Average processing time of GrabImageRGBD(): 16.863ms
Frame 372 end
Average processing time of GrabImageRGBD(): 16.8526ms
Frame 373 end
Average processing time of GrabImageRGBD(): 16.8418ms
Frame 374 end
Average processing time of GrabImageRGBD(): 16.8813ms
Frame 375 end
Average processing time of GrabImageRGBD(): 16.8721ms
Frame 376 end
Average processing time of GrabImageRGBD(): 16.8545ms
Frame 377 end
Average processing time of GrabImageRGBD(): 16.8305ms
Frame 378 end
Average processing time of GrabImageRGBD(): 16.8205ms
Frame 379 end
Average processing time of GrabImageRGBD(): 16.811ms
Frame 380 end
Average processing time of GrabImageRGBD(): 16.797ms
Frame 381 end
Average processing time of GrabImageRGBD(): 16.844ms
Frame 382 end
Average processing time of GrabImageRGBD(): 16.8361ms
Frame 383 end
Average processing time of GrabImageRGBD(): 16.8295ms
Frame 384 end
Average processing time of GrabImageRGBD(): 16.8197ms
Frame 385 end
Average processing time of GrabImageRGBD(): 16.8034ms
Frame 386 end
Average processing time of GrabImageRGBD(): 16.7937ms
Frame 387 end
Average processing time of GrabImageRGBD(): 16.7838ms
Frame 388 end
Average processing time of GrabImageRGBD(): 16.7682ms
Frame 389 end
Average processing time of GrabImageRGBD(): 16.7552ms
Frame 390 end
Average processing time of GrabImageRGBD(): 16.7431ms
Frame 391 end
Average processing time of GrabImageRGBD(): 16.7752ms
Frame 392 end
Average processing time of GrabImageRGBD(): 16.7647ms
Frame 393 end
Average processing time of GrabImageRGBD(): 16.7526ms
Frame 394 end
Average processing time of GrabImageRGBD(): 16.7416ms
Frame 395 end
Average processing time of GrabImageRGBD(): 16.7347ms
Frame 396 end
Average processing time of GrabImageRGBD(): 16.7266ms
Frame 397 end
Average processing time of GrabImageRGBD(): 16.7107ms
Frame 398 end
Average processing time of GrabImageRGBD(): 16.7523ms
Frame 399 end
Average processing time of GrabImageRGBD(): 16.7458ms
Frame 400 end
Average processing time of GrabImageRGBD(): 16.7339ms
Frame 401 end
Average processing time of GrabImageRGBD(): 16.7186ms
Frame 402 end
Average processing time of GrabImageRGBD(): 16.7121ms
Frame 403 end
Average processing time of GrabImageRGBD(): 16.7078ms
Frame 404 end
Average processing time of GrabImageRGBD(): 16.7027ms
Frame 405 end
Average processing time of GrabImageRGBD(): 16.745ms
Frame 406 end
Average processing time of GrabImageRGBD(): 16.7185ms
Frame 407 end
Average processing time of GrabImageRGBD(): 16.6828ms
Frame 408 end
Average processing time of GrabImageRGBD(): 16.6628ms
Frame 409 end
Average processing time of GrabImageRGBD(): 16.653ms
Frame 410 end
Average processing time of GrabImageRGBD(): 16.6474ms
Frame 411 end
Average processing time of GrabImageRGBD(): 16.6913ms
Frame 412 end
Average processing time of GrabImageRGBD(): 16.6788ms
Frame 413 end
Average processing time of GrabImageRGBD(): 16.6724ms
Frame 414 end
Average processing time of GrabImageRGBD(): 16.6674ms
Frame 415 end
Average processing time of GrabImageRGBD(): 16.654ms
Frame 416 end
Average processing time of GrabImageRGBD(): 16.6442ms
Frame 417 end
Average processing time of GrabImageRGBD(): 16.6905ms
Frame 418 end
Average processing time of GrabImageRGBD(): 16.6885ms
Frame 419 end
Average processing time of GrabImageRGBD(): 16.6879ms
Frame 420 end
Average processing time of GrabImageRGBD(): 16.6876ms
Frame 421 end
Average processing time of GrabImageRGBD(): 16.6773ms
Frame 422 end
Average processing time of GrabImageRGBD(): 16.6782ms
Frame 423 end
Average processing time of GrabImageRGBD(): 16.7225ms
Frame 424 end
Average processing time of GrabImageRGBD(): 16.7184ms
Frame 425 end
Average processing time of GrabImageRGBD(): 16.7127ms
Frame 426 end
Average processing time of GrabImageRGBD(): 16.7058ms
Frame 427 end
Average processing time of GrabImageRGBD(): 16.7048ms
Frame 428 end
Average processing time of GrabImageRGBD(): 16.6939ms
Frame 429 end
Average processing time of GrabImageRGBD(): 16.7406ms
Frame 430 end
Average processing time of GrabImageRGBD(): 16.7344ms
Frame 431 end
Average processing time of GrabImageRGBD(): 16.7296ms
Frame 432 end
Average processing time of GrabImageRGBD(): 16.7298ms
Frame 433 end
Average processing time of GrabImageRGBD(): 16.7171ms
Frame 434 end
Average processing time of GrabImageRGBD(): 16.715ms
Frame 435 end
Average processing time of GrabImageRGBD(): 16.7088ms
Frame 436 end
Average processing time of GrabImageRGBD(): 16.7004ms
Frame 437 end
Average processing time of GrabImageRGBD(): 16.6787ms
Frame 438 end
Average processing time of GrabImageRGBD(): 16.6469ms
Frame 439 end
Average processing time of GrabImageRGBD(): 16.6172ms
Frame 440 end
Average processing time of GrabImageRGBD(): 16.5966ms
Frame 441 end
Average processing time of GrabImageRGBD(): 16.5696ms
Frame 442 end
Average processing time of GrabImageRGBD(): 16.5512ms
Frame 443 end
Average processing time of GrabImageRGBD(): 16.5212ms
Frame 444 end
Average processing time of GrabImageRGBD(): 16.4957ms
Frame 445 end
Average processing time of GrabImageRGBD(): 16.4762ms
Frame 446 end
Average processing time of GrabImageRGBD(): 16.4473ms
Frame 447 end
Average processing time of GrabImageRGBD(): 16.4203ms
Frame 448 end
Average processing time of GrabImageRGBD(): 16.3942ms
Frame 449 end
Average processing time of GrabImageRGBD(): 16.3652ms
Frame 450 end
Average processing time of GrabImageRGBD(): 16.3468ms
Frame 451 end
Average processing time of GrabImageRGBD(): 16.3272ms
Frame 452 end
Average processing time of GrabImageRGBD(): 16.2982ms
Frame 453 end
Average processing time of GrabImageRGBD(): 16.2692ms
Frame 454 end
Average processing time of GrabImageRGBD(): 16.2505ms
Frame 455 end
Average processing time of GrabImageRGBD(): 16.2222ms
Frame 456 end
Average processing time of GrabImageRGBD(): 16.1941ms
Frame 457 end
Average processing time of GrabImageRGBD(): 16.215ms
Frame 458 end
Average processing time of GrabImageRGBD(): 16.1921ms
Frame 459 end
Average processing time of GrabImageRGBD(): 16.1633ms
Frame 460 end
Average processing time of GrabImageRGBD(): 16.1435ms
Frame 461 end
Average processing time of GrabImageRGBD(): 16.1256ms
Frame 462 end
Average processing time of GrabImageRGBD(): 16.0998ms
Frame 463 end
Average processing time of GrabImageRGBD(): 16.0767ms
Frame 464 end
Average processing time of GrabImageRGBD(): 16.0492ms
Frame 465 end
Average processing time of GrabImageRGBD(): 16.076ms
Frame 466 end
Average processing time of GrabImageRGBD(): 16.0662ms
Frame 467 end
Average processing time of GrabImageRGBD(): 16.0397ms
Frame 468 end
Average processing time of GrabImageRGBD(): 16.0257ms
Frame 469 end
Average processing time of GrabImageRGBD(): 15.9988ms
Frame 470 end
Average processing time of GrabImageRGBD(): 15.9782ms
Frame 471 end
Average processing time of GrabImageRGBD(): 15.9699ms
Frame 472 end
Average processing time of GrabImageRGBD(): 15.9627ms
Frame 473 end
Average processing time of GrabImageRGBD(): 16.0045ms
Frame 474 end
Average processing time of GrabImageRGBD(): 15.9955ms
Frame 475 end
Average processing time of GrabImageRGBD(): 15.9838ms
Frame 476 end
Average processing time of GrabImageRGBD(): 15.981ms
Frame 477 end
Average processing time of GrabImageRGBD(): 15.9735ms
Frame 478 end
Average processing time of GrabImageRGBD(): 15.9686ms
Frame 479 end
Average processing time of GrabImageRGBD(): 15.9553ms
Frame 480 end
Average processing time of GrabImageRGBD(): 15.9447ms
Frame 481 end
Average processing time of GrabImageRGBD(): 15.9868ms
Frame 482 end
Average processing time of GrabImageRGBD(): 15.9746ms
Frame 483 end
Average processing time of GrabImageRGBD(): 15.9736ms
Frame 484 end
Average processing time of GrabImageRGBD(): 15.9604ms
Frame 485 end
Average processing time of GrabImageRGBD(): 15.9459ms
Frame 486 end
Average processing time of GrabImageRGBD(): 15.9348ms
Frame 487 end
Average processing time of GrabImageRGBD(): 15.9261ms
Frame 488 end
Average processing time of GrabImageRGBD(): 15.9216ms
Frame 489 end
Average processing time of GrabImageRGBD(): 15.9074ms
Frame 490 end
Average processing time of GrabImageRGBD(): 15.9025ms
Frame 491 end
Average processing time of GrabImageRGBD(): 15.8974ms
Frame 492 end
Average processing time of GrabImageRGBD(): 15.8923ms
Frame 493 end
Average processing time of GrabImageRGBD(): 15.8814ms
Frame 494 end
Average processing time of GrabImageRGBD(): 15.8773ms
Frame 495 end
Average processing time of GrabImageRGBD(): 15.8708ms
Frame 496 end
Average processing time of GrabImageRGBD(): 15.859ms
Frame 497 end
Average processing time of GrabImageRGBD(): 15.8571ms
Frame 498 end
Average processing time of GrabImageRGBD(): 15.8482ms
Frame 499 end
Average processing time of GrabImageRGBD(): 15.8434ms
Frame 500 end
Average processing time of GrabImageRGBD(): 15.8374ms
Frame 501 end
Average processing time of GrabImageRGBD(): 15.8332ms
Frame 502 end
Average processing time of GrabImageRGBD(): 15.871ms
Frame 503 end
Average processing time of GrabImageRGBD(): 15.8679ms
Frame 504 end
Average processing time of GrabImageRGBD(): 15.8572ms
Frame 505 end
Average processing time of GrabImageRGBD(): 15.847ms
Frame 506 end
Average processing time of GrabImageRGBD(): 15.8408ms
Frame 507 end
Average processing time of GrabImageRGBD(): 15.8355ms
Frame 508 end
Average processing time of GrabImageRGBD(): 15.8278ms
Frame 509 end
Average processing time of GrabImageRGBD(): 15.8186ms
Frame 510 end
Average processing time of GrabImageRGBD(): 15.8503ms
Frame 511 end
Average processing time of GrabImageRGBD(): 15.8418ms
Frame 512 end
Average processing time of GrabImageRGBD(): 15.8284ms
Frame 513 end
Average processing time of GrabImageRGBD(): 15.817ms
Frame 514 end
Average processing time of GrabImageRGBD(): 15.8077ms
Frame 515 end
Average processing time of GrabImageRGBD(): 15.7989ms
Frame 516 end
Average processing time of GrabImageRGBD(): 15.7908ms
Frame 517 end
Average processing time of GrabImageRGBD(): 15.786ms
Frame 518 end
Average processing time of GrabImageRGBD(): 15.7745ms
Frame 519 end
Average processing time of GrabImageRGBD(): 15.8083ms
Frame 520 end
Average processing time of GrabImageRGBD(): 15.8044ms
Frame 521 end
Average processing time of GrabImageRGBD(): 15.7945ms
Frame 522 end
Average processing time of GrabImageRGBD(): 15.7914ms
Frame 523 end
Average processing time of GrabImageRGBD(): 15.7884ms
Frame 524 end
Average processing time of GrabImageRGBD(): 15.783ms
Frame 525 end
Average processing time of GrabImageRGBD(): 15.7715ms
Frame 526 end
Average processing time of GrabImageRGBD(): 15.7665ms
Frame 527 end
Average processing time of GrabImageRGBD(): 15.7604ms
Frame 528 end
Average processing time of GrabImageRGBD(): 15.7979ms
Frame 529 end
Average processing time of GrabImageRGBD(): 15.794ms
Frame 530 end
Average processing time of GrabImageRGBD(): 15.7903ms
Frame 531 end
Average processing time of GrabImageRGBD(): 15.7812ms
Frame 532 end
Average processing time of GrabImageRGBD(): 15.7735ms
Frame 533 end
Average processing time of GrabImageRGBD(): 15.7671ms
Frame 534 end
Average processing time of GrabImageRGBD(): 15.7581ms
Frame 535 end
Average processing time of GrabImageRGBD(): 15.7486ms
Frame 536 end
Average processing time of GrabImageRGBD(): 15.7393ms
Frame 537 end
Average processing time of GrabImageRGBD(): 15.7734ms
Frame 538 end
Average processing time of GrabImageRGBD(): 15.7729ms
Frame 539 end
Average processing time of GrabImageRGBD(): 15.7684ms
Frame 540 end
Average processing time of GrabImageRGBD(): 15.7636ms
Frame 541 end
Average processing time of GrabImageRGBD(): 15.7534ms
Frame 542 end
Average processing time of GrabImageRGBD(): 15.7486ms
Frame 543 end
Average processing time of GrabImageRGBD(): 15.743ms
Frame 544 end
Average processing time of GrabImageRGBD(): 15.7373ms
Frame 545 end
Average processing time of GrabImageRGBD(): 15.7289ms
Frame 546 end
Average processing time of GrabImageRGBD(): 15.7602ms
Frame 547 end
Average processing time of GrabImageRGBD(): 15.7563ms
Frame 548 end
Average processing time of GrabImageRGBD(): 15.7496ms
Frame 549 end
Average processing time of GrabImageRGBD(): 15.7436ms
Frame 550 end
Average processing time of GrabImageRGBD(): 15.7354ms
Frame 551 end
Average processing time of GrabImageRGBD(): 15.7308ms
Frame 552 end
Average processing time of GrabImageRGBD(): 15.725ms
Frame 553 end
Average processing time of GrabImageRGBD(): 15.7138ms
Frame 554 end
Average processing time of GrabImageRGBD(): 15.7061ms
Frame 555 end
Average processing time of GrabImageRGBD(): 15.7365ms
Frame 556 end
Average processing time of GrabImageRGBD(): 15.7344ms
Frame 557 end
Average processing time of GrabImageRGBD(): 15.7313ms
Frame 558 end
Average processing time of GrabImageRGBD(): 15.726ms
Frame 559 end
Average processing time of GrabImageRGBD(): 15.7196ms
Frame 560 end
Average processing time of GrabImageRGBD(): 15.717ms
Frame 561 end
Average processing time of GrabImageRGBD(): 15.7121ms
Frame 562 end
Average processing time of GrabImageRGBD(): 15.7421ms
Frame 563 end
Average processing time of GrabImageRGBD(): 15.7397ms
Frame 564 end
Average processing time of GrabImageRGBD(): 15.7341ms
Frame 565 end
Average processing time of GrabImageRGBD(): 15.7344ms
Frame 566 end
Average processing time of GrabImageRGBD(): 15.7357ms
Frame 567 end
Average processing time of GrabImageRGBD(): 15.7386ms
Frame 568 end
Average processing time of GrabImageRGBD(): 15.734ms
Frame 569 end
Average processing time of GrabImageRGBD(): 15.7309ms
Frame 570 end
Average processing time of GrabImageRGBD(): 15.7635ms
Frame 571 end
Average processing time of GrabImageRGBD(): 15.7628ms
Frame 572 end
Average processing time of GrabImageRGBD(): 15.7624ms
Frame 573 end
Average processing time of GrabImageRGBD(): 15.7597ms
Frame 574 end
Average processing time of GrabImageRGBD(): 15.7576ms
Frame 575 end
Average processing time of GrabImageRGBD(): 15.7542ms
Frame 576 end
Average processing time of GrabImageRGBD(): 15.7876ms
Frame 577 end
Average processing time of GrabImageRGBD(): 15.7857ms
Frame 578 end
Average processing time of GrabImageRGBD(): 15.7905ms
Frame 579 end
Average processing time of GrabImageRGBD(): 15.7875ms
Frame 580 end
Average processing time of GrabImageRGBD(): 15.7838ms
Frame 581 end
Average processing time of GrabImageRGBD(): 15.7865ms
Frame 582 end
Average processing time of GrabImageRGBD(): 15.7815ms
Frame 583 end
Average processing time of GrabImageRGBD(): 15.777ms
Frame 584 end
Average processing time of GrabImageRGBD(): 15.8055ms
Frame 585 end
Average processing time of GrabImageRGBD(): 15.803ms
Frame 586 end
Average processing time of GrabImageRGBD(): 15.7969ms
Frame 587 end
Average processing time of GrabImageRGBD(): 15.7901ms
Frame 588 end
Average processing time of GrabImageRGBD(): 15.7867ms
Frame 589 end
Average processing time of GrabImageRGBD(): 15.7821ms
Frame 590 end
Average processing time of GrabImageRGBD(): 15.778ms
Frame 591 end
Average processing time of GrabImageRGBD(): 15.7765ms
Frame 592 end
Average processing time of GrabImageRGBD(): 15.7735ms
Frame 593 end
Average processing time of GrabImageRGBD(): 15.7709ms
Frame 594 end
Average processing time of GrabImageRGBD(): 15.8053ms
Frame 595 end
Average processing time of GrabImageRGBD(): 15.8405ms
Frame 596 end
Average processing time of GrabImageRGBD(): 15.8524ms
Frame 597 end
Average processing time of GrabImageRGBD(): 15.8551ms
Frame 598 end
Average processing time of GrabImageRGBD(): 15.8535ms
Frame 599 end
Average processing time of GrabImageRGBD(): 15.8537ms
Frame 600 end
Average processing time of GrabImageRGBD(): 15.8537ms
Frame 601 end
Average processing time of GrabImageRGBD(): 15.8575ms
Frame 602 end
Average processing time of GrabImageRGBD(): 15.8569ms
Frame 603 end
Average processing time of GrabImageRGBD(): 15.8873ms
Frame 604 end
Average processing time of GrabImageRGBD(): 15.8793ms
Frame 605 end
Average processing time of GrabImageRGBD(): 15.8701ms
Frame 606 end
Average processing time of GrabImageRGBD(): 15.8609ms
Frame 607 end
Average processing time of GrabImageRGBD(): 15.8555ms
Frame 608 end
Average processing time of GrabImageRGBD(): 15.8478ms
Frame 609 end
Average processing time of GrabImageRGBD(): 15.8397ms
Frame 610 end
Average processing time of GrabImageRGBD(): 15.8729ms
Frame 611 end
Average processing time of GrabImageRGBD(): 15.8678ms
Frame 612 end
Average processing time of GrabImageRGBD(): 15.8567ms
Frame 613 end
Average processing time of GrabImageRGBD(): 15.8435ms
Frame 614 end
Average processing time of GrabImageRGBD(): 15.8365ms
Frame 615 end
Average processing time of GrabImageRGBD(): 15.8714ms
Frame 616 end
Average processing time of GrabImageRGBD(): 15.8712ms
Frame 617 end
Average processing time of GrabImageRGBD(): 15.8748ms
Frame 618 end
Average processing time of GrabImageRGBD(): 15.8717ms
Frame 619 end
Average processing time of GrabImageRGBD(): 15.8683ms
Frame 620 end
Average processing time of GrabImageRGBD(): 15.8704ms
Frame 621 end
Average processing time of GrabImageRGBD(): 15.8669ms
Frame 622 end
Average processing time of GrabImageRGBD(): 15.8623ms
Frame 623 end
Average processing time of GrabImageRGBD(): 15.8983ms
Frame 624 end
Average processing time of GrabImageRGBD(): 15.8949ms
Frame 625 end
Average processing time of GrabImageRGBD(): 15.8933ms
Frame 626 end
Average processing time of GrabImageRGBD(): 15.8891ms
Frame 627 end
Average processing time of GrabImageRGBD(): 15.8815ms
Frame 628 end
Average processing time of GrabImageRGBD(): 15.8781ms
Frame 629 end
Average processing time of GrabImageRGBD(): 15.8767ms
Frame 630 end
Average processing time of GrabImageRGBD(): 15.8769ms
Frame 631 end
Average processing time of GrabImageRGBD(): 15.8741ms
Frame 632 end
Average processing time of GrabImageRGBD(): 15.8715ms
Frame 633 end
Average processing time of GrabImageRGBD(): 15.8681ms
Frame 634 end
Average processing time of GrabImageRGBD(): 15.8607ms
Frame 635 end
Average processing time of GrabImageRGBD(): 15.8575ms
Frame 636 end
Average processing time of GrabImageRGBD(): 15.8514ms
Frame 637 end
Average processing time of GrabImageRGBD(): 15.8501ms
Frame 638 end
Average processing time of GrabImageRGBD(): 15.8421ms
Frame 639 end
Average processing time of GrabImageRGBD(): 15.837ms
Frame 640 end
Average processing time of GrabImageRGBD(): 15.8321ms
Frame 641 end
Average processing time of GrabImageRGBD(): 15.8237ms
Frame 642 end
Average processing time of GrabImageRGBD(): 15.8184ms
Frame 643 end
Average processing time of GrabImageRGBD(): 15.8135ms
Frame 644 end
Average processing time of GrabImageRGBD(): 15.8036ms
Frame 645 end
Average processing time of GrabImageRGBD(): 15.7993ms
Frame 646 end
Average processing time of GrabImageRGBD(): 15.7898ms
Frame 647 end
Average processing time of GrabImageRGBD(): 15.7776ms
Frame 648 end
Average processing time of GrabImageRGBD(): 15.7681ms
Frame 649 end
Average processing time of GrabImageRGBD(): 15.7583ms
Frame 650 end
Average processing time of GrabImageRGBD(): 15.7458ms
Frame 651 end
Average processing time of GrabImageRGBD(): 15.7366ms
Frame 652 end
Average processing time of GrabImageRGBD(): 15.7283ms
Frame 653 end
Average processing time of GrabImageRGBD(): 15.7131ms
Frame 654 end
Average processing time of GrabImageRGBD(): 15.7548ms
Frame 655 end
Average processing time of GrabImageRGBD(): 15.7479ms
Frame 656 end
Average processing time of GrabImageRGBD(): 15.7416ms
Frame 657 end
Average processing time of GrabImageRGBD(): 15.7324ms
Frame 658 end
Average processing time of GrabImageRGBD(): 15.7204ms
Frame 659 end
Average processing time of GrabImageRGBD(): 15.7126ms
Frame 660 end
Average processing time of GrabImageRGBD(): 15.7056ms
Frame 661 end
Average processing time of GrabImageRGBD(): 15.698ms
Frame 662 end
Average processing time of GrabImageRGBD(): 15.6951ms
Frame 663 end
Average processing time of GrabImageRGBD(): 15.6891ms
Frame 664 end
Average processing time of GrabImageRGBD(): 15.7151ms
Frame 665 end
Average processing time of GrabImageRGBD(): 15.7116ms
Frame 666 end
Average processing time of GrabImageRGBD(): 15.7013ms
Frame 667 end
Average processing time of GrabImageRGBD(): 15.6981ms
Frame 668 end
Average processing time of GrabImageRGBD(): 15.6954ms
Frame 669 end
Average processing time of GrabImageRGBD(): 15.686ms
Frame 670 end
Average processing time of GrabImageRGBD(): 15.6813ms
Frame 671 end
Average processing time of GrabImageRGBD(): 15.6773ms
Frame 672 end
Average processing time of GrabImageRGBD(): 15.6705ms
Frame 673 end
Average processing time of GrabImageRGBD(): 15.6688ms
Frame 674 end
Average processing time of GrabImageRGBD(): 15.698ms
Frame 675 end
Average processing time of GrabImageRGBD(): 15.6914ms
Frame 676 end
Average processing time of GrabImageRGBD(): 15.6873ms
Frame 677 end
Average processing time of GrabImageRGBD(): 15.6901ms
Frame 678 end
Average processing time of GrabImageRGBD(): 15.687ms
Frame 679 end
Average processing time of GrabImageRGBD(): 15.6873ms
Frame 680 end
Average processing time of GrabImageRGBD(): 15.6818ms
Frame 681 end
Average processing time of GrabImageRGBD(): 15.6807ms
Frame 682 end
Average processing time of GrabImageRGBD(): 15.6769ms
Frame 683 end
Average processing time of GrabImageRGBD(): 15.6729ms
Frame 684 end
Average processing time of GrabImageRGBD(): 15.7004ms
Frame 685 end
Average processing time of GrabImageRGBD(): 15.6976ms
Frame 686 end
Average processing time of GrabImageRGBD(): 15.6932ms
Frame 687 end
Average processing time of GrabImageRGBD(): 15.69ms
Frame 688 end
Average processing time of GrabImageRGBD(): 15.6852ms
Frame 689 end
Average processing time of GrabImageRGBD(): 15.6845ms
Frame 690 end
Average processing time of GrabImageRGBD(): 15.6768ms
Frame 691 end
Average processing time of GrabImageRGBD(): 15.6749ms
Frame 692 end
Average processing time of GrabImageRGBD(): 15.6717ms
Frame 693 end
Average processing time of GrabImageRGBD(): 15.6669ms
Frame 694 end
Average processing time of GrabImageRGBD(): 15.6574ms
Frame 695 end
Average processing time of GrabImageRGBD(): 15.6524ms
Frame 696 end
Average processing time of GrabImageRGBD(): 15.6471ms
Frame 697 end
Average processing time of GrabImageRGBD(): 15.6428ms
Frame 698 end
Average processing time of GrabImageRGBD(): 15.6316ms
Frame 699 end
Average processing time of GrabImageRGBD(): 15.6526ms
Frame 700 end
Average processing time of GrabImageRGBD(): 15.6419ms
Frame 701 end
Average processing time of GrabImageRGBD(): 15.6243ms
Frame 702 end
Average processing time of GrabImageRGBD(): 15.6147ms
Frame 703 end
Average processing time of GrabImageRGBD(): 15.5977ms
Frame 704 end
Average processing time of GrabImageRGBD(): 15.5907ms
Frame 705 end
Average processing time of GrabImageRGBD(): 15.5858ms
Frame 706 end
Average processing time of GrabImageRGBD(): 15.5744ms
Frame 707 end
Average processing time of GrabImageRGBD(): 15.57ms
Frame 708 end
Average processing time of GrabImageRGBD(): 15.5612ms
Frame 709 end
Average processing time of GrabImageRGBD(): 15.5901ms
Frame 710 end
Average processing time of GrabImageRGBD(): 15.5853ms
Frame 711 end
Average processing time of GrabImageRGBD(): 15.5872ms
Frame 712 end
Average processing time of GrabImageRGBD(): 15.5851ms
Frame 713 end
Average processing time of GrabImageRGBD(): 15.5841ms
Frame 714 end
Average processing time of GrabImageRGBD(): 15.5825ms
Frame 715 end
Average processing time of GrabImageRGBD(): 15.5817ms
Frame 716 end
Average processing time of GrabImageRGBD(): 15.5777ms
Frame 717 end
Average processing time of GrabImageRGBD(): 15.577ms
Frame 718 end
Average processing time of GrabImageRGBD(): 15.5729ms
Frame 719 end
Average processing time of GrabImageRGBD(): 15.5663ms
Frame 720 end
Average processing time of GrabImageRGBD(): 15.5963ms
Frame 721 end
Average processing time of GrabImageRGBD(): 15.6002ms
Frame 722 end
Average processing time of GrabImageRGBD(): 15.5954ms
Frame 723 end
Average processing time of GrabImageRGBD(): 15.595ms
Frame 724 end
Average processing time of GrabImageRGBD(): 15.5885ms
Frame 725 end
Average processing time of GrabImageRGBD(): 15.5892ms
Frame 726 end
Average processing time of GrabImageRGBD(): 15.5824ms
Frame 727 end
Average processing time of GrabImageRGBD(): 15.5806ms
Frame 728 end
Average processing time of GrabImageRGBD(): 15.575ms
Frame 729 end
Average processing time of GrabImageRGBD(): 15.5718ms
Frame 730 end
Average processing time of GrabImageRGBD(): 15.5686ms
Frame 731 end
Average processing time of GrabImageRGBD(): 15.5653ms
Frame 732 end
Average processing time of GrabImageRGBD(): 15.5606ms
Frame 733 end
Average processing time of GrabImageRGBD(): 15.5558ms
Frame 734 end
Average processing time of GrabImageRGBD(): 15.5805ms
Frame 735 end
Average processing time of GrabImageRGBD(): 15.5763ms
Frame 736 end
Average processing time of GrabImageRGBD(): 15.5714ms
Frame 737 end
Average processing time of GrabImageRGBD(): 15.5677ms
Frame 738 end
Average processing time of GrabImageRGBD(): 15.5595ms
Frame 739 end
Average processing time of GrabImageRGBD(): 15.5544ms
Frame 740 end
Average processing time of GrabImageRGBD(): 15.5495ms
Frame 741 end
Average processing time of GrabImageRGBD(): 15.5456ms
Frame 742 end
Average processing time of GrabImageRGBD(): 15.5412ms
Frame 743 end
Average processing time of GrabImageRGBD(): 15.5357ms
Frame 744 end
Average processing time of GrabImageRGBD(): 15.5261ms
Frame 745 end
Average processing time of GrabImageRGBD(): 15.5545ms
Frame 746 end
Average processing time of GrabImageRGBD(): 15.5491ms
Frame 747 end
Average processing time of GrabImageRGBD(): 15.5442ms
Frame 748 end
Average processing time of GrabImageRGBD(): 15.5385ms
Frame 749 end
Average processing time of GrabImageRGBD(): 15.528ms
Frame 750 end
Average processing time of GrabImageRGBD(): 15.5256ms
Frame 751 end
Average processing time of GrabImageRGBD(): 15.5202ms
Frame 752 end
Average processing time of GrabImageRGBD(): 15.5148ms
Frame 753 end
Average processing time of GrabImageRGBD(): 15.513ms
Frame 754 end
Average processing time of GrabImageRGBD(): 15.5079ms
Frame 755 end
Average processing time of GrabImageRGBD(): 15.5038ms
Frame 756 end
Average processing time of GrabImageRGBD(): 15.499ms
Frame 757 end
Average processing time of GrabImageRGBD(): 15.4932ms
Frame 758 end
Average processing time of GrabImageRGBD(): 15.4885ms
Frame 759 end
Average processing time of GrabImageRGBD(): 15.482ms
Frame 760 end
Average processing time of GrabImageRGBD(): 15.4754ms
Frame 761 end
Average processing time of GrabImageRGBD(): 15.4719ms
Frame 762 end
Average processing time of GrabImageRGBD(): 15.4643ms
Frame 763 end
Average processing time of GrabImageRGBD(): 15.4904ms
Frame 764 end
Average processing time of GrabImageRGBD(): 15.4861ms
Frame 765 end
Average processing time of GrabImageRGBD(): 15.482ms
Frame 766 end
Average processing time of GrabImageRGBD(): 15.4778ms
Frame 767 end
Average processing time of GrabImageRGBD(): 15.4735ms
Frame 768 end
Average processing time of GrabImageRGBD(): 15.4688ms
Frame 769 end
Average processing time of GrabImageRGBD(): 15.463ms
Frame 770 end
Average processing time of GrabImageRGBD(): 15.4573ms
Frame 771 end
Average processing time of GrabImageRGBD(): 15.4485ms
Frame 772 end
Average processing time of GrabImageRGBD(): 15.4422ms
Frame 773 end
Average processing time of GrabImageRGBD(): 15.4359ms
Frame 774 end
Average processing time of GrabImageRGBD(): 15.4595ms
Frame 775 end
Average processing time of GrabImageRGBD(): 15.4555ms
Frame 776 end
Average processing time of GrabImageRGBD(): 15.4502ms
Frame 777 end
Average processing time of GrabImageRGBD(): 15.4404ms
Frame 778 end
Average processing time of GrabImageRGBD(): 15.4313ms
Frame 779 end
Average processing time of GrabImageRGBD(): 15.4273ms
Frame 780 end
Average processing time of GrabImageRGBD(): 15.4236ms
Frame 781 end
Average processing time of GrabImageRGBD(): 15.4185ms
Frame 782 end
Average processing time of GrabImageRGBD(): 15.4138ms
Frame 783 end
Average processing time of GrabImageRGBD(): 15.4443ms
Frame 784 end
Average processing time of GrabImageRGBD(): 15.4708ms
Frame 785 end
Average processing time of GrabImageRGBD(): 15.4946ms
Frame 786 end
Average processing time of GrabImageRGBD(): 15.4905ms
Frame 787 end
Average processing time of GrabImageRGBD(): 15.4845ms
Frame 788 end
Average processing time of GrabImageRGBD(): 15.4812ms
Frame 789 end
Average processing time of GrabImageRGBD(): 15.4775ms
Frame 790 end
Average processing time of GrabImageRGBD(): 15.4756ms
Frame 791 end
Average processing time of GrabImageRGBD(): 15.4707ms
Frame 792 end
Average processing time of GrabImageRGBD(): 15.4637ms
Frame 793 end
Average processing time of GrabImageRGBD(): 15.4591ms
Frame 794 end
Average processing time of GrabImageRGBD(): 15.4564ms
Frame 795 end
Average processing time of GrabImageRGBD(): 15.4515ms
Frame 796 end
Average processing time of GrabImageRGBD(): 15.4481ms
Frame 797 end
Average processing time of GrabImageRGBD(): 15.4432ms
Frame 798 end
Average processing time of GrabImageRGBD(): 15.4406ms
Frame 799 end
Average processing time of GrabImageRGBD(): 15.4652ms
Frame 800 end
Average processing time of GrabImageRGBD(): 15.4619ms
Frame 801 end
Average processing time of GrabImageRGBD(): 15.4596ms
Frame 802 end
Average processing time of GrabImageRGBD(): 15.4553ms
Frame 803 end
Average processing time of GrabImageRGBD(): 15.4536ms
Frame 804 end
Average processing time of GrabImageRGBD(): 15.4494ms
Frame 805 end
Average processing time of GrabImageRGBD(): 15.4464ms
Frame 806 end
Average processing time of GrabImageRGBD(): 15.4429ms
Frame 807 end
Average processing time of GrabImageRGBD(): 15.4305ms
Frame 808 end
Average processing time of GrabImageRGBD(): 15.4259ms
Frame 809 end
Average processing time of GrabImageRGBD(): 15.4164ms
Frame 810 end
Average processing time of GrabImageRGBD(): 15.4058ms
Frame 811 end
Average processing time of GrabImageRGBD(): 15.3989ms
Frame 812 end
Average processing time of GrabImageRGBD(): 15.3844ms
Frame 813 end
Average processing time of GrabImageRGBD(): 15.3707ms
Frame 814 end
Average processing time of GrabImageRGBD(): 15.3581ms
Frame 815 end
Average processing time of GrabImageRGBD(): 15.3508ms
Frame 816 end
Average processing time of GrabImageRGBD(): 15.3383ms
Frame 817 end
Average processing time of GrabImageRGBD(): 15.3313ms
Frame 818 end
Average processing time of GrabImageRGBD(): 15.324ms
Frame 819 end
Average processing time of GrabImageRGBD(): 15.3113ms
Frame 820 end
Average processing time of GrabImageRGBD(): 15.299ms
Frame 821 end
Average processing time of GrabImageRGBD(): 15.2914ms
Frame 822 end
Average processing time of GrabImageRGBD(): 15.2781ms
Frame 823 end
Average processing time of GrabImageRGBD(): 15.264ms
Frame 824 end
Average processing time of GrabImageRGBD(): 15.2567ms
Frame 825 end
Average processing time of GrabImageRGBD(): 15.249ms
Frame 826 end
Average processing time of GrabImageRGBD(): 15.2384ms
Frame 827 end
Average processing time of GrabImageRGBD(): 15.2299ms
Frame 828 end
Average processing time of GrabImageRGBD(): 15.2506ms
Frame 829 end
Average processing time of GrabImageRGBD(): 15.245ms
Frame 830 end
Average processing time of GrabImageRGBD(): 15.2375ms
Frame 831 end
Average processing time of GrabImageRGBD(): 15.2308ms
Frame 832 end
Average processing time of GrabImageRGBD(): 15.2212ms
Frame 833 end
Average processing time of GrabImageRGBD(): 15.2075ms
Frame 834 end
Average processing time of GrabImageRGBD(): 15.2005ms
Frame 835 end
Average processing time of GrabImageRGBD(): 15.1928ms
Frame 836 end
Average processing time of GrabImageRGBD(): 15.1854ms
Frame 837 end
Average processing time of GrabImageRGBD(): 15.1721ms
Frame 838 end
Average processing time of GrabImageRGBD(): 15.1649ms
Frame 839 end
Average processing time of GrabImageRGBD(): 15.1524ms
Frame 840 end
Average processing time of GrabImageRGBD(): 15.1443ms
Frame 841 end
Average processing time of GrabImageRGBD(): 15.1352ms
Frame 842 end
Average processing time of GrabImageRGBD(): 15.1275ms
Frame 843 end
Average processing time of GrabImageRGBD(): 15.1132ms
Frame 844 end
Average processing time of GrabImageRGBD(): 15.106ms
Frame 845 end
Average processing time of GrabImageRGBD(): 15.0922ms
Frame 846 end
Shutdown
-------

median tracking time: 0.0136661
mean tracking time: 0.0158749

Saving camera trajectory to CameraTrajectory.txt ...

Saving keyframe trajectory to KeyFrameTrajectory.txt ...
