
ORB-SLAM3 Copyright (C) 2017-2020 Carlos Campos, Richard Elvira, Juan J. Gómez, José M.M. Montiel and Juan D. Tardós, University of Zaragoza.
ORB-SLAM2 Copyright (C) 2014-2016 Raúl Mur-Artal, José M.M. Montiel and Juan D. Tardós, University of Zaragoza.
This program comes with ABSOLUTELY NO WARRANTY;
This is free software, and you are welcome to redistribute it
under certain conditions. See LICENSE.txt.

Input sensor was set to: RGB-D
Loading settings from /home/bingxin/Downloads/NGD-SLAM/Examples/RGB-D/Bonn.yaml
Camera1.k3 optional parameter does not exist...
	-Loaded camera 1
Camera.newHeight optional parameter does not exist...
Camera.newWidth optional parameter does not exist...
	-Loaded image info
	-Loaded RGB-D calibration
	-Loaded ORB settings
Viewer.imageViewScale optional parameter does not exist...
	-Loaded viewer settings
System.LoadAtlasFromFile optional parameter does not exist...
System.SaveAtlasToFile optional parameter does not exist...
	-Loaded Atlas settings
System.thFarPoints optional parameter does not exist...
	-Loaded misc parameters
----------------------------------
SLAM settings: 
	-Camera 1 parameters (Pinhole): [ 542.823 542.577 315.594 237.756 ]
	-Camera 1 distortion parameters: [  0.039903 -0.099343 -0.00073 -0.000144 ]
	-Original image size: [ 640 , 480 ]
	-Current image size: [ 640 , 480 ]
	-Sequence FPS: 30
	-RGB-D depth map factor: 5000
	-Features per image: 1000
	-ORB scale factor: 1.2
	-ORB number of scales: 8
	-Initial FAST threshold: 20
	-Min FAST threshold: 7


Loading ORB Vocabulary. This could take a while...
Vocabulary loaded!

Initialization of Atlas from scratch 
Creation of new map with id: 0
Creation of new map with last KF id: 0
Seq. Name: 
There are 1 cameras in the atlas
Camera 0 is pinhole
Net use yolo-fastest

-------
Start processing sequence ...
Images in the sequence: 847

First KF:0; Map init KF:0
New Map created with 788 points
Average processing time of GrabImageRGBD(): 46.4691ms
Frame 0 end
Average processing time of GrabImageRGBD(): 38.8859ms
Frame 1 end
Average processing time of GrabImageRGBD(): 35.6904ms
Frame 2 end
Average processing time of GrabImageRGBD(): 30.2628ms
Frame 3 end
Average processing time of GrabImageRGBD(): 26.8314ms
Frame 4 end
Average processing time of GrabImageRGBD(): 24.6371ms
Frame 5 end
Average processing time of GrabImageRGBD(): 22.8598ms
Frame 6 end
Starting the Viewer
Average processing time of GrabImageRGBD(): 21.9205ms
Frame 7 end
Average processing time of GrabImageRGBD(): 21.197ms
Frame 8 end
Average processing time of GrabImageRGBD(): 20.7242ms
Frame 9 end
Average processing time of GrabImageRGBD(): 20.1545ms
Frame 10 end
Average processing time of GrabImageRGBD(): 19.5835ms
Frame 11 end
Average processing time of GrabImageRGBD(): 19.0945ms
Frame 12 end
Average processing time of GrabImageRGBD(): 18.6792ms
Frame 13 end
Average processing time of GrabImageRGBD(): 18.3428ms
Frame 14 end
Average processing time of GrabImageRGBD(): 18.0241ms
Frame 15 end
Average processing time of GrabImageRGBD(): 17.6763ms
Frame 16 end
Average processing time of GrabImageRGBD(): 17.4527ms
Frame 17 end
Average processing time of GrabImageRGBD(): 17.2325ms
Frame 18 end
Average processing time of GrabImageRGBD(): 16.9905ms
Frame 19 end
Average processing time of GrabImageRGBD(): 16.8128ms
Frame 20 end
Average processing time of GrabImageRGBD(): 16.6016ms
Frame 21 end
Average processing time of GrabImageRGBD(): 16.4633ms
Frame 22 end
Average processing time of GrabImageRGBD(): 16.2748ms
Frame 23 end
Average processing time of GrabImageRGBD(): 16.1585ms
Frame 24 end
Average processing time of GrabImageRGBD(): 16.029ms
Frame 25 end
Average processing time of GrabImageRGBD(): 15.9185ms
Frame 26 end
Average processing time of GrabImageRGBD(): 15.8243ms
Frame 27 end
Average processing time of GrabImageRGBD(): 15.7584ms
Frame 28 end
Average processing time of GrabImageRGBD(): 15.6189ms
Frame 29 end
Average processing time of GrabImageRGBD(): 15.5559ms
Frame 30 end
Average processing time of GrabImageRGBD(): 15.4784ms
Frame 31 end
Average processing time of GrabImageRGBD(): 15.94ms
Frame 32 end
Average processing time of GrabImageRGBD(): 15.8422ms
Frame 33 end
Average processing time of GrabImageRGBD(): 15.7335ms
Frame 34 end
Average processing time of GrabImageRGBD(): 15.6527ms
Frame 35 end
Average processing time of GrabImageRGBD(): 15.5222ms
Frame 36 end
Average processing time of GrabImageRGBD(): 15.4458ms
Frame 37 end
Average processing time of GrabImageRGBD(): 15.3983ms
Frame 38 end
Average processing time of GrabImageRGBD(): 15.2897ms
Frame 39 end
Average processing time of GrabImageRGBD(): 15.2649ms
Frame 40 end
Average processing time of GrabImageRGBD(): 15.2524ms
Frame 41 end
Average processing time of GrabImageRGBD(): 15.1479ms
Frame 42 end
Average processing time of GrabImageRGBD(): 15.0835ms
Frame 43 end
Average processing time of GrabImageRGBD(): 15.0696ms
Frame 44 end
Average processing time of GrabImageRGBD(): 15.0295ms
Frame 45 end
Average processing time of GrabImageRGBD(): 15.3649ms
Frame 46 end
Average processing time of GrabImageRGBD(): 15.2868ms
Frame 47 end
Average processing time of GrabImageRGBD(): 15.2592ms
Frame 48 end
Average processing time of GrabImageRGBD(): 15.2226ms
Frame 49 end
Average processing time of GrabImageRGBD(): 15.1748ms
Frame 50 end
Average processing time of GrabImageRGBD(): 15.1223ms
Frame 51 end
Average processing time of GrabImageRGBD(): 15.0459ms
Frame 52 end
Average processing time of GrabImageRGBD(): 15.024ms
Frame 53 end
Average processing time of GrabImageRGBD(): 14.9995ms
Frame 54 end
Average processing time of GrabImageRGBD(): 14.952ms
Frame 55 end
Average processing time of GrabImageRGBD(): 14.9255ms
Frame 56 end
Average processing time of GrabImageRGBD(): 14.8389ms
Frame 57 end
Average processing time of GrabImageRGBD(): 14.7745ms
Frame 58 end
Average processing time of GrabImageRGBD(): 14.7535ms
Frame 59 end
Average processing time of GrabImageRGBD(): 14.7195ms
Frame 60 end
Average processing time of GrabImageRGBD(): 14.9622ms
Frame 61 end
Average processing time of GrabImageRGBD(): 14.956ms
Frame 62 end
Average processing time of GrabImageRGBD(): 14.8859ms
Frame 63 end
Average processing time of GrabImageRGBD(): 14.8455ms
Frame 64 end
Average processing time of GrabImageRGBD(): 14.82ms
Frame 65 end
Average processing time of GrabImageRGBD(): 15.0187ms
Frame 66 end
Average processing time of GrabImageRGBD(): 15.0102ms
Frame 67 end
Average processing time of GrabImageRGBD(): 14.9962ms
Frame 68 end
Average processing time of GrabImageRGBD(): 14.98ms
Frame 69 end
Average processing time of GrabImageRGBD(): 15.1578ms
Frame 70 end
Average processing time of GrabImageRGBD(): 15.3885ms
Frame 71 end
Average processing time of GrabImageRGBD(): 15.3187ms
Frame 72 end
Average processing time of GrabImageRGBD(): 15.3122ms
Frame 73 end
Average processing time of GrabImageRGBD(): 15.2662ms
Frame 74 end
Average processing time of GrabImageRGBD(): 15.183ms
Frame 75 end
Average processing time of GrabImageRGBD(): 15.128ms
Frame 76 end
Average processing time of GrabImageRGBD(): 15.325ms
Frame 77 end
Average processing time of GrabImageRGBD(): 15.3045ms
Frame 78 end
Average processing time of GrabImageRGBD(): 15.2741ms
Frame 79 end
Average processing time of GrabImageRGBD(): 15.2342ms
Frame 80 end
Average processing time of GrabImageRGBD(): 15.191ms
Frame 81 end
Average processing time of GrabImageRGBD(): 15.1273ms
Frame 82 end
Average processing time of GrabImageRGBD(): 15.0976ms
Frame 83 end
Average processing time of GrabImageRGBD(): 15.3056ms
Frame 84 end
Average processing time of GrabImageRGBD(): 15.2596ms
Frame 85 end
Average processing time of GrabImageRGBD(): 15.4315ms
Frame 86 end
Average processing time of GrabImageRGBD(): 15.4187ms
Frame 87 end
Average processing time of GrabImageRGBD(): 15.3817ms
Frame 88 end
Average processing time of GrabImageRGBD(): 15.3515ms
Frame 89 end
Average processing time of GrabImageRGBD(): 15.3017ms
Frame 90 end
Average processing time of GrabImageRGBD(): 15.2639ms
Frame 91 end
Average processing time of GrabImageRGBD(): 15.2093ms
Frame 92 end
Average processing time of GrabImageRGBD(): 15.1741ms
Frame 93 end
Average processing time of GrabImageRGBD(): 15.1136ms
Frame 94 end
Average processing time of GrabImageRGBD(): 15.0862ms
Frame 95 end
Average processing time of GrabImageRGBD(): 15.066ms
Frame 96 end
Average processing time of GrabImageRGBD(): 14.9946ms
Frame 97 end
Average processing time of GrabImageRGBD(): 14.9409ms
Frame 98 end
Average processing time of GrabImageRGBD(): 14.9086ms
Frame 99 end
Average processing time of GrabImageRGBD(): 14.883ms
Frame 100 end
Average processing time of GrabImageRGBD(): 14.8646ms
Frame 101 end
Average processing time of GrabImageRGBD(): 14.8336ms
Frame 102 end
Average processing time of GrabImageRGBD(): 14.8097ms
Frame 103 end
Average processing time of GrabImageRGBD(): 14.778ms
Frame 104 end
Average processing time of GrabImageRGBD(): 14.7527ms
Frame 105 end
Average processing time of GrabImageRGBD(): 14.7256ms
Frame 106 end
Average processing time of GrabImageRGBD(): 14.6892ms
Frame 107 end
Average processing time of GrabImageRGBD(): 14.9141ms
Frame 108 end
Average processing time of GrabImageRGBD(): 14.9015ms
Frame 109 end
Average processing time of GrabImageRGBD(): 14.8825ms
Frame 110 end
Average processing time of GrabImageRGBD(): 14.8707ms
Frame 111 end
Average processing time of GrabImageRGBD(): 14.8407ms
Frame 112 end
Average processing time of GrabImageRGBD(): 14.8068ms
Frame 113 end
Average processing time of GrabImageRGBD(): 14.7731ms
Frame 114 end
Average processing time of GrabImageRGBD(): 14.7544ms
Frame 115 end
Average processing time of GrabImageRGBD(): 14.7531ms
Frame 116 end
Average processing time of GrabImageRGBD(): 14.7399ms
Frame 117 end
Average processing time of GrabImageRGBD(): 14.9051ms
Frame 118 end
Average processing time of GrabImageRGBD(): 14.9105ms
Frame 119 end
Average processing time of GrabImageRGBD(): 15.0782ms
Frame 120 end
Average processing time of GrabImageRGBD(): 15.0894ms
Frame 121 end
Average processing time of GrabImageRGBD(): 15.0823ms
Frame 122 end
Average processing time of GrabImageRGBD(): 15.073ms
Frame 123 end
Average processing time of GrabImageRGBD(): 15.0755ms
Frame 124 end
Average processing time of GrabImageRGBD(): 15.0379ms
Frame 125 end
Average processing time of GrabImageRGBD(): 15.0331ms
Frame 126 end
Average processing time of GrabImageRGBD(): 15.0194ms
Frame 127 end
Average processing time of GrabImageRGBD(): 14.9961ms
Frame 128 end
Average processing time of GrabImageRGBD(): 14.9661ms
Frame 129 end
Average processing time of GrabImageRGBD(): 15.1053ms
Frame 130 end
Average processing time of GrabImageRGBD(): 15.0893ms
Frame 131 end
Average processing time of GrabImageRGBD(): 15.2251ms
Frame 132 end
Average processing time of GrabImageRGBD(): 15.2552ms
Frame 133 end
Average processing time of GrabImageRGBD(): 15.3926ms
Frame 134 end
Average processing time of GrabImageRGBD(): 15.4381ms
Frame 135 end
Average processing time of GrabImageRGBD(): 15.575ms
Frame 136 end
Average processing time of GrabImageRGBD(): 15.586ms
Frame 137 end
Average processing time of GrabImageRGBD(): 15.7272ms
Frame 138 end
Average processing time of GrabImageRGBD(): 15.7214ms
Frame 139 end
Average processing time of GrabImageRGBD(): 15.7289ms
Frame 140 end
Average processing time of GrabImageRGBD(): 15.7246ms
Frame 141 end
Average processing time of GrabImageRGBD(): 15.8502ms
Frame 142 end
Average processing time of GrabImageRGBD(): 15.8631ms
Frame 143 end
Average processing time of GrabImageRGBD(): 15.9914ms
Frame 144 end
Average processing time of GrabImageRGBD(): 15.9858ms
Frame 145 end
Average processing time of GrabImageRGBD(): 15.9631ms
Frame 146 end
Average processing time of GrabImageRGBD(): 16.0887ms
Frame 147 end
Average processing time of GrabImageRGBD(): 16.089ms
Frame 148 end
Average processing time of GrabImageRGBD(): 16.2287ms
Frame 149 end
Average processing time of GrabImageRGBD(): 16.2326ms
Frame 150 end
Average processing time of GrabImageRGBD(): 16.2222ms
Frame 151 end
Average processing time of GrabImageRGBD(): 16.2136ms
Frame 152 end
Average processing time of GrabImageRGBD(): 16.1863ms
Frame 153 end
Average processing time of GrabImageRGBD(): 16.3083ms
Frame 154 end
Average processing time of GrabImageRGBD(): 16.3226ms
Frame 155 end
Average processing time of GrabImageRGBD(): 16.3337ms
Frame 156 end
Average processing time of GrabImageRGBD(): 16.3303ms
Frame 157 end
Average processing time of GrabImageRGBD(): 16.2981ms
Frame 158 end
Average processing time of GrabImageRGBD(): 16.2812ms
Frame 159 end
Average processing time of GrabImageRGBD(): 16.2612ms
Frame 160 end
Average processing time of GrabImageRGBD(): 16.2503ms
Frame 161 end
Average processing time of GrabImageRGBD(): 16.3543ms
Frame 162 end
Average processing time of GrabImageRGBD(): 16.3451ms
Frame 163 end
Average processing time of GrabImageRGBD(): 16.3296ms
Frame 164 end
Average processing time of GrabImageRGBD(): 16.3039ms
Frame 165 end
Average processing time of GrabImageRGBD(): 16.2876ms
Frame 166 end
Average processing time of GrabImageRGBD(): 16.257ms
Frame 167 end
Average processing time of GrabImageRGBD(): 16.2364ms
Frame 168 end
Average processing time of GrabImageRGBD(): 16.3332ms
Frame 169 end
Average processing time of GrabImageRGBD(): 16.327ms
Frame 170 end
Average processing time of GrabImageRGBD(): 16.3134ms
Frame 171 end
Average processing time of GrabImageRGBD(): 16.2902ms
Frame 172 end
Average processing time of GrabImageRGBD(): 16.2793ms
Frame 173 end
Average processing time of GrabImageRGBD(): 16.3632ms
Frame 174 end
Average processing time of GrabImageRGBD(): 16.3476ms
Frame 175 end
Average processing time of GrabImageRGBD(): 16.3287ms
Frame 176 end
Average processing time of GrabImageRGBD(): 16.3311ms
Frame 177 end
Average processing time of GrabImageRGBD(): 16.4482ms
Frame 178 end
Average processing time of GrabImageRGBD(): 16.4452ms
Frame 179 end
Average processing time of GrabImageRGBD(): 16.4495ms
Frame 180 end
Average processing time of GrabImageRGBD(): 16.434ms
Frame 181 end
Average processing time of GrabImageRGBD(): 16.5147ms
Frame 182 end
Average processing time of GrabImageRGBD(): 16.5055ms
Frame 183 end
Average processing time of GrabImageRGBD(): 16.5019ms
Frame 184 end
Average processing time of GrabImageRGBD(): 16.6558ms
Frame 185 end
Average processing time of GrabImageRGBD(): 16.6574ms
Frame 186 end
Average processing time of GrabImageRGBD(): 16.6382ms
Frame 187 end
Average processing time of GrabImageRGBD(): 16.7382ms
Frame 188 end
Average processing time of GrabImageRGBD(): 16.7367ms
Frame 189 end
Average processing time of GrabImageRGBD(): 16.7362ms
Frame 190 end
Average processing time of GrabImageRGBD(): 16.8872ms
Frame 191 end
Average processing time of GrabImageRGBD(): 16.8805ms
Frame 192 end
Average processing time of GrabImageRGBD(): 16.8942ms
Frame 193 end
Average processing time of GrabImageRGBD(): 16.9764ms
Frame 194 end
Average processing time of GrabImageRGBD(): 16.9655ms
Frame 195 end
Average processing time of GrabImageRGBD(): 16.9562ms
Frame 196 end
Average processing time of GrabImageRGBD(): 17.0555ms
Frame 197 end
Average processing time of GrabImageRGBD(): 17.0476ms
Frame 198 end
Average processing time of GrabImageRGBD(): 17.0352ms
Frame 199 end
Average processing time of GrabImageRGBD(): 17.002ms
Frame 200 end
Average processing time of GrabImageRGBD(): 16.9804ms
Frame 201 end
Average processing time of GrabImageRGBD(): 16.9611ms
Frame 202 end
Average processing time of GrabImageRGBD(): 16.9269ms
Frame 203 end
Average processing time of GrabImageRGBD(): 16.9014ms
Frame 204 end
Average processing time of GrabImageRGBD(): 16.8748ms
Frame 205 end
Average processing time of GrabImageRGBD(): 16.8433ms
Frame 206 end
Average processing time of GrabImageRGBD(): 16.8203ms
Frame 207 end
Average processing time of GrabImageRGBD(): 16.7982ms
Frame 208 end
Average processing time of GrabImageRGBD(): 16.7767ms
Frame 209 end
Average processing time of GrabImageRGBD(): 16.7499ms
Frame 210 end
Average processing time of GrabImageRGBD(): 16.7264ms
Frame 211 end
Average processing time of GrabImageRGBD(): 16.7115ms
Frame 212 end
Average processing time of GrabImageRGBD(): 16.6786ms
Frame 213 end
Average processing time of GrabImageRGBD(): 16.7693ms
Frame 214 end
Average processing time of GrabImageRGBD(): 16.7517ms
Frame 215 end
Average processing time of GrabImageRGBD(): 16.7288ms
Frame 216 end
Average processing time of GrabImageRGBD(): 16.7159ms
Frame 217 end
Average processing time of GrabImageRGBD(): 16.7872ms
Frame 218 end
Average processing time of GrabImageRGBD(): 16.7824ms
Frame 219 end
Average processing time of GrabImageRGBD(): 16.7742ms
Frame 220 end
Average processing time of GrabImageRGBD(): 16.7542ms
Frame 221 end
Average processing time of GrabImageRGBD(): 16.7472ms
Frame 222 end
Average processing time of GrabImageRGBD(): 16.7337ms
Frame 223 end
Average processing time of GrabImageRGBD(): 16.8083ms
Frame 224 end
Average processing time of GrabImageRGBD(): 16.7919ms
Frame 225 end
Average processing time of GrabImageRGBD(): 16.7827ms
Frame 226 end
Average processing time of GrabImageRGBD(): 16.7719ms
Frame 227 end
Average processing time of GrabImageRGBD(): 16.7477ms
Frame 228 end
Average processing time of GrabImageRGBD(): 16.8111ms
Frame 229 end
Average processing time of GrabImageRGBD(): 16.8004ms
Frame 230 end
Average processing time of GrabImageRGBD(): 16.7856ms
Frame 231 end
Average processing time of GrabImageRGBD(): 16.7705ms
Frame 232 end
Average processing time of GrabImageRGBD(): 16.742ms
Frame 233 end
Average processing time of GrabImageRGBD(): 16.807ms
Frame 234 end
Average processing time of GrabImageRGBD(): 16.7908ms
Frame 235 end
Average processing time of GrabImageRGBD(): 16.7748ms
Frame 236 end
Average processing time of GrabImageRGBD(): 16.8443ms
Frame 237 end
Average processing time of GrabImageRGBD(): 16.8303ms
Frame 238 end
Average processing time of GrabImageRGBD(): 16.8152ms
Frame 239 end
Average processing time of GrabImageRGBD(): 16.7942ms
Frame 240 end
Average processing time of GrabImageRGBD(): 16.8586ms
Frame 241 end
Average processing time of GrabImageRGBD(): 16.8346ms
Frame 242 end
Average processing time of GrabImageRGBD(): 16.8075ms
Frame 243 end
Average processing time of GrabImageRGBD(): 16.7863ms
Frame 244 end
Average processing time of GrabImageRGBD(): 16.7681ms
Frame 245 end
Average processing time of GrabImageRGBD(): 16.7521ms
Frame 246 end
Average processing time of GrabImageRGBD(): 16.8128ms
Frame 247 end
Average processing time of GrabImageRGBD(): 16.798ms
Frame 248 end
Average processing time of GrabImageRGBD(): 16.7762ms
Frame 249 end
Average processing time of GrabImageRGBD(): 16.7722ms
Frame 250 end
Average processing time of GrabImageRGBD(): 16.7549ms
Frame 251 end
Average processing time of GrabImageRGBD(): 16.7372ms
Frame 252 end
Average processing time of GrabImageRGBD(): 16.7206ms
Frame 253 end
Average processing time of GrabImageRGBD(): 16.6997ms
Frame 254 end
Average processing time of GrabImageRGBD(): 16.6812ms
Frame 255 end
Average processing time of GrabImageRGBD(): 16.6575ms
Frame 256 end
Average processing time of GrabImageRGBD(): 16.7664ms
Frame 257 end
Average processing time of GrabImageRGBD(): 16.7482ms
Frame 258 end
Average processing time of GrabImageRGBD(): 16.7348ms
Frame 259 end
Average processing time of GrabImageRGBD(): 16.7227ms
Frame 260 end
Average processing time of GrabImageRGBD(): 16.6922ms
Frame 261 end
Average processing time of GrabImageRGBD(): 16.669ms
Frame 262 end
Average processing time of GrabImageRGBD(): 16.6511ms
Frame 263 end
Average processing time of GrabImageRGBD(): 16.722ms
Frame 264 end
Average processing time of GrabImageRGBD(): 16.7067ms
Frame 265 end
Average processing time of GrabImageRGBD(): 16.6913ms
Frame 266 end
Average processing time of GrabImageRGBD(): 16.6841ms
Frame 267 end
Average processing time of GrabImageRGBD(): 16.7478ms
Frame 268 end
Average processing time of GrabImageRGBD(): 16.7409ms
Frame 269 end
Average processing time of GrabImageRGBD(): 16.7317ms
Frame 270 end
Average processing time of GrabImageRGBD(): 16.7045ms
Frame 271 end
Average processing time of GrabImageRGBD(): 16.7677ms
Frame 272 end
Average processing time of GrabImageRGBD(): 16.7514ms
Frame 273 end
Average processing time of GrabImageRGBD(): 16.7292ms
Frame 274 end
Average processing time of GrabImageRGBD(): 16.7152ms
Frame 275 end
Average processing time of GrabImageRGBD(): 16.716ms
Frame 276 end
Average processing time of GrabImageRGBD(): 16.7706ms
Frame 277 end
Average processing time of GrabImageRGBD(): 16.7601ms
Frame 278 end
Average processing time of GrabImageRGBD(): 16.7597ms
Frame 279 end
Average processing time of GrabImageRGBD(): 16.7512ms
Frame 280 end
Average processing time of GrabImageRGBD(): 16.8172ms
Frame 281 end
Average processing time of GrabImageRGBD(): 16.806ms
Frame 282 end
Average processing time of GrabImageRGBD(): 16.8044ms
Frame 283 end
Average processing time of GrabImageRGBD(): 16.7961ms
Frame 284 end
Average processing time of GrabImageRGBD(): 16.7882ms
Frame 285 end
Average processing time of GrabImageRGBD(): 16.8475ms
Frame 286 end
Average processing time of GrabImageRGBD(): 16.83ms
Frame 287 end
Average processing time of GrabImageRGBD(): 16.8203ms
Frame 288 end
Average processing time of GrabImageRGBD(): 16.8087ms
Frame 289 end
Average processing time of GrabImageRGBD(): 16.8065ms
Frame 290 end
Average processing time of GrabImageRGBD(): 16.8729ms
Frame 291 end
Average processing time of GrabImageRGBD(): 16.8664ms
Frame 292 end
Average processing time of GrabImageRGBD(): 16.8633ms
Frame 293 end
Average processing time of GrabImageRGBD(): 16.8507ms
Frame 294 end
Average processing time of GrabImageRGBD(): 16.9253ms
Frame 295 end
Average processing time of GrabImageRGBD(): 16.9297ms
Frame 296 end
Average processing time of GrabImageRGBD(): 16.9296ms
Frame 297 end
Average processing time of GrabImageRGBD(): 16.9276ms
Frame 298 end
Average processing time of GrabImageRGBD(): 16.9888ms
Frame 299 end
Average processing time of GrabImageRGBD(): 17.0018ms
Frame 300 end
Average processing time of GrabImageRGBD(): 16.99ms
Frame 301 end
Average processing time of GrabImageRGBD(): 16.9819ms
Frame 302 end
Average processing time of GrabImageRGBD(): 16.967ms
Frame 303 end
Average processing time of GrabImageRGBD(): 16.9649ms
Frame 304 end
Average processing time of GrabImageRGBD(): 17.0283ms
Frame 305 end
Average processing time of GrabImageRGBD(): 17.0401ms
Frame 306 end
Average processing time of GrabImageRGBD(): 17.0451ms
Frame 307 end
Average processing time of GrabImageRGBD(): 17.0447ms
Frame 308 end
Average processing time of GrabImageRGBD(): 17.0438ms
Frame 309 end
Average processing time of GrabImageRGBD(): 17.0346ms
Frame 310 end
Average processing time of GrabImageRGBD(): 17.0204ms
Frame 311 end
Average processing time of GrabImageRGBD(): 17.0218ms
Frame 312 end
Average processing time of GrabImageRGBD(): 17.0087ms
Frame 313 end
Average processing time of GrabImageRGBD(): 17.0093ms
Frame 314 end
Average processing time of GrabImageRGBD(): 17.0036ms
Frame 315 end
Average processing time of GrabImageRGBD(): 17.0502ms
Frame 316 end
Average processing time of GrabImageRGBD(): 17.0444ms
Frame 317 end
Average processing time of GrabImageRGBD(): 17.0138ms
Frame 318 end
Average processing time of GrabImageRGBD(): 17.0075ms
Frame 319 end
Average processing time of GrabImageRGBD(): 17.0019ms
Frame 320 end
Average processing time of GrabImageRGBD(): 16.9901ms
Frame 321 end
Average processing time of GrabImageRGBD(): 16.9767ms
Frame 322 end
Average processing time of GrabImageRGBD(): 16.9689ms
Frame 323 end
Average processing time of GrabImageRGBD(): 17.0257ms
Frame 324 end
Average processing time of GrabImageRGBD(): 17.0358ms
Frame 325 end
Average processing time of GrabImageRGBD(): 17.031ms
Frame 326 end
Average processing time of GrabImageRGBD(): 17.0207ms
Frame 327 end
Average processing time of GrabImageRGBD(): 17.0067ms
Frame 328 end
Average processing time of GrabImageRGBD(): 16.9964ms
Frame 329 end
Average processing time of GrabImageRGBD(): 16.9866ms
Frame 330 end
Average processing time of GrabImageRGBD(): 16.9696ms
Frame 331 end
Average processing time of GrabImageRGBD(): 16.957ms
Frame 332 end
Average processing time of GrabImageRGBD(): 16.9436ms
Frame 333 end
Average processing time of GrabImageRGBD(): 16.9915ms
Frame 334 end
Average processing time of GrabImageRGBD(): 16.9748ms
Frame 335 end
Average processing time of GrabImageRGBD(): 16.9684ms
Frame 336 end
Average processing time of GrabImageRGBD(): 16.9614ms
Frame 337 end
Average processing time of GrabImageRGBD(): 16.9467ms
Frame 338 end
Average processing time of GrabImageRGBD(): 16.9333ms
Frame 339 end
Average processing time of GrabImageRGBD(): 16.9227ms
Frame 340 end
Average processing time of GrabImageRGBD(): 16.9048ms
Frame 341 end
Average processing time of GrabImageRGBD(): 16.8934ms
Frame 342 end
Average processing time of GrabImageRGBD(): 16.8819ms
Frame 343 end
Average processing time of GrabImageRGBD(): 16.8628ms
Frame 344 end
Average processing time of GrabImageRGBD(): 16.8508ms
Frame 345 end
Average processing time of GrabImageRGBD(): 16.8999ms
Frame 346 end
Average processing time of GrabImageRGBD(): 16.8783ms
Frame 347 end
Average processing time of GrabImageRGBD(): 16.8693ms
Frame 348 end
Average processing time of GrabImageRGBD(): 16.8603ms
Frame 349 end
Average processing time of GrabImageRGBD(): 16.8486ms
Frame 350 end
Average processing time of GrabImageRGBD(): 16.8355ms
Frame 351 end
Average processing time of GrabImageRGBD(): 16.823ms
Frame 352 end
Average processing time of GrabImageRGBD(): 16.8158ms
Frame 353 end
Average processing time of GrabImageRGBD(): 16.8044ms
Frame 354 end
Average processing time of GrabImageRGBD(): 16.852ms
Frame 355 end
Average processing time of GrabImageRGBD(): 16.8437ms
Frame 356 end
Average processing time of GrabImageRGBD(): 16.8283ms
Frame 357 end
Average processing time of GrabImageRGBD(): 16.8171ms
Frame 358 end
Average processing time of GrabImageRGBD(): 16.807ms
Frame 359 end
Average processing time of GrabImageRGBD(): 16.7999ms
Frame 360 end
Average processing time of GrabImageRGBD(): 16.8492ms
Frame 361 end
Average processing time of GrabImageRGBD(): 16.8357ms
Frame 362 end
Average processing time of GrabImageRGBD(): 16.827ms
Frame 363 end
Average processing time of GrabImageRGBD(): 16.8138ms
Frame 364 end
Average processing time of GrabImageRGBD(): 16.8115ms
Frame 365 end
Average processing time of GrabImageRGBD(): 16.8004ms
Frame 366 end
Average processing time of GrabImageRGBD(): 16.7865ms
Frame 367 end
Average processing time of GrabImageRGBD(): 16.7748ms
Frame 368 end
Average processing time of GrabImageRGBD(): 16.8166ms
Frame 369 end
Average processing time of GrabImageRGBD(): 16.8073ms
Frame 370 end
Average processing time of GrabImageRGBD(): 16.7951ms
Frame 371 end
Average processing time of GrabImageRGBD(): 16.7869ms
Frame 372 end
Average processing time of GrabImageRGBD(): 16.7739ms
Frame 373 end
Average processing time of GrabImageRGBD(): 16.7645ms
Frame 374 end
Average processing time of GrabImageRGBD(): 16.7528ms
Frame 375 end
Average processing time of GrabImageRGBD(): 16.7394ms
Frame 376 end
Average processing time of GrabImageRGBD(): 16.7347ms
Frame 377 end
Average processing time of GrabImageRGBD(): 16.7772ms
Frame 378 end
Average processing time of GrabImageRGBD(): 16.7652ms
Frame 379 end
Average processing time of GrabImageRGBD(): 16.7559ms
Frame 380 end
Average processing time of GrabImageRGBD(): 16.7408ms
Frame 381 end
Average processing time of GrabImageRGBD(): 16.7322ms
Frame 382 end
Average processing time of GrabImageRGBD(): 16.7229ms
Frame 383 end
Average processing time of GrabImageRGBD(): 16.7637ms
Frame 384 end
Average processing time of GrabImageRGBD(): 16.7557ms
Frame 385 end
Average processing time of GrabImageRGBD(): 16.7433ms
Frame 386 end
Average processing time of GrabImageRGBD(): 16.736ms
Frame 387 end
Average processing time of GrabImageRGBD(): 16.7263ms
Frame 388 end
Average processing time of GrabImageRGBD(): 16.7158ms
Frame 389 end
Average processing time of GrabImageRGBD(): 16.7039ms
Frame 390 end
Average processing time of GrabImageRGBD(): 16.6928ms
Frame 391 end
Average processing time of GrabImageRGBD(): 16.6784ms
Frame 392 end
Average processing time of GrabImageRGBD(): 16.6684ms
Frame 393 end
Average processing time of GrabImageRGBD(): 16.7102ms
Frame 394 end
Average processing time of GrabImageRGBD(): 16.6975ms
Frame 395 end
Average processing time of GrabImageRGBD(): 16.6887ms
Frame 396 end
Average processing time of GrabImageRGBD(): 16.6797ms
Frame 397 end
Average processing time of GrabImageRGBD(): 16.6681ms
Frame 398 end
Average processing time of GrabImageRGBD(): 16.6569ms
Frame 399 end
Average processing time of GrabImageRGBD(): 16.7005ms
Frame 400 end
Average processing time of GrabImageRGBD(): 16.6929ms
Frame 401 end
Average processing time of GrabImageRGBD(): 16.6851ms
Frame 402 end
Average processing time of GrabImageRGBD(): 16.6725ms
Frame 403 end
Average processing time of GrabImageRGBD(): 16.6653ms
Frame 404 end
Average processing time of GrabImageRGBD(): 16.6518ms
Frame 405 end
Average processing time of GrabImageRGBD(): 16.6333ms
Frame 406 end
Average processing time of GrabImageRGBD(): 16.6535ms
Frame 407 end
Average processing time of GrabImageRGBD(): 16.6291ms
Frame 408 end
Average processing time of GrabImageRGBD(): 16.6258ms
Frame 409 end
Average processing time of GrabImageRGBD(): 16.6188ms
Frame 410 end
Average processing time of GrabImageRGBD(): 16.6126ms
Frame 411 end
Average processing time of GrabImageRGBD(): 16.6071ms
Frame 412 end
Average processing time of GrabImageRGBD(): 16.6415ms
Frame 413 end
Average processing time of GrabImageRGBD(): 16.6372ms
Frame 414 end
Average processing time of GrabImageRGBD(): 16.6262ms
Frame 415 end
Average processing time of GrabImageRGBD(): 16.6205ms
Frame 416 end
Average processing time of GrabImageRGBD(): 16.6078ms
Frame 417 end
Average processing time of GrabImageRGBD(): 16.5999ms
Frame 418 end
Average processing time of GrabImageRGBD(): 16.6388ms
Frame 419 end
Average processing time of GrabImageRGBD(): 16.6305ms
Frame 420 end
Average processing time of GrabImageRGBD(): 16.6242ms
Frame 421 end
Average processing time of GrabImageRGBD(): 16.6327ms
Frame 422 end
Average processing time of GrabImageRGBD(): 16.6265ms
Frame 423 end
Average processing time of GrabImageRGBD(): 16.619ms
Frame 424 end
Average processing time of GrabImageRGBD(): 16.6636ms
Frame 425 end
Average processing time of GrabImageRGBD(): 16.6522ms
Frame 426 end
Average processing time of GrabImageRGBD(): 16.6537ms
Frame 427 end
Average processing time of GrabImageRGBD(): 16.6508ms
Frame 428 end
Average processing time of GrabImageRGBD(): 16.6465ms
Frame 429 end
Average processing time of GrabImageRGBD(): 16.6391ms
Frame 430 end
Average processing time of GrabImageRGBD(): 16.6224ms
Frame 431 end
Average processing time of GrabImageRGBD(): 16.6166ms
Frame 432 end
Average processing time of GrabImageRGBD(): 16.6067ms
Frame 433 end
Average processing time of GrabImageRGBD(): 16.5991ms
Frame 434 end
Average processing time of GrabImageRGBD(): 16.5861ms
Frame 435 end
Average processing time of GrabImageRGBD(): 16.5749ms
Frame 436 end
Average processing time of GrabImageRGBD(): 16.5653ms
Frame 437 end
Average processing time of GrabImageRGBD(): 16.5393ms
Frame 438 end
Average processing time of GrabImageRGBD(): 16.5069ms
Frame 439 end
Average processing time of GrabImageRGBD(): 16.4826ms
Frame 440 end
Average processing time of GrabImageRGBD(): 16.4541ms
Frame 441 end
Average processing time of GrabImageRGBD(): 16.4978ms
Frame 442 end
Average processing time of GrabImageRGBD(): 16.4799ms
Frame 443 end
Average processing time of GrabImageRGBD(): 16.4604ms
Frame 444 end
Average processing time of GrabImageRGBD(): 16.4305ms
Frame 445 end
Average processing time of GrabImageRGBD(): 16.4066ms
Frame 446 end
Average processing time of GrabImageRGBD(): 16.3834ms
Frame 447 end
Average processing time of GrabImageRGBD(): 16.3543ms
Frame 448 end
Average processing time of GrabImageRGBD(): 16.3305ms
Frame 449 end
Average processing time of GrabImageRGBD(): 16.3102ms
Frame 450 end
Average processing time of GrabImageRGBD(): 16.2919ms
Frame 451 end
Average processing time of GrabImageRGBD(): 16.2642ms
Frame 452 end
Average processing time of GrabImageRGBD(): 16.2358ms
Frame 453 end
Average processing time of GrabImageRGBD(): 16.2162ms
Frame 454 end
Average processing time of GrabImageRGBD(): 16.1882ms
Frame 455 end
Average processing time of GrabImageRGBD(): 16.1608ms
Frame 456 end
Average processing time of GrabImageRGBD(): 16.1881ms
Frame 457 end
Average processing time of GrabImageRGBD(): 16.1761ms
Frame 458 end
Average processing time of GrabImageRGBD(): 16.1482ms
Frame 459 end
Average processing time of GrabImageRGBD(): 16.1242ms
Frame 460 end
Average processing time of GrabImageRGBD(): 16.1036ms
Frame 461 end
Average processing time of GrabImageRGBD(): 16.0876ms
Frame 462 end
Average processing time of GrabImageRGBD(): 16.0647ms
Frame 463 end
Average processing time of GrabImageRGBD(): 16.0939ms
Frame 464 end
Average processing time of GrabImageRGBD(): 16.0706ms
Frame 465 end
Average processing time of GrabImageRGBD(): 16.0425ms
Frame 466 end
Average processing time of GrabImageRGBD(): 16.0162ms
Frame 467 end
Average processing time of GrabImageRGBD(): 15.9897ms
Frame 468 end
Average processing time of GrabImageRGBD(): 15.9622ms
Frame 469 end
Average processing time of GrabImageRGBD(): 15.9365ms
Frame 470 end
Average processing time of GrabImageRGBD(): 15.9222ms
Frame 471 end
Average processing time of GrabImageRGBD(): 15.9553ms
Frame 472 end
Average processing time of GrabImageRGBD(): 15.9493ms
Frame 473 end
Average processing time of GrabImageRGBD(): 15.935ms
Frame 474 end
Average processing time of GrabImageRGBD(): 15.9285ms
Frame 475 end
Average processing time of GrabImageRGBD(): 15.9223ms
Frame 476 end
Average processing time of GrabImageRGBD(): 15.911ms
Frame 477 end
Average processing time of GrabImageRGBD(): 15.8973ms
Frame 478 end
Average processing time of GrabImageRGBD(): 15.8917ms
Frame 479 end
Average processing time of GrabImageRGBD(): 15.9344ms
Frame 480 end
Average processing time of GrabImageRGBD(): 15.9289ms
Frame 481 end
Average processing time of GrabImageRGBD(): 15.924ms
Frame 482 end
Average processing time of GrabImageRGBD(): 15.9152ms
Frame 483 end
Average processing time of GrabImageRGBD(): 15.9077ms
Frame 484 end
Average processing time of GrabImageRGBD(): 15.8942ms
Frame 485 end
Average processing time of GrabImageRGBD(): 15.888ms
Frame 486 end
Average processing time of GrabImageRGBD(): 15.8839ms
Frame 487 end
Average processing time of GrabImageRGBD(): 15.8729ms
Frame 488 end
Average processing time of GrabImageRGBD(): 15.8676ms
Frame 489 end
Average processing time of GrabImageRGBD(): 15.8599ms
Frame 490 end
Average processing time of GrabImageRGBD(): 15.8482ms
Frame 491 end
Average processing time of GrabImageRGBD(): 15.8371ms
Frame 492 end
Average processing time of GrabImageRGBD(): 15.8304ms
Frame 493 end
Average processing time of GrabImageRGBD(): 15.8232ms
Frame 494 end
Average processing time of GrabImageRGBD(): 15.8215ms
Frame 495 end
Average processing time of GrabImageRGBD(): 15.8626ms
Frame 496 end
Average processing time of GrabImageRGBD(): 15.8585ms
Frame 497 end
Average processing time of GrabImageRGBD(): 15.8527ms
Frame 498 end
Average processing time of GrabImageRGBD(): 15.8409ms
Frame 499 end
Average processing time of GrabImageRGBD(): 15.83ms
Frame 500 end
Average processing time of GrabImageRGBD(): 15.8247ms
Frame 501 end
Average processing time of GrabImageRGBD(): 15.8112ms
Frame 502 end
Average processing time of GrabImageRGBD(): 15.8088ms
Frame 503 end
Average processing time of GrabImageRGBD(): 15.7967ms
Frame 504 end
Average processing time of GrabImageRGBD(): 15.8333ms
Frame 505 end
Average processing time of GrabImageRGBD(): 15.8234ms
Frame 506 end
Average processing time of GrabImageRGBD(): 15.817ms
Frame 507 end
Average processing time of GrabImageRGBD(): 15.8112ms
Frame 508 end
Average processing time of GrabImageRGBD(): 15.7925ms
Frame 509 end
Average processing time of GrabImageRGBD(): 15.7853ms
Frame 510 end
Average processing time of GrabImageRGBD(): 15.7747ms
Frame 511 end
Average processing time of GrabImageRGBD(): 15.7648ms
Frame 512 end
Average processing time of GrabImageRGBD(): 15.7577ms
Frame 513 end
Average processing time of GrabImageRGBD(): 15.7925ms
Frame 514 end
Average processing time of GrabImageRGBD(): 15.786ms
Frame 515 end
Average processing time of GrabImageRGBD(): 15.7808ms
Frame 516 end
Average processing time of GrabImageRGBD(): 15.7702ms
Frame 517 end
Average processing time of GrabImageRGBD(): 15.7675ms
Frame 518 end
Average processing time of GrabImageRGBD(): 15.757ms
Frame 519 end
Average processing time of GrabImageRGBD(): 15.7538ms
Frame 520 end
Average processing time of GrabImageRGBD(): 15.7461ms
Frame 521 end
Average processing time of GrabImageRGBD(): 15.7406ms
Frame 522 end
Average processing time of GrabImageRGBD(): 15.7305ms
Frame 523 end
Average processing time of GrabImageRGBD(): 15.7265ms
Frame 524 end
Average processing time of GrabImageRGBD(): 15.7211ms
Frame 525 end
Average processing time of GrabImageRGBD(): 15.7543ms
Frame 526 end
Average processing time of GrabImageRGBD(): 15.7494ms
Frame 527 end
Average processing time of GrabImageRGBD(): 15.7432ms
Frame 528 end
Average processing time of GrabImageRGBD(): 15.7344ms
Frame 529 end
Average processing time of GrabImageRGBD(): 15.7315ms
Frame 530 end
Average processing time of GrabImageRGBD(): 15.7251ms
Frame 531 end
Average processing time of GrabImageRGBD(): 15.7195ms
Frame 532 end
Average processing time of GrabImageRGBD(): 15.7104ms
Frame 533 end
Average processing time of GrabImageRGBD(): 15.7045ms
Frame 534 end
Average processing time of GrabImageRGBD(): 15.6943ms
Frame 535 end
Average processing time of GrabImageRGBD(): 15.7356ms
Frame 536 end
Average processing time of GrabImageRGBD(): 15.7323ms
Frame 537 end
Average processing time of GrabImageRGBD(): 15.7243ms
Frame 538 end
Average processing time of GrabImageRGBD(): 15.7206ms
Frame 539 end
Average processing time of GrabImageRGBD(): 15.7181ms
Frame 540 end
Average processing time of GrabImageRGBD(): 15.7152ms
Frame 541 end
Average processing time of GrabImageRGBD(): 15.7092ms
Frame 542 end
Average processing time of GrabImageRGBD(): 15.7007ms
Frame 543 end
Average processing time of GrabImageRGBD(): 15.689ms
Frame 544 end
Average processing time of GrabImageRGBD(): 15.7248ms
Frame 545 end
Average processing time of GrabImageRGBD(): 15.7186ms
Frame 546 end
Average processing time of GrabImageRGBD(): 15.7124ms
Frame 547 end
Average processing time of GrabImageRGBD(): 15.7077ms
Frame 548 end
Average processing time of GrabImageRGBD(): 15.7012ms
Frame 549 end
Average processing time of GrabImageRGBD(): 15.7063ms
Frame 550 end
Average processing time of GrabImageRGBD(): 15.7046ms
Frame 551 end
Average processing time of GrabImageRGBD(): 15.7003ms
Frame 552 end
Average processing time of GrabImageRGBD(): 15.691ms
Frame 553 end
Average processing time of GrabImageRGBD(): 15.721ms
Frame 554 end
Average processing time of GrabImageRGBD(): 15.7185ms
Frame 555 end
Average processing time of GrabImageRGBD(): 15.716ms
Frame 556 end
Average processing time of GrabImageRGBD(): 15.7109ms
Frame 557 end
Average processing time of GrabImageRGBD(): 15.7025ms
Frame 558 end
Average processing time of GrabImageRGBD(): 15.6975ms
Frame 559 end
Average processing time of GrabImageRGBD(): 15.6936ms
Frame 560 end
Average processing time of GrabImageRGBD(): 15.6887ms
Frame 561 end
Average processing time of GrabImageRGBD(): 15.7187ms
Frame 562 end
Average processing time of GrabImageRGBD(): 15.7147ms
Frame 563 end
Average processing time of GrabImageRGBD(): 15.7108ms
Frame 564 end
Average processing time of GrabImageRGBD(): 15.7092ms
Frame 565 end
Average processing time of GrabImageRGBD(): 15.7064ms
Frame 566 end
Average processing time of GrabImageRGBD(): 15.7084ms
Frame 567 end
Average processing time of GrabImageRGBD(): 15.7103ms
Frame 568 end
Average processing time of GrabImageRGBD(): 15.7117ms
Frame 569 end
Average processing time of GrabImageRGBD(): 15.7458ms
Frame 570 end
Average processing time of GrabImageRGBD(): 15.7434ms
Frame 571 end
Average processing time of GrabImageRGBD(): 15.75ms
Frame 572 end
Average processing time of GrabImageRGBD(): 15.745ms
Frame 573 end
Average processing time of GrabImageRGBD(): 15.7458ms
Frame 574 end
Average processing time of GrabImageRGBD(): 15.7444ms
Frame 575 end
Average processing time of GrabImageRGBD(): 15.7814ms
Frame 576 end
Average processing time of GrabImageRGBD(): 15.7759ms
Frame 577 end
Average processing time of GrabImageRGBD(): 15.7758ms
Frame 578 end
Average processing time of GrabImageRGBD(): 15.7719ms
Frame 579 end
Average processing time of GrabImageRGBD(): 15.7691ms
Frame 580 end
Average processing time of GrabImageRGBD(): 15.7684ms
Frame 581 end
Average processing time of GrabImageRGBD(): 15.7616ms
Frame 582 end
Average processing time of GrabImageRGBD(): 15.7946ms
Frame 583 end
Average processing time of GrabImageRGBD(): 15.7889ms
Frame 584 end
Average processing time of GrabImageRGBD(): 15.7855ms
Frame 585 end
Average processing time of GrabImageRGBD(): 15.7823ms
Frame 586 end
Average processing time of GrabImageRGBD(): 15.7814ms
Frame 587 end
Average processing time of GrabImageRGBD(): 15.7776ms
Frame 588 end
Average processing time of GrabImageRGBD(): 15.7667ms
Frame 589 end
Average processing time of GrabImageRGBD(): 15.764ms
Frame 590 end
Average processing time of GrabImageRGBD(): 15.7574ms
Frame 591 end
Average processing time of GrabImageRGBD(): 15.7544ms
Frame 592 end
Average processing time of GrabImageRGBD(): 15.7902ms
Frame 593 end
Average processing time of GrabImageRGBD(): 15.7894ms
Frame 594 end
Average processing time of GrabImageRGBD(): 15.7889ms
Frame 595 end
Average processing time of GrabImageRGBD(): 15.7902ms
Frame 596 end
Average processing time of GrabImageRGBD(): 15.7923ms
Frame 597 end
Average processing time of GrabImageRGBD(): 15.7909ms
Frame 598 end
Average processing time of GrabImageRGBD(): 15.7961ms
Frame 599 end
Average processing time of GrabImageRGBD(): 15.793ms
Frame 600 end
Average processing time of GrabImageRGBD(): 15.7961ms
Frame 601 end
Average processing time of GrabImageRGBD(): 15.83ms
Frame 602 end
Average processing time of GrabImageRGBD(): 15.8249ms
Frame 603 end
Average processing time of GrabImageRGBD(): 15.8194ms
Frame 604 end
Average processing time of GrabImageRGBD(): 15.81ms
Frame 605 end
Average processing time of GrabImageRGBD(): 15.8038ms
Frame 606 end
Average processing time of GrabImageRGBD(): 15.7934ms
Frame 607 end
Average processing time of GrabImageRGBD(): 15.7841ms
Frame 608 end
Average processing time of GrabImageRGBD(): 15.7732ms
Frame 609 end
Average processing time of GrabImageRGBD(): 15.8ms
Frame 610 end
Average processing time of GrabImageRGBD(): 15.7928ms
Frame 611 end
Average processing time of GrabImageRGBD(): 15.7866ms
Frame 612 end
Average processing time of GrabImageRGBD(): 15.7757ms
Frame 613 end
Average processing time of GrabImageRGBD(): 15.7611ms
Frame 614 end
Average processing time of GrabImageRGBD(): 15.7524ms
Frame 615 end
Average processing time of GrabImageRGBD(): 15.7939ms
Frame 616 end
Average processing time of GrabImageRGBD(): 15.7953ms
Frame 617 end
Average processing time of GrabImageRGBD(): 15.7962ms
Frame 618 end
Average processing time of GrabImageRGBD(): 15.7924ms
Frame 619 end
Average processing time of GrabImageRGBD(): 15.7906ms
Frame 620 end
Average processing time of GrabImageRGBD(): 15.7845ms
Frame 621 end
Average processing time of GrabImageRGBD(): 15.7845ms
Frame 622 end
Average processing time of GrabImageRGBD(): 15.7871ms
Frame 623 end
Average processing time of GrabImageRGBD(): 15.8223ms
Frame 624 end
Average processing time of GrabImageRGBD(): 15.8184ms
Frame 625 end
Average processing time of GrabImageRGBD(): 15.8126ms
Frame 626 end
Average processing time of GrabImageRGBD(): 15.8109ms
Frame 627 end
Average processing time of GrabImageRGBD(): 15.8077ms
Frame 628 end
Average processing time of GrabImageRGBD(): 15.8022ms
Frame 629 end
Average processing time of GrabImageRGBD(): 15.8012ms
Frame 630 end
Average processing time of GrabImageRGBD(): 15.8063ms
Frame 631 end
Average processing time of GrabImageRGBD(): 15.8445ms
Frame 632 end
Average processing time of GrabImageRGBD(): 15.8494ms
Frame 633 end
Average processing time of GrabImageRGBD(): 15.8441ms
Frame 634 end
Average processing time of GrabImageRGBD(): 15.8443ms
Frame 635 end
Average processing time of GrabImageRGBD(): 15.8436ms
Frame 636 end
Average processing time of GrabImageRGBD(): 15.8408ms
Frame 637 end
Average processing time of GrabImageRGBD(): 15.8371ms
Frame 638 end
Average processing time of GrabImageRGBD(): 15.8252ms
Frame 639 end
Average processing time of GrabImageRGBD(): 15.8244ms
Frame 640 end
Average processing time of GrabImageRGBD(): 15.8181ms
Frame 641 end
Average processing time of GrabImageRGBD(): 15.8152ms
Frame 642 end
Average processing time of GrabImageRGBD(): 15.8089ms
Frame 643 end
Average processing time of GrabImageRGBD(): 15.8384ms
Frame 644 end
Average processing time of GrabImageRGBD(): 15.8339ms
Frame 645 end
Average processing time of GrabImageRGBD(): 15.8296ms
Frame 646 end
Average processing time of GrabImageRGBD(): 15.8212ms
Frame 647 end
Average processing time of GrabImageRGBD(): 15.8161ms
Frame 648 end
Average processing time of GrabImageRGBD(): 15.806ms
Frame 649 end
Average processing time of GrabImageRGBD(): 15.8017ms
Frame 650 end
Average processing time of GrabImageRGBD(): 15.7922ms
Frame 651 end
Average processing time of GrabImageRGBD(): 15.7822ms
Frame 652 end
Average processing time of GrabImageRGBD(): 15.7748ms
Frame 653 end
Average processing time of GrabImageRGBD(): 15.7665ms
Frame 654 end
Average processing time of GrabImageRGBD(): 15.792ms
Frame 655 end
Average processing time of GrabImageRGBD(): 15.7854ms
Frame 656 end
Average processing time of GrabImageRGBD(): 15.7794ms
Frame 657 end
Average processing time of GrabImageRGBD(): 15.7745ms
Frame 658 end
Average processing time of GrabImageRGBD(): 15.7719ms
Frame 659 end
Average processing time of GrabImageRGBD(): 15.7681ms
Frame 660 end
Average processing time of GrabImageRGBD(): 15.7608ms
Frame 661 end
Average processing time of GrabImageRGBD(): 15.7562ms
Frame 662 end
Average processing time of GrabImageRGBD(): 15.7519ms
Frame 663 end
Average processing time of GrabImageRGBD(): 15.7445ms
Frame 664 end
Average processing time of GrabImageRGBD(): 15.7743ms
Frame 665 end
Average processing time of GrabImageRGBD(): 15.7741ms
Frame 666 end
Average processing time of GrabImageRGBD(): 15.7702ms
Frame 667 end
Average processing time of GrabImageRGBD(): 15.7667ms
Frame 668 end
Average processing time of GrabImageRGBD(): 15.7626ms
Frame 669 end
Average processing time of GrabImageRGBD(): 15.7591ms
Frame 670 end
Average processing time of GrabImageRGBD(): 15.7531ms
Frame 671 end
Average processing time of GrabImageRGBD(): 15.7496ms
Frame 672 end
Average processing time of GrabImageRGBD(): 15.7465ms
Frame 673 end
Average processing time of GrabImageRGBD(): 15.744ms
Frame 674 end
Average processing time of GrabImageRGBD(): 15.7702ms
Frame 675 end
Average processing time of GrabImageRGBD(): 15.7681ms
Frame 676 end
Average processing time of GrabImageRGBD(): 15.7661ms
Frame 677 end
Average processing time of GrabImageRGBD(): 15.7625ms
Frame 678 end
Average processing time of GrabImageRGBD(): 15.7601ms
Frame 679 end
Average processing time of GrabImageRGBD(): 15.757ms
Frame 680 end
Average processing time of GrabImageRGBD(): 15.7548ms
Frame 681 end
Average processing time of GrabImageRGBD(): 15.7529ms
Frame 682 end
Average processing time of GrabImageRGBD(): 15.749ms
Frame 683 end
Average processing time of GrabImageRGBD(): 15.7499ms
Frame 684 end
Average processing time of GrabImageRGBD(): 15.7774ms
Frame 685 end
Average processing time of GrabImageRGBD(): 15.7754ms
Frame 686 end
Average processing time of GrabImageRGBD(): 15.7726ms
Frame 687 end
Average processing time of GrabImageRGBD(): 15.7712ms
Frame 688 end
Average processing time of GrabImageRGBD(): 15.7697ms
Frame 689 end
Average processing time of GrabImageRGBD(): 15.7693ms
Frame 690 end
Average processing time of GrabImageRGBD(): 15.7665ms
Frame 691 end
Average processing time of GrabImageRGBD(): 15.769ms
Frame 692 end
Average processing time of GrabImageRGBD(): 15.7646ms
Frame 693 end
Average processing time of GrabImageRGBD(): 15.7604ms
Frame 694 end
Average processing time of GrabImageRGBD(): 15.753ms
Frame 695 end
Average processing time of GrabImageRGBD(): 15.7485ms
Frame 696 end
Average processing time of GrabImageRGBD(): 15.7438ms
Frame 697 end
Average processing time of GrabImageRGBD(): 15.7374ms
Frame 698 end
Average processing time of GrabImageRGBD(): 15.7254ms
Frame 699 end
Average processing time of GrabImageRGBD(): 15.7417ms
Frame 700 end
Average processing time of GrabImageRGBD(): 15.7271ms
Frame 701 end
Average processing time of GrabImageRGBD(): 15.7173ms
Frame 702 end
Average processing time of GrabImageRGBD(): 15.7002ms
Frame 703 end
Average processing time of GrabImageRGBD(): 15.6831ms
Frame 704 end
Average processing time of GrabImageRGBD(): 15.6709ms
Frame 705 end
Average processing time of GrabImageRGBD(): 15.6638ms
Frame 706 end
Average processing time of GrabImageRGBD(): 15.6524ms
Frame 707 end
Average processing time of GrabImageRGBD(): 15.6476ms
Frame 708 end
Average processing time of GrabImageRGBD(): 15.6445ms
Frame 709 end
Average processing time of GrabImageRGBD(): 15.6758ms
Frame 710 end
Average processing time of GrabImageRGBD(): 15.6781ms
Frame 711 end
Average processing time of GrabImageRGBD(): 15.675ms
Frame 712 end
Average processing time of GrabImageRGBD(): 15.6679ms
Frame 713 end
Average processing time of GrabImageRGBD(): 15.6654ms
Frame 714 end
Average processing time of GrabImageRGBD(): 15.6647ms
Frame 715 end
Average processing time of GrabImageRGBD(): 15.6644ms
Frame 716 end
Average processing time of GrabImageRGBD(): 15.6597ms
Frame 717 end
Average processing time of GrabImageRGBD(): 15.6553ms
Frame 718 end
Average processing time of GrabImageRGBD(): 15.6845ms
Frame 719 end
Average processing time of GrabImageRGBD(): 15.6815ms
Frame 720 end
Average processing time of GrabImageRGBD(): 15.6852ms
Frame 721 end
Average processing time of GrabImageRGBD(): 15.6807ms
Frame 722 end
Average processing time of GrabImageRGBD(): 15.6782ms
Frame 723 end
Average processing time of GrabImageRGBD(): 15.669ms
Frame 724 end
Average processing time of GrabImageRGBD(): 15.6641ms
Frame 725 end
Average processing time of GrabImageRGBD(): 15.6645ms
Frame 726 end
Average processing time of GrabImageRGBD(): 15.6632ms
Frame 727 end
Average processing time of GrabImageRGBD(): 15.688ms
Frame 728 end
Average processing time of GrabImageRGBD(): 15.6864ms
Frame 729 end
Average processing time of GrabImageRGBD(): 15.6846ms
Frame 730 end
Average processing time of GrabImageRGBD(): 15.6812ms
Frame 731 end
Average processing time of GrabImageRGBD(): 15.6784ms
Frame 732 end
Average processing time of GrabImageRGBD(): 15.673ms
Frame 733 end
Average processing time of GrabImageRGBD(): 15.6701ms
Frame 734 end
Average processing time of GrabImageRGBD(): 15.6661ms
Frame 735 end
Average processing time of GrabImageRGBD(): 15.6629ms
Frame 736 end
Average processing time of GrabImageRGBD(): 15.6597ms
Frame 737 end
Average processing time of GrabImageRGBD(): 15.684ms
Frame 738 end
Average processing time of GrabImageRGBD(): 15.6797ms
Frame 739 end
Average processing time of GrabImageRGBD(): 15.675ms
Frame 740 end
Average processing time of GrabImageRGBD(): 15.6689ms
Frame 741 end
Average processing time of GrabImageRGBD(): 15.6641ms
Frame 742 end
Average processing time of GrabImageRGBD(): 15.6611ms
Frame 743 end
Average processing time of GrabImageRGBD(): 15.6564ms
Frame 744 end
Average processing time of GrabImageRGBD(): 15.6537ms
Frame 745 end
Average processing time of GrabImageRGBD(): 15.6497ms
Frame 746 end
Average processing time of GrabImageRGBD(): 15.6435ms
Frame 747 end
Average processing time of GrabImageRGBD(): 15.6397ms
Frame 748 end
Average processing time of GrabImageRGBD(): 15.6341ms
Frame 749 end
Average processing time of GrabImageRGBD(): 15.6271ms
Frame 750 end
Average processing time of GrabImageRGBD(): 15.6233ms
Frame 751 end
Average processing time of GrabImageRGBD(): 15.6177ms
Frame 752 end
Average processing time of GrabImageRGBD(): 15.6133ms
Frame 753 end
Average processing time of GrabImageRGBD(): 15.6082ms
Frame 754 end
Average processing time of GrabImageRGBD(): 15.6039ms
Frame 755 end
Average processing time of GrabImageRGBD(): 15.5993ms
Frame 756 end
Average processing time of GrabImageRGBD(): 15.5942ms
Frame 757 end
Average processing time of GrabImageRGBD(): 15.5892ms
Frame 758 end
Average processing time of GrabImageRGBD(): 15.5819ms
Frame 759 end
Average processing time of GrabImageRGBD(): 15.5766ms
Frame 760 end
Average processing time of GrabImageRGBD(): 15.572ms
Frame 761 end
Average processing time of GrabImageRGBD(): 15.6081ms
Frame 762 end
Average processing time of GrabImageRGBD(): 15.6036ms
Frame 763 end
Average processing time of GrabImageRGBD(): 15.5974ms
Frame 764 end
Average processing time of GrabImageRGBD(): 15.5908ms
Frame 765 end
Average processing time of GrabImageRGBD(): 15.5882ms
Frame 766 end
Average processing time of GrabImageRGBD(): 15.5833ms
Frame 767 end
Average processing time of GrabImageRGBD(): 15.5779ms
Frame 768 end
Average processing time of GrabImageRGBD(): 15.5727ms
Frame 769 end
Average processing time of GrabImageRGBD(): 15.5668ms
Frame 770 end
Average processing time of GrabImageRGBD(): 15.5618ms
Frame 771 end
Average processing time of GrabImageRGBD(): 15.5556ms
Frame 772 end
Average processing time of GrabImageRGBD(): 15.5787ms
Frame 773 end
Average processing time of GrabImageRGBD(): 15.5739ms
Frame 774 end
Average processing time of GrabImageRGBD(): 15.5689ms
Frame 775 end
Average processing time of GrabImageRGBD(): 15.5636ms
Frame 776 end
Average processing time of GrabImageRGBD(): 15.5535ms
Frame 777 end
Average processing time of GrabImageRGBD(): 15.5482ms
Frame 778 end
Average processing time of GrabImageRGBD(): 15.5408ms
Frame 779 end
Average processing time of GrabImageRGBD(): 15.5348ms
Frame 780 end
Average processing time of GrabImageRGBD(): 15.53ms
Frame 781 end
Average processing time of GrabImageRGBD(): 15.5266ms
Frame 782 end
Average processing time of GrabImageRGBD(): 15.5523ms
Frame 783 end
Average processing time of GrabImageRGBD(): 15.576ms
Frame 784 end
Average processing time of GrabImageRGBD(): 15.5685ms
Frame 785 end
Average processing time of GrabImageRGBD(): 15.596ms
Frame 786 end
Average processing time of GrabImageRGBD(): 15.5923ms
Frame 787 end
Average processing time of GrabImageRGBD(): 15.5886ms
Frame 788 end
Average processing time of GrabImageRGBD(): 15.5836ms
Frame 789 end
Average processing time of GrabImageRGBD(): 15.5797ms
Frame 790 end
Average processing time of GrabImageRGBD(): 15.5753ms
Frame 791 end
Average processing time of GrabImageRGBD(): 15.5698ms
Frame 792 end
Average processing time of GrabImageRGBD(): 15.5645ms
Frame 793 end
Average processing time of GrabImageRGBD(): 15.5612ms
Frame 794 end
Average processing time of GrabImageRGBD(): 15.5553ms
Frame 795 end
Average processing time of GrabImageRGBD(): 15.5531ms
Frame 796 end
Average processing time of GrabImageRGBD(): 15.5502ms
Frame 797 end
Average processing time of GrabImageRGBD(): 15.5479ms
Frame 798 end
Average processing time of GrabImageRGBD(): 15.5393ms
Frame 799 end
Average processing time of GrabImageRGBD(): 15.5653ms
Frame 800 end
Average processing time of GrabImageRGBD(): 15.5619ms
Frame 801 end
Average processing time of GrabImageRGBD(): 15.5591ms
Frame 802 end
Average processing time of GrabImageRGBD(): 15.5566ms
Frame 803 end
Average processing time of GrabImageRGBD(): 15.5526ms
Frame 804 end
Average processing time of GrabImageRGBD(): 15.5443ms
Frame 805 end
Average processing time of GrabImageRGBD(): 15.539ms
Frame 806 end
Average processing time of GrabImageRGBD(): 15.5321ms
Frame 807 end
Average processing time of GrabImageRGBD(): 15.5241ms
Frame 808 end
Average processing time of GrabImageRGBD(): 15.5126ms
Frame 809 end
Average processing time of GrabImageRGBD(): 15.5008ms
Frame 810 end
Average processing time of GrabImageRGBD(): 15.4871ms
Frame 811 end
Average processing time of GrabImageRGBD(): 15.4794ms
Frame 812 end
Average processing time of GrabImageRGBD(): 15.4705ms
Frame 813 end
Average processing time of GrabImageRGBD(): 15.4592ms
Frame 814 end
Average processing time of GrabImageRGBD(): 15.4517ms
Frame 815 end
Average processing time of GrabImageRGBD(): 15.444ms
Frame 816 end
Average processing time of GrabImageRGBD(): 15.4368ms
Frame 817 end
Average processing time of GrabImageRGBD(): 15.4219ms
Frame 818 end
Average processing time of GrabImageRGBD(): 15.4094ms
Frame 819 end
Average processing time of GrabImageRGBD(): 15.4017ms
Frame 820 end
Average processing time of GrabImageRGBD(): 15.3874ms
Frame 821 end
Average processing time of GrabImageRGBD(): 15.3789ms
Frame 822 end
Average processing time of GrabImageRGBD(): 15.3644ms
Frame 823 end
Average processing time of GrabImageRGBD(): 15.3568ms
Frame 824 end
Average processing time of GrabImageRGBD(): 15.349ms
Frame 825 end
Average processing time of GrabImageRGBD(): 15.3377ms
Frame 826 end
Average processing time of GrabImageRGBD(): 15.3285ms
Frame 827 end
Average processing time of GrabImageRGBD(): 15.3207ms
Frame 828 end
Average processing time of GrabImageRGBD(): 15.3127ms
Frame 829 end
Average processing time of GrabImageRGBD(): 15.2987ms
Frame 830 end
Average processing time of GrabImageRGBD(): 15.3188ms
Frame 831 end
Average processing time of GrabImageRGBD(): 15.3141ms
Frame 832 end
Average processing time of GrabImageRGBD(): 15.3107ms
Frame 833 end
Average processing time of GrabImageRGBD(): 15.3059ms
Frame 834 end
Average processing time of GrabImageRGBD(): 15.3017ms
Frame 835 end
Average processing time of GrabImageRGBD(): 15.2886ms
Frame 836 end
Average processing time of GrabImageRGBD(): 15.2748ms
Frame 837 end
Average processing time of GrabImageRGBD(): 15.2634ms
Frame 838 end
Average processing time of GrabImageRGBD(): 15.2561ms
Frame 839 end
Average processing time of GrabImageRGBD(): 15.2423ms
Frame 840 end
Average processing time of GrabImageRGBD(): 15.2283ms
Frame 841 end
Average processing time of GrabImageRGBD(): 15.2177ms
Frame 842 end
Average processing time of GrabImageRGBD(): 15.2044ms
Frame 843 end
Average processing time of GrabImageRGBD(): 15.1976ms
Frame 844 end
Average processing time of GrabImageRGBD(): 15.1837ms
Frame 845 end
Average processing time of GrabImageRGBD(): 15.1765ms
Frame 846 end
Shutdown
-------

median tracking time: 0.0137512
mean tracking time: 0.015894

Saving camera trajectory to CameraTrajectory.txt ...

Saving keyframe trajectory to KeyFrameTrajectory.txt ...
