
ORB-SLAM3 Copyright (C) 2017-2020 Carlos Campos, Richard Elvira, Juan J. Gómez, José M.M. Montiel and Juan D. Tardós, University of Zaragoza.
ORB-SLAM2 Copyright (C) 2014-2016 Raúl Mur-Artal, José M.M. Montiel and Juan D. Tardós, University of Zaragoza.
This program comes with ABSOLUTELY NO WARRANTY;
This is free software, and you are welcome to redistribute it
under certain conditions. See LICENSE.txt.

Input sensor was set to: RGB-D
Loading settings from /home/bingxin/Downloads/NGD-SLAM/Examples/RGB-D/Bonn.yaml
Camera1.k3 optional parameter does not exist...
	-Loaded camera 1
Camera.newHeight optional parameter does not exist...
Camera.newWidth optional parameter does not exist...
	-Loaded image info
	-Loaded RGB-D calibration
	-Loaded ORB settings
Viewer.imageViewScale optional parameter does not exist...
	-Loaded viewer settings
System.LoadAtlasFromFile optional parameter does not exist...
System.SaveAtlasToFile optional parameter does not exist...
	-Loaded Atlas settings
System.thFarPoints optional parameter does not exist...
	-Loaded misc parameters
----------------------------------
SLAM settings: 
	-Camera 1 parameters (Pinhole): [ 542.823 542.577 315.594 237.756 ]
	-Camera 1 distortion parameters: [  0.039903 -0.099343 -0.00073 -0.000144 ]
	-Original image size: [ 640 , 480 ]
	-Current image size: [ 640 , 480 ]
	-Sequence FPS: 30
	-RGB-D depth map factor: 5000
	-Features per image: 1000
	-ORB scale factor: 1.2
	-ORB number of scales: 8
	-Initial FAST threshold: 20
	-Min FAST threshold: 7


Loading ORB Vocabulary. This could take a while...
Vocabulary loaded!

Initialization of Atlas from scratch 
Creation of new map with id: 0
Creation of new map with last KF id: 0
Seq. Name: 
There are 1 cameras in the atlas
Camera 0 is pinhole
Net use yolo-fastest

-------
Start processing sequence ...
Images in the sequence: 847

First KF:0; Map init KF:0
New Map created with 788 points
Average processing time of GrabImageRGBD(): 47.1191ms
Frame 0 end
Average processing time of GrabImageRGBD(): 40.9166ms
Frame 1 end
Average processing time of GrabImageRGBD(): 38.2638ms
Frame 2 end
Average processing time of GrabImageRGBD(): 32.142ms
Frame 3 end
Average processing time of GrabImageRGBD(): 28.3529ms
Frame 4 end
Starting the Viewer
Average processing time of GrabImageRGBD(): 26.0233ms
Frame 5 end
Average processing time of GrabImageRGBD(): 24.2153ms
Frame 6 end
Average processing time of GrabImageRGBD(): 22.7264ms
Frame 7 end
Average processing time of GrabImageRGBD(): 21.8207ms
Frame 8 end
Average processing time of GrabImageRGBD(): 20.9349ms
Frame 9 end
Average processing time of GrabImageRGBD(): 20.4971ms
Frame 10 end
Average processing time of GrabImageRGBD(): 19.9238ms
Frame 11 end
Average processing time of GrabImageRGBD(): 19.3011ms
Frame 12 end
Average processing time of GrabImageRGBD(): 18.9138ms
Frame 13 end
Average processing time of GrabImageRGBD(): 18.546ms
Frame 14 end
Average processing time of GrabImageRGBD(): 18.2661ms
Frame 15 end
Average processing time of GrabImageRGBD(): 17.9804ms
Frame 16 end
Average processing time of GrabImageRGBD(): 17.6206ms
Frame 17 end
Average processing time of GrabImageRGBD(): 17.4588ms
Frame 18 end
Average processing time of GrabImageRGBD(): 17.2324ms
Frame 19 end
Average processing time of GrabImageRGBD(): 16.9378ms
Frame 20 end
Average processing time of GrabImageRGBD(): 16.5682ms
Frame 21 end
Average processing time of GrabImageRGBD(): 16.4592ms
Frame 22 end
Average processing time of GrabImageRGBD(): 16.3256ms
Frame 23 end
Average processing time of GrabImageRGBD(): 16.2047ms
Frame 24 end
Average processing time of GrabImageRGBD(): 16.0517ms
Frame 25 end
Average processing time of GrabImageRGBD(): 15.9731ms
Frame 26 end
Average processing time of GrabImageRGBD(): 15.8871ms
Frame 27 end
Average processing time of GrabImageRGBD(): 15.7628ms
Frame 28 end
Average processing time of GrabImageRGBD(): 15.6858ms
Frame 29 end
Average processing time of GrabImageRGBD(): 15.5737ms
Frame 30 end
Average processing time of GrabImageRGBD(): 15.5108ms
Frame 31 end
Average processing time of GrabImageRGBD(): 15.9487ms
Frame 32 end
Average processing time of GrabImageRGBD(): 15.7244ms
Frame 33 end
Average processing time of GrabImageRGBD(): 15.6265ms
Frame 34 end
Average processing time of GrabImageRGBD(): 15.5544ms
Frame 35 end
Average processing time of GrabImageRGBD(): 15.4992ms
Frame 36 end
Average processing time of GrabImageRGBD(): 15.4058ms
Frame 37 end
Average processing time of GrabImageRGBD(): 15.2767ms
Frame 38 end
Average processing time of GrabImageRGBD(): 15.2057ms
Frame 39 end
Average processing time of GrabImageRGBD(): 15.1504ms
Frame 40 end
Average processing time of GrabImageRGBD(): 15.0627ms
Frame 41 end
Average processing time of GrabImageRGBD(): 15.0322ms
Frame 42 end
Average processing time of GrabImageRGBD(): 15.0008ms
Frame 43 end
Average processing time of GrabImageRGBD(): 14.9476ms
Frame 44 end
Average processing time of GrabImageRGBD(): 14.8916ms
Frame 45 end
Average processing time of GrabImageRGBD(): 15.2148ms
Frame 46 end
Average processing time of GrabImageRGBD(): 15.142ms
Frame 47 end
Average processing time of GrabImageRGBD(): 15.1178ms
Frame 48 end
Average processing time of GrabImageRGBD(): 15.0852ms
Frame 49 end
Average processing time of GrabImageRGBD(): 15.0047ms
Frame 50 end
Average processing time of GrabImageRGBD(): 14.952ms
Frame 51 end
Average processing time of GrabImageRGBD(): 14.9063ms
Frame 52 end
Average processing time of GrabImageRGBD(): 14.8715ms
Frame 53 end
Average processing time of GrabImageRGBD(): 14.8336ms
Frame 54 end
Average processing time of GrabImageRGBD(): 14.7592ms
Frame 55 end
Average processing time of GrabImageRGBD(): 14.7297ms
Frame 56 end
Average processing time of GrabImageRGBD(): 14.6825ms
Frame 57 end
Average processing time of GrabImageRGBD(): 14.6207ms
Frame 58 end
Average processing time of GrabImageRGBD(): 14.5793ms
Frame 59 end
Average processing time of GrabImageRGBD(): 14.5444ms
Frame 60 end
Average processing time of GrabImageRGBD(): 14.5138ms
Frame 61 end
Average processing time of GrabImageRGBD(): 14.4998ms
Frame 62 end
Average processing time of GrabImageRGBD(): 14.7662ms
Frame 63 end
Average processing time of GrabImageRGBD(): 14.7689ms
Frame 64 end
Average processing time of GrabImageRGBD(): 14.7396ms
Frame 65 end
Average processing time of GrabImageRGBD(): 14.7175ms
Frame 66 end
Average processing time of GrabImageRGBD(): 14.6901ms
Frame 67 end
Average processing time of GrabImageRGBD(): 14.9016ms
Frame 68 end
Average processing time of GrabImageRGBD(): 15.1035ms
Frame 69 end
Average processing time of GrabImageRGBD(): 15.3054ms
Frame 70 end
Average processing time of GrabImageRGBD(): 15.2997ms
Frame 71 end
Average processing time of GrabImageRGBD(): 15.5275ms
Frame 72 end
Average processing time of GrabImageRGBD(): 15.503ms
Frame 73 end
Average processing time of GrabImageRGBD(): 15.8322ms
Frame 74 end
Average processing time of GrabImageRGBD(): 15.8016ms
Frame 75 end
Average processing time of GrabImageRGBD(): 15.7335ms
Frame 76 end
Average processing time of GrabImageRGBD(): 15.6944ms
Frame 77 end
Average processing time of GrabImageRGBD(): 15.6641ms
Frame 78 end
Average processing time of GrabImageRGBD(): 15.5988ms
Frame 79 end
Average processing time of GrabImageRGBD(): 15.5644ms
Frame 80 end
Average processing time of GrabImageRGBD(): 15.508ms
Frame 81 end
Average processing time of GrabImageRGBD(): 15.4603ms
Frame 82 end
Average processing time of GrabImageRGBD(): 15.4321ms
Frame 83 end
Average processing time of GrabImageRGBD(): 15.4043ms
Frame 84 end
Average processing time of GrabImageRGBD(): 15.3756ms
Frame 85 end
Average processing time of GrabImageRGBD(): 15.3372ms
Frame 86 end
Average processing time of GrabImageRGBD(): 15.3217ms
Frame 87 end
Average processing time of GrabImageRGBD(): 15.3159ms
Frame 88 end
Average processing time of GrabImageRGBD(): 15.2804ms
Frame 89 end
Average processing time of GrabImageRGBD(): 15.2473ms
Frame 90 end
Average processing time of GrabImageRGBD(): 15.2004ms
Frame 91 end
Average processing time of GrabImageRGBD(): 15.1731ms
Frame 92 end
Average processing time of GrabImageRGBD(): 15.3418ms
Frame 93 end
Average processing time of GrabImageRGBD(): 15.2893ms
Frame 94 end
Average processing time of GrabImageRGBD(): 15.2609ms
Frame 95 end
Average processing time of GrabImageRGBD(): 15.2234ms
Frame 96 end
Average processing time of GrabImageRGBD(): 15.1885ms
Frame 97 end
Average processing time of GrabImageRGBD(): 15.1562ms
Frame 98 end
Average processing time of GrabImageRGBD(): 15.1128ms
Frame 99 end
Average processing time of GrabImageRGBD(): 15.0856ms
Frame 100 end
Average processing time of GrabImageRGBD(): 15.0589ms
Frame 101 end
Average processing time of GrabImageRGBD(): 15.0164ms
Frame 102 end
Average processing time of GrabImageRGBD(): 15.1746ms
Frame 103 end
Average processing time of GrabImageRGBD(): 15.1512ms
Frame 104 end
Average processing time of GrabImageRGBD(): 15.1161ms
Frame 105 end
Average processing time of GrabImageRGBD(): 15.1011ms
Frame 106 end
Average processing time of GrabImageRGBD(): 15.0748ms
Frame 107 end
Average processing time of GrabImageRGBD(): 15.0543ms
Frame 108 end
Average processing time of GrabImageRGBD(): 15.0361ms
Frame 109 end
Average processing time of GrabImageRGBD(): 14.9988ms
Frame 110 end
Average processing time of GrabImageRGBD(): 14.9841ms
Frame 111 end
Average processing time of GrabImageRGBD(): 14.978ms
Frame 112 end
Average processing time of GrabImageRGBD(): 14.9576ms
Frame 113 end
Average processing time of GrabImageRGBD(): 14.9331ms
Frame 114 end
Average processing time of GrabImageRGBD(): 14.9151ms
Frame 115 end
Average processing time of GrabImageRGBD(): 14.8922ms
Frame 116 end
Average processing time of GrabImageRGBD(): 15.0574ms
Frame 117 end
Average processing time of GrabImageRGBD(): 15.0559ms
Frame 118 end
Average processing time of GrabImageRGBD(): 15.0692ms
Frame 119 end
Average processing time of GrabImageRGBD(): 15.0778ms
Frame 120 end
Average processing time of GrabImageRGBD(): 15.0786ms
Frame 121 end
Average processing time of GrabImageRGBD(): 15.2148ms
Frame 122 end
Average processing time of GrabImageRGBD(): 15.2254ms
Frame 123 end
Average processing time of GrabImageRGBD(): 15.2349ms
Frame 124 end
Average processing time of GrabImageRGBD(): 15.2301ms
Frame 125 end
Average processing time of GrabImageRGBD(): 15.2227ms
Frame 126 end
Average processing time of GrabImageRGBD(): 15.1978ms
Frame 127 end
Average processing time of GrabImageRGBD(): 15.1822ms
Frame 128 end
Average processing time of GrabImageRGBD(): 15.1673ms
Frame 129 end
Average processing time of GrabImageRGBD(): 15.2848ms
Frame 130 end
Average processing time of GrabImageRGBD(): 15.2907ms
Frame 131 end
Average processing time of GrabImageRGBD(): 15.4284ms
Frame 132 end
Average processing time of GrabImageRGBD(): 15.4257ms
Frame 133 end
Average processing time of GrabImageRGBD(): 15.556ms
Frame 134 end
Average processing time of GrabImageRGBD(): 15.5732ms
Frame 135 end
Average processing time of GrabImageRGBD(): 15.7056ms
Frame 136 end
Average processing time of GrabImageRGBD(): 15.7206ms
Frame 137 end
Average processing time of GrabImageRGBD(): 15.8451ms
Frame 138 end
Average processing time of GrabImageRGBD(): 15.8703ms
Frame 139 end
Average processing time of GrabImageRGBD(): 15.9512ms
Frame 140 end
Average processing time of GrabImageRGBD(): 15.9662ms
Frame 141 end
Average processing time of GrabImageRGBD(): 15.9728ms
Frame 142 end
Average processing time of GrabImageRGBD(): 16.0942ms
Frame 143 end
Average processing time of GrabImageRGBD(): 16.0991ms
Frame 144 end
Average processing time of GrabImageRGBD(): 16.2105ms
Frame 145 end
Average processing time of GrabImageRGBD(): 16.1966ms
Frame 146 end
Average processing time of GrabImageRGBD(): 16.2008ms
Frame 147 end
Average processing time of GrabImageRGBD(): 16.3074ms
Frame 148 end
Average processing time of GrabImageRGBD(): 16.3181ms
Frame 149 end
Average processing time of GrabImageRGBD(): 16.3224ms
Frame 150 end
Average processing time of GrabImageRGBD(): 16.3254ms
Frame 151 end
Average processing time of GrabImageRGBD(): 16.45ms
Frame 152 end
Average processing time of GrabImageRGBD(): 16.4432ms
Frame 153 end
Average processing time of GrabImageRGBD(): 16.4675ms
Frame 154 end
Average processing time of GrabImageRGBD(): 16.4348ms
Frame 155 end
Average processing time of GrabImageRGBD(): 16.4109ms
Frame 156 end
Average processing time of GrabImageRGBD(): 16.4117ms
Frame 157 end
Average processing time of GrabImageRGBD(): 16.5121ms
Frame 158 end
Average processing time of GrabImageRGBD(): 16.4956ms
Frame 159 end
Average processing time of GrabImageRGBD(): 16.4636ms
Frame 160 end
Average processing time of GrabImageRGBD(): 16.4445ms
Frame 161 end
Average processing time of GrabImageRGBD(): 16.4214ms
Frame 162 end
Average processing time of GrabImageRGBD(): 16.3875ms
Frame 163 end
Average processing time of GrabImageRGBD(): 16.3692ms
Frame 164 end
Average processing time of GrabImageRGBD(): 16.3564ms
Frame 165 end
Average processing time of GrabImageRGBD(): 16.3373ms
Frame 166 end
Average processing time of GrabImageRGBD(): 16.3255ms
Frame 167 end
Average processing time of GrabImageRGBD(): 16.4158ms
Frame 168 end
Average processing time of GrabImageRGBD(): 16.4072ms
Frame 169 end
Average processing time of GrabImageRGBD(): 16.3942ms
Frame 170 end
Average processing time of GrabImageRGBD(): 16.3837ms
Frame 171 end
Average processing time of GrabImageRGBD(): 16.4682ms
Frame 172 end
Average processing time of GrabImageRGBD(): 16.471ms
Frame 173 end
Average processing time of GrabImageRGBD(): 16.4527ms
Frame 174 end
Average processing time of GrabImageRGBD(): 16.4626ms
Frame 175 end
Average processing time of GrabImageRGBD(): 16.5608ms
Frame 176 end
Average processing time of GrabImageRGBD(): 16.5628ms
Frame 177 end
Average processing time of GrabImageRGBD(): 16.5949ms
Frame 178 end
Average processing time of GrabImageRGBD(): 16.5674ms
Frame 179 end
Average processing time of GrabImageRGBD(): 16.6615ms
Frame 180 end
Average processing time of GrabImageRGBD(): 16.6457ms
Frame 181 end
Average processing time of GrabImageRGBD(): 16.6455ms
Frame 182 end
Average processing time of GrabImageRGBD(): 16.6175ms
Frame 183 end
Average processing time of GrabImageRGBD(): 16.7125ms
Frame 184 end
Average processing time of GrabImageRGBD(): 16.7112ms
Frame 185 end
Average processing time of GrabImageRGBD(): 16.7083ms
Frame 186 end
Average processing time of GrabImageRGBD(): 16.8053ms
Frame 187 end
Average processing time of GrabImageRGBD(): 16.8023ms
Frame 188 end
Average processing time of GrabImageRGBD(): 16.8111ms
Frame 189 end
Average processing time of GrabImageRGBD(): 16.9005ms
Frame 190 end
Average processing time of GrabImageRGBD(): 16.8916ms
Frame 191 end
Average processing time of GrabImageRGBD(): 16.8751ms
Frame 192 end
Average processing time of GrabImageRGBD(): 16.9646ms
Frame 193 end
Average processing time of GrabImageRGBD(): 16.9654ms
Frame 194 end
Average processing time of GrabImageRGBD(): 16.9568ms
Frame 195 end
Average processing time of GrabImageRGBD(): 17.0401ms
Frame 196 end
Average processing time of GrabImageRGBD(): 17.02ms
Frame 197 end
Average processing time of GrabImageRGBD(): 17.0269ms
Frame 198 end
Average processing time of GrabImageRGBD(): 17.1115ms
Frame 199 end
Average processing time of GrabImageRGBD(): 17.0729ms
Frame 200 end
Average processing time of GrabImageRGBD(): 17.0573ms
Frame 201 end
Average processing time of GrabImageRGBD(): 17.0476ms
Frame 202 end
Average processing time of GrabImageRGBD(): 17.0146ms
Frame 203 end
Average processing time of GrabImageRGBD(): 16.9863ms
Frame 204 end
Average processing time of GrabImageRGBD(): 16.9562ms
Frame 205 end
Average processing time of GrabImageRGBD(): 16.9329ms
Frame 206 end
Average processing time of GrabImageRGBD(): 16.9081ms
Frame 207 end
Average processing time of GrabImageRGBD(): 16.8855ms
Frame 208 end
Average processing time of GrabImageRGBD(): 16.8642ms
Frame 209 end
Average processing time of GrabImageRGBD(): 16.8333ms
Frame 210 end
Average processing time of GrabImageRGBD(): 16.8099ms
Frame 211 end
Average processing time of GrabImageRGBD(): 16.7883ms
Frame 212 end
Average processing time of GrabImageRGBD(): 16.8534ms
Frame 213 end
Average processing time of GrabImageRGBD(): 16.8337ms
Frame 214 end
Average processing time of GrabImageRGBD(): 16.8121ms
Frame 215 end
Average processing time of GrabImageRGBD(): 16.7856ms
Frame 216 end
Average processing time of GrabImageRGBD(): 16.7684ms
Frame 217 end
Average processing time of GrabImageRGBD(): 16.8344ms
Frame 218 end
Average processing time of GrabImageRGBD(): 16.8122ms
Frame 219 end
Average processing time of GrabImageRGBD(): 16.8006ms
Frame 220 end
Average processing time of GrabImageRGBD(): 16.781ms
Frame 221 end
Average processing time of GrabImageRGBD(): 16.7625ms
Frame 222 end
Average processing time of GrabImageRGBD(): 16.8433ms
Frame 223 end
Average processing time of GrabImageRGBD(): 16.8245ms
Frame 224 end
Average processing time of GrabImageRGBD(): 16.8138ms
Frame 225 end
Average processing time of GrabImageRGBD(): 16.8786ms
Frame 226 end
Average processing time of GrabImageRGBD(): 16.8652ms
Frame 227 end
Average processing time of GrabImageRGBD(): 16.8528ms
Frame 228 end
Average processing time of GrabImageRGBD(): 16.9743ms
Frame 229 end
Average processing time of GrabImageRGBD(): 16.9609ms
Frame 230 end
Average processing time of GrabImageRGBD(): 16.9491ms
Frame 231 end
Average processing time of GrabImageRGBD(): 16.925ms
Frame 232 end
Average processing time of GrabImageRGBD(): 16.9146ms
Frame 233 end
Average processing time of GrabImageRGBD(): 16.8951ms
Frame 234 end
Average processing time of GrabImageRGBD(): 16.9606ms
Frame 235 end
Average processing time of GrabImageRGBD(): 16.9501ms
Frame 236 end
Average processing time of GrabImageRGBD(): 16.9373ms
Frame 237 end
Average processing time of GrabImageRGBD(): 17.006ms
Frame 238 end
Average processing time of GrabImageRGBD(): 16.9918ms
Frame 239 end
Average processing time of GrabImageRGBD(): 16.9771ms
Frame 240 end
Average processing time of GrabImageRGBD(): 16.964ms
Frame 241 end
Average processing time of GrabImageRGBD(): 17.0266ms
Frame 242 end
Average processing time of GrabImageRGBD(): 17.0118ms
Frame 243 end
Average processing time of GrabImageRGBD(): 16.9917ms
Frame 244 end
Average processing time of GrabImageRGBD(): 16.9651ms
Frame 245 end
Average processing time of GrabImageRGBD(): 17.0739ms
Frame 246 end
Average processing time of GrabImageRGBD(): 17.059ms
Frame 247 end
Average processing time of GrabImageRGBD(): 17.0365ms
Frame 248 end
Average processing time of GrabImageRGBD(): 17.0195ms
Frame 249 end
Average processing time of GrabImageRGBD(): 17.0026ms
Frame 250 end
Average processing time of GrabImageRGBD(): 16.9768ms
Frame 251 end
Average processing time of GrabImageRGBD(): 16.9556ms
Frame 252 end
Average processing time of GrabImageRGBD(): 16.937ms
Frame 253 end
Average processing time of GrabImageRGBD(): 16.9111ms
Frame 254 end
Average processing time of GrabImageRGBD(): 16.9785ms
Frame 255 end
Average processing time of GrabImageRGBD(): 16.9612ms
Frame 256 end
Average processing time of GrabImageRGBD(): 16.9382ms
Frame 257 end
Average processing time of GrabImageRGBD(): 16.9252ms
Frame 258 end
Average processing time of GrabImageRGBD(): 16.9121ms
Frame 259 end
Average processing time of GrabImageRGBD(): 16.8871ms
Frame 260 end
Average processing time of GrabImageRGBD(): 16.8651ms
Frame 261 end
Average processing time of GrabImageRGBD(): 16.8481ms
Frame 262 end
Average processing time of GrabImageRGBD(): 16.835ms
Frame 263 end
Average processing time of GrabImageRGBD(): 16.9357ms
Frame 264 end
Average processing time of GrabImageRGBD(): 16.9263ms
Frame 265 end
Average processing time of GrabImageRGBD(): 16.9047ms
Frame 266 end
Average processing time of GrabImageRGBD(): 16.8941ms
Frame 267 end
Average processing time of GrabImageRGBD(): 16.956ms
Frame 268 end
Average processing time of GrabImageRGBD(): 16.9474ms
Frame 269 end
Average processing time of GrabImageRGBD(): 16.9365ms
Frame 270 end
Average processing time of GrabImageRGBD(): 16.9156ms
Frame 271 end
Average processing time of GrabImageRGBD(): 16.9808ms
Frame 272 end
Average processing time of GrabImageRGBD(): 16.9705ms
Frame 273 end
Average processing time of GrabImageRGBD(): 16.9518ms
Frame 274 end
Average processing time of GrabImageRGBD(): 16.9336ms
Frame 275 end
Average processing time of GrabImageRGBD(): 16.9313ms
Frame 276 end
Average processing time of GrabImageRGBD(): 16.9984ms
Frame 277 end
Average processing time of GrabImageRGBD(): 16.9971ms
Frame 278 end
Average processing time of GrabImageRGBD(): 16.9891ms
Frame 279 end
Average processing time of GrabImageRGBD(): 16.9803ms
Frame 280 end
Average processing time of GrabImageRGBD(): 16.9831ms
Frame 281 end
Average processing time of GrabImageRGBD(): 17.0357ms
Frame 282 end
Average processing time of GrabImageRGBD(): 17.0225ms
Frame 283 end
Average processing time of GrabImageRGBD(): 17.0136ms
Frame 284 end
Average processing time of GrabImageRGBD(): 16.9964ms
Frame 285 end
Average processing time of GrabImageRGBD(): 16.9935ms
Frame 286 end
Average processing time of GrabImageRGBD(): 17.0486ms
Frame 287 end
Average processing time of GrabImageRGBD(): 17.0428ms
Frame 288 end
Average processing time of GrabImageRGBD(): 17.028ms
Frame 289 end
Average processing time of GrabImageRGBD(): 17.0306ms
Frame 290 end
Average processing time of GrabImageRGBD(): 17.0349ms
Frame 291 end
Average processing time of GrabImageRGBD(): 17.1044ms
Frame 292 end
Average processing time of GrabImageRGBD(): 17.094ms
Frame 293 end
Average processing time of GrabImageRGBD(): 17.0911ms
Frame 294 end
Average processing time of GrabImageRGBD(): 17.0951ms
Frame 295 end
Average processing time of GrabImageRGBD(): 17.0994ms
Frame 296 end
Average processing time of GrabImageRGBD(): 17.169ms
Frame 297 end
Average processing time of GrabImageRGBD(): 17.1796ms
Frame 298 end
Average processing time of GrabImageRGBD(): 17.2019ms
Frame 299 end
Average processing time of GrabImageRGBD(): 17.2089ms
Frame 300 end
Average processing time of GrabImageRGBD(): 17.2208ms
Frame 301 end
Average processing time of GrabImageRGBD(): 17.2887ms
Frame 302 end
Average processing time of GrabImageRGBD(): 17.2932ms
Frame 303 end
Average processing time of GrabImageRGBD(): 17.2834ms
Frame 304 end
Average processing time of GrabImageRGBD(): 17.27ms
Frame 305 end
Average processing time of GrabImageRGBD(): 17.2704ms
Frame 306 end
Average processing time of GrabImageRGBD(): 17.271ms
Frame 307 end
Average processing time of GrabImageRGBD(): 17.2679ms
Frame 308 end
Average processing time of GrabImageRGBD(): 17.2666ms
Frame 309 end
Average processing time of GrabImageRGBD(): 17.3284ms
Frame 310 end
Average processing time of GrabImageRGBD(): 17.3251ms
Frame 311 end
Average processing time of GrabImageRGBD(): 17.3197ms
Frame 312 end
Average processing time of GrabImageRGBD(): 17.3067ms
Frame 313 end
Average processing time of GrabImageRGBD(): 17.3007ms
Frame 314 end
Average processing time of GrabImageRGBD(): 17.3641ms
Frame 315 end
Average processing time of GrabImageRGBD(): 17.3571ms
Frame 316 end
Average processing time of GrabImageRGBD(): 17.3565ms
Frame 317 end
Average processing time of GrabImageRGBD(): 17.3153ms
Frame 318 end
Average processing time of GrabImageRGBD(): 17.3045ms
Frame 319 end
Average processing time of GrabImageRGBD(): 17.2987ms
Frame 320 end
Average processing time of GrabImageRGBD(): 17.2861ms
Frame 321 end
Average processing time of GrabImageRGBD(): 17.3456ms
Frame 322 end
Average processing time of GrabImageRGBD(): 17.3299ms
Frame 323 end
Average processing time of GrabImageRGBD(): 17.3189ms
Frame 324 end
Average processing time of GrabImageRGBD(): 17.3122ms
Frame 325 end
Average processing time of GrabImageRGBD(): 17.2976ms
Frame 326 end
Average processing time of GrabImageRGBD(): 17.2855ms
Frame 327 end
Average processing time of GrabImageRGBD(): 17.2749ms
Frame 328 end
Average processing time of GrabImageRGBD(): 17.2589ms
Frame 329 end
Average processing time of GrabImageRGBD(): 17.2481ms
Frame 330 end
Average processing time of GrabImageRGBD(): 17.2356ms
Frame 331 end
Average processing time of GrabImageRGBD(): 17.2192ms
Frame 332 end
Average processing time of GrabImageRGBD(): 17.2051ms
Frame 333 end
Average processing time of GrabImageRGBD(): 17.1879ms
Frame 334 end
Average processing time of GrabImageRGBD(): 17.2389ms
Frame 335 end
Average processing time of GrabImageRGBD(): 17.231ms
Frame 336 end
Average processing time of GrabImageRGBD(): 17.2175ms
Frame 337 end
Average processing time of GrabImageRGBD(): 17.2055ms
Frame 338 end
Average processing time of GrabImageRGBD(): 17.1891ms
Frame 339 end
Average processing time of GrabImageRGBD(): 17.1787ms
Frame 340 end
Average processing time of GrabImageRGBD(): 17.1643ms
Frame 341 end
Average processing time of GrabImageRGBD(): 17.1448ms
Frame 342 end
Average processing time of GrabImageRGBD(): 17.1343ms
Frame 343 end
Average processing time of GrabImageRGBD(): 17.1214ms
Frame 344 end
Average processing time of GrabImageRGBD(): 17.1027ms
Frame 345 end
Average processing time of GrabImageRGBD(): 17.091ms
Frame 346 end
Average processing time of GrabImageRGBD(): 17.0674ms
Frame 347 end
Average processing time of GrabImageRGBD(): 17.0552ms
Frame 348 end
Average processing time of GrabImageRGBD(): 17.1026ms
Frame 349 end
Average processing time of GrabImageRGBD(): 17.0912ms
Frame 350 end
Average processing time of GrabImageRGBD(): 17.0818ms
Frame 351 end
Average processing time of GrabImageRGBD(): 17.0653ms
Frame 352 end
Average processing time of GrabImageRGBD(): 17.0531ms
Frame 353 end
Average processing time of GrabImageRGBD(): 17.0435ms
Frame 354 end
Average processing time of GrabImageRGBD(): 17.0893ms
Frame 355 end
Average processing time of GrabImageRGBD(): 17.078ms
Frame 356 end
Average processing time of GrabImageRGBD(): 17.0704ms
Frame 357 end
Average processing time of GrabImageRGBD(): 17.0633ms
Frame 358 end
Average processing time of GrabImageRGBD(): 17.0534ms
Frame 359 end
Average processing time of GrabImageRGBD(): 17.0444ms
Frame 360 end
Average processing time of GrabImageRGBD(): 17.024ms
Frame 361 end
Average processing time of GrabImageRGBD(): 17.0103ms
Frame 362 end
Average processing time of GrabImageRGBD(): 16.9947ms
Frame 363 end
Average processing time of GrabImageRGBD(): 16.9842ms
Frame 364 end
Average processing time of GrabImageRGBD(): 17.0297ms
Frame 365 end
Average processing time of GrabImageRGBD(): 17.0214ms
Frame 366 end
Average processing time of GrabImageRGBD(): 17.0084ms
Frame 367 end
Average processing time of GrabImageRGBD(): 16.995ms
Frame 368 end
Average processing time of GrabImageRGBD(): 16.9841ms
Frame 369 end
Average processing time of GrabImageRGBD(): 16.9731ms
Frame 370 end
Average processing time of GrabImageRGBD(): 16.9565ms
Frame 371 end
Average processing time of GrabImageRGBD(): 17.004ms
Frame 372 end
Average processing time of GrabImageRGBD(): 16.9932ms
Frame 373 end
Average processing time of GrabImageRGBD(): 16.9778ms
Frame 374 end
Average processing time of GrabImageRGBD(): 16.9532ms
Frame 375 end
Average processing time of GrabImageRGBD(): 16.9315ms
Frame 376 end
Average processing time of GrabImageRGBD(): 16.9193ms
Frame 377 end
Average processing time of GrabImageRGBD(): 16.8949ms
Frame 378 end
Average processing time of GrabImageRGBD(): 16.8776ms
Frame 379 end
Average processing time of GrabImageRGBD(): 16.8529ms
Frame 380 end
Average processing time of GrabImageRGBD(): 16.8956ms
Frame 381 end
Average processing time of GrabImageRGBD(): 16.8863ms
Frame 382 end
Average processing time of GrabImageRGBD(): 16.8738ms
Frame 383 end
Average processing time of GrabImageRGBD(): 16.8629ms
Frame 384 end
Average processing time of GrabImageRGBD(): 16.8498ms
Frame 385 end
Average processing time of GrabImageRGBD(): 16.8373ms
Frame 386 end
Average processing time of GrabImageRGBD(): 16.8309ms
Frame 387 end
Average processing time of GrabImageRGBD(): 16.8178ms
Frame 388 end
Average processing time of GrabImageRGBD(): 16.8059ms
Frame 389 end
Average processing time of GrabImageRGBD(): 16.7937ms
Frame 390 end
Average processing time of GrabImageRGBD(): 16.7767ms
Frame 391 end
Average processing time of GrabImageRGBD(): 16.7651ms
Frame 392 end
Average processing time of GrabImageRGBD(): 16.7536ms
Frame 393 end
Average processing time of GrabImageRGBD(): 16.7897ms
Frame 394 end
Average processing time of GrabImageRGBD(): 16.7825ms
Frame 395 end
Average processing time of GrabImageRGBD(): 16.7638ms
Frame 396 end
Average processing time of GrabImageRGBD(): 16.7547ms
Frame 397 end
Average processing time of GrabImageRGBD(): 16.7467ms
Frame 398 end
Average processing time of GrabImageRGBD(): 16.7332ms
Frame 399 end
Average processing time of GrabImageRGBD(): 16.7768ms
Frame 400 end
Average processing time of GrabImageRGBD(): 16.7748ms
Frame 401 end
Average processing time of GrabImageRGBD(): 16.7687ms
Frame 402 end
Average processing time of GrabImageRGBD(): 16.7604ms
Frame 403 end
Average processing time of GrabImageRGBD(): 16.75ms
Frame 404 end
Average processing time of GrabImageRGBD(): 16.7444ms
Frame 405 end
Average processing time of GrabImageRGBD(): 16.7348ms
Frame 406 end
Average processing time of GrabImageRGBD(): 16.7551ms
Frame 407 end
Average processing time of GrabImageRGBD(): 16.7298ms
Frame 408 end
Average processing time of GrabImageRGBD(): 16.7177ms
Frame 409 end
Average processing time of GrabImageRGBD(): 16.7089ms
Frame 410 end
Average processing time of GrabImageRGBD(): 16.7014ms
Frame 411 end
Average processing time of GrabImageRGBD(): 16.6938ms
Frame 412 end
Average processing time of GrabImageRGBD(): 16.7303ms
Frame 413 end
Average processing time of GrabImageRGBD(): 16.7108ms
Frame 414 end
Average processing time of GrabImageRGBD(): 16.7059ms
Frame 415 end
Average processing time of GrabImageRGBD(): 16.7012ms
Frame 416 end
Average processing time of GrabImageRGBD(): 16.6922ms
Frame 417 end
Average processing time of GrabImageRGBD(): 16.6878ms
Frame 418 end
Average processing time of GrabImageRGBD(): 16.7347ms
Frame 419 end
Average processing time of GrabImageRGBD(): 16.7277ms
Frame 420 end
Average processing time of GrabImageRGBD(): 16.7223ms
Frame 421 end
Average processing time of GrabImageRGBD(): 16.7177ms
Frame 422 end
Average processing time of GrabImageRGBD(): 16.7131ms
Frame 423 end
Average processing time of GrabImageRGBD(): 16.7112ms
Frame 424 end
Average processing time of GrabImageRGBD(): 16.7569ms
Frame 425 end
Average processing time of GrabImageRGBD(): 16.7487ms
Frame 426 end
Average processing time of GrabImageRGBD(): 16.7431ms
Frame 427 end
Average processing time of GrabImageRGBD(): 16.7311ms
Frame 428 end
Average processing time of GrabImageRGBD(): 16.7242ms
Frame 429 end
Average processing time of GrabImageRGBD(): 16.7232ms
Frame 430 end
Average processing time of GrabImageRGBD(): 16.7181ms
Frame 431 end
Average processing time of GrabImageRGBD(): 16.7036ms
Frame 432 end
Average processing time of GrabImageRGBD(): 16.7483ms
Frame 433 end
Average processing time of GrabImageRGBD(): 16.7551ms
Frame 434 end
Average processing time of GrabImageRGBD(): 16.7581ms
Frame 435 end
Average processing time of GrabImageRGBD(): 16.7521ms
Frame 436 end
Average processing time of GrabImageRGBD(): 16.7483ms
Frame 437 end
Average processing time of GrabImageRGBD(): 16.7184ms
Frame 438 end
Average processing time of GrabImageRGBD(): 16.7005ms
Frame 439 end
Average processing time of GrabImageRGBD(): 16.6821ms
Frame 440 end
Average processing time of GrabImageRGBD(): 16.6612ms
Frame 441 end
Average processing time of GrabImageRGBD(): 16.6405ms
Frame 442 end
Average processing time of GrabImageRGBD(): 16.6107ms
Frame 443 end
Average processing time of GrabImageRGBD(): 16.581ms
Frame 444 end
Average processing time of GrabImageRGBD(): 16.5634ms
Frame 445 end
Average processing time of GrabImageRGBD(): 16.5457ms
Frame 446 end
Average processing time of GrabImageRGBD(): 16.5287ms
Frame 447 end
Average processing time of GrabImageRGBD(): 16.4997ms
Frame 448 end
Average processing time of GrabImageRGBD(): 16.4706ms
Frame 449 end
Average processing time of GrabImageRGBD(): 16.442ms
Frame 450 end
Average processing time of GrabImageRGBD(): 16.4137ms
Frame 451 end
Average processing time of GrabImageRGBD(): 16.3855ms
Frame 452 end
Average processing time of GrabImageRGBD(): 16.367ms
Frame 453 end
Average processing time of GrabImageRGBD(): 16.3499ms
Frame 454 end
Average processing time of GrabImageRGBD(): 16.3325ms
Frame 455 end
Average processing time of GrabImageRGBD(): 16.3546ms
Frame 456 end
Average processing time of GrabImageRGBD(): 16.3283ms
Frame 457 end
Average processing time of GrabImageRGBD(): 16.316ms
Frame 458 end
Average processing time of GrabImageRGBD(): 16.3026ms
Frame 459 end
Average processing time of GrabImageRGBD(): 16.274ms
Frame 460 end
Average processing time of GrabImageRGBD(): 16.2594ms
Frame 461 end
Average processing time of GrabImageRGBD(): 16.2446ms
Frame 462 end
Average processing time of GrabImageRGBD(): 16.2754ms
Frame 463 end
Average processing time of GrabImageRGBD(): 16.2639ms
Frame 464 end
Average processing time of GrabImageRGBD(): 16.2366ms
Frame 465 end
Average processing time of GrabImageRGBD(): 16.2119ms
Frame 466 end
Average processing time of GrabImageRGBD(): 16.2004ms
Frame 467 end
Average processing time of GrabImageRGBD(): 16.1865ms
Frame 468 end
Average processing time of GrabImageRGBD(): 16.159ms
Frame 469 end
Average processing time of GrabImageRGBD(): 16.1827ms
Frame 470 end
Average processing time of GrabImageRGBD(): 16.1712ms
Frame 471 end
Average processing time of GrabImageRGBD(): 16.1569ms
Frame 472 end
Average processing time of GrabImageRGBD(): 16.147ms
Frame 473 end
Average processing time of GrabImageRGBD(): 16.1367ms
Frame 474 end
Average processing time of GrabImageRGBD(): 16.1274ms
Frame 475 end
Average processing time of GrabImageRGBD(): 16.1191ms
Frame 476 end
Average processing time of GrabImageRGBD(): 16.1105ms
Frame 477 end
Average processing time of GrabImageRGBD(): 16.1642ms
Frame 478 end
Average processing time of GrabImageRGBD(): 16.1484ms
Frame 479 end
Average processing time of GrabImageRGBD(): 16.1379ms
Frame 480 end
Average processing time of GrabImageRGBD(): 16.1339ms
Frame 481 end
Average processing time of GrabImageRGBD(): 16.1235ms
Frame 482 end
Average processing time of GrabImageRGBD(): 16.1153ms
Frame 483 end
Average processing time of GrabImageRGBD(): 16.1094ms
Frame 484 end
Average processing time of GrabImageRGBD(): 16.0961ms
Frame 485 end
Average processing time of GrabImageRGBD(): 16.0847ms
Frame 486 end
Average processing time of GrabImageRGBD(): 16.0799ms
Frame 487 end
Average processing time of GrabImageRGBD(): 16.0691ms
Frame 488 end
Average processing time of GrabImageRGBD(): 16.0595ms
Frame 489 end
Average processing time of GrabImageRGBD(): 16.0531ms
Frame 490 end
Average processing time of GrabImageRGBD(): 16.0393ms
Frame 491 end
Average processing time of GrabImageRGBD(): 16.0279ms
Frame 492 end
Average processing time of GrabImageRGBD(): 16.011ms
Frame 493 end
Average processing time of GrabImageRGBD(): 16.0043ms
Frame 494 end
Average processing time of GrabImageRGBD(): 15.9959ms
Frame 495 end
Average processing time of GrabImageRGBD(): 15.9888ms
Frame 496 end
Average processing time of GrabImageRGBD(): 15.9823ms
Frame 497 end
Average processing time of GrabImageRGBD(): 16.0186ms
Frame 498 end
Average processing time of GrabImageRGBD(): 16.0084ms
Frame 499 end
Average processing time of GrabImageRGBD(): 16.0046ms
Frame 500 end
Average processing time of GrabImageRGBD(): 15.9984ms
Frame 501 end
Average processing time of GrabImageRGBD(): 15.9934ms
Frame 502 end
Average processing time of GrabImageRGBD(): 15.9838ms
Frame 503 end
Average processing time of GrabImageRGBD(): 15.977ms
Frame 504 end
Average processing time of GrabImageRGBD(): 15.9872ms
Frame 505 end
Average processing time of GrabImageRGBD(): 16.0214ms
Frame 506 end
Average processing time of GrabImageRGBD(): 16.0167ms
Frame 507 end
Average processing time of GrabImageRGBD(): 16.0041ms
Frame 508 end
Average processing time of GrabImageRGBD(): 15.999ms
Frame 509 end
Average processing time of GrabImageRGBD(): 15.9939ms
Frame 510 end
Average processing time of GrabImageRGBD(): 15.9862ms
Frame 511 end
Average processing time of GrabImageRGBD(): 15.9801ms
Frame 512 end
Average processing time of GrabImageRGBD(): 15.9646ms
Frame 513 end
Average processing time of GrabImageRGBD(): 16.0009ms
Frame 514 end
Average processing time of GrabImageRGBD(): 15.9913ms
Frame 515 end
Average processing time of GrabImageRGBD(): 15.9844ms
Frame 516 end
Average processing time of GrabImageRGBD(): 15.9779ms
Frame 517 end
Average processing time of GrabImageRGBD(): 15.972ms
Frame 518 end
Average processing time of GrabImageRGBD(): 15.963ms
Frame 519 end
Average processing time of GrabImageRGBD(): 15.9576ms
Frame 520 end
Average processing time of GrabImageRGBD(): 15.9533ms
Frame 521 end
Average processing time of GrabImageRGBD(): 15.9434ms
Frame 522 end
Average processing time of GrabImageRGBD(): 16.0018ms
Frame 523 end
Average processing time of GrabImageRGBD(): 15.9958ms
Frame 524 end
Average processing time of GrabImageRGBD(): 15.9839ms
Frame 525 end
Average processing time of GrabImageRGBD(): 15.9755ms
Frame 526 end
Average processing time of GrabImageRGBD(): 15.9706ms
Frame 527 end
Average processing time of GrabImageRGBD(): 15.9669ms
Frame 528 end
Average processing time of GrabImageRGBD(): 15.9603ms
Frame 529 end
Average processing time of GrabImageRGBD(): 15.9549ms
Frame 530 end
Average processing time of GrabImageRGBD(): 15.9909ms
Frame 531 end
Average processing time of GrabImageRGBD(): 15.9829ms
Frame 532 end
Average processing time of GrabImageRGBD(): 15.9756ms
Frame 533 end
Average processing time of GrabImageRGBD(): 15.9715ms
Frame 534 end
Average processing time of GrabImageRGBD(): 15.9664ms
Frame 535 end
Average processing time of GrabImageRGBD(): 15.9551ms
Frame 536 end
Average processing time of GrabImageRGBD(): 15.9458ms
Frame 537 end
Average processing time of GrabImageRGBD(): 15.9419ms
Frame 538 end
Average processing time of GrabImageRGBD(): 15.9792ms
Frame 539 end
Average processing time of GrabImageRGBD(): 15.9748ms
Frame 540 end
Average processing time of GrabImageRGBD(): 15.9742ms
Frame 541 end
Average processing time of GrabImageRGBD(): 15.9673ms
Frame 542 end
Average processing time of GrabImageRGBD(): 15.9618ms
Frame 543 end
Average processing time of GrabImageRGBD(): 15.9558ms
Frame 544 end
Average processing time of GrabImageRGBD(): 15.9483ms
Frame 545 end
Average processing time of GrabImageRGBD(): 15.9407ms
Frame 546 end
Average processing time of GrabImageRGBD(): 15.9691ms
Frame 547 end
Average processing time of GrabImageRGBD(): 15.966ms
Frame 548 end
Average processing time of GrabImageRGBD(): 15.9612ms
Frame 549 end
Average processing time of GrabImageRGBD(): 15.9529ms
Frame 550 end
Average processing time of GrabImageRGBD(): 15.9462ms
Frame 551 end
Average processing time of GrabImageRGBD(): 15.9361ms
Frame 552 end
Average processing time of GrabImageRGBD(): 15.9294ms
Frame 553 end
Average processing time of GrabImageRGBD(): 15.9221ms
Frame 554 end
Average processing time of GrabImageRGBD(): 15.9141ms
Frame 555 end
Average processing time of GrabImageRGBD(): 15.944ms
Frame 556 end
Average processing time of GrabImageRGBD(): 15.9415ms
Frame 557 end
Average processing time of GrabImageRGBD(): 15.9353ms
Frame 558 end
Average processing time of GrabImageRGBD(): 15.9308ms
Frame 559 end
Average processing time of GrabImageRGBD(): 15.9262ms
Frame 560 end
Average processing time of GrabImageRGBD(): 15.9188ms
Frame 561 end
Average processing time of GrabImageRGBD(): 15.9074ms
Frame 562 end
Average processing time of GrabImageRGBD(): 15.9368ms
Frame 563 end
Average processing time of GrabImageRGBD(): 15.9352ms
Frame 564 end
Average processing time of GrabImageRGBD(): 15.9323ms
Frame 565 end
Average processing time of GrabImageRGBD(): 15.9294ms
Frame 566 end
Average processing time of GrabImageRGBD(): 15.9287ms
Frame 567 end
Average processing time of GrabImageRGBD(): 15.9276ms
Frame 568 end
Average processing time of GrabImageRGBD(): 15.9216ms
Frame 569 end
Average processing time of GrabImageRGBD(): 15.9606ms
Frame 570 end
Average processing time of GrabImageRGBD(): 15.9635ms
Frame 571 end
Average processing time of GrabImageRGBD(): 15.9612ms
Frame 572 end
Average processing time of GrabImageRGBD(): 15.9593ms
Frame 573 end
Average processing time of GrabImageRGBD(): 15.9544ms
Frame 574 end
Average processing time of GrabImageRGBD(): 15.9922ms
Frame 575 end
Average processing time of GrabImageRGBD(): 15.9945ms
Frame 576 end
Average processing time of GrabImageRGBD(): 15.9923ms
Frame 577 end
Average processing time of GrabImageRGBD(): 15.9945ms
Frame 578 end
Average processing time of GrabImageRGBD(): 15.9909ms
Frame 579 end
Average processing time of GrabImageRGBD(): 15.988ms
Frame 580 end
Average processing time of GrabImageRGBD(): 15.985ms
Frame 581 end
Average processing time of GrabImageRGBD(): 16.0187ms
Frame 582 end
Average processing time of GrabImageRGBD(): 16.0168ms
Frame 583 end
Average processing time of GrabImageRGBD(): 16.0164ms
Frame 584 end
Average processing time of GrabImageRGBD(): 16.0123ms
Frame 585 end
Average processing time of GrabImageRGBD(): 16.0071ms
Frame 586 end
Average processing time of GrabImageRGBD(): 16.0025ms
Frame 587 end
Average processing time of GrabImageRGBD(): 15.997ms
Frame 588 end
Average processing time of GrabImageRGBD(): 15.9844ms
Frame 589 end
Average processing time of GrabImageRGBD(): 15.9829ms
Frame 590 end
Average processing time of GrabImageRGBD(): 16.0121ms
Frame 591 end
Average processing time of GrabImageRGBD(): 16.0102ms
Frame 592 end
Average processing time of GrabImageRGBD(): 16.0143ms
Frame 593 end
Average processing time of GrabImageRGBD(): 16.0123ms
Frame 594 end
Average processing time of GrabImageRGBD(): 16.0115ms
Frame 595 end
Average processing time of GrabImageRGBD(): 16.0121ms
Frame 596 end
Average processing time of GrabImageRGBD(): 16.0142ms
Frame 597 end
Average processing time of GrabImageRGBD(): 16.0159ms
Frame 598 end
Average processing time of GrabImageRGBD(): 16.0181ms
Frame 599 end
Average processing time of GrabImageRGBD(): 16.0505ms
Frame 600 end
Average processing time of GrabImageRGBD(): 16.0521ms
Frame 601 end
Average processing time of GrabImageRGBD(): 16.0508ms
Frame 602 end
Average processing time of GrabImageRGBD(): 16.0476ms
Frame 603 end
Average processing time of GrabImageRGBD(): 16.0394ms
Frame 604 end
Average processing time of GrabImageRGBD(): 16.0317ms
Frame 605 end
Average processing time of GrabImageRGBD(): 16.0229ms
Frame 606 end
Average processing time of GrabImageRGBD(): 16.0131ms
Frame 607 end
Average processing time of GrabImageRGBD(): 16.0047ms
Frame 608 end
Average processing time of GrabImageRGBD(): 16.0321ms
Frame 609 end
Average processing time of GrabImageRGBD(): 16.0209ms
Frame 610 end
Average processing time of GrabImageRGBD(): 16.0124ms
Frame 611 end
Average processing time of GrabImageRGBD(): 16.0084ms
Frame 612 end
Average processing time of GrabImageRGBD(): 15.999ms
Frame 613 end
Average processing time of GrabImageRGBD(): 16.0261ms
Frame 614 end
Average processing time of GrabImageRGBD(): 16.021ms
Frame 615 end
Average processing time of GrabImageRGBD(): 16.0218ms
Frame 616 end
Average processing time of GrabImageRGBD(): 16.0243ms
Frame 617 end
Average processing time of GrabImageRGBD(): 16.0183ms
Frame 618 end
Average processing time of GrabImageRGBD(): 16.0183ms
Frame 619 end
Average processing time of GrabImageRGBD(): 16.0129ms
Frame 620 end
Average processing time of GrabImageRGBD(): 16.0503ms
Frame 621 end
Average processing time of GrabImageRGBD(): 16.0557ms
Frame 622 end
Average processing time of GrabImageRGBD(): 16.0547ms
Frame 623 end
Average processing time of GrabImageRGBD(): 16.0616ms
Frame 624 end
Average processing time of GrabImageRGBD(): 16.0596ms
Frame 625 end
Average processing time of GrabImageRGBD(): 16.053ms
Frame 626 end
Average processing time of GrabImageRGBD(): 16.0492ms
Frame 627 end
Average processing time of GrabImageRGBD(): 16.0502ms
Frame 628 end
Average processing time of GrabImageRGBD(): 16.0871ms
Frame 629 end
Average processing time of GrabImageRGBD(): 16.0937ms
Frame 630 end
Average processing time of GrabImageRGBD(): 16.0916ms
Frame 631 end
Average processing time of GrabImageRGBD(): 16.0913ms
Frame 632 end
Average processing time of GrabImageRGBD(): 16.0852ms
Frame 633 end
Average processing time of GrabImageRGBD(): 16.0814ms
Frame 634 end
Average processing time of GrabImageRGBD(): 16.0728ms
Frame 635 end
Average processing time of GrabImageRGBD(): 16.0704ms
Frame 636 end
Average processing time of GrabImageRGBD(): 16.0605ms
Frame 637 end
Average processing time of GrabImageRGBD(): 16.0548ms
Frame 638 end
Average processing time of GrabImageRGBD(): 16.0506ms
Frame 639 end
Average processing time of GrabImageRGBD(): 16.0544ms
Frame 640 end
Average processing time of GrabImageRGBD(): 16.0501ms
Frame 641 end
Average processing time of GrabImageRGBD(): 16.0461ms
Frame 642 end
Average processing time of GrabImageRGBD(): 16.04ms
Frame 643 end
Average processing time of GrabImageRGBD(): 16.033ms
Frame 644 end
Average processing time of GrabImageRGBD(): 16.0263ms
Frame 645 end
Average processing time of GrabImageRGBD(): 16.0209ms
Frame 646 end
Average processing time of GrabImageRGBD(): 16.0131ms
Frame 647 end
Average processing time of GrabImageRGBD(): 16.0067ms
Frame 648 end
Average processing time of GrabImageRGBD(): 15.9978ms
Frame 649 end
Average processing time of GrabImageRGBD(): 15.9896ms
Frame 650 end
Average processing time of GrabImageRGBD(): 15.9839ms
Frame 651 end
Average processing time of GrabImageRGBD(): 15.9751ms
Frame 652 end
Average processing time of GrabImageRGBD(): 16.0012ms
Frame 653 end
Average processing time of GrabImageRGBD(): 15.9949ms
Frame 654 end
Average processing time of GrabImageRGBD(): 15.9883ms
Frame 655 end
Average processing time of GrabImageRGBD(): 15.9834ms
Frame 656 end
Average processing time of GrabImageRGBD(): 15.9749ms
Frame 657 end
Average processing time of GrabImageRGBD(): 15.967ms
Frame 658 end
Average processing time of GrabImageRGBD(): 15.9607ms
Frame 659 end
Average processing time of GrabImageRGBD(): 15.952ms
Frame 660 end
Average processing time of GrabImageRGBD(): 15.9463ms
Frame 661 end
Average processing time of GrabImageRGBD(): 15.9407ms
Frame 662 end
Average processing time of GrabImageRGBD(): 15.9673ms
Frame 663 end
Average processing time of GrabImageRGBD(): 15.9615ms
Frame 664 end
Average processing time of GrabImageRGBD(): 15.9552ms
Frame 665 end
Average processing time of GrabImageRGBD(): 15.953ms
Frame 666 end
Average processing time of GrabImageRGBD(): 15.9489ms
Frame 667 end
Average processing time of GrabImageRGBD(): 15.9447ms
Frame 668 end
Average processing time of GrabImageRGBD(): 15.9394ms
Frame 669 end
Average processing time of GrabImageRGBD(): 15.9359ms
Frame 670 end
Average processing time of GrabImageRGBD(): 15.932ms
Frame 671 end
Average processing time of GrabImageRGBD(): 15.9597ms
Frame 672 end
Average processing time of GrabImageRGBD(): 15.9549ms
Frame 673 end
Average processing time of GrabImageRGBD(): 15.9492ms
Frame 674 end
Average processing time of GrabImageRGBD(): 15.9488ms
Frame 675 end
Average processing time of GrabImageRGBD(): 15.9462ms
Frame 676 end
Average processing time of GrabImageRGBD(): 15.9406ms
Frame 677 end
Average processing time of GrabImageRGBD(): 15.9373ms
Frame 678 end
Average processing time of GrabImageRGBD(): 15.9347ms
Frame 679 end
Average processing time of GrabImageRGBD(): 15.9298ms
Frame 680 end
Average processing time of GrabImageRGBD(): 15.957ms
Frame 681 end
Average processing time of GrabImageRGBD(): 15.9534ms
Frame 682 end
Average processing time of GrabImageRGBD(): 15.9533ms
Frame 683 end
Average processing time of GrabImageRGBD(): 15.9494ms
Frame 684 end
Average processing time of GrabImageRGBD(): 15.9442ms
Frame 685 end
Average processing time of GrabImageRGBD(): 15.9424ms
Frame 686 end
Average processing time of GrabImageRGBD(): 15.9366ms
Frame 687 end
Average processing time of GrabImageRGBD(): 15.9337ms
Frame 688 end
Average processing time of GrabImageRGBD(): 15.9291ms
Frame 689 end
Average processing time of GrabImageRGBD(): 15.9609ms
Frame 690 end
Average processing time of GrabImageRGBD(): 15.9615ms
Frame 691 end
Average processing time of GrabImageRGBD(): 15.9621ms
Frame 692 end
Average processing time of GrabImageRGBD(): 15.9585ms
Frame 693 end
Average processing time of GrabImageRGBD(): 15.9514ms
Frame 694 end
Average processing time of GrabImageRGBD(): 15.9476ms
Frame 695 end
Average processing time of GrabImageRGBD(): 15.9431ms
Frame 696 end
Average processing time of GrabImageRGBD(): 15.9367ms
Frame 697 end
Average processing time of GrabImageRGBD(): 15.9312ms
Frame 698 end
Average processing time of GrabImageRGBD(): 15.9209ms
Frame 699 end
Average processing time of GrabImageRGBD(): 15.9028ms
Frame 700 end
Average processing time of GrabImageRGBD(): 15.8923ms
Frame 701 end
Average processing time of GrabImageRGBD(): 15.8819ms
Frame 702 end
Average processing time of GrabImageRGBD(): 15.8707ms
Frame 703 end
Average processing time of GrabImageRGBD(): 15.8909ms
Frame 704 end
Average processing time of GrabImageRGBD(): 15.8855ms
Frame 705 end
Average processing time of GrabImageRGBD(): 15.8759ms
Frame 706 end
Average processing time of GrabImageRGBD(): 15.866ms
Frame 707 end
Average processing time of GrabImageRGBD(): 15.8557ms
Frame 708 end
Average processing time of GrabImageRGBD(): 15.8464ms
Frame 709 end
Average processing time of GrabImageRGBD(): 15.8436ms
Frame 710 end
Average processing time of GrabImageRGBD(): 15.8437ms
Frame 711 end
Average processing time of GrabImageRGBD(): 15.84ms
Frame 712 end
Average processing time of GrabImageRGBD(): 15.8388ms
Frame 713 end
Average processing time of GrabImageRGBD(): 15.8687ms
Frame 714 end
Average processing time of GrabImageRGBD(): 15.867ms
Frame 715 end
Average processing time of GrabImageRGBD(): 15.8609ms
Frame 716 end
Average processing time of GrabImageRGBD(): 15.8569ms
Frame 717 end
Average processing time of GrabImageRGBD(): 15.853ms
Frame 718 end
Average processing time of GrabImageRGBD(): 15.849ms
Frame 719 end
Average processing time of GrabImageRGBD(): 15.841ms
Frame 720 end
Average processing time of GrabImageRGBD(): 15.8388ms
Frame 721 end
Average processing time of GrabImageRGBD(): 15.8376ms
Frame 722 end
Average processing time of GrabImageRGBD(): 15.8397ms
Frame 723 end
Average processing time of GrabImageRGBD(): 15.8733ms
Frame 724 end
Average processing time of GrabImageRGBD(): 15.8714ms
Frame 725 end
Average processing time of GrabImageRGBD(): 15.8628ms
Frame 726 end
Average processing time of GrabImageRGBD(): 15.8559ms
Frame 727 end
Average processing time of GrabImageRGBD(): 15.8541ms
Frame 728 end
Average processing time of GrabImageRGBD(): 15.851ms
Frame 729 end
Average processing time of GrabImageRGBD(): 15.8492ms
Frame 730 end
Average processing time of GrabImageRGBD(): 15.8434ms
Frame 731 end
Average processing time of GrabImageRGBD(): 15.8365ms
Frame 732 end
Average processing time of GrabImageRGBD(): 15.832ms
Frame 733 end
Average processing time of GrabImageRGBD(): 15.8287ms
Frame 734 end
Average processing time of GrabImageRGBD(): 15.8576ms
Frame 735 end
Average processing time of GrabImageRGBD(): 15.8529ms
Frame 736 end
Average processing time of GrabImageRGBD(): 15.8486ms
Frame 737 end
Average processing time of GrabImageRGBD(): 15.8453ms
Frame 738 end
Average processing time of GrabImageRGBD(): 15.8353ms
Frame 739 end
Average processing time of GrabImageRGBD(): 15.8328ms
Frame 740 end
Average processing time of GrabImageRGBD(): 15.8266ms
Frame 741 end
Average processing time of GrabImageRGBD(): 15.8234ms
Frame 742 end
Average processing time of GrabImageRGBD(): 15.821ms
Frame 743 end
Average processing time of GrabImageRGBD(): 15.8147ms
Frame 744 end
Average processing time of GrabImageRGBD(): 15.8096ms
Frame 745 end
Average processing time of GrabImageRGBD(): 15.8333ms
Frame 746 end
Average processing time of GrabImageRGBD(): 15.8322ms
Frame 747 end
Average processing time of GrabImageRGBD(): 15.8287ms
Frame 748 end
Average processing time of GrabImageRGBD(): 15.8254ms
Frame 749 end
Average processing time of GrabImageRGBD(): 15.8152ms
Frame 750 end
Average processing time of GrabImageRGBD(): 15.8062ms
Frame 751 end
Average processing time of GrabImageRGBD(): 15.8006ms
Frame 752 end
Average processing time of GrabImageRGBD(): 15.7974ms
Frame 753 end
Average processing time of GrabImageRGBD(): 15.7928ms
Frame 754 end
Average processing time of GrabImageRGBD(): 15.79ms
Frame 755 end
Average processing time of GrabImageRGBD(): 15.7847ms
Frame 756 end
Average processing time of GrabImageRGBD(): 15.781ms
Frame 757 end
Average processing time of GrabImageRGBD(): 15.7742ms
Frame 758 end
Average processing time of GrabImageRGBD(): 15.7695ms
Frame 759 end
Average processing time of GrabImageRGBD(): 15.7631ms
Frame 760 end
Average processing time of GrabImageRGBD(): 15.757ms
Frame 761 end
Average processing time of GrabImageRGBD(): 15.7529ms
Frame 762 end
Average processing time of GrabImageRGBD(): 15.7489ms
Frame 763 end
Average processing time of GrabImageRGBD(): 15.7412ms
Frame 764 end
Average processing time of GrabImageRGBD(): 15.7365ms
Frame 765 end
Average processing time of GrabImageRGBD(): 15.7251ms
Frame 766 end
Average processing time of GrabImageRGBD(): 15.7498ms
Frame 767 end
Average processing time of GrabImageRGBD(): 15.7451ms
Frame 768 end
Average processing time of GrabImageRGBD(): 15.7399ms
Frame 769 end
Average processing time of GrabImageRGBD(): 15.7298ms
Frame 770 end
Average processing time of GrabImageRGBD(): 15.7259ms
Frame 771 end
Average processing time of GrabImageRGBD(): 15.7181ms
Frame 772 end
Average processing time of GrabImageRGBD(): 15.713ms
Frame 773 end
Average processing time of GrabImageRGBD(): 15.7064ms
Frame 774 end
Average processing time of GrabImageRGBD(): 15.7017ms
Frame 775 end
Average processing time of GrabImageRGBD(): 15.6976ms
Frame 776 end
Average processing time of GrabImageRGBD(): 15.6926ms
Frame 777 end
Average processing time of GrabImageRGBD(): 15.7189ms
Frame 778 end
Average processing time of GrabImageRGBD(): 15.7146ms
Frame 779 end
Average processing time of GrabImageRGBD(): 15.7118ms
Frame 780 end
Average processing time of GrabImageRGBD(): 15.7087ms
Frame 781 end
Average processing time of GrabImageRGBD(): 15.7068ms
Frame 782 end
Average processing time of GrabImageRGBD(): 15.7056ms
Frame 783 end
Average processing time of GrabImageRGBD(): 15.7071ms
Frame 784 end
Average processing time of GrabImageRGBD(): 15.705ms
Frame 785 end
Average processing time of GrabImageRGBD(): 15.6964ms
Frame 786 end
Average processing time of GrabImageRGBD(): 15.7237ms
Frame 787 end
Average processing time of GrabImageRGBD(): 15.7215ms
Frame 788 end
Average processing time of GrabImageRGBD(): 15.719ms
Frame 789 end
Average processing time of GrabImageRGBD(): 15.7091ms
Frame 790 end
Average processing time of GrabImageRGBD(): 15.7017ms
Frame 791 end
Average processing time of GrabImageRGBD(): 15.6951ms
Frame 792 end
Average processing time of GrabImageRGBD(): 15.6901ms
Frame 793 end
Average processing time of GrabImageRGBD(): 15.687ms
Frame 794 end
Average processing time of GrabImageRGBD(): 15.6807ms
Frame 795 end
Average processing time of GrabImageRGBD(): 15.6748ms
Frame 796 end
Average processing time of GrabImageRGBD(): 15.671ms
Frame 797 end
Average processing time of GrabImageRGBD(): 15.6633ms
Frame 798 end
Average processing time of GrabImageRGBD(): 15.6589ms
Frame 799 end
Average processing time of GrabImageRGBD(): 15.686ms
Frame 800 end
Average processing time of GrabImageRGBD(): 15.6856ms
Frame 801 end
Average processing time of GrabImageRGBD(): 15.6839ms
Frame 802 end
Average processing time of GrabImageRGBD(): 15.6809ms
Frame 803 end
Average processing time of GrabImageRGBD(): 15.6765ms
Frame 804 end
Average processing time of GrabImageRGBD(): 15.672ms
Frame 805 end
Average processing time of GrabImageRGBD(): 15.6686ms
Frame 806 end
Average processing time of GrabImageRGBD(): 15.6591ms
Frame 807 end
Average processing time of GrabImageRGBD(): 15.6469ms
Frame 808 end
Average processing time of GrabImageRGBD(): 15.6329ms
Frame 809 end
Average processing time of GrabImageRGBD(): 15.6259ms
Frame 810 end
Average processing time of GrabImageRGBD(): 15.6115ms
Frame 811 end
Average processing time of GrabImageRGBD(): 15.597ms
Frame 812 end
Average processing time of GrabImageRGBD(): 15.5872ms
Frame 813 end
Average processing time of GrabImageRGBD(): 15.5723ms
Frame 814 end
Average processing time of GrabImageRGBD(): 15.5649ms
Frame 815 end
Average processing time of GrabImageRGBD(): 15.5528ms
Frame 816 end
Average processing time of GrabImageRGBD(): 15.5381ms
Frame 817 end
Average processing time of GrabImageRGBD(): 15.5238ms
Frame 818 end
Average processing time of GrabImageRGBD(): 15.5161ms
Frame 819 end
Average processing time of GrabImageRGBD(): 15.5013ms
Frame 820 end
Average processing time of GrabImageRGBD(): 15.4938ms
Frame 821 end
Average processing time of GrabImageRGBD(): 15.4863ms
Frame 822 end
Average processing time of GrabImageRGBD(): 15.4785ms
Frame 823 end
Average processing time of GrabImageRGBD(): 15.464ms
Frame 824 end
Average processing time of GrabImageRGBD(): 15.4547ms
Frame 825 end
Average processing time of GrabImageRGBD(): 15.4469ms
Frame 826 end
Average processing time of GrabImageRGBD(): 15.4393ms
Frame 827 end
Average processing time of GrabImageRGBD(): 15.4247ms
Frame 828 end
Average processing time of GrabImageRGBD(): 15.4169ms
Frame 829 end
Average processing time of GrabImageRGBD(): 15.4093ms
Frame 830 end
Average processing time of GrabImageRGBD(): 15.4373ms
Frame 831 end
Average processing time of GrabImageRGBD(): 15.4318ms
Frame 832 end
Average processing time of GrabImageRGBD(): 15.4242ms
Frame 833 end
Average processing time of GrabImageRGBD(): 15.416ms
Frame 834 end
Average processing time of GrabImageRGBD(): 15.4022ms
Frame 835 end
Average processing time of GrabImageRGBD(): 15.3905ms
Frame 836 end
Average processing time of GrabImageRGBD(): 15.3759ms
Frame 837 end
Average processing time of GrabImageRGBD(): 15.3632ms
Frame 838 end
Average processing time of GrabImageRGBD(): 15.3548ms
Frame 839 end
Average processing time of GrabImageRGBD(): 15.3412ms
Frame 840 end
Average processing time of GrabImageRGBD(): 15.3274ms
Frame 841 end
Average processing time of GrabImageRGBD(): 15.3173ms
Frame 842 end
Average processing time of GrabImageRGBD(): 15.3087ms
Frame 843 end
Average processing time of GrabImageRGBD(): 15.3004ms
Frame 844 end
Average processing time of GrabImageRGBD(): 15.2924ms
Frame 845 end
Average processing time of GrabImageRGBD(): 15.2849ms
Frame 846 end
Shutdown
-------

median tracking time: 0.0138735
mean tracking time: 0.0160811

Saving camera trajectory to CameraTrajectory.txt ...

Saving keyframe trajectory to KeyFrameTrajectory.txt ...
