
ORB-SLAM3 Copyright (C) 2017-2020 Carlos Campos, Richard Elvira, Juan J. Gómez, José M.M. Montiel and Juan D. Tardós, University of Zaragoza.
ORB-SLAM2 Copyright (C) 2014-2016 Raúl Mur-Artal, José M.M. Montiel and Juan D. Tardós, University of Zaragoza.
This program comes with ABSOLUTELY NO WARRANTY;
This is free software, and you are welcome to redistribute it
under certain conditions. See LICENSE.txt.

Input sensor was set to: RGB-D
Loading settings from /home/bingxin/Downloads/NGD-SLAM/Examples/RGB-D/Bonn.yaml
Camera1.k3 optional parameter does not exist...
	-Loaded camera 1
Camera.newHeight optional parameter does not exist...
Camera.newWidth optional parameter does not exist...
	-Loaded image info
	-Loaded RGB-D calibration
	-Loaded ORB settings
Viewer.imageViewScale optional parameter does not exist...
	-Loaded viewer settings
System.LoadAtlasFromFile optional parameter does not exist...
System.SaveAtlasToFile optional parameter does not exist...
	-Loaded Atlas settings
System.thFarPoints optional parameter does not exist...
	-Loaded misc parameters
----------------------------------
SLAM settings: 
	-Camera 1 parameters (Pinhole): [ 542.823 542.577 315.594 237.756 ]
	-Camera 1 distortion parameters: [  0.039903 -0.099343 -0.00073 -0.000144 ]
	-Original image size: [ 640 , 480 ]
	-Current image size: [ 640 , 480 ]
	-Sequence FPS: 30
	-RGB-D depth map factor: 5000
	-Features per image: 1000
	-ORB scale factor: 1.2
	-ORB number of scales: 8
	-Initial FAST threshold: 20
	-Min FAST threshold: 7


Loading ORB Vocabulary. This could take a while...
Vocabulary loaded!

Initialization of Atlas from scratch 
Creation of new map with id: 0
Creation of new map with last KF id: 0
Seq. Name: 
There are 1 cameras in the atlas
Camera 0 is pinhole
Net use yolo-fastest

-------
Start processing sequence ...
Images in the sequence: 1286

First KF:0; Map init KF:0
New Map created with 955 points
Average processing time of GrabImageRGBD(): 48.1557ms
Frame 0 end
Average processing time of GrabImageRGBD(): 36.7809ms
Frame 1 end
Average processing time of GrabImageRGBD(): 34.5748ms
Frame 2 end
Average processing time of GrabImageRGBD(): 28.6935ms
Frame 3 end
Average processing time of GrabImageRGBD(): 25.0671ms
Frame 4 end
Average processing time of GrabImageRGBD(): 22.5922ms
Frame 5 end
Average processing time of GrabImageRGBD(): 19.8338ms
Frame 6 end
Starting the Viewer
Average processing time of GrabImageRGBD(): 17.8443ms
Frame 7 end
Average processing time of GrabImageRGBD(): 16.9808ms
Frame 8 end
Average processing time of GrabImageRGBD(): 15.999ms
Frame 9 end
Average processing time of GrabImageRGBD(): 17.0941ms
Frame 10 end
Average processing time of GrabImageRGBD(): 15.9866ms
Frame 11 end
Average processing time of GrabImageRGBD(): 15.0205ms
Frame 12 end
Average processing time of GrabImageRGBD(): 14.3425ms
Frame 13 end
Average processing time of GrabImageRGBD(): 13.6286ms
Frame 14 end
Average processing time of GrabImageRGBD(): 12.9866ms
Frame 15 end
Average processing time of GrabImageRGBD(): 12.411ms
Frame 16 end
Average processing time of GrabImageRGBD(): 12.1712ms
Frame 17 end
Average processing time of GrabImageRGBD(): 11.967ms
Frame 18 end
Average processing time of GrabImageRGBD(): 11.5512ms
Frame 19 end
Average processing time of GrabImageRGBD(): 11.2339ms
Frame 20 end
Average processing time of GrabImageRGBD(): 11.1226ms
Frame 21 end
Average processing time of GrabImageRGBD(): 11.9078ms
Frame 22 end
Average processing time of GrabImageRGBD(): 11.5725ms
Frame 23 end
Average processing time of GrabImageRGBD(): 11.2023ms
Frame 24 end
Average processing time of GrabImageRGBD(): 11.0803ms
Frame 25 end
Average processing time of GrabImageRGBD(): 10.9488ms
Frame 26 end
Average processing time of GrabImageRGBD(): 10.6812ms
Frame 27 end
Average processing time of GrabImageRGBD(): 10.5822ms
Frame 28 end
Average processing time of GrabImageRGBD(): 10.367ms
Frame 29 end
Average processing time of GrabImageRGBD(): 10.1727ms
Frame 30 end
Average processing time of GrabImageRGBD(): 10.0763ms
Frame 31 end
Average processing time of GrabImageRGBD(): 9.91339ms
Frame 32 end
Average processing time of GrabImageRGBD(): 9.75712ms
Frame 33 end
Average processing time of GrabImageRGBD(): 9.57875ms
Frame 34 end
Average processing time of GrabImageRGBD(): 9.53869ms
Frame 35 end
Average processing time of GrabImageRGBD(): 9.37506ms
Frame 36 end
Average processing time of GrabImageRGBD(): 9.21266ms
Frame 37 end
Average processing time of GrabImageRGBD(): 9.71282ms
Frame 38 end
Average processing time of GrabImageRGBD(): 9.57106ms
Frame 39 end
Average processing time of GrabImageRGBD(): 9.41278ms
Frame 40 end
Average processing time of GrabImageRGBD(): 9.77983ms
Frame 41 end
Average processing time of GrabImageRGBD(): 9.83153ms
Frame 42 end
Average processing time of GrabImageRGBD(): 10.1904ms
Frame 43 end
Average processing time of GrabImageRGBD(): 10.2106ms
Frame 44 end
Average processing time of GrabImageRGBD(): 10.1257ms
Frame 45 end
Average processing time of GrabImageRGBD(): 10.5284ms
Frame 46 end
Average processing time of GrabImageRGBD(): 10.5461ms
Frame 47 end
Average processing time of GrabImageRGBD(): 10.4604ms
Frame 48 end
Average processing time of GrabImageRGBD(): 10.4401ms
Frame 49 end
Average processing time of GrabImageRGBD(): 11.0395ms
Frame 50 end
Average processing time of GrabImageRGBD(): 10.8855ms
Frame 51 end
Average processing time of GrabImageRGBD(): 11.2318ms
Frame 52 end
Average processing time of GrabImageRGBD(): 11.096ms
Frame 53 end
Average processing time of GrabImageRGBD(): 10.9432ms
Frame 54 end
Average processing time of GrabImageRGBD(): 10.8724ms
Frame 55 end
Average processing time of GrabImageRGBD(): 10.8345ms
Frame 56 end
Average processing time of GrabImageRGBD(): 10.7923ms
Frame 57 end
Average processing time of GrabImageRGBD(): 10.7001ms
Frame 58 end
Average processing time of GrabImageRGBD(): 10.67ms
Frame 59 end
Average processing time of GrabImageRGBD(): 10.9507ms
Frame 60 end
Average processing time of GrabImageRGBD(): 10.8549ms
Frame 61 end
Average processing time of GrabImageRGBD(): 11.0986ms
Frame 62 end
Average processing time of GrabImageRGBD(): 11.0849ms
Frame 63 end
Average processing time of GrabImageRGBD(): 10.9623ms
Frame 64 end
Average processing time of GrabImageRGBD(): 10.9377ms
Frame 65 end
Average processing time of GrabImageRGBD(): 10.9055ms
Frame 66 end
Average processing time of GrabImageRGBD(): 10.7914ms
Frame 67 end
Average processing time of GrabImageRGBD(): 10.7457ms
Frame 68 end
Average processing time of GrabImageRGBD(): 10.6511ms
Frame 69 end
Average processing time of GrabImageRGBD(): 10.5544ms
Frame 70 end
Average processing time of GrabImageRGBD(): 10.5322ms
Frame 71 end
Average processing time of GrabImageRGBD(): 10.5016ms
Frame 72 end
Average processing time of GrabImageRGBD(): 10.7426ms
Frame 73 end
Average processing time of GrabImageRGBD(): 10.6561ms
Frame 74 end
Average processing time of GrabImageRGBD(): 10.5852ms
Frame 75 end
Average processing time of GrabImageRGBD(): 10.495ms
Frame 76 end
Average processing time of GrabImageRGBD(): 10.4751ms
Frame 77 end
Average processing time of GrabImageRGBD(): 10.4082ms
Frame 78 end
Average processing time of GrabImageRGBD(): 10.324ms
Frame 79 end
Average processing time of GrabImageRGBD(): 10.2411ms
Frame 80 end
Average processing time of GrabImageRGBD(): 10.1993ms
Frame 81 end
Average processing time of GrabImageRGBD(): 10.1892ms
Frame 82 end
Average processing time of GrabImageRGBD(): 10.4239ms
Frame 83 end
Average processing time of GrabImageRGBD(): 10.4008ms
Frame 84 end
Average processing time of GrabImageRGBD(): 10.3116ms
Frame 85 end
Average processing time of GrabImageRGBD(): 10.2507ms
Frame 86 end
Average processing time of GrabImageRGBD(): 10.1764ms
Frame 87 end
Average processing time of GrabImageRGBD(): 10.1602ms
Frame 88 end
Average processing time of GrabImageRGBD(): 10.1521ms
Frame 89 end
Average processing time of GrabImageRGBD(): 10.123ms
Frame 90 end
Average processing time of GrabImageRGBD(): 10.1065ms
Frame 91 end
Average processing time of GrabImageRGBD(): 10.2672ms
Frame 92 end
Average processing time of GrabImageRGBD(): 10.2023ms
Frame 93 end
Average processing time of GrabImageRGBD(): 10.1293ms
Frame 94 end
Average processing time of GrabImageRGBD(): 10.0705ms
Frame 95 end
Average processing time of GrabImageRGBD(): 10.0055ms
Frame 96 end
Average processing time of GrabImageRGBD(): 9.99784ms
Frame 97 end
Average processing time of GrabImageRGBD(): 9.92249ms
Frame 98 end
Average processing time of GrabImageRGBD(): 9.90854ms
Frame 99 end
Average processing time of GrabImageRGBD(): 10.0665ms
Frame 100 end
Average processing time of GrabImageRGBD(): 10.0635ms
Frame 101 end
Average processing time of GrabImageRGBD(): 9.99999ms
Frame 102 end
Average processing time of GrabImageRGBD(): 9.95196ms
Frame 103 end
Average processing time of GrabImageRGBD(): 9.89602ms
Frame 104 end
Average processing time of GrabImageRGBD(): 9.88394ms
Frame 105 end
Average processing time of GrabImageRGBD(): 9.81656ms
Frame 106 end
Average processing time of GrabImageRGBD(): 9.80775ms
Frame 107 end
Average processing time of GrabImageRGBD(): 9.79131ms
Frame 108 end
Average processing time of GrabImageRGBD(): 9.7341ms
Frame 109 end
Average processing time of GrabImageRGBD(): 9.71995ms
Frame 110 end
Average processing time of GrabImageRGBD(): 9.88744ms
Frame 111 end
Average processing time of GrabImageRGBD(): 9.88152ms
Frame 112 end
Average processing time of GrabImageRGBD(): 9.8206ms
Frame 113 end
Average processing time of GrabImageRGBD(): 9.7832ms
Frame 114 end
Average processing time of GrabImageRGBD(): 9.7316ms
Frame 115 end
Average processing time of GrabImageRGBD(): 9.67829ms
Frame 116 end
Average processing time of GrabImageRGBD(): 9.66687ms
Frame 117 end
Average processing time of GrabImageRGBD(): 9.6249ms
Frame 118 end
Average processing time of GrabImageRGBD(): 9.60983ms
Frame 119 end
Average processing time of GrabImageRGBD(): 9.56727ms
Frame 120 end
Average processing time of GrabImageRGBD(): 9.72462ms
Frame 121 end
Average processing time of GrabImageRGBD(): 9.69571ms
Frame 122 end
Average processing time of GrabImageRGBD(): 9.64039ms
Frame 123 end
Average processing time of GrabImageRGBD(): 9.61774ms
Frame 124 end
Average processing time of GrabImageRGBD(): 9.61069ms
Frame 125 end
Average processing time of GrabImageRGBD(): 9.60111ms
Frame 126 end
Average processing time of GrabImageRGBD(): 9.54939ms
Frame 127 end
Average processing time of GrabImageRGBD(): 9.51759ms
Frame 128 end
Average processing time of GrabImageRGBD(): 9.50615ms
Frame 129 end
Average processing time of GrabImageRGBD(): 9.66459ms
Frame 130 end
Average processing time of GrabImageRGBD(): 9.66102ms
Frame 131 end
Average processing time of GrabImageRGBD(): 9.63281ms
Frame 132 end
Average processing time of GrabImageRGBD(): 9.78971ms
Frame 133 end
Average processing time of GrabImageRGBD(): 9.79758ms
Frame 134 end
Average processing time of GrabImageRGBD(): 9.74811ms
Frame 135 end
Average processing time of GrabImageRGBD(): 9.92581ms
Frame 136 end
Average processing time of GrabImageRGBD(): 9.88978ms
Frame 137 end
Average processing time of GrabImageRGBD(): 9.89092ms
Frame 138 end
Average processing time of GrabImageRGBD(): 10.0317ms
Frame 139 end
Average processing time of GrabImageRGBD(): 10.0418ms
Frame 140 end
Average processing time of GrabImageRGBD(): 9.99439ms
Frame 141 end
Average processing time of GrabImageRGBD(): 9.99198ms
Frame 142 end
Average processing time of GrabImageRGBD(): 9.9896ms
Frame 143 end
Average processing time of GrabImageRGBD(): 9.94165ms
Frame 144 end
Average processing time of GrabImageRGBD(): 9.92648ms
Frame 145 end
Average processing time of GrabImageRGBD(): 9.90253ms
Frame 146 end
Average processing time of GrabImageRGBD(): 10.0443ms
Frame 147 end
Average processing time of GrabImageRGBD(): 10.0596ms
Frame 148 end
Average processing time of GrabImageRGBD(): 10.0163ms
Frame 149 end
Average processing time of GrabImageRGBD(): 10.0095ms
Frame 150 end
Average processing time of GrabImageRGBD(): 10.0011ms
Frame 151 end
Average processing time of GrabImageRGBD(): 9.99524ms
Frame 152 end
Average processing time of GrabImageRGBD(): 10.1074ms
Frame 153 end
Average processing time of GrabImageRGBD(): 10.0793ms
Frame 154 end
Average processing time of GrabImageRGBD(): 10.0345ms
Frame 155 end
Average processing time of GrabImageRGBD(): 10.0261ms
Frame 156 end
Average processing time of GrabImageRGBD(): 10.1686ms
Frame 157 end
Average processing time of GrabImageRGBD(): 10.176ms
Frame 158 end
Average processing time of GrabImageRGBD(): 10.1787ms
Frame 159 end
Average processing time of GrabImageRGBD(): 10.1734ms
Frame 160 end
Average processing time of GrabImageRGBD(): 10.1408ms
Frame 161 end
Average processing time of GrabImageRGBD(): 10.0976ms
Frame 162 end
Average processing time of GrabImageRGBD(): 10.2161ms
Frame 163 end
Average processing time of GrabImageRGBD(): 10.2163ms
Frame 164 end
Average processing time of GrabImageRGBD(): 10.181ms
Frame 165 end
Average processing time of GrabImageRGBD(): 10.1427ms
Frame 166 end
Average processing time of GrabImageRGBD(): 10.1344ms
Frame 167 end
Average processing time of GrabImageRGBD(): 10.1272ms
Frame 168 end
Average processing time of GrabImageRGBD(): 10.0863ms
Frame 169 end
Average processing time of GrabImageRGBD(): 10.049ms
Frame 170 end
Average processing time of GrabImageRGBD(): 10.0408ms
Frame 171 end
Average processing time of GrabImageRGBD(): 10.1513ms
Frame 172 end
Average processing time of GrabImageRGBD(): 10.1257ms
Frame 173 end
Average processing time of GrabImageRGBD(): 10.0849ms
Frame 174 end
Average processing time of GrabImageRGBD(): 10.0825ms
Frame 175 end
Average processing time of GrabImageRGBD(): 10.0783ms
Frame 176 end
Average processing time of GrabImageRGBD(): 10.0764ms
Frame 177 end
Average processing time of GrabImageRGBD(): 10.1994ms
Frame 178 end
Average processing time of GrabImageRGBD(): 10.2075ms
Frame 179 end
Average processing time of GrabImageRGBD(): 10.1742ms
Frame 180 end
Average processing time of GrabImageRGBD(): 10.1481ms
Frame 181 end
Average processing time of GrabImageRGBD(): 10.2449ms
Frame 182 end
Average processing time of GrabImageRGBD(): 10.2149ms
Frame 183 end
Average processing time of GrabImageRGBD(): 10.1759ms
Frame 184 end
Average processing time of GrabImageRGBD(): 10.1704ms
Frame 185 end
Average processing time of GrabImageRGBD(): 10.2682ms
Frame 186 end
Average processing time of GrabImageRGBD(): 10.2394ms
Frame 187 end
Average processing time of GrabImageRGBD(): 10.2055ms
Frame 188 end
Average processing time of GrabImageRGBD(): 10.1794ms
Frame 189 end
Average processing time of GrabImageRGBD(): 10.2746ms
Frame 190 end
Average processing time of GrabImageRGBD(): 10.2652ms
Frame 191 end
Average processing time of GrabImageRGBD(): 10.2322ms
Frame 192 end
Average processing time of GrabImageRGBD(): 10.2351ms
Frame 193 end
Average processing time of GrabImageRGBD(): 10.3436ms
Frame 194 end
Average processing time of GrabImageRGBD(): 10.315ms
Frame 195 end
Average processing time of GrabImageRGBD(): 10.2835ms
Frame 196 end
Average processing time of GrabImageRGBD(): 10.2572ms
Frame 197 end
Average processing time of GrabImageRGBD(): 10.3442ms
Frame 198 end
Average processing time of GrabImageRGBD(): 10.3481ms
Frame 199 end
Average processing time of GrabImageRGBD(): 10.3468ms
Frame 200 end
Average processing time of GrabImageRGBD(): 10.3529ms
Frame 201 end
Average processing time of GrabImageRGBD(): 10.4576ms
Frame 202 end
Average processing time of GrabImageRGBD(): 10.4617ms
Frame 203 end
Average processing time of GrabImageRGBD(): 10.4535ms
Frame 204 end
Average processing time of GrabImageRGBD(): 10.4319ms
Frame 205 end
Average processing time of GrabImageRGBD(): 10.4176ms
Frame 206 end
Average processing time of GrabImageRGBD(): 10.4982ms
Frame 207 end
Average processing time of GrabImageRGBD(): 10.5028ms
Frame 208 end
Average processing time of GrabImageRGBD(): 10.4684ms
Frame 209 end
Average processing time of GrabImageRGBD(): 10.4566ms
Frame 210 end
Average processing time of GrabImageRGBD(): 10.4497ms
Frame 211 end
Average processing time of GrabImageRGBD(): 10.5655ms
Frame 212 end
Average processing time of GrabImageRGBD(): 10.5659ms
Frame 213 end
Average processing time of GrabImageRGBD(): 10.5529ms
Frame 214 end
Average processing time of GrabImageRGBD(): 10.5489ms
Frame 215 end
Average processing time of GrabImageRGBD(): 10.5141ms
Frame 216 end
Average processing time of GrabImageRGBD(): 10.5995ms
Frame 217 end
Average processing time of GrabImageRGBD(): 10.5983ms
Frame 218 end
Average processing time of GrabImageRGBD(): 10.5639ms
Frame 219 end
Average processing time of GrabImageRGBD(): 10.5465ms
Frame 220 end
Average processing time of GrabImageRGBD(): 10.5267ms
Frame 221 end
Average processing time of GrabImageRGBD(): 10.5989ms
Frame 222 end
Average processing time of GrabImageRGBD(): 10.604ms
Frame 223 end
Average processing time of GrabImageRGBD(): 10.5688ms
Frame 224 end
Average processing time of GrabImageRGBD(): 10.5614ms
Frame 225 end
Average processing time of GrabImageRGBD(): 10.5367ms
Frame 226 end
Average processing time of GrabImageRGBD(): 10.6127ms
Frame 227 end
Average processing time of GrabImageRGBD(): 10.5929ms
Frame 228 end
Average processing time of GrabImageRGBD(): 10.5734ms
Frame 229 end
Average processing time of GrabImageRGBD(): 10.5659ms
Frame 230 end
Average processing time of GrabImageRGBD(): 10.5523ms
Frame 231 end
Average processing time of GrabImageRGBD(): 10.5205ms
Frame 232 end
Average processing time of GrabImageRGBD(): 10.6299ms
Frame 233 end
Average processing time of GrabImageRGBD(): 10.6063ms
Frame 234 end
Average processing time of GrabImageRGBD(): 10.5754ms
Frame 235 end
Average processing time of GrabImageRGBD(): 10.5701ms
Frame 236 end
Average processing time of GrabImageRGBD(): 10.5652ms
Frame 237 end
Average processing time of GrabImageRGBD(): 10.6486ms
Frame 238 end
Average processing time of GrabImageRGBD(): 10.6444ms
Frame 239 end
Average processing time of GrabImageRGBD(): 10.6129ms
Frame 240 end
Average processing time of GrabImageRGBD(): 10.6008ms
Frame 241 end
Average processing time of GrabImageRGBD(): 10.5764ms
Frame 242 end
Average processing time of GrabImageRGBD(): 10.5615ms
Frame 243 end
Average processing time of GrabImageRGBD(): 10.6382ms
Frame 244 end
Average processing time of GrabImageRGBD(): 10.6452ms
Frame 245 end
Average processing time of GrabImageRGBD(): 10.6139ms
Frame 246 end
Average processing time of GrabImageRGBD(): 10.5912ms
Frame 247 end
Average processing time of GrabImageRGBD(): 10.5661ms
Frame 248 end
Average processing time of GrabImageRGBD(): 10.6489ms
Frame 249 end
Average processing time of GrabImageRGBD(): 10.6369ms
Frame 250 end
Average processing time of GrabImageRGBD(): 10.609ms
Frame 251 end
Average processing time of GrabImageRGBD(): 10.6038ms
Frame 252 end
Average processing time of GrabImageRGBD(): 10.5775ms
Frame 253 end
Average processing time of GrabImageRGBD(): 10.7091ms
Frame 254 end
Average processing time of GrabImageRGBD(): 10.6943ms
Frame 255 end
Average processing time of GrabImageRGBD(): 10.6695ms
Frame 256 end
Average processing time of GrabImageRGBD(): 10.6422ms
Frame 257 end
Average processing time of GrabImageRGBD(): 10.6447ms
Frame 258 end
Average processing time of GrabImageRGBD(): 10.6358ms
Frame 259 end
Average processing time of GrabImageRGBD(): 10.7082ms
Frame 260 end
Average processing time of GrabImageRGBD(): 10.7138ms
Frame 261 end
Average processing time of GrabImageRGBD(): 10.6856ms
Frame 262 end
Average processing time of GrabImageRGBD(): 10.6809ms
Frame 263 end
Average processing time of GrabImageRGBD(): 10.6719ms
Frame 264 end
Average processing time of GrabImageRGBD(): 10.6656ms
Frame 265 end
Average processing time of GrabImageRGBD(): 10.6399ms
Frame 266 end
Average processing time of GrabImageRGBD(): 10.6139ms
Frame 267 end
Average processing time of GrabImageRGBD(): 10.6825ms
Frame 268 end
Average processing time of GrabImageRGBD(): 10.6846ms
Frame 269 end
Average processing time of GrabImageRGBD(): 10.6584ms
Frame 270 end
Average processing time of GrabImageRGBD(): 10.6555ms
Frame 271 end
Average processing time of GrabImageRGBD(): 10.6303ms
Frame 272 end
Average processing time of GrabImageRGBD(): 10.6052ms
Frame 273 end
Average processing time of GrabImageRGBD(): 10.6849ms
Frame 274 end
Average processing time of GrabImageRGBD(): 10.6771ms
Frame 275 end
Average processing time of GrabImageRGBD(): 10.6501ms
Frame 276 end
Average processing time of GrabImageRGBD(): 10.6395ms
Frame 277 end
Average processing time of GrabImageRGBD(): 10.6143ms
Frame 278 end
Average processing time of GrabImageRGBD(): 10.6146ms
Frame 279 end
Average processing time of GrabImageRGBD(): 10.6932ms
Frame 280 end
Average processing time of GrabImageRGBD(): 10.7011ms
Frame 281 end
Average processing time of GrabImageRGBD(): 10.6892ms
Frame 282 end
Average processing time of GrabImageRGBD(): 10.6618ms
Frame 283 end
Average processing time of GrabImageRGBD(): 10.6462ms
Frame 284 end
Average processing time of GrabImageRGBD(): 10.6218ms
Frame 285 end
Average processing time of GrabImageRGBD(): 10.5966ms
Frame 286 end
Average processing time of GrabImageRGBD(): 10.6667ms
Frame 287 end
Average processing time of GrabImageRGBD(): 10.6661ms
Frame 288 end
Average processing time of GrabImageRGBD(): 10.6407ms
Frame 289 end
Average processing time of GrabImageRGBD(): 10.6212ms
Frame 290 end
Average processing time of GrabImageRGBD(): 10.5967ms
Frame 291 end
Average processing time of GrabImageRGBD(): 10.5731ms
Frame 292 end
Average processing time of GrabImageRGBD(): 10.5548ms
Frame 293 end
Average processing time of GrabImageRGBD(): 10.5502ms
Frame 294 end
Average processing time of GrabImageRGBD(): 10.5253ms
Frame 295 end
Average processing time of GrabImageRGBD(): 10.5213ms
Frame 296 end
Average processing time of GrabImageRGBD(): 10.5852ms
Frame 297 end
Average processing time of GrabImageRGBD(): 10.5652ms
Frame 298 end
Average processing time of GrabImageRGBD(): 10.5585ms
Frame 299 end
Average processing time of GrabImageRGBD(): 10.5509ms
Frame 300 end
Average processing time of GrabImageRGBD(): 10.5335ms
Frame 301 end
Average processing time of GrabImageRGBD(): 10.5239ms
Frame 302 end
Average processing time of GrabImageRGBD(): 10.5158ms
Frame 303 end
Average processing time of GrabImageRGBD(): 10.5804ms
Frame 304 end
Average processing time of GrabImageRGBD(): 10.5755ms
Frame 305 end
Average processing time of GrabImageRGBD(): 10.5495ms
Frame 306 end
Average processing time of GrabImageRGBD(): 10.5257ms
Frame 307 end
Average processing time of GrabImageRGBD(): 10.5022ms
Frame 308 end
Average processing time of GrabImageRGBD(): 10.4834ms
Frame 309 end
Average processing time of GrabImageRGBD(): 10.4595ms
Frame 310 end
Average processing time of GrabImageRGBD(): 10.5203ms
Frame 311 end
Average processing time of GrabImageRGBD(): 10.5094ms
Frame 312 end
Average processing time of GrabImageRGBD(): 10.4867ms
Frame 313 end
Average processing time of GrabImageRGBD(): 10.4816ms
Frame 314 end
Average processing time of GrabImageRGBD(): 10.4638ms
Frame 315 end
Average processing time of GrabImageRGBD(): 10.4579ms
Frame 316 end
Average processing time of GrabImageRGBD(): 10.4376ms
Frame 317 end
Average processing time of GrabImageRGBD(): 10.4935ms
Frame 318 end
Average processing time of GrabImageRGBD(): 10.4935ms
Frame 319 end
Average processing time of GrabImageRGBD(): 10.4916ms
Frame 320 end
Average processing time of GrabImageRGBD(): 10.471ms
Frame 321 end
Average processing time of GrabImageRGBD(): 10.467ms
Frame 322 end
Average processing time of GrabImageRGBD(): 10.4574ms
Frame 323 end
Average processing time of GrabImageRGBD(): 10.4348ms
Frame 324 end
Average processing time of GrabImageRGBD(): 10.4938ms
Frame 325 end
Average processing time of GrabImageRGBD(): 10.4914ms
Frame 326 end
Average processing time of GrabImageRGBD(): 10.4679ms
Frame 327 end
Average processing time of GrabImageRGBD(): 10.4472ms
Frame 328 end
Average processing time of GrabImageRGBD(): 10.4355ms
Frame 329 end
Average processing time of GrabImageRGBD(): 10.4318ms
Frame 330 end
Average processing time of GrabImageRGBD(): 10.4099ms
Frame 331 end
Average processing time of GrabImageRGBD(): 10.4669ms
Frame 332 end
Average processing time of GrabImageRGBD(): 10.5279ms
Frame 333 end
Average processing time of GrabImageRGBD(): 10.5193ms
Frame 334 end
Average processing time of GrabImageRGBD(): 10.5726ms
Frame 335 end
Average processing time of GrabImageRGBD(): 10.5668ms
Frame 336 end
Average processing time of GrabImageRGBD(): 10.546ms
Frame 337 end
Average processing time of GrabImageRGBD(): 10.5425ms
Frame 338 end
Average processing time of GrabImageRGBD(): 10.5387ms
Frame 339 end
Average processing time of GrabImageRGBD(): 10.5316ms
Frame 340 end
Average processing time of GrabImageRGBD(): 10.522ms
Frame 341 end
Average processing time of GrabImageRGBD(): 10.5107ms
Frame 342 end
Average processing time of GrabImageRGBD(): 10.5834ms
Frame 343 end
Average processing time of GrabImageRGBD(): 10.5667ms
Frame 344 end
Average processing time of GrabImageRGBD(): 10.5446ms
Frame 345 end
Average processing time of GrabImageRGBD(): 10.5401ms
Frame 346 end
Average processing time of GrabImageRGBD(): 10.5347ms
Frame 347 end
Average processing time of GrabImageRGBD(): 10.53ms
Frame 348 end
Average processing time of GrabImageRGBD(): 10.5228ms
Frame 349 end
Average processing time of GrabImageRGBD(): 10.5831ms
Frame 350 end
Average processing time of GrabImageRGBD(): 10.5828ms
Frame 351 end
Average processing time of GrabImageRGBD(): 10.5614ms
Frame 352 end
Average processing time of GrabImageRGBD(): 10.5609ms
Frame 353 end
Average processing time of GrabImageRGBD(): 10.5583ms
Frame 354 end
Average processing time of GrabImageRGBD(): 10.5383ms
Frame 355 end
Average processing time of GrabImageRGBD(): 10.5309ms
Frame 356 end
Average processing time of GrabImageRGBD(): 10.5844ms
Frame 357 end
Average processing time of GrabImageRGBD(): 10.5672ms
Frame 358 end
Average processing time of GrabImageRGBD(): 10.5467ms
Frame 359 end
Average processing time of GrabImageRGBD(): 10.531ms
Frame 360 end
Average processing time of GrabImageRGBD(): 10.5116ms
Frame 361 end
Average processing time of GrabImageRGBD(): 10.493ms
Frame 362 end
Average processing time of GrabImageRGBD(): 10.4727ms
Frame 363 end
Average processing time of GrabImageRGBD(): 10.5205ms
Frame 364 end
Average processing time of GrabImageRGBD(): 10.52ms
Frame 365 end
Average processing time of GrabImageRGBD(): 10.5123ms
Frame 366 end
Average processing time of GrabImageRGBD(): 10.4945ms
Frame 367 end
Average processing time of GrabImageRGBD(): 10.481ms
Frame 368 end
Average processing time of GrabImageRGBD(): 10.4624ms
Frame 369 end
Average processing time of GrabImageRGBD(): 10.4555ms
Frame 370 end
Average processing time of GrabImageRGBD(): 10.4473ms
Frame 371 end
Average processing time of GrabImageRGBD(): 10.491ms
Frame 372 end
Average processing time of GrabImageRGBD(): 10.4759ms
Frame 373 end
Average processing time of GrabImageRGBD(): 10.4716ms
Frame 374 end
Average processing time of GrabImageRGBD(): 10.4617ms
Frame 375 end
Average processing time of GrabImageRGBD(): 10.4571ms
Frame 376 end
Average processing time of GrabImageRGBD(): 10.4512ms
Frame 377 end
Average processing time of GrabImageRGBD(): 10.4459ms
Frame 378 end
Average processing time of GrabImageRGBD(): 10.4275ms
Frame 379 end
Average processing time of GrabImageRGBD(): 10.4753ms
Frame 380 end
Average processing time of GrabImageRGBD(): 10.4773ms
Frame 381 end
Average processing time of GrabImageRGBD(): 10.4685ms
Frame 382 end
Average processing time of GrabImageRGBD(): 10.4675ms
Frame 383 end
Average processing time of GrabImageRGBD(): 10.4663ms
Frame 384 end
Average processing time of GrabImageRGBD(): 10.4669ms
Frame 385 end
Average processing time of GrabImageRGBD(): 10.4597ms
Frame 386 end
Average processing time of GrabImageRGBD(): 10.4574ms
Frame 387 end
Average processing time of GrabImageRGBD(): 10.4399ms
Frame 388 end
Average processing time of GrabImageRGBD(): 10.4228ms
Frame 389 end
Average processing time of GrabImageRGBD(): 10.479ms
Frame 390 end
Average processing time of GrabImageRGBD(): 10.463ms
Frame 391 end
Average processing time of GrabImageRGBD(): 10.4598ms
Frame 392 end
Average processing time of GrabImageRGBD(): 10.4569ms
Frame 393 end
Average processing time of GrabImageRGBD(): 10.4595ms
Frame 394 end
Average processing time of GrabImageRGBD(): 10.4617ms
Frame 395 end
Average processing time of GrabImageRGBD(): 10.4613ms
Frame 396 end
Average processing time of GrabImageRGBD(): 10.5095ms
Frame 397 end
Average processing time of GrabImageRGBD(): 10.494ms
Frame 398 end
Average processing time of GrabImageRGBD(): 10.4932ms
Frame 399 end
Average processing time of GrabImageRGBD(): 10.4898ms
Frame 400 end
Average processing time of GrabImageRGBD(): 10.5027ms
Frame 401 end
Average processing time of GrabImageRGBD(): 10.4853ms
Frame 402 end
Average processing time of GrabImageRGBD(): 10.4729ms
Frame 403 end
Average processing time of GrabImageRGBD(): 10.4658ms
Frame 404 end
Average processing time of GrabImageRGBD(): 10.4616ms
Frame 405 end
Average processing time of GrabImageRGBD(): 10.4475ms
Frame 406 end
Average processing time of GrabImageRGBD(): 10.4431ms
Frame 407 end
Average processing time of GrabImageRGBD(): 10.4911ms
Frame 408 end
Average processing time of GrabImageRGBD(): 10.4864ms
Frame 409 end
Average processing time of GrabImageRGBD(): 10.4861ms
Frame 410 end
Average processing time of GrabImageRGBD(): 10.4862ms
Frame 411 end
Average processing time of GrabImageRGBD(): 10.4704ms
Frame 412 end
Average processing time of GrabImageRGBD(): 10.4577ms
Frame 413 end
Average processing time of GrabImageRGBD(): 10.4556ms
Frame 414 end
Average processing time of GrabImageRGBD(): 10.4517ms
Frame 415 end
Average processing time of GrabImageRGBD(): 10.4464ms
Frame 416 end
Average processing time of GrabImageRGBD(): 10.4311ms
Frame 417 end
Average processing time of GrabImageRGBD(): 10.4288ms
Frame 418 end
Average processing time of GrabImageRGBD(): 10.4797ms
Frame 419 end
Average processing time of GrabImageRGBD(): 10.4646ms
Frame 420 end
Average processing time of GrabImageRGBD(): 10.4486ms
Frame 421 end
Average processing time of GrabImageRGBD(): 10.4452ms
Frame 422 end
Average processing time of GrabImageRGBD(): 10.4334ms
Frame 423 end
Average processing time of GrabImageRGBD(): 10.4271ms
Frame 424 end
Average processing time of GrabImageRGBD(): 10.4243ms
Frame 425 end
Average processing time of GrabImageRGBD(): 10.4211ms
Frame 426 end
Average processing time of GrabImageRGBD(): 10.4722ms
Frame 427 end
Average processing time of GrabImageRGBD(): 10.4726ms
Frame 428 end
Average processing time of GrabImageRGBD(): 10.4608ms
Frame 429 end
Average processing time of GrabImageRGBD(): 10.4596ms
Frame 430 end
Average processing time of GrabImageRGBD(): 10.4586ms
Frame 431 end
Average processing time of GrabImageRGBD(): 10.4488ms
Frame 432 end
Average processing time of GrabImageRGBD(): 10.4915ms
Frame 433 end
Average processing time of GrabImageRGBD(): 10.4784ms
Frame 434 end
Average processing time of GrabImageRGBD(): 10.4788ms
Frame 435 end
Average processing time of GrabImageRGBD(): 10.4696ms
Frame 436 end
Average processing time of GrabImageRGBD(): 10.4628ms
Frame 437 end
Average processing time of GrabImageRGBD(): 10.463ms
Frame 438 end
Average processing time of GrabImageRGBD(): 10.4625ms
Frame 439 end
Average processing time of GrabImageRGBD(): 10.4606ms
Frame 440 end
Average processing time of GrabImageRGBD(): 10.452ms
Frame 441 end
Average processing time of GrabImageRGBD(): 10.45ms
Frame 442 end
Average processing time of GrabImageRGBD(): 10.4341ms
Frame 443 end
Average processing time of GrabImageRGBD(): 10.433ms
Frame 444 end
Average processing time of GrabImageRGBD(): 10.4324ms
Frame 445 end
Average processing time of GrabImageRGBD(): 10.4204ms
Frame 446 end
Average processing time of GrabImageRGBD(): 10.4759ms
Frame 447 end
Average processing time of GrabImageRGBD(): 10.4655ms
Frame 448 end
Average processing time of GrabImageRGBD(): 10.4551ms
Frame 449 end
Average processing time of GrabImageRGBD(): 10.4387ms
Frame 450 end
Average processing time of GrabImageRGBD(): 10.4232ms
Frame 451 end
Average processing time of GrabImageRGBD(): 10.4685ms
Frame 452 end
Average processing time of GrabImageRGBD(): 10.4637ms
Frame 453 end
Average processing time of GrabImageRGBD(): 10.4576ms
Frame 454 end
Average processing time of GrabImageRGBD(): 10.4466ms
Frame 455 end
Average processing time of GrabImageRGBD(): 10.433ms
Frame 456 end
Average processing time of GrabImageRGBD(): 10.4171ms
Frame 457 end
Average processing time of GrabImageRGBD(): 10.4079ms
Frame 458 end
Average processing time of GrabImageRGBD(): 10.4517ms
Frame 459 end
Average processing time of GrabImageRGBD(): 10.4526ms
Frame 460 end
Average processing time of GrabImageRGBD(): 10.4499ms
Frame 461 end
Average processing time of GrabImageRGBD(): 10.4491ms
Frame 462 end
Average processing time of GrabImageRGBD(): 10.435ms
Frame 463 end
Average processing time of GrabImageRGBD(): 10.4214ms
Frame 464 end
Average processing time of GrabImageRGBD(): 10.4195ms
Frame 465 end
Average processing time of GrabImageRGBD(): 10.4175ms
Frame 466 end
Average processing time of GrabImageRGBD(): 10.4026ms
Frame 467 end
Average processing time of GrabImageRGBD(): 10.388ms
Frame 468 end
Average processing time of GrabImageRGBD(): 10.3733ms
Frame 469 end
Average processing time of GrabImageRGBD(): 10.3613ms
Frame 470 end
Average processing time of GrabImageRGBD(): 10.3508ms
Frame 471 end
Average processing time of GrabImageRGBD(): 10.336ms
Frame 472 end
Average processing time of GrabImageRGBD(): 10.3739ms
Frame 473 end
Average processing time of GrabImageRGBD(): 10.3745ms
Frame 474 end
Average processing time of GrabImageRGBD(): 10.3685ms
Frame 475 end
Average processing time of GrabImageRGBD(): 10.355ms
Frame 476 end
Average processing time of GrabImageRGBD(): 10.3411ms
Frame 477 end
Average processing time of GrabImageRGBD(): 10.3285ms
Frame 478 end
Average processing time of GrabImageRGBD(): 10.3263ms
Frame 479 end
Average processing time of GrabImageRGBD(): 10.3118ms
Frame 480 end
Average processing time of GrabImageRGBD(): 10.2976ms
Frame 481 end
Average processing time of GrabImageRGBD(): 10.2956ms
Frame 482 end
Average processing time of GrabImageRGBD(): 10.3452ms
Frame 483 end
Average processing time of GrabImageRGBD(): 10.3459ms
Frame 484 end
Average processing time of GrabImageRGBD(): 10.3321ms
Frame 485 end
Average processing time of GrabImageRGBD(): 10.3307ms
Frame 486 end
Average processing time of GrabImageRGBD(): 10.3291ms
Frame 487 end
Average processing time of GrabImageRGBD(): 10.3251ms
Frame 488 end
Average processing time of GrabImageRGBD(): 10.3114ms
Frame 489 end
Average processing time of GrabImageRGBD(): 10.3095ms
Frame 490 end
Average processing time of GrabImageRGBD(): 10.3068ms
Frame 491 end
Average processing time of GrabImageRGBD(): 10.3522ms
Frame 492 end
Average processing time of GrabImageRGBD(): 10.3465ms
Frame 493 end
Average processing time of GrabImageRGBD(): 10.344ms
Frame 494 end
Average processing time of GrabImageRGBD(): 10.3416ms
Frame 495 end
Average processing time of GrabImageRGBD(): 10.3278ms
Frame 496 end
Average processing time of GrabImageRGBD(): 10.326ms
Frame 497 end
Average processing time of GrabImageRGBD(): 10.3128ms
Frame 498 end
Average processing time of GrabImageRGBD(): 10.3024ms
Frame 499 end
Average processing time of GrabImageRGBD(): 10.2997ms
Frame 500 end
Average processing time of GrabImageRGBD(): 10.3376ms
Frame 501 end
Average processing time of GrabImageRGBD(): 10.3396ms
Frame 502 end
Average processing time of GrabImageRGBD(): 10.328ms
Frame 503 end
Average processing time of GrabImageRGBD(): 10.3145ms
Frame 504 end
Average processing time of GrabImageRGBD(): 10.3109ms
Frame 505 end
Average processing time of GrabImageRGBD(): 10.2968ms
Frame 506 end
Average processing time of GrabImageRGBD(): 10.2889ms
Frame 507 end
Average processing time of GrabImageRGBD(): 10.283ms
Frame 508 end
Average processing time of GrabImageRGBD(): 10.2782ms
Frame 509 end
Average processing time of GrabImageRGBD(): 10.2639ms
Frame 510 end
Average processing time of GrabImageRGBD(): 10.3035ms
Frame 511 end
Average processing time of GrabImageRGBD(): 10.2934ms
Frame 512 end
Average processing time of GrabImageRGBD(): 10.2926ms
Frame 513 end
Average processing time of GrabImageRGBD(): 10.2915ms
Frame 514 end
Average processing time of GrabImageRGBD(): 10.2917ms
Frame 515 end
Average processing time of GrabImageRGBD(): 10.283ms
Frame 516 end
Average processing time of GrabImageRGBD(): 10.2781ms
Frame 517 end
Average processing time of GrabImageRGBD(): 10.2746ms
Frame 518 end
Average processing time of GrabImageRGBD(): 10.2719ms
Frame 519 end
Average processing time of GrabImageRGBD(): 10.2701ms
Frame 520 end
Average processing time of GrabImageRGBD(): 10.3136ms
Frame 521 end
Average processing time of GrabImageRGBD(): 10.3032ms
Frame 522 end
Average processing time of GrabImageRGBD(): 10.3008ms
Frame 523 end
Average processing time of GrabImageRGBD(): 10.3004ms
Frame 524 end
Average processing time of GrabImageRGBD(): 10.2969ms
Frame 525 end
Average processing time of GrabImageRGBD(): 10.2946ms
Frame 526 end
Average processing time of GrabImageRGBD(): 10.2925ms
Frame 527 end
Average processing time of GrabImageRGBD(): 10.2851ms
Frame 528 end
Average processing time of GrabImageRGBD(): 10.2807ms
Frame 529 end
Average processing time of GrabImageRGBD(): 10.2677ms
Frame 530 end
Average processing time of GrabImageRGBD(): 10.31ms
Frame 531 end
Average processing time of GrabImageRGBD(): 10.2994ms
Frame 532 end
Average processing time of GrabImageRGBD(): 10.2897ms
Frame 533 end
Average processing time of GrabImageRGBD(): 10.2879ms
Frame 534 end
Average processing time of GrabImageRGBD(): 10.2754ms
Frame 535 end
Average processing time of GrabImageRGBD(): 10.2706ms
Frame 536 end
Average processing time of GrabImageRGBD(): 10.2688ms
Frame 537 end
Average processing time of GrabImageRGBD(): 10.2657ms
Frame 538 end
Average processing time of GrabImageRGBD(): 10.2674ms
Frame 539 end
Average processing time of GrabImageRGBD(): 10.2548ms
Frame 540 end
Average processing time of GrabImageRGBD(): 10.2968ms
Frame 541 end
Average processing time of GrabImageRGBD(): 10.2874ms
Frame 542 end
Average processing time of GrabImageRGBD(): 10.2855ms
Frame 543 end
Average processing time of GrabImageRGBD(): 10.2748ms
Frame 544 end
Average processing time of GrabImageRGBD(): 10.2697ms
Frame 545 end
Average processing time of GrabImageRGBD(): 10.2639ms
Frame 546 end
Average processing time of GrabImageRGBD(): 10.2578ms
Frame 547 end
Average processing time of GrabImageRGBD(): 10.2544ms
Frame 548 end
Average processing time of GrabImageRGBD(): 10.2453ms
Frame 549 end
Average processing time of GrabImageRGBD(): 10.2417ms
Frame 550 end
Average processing time of GrabImageRGBD(): 10.2286ms
Frame 551 end
Average processing time of GrabImageRGBD(): 10.27ms
Frame 552 end
Average processing time of GrabImageRGBD(): 10.271ms
Frame 553 end
Average processing time of GrabImageRGBD(): 10.2592ms
Frame 554 end
Average processing time of GrabImageRGBD(): 10.2468ms
Frame 555 end
Average processing time of GrabImageRGBD(): 10.2365ms
Frame 556 end
Average processing time of GrabImageRGBD(): 10.2378ms
Frame 557 end
Average processing time of GrabImageRGBD(): 10.2264ms
Frame 558 end
Average processing time of GrabImageRGBD(): 10.2165ms
Frame 559 end
Average processing time of GrabImageRGBD(): 10.2045ms
Frame 560 end
Average processing time of GrabImageRGBD(): 10.193ms
Frame 561 end
Average processing time of GrabImageRGBD(): 10.1864ms
Frame 562 end
Average processing time of GrabImageRGBD(): 10.1796ms
Frame 563 end
Average processing time of GrabImageRGBD(): 10.2331ms
Frame 564 end
Average processing time of GrabImageRGBD(): 10.2335ms
Frame 565 end
Average processing time of GrabImageRGBD(): 10.2312ms
Frame 566 end
Average processing time of GrabImageRGBD(): 10.2191ms
Frame 567 end
Average processing time of GrabImageRGBD(): 10.2178ms
Frame 568 end
Average processing time of GrabImageRGBD(): 10.2066ms
Frame 569 end
Average processing time of GrabImageRGBD(): 10.2032ms
Frame 570 end
Average processing time of GrabImageRGBD(): 10.1961ms
Frame 571 end
Average processing time of GrabImageRGBD(): 10.1887ms
Frame 572 end
Average processing time of GrabImageRGBD(): 10.1771ms
Frame 573 end
Average processing time of GrabImageRGBD(): 10.1695ms
Frame 574 end
Average processing time of GrabImageRGBD(): 10.16ms
Frame 575 end
Average processing time of GrabImageRGBD(): 10.1955ms
Frame 576 end
Average processing time of GrabImageRGBD(): 10.1883ms
Frame 577 end
Average processing time of GrabImageRGBD(): 10.185ms
Frame 578 end
Average processing time of GrabImageRGBD(): 10.1798ms
Frame 579 end
Average processing time of GrabImageRGBD(): 10.1682ms
Frame 580 end
Average processing time of GrabImageRGBD(): 10.1561ms
Frame 581 end
Average processing time of GrabImageRGBD(): 10.1491ms
Frame 582 end
Average processing time of GrabImageRGBD(): 10.1368ms
Frame 583 end
Average processing time of GrabImageRGBD(): 10.1317ms
Frame 584 end
Average processing time of GrabImageRGBD(): 10.1229ms
Frame 585 end
Average processing time of GrabImageRGBD(): 10.1184ms
Frame 586 end
Average processing time of GrabImageRGBD(): 10.1113ms
Frame 587 end
Average processing time of GrabImageRGBD(): 10.1059ms
Frame 588 end
Average processing time of GrabImageRGBD(): 10.1396ms
Frame 589 end
Average processing time of GrabImageRGBD(): 10.1345ms
Frame 590 end
Average processing time of GrabImageRGBD(): 10.1248ms
Frame 591 end
Average processing time of GrabImageRGBD(): 10.1137ms
Frame 592 end
Average processing time of GrabImageRGBD(): 10.1107ms
Frame 593 end
Average processing time of GrabImageRGBD(): 10.0996ms
Frame 594 end
Average processing time of GrabImageRGBD(): 10.0966ms
Frame 595 end
Average processing time of GrabImageRGBD(): 10.0851ms
Frame 596 end
Average processing time of GrabImageRGBD(): 10.074ms
Frame 597 end
Average processing time of GrabImageRGBD(): 10.0708ms
Frame 598 end
Average processing time of GrabImageRGBD(): 10.0596ms
Frame 599 end
Average processing time of GrabImageRGBD(): 10.0544ms
Frame 600 end
Average processing time of GrabImageRGBD(): 10.0428ms
Frame 601 end
Average processing time of GrabImageRGBD(): 10.0774ms
Frame 602 end
Average processing time of GrabImageRGBD(): 10.0761ms
Frame 603 end
Average processing time of GrabImageRGBD(): 10.0649ms
Frame 604 end
Average processing time of GrabImageRGBD(): 10.0578ms
Frame 605 end
Average processing time of GrabImageRGBD(): 10.0474ms
Frame 606 end
Average processing time of GrabImageRGBD(): 10.04ms
Frame 607 end
Average processing time of GrabImageRGBD(): 10.0311ms
Frame 608 end
Average processing time of GrabImageRGBD(): 10.0249ms
Frame 609 end
Average processing time of GrabImageRGBD(): 10.0142ms
Frame 610 end
Average processing time of GrabImageRGBD(): 10.007ms
Frame 611 end
Average processing time of GrabImageRGBD(): 10.0001ms
Frame 612 end
Average processing time of GrabImageRGBD(): 9.98849ms
Frame 613 end
Average processing time of GrabImageRGBD(): 9.97684ms
Frame 614 end
Average processing time of GrabImageRGBD(): 10.0207ms
Frame 615 end
Average processing time of GrabImageRGBD(): 10.0184ms
Frame 616 end
Average processing time of GrabImageRGBD(): 10.0075ms
Frame 617 end
Average processing time of GrabImageRGBD(): 9.99716ms
Frame 618 end
Average processing time of GrabImageRGBD(): 9.99157ms
Frame 619 end
Average processing time of GrabImageRGBD(): 9.98154ms
Frame 620 end
Average processing time of GrabImageRGBD(): 9.97169ms
Frame 621 end
Average processing time of GrabImageRGBD(): 9.96085ms
Frame 622 end
Average processing time of GrabImageRGBD(): 9.95449ms
Frame 623 end
Average processing time of GrabImageRGBD(): 9.94761ms
Frame 624 end
Average processing time of GrabImageRGBD(): 9.97552ms
Frame 625 end
Average processing time of GrabImageRGBD(): 9.9664ms
Frame 626 end
Average processing time of GrabImageRGBD(): 9.96275ms
Frame 627 end
Average processing time of GrabImageRGBD(): 9.95921ms
Frame 628 end
Average processing time of GrabImageRGBD(): 9.94987ms
Frame 629 end
Average processing time of GrabImageRGBD(): 9.94089ms
Frame 630 end
Average processing time of GrabImageRGBD(): 9.9369ms
Frame 631 end
Average processing time of GrabImageRGBD(): 9.92777ms
Frame 632 end
Average processing time of GrabImageRGBD(): 9.91956ms
Frame 633 end
Average processing time of GrabImageRGBD(): 9.91386ms
Frame 634 end
Average processing time of GrabImageRGBD(): 9.90327ms
Frame 635 end
Average processing time of GrabImageRGBD(): 9.93532ms
Frame 636 end
Average processing time of GrabImageRGBD(): 9.93358ms
Frame 637 end
Average processing time of GrabImageRGBD(): 9.93013ms
Frame 638 end
Average processing time of GrabImageRGBD(): 9.92002ms
Frame 639 end
Average processing time of GrabImageRGBD(): 9.91577ms
Frame 640 end
Average processing time of GrabImageRGBD(): 9.90589ms
Frame 641 end
Average processing time of GrabImageRGBD(): 9.89581ms
Frame 642 end
Average processing time of GrabImageRGBD(): 9.8857ms
Frame 643 end
Average processing time of GrabImageRGBD(): 9.88164ms
Frame 644 end
Average processing time of GrabImageRGBD(): 9.87657ms
Frame 645 end
Average processing time of GrabImageRGBD(): 9.9051ms
Frame 646 end
Average processing time of GrabImageRGBD(): 9.90498ms
Frame 647 end
Average processing time of GrabImageRGBD(): 9.89533ms
Frame 648 end
Average processing time of GrabImageRGBD(): 9.8919ms
Frame 649 end
Average processing time of GrabImageRGBD(): 9.88815ms
Frame 650 end
Average processing time of GrabImageRGBD(): 9.88433ms
Frame 651 end
Average processing time of GrabImageRGBD(): 9.88064ms
Frame 652 end
Average processing time of GrabImageRGBD(): 9.87699ms
Frame 653 end
Average processing time of GrabImageRGBD(): 9.86846ms
Frame 654 end
Average processing time of GrabImageRGBD(): 9.85859ms
Frame 655 end
Average processing time of GrabImageRGBD(): 9.84947ms
Frame 656 end
Average processing time of GrabImageRGBD(): 9.87977ms
Frame 657 end
Average processing time of GrabImageRGBD(): 9.87967ms
Frame 658 end
Average processing time of GrabImageRGBD(): 9.87771ms
Frame 659 end
Average processing time of GrabImageRGBD(): 9.87016ms
Frame 660 end
Average processing time of GrabImageRGBD(): 9.86872ms
Frame 661 end
Average processing time of GrabImageRGBD(): 9.8656ms
Frame 662 end
Average processing time of GrabImageRGBD(): 9.86439ms
Frame 663 end
Average processing time of GrabImageRGBD(): 9.86096ms
Frame 664 end
Average processing time of GrabImageRGBD(): 9.85108ms
Frame 665 end
Average processing time of GrabImageRGBD(): 9.84131ms
Frame 666 end
Average processing time of GrabImageRGBD(): 9.8753ms
Frame 667 end
Average processing time of GrabImageRGBD(): 9.87345ms
Frame 668 end
Average processing time of GrabImageRGBD(): 9.86265ms
Frame 669 end
Average processing time of GrabImageRGBD(): 9.85616ms
Frame 670 end
Average processing time of GrabImageRGBD(): 9.84958ms
Frame 671 end
Average processing time of GrabImageRGBD(): 9.84111ms
Frame 672 end
Average processing time of GrabImageRGBD(): 9.83558ms
Frame 673 end
Average processing time of GrabImageRGBD(): 9.82526ms
Frame 674 end
Average processing time of GrabImageRGBD(): 9.81664ms
Frame 675 end
Average processing time of GrabImageRGBD(): 9.81115ms
Frame 676 end
Average processing time of GrabImageRGBD(): 9.80467ms
Frame 677 end
Average processing time of GrabImageRGBD(): 9.83626ms
Frame 678 end
Average processing time of GrabImageRGBD(): 9.8369ms
Frame 679 end
Average processing time of GrabImageRGBD(): 9.83482ms
Frame 680 end
Average processing time of GrabImageRGBD(): 9.8362ms
Frame 681 end
Average processing time of GrabImageRGBD(): 9.83535ms
Frame 682 end
Average processing time of GrabImageRGBD(): 9.82649ms
Frame 683 end
Average processing time of GrabImageRGBD(): 9.82421ms
Frame 684 end
Average processing time of GrabImageRGBD(): 9.82193ms
Frame 685 end
Average processing time of GrabImageRGBD(): 9.8511ms
Frame 686 end
Average processing time of GrabImageRGBD(): 9.85316ms
Frame 687 end
Average processing time of GrabImageRGBD(): 9.84424ms
Frame 688 end
Average processing time of GrabImageRGBD(): 9.83433ms
Frame 689 end
Average processing time of GrabImageRGBD(): 9.82481ms
Frame 690 end
Average processing time of GrabImageRGBD(): 9.81924ms
Frame 691 end
Average processing time of GrabImageRGBD(): 9.8112ms
Frame 692 end
Average processing time of GrabImageRGBD(): 9.80542ms
Frame 693 end
Average processing time of GrabImageRGBD(): 9.79935ms
Frame 694 end
Average processing time of GrabImageRGBD(): 9.79078ms
Frame 695 end
Average processing time of GrabImageRGBD(): 9.78533ms
Frame 696 end
Average processing time of GrabImageRGBD(): 9.81286ms
Frame 697 end
Average processing time of GrabImageRGBD(): 9.80575ms
Frame 698 end
Average processing time of GrabImageRGBD(): 9.79711ms
Frame 699 end
Average processing time of GrabImageRGBD(): 9.79615ms
Frame 700 end
Average processing time of GrabImageRGBD(): 9.78991ms
Frame 701 end
Average processing time of GrabImageRGBD(): 9.78667ms
Frame 702 end
Average processing time of GrabImageRGBD(): 9.77753ms
Frame 703 end
Average processing time of GrabImageRGBD(): 9.77654ms
Frame 704 end
Average processing time of GrabImageRGBD(): 9.7705ms
Frame 705 end
Average processing time of GrabImageRGBD(): 9.76094ms
Frame 706 end
Average processing time of GrabImageRGBD(): 9.75163ms
Frame 707 end
Average processing time of GrabImageRGBD(): 9.78027ms
Frame 708 end
Average processing time of GrabImageRGBD(): 9.77612ms
Frame 709 end
Average processing time of GrabImageRGBD(): 9.7682ms
Frame 710 end
Average processing time of GrabImageRGBD(): 9.76226ms
Frame 711 end
Average processing time of GrabImageRGBD(): 9.75403ms
Frame 712 end
Average processing time of GrabImageRGBD(): 9.74718ms
Frame 713 end
Average processing time of GrabImageRGBD(): 9.74434ms
Frame 714 end
Average processing time of GrabImageRGBD(): 9.74181ms
Frame 715 end
Average processing time of GrabImageRGBD(): 9.73599ms
Frame 716 end
Average processing time of GrabImageRGBD(): 9.73421ms
Frame 717 end
Average processing time of GrabImageRGBD(): 9.72644ms
Frame 718 end
Average processing time of GrabImageRGBD(): 9.72016ms
Frame 719 end
Average processing time of GrabImageRGBD(): 9.74837ms
Frame 720 end
Average processing time of GrabImageRGBD(): 9.74115ms
Frame 721 end
Average processing time of GrabImageRGBD(): 9.73199ms
Frame 722 end
Average processing time of GrabImageRGBD(): 9.72498ms
Frame 723 end
Average processing time of GrabImageRGBD(): 9.72098ms
Frame 724 end
Average processing time of GrabImageRGBD(): 9.71473ms
Frame 725 end
Average processing time of GrabImageRGBD(): 9.70603ms
Frame 726 end
Average processing time of GrabImageRGBD(): 9.70044ms
Frame 727 end
Average processing time of GrabImageRGBD(): 9.69837ms
Frame 728 end
Average processing time of GrabImageRGBD(): 9.69199ms
Frame 729 end
Average processing time of GrabImageRGBD(): 9.68802ms
Frame 730 end
Average processing time of GrabImageRGBD(): 9.67991ms
Frame 731 end
Average processing time of GrabImageRGBD(): 9.7059ms
Frame 732 end
Average processing time of GrabImageRGBD(): 9.70272ms
Frame 733 end
Average processing time of GrabImageRGBD(): 9.70069ms
Frame 734 end
Average processing time of GrabImageRGBD(): 9.69477ms
Frame 735 end
Average processing time of GrabImageRGBD(): 9.69094ms
Frame 736 end
Average processing time of GrabImageRGBD(): 9.68267ms
Frame 737 end
Average processing time of GrabImageRGBD(): 9.68092ms
Frame 738 end
Average processing time of GrabImageRGBD(): 9.67771ms
Frame 739 end
Average processing time of GrabImageRGBD(): 9.67137ms
Frame 740 end
Average processing time of GrabImageRGBD(): 9.66614ms
Frame 741 end
Average processing time of GrabImageRGBD(): 9.66311ms
Frame 742 end
Average processing time of GrabImageRGBD(): 9.65419ms
Frame 743 end
Average processing time of GrabImageRGBD(): 9.65003ms
Frame 744 end
Average processing time of GrabImageRGBD(): 9.67526ms
Frame 745 end
Average processing time of GrabImageRGBD(): 9.67707ms
Frame 746 end
Average processing time of GrabImageRGBD(): 9.66895ms
Frame 747 end
Average processing time of GrabImageRGBD(): 9.66649ms
Frame 748 end
Average processing time of GrabImageRGBD(): 9.66588ms
Frame 749 end
Average processing time of GrabImageRGBD(): 9.66229ms
Frame 750 end
Average processing time of GrabImageRGBD(): 9.65822ms
Frame 751 end
Average processing time of GrabImageRGBD(): 9.65325ms
Frame 752 end
Average processing time of GrabImageRGBD(): 9.64442ms
Frame 753 end
Average processing time of GrabImageRGBD(): 9.67806ms
Frame 754 end
Average processing time of GrabImageRGBD(): 9.67766ms
Frame 755 end
Average processing time of GrabImageRGBD(): 9.67177ms
Frame 756 end
Average processing time of GrabImageRGBD(): 9.66415ms
Frame 757 end
Average processing time of GrabImageRGBD(): 9.69194ms
Frame 758 end
Average processing time of GrabImageRGBD(): 9.68922ms
Frame 759 end
Average processing time of GrabImageRGBD(): 9.68139ms
Frame 760 end
Average processing time of GrabImageRGBD(): 9.67545ms
Frame 761 end
Average processing time of GrabImageRGBD(): 9.66688ms
Frame 762 end
Average processing time of GrabImageRGBD(): 9.69663ms
Frame 763 end
Average processing time of GrabImageRGBD(): 9.69106ms
Frame 764 end
Average processing time of GrabImageRGBD(): 9.689ms
Frame 765 end
Average processing time of GrabImageRGBD(): 9.68639ms
Frame 766 end
Average processing time of GrabImageRGBD(): 9.68352ms
Frame 767 end
Average processing time of GrabImageRGBD(): 9.71236ms
Frame 768 end
Average processing time of GrabImageRGBD(): 9.71347ms
Frame 769 end
Average processing time of GrabImageRGBD(): 9.70656ms
Frame 770 end
Average processing time of GrabImageRGBD(): 9.70303ms
Frame 771 end
Average processing time of GrabImageRGBD(): 9.69446ms
Frame 772 end
Average processing time of GrabImageRGBD(): 9.69131ms
Frame 773 end
Average processing time of GrabImageRGBD(): 9.69364ms
Frame 774 end
Average processing time of GrabImageRGBD(): 9.72232ms
Frame 775 end
Average processing time of GrabImageRGBD(): 9.72301ms
Frame 776 end
Average processing time of GrabImageRGBD(): 9.72342ms
Frame 777 end
Average processing time of GrabImageRGBD(): 9.75996ms
Frame 778 end
Average processing time of GrabImageRGBD(): 9.76618ms
Frame 779 end
Average processing time of GrabImageRGBD(): 9.75876ms
Frame 780 end
Average processing time of GrabImageRGBD(): 9.78747ms
Frame 781 end
Average processing time of GrabImageRGBD(): 9.82595ms
Frame 782 end
Average processing time of GrabImageRGBD(): 9.81973ms
Frame 783 end
Average processing time of GrabImageRGBD(): 9.81342ms
Frame 784 end
Average processing time of GrabImageRGBD(): 9.80623ms
Frame 785 end
Average processing time of GrabImageRGBD(): 9.79783ms
Frame 786 end
Average processing time of GrabImageRGBD(): 9.79089ms
Frame 787 end
Average processing time of GrabImageRGBD(): 9.78844ms
Frame 788 end
Average processing time of GrabImageRGBD(): 9.78352ms
Frame 789 end
Average processing time of GrabImageRGBD(): 9.78213ms
Frame 790 end
Average processing time of GrabImageRGBD(): 9.77501ms
Frame 791 end
Average processing time of GrabImageRGBD(): 9.77156ms
Frame 792 end
Average processing time of GrabImageRGBD(): 9.76355ms
Frame 793 end
Average processing time of GrabImageRGBD(): 9.75963ms
Frame 794 end
Average processing time of GrabImageRGBD(): 9.75122ms
Frame 795 end
Average processing time of GrabImageRGBD(): 9.78033ms
Frame 796 end
Average processing time of GrabImageRGBD(): 9.78054ms
Frame 797 end
Average processing time of GrabImageRGBD(): 9.77249ms
Frame 798 end
Average processing time of GrabImageRGBD(): 9.76643ms
Frame 799 end
Average processing time of GrabImageRGBD(): 9.75858ms
Frame 800 end
Average processing time of GrabImageRGBD(): 9.79939ms
Frame 801 end
Average processing time of GrabImageRGBD(): 9.80477ms
Frame 802 end
Average processing time of GrabImageRGBD(): 9.79826ms
Frame 803 end
Average processing time of GrabImageRGBD(): 9.79083ms
Frame 804 end
Average processing time of GrabImageRGBD(): 9.78528ms
Frame 805 end
Average processing time of GrabImageRGBD(): 9.77706ms
Frame 806 end
Average processing time of GrabImageRGBD(): 9.77162ms
Frame 807 end
Average processing time of GrabImageRGBD(): 9.76572ms
Frame 808 end
Average processing time of GrabImageRGBD(): 9.75735ms
Frame 809 end
Average processing time of GrabImageRGBD(): 9.74941ms
Frame 810 end
Average processing time of GrabImageRGBD(): 9.74328ms
Frame 811 end
Average processing time of GrabImageRGBD(): 9.76838ms
Frame 812 end
Average processing time of GrabImageRGBD(): 9.77091ms
Frame 813 end
Average processing time of GrabImageRGBD(): 9.76271ms
Frame 814 end
Average processing time of GrabImageRGBD(): 9.75689ms
Frame 815 end
Average processing time of GrabImageRGBD(): 9.7506ms
Frame 816 end
Average processing time of GrabImageRGBD(): 9.74554ms
Frame 817 end
Average processing time of GrabImageRGBD(): 9.7409ms
Frame 818 end
Average processing time of GrabImageRGBD(): 9.73264ms
Frame 819 end
Average processing time of GrabImageRGBD(): 9.72447ms
Frame 820 end
Average processing time of GrabImageRGBD(): 9.71709ms
Frame 821 end
Average processing time of GrabImageRGBD(): 9.70914ms
Frame 822 end
Average processing time of GrabImageRGBD(): 9.70423ms
Frame 823 end
Average processing time of GrabImageRGBD(): 9.69916ms
Frame 824 end
Average processing time of GrabImageRGBD(): 9.69379ms
Frame 825 end
Average processing time of GrabImageRGBD(): 9.71696ms
Frame 826 end
Average processing time of GrabImageRGBD(): 9.71625ms
Frame 827 end
Average processing time of GrabImageRGBD(): 9.7143ms
Frame 828 end
Average processing time of GrabImageRGBD(): 9.70738ms
Frame 829 end
Average processing time of GrabImageRGBD(): 9.70059ms
Frame 830 end
Average processing time of GrabImageRGBD(): 9.69266ms
Frame 831 end
Average processing time of GrabImageRGBD(): 9.68966ms
Frame 832 end
Average processing time of GrabImageRGBD(): 9.68705ms
Frame 833 end
Average processing time of GrabImageRGBD(): 9.67921ms
Frame 834 end
Average processing time of GrabImageRGBD(): 9.67723ms
Frame 835 end
Average processing time of GrabImageRGBD(): 9.6739ms
Frame 836 end
Average processing time of GrabImageRGBD(): 9.66867ms
Frame 837 end
Average processing time of GrabImageRGBD(): 9.69467ms
Frame 838 end
Average processing time of GrabImageRGBD(): 9.69179ms
Frame 839 end
Average processing time of GrabImageRGBD(): 9.68602ms
Frame 840 end
Average processing time of GrabImageRGBD(): 9.67826ms
Frame 841 end
Average processing time of GrabImageRGBD(): 9.67092ms
Frame 842 end
Average processing time of GrabImageRGBD(): 9.66828ms
Frame 843 end
Average processing time of GrabImageRGBD(): 9.66516ms
Frame 844 end
Average processing time of GrabImageRGBD(): 9.65731ms
Frame 845 end
Average processing time of GrabImageRGBD(): 9.64956ms
Frame 846 end
Average processing time of GrabImageRGBD(): 9.64188ms
Frame 847 end
Average processing time of GrabImageRGBD(): 9.63965ms
Frame 848 end
Average processing time of GrabImageRGBD(): 9.63549ms
Frame 849 end
Average processing time of GrabImageRGBD(): 9.65794ms
Frame 850 end
Average processing time of GrabImageRGBD(): 9.6588ms
Frame 851 end
Average processing time of GrabImageRGBD(): 9.65164ms
Frame 852 end
Average processing time of GrabImageRGBD(): 9.65041ms
Frame 853 end
Average processing time of GrabImageRGBD(): 9.64958ms
Frame 854 end
Average processing time of GrabImageRGBD(): 9.64829ms
Frame 855 end
Average processing time of GrabImageRGBD(): 9.64206ms
Frame 856 end
Average processing time of GrabImageRGBD(): 9.64087ms
Frame 857 end
Average processing time of GrabImageRGBD(): 9.63963ms
Frame 858 end
Average processing time of GrabImageRGBD(): 9.63203ms
Frame 859 end
Average processing time of GrabImageRGBD(): 9.62607ms
Frame 860 end
Average processing time of GrabImageRGBD(): 9.62051ms
Frame 861 end
Average processing time of GrabImageRGBD(): 9.64539ms
Frame 862 end
Average processing time of GrabImageRGBD(): 9.64472ms
Frame 863 end
Average processing time of GrabImageRGBD(): 9.64247ms
Frame 864 end
Average processing time of GrabImageRGBD(): 9.63504ms
Frame 865 end
Average processing time of GrabImageRGBD(): 9.63063ms
Frame 866 end
Average processing time of GrabImageRGBD(): 9.62639ms
Frame 867 end
Average processing time of GrabImageRGBD(): 9.62184ms
Frame 868 end
Average processing time of GrabImageRGBD(): 9.61773ms
Frame 869 end
Average processing time of GrabImageRGBD(): 9.61067ms
Frame 870 end
Average processing time of GrabImageRGBD(): 9.60663ms
Frame 871 end
Average processing time of GrabImageRGBD(): 9.60063ms
Frame 872 end
Average processing time of GrabImageRGBD(): 9.59619ms
Frame 873 end
Average processing time of GrabImageRGBD(): 9.59083ms
Frame 874 end
Average processing time of GrabImageRGBD(): 9.61518ms
Frame 875 end
Average processing time of GrabImageRGBD(): 9.61558ms
Frame 876 end
Average processing time of GrabImageRGBD(): 9.60856ms
Frame 877 end
Average processing time of GrabImageRGBD(): 9.60643ms
Frame 878 end
Average processing time of GrabImageRGBD(): 9.59897ms
Frame 879 end
Average processing time of GrabImageRGBD(): 9.59187ms
Frame 880 end
Average processing time of GrabImageRGBD(): 9.58459ms
Frame 881 end
Average processing time of GrabImageRGBD(): 9.5783ms
Frame 882 end
Average processing time of GrabImageRGBD(): 9.57147ms
Frame 883 end
Average processing time of GrabImageRGBD(): 9.60682ms
Frame 884 end
Average processing time of GrabImageRGBD(): 9.6057ms
Frame 885 end
Average processing time of GrabImageRGBD(): 9.63217ms
Frame 886 end
Average processing time of GrabImageRGBD(): 9.62685ms
Frame 887 end
Average processing time of GrabImageRGBD(): 9.622ms
Frame 888 end
Average processing time of GrabImageRGBD(): 9.61928ms
Frame 889 end
Average processing time of GrabImageRGBD(): 9.61815ms
Frame 890 end
Average processing time of GrabImageRGBD(): 9.61496ms
Frame 891 end
Average processing time of GrabImageRGBD(): 9.60882ms
Frame 892 end
Average processing time of GrabImageRGBD(): 9.60508ms
Frame 893 end
Average processing time of GrabImageRGBD(): 9.59901ms
Frame 894 end
Average processing time of GrabImageRGBD(): 9.62488ms
Frame 895 end
Average processing time of GrabImageRGBD(): 9.6203ms
Frame 896 end
Average processing time of GrabImageRGBD(): 9.61317ms
Frame 897 end
Average processing time of GrabImageRGBD(): 9.60913ms
Frame 898 end
Average processing time of GrabImageRGBD(): 9.60696ms
Frame 899 end
Average processing time of GrabImageRGBD(): 9.60395ms
Frame 900 end
Average processing time of GrabImageRGBD(): 9.6019ms
Frame 901 end
Average processing time of GrabImageRGBD(): 9.59561ms
Frame 902 end
Average processing time of GrabImageRGBD(): 9.59247ms
Frame 903 end
Average processing time of GrabImageRGBD(): 9.6228ms
Frame 904 end
Average processing time of GrabImageRGBD(): 9.6509ms
Frame 905 end
Average processing time of GrabImageRGBD(): 9.64992ms
Frame 906 end
Average processing time of GrabImageRGBD(): 9.64681ms
Frame 907 end
Average processing time of GrabImageRGBD(): 9.64363ms
Frame 908 end
Average processing time of GrabImageRGBD(): 9.64057ms
Frame 909 end
Average processing time of GrabImageRGBD(): 9.63774ms
Frame 910 end
Average processing time of GrabImageRGBD(): 9.63459ms
Frame 911 end
Average processing time of GrabImageRGBD(): 9.63114ms
Frame 912 end
Average processing time of GrabImageRGBD(): 9.62776ms
Frame 913 end
Average processing time of GrabImageRGBD(): 9.65408ms
Frame 914 end
Average processing time of GrabImageRGBD(): 9.65163ms
Frame 915 end
Average processing time of GrabImageRGBD(): 9.64793ms
Frame 916 end
Average processing time of GrabImageRGBD(): 9.64388ms
Frame 917 end
Average processing time of GrabImageRGBD(): 9.6386ms
Frame 918 end
Average processing time of GrabImageRGBD(): 9.63215ms
Frame 919 end
Average processing time of GrabImageRGBD(): 9.62484ms
Frame 920 end
Average processing time of GrabImageRGBD(): 9.61911ms
Frame 921 end
Average processing time of GrabImageRGBD(): 9.61487ms
Frame 922 end
Average processing time of GrabImageRGBD(): 9.61095ms
Frame 923 end
Average processing time of GrabImageRGBD(): 9.60646ms
Frame 924 end
Average processing time of GrabImageRGBD(): 9.60137ms
Frame 925 end
Average processing time of GrabImageRGBD(): 9.59471ms
Frame 926 end
Average processing time of GrabImageRGBD(): 9.58746ms
Frame 927 end
Average processing time of GrabImageRGBD(): 9.5827ms
Frame 928 end
Average processing time of GrabImageRGBD(): 9.57544ms
Frame 929 end
Average processing time of GrabImageRGBD(): 9.57014ms
Frame 930 end
Average processing time of GrabImageRGBD(): 9.5921ms
Frame 931 end
Average processing time of GrabImageRGBD(): 9.58655ms
Frame 932 end
Average processing time of GrabImageRGBD(): 9.58365ms
Frame 933 end
Average processing time of GrabImageRGBD(): 9.5785ms
Frame 934 end
Average processing time of GrabImageRGBD(): 9.57192ms
Frame 935 end
Average processing time of GrabImageRGBD(): 9.56851ms
Frame 936 end
Average processing time of GrabImageRGBD(): 9.5618ms
Frame 937 end
Average processing time of GrabImageRGBD(): 9.55516ms
Frame 938 end
Average processing time of GrabImageRGBD(): 9.55188ms
Frame 939 end
Average processing time of GrabImageRGBD(): 9.54614ms
Frame 940 end
Average processing time of GrabImageRGBD(): 9.54233ms
Frame 941 end
Average processing time of GrabImageRGBD(): 9.53819ms
Frame 942 end
Average processing time of GrabImageRGBD(): 9.53428ms
Frame 943 end
Average processing time of GrabImageRGBD(): 9.53032ms
Frame 944 end
Average processing time of GrabImageRGBD(): 9.52575ms
Frame 945 end
Average processing time of GrabImageRGBD(): 9.5189ms
Frame 946 end
Average processing time of GrabImageRGBD(): 9.51294ms
Frame 947 end
Average processing time of GrabImageRGBD(): 9.53479ms
Frame 948 end
Average processing time of GrabImageRGBD(): 9.52954ms
Frame 949 end
Average processing time of GrabImageRGBD(): 9.52305ms
Frame 950 end
Average processing time of GrabImageRGBD(): 9.5165ms
Frame 951 end
Average processing time of GrabImageRGBD(): 9.51397ms
Frame 952 end
Average processing time of GrabImageRGBD(): 9.50728ms
Frame 953 end
Average processing time of GrabImageRGBD(): 9.50415ms
Frame 954 end
Average processing time of GrabImageRGBD(): 9.50138ms
Frame 955 end
Average processing time of GrabImageRGBD(): 9.49484ms
Frame 956 end
Average processing time of GrabImageRGBD(): 9.48811ms
Frame 957 end
Average processing time of GrabImageRGBD(): 9.48133ms
Frame 958 end
Average processing time of GrabImageRGBD(): 9.47788ms
Frame 959 end
Average processing time of GrabImageRGBD(): 9.47275ms
Frame 960 end
Average processing time of GrabImageRGBD(): 9.46618ms
Frame 961 end
Average processing time of GrabImageRGBD(): 9.45981ms
Frame 962 end
Average processing time of GrabImageRGBD(): 9.45643ms
Frame 963 end
Average processing time of GrabImageRGBD(): 9.4521ms
Frame 964 end
Average processing time of GrabImageRGBD(): 9.47508ms
Frame 965 end
Average processing time of GrabImageRGBD(): 9.47535ms
Frame 966 end
Average processing time of GrabImageRGBD(): 9.47013ms
Frame 967 end
Average processing time of GrabImageRGBD(): 9.46595ms
Frame 968 end
Average processing time of GrabImageRGBD(): 9.45928ms
Frame 969 end
Average processing time of GrabImageRGBD(): 9.45731ms
Frame 970 end
Average processing time of GrabImageRGBD(): 9.4554ms
Frame 971 end
Average processing time of GrabImageRGBD(): 9.44944ms
Frame 972 end
Average processing time of GrabImageRGBD(): 9.44734ms
Frame 973 end
Average processing time of GrabImageRGBD(): 9.44286ms
Frame 974 end
Average processing time of GrabImageRGBD(): 9.43656ms
Frame 975 end
Average processing time of GrabImageRGBD(): 9.43122ms
Frame 976 end
Average processing time of GrabImageRGBD(): 9.42549ms
Frame 977 end
Average processing time of GrabImageRGBD(): 9.4193ms
Frame 978 end
Average processing time of GrabImageRGBD(): 9.41653ms
Frame 979 end
Average processing time of GrabImageRGBD(): 9.41024ms
Frame 980 end
Average processing time of GrabImageRGBD(): 9.4336ms
Frame 981 end
Average processing time of GrabImageRGBD(): 9.4339ms
Frame 982 end
Average processing time of GrabImageRGBD(): 9.42895ms
Frame 983 end
Average processing time of GrabImageRGBD(): 9.42304ms
Frame 984 end
Average processing time of GrabImageRGBD(): 9.41881ms
Frame 985 end
Average processing time of GrabImageRGBD(): 9.41685ms
Frame 986 end
Average processing time of GrabImageRGBD(): 9.41104ms
Frame 987 end
Average processing time of GrabImageRGBD(): 9.40799ms
Frame 988 end
Average processing time of GrabImageRGBD(): 9.40623ms
Frame 989 end
Average processing time of GrabImageRGBD(): 9.40363ms
Frame 990 end
Average processing time of GrabImageRGBD(): 9.39765ms
Frame 991 end
Average processing time of GrabImageRGBD(): 9.42173ms
Frame 992 end
Average processing time of GrabImageRGBD(): 9.45423ms
Frame 993 end
Average processing time of GrabImageRGBD(): 9.48188ms
Frame 994 end
Average processing time of GrabImageRGBD(): 9.51508ms
Frame 995 end
Average processing time of GrabImageRGBD(): 9.54258ms
Frame 996 end
Average processing time of GrabImageRGBD(): 9.54382ms
Frame 997 end
Average processing time of GrabImageRGBD(): 9.54347ms
Frame 998 end
Average processing time of GrabImageRGBD(): 9.53741ms
Frame 999 end
Average processing time of GrabImageRGBD(): 9.53407ms
Frame 1000 end
Average processing time of GrabImageRGBD(): 9.53673ms
Frame 1001 end
Average processing time of GrabImageRGBD(): 9.53054ms
Frame 1002 end
Average processing time of GrabImageRGBD(): 9.55636ms
Frame 1003 end
Average processing time of GrabImageRGBD(): 9.55841ms
Frame 1004 end
Average processing time of GrabImageRGBD(): 9.55198ms
Frame 1005 end
Average processing time of GrabImageRGBD(): 9.5739ms
Frame 1006 end
Average processing time of GrabImageRGBD(): 9.60063ms
Frame 1007 end
Average processing time of GrabImageRGBD(): 9.60158ms
Frame 1008 end
Average processing time of GrabImageRGBD(): 9.60128ms
Frame 1009 end
Average processing time of GrabImageRGBD(): 9.60065ms
Frame 1010 end
Average processing time of GrabImageRGBD(): 9.59984ms
Frame 1011 end
Average processing time of GrabImageRGBD(): 9.59392ms
Frame 1012 end
Average processing time of GrabImageRGBD(): 9.58783ms
Frame 1013 end
Average processing time of GrabImageRGBD(): 9.58396ms
Frame 1014 end
Average processing time of GrabImageRGBD(): 9.5797ms
Frame 1015 end
Average processing time of GrabImageRGBD(): 9.57639ms
Frame 1016 end
Average processing time of GrabImageRGBD(): 9.56988ms
Frame 1017 end
Average processing time of GrabImageRGBD(): 9.56528ms
Frame 1018 end
Average processing time of GrabImageRGBD(): 9.56241ms
Frame 1019 end
Average processing time of GrabImageRGBD(): 9.55988ms
Frame 1020 end
Average processing time of GrabImageRGBD(): 9.55668ms
Frame 1021 end
Average processing time of GrabImageRGBD(): 9.55097ms
Frame 1022 end
Average processing time of GrabImageRGBD(): 9.57215ms
Frame 1023 end
Average processing time of GrabImageRGBD(): 9.5681ms
Frame 1024 end
Average processing time of GrabImageRGBD(): 9.56607ms
Frame 1025 end
Average processing time of GrabImageRGBD(): 9.58774ms
Frame 1026 end
Average processing time of GrabImageRGBD(): 9.58471ms
Frame 1027 end
Average processing time of GrabImageRGBD(): 9.57898ms
Frame 1028 end
Average processing time of GrabImageRGBD(): 9.5737ms
Frame 1029 end
Average processing time of GrabImageRGBD(): 9.5698ms
Frame 1030 end
Average processing time of GrabImageRGBD(): 9.59656ms
Frame 1031 end
Average processing time of GrabImageRGBD(): 9.59392ms
Frame 1032 end
Average processing time of GrabImageRGBD(): 9.59157ms
Frame 1033 end
Average processing time of GrabImageRGBD(): 9.58488ms
Frame 1034 end
Average processing time of GrabImageRGBD(): 9.58145ms
Frame 1035 end
Average processing time of GrabImageRGBD(): 9.57549ms
Frame 1036 end
Average processing time of GrabImageRGBD(): 9.57089ms
Frame 1037 end
Average processing time of GrabImageRGBD(): 9.5646ms
Frame 1038 end
Average processing time of GrabImageRGBD(): 9.56047ms
Frame 1039 end
Average processing time of GrabImageRGBD(): 9.55662ms
Frame 1040 end
Average processing time of GrabImageRGBD(): 9.55273ms
Frame 1041 end
Average processing time of GrabImageRGBD(): 9.54702ms
Frame 1042 end
Average processing time of GrabImageRGBD(): 9.54218ms
Frame 1043 end
Average processing time of GrabImageRGBD(): 9.56212ms
Frame 1044 end
Average processing time of GrabImageRGBD(): 9.56152ms
Frame 1045 end
Average processing time of GrabImageRGBD(): 9.5563ms
Frame 1046 end
Average processing time of GrabImageRGBD(): 9.55354ms
Frame 1047 end
Average processing time of GrabImageRGBD(): 9.55075ms
Frame 1048 end
Average processing time of GrabImageRGBD(): 9.54537ms
Frame 1049 end
Average processing time of GrabImageRGBD(): 9.54117ms
Frame 1050 end
Average processing time of GrabImageRGBD(): 9.53456ms
Frame 1051 end
Average processing time of GrabImageRGBD(): 9.52967ms
Frame 1052 end
Average processing time of GrabImageRGBD(): 9.52564ms
Frame 1053 end
Average processing time of GrabImageRGBD(): 9.5224ms
Frame 1054 end
Average processing time of GrabImageRGBD(): 9.51653ms
Frame 1055 end
Average processing time of GrabImageRGBD(): 9.51331ms
Frame 1056 end
Average processing time of GrabImageRGBD(): 9.50854ms
Frame 1057 end
Average processing time of GrabImageRGBD(): 9.50403ms
Frame 1058 end
Average processing time of GrabImageRGBD(): 9.49834ms
Frame 1059 end
Average processing time of GrabImageRGBD(): 9.51765ms
Frame 1060 end
Average processing time of GrabImageRGBD(): 9.51349ms
Frame 1061 end
Average processing time of GrabImageRGBD(): 9.50785ms
Frame 1062 end
Average processing time of GrabImageRGBD(): 9.50385ms
Frame 1063 end
Average processing time of GrabImageRGBD(): 9.49959ms
Frame 1064 end
Average processing time of GrabImageRGBD(): 9.49391ms
Frame 1065 end
Average processing time of GrabImageRGBD(): 9.48854ms
Frame 1066 end
Average processing time of GrabImageRGBD(): 9.48507ms
Frame 1067 end
Average processing time of GrabImageRGBD(): 9.47918ms
Frame 1068 end
Average processing time of GrabImageRGBD(): 9.47625ms
Frame 1069 end
Average processing time of GrabImageRGBD(): 9.47058ms
Frame 1070 end
Average processing time of GrabImageRGBD(): 9.46611ms
Frame 1071 end
Average processing time of GrabImageRGBD(): 9.46294ms
Frame 1072 end
Average processing time of GrabImageRGBD(): 9.45912ms
Frame 1073 end
Average processing time of GrabImageRGBD(): 9.45667ms
Frame 1074 end
Average processing time of GrabImageRGBD(): 9.45421ms
Frame 1075 end
Average processing time of GrabImageRGBD(): 9.47228ms
Frame 1076 end
Average processing time of GrabImageRGBD(): 9.47161ms
Frame 1077 end
Average processing time of GrabImageRGBD(): 9.46572ms
Frame 1078 end
Average processing time of GrabImageRGBD(): 9.4631ms
Frame 1079 end
Average processing time of GrabImageRGBD(): 9.46044ms
Frame 1080 end
Average processing time of GrabImageRGBD(): 9.45606ms
Frame 1081 end
Average processing time of GrabImageRGBD(): 9.45142ms
Frame 1082 end
Average processing time of GrabImageRGBD(): 9.44866ms
Frame 1083 end
Average processing time of GrabImageRGBD(): 9.44296ms
Frame 1084 end
Average processing time of GrabImageRGBD(): 9.44013ms
Frame 1085 end
Average processing time of GrabImageRGBD(): 9.43673ms
Frame 1086 end
Average processing time of GrabImageRGBD(): 9.43343ms
Frame 1087 end
Average processing time of GrabImageRGBD(): 9.42992ms
Frame 1088 end
Average processing time of GrabImageRGBD(): 9.42623ms
Frame 1089 end
Average processing time of GrabImageRGBD(): 9.42023ms
Frame 1090 end
Average processing time of GrabImageRGBD(): 9.43891ms
Frame 1091 end
Average processing time of GrabImageRGBD(): 9.43817ms
Frame 1092 end
Average processing time of GrabImageRGBD(): 9.43346ms
Frame 1093 end
Average processing time of GrabImageRGBD(): 9.4307ms
Frame 1094 end
Average processing time of GrabImageRGBD(): 9.42563ms
Frame 1095 end
Average processing time of GrabImageRGBD(): 9.42062ms
Frame 1096 end
Average processing time of GrabImageRGBD(): 9.41817ms
Frame 1097 end
Average processing time of GrabImageRGBD(): 9.41261ms
Frame 1098 end
Average processing time of GrabImageRGBD(): 9.40952ms
Frame 1099 end
Average processing time of GrabImageRGBD(): 9.40644ms
Frame 1100 end
Average processing time of GrabImageRGBD(): 9.40126ms
Frame 1101 end
Average processing time of GrabImageRGBD(): 9.39799ms
Frame 1102 end
Average processing time of GrabImageRGBD(): 9.39247ms
Frame 1103 end
Average processing time of GrabImageRGBD(): 9.38727ms
Frame 1104 end
Average processing time of GrabImageRGBD(): 9.40645ms
Frame 1105 end
Average processing time of GrabImageRGBD(): 9.40592ms
Frame 1106 end
Average processing time of GrabImageRGBD(): 9.40163ms
Frame 1107 end
Average processing time of GrabImageRGBD(): 9.40004ms
Frame 1108 end
Average processing time of GrabImageRGBD(): 9.39474ms
Frame 1109 end
Average processing time of GrabImageRGBD(): 9.38965ms
Frame 1110 end
Average processing time of GrabImageRGBD(): 9.38543ms
Frame 1111 end
Average processing time of GrabImageRGBD(): 9.37992ms
Frame 1112 end
Average processing time of GrabImageRGBD(): 9.37428ms
Frame 1113 end
Average processing time of GrabImageRGBD(): 9.37164ms
Frame 1114 end
Average processing time of GrabImageRGBD(): 9.36611ms
Frame 1115 end
Average processing time of GrabImageRGBD(): 9.3605ms
Frame 1116 end
Average processing time of GrabImageRGBD(): 9.356ms
Frame 1117 end
Average processing time of GrabImageRGBD(): 9.35012ms
Frame 1118 end
Average processing time of GrabImageRGBD(): 9.36756ms
Frame 1119 end
Average processing time of GrabImageRGBD(): 9.36675ms
Frame 1120 end
Average processing time of GrabImageRGBD(): 9.36508ms
Frame 1121 end
Average processing time of GrabImageRGBD(): 9.36375ms
Frame 1122 end
Average processing time of GrabImageRGBD(): 9.36259ms
Frame 1123 end
Average processing time of GrabImageRGBD(): 9.35861ms
Frame 1124 end
Average processing time of GrabImageRGBD(): 9.35332ms
Frame 1125 end
Average processing time of GrabImageRGBD(): 9.34942ms
Frame 1126 end
Average processing time of GrabImageRGBD(): 9.34733ms
Frame 1127 end
Average processing time of GrabImageRGBD(): 9.34491ms
Frame 1128 end
Average processing time of GrabImageRGBD(): 9.34031ms
Frame 1129 end
Average processing time of GrabImageRGBD(): 9.33575ms
Frame 1130 end
Average processing time of GrabImageRGBD(): 9.33356ms
Frame 1131 end
Average processing time of GrabImageRGBD(): 9.33139ms
Frame 1132 end
Average processing time of GrabImageRGBD(): 9.34866ms
Frame 1133 end
Average processing time of GrabImageRGBD(): 9.34427ms
Frame 1134 end
Average processing time of GrabImageRGBD(): 9.34227ms
Frame 1135 end
Average processing time of GrabImageRGBD(): 9.34046ms
Frame 1136 end
Average processing time of GrabImageRGBD(): 9.34107ms
Frame 1137 end
Average processing time of GrabImageRGBD(): 9.3403ms
Frame 1138 end
Average processing time of GrabImageRGBD(): 9.33451ms
Frame 1139 end
Average processing time of GrabImageRGBD(): 9.32944ms
Frame 1140 end
Average processing time of GrabImageRGBD(): 9.32472ms
Frame 1141 end
Average processing time of GrabImageRGBD(): 9.3219ms
Frame 1142 end
Average processing time of GrabImageRGBD(): 9.31676ms
Frame 1143 end
Average processing time of GrabImageRGBD(): 9.3138ms
Frame 1144 end
Average processing time of GrabImageRGBD(): 9.31075ms
Frame 1145 end
Average processing time of GrabImageRGBD(): 9.30629ms
Frame 1146 end
Average processing time of GrabImageRGBD(): 9.30313ms
Frame 1147 end
Average processing time of GrabImageRGBD(): 9.32046ms
Frame 1148 end
Average processing time of GrabImageRGBD(): 9.31775ms
Frame 1149 end
Average processing time of GrabImageRGBD(): 9.31594ms
Frame 1150 end
Average processing time of GrabImageRGBD(): 9.31053ms
Frame 1151 end
Average processing time of GrabImageRGBD(): 9.30567ms
Frame 1152 end
Average processing time of GrabImageRGBD(): 9.3036ms
Frame 1153 end
Average processing time of GrabImageRGBD(): 9.30133ms
Frame 1154 end
Average processing time of GrabImageRGBD(): 9.29947ms
Frame 1155 end
Average processing time of GrabImageRGBD(): 9.29406ms
Frame 1156 end
Average processing time of GrabImageRGBD(): 9.29144ms
Frame 1157 end
Average processing time of GrabImageRGBD(): 9.28634ms
Frame 1158 end
Average processing time of GrabImageRGBD(): 9.28098ms
Frame 1159 end
Average processing time of GrabImageRGBD(): 9.2784ms
Frame 1160 end
Average processing time of GrabImageRGBD(): 9.29518ms
Frame 1161 end
Average processing time of GrabImageRGBD(): 9.29245ms
Frame 1162 end
Average processing time of GrabImageRGBD(): 9.28997ms
Frame 1163 end
Average processing time of GrabImageRGBD(): 9.28912ms
Frame 1164 end
Average processing time of GrabImageRGBD(): 9.28773ms
Frame 1165 end
Average processing time of GrabImageRGBD(): 9.2864ms
Frame 1166 end
Average processing time of GrabImageRGBD(): 9.28283ms
Frame 1167 end
Average processing time of GrabImageRGBD(): 9.28103ms
Frame 1168 end
Average processing time of GrabImageRGBD(): 9.27947ms
Frame 1169 end
Average processing time of GrabImageRGBD(): 9.27829ms
Frame 1170 end
Average processing time of GrabImageRGBD(): 9.27476ms
Frame 1171 end
Average processing time of GrabImageRGBD(): 9.27288ms
Frame 1172 end
Average processing time of GrabImageRGBD(): 9.26753ms
Frame 1173 end
Average processing time of GrabImageRGBD(): 9.26534ms
Frame 1174 end
Average processing time of GrabImageRGBD(): 9.28377ms
Frame 1175 end
Average processing time of GrabImageRGBD(): 9.28252ms
Frame 1176 end
Average processing time of GrabImageRGBD(): 9.27838ms
Frame 1177 end
Average processing time of GrabImageRGBD(): 9.27632ms
Frame 1178 end
Average processing time of GrabImageRGBD(): 9.27416ms
Frame 1179 end
Average processing time of GrabImageRGBD(): 9.26977ms
Frame 1180 end
Average processing time of GrabImageRGBD(): 9.26447ms
Frame 1181 end
Average processing time of GrabImageRGBD(): 9.26181ms
Frame 1182 end
Average processing time of GrabImageRGBD(): 9.25695ms
Frame 1183 end
Average processing time of GrabImageRGBD(): 9.25431ms
Frame 1184 end
Average processing time of GrabImageRGBD(): 9.25152ms
Frame 1185 end
Average processing time of GrabImageRGBD(): 9.2477ms
Frame 1186 end
Average processing time of GrabImageRGBD(): 9.24296ms
Frame 1187 end
Average processing time of GrabImageRGBD(): 9.23766ms
Frame 1188 end
Average processing time of GrabImageRGBD(): 9.23275ms
Frame 1189 end
Average processing time of GrabImageRGBD(): 9.25044ms
Frame 1190 end
Average processing time of GrabImageRGBD(): 9.24628ms
Frame 1191 end
Average processing time of GrabImageRGBD(): 9.2439ms
Frame 1192 end
Average processing time of GrabImageRGBD(): 9.24282ms
Frame 1193 end
Average processing time of GrabImageRGBD(): 9.24046ms
Frame 1194 end
Average processing time of GrabImageRGBD(): 9.23943ms
Frame 1195 end
Average processing time of GrabImageRGBD(): 9.23797ms
Frame 1196 end
Average processing time of GrabImageRGBD(): 9.23475ms
Frame 1197 end
Average processing time of GrabImageRGBD(): 9.22939ms
Frame 1198 end
Average processing time of GrabImageRGBD(): 9.22832ms
Frame 1199 end
Average processing time of GrabImageRGBD(): 9.22695ms
Frame 1200 end
Average processing time of GrabImageRGBD(): 9.2222ms
Frame 1201 end
Average processing time of GrabImageRGBD(): 9.21858ms
Frame 1202 end
Average processing time of GrabImageRGBD(): 9.21714ms
Frame 1203 end
Average processing time of GrabImageRGBD(): 9.21525ms
Frame 1204 end
Average processing time of GrabImageRGBD(): 9.23451ms
Frame 1205 end
Average processing time of GrabImageRGBD(): 9.23417ms
Frame 1206 end
Average processing time of GrabImageRGBD(): 9.22933ms
Frame 1207 end
Average processing time of GrabImageRGBD(): 9.22749ms
Frame 1208 end
Average processing time of GrabImageRGBD(): 9.22273ms
Frame 1209 end
Average processing time of GrabImageRGBD(): 9.22046ms
Frame 1210 end
Average processing time of GrabImageRGBD(): 9.21608ms
Frame 1211 end
Average processing time of GrabImageRGBD(): 9.21375ms
Frame 1212 end
Average processing time of GrabImageRGBD(): 9.21132ms
Frame 1213 end
Average processing time of GrabImageRGBD(): 9.20874ms
Frame 1214 end
Average processing time of GrabImageRGBD(): 9.20579ms
Frame 1215 end
Average processing time of GrabImageRGBD(): 9.20073ms
Frame 1216 end
Average processing time of GrabImageRGBD(): 9.19802ms
Frame 1217 end
Average processing time of GrabImageRGBD(): 9.19285ms
Frame 1218 end
Average processing time of GrabImageRGBD(): 9.18983ms
Frame 1219 end
Average processing time of GrabImageRGBD(): 9.187ms
Frame 1220 end
Average processing time of GrabImageRGBD(): 9.18373ms
Frame 1221 end
Average processing time of GrabImageRGBD(): 9.20096ms
Frame 1222 end
Average processing time of GrabImageRGBD(): 9.19685ms
Frame 1223 end
Average processing time of GrabImageRGBD(): 9.19258ms
Frame 1224 end
Average processing time of GrabImageRGBD(): 9.18769ms
Frame 1225 end
Average processing time of GrabImageRGBD(): 9.18286ms
Frame 1226 end
Average processing time of GrabImageRGBD(): 9.18097ms
Frame 1227 end
Average processing time of GrabImageRGBD(): 9.17624ms
Frame 1228 end
Average processing time of GrabImageRGBD(): 9.17227ms
Frame 1229 end
Average processing time of GrabImageRGBD(): 9.17032ms
Frame 1230 end
Average processing time of GrabImageRGBD(): 9.16696ms
Frame 1231 end
Average processing time of GrabImageRGBD(): 9.16483ms
Frame 1232 end
Average processing time of GrabImageRGBD(): 9.16084ms
Frame 1233 end
Average processing time of GrabImageRGBD(): 9.15726ms
Frame 1234 end
Average processing time of GrabImageRGBD(): 9.15463ms
Frame 1235 end
Average processing time of GrabImageRGBD(): 9.15021ms
Frame 1236 end
Average processing time of GrabImageRGBD(): 9.14743ms
Frame 1237 end
Average processing time of GrabImageRGBD(): 9.14258ms
Frame 1238 end
Average processing time of GrabImageRGBD(): 9.13993ms
Frame 1239 end
Average processing time of GrabImageRGBD(): 9.13764ms
Frame 1240 end
Average processing time of GrabImageRGBD(): 9.15507ms
Frame 1241 end
Average processing time of GrabImageRGBD(): 9.15229ms
Frame 1242 end
Average processing time of GrabImageRGBD(): 9.14867ms
Frame 1243 end
Average processing time of GrabImageRGBD(): 9.14409ms
Frame 1244 end
Average processing time of GrabImageRGBD(): 9.14103ms
Frame 1245 end
Average processing time of GrabImageRGBD(): 9.13629ms
Frame 1246 end
Average processing time of GrabImageRGBD(): 9.13442ms
Frame 1247 end
Average processing time of GrabImageRGBD(): 9.12964ms
Frame 1248 end
Average processing time of GrabImageRGBD(): 9.12548ms
Frame 1249 end
Average processing time of GrabImageRGBD(): 9.12365ms
Frame 1250 end
Average processing time of GrabImageRGBD(): 9.12185ms
Frame 1251 end
Average processing time of GrabImageRGBD(): 9.11751ms
Frame 1252 end
Average processing time of GrabImageRGBD(): 9.11581ms
Frame 1253 end
Average processing time of GrabImageRGBD(): 9.11373ms
Frame 1254 end
Average processing time of GrabImageRGBD(): 9.10996ms
Frame 1255 end
Average processing time of GrabImageRGBD(): 9.10781ms
Frame 1256 end
Average processing time of GrabImageRGBD(): 9.10556ms
Frame 1257 end
Average processing time of GrabImageRGBD(): 9.10309ms
Frame 1258 end
Average processing time of GrabImageRGBD(): 9.11868ms
Frame 1259 end
Average processing time of GrabImageRGBD(): 9.11471ms
Frame 1260 end
Average processing time of GrabImageRGBD(): 9.11369ms
Frame 1261 end
Average processing time of GrabImageRGBD(): 9.1091ms
Frame 1262 end
Average processing time of GrabImageRGBD(): 9.10518ms
Frame 1263 end
Average processing time of GrabImageRGBD(): 9.10079ms
Frame 1264 end
Average processing time of GrabImageRGBD(): 9.09971ms
Frame 1265 end
Average processing time of GrabImageRGBD(): 9.09514ms
Frame 1266 end
Average processing time of GrabImageRGBD(): 9.0907ms
Frame 1267 end
Average processing time of GrabImageRGBD(): 9.08964ms
Frame 1268 end
Average processing time of GrabImageRGBD(): 9.08856ms
Frame 1269 end
Average processing time of GrabImageRGBD(): 9.08493ms
Frame 1270 end
Average processing time of GrabImageRGBD(): 9.08095ms
Frame 1271 end
Average processing time of GrabImageRGBD(): 9.07979ms
Frame 1272 end
Average processing time of GrabImageRGBD(): 9.07513ms
Frame 1273 end
Average processing time of GrabImageRGBD(): 9.07389ms
Frame 1274 end
Average processing time of GrabImageRGBD(): 9.07242ms
Frame 1275 end
Average processing time of GrabImageRGBD(): 9.07087ms
Frame 1276 end
Average processing time of GrabImageRGBD(): 9.08649ms
Frame 1277 end
Average processing time of GrabImageRGBD(): 9.08687ms
Frame 1278 end
Average processing time of GrabImageRGBD(): 9.08663ms
Frame 1279 end
Average processing time of GrabImageRGBD(): 9.08622ms
Frame 1280 end
Average processing time of GrabImageRGBD(): 9.08172ms
Frame 1281 end
Average processing time of GrabImageRGBD(): 9.07973ms
Frame 1282 end
Average processing time of GrabImageRGBD(): 9.07618ms
Frame 1283 end
Average processing time of GrabImageRGBD(): 9.07251ms
Frame 1284 end
Average processing time of GrabImageRGBD(): 9.06831ms
Frame 1285 end
Shutdown
-------

median tracking time: 0.00695047
mean tracking time: 0.00975121

Saving camera trajectory to CameraTrajectory.txt ...

Saving keyframe trajectory to KeyFrameTrajectory.txt ...
