
ORB-SLAM3 Copyright (C) 2017-2020 Carlos Campos, Richard Elvira, Juan J. Gómez, José M.M. Montiel and Juan D. Tardós, University of Zaragoza.
ORB-SLAM2 Copyright (C) 2014-2016 Raúl Mur-Artal, José M.M. Montiel and Juan D. Tardós, University of Zaragoza.
This program comes with ABSOLUTELY NO WARRANTY;
This is free software, and you are welcome to redistribute it
under certain conditions. See LICENSE.txt.

Input sensor was set to: RGB-D
Loading settings from /home/bingxin/Downloads/NGD-SLAM/Examples/RGB-D/Bonn.yaml
Camera1.k3 optional parameter does not exist...
	-Loaded camera 1
Camera.newHeight optional parameter does not exist...
Camera.newWidth optional parameter does not exist...
	-Loaded image info
	-Loaded RGB-D calibration
	-Loaded ORB settings
Viewer.imageViewScale optional parameter does not exist...
	-Loaded viewer settings
System.LoadAtlasFromFile optional parameter does not exist...
System.SaveAtlasToFile optional parameter does not exist...
	-Loaded Atlas settings
System.thFarPoints optional parameter does not exist...
	-Loaded misc parameters
----------------------------------
SLAM settings: 
	-Camera 1 parameters (Pinhole): [ 542.823 542.577 315.594 237.756 ]
	-Camera 1 distortion parameters: [  0.039903 -0.099343 -0.00073 -0.000144 ]
	-Original image size: [ 640 , 480 ]
	-Current image size: [ 640 , 480 ]
	-Sequence FPS: 30
	-RGB-D depth map factor: 5000
	-Features per image: 1000
	-ORB scale factor: 1.2
	-ORB number of scales: 8
	-Initial FAST threshold: 20
	-Min FAST threshold: 7


Loading ORB Vocabulary. This could take a while...
Vocabulary loaded!

Initialization of Atlas from scratch 
Creation of new map with id: 0
Creation of new map with last KF id: 0
Seq. Name: 
There are 1 cameras in the atlas
Camera 0 is pinhole
Net use yolo-fastest

-------
Start processing sequence ...
Images in the sequence: 1286

First KF:0; Map init KF:0
New Map created with 955 points
Average processing time of GrabImageRGBD(): 43.6678ms
Frame 0 end
Average processing time of GrabImageRGBD(): 34.3905ms
Frame 1 end
Average processing time of GrabImageRGBD(): 31.2149ms
Frame 2 end
Average processing time of GrabImageRGBD(): 26.1447ms
Frame 3 end
Average processing time of GrabImageRGBD(): 22.2291ms
Frame 4 end
Average processing time of GrabImageRGBD(): 20.1522ms
Frame 5 end
Average processing time of GrabImageRGBD(): 18.4346ms
Frame 6 end
Starting the Viewer
Average processing time of GrabImageRGBD(): 16.528ms
Frame 7 end
Average processing time of GrabImageRGBD(): 15.0984ms
Frame 8 end
Average processing time of GrabImageRGBD(): 13.9535ms
Frame 9 end
Average processing time of GrabImageRGBD(): 13.1477ms
Frame 10 end
Average processing time of GrabImageRGBD(): 12.3489ms
Frame 11 end
Average processing time of GrabImageRGBD(): 13.5032ms
Frame 12 end
Average processing time of GrabImageRGBD(): 12.9065ms
Frame 13 end
Average processing time of GrabImageRGBD(): 12.2595ms
Frame 14 end
Average processing time of GrabImageRGBD(): 12.0389ms
Frame 15 end
Average processing time of GrabImageRGBD(): 11.5066ms
Frame 16 end
Average processing time of GrabImageRGBD(): 11.0415ms
Frame 17 end
Average processing time of GrabImageRGBD(): 10.883ms
Frame 18 end
Average processing time of GrabImageRGBD(): 10.7563ms
Frame 19 end
Average processing time of GrabImageRGBD(): 10.3912ms
Frame 20 end
Average processing time of GrabImageRGBD(): 10.0699ms
Frame 21 end
Average processing time of GrabImageRGBD(): 9.76513ms
Frame 22 end
Average processing time of GrabImageRGBD(): 10.3814ms
Frame 23 end
Average processing time of GrabImageRGBD(): 10.316ms
Frame 24 end
Average processing time of GrabImageRGBD(): 10.0697ms
Frame 25 end
Average processing time of GrabImageRGBD(): 9.97416ms
Frame 26 end
Average processing time of GrabImageRGBD(): 9.88798ms
Frame 27 end
Average processing time of GrabImageRGBD(): 9.82064ms
Frame 28 end
Average processing time of GrabImageRGBD(): 9.74065ms
Frame 29 end
Average processing time of GrabImageRGBD(): 9.52974ms
Frame 30 end
Average processing time of GrabImageRGBD(): 9.34063ms
Frame 31 end
Average processing time of GrabImageRGBD(): 9.29488ms
Frame 32 end
Average processing time of GrabImageRGBD(): 9.27227ms
Frame 33 end
Average processing time of GrabImageRGBD(): 9.09872ms
Frame 34 end
Average processing time of GrabImageRGBD(): 9.62614ms
Frame 35 end
Average processing time of GrabImageRGBD(): 9.64029ms
Frame 36 end
Average processing time of GrabImageRGBD(): 9.55854ms
Frame 37 end
Average processing time of GrabImageRGBD(): 9.40915ms
Frame 38 end
Average processing time of GrabImageRGBD(): 9.31781ms
Frame 39 end
Average processing time of GrabImageRGBD(): 9.17538ms
Frame 40 end
Average processing time of GrabImageRGBD(): 9.64425ms
Frame 41 end
Average processing time of GrabImageRGBD(): 9.63506ms
Frame 42 end
Average processing time of GrabImageRGBD(): 10.0137ms
Frame 43 end
Average processing time of GrabImageRGBD(): 10.0272ms
Frame 44 end
Average processing time of GrabImageRGBD(): 10.3652ms
Frame 45 end
Average processing time of GrabImageRGBD(): 10.3679ms
Frame 46 end
Average processing time of GrabImageRGBD(): 10.2158ms
Frame 47 end
Average processing time of GrabImageRGBD(): 10.5385ms
Frame 48 end
Average processing time of GrabImageRGBD(): 10.5399ms
Frame 49 end
Average processing time of GrabImageRGBD(): 10.844ms
Frame 50 end
Average processing time of GrabImageRGBD(): 10.8382ms
Frame 51 end
Average processing time of GrabImageRGBD(): 10.6912ms
Frame 52 end
Average processing time of GrabImageRGBD(): 10.6632ms
Frame 53 end
Average processing time of GrabImageRGBD(): 10.5194ms
Frame 54 end
Average processing time of GrabImageRGBD(): 10.4907ms
Frame 55 end
Average processing time of GrabImageRGBD(): 10.4422ms
Frame 56 end
Average processing time of GrabImageRGBD(): 10.3997ms
Frame 57 end
Average processing time of GrabImageRGBD(): 10.7169ms
Frame 58 end
Average processing time of GrabImageRGBD(): 10.7096ms
Frame 59 end
Average processing time of GrabImageRGBD(): 10.5937ms
Frame 60 end
Average processing time of GrabImageRGBD(): 10.5427ms
Frame 61 end
Average processing time of GrabImageRGBD(): 10.5039ms
Frame 62 end
Average processing time of GrabImageRGBD(): 10.7439ms
Frame 63 end
Average processing time of GrabImageRGBD(): 10.6417ms
Frame 64 end
Average processing time of GrabImageRGBD(): 10.5234ms
Frame 65 end
Average processing time of GrabImageRGBD(): 10.4151ms
Frame 66 end
Average processing time of GrabImageRGBD(): 10.35ms
Frame 67 end
Average processing time of GrabImageRGBD(): 10.2509ms
Frame 68 end
Average processing time of GrabImageRGBD(): 10.2321ms
Frame 69 end
Average processing time of GrabImageRGBD(): 10.1395ms
Frame 70 end
Average processing time of GrabImageRGBD(): 10.389ms
Frame 71 end
Average processing time of GrabImageRGBD(): 10.3965ms
Frame 72 end
Average processing time of GrabImageRGBD(): 10.3015ms
Frame 73 end
Average processing time of GrabImageRGBD(): 10.2641ms
Frame 74 end
Average processing time of GrabImageRGBD(): 10.2563ms
Frame 75 end
Average processing time of GrabImageRGBD(): 10.1676ms
Frame 76 end
Average processing time of GrabImageRGBD(): 10.0746ms
Frame 77 end
Average processing time of GrabImageRGBD(): 10.0607ms
Frame 78 end
Average processing time of GrabImageRGBD(): 9.99469ms
Frame 79 end
Average processing time of GrabImageRGBD(): 9.98325ms
Frame 80 end
Average processing time of GrabImageRGBD(): 10.2448ms
Frame 81 end
Average processing time of GrabImageRGBD(): 10.2705ms
Frame 82 end
Average processing time of GrabImageRGBD(): 10.2598ms
Frame 83 end
Average processing time of GrabImageRGBD(): 10.4554ms
Frame 84 end
Average processing time of GrabImageRGBD(): 10.4177ms
Frame 85 end
Average processing time of GrabImageRGBD(): 10.3376ms
Frame 86 end
Average processing time of GrabImageRGBD(): 10.3279ms
Frame 87 end
Average processing time of GrabImageRGBD(): 10.2722ms
Frame 88 end
Average processing time of GrabImageRGBD(): 10.2746ms
Frame 89 end
Average processing time of GrabImageRGBD(): 10.2693ms
Frame 90 end
Average processing time of GrabImageRGBD(): 10.2604ms
Frame 91 end
Average processing time of GrabImageRGBD(): 10.1833ms
Frame 92 end
Average processing time of GrabImageRGBD(): 10.1667ms
Frame 93 end
Average processing time of GrabImageRGBD(): 10.151ms
Frame 94 end
Average processing time of GrabImageRGBD(): 10.0844ms
Frame 95 end
Average processing time of GrabImageRGBD(): 10.0172ms
Frame 96 end
Average processing time of GrabImageRGBD(): 10.2193ms
Frame 97 end
Average processing time of GrabImageRGBD(): 10.2121ms
Frame 98 end
Average processing time of GrabImageRGBD(): 10.1473ms
Frame 99 end
Average processing time of GrabImageRGBD(): 10.3598ms
Frame 100 end
Average processing time of GrabImageRGBD(): 10.3589ms
Frame 101 end
Average processing time of GrabImageRGBD(): 10.29ms
Frame 102 end
Average processing time of GrabImageRGBD(): 10.2814ms
Frame 103 end
Average processing time of GrabImageRGBD(): 10.2768ms
Frame 104 end
Average processing time of GrabImageRGBD(): 10.2143ms
Frame 105 end
Average processing time of GrabImageRGBD(): 10.1458ms
Frame 106 end
Average processing time of GrabImageRGBD(): 10.0985ms
Frame 107 end
Average processing time of GrabImageRGBD(): 10.0881ms
Frame 108 end
Average processing time of GrabImageRGBD(): 10.0747ms
Frame 109 end
Average processing time of GrabImageRGBD(): 10.2457ms
Frame 110 end
Average processing time of GrabImageRGBD(): 10.2265ms
Frame 111 end
Average processing time of GrabImageRGBD(): 10.1627ms
Frame 112 end
Average processing time of GrabImageRGBD(): 10.1431ms
Frame 113 end
Average processing time of GrabImageRGBD(): 10.1248ms
Frame 114 end
Average processing time of GrabImageRGBD(): 10.1098ms
Frame 115 end
Average processing time of GrabImageRGBD(): 10.0956ms
Frame 116 end
Average processing time of GrabImageRGBD(): 10.0382ms
Frame 117 end
Average processing time of GrabImageRGBD(): 10.0211ms
Frame 118 end
Average processing time of GrabImageRGBD(): 9.96297ms
Frame 119 end
Average processing time of GrabImageRGBD(): 9.90635ms
Frame 120 end
Average processing time of GrabImageRGBD(): 10.0432ms
Frame 121 end
Average processing time of GrabImageRGBD(): 10.0053ms
Frame 122 end
Average processing time of GrabImageRGBD(): 9.94651ms
Frame 123 end
Average processing time of GrabImageRGBD(): 10.0974ms
Frame 124 end
Average processing time of GrabImageRGBD(): 10.0866ms
Frame 125 end
Average processing time of GrabImageRGBD(): 10.0372ms
Frame 126 end
Average processing time of GrabImageRGBD(): 10.0097ms
Frame 127 end
Average processing time of GrabImageRGBD(): 9.97123ms
Frame 128 end
Average processing time of GrabImageRGBD(): 9.92206ms
Frame 129 end
Average processing time of GrabImageRGBD(): 10.0744ms
Frame 130 end
Average processing time of GrabImageRGBD(): 10.0282ms
Frame 131 end
Average processing time of GrabImageRGBD(): 9.97429ms
Frame 132 end
Average processing time of GrabImageRGBD(): 10.1239ms
Frame 133 end
Average processing time of GrabImageRGBD(): 10.1273ms
Frame 134 end
Average processing time of GrabImageRGBD(): 10.122ms
Frame 135 end
Average processing time of GrabImageRGBD(): 10.0852ms
Frame 136 end
Average processing time of GrabImageRGBD(): 10.2043ms
Frame 137 end
Average processing time of GrabImageRGBD(): 10.1605ms
Frame 138 end
Average processing time of GrabImageRGBD(): 10.1118ms
Frame 139 end
Average processing time of GrabImageRGBD(): 10.2319ms
Frame 140 end
Average processing time of GrabImageRGBD(): 10.1931ms
Frame 141 end
Average processing time of GrabImageRGBD(): 10.1432ms
Frame 142 end
Average processing time of GrabImageRGBD(): 10.1358ms
Frame 143 end
Average processing time of GrabImageRGBD(): 10.2557ms
Frame 144 end
Average processing time of GrabImageRGBD(): 10.255ms
Frame 145 end
Average processing time of GrabImageRGBD(): 10.2489ms
Frame 146 end
Average processing time of GrabImageRGBD(): 10.2395ms
Frame 147 end
Average processing time of GrabImageRGBD(): 10.1937ms
Frame 148 end
Average processing time of GrabImageRGBD(): 10.1625ms
Frame 149 end
Average processing time of GrabImageRGBD(): 10.144ms
Frame 150 end
Average processing time of GrabImageRGBD(): 10.1334ms
Frame 151 end
Average processing time of GrabImageRGBD(): 10.2425ms
Frame 152 end
Average processing time of GrabImageRGBD(): 10.2376ms
Frame 153 end
Average processing time of GrabImageRGBD(): 10.1917ms
Frame 154 end
Average processing time of GrabImageRGBD(): 10.1485ms
Frame 155 end
Average processing time of GrabImageRGBD(): 10.256ms
Frame 156 end
Average processing time of GrabImageRGBD(): 10.2755ms
Frame 157 end
Average processing time of GrabImageRGBD(): 10.2275ms
Frame 158 end
Average processing time of GrabImageRGBD(): 10.3404ms
Frame 159 end
Average processing time of GrabImageRGBD(): 10.3385ms
Frame 160 end
Average processing time of GrabImageRGBD(): 10.2942ms
Frame 161 end
Average processing time of GrabImageRGBD(): 10.2531ms
Frame 162 end
Average processing time of GrabImageRGBD(): 10.2461ms
Frame 163 end
Average processing time of GrabImageRGBD(): 10.2132ms
Frame 164 end
Average processing time of GrabImageRGBD(): 10.1725ms
Frame 165 end
Average processing time of GrabImageRGBD(): 10.1654ms
Frame 166 end
Average processing time of GrabImageRGBD(): 10.1579ms
Frame 167 end
Average processing time of GrabImageRGBD(): 10.1286ms
Frame 168 end
Average processing time of GrabImageRGBD(): 10.2347ms
Frame 169 end
Average processing time of GrabImageRGBD(): 10.2325ms
Frame 170 end
Average processing time of GrabImageRGBD(): 10.2248ms
Frame 171 end
Average processing time of GrabImageRGBD(): 10.2196ms
Frame 172 end
Average processing time of GrabImageRGBD(): 10.2111ms
Frame 173 end
Average processing time of GrabImageRGBD(): 10.1717ms
Frame 174 end
Average processing time of GrabImageRGBD(): 10.1641ms
Frame 175 end
Average processing time of GrabImageRGBD(): 10.2794ms
Frame 176 end
Average processing time of GrabImageRGBD(): 10.2532ms
Frame 177 end
Average processing time of GrabImageRGBD(): 10.2179ms
Frame 178 end
Average processing time of GrabImageRGBD(): 10.1803ms
Frame 179 end
Average processing time of GrabImageRGBD(): 10.3166ms
Frame 180 end
Average processing time of GrabImageRGBD(): 10.2986ms
Frame 181 end
Average processing time of GrabImageRGBD(): 10.2607ms
Frame 182 end
Average processing time of GrabImageRGBD(): 10.258ms
Frame 183 end
Average processing time of GrabImageRGBD(): 10.3507ms
Frame 184 end
Average processing time of GrabImageRGBD(): 10.3336ms
Frame 185 end
Average processing time of GrabImageRGBD(): 10.2953ms
Frame 186 end
Average processing time of GrabImageRGBD(): 10.2738ms
Frame 187 end
Average processing time of GrabImageRGBD(): 10.3831ms
Frame 188 end
Average processing time of GrabImageRGBD(): 10.3644ms
Frame 189 end
Average processing time of GrabImageRGBD(): 10.3258ms
Frame 190 end
Average processing time of GrabImageRGBD(): 10.2901ms
Frame 191 end
Average processing time of GrabImageRGBD(): 10.3947ms
Frame 192 end
Average processing time of GrabImageRGBD(): 10.396ms
Frame 193 end
Average processing time of GrabImageRGBD(): 10.3901ms
Frame 194 end
Average processing time of GrabImageRGBD(): 10.3616ms
Frame 195 end
Average processing time of GrabImageRGBD(): 10.3517ms
Frame 196 end
Average processing time of GrabImageRGBD(): 10.4535ms
Frame 197 end
Average processing time of GrabImageRGBD(): 10.4515ms
Frame 198 end
Average processing time of GrabImageRGBD(): 10.4188ms
Frame 199 end
Average processing time of GrabImageRGBD(): 10.3921ms
Frame 200 end
Average processing time of GrabImageRGBD(): 10.4994ms
Frame 201 end
Average processing time of GrabImageRGBD(): 10.4973ms
Frame 202 end
Average processing time of GrabImageRGBD(): 10.46ms
Frame 203 end
Average processing time of GrabImageRGBD(): 10.4243ms
Frame 204 end
Average processing time of GrabImageRGBD(): 10.3909ms
Frame 205 end
Average processing time of GrabImageRGBD(): 10.4726ms
Frame 206 end
Average processing time of GrabImageRGBD(): 10.4433ms
Frame 207 end
Average processing time of GrabImageRGBD(): 10.4095ms
Frame 208 end
Average processing time of GrabImageRGBD(): 10.4076ms
Frame 209 end
Average processing time of GrabImageRGBD(): 10.4007ms
Frame 210 end
Average processing time of GrabImageRGBD(): 10.5104ms
Frame 211 end
Average processing time of GrabImageRGBD(): 10.5036ms
Frame 212 end
Average processing time of GrabImageRGBD(): 10.4676ms
Frame 213 end
Average processing time of GrabImageRGBD(): 10.4395ms
Frame 214 end
Average processing time of GrabImageRGBD(): 10.4283ms
Frame 215 end
Average processing time of GrabImageRGBD(): 10.5136ms
Frame 216 end
Average processing time of GrabImageRGBD(): 10.5177ms
Frame 217 end
Average processing time of GrabImageRGBD(): 10.514ms
Frame 218 end
Average processing time of GrabImageRGBD(): 10.5062ms
Frame 219 end
Average processing time of GrabImageRGBD(): 10.4906ms
Frame 220 end
Average processing time of GrabImageRGBD(): 10.5767ms
Frame 221 end
Average processing time of GrabImageRGBD(): 10.5765ms
Frame 222 end
Average processing time of GrabImageRGBD(): 10.5437ms
Frame 223 end
Average processing time of GrabImageRGBD(): 10.5405ms
Frame 224 end
Average processing time of GrabImageRGBD(): 10.5259ms
Frame 225 end
Average processing time of GrabImageRGBD(): 10.6056ms
Frame 226 end
Average processing time of GrabImageRGBD(): 10.5923ms
Frame 227 end
Average processing time of GrabImageRGBD(): 10.5702ms
Frame 228 end
Average processing time of GrabImageRGBD(): 10.5471ms
Frame 229 end
Average processing time of GrabImageRGBD(): 10.5172ms
Frame 230 end
Average processing time of GrabImageRGBD(): 10.5087ms
Frame 231 end
Average processing time of GrabImageRGBD(): 10.5839ms
Frame 232 end
Average processing time of GrabImageRGBD(): 10.5808ms
Frame 233 end
Average processing time of GrabImageRGBD(): 10.5518ms
Frame 234 end
Average processing time of GrabImageRGBD(): 10.5374ms
Frame 235 end
Average processing time of GrabImageRGBD(): 10.5084ms
Frame 236 end
Average processing time of GrabImageRGBD(): 10.4949ms
Frame 237 end
Average processing time of GrabImageRGBD(): 10.5715ms
Frame 238 end
Average processing time of GrabImageRGBD(): 10.5647ms
Frame 239 end
Average processing time of GrabImageRGBD(): 10.5347ms
Frame 240 end
Average processing time of GrabImageRGBD(): 10.5229ms
Frame 241 end
Average processing time of GrabImageRGBD(): 10.5091ms
Frame 242 end
Average processing time of GrabImageRGBD(): 10.4788ms
Frame 243 end
Average processing time of GrabImageRGBD(): 10.5525ms
Frame 244 end
Average processing time of GrabImageRGBD(): 10.5293ms
Frame 245 end
Average processing time of GrabImageRGBD(): 10.4978ms
Frame 246 end
Average processing time of GrabImageRGBD(): 10.4858ms
Frame 247 end
Average processing time of GrabImageRGBD(): 10.4725ms
Frame 248 end
Average processing time of GrabImageRGBD(): 10.4464ms
Frame 249 end
Average processing time of GrabImageRGBD(): 10.5278ms
Frame 250 end
Average processing time of GrabImageRGBD(): 10.532ms
Frame 251 end
Average processing time of GrabImageRGBD(): 10.5034ms
Frame 252 end
Average processing time of GrabImageRGBD(): 10.4886ms
Frame 253 end
Average processing time of GrabImageRGBD(): 10.4877ms
Frame 254 end
Average processing time of GrabImageRGBD(): 10.4764ms
Frame 255 end
Average processing time of GrabImageRGBD(): 10.5581ms
Frame 256 end
Average processing time of GrabImageRGBD(): 10.5366ms
Frame 257 end
Average processing time of GrabImageRGBD(): 10.544ms
Frame 258 end
Average processing time of GrabImageRGBD(): 10.533ms
Frame 259 end
Average processing time of GrabImageRGBD(): 10.5047ms
Frame 260 end
Average processing time of GrabImageRGBD(): 10.4949ms
Frame 261 end
Average processing time of GrabImageRGBD(): 10.5894ms
Frame 262 end
Average processing time of GrabImageRGBD(): 10.5982ms
Frame 263 end
Average processing time of GrabImageRGBD(): 10.5713ms
Frame 264 end
Average processing time of GrabImageRGBD(): 10.5661ms
Frame 265 end
Average processing time of GrabImageRGBD(): 10.5434ms
Frame 266 end
Average processing time of GrabImageRGBD(): 10.5219ms
Frame 267 end
Average processing time of GrabImageRGBD(): 10.4956ms
Frame 268 end
Average processing time of GrabImageRGBD(): 10.5765ms
Frame 269 end
Average processing time of GrabImageRGBD(): 10.5688ms
Frame 270 end
Average processing time of GrabImageRGBD(): 10.57ms
Frame 271 end
Average processing time of GrabImageRGBD(): 10.5653ms
Frame 272 end
Average processing time of GrabImageRGBD(): 10.5632ms
Frame 273 end
Average processing time of GrabImageRGBD(): 10.5472ms
Frame 274 end
Average processing time of GrabImageRGBD(): 10.5442ms
Frame 275 end
Average processing time of GrabImageRGBD(): 10.6139ms
Frame 276 end
Average processing time of GrabImageRGBD(): 10.6186ms
Frame 277 end
Average processing time of GrabImageRGBD(): 10.594ms
Frame 278 end
Average processing time of GrabImageRGBD(): 10.5956ms
Frame 279 end
Average processing time of GrabImageRGBD(): 10.5913ms
Frame 280 end
Average processing time of GrabImageRGBD(): 10.565ms
Frame 281 end
Average processing time of GrabImageRGBD(): 10.6374ms
Frame 282 end
Average processing time of GrabImageRGBD(): 10.6326ms
Frame 283 end
Average processing time of GrabImageRGBD(): 10.6053ms
Frame 284 end
Average processing time of GrabImageRGBD(): 10.6014ms
Frame 285 end
Average processing time of GrabImageRGBD(): 10.5929ms
Frame 286 end
Average processing time of GrabImageRGBD(): 10.5844ms
Frame 287 end
Average processing time of GrabImageRGBD(): 10.56ms
Frame 288 end
Average processing time of GrabImageRGBD(): 10.6215ms
Frame 289 end
Average processing time of GrabImageRGBD(): 10.602ms
Frame 290 end
Average processing time of GrabImageRGBD(): 10.5999ms
Frame 291 end
Average processing time of GrabImageRGBD(): 10.5981ms
Frame 292 end
Average processing time of GrabImageRGBD(): 10.5721ms
Frame 293 end
Average processing time of GrabImageRGBD(): 10.5533ms
Frame 294 end
Average processing time of GrabImageRGBD(): 10.5482ms
Frame 295 end
Average processing time of GrabImageRGBD(): 10.5358ms
Frame 296 end
Average processing time of GrabImageRGBD(): 10.6137ms
Frame 297 end
Average processing time of GrabImageRGBD(): 10.5937ms
Frame 298 end
Average processing time of GrabImageRGBD(): 10.5673ms
Frame 299 end
Average processing time of GrabImageRGBD(): 10.5434ms
Frame 300 end
Average processing time of GrabImageRGBD(): 10.5204ms
Frame 301 end
Average processing time of GrabImageRGBD(): 10.5021ms
Frame 302 end
Average processing time of GrabImageRGBD(): 10.4804ms
Frame 303 end
Average processing time of GrabImageRGBD(): 10.4572ms
Frame 304 end
Average processing time of GrabImageRGBD(): 10.5129ms
Frame 305 end
Average processing time of GrabImageRGBD(): 10.494ms
Frame 306 end
Average processing time of GrabImageRGBD(): 10.4708ms
Frame 307 end
Average processing time of GrabImageRGBD(): 10.4689ms
Frame 308 end
Average processing time of GrabImageRGBD(): 10.4544ms
Frame 309 end
Average processing time of GrabImageRGBD(): 10.4482ms
Frame 310 end
Average processing time of GrabImageRGBD(): 10.4401ms
Frame 311 end
Average processing time of GrabImageRGBD(): 10.4947ms
Frame 312 end
Average processing time of GrabImageRGBD(): 10.4799ms
Frame 313 end
Average processing time of GrabImageRGBD(): 10.4743ms
Frame 314 end
Average processing time of GrabImageRGBD(): 10.4626ms
Frame 315 end
Average processing time of GrabImageRGBD(): 10.4406ms
Frame 316 end
Average processing time of GrabImageRGBD(): 10.4332ms
Frame 317 end
Average processing time of GrabImageRGBD(): 10.4104ms
Frame 318 end
Average processing time of GrabImageRGBD(): 10.4723ms
Frame 319 end
Average processing time of GrabImageRGBD(): 10.473ms
Frame 320 end
Average processing time of GrabImageRGBD(): 10.4504ms
Frame 321 end
Average processing time of GrabImageRGBD(): 10.4382ms
Frame 322 end
Average processing time of GrabImageRGBD(): 10.4333ms
Frame 323 end
Average processing time of GrabImageRGBD(): 10.4286ms
Frame 324 end
Average processing time of GrabImageRGBD(): 10.4279ms
Frame 325 end
Average processing time of GrabImageRGBD(): 10.4064ms
Frame 326 end
Average processing time of GrabImageRGBD(): 10.3893ms
Frame 327 end
Average processing time of GrabImageRGBD(): 10.4516ms
Frame 328 end
Average processing time of GrabImageRGBD(): 10.4472ms
Frame 329 end
Average processing time of GrabImageRGBD(): 10.425ms
Frame 330 end
Average processing time of GrabImageRGBD(): 10.4172ms
Frame 331 end
Average processing time of GrabImageRGBD(): 10.3994ms
Frame 332 end
Average processing time of GrabImageRGBD(): 10.4744ms
Frame 333 end
Average processing time of GrabImageRGBD(): 10.4559ms
Frame 334 end
Average processing time of GrabImageRGBD(): 10.5133ms
Frame 335 end
Average processing time of GrabImageRGBD(): 10.495ms
Frame 336 end
Average processing time of GrabImageRGBD(): 10.4848ms
Frame 337 end
Average processing time of GrabImageRGBD(): 10.4639ms
Frame 338 end
Average processing time of GrabImageRGBD(): 10.445ms
Frame 339 end
Average processing time of GrabImageRGBD(): 10.4339ms
Frame 340 end
Average processing time of GrabImageRGBD(): 10.4121ms
Frame 341 end
Average processing time of GrabImageRGBD(): 10.4655ms
Frame 342 end
Average processing time of GrabImageRGBD(): 10.4625ms
Frame 343 end
Average processing time of GrabImageRGBD(): 10.4549ms
Frame 344 end
Average processing time of GrabImageRGBD(): 10.4446ms
Frame 345 end
Average processing time of GrabImageRGBD(): 10.4302ms
Frame 346 end
Average processing time of GrabImageRGBD(): 10.4223ms
Frame 347 end
Average processing time of GrabImageRGBD(): 10.4148ms
Frame 348 end
Average processing time of GrabImageRGBD(): 10.3948ms
Frame 349 end
Average processing time of GrabImageRGBD(): 10.3801ms
Frame 350 end
Average processing time of GrabImageRGBD(): 10.4385ms
Frame 351 end
Average processing time of GrabImageRGBD(): 10.4452ms
Frame 352 end
Average processing time of GrabImageRGBD(): 10.4291ms
Frame 353 end
Average processing time of GrabImageRGBD(): 10.4308ms
Frame 354 end
Average processing time of GrabImageRGBD(): 10.4318ms
Frame 355 end
Average processing time of GrabImageRGBD(): 10.4274ms
Frame 356 end
Average processing time of GrabImageRGBD(): 10.4178ms
Frame 357 end
Average processing time of GrabImageRGBD(): 10.3989ms
Frame 358 end
Average processing time of GrabImageRGBD(): 10.4549ms
Frame 359 end
Average processing time of GrabImageRGBD(): 10.4559ms
Frame 360 end
Average processing time of GrabImageRGBD(): 10.4466ms
Frame 361 end
Average processing time of GrabImageRGBD(): 10.437ms
Frame 362 end
Average processing time of GrabImageRGBD(): 10.4296ms
Frame 363 end
Average processing time of GrabImageRGBD(): 10.4141ms
Frame 364 end
Average processing time of GrabImageRGBD(): 10.403ms
Frame 365 end
Average processing time of GrabImageRGBD(): 10.4501ms
Frame 366 end
Average processing time of GrabImageRGBD(): 10.4489ms
Frame 367 end
Average processing time of GrabImageRGBD(): 10.4447ms
Frame 368 end
Average processing time of GrabImageRGBD(): 10.429ms
Frame 369 end
Average processing time of GrabImageRGBD(): 10.4241ms
Frame 370 end
Average processing time of GrabImageRGBD(): 10.417ms
Frame 371 end
Average processing time of GrabImageRGBD(): 10.4106ms
Frame 372 end
Average processing time of GrabImageRGBD(): 10.4032ms
Frame 373 end
Average processing time of GrabImageRGBD(): 10.396ms
Frame 374 end
Average processing time of GrabImageRGBD(): 10.3856ms
Frame 375 end
Average processing time of GrabImageRGBD(): 10.4393ms
Frame 376 end
Average processing time of GrabImageRGBD(): 10.4242ms
Frame 377 end
Average processing time of GrabImageRGBD(): 10.4221ms
Frame 378 end
Average processing time of GrabImageRGBD(): 10.4203ms
Frame 379 end
Average processing time of GrabImageRGBD(): 10.4066ms
Frame 380 end
Average processing time of GrabImageRGBD(): 10.4053ms
Frame 381 end
Average processing time of GrabImageRGBD(): 10.4016ms
Frame 382 end
Average processing time of GrabImageRGBD(): 10.3837ms
Frame 383 end
Average processing time of GrabImageRGBD(): 10.3805ms
Frame 384 end
Average processing time of GrabImageRGBD(): 10.3612ms
Frame 385 end
Average processing time of GrabImageRGBD(): 10.3578ms
Frame 386 end
Average processing time of GrabImageRGBD(): 10.3463ms
Frame 387 end
Average processing time of GrabImageRGBD(): 10.3362ms
Frame 388 end
Average processing time of GrabImageRGBD(): 10.3289ms
Frame 389 end
Average processing time of GrabImageRGBD(): 10.3108ms
Frame 390 end
Average processing time of GrabImageRGBD(): 10.294ms
Frame 391 end
Average processing time of GrabImageRGBD(): 10.2894ms
Frame 392 end
Average processing time of GrabImageRGBD(): 10.3414ms
Frame 393 end
Average processing time of GrabImageRGBD(): 10.34ms
Frame 394 end
Average processing time of GrabImageRGBD(): 10.3267ms
Frame 395 end
Average processing time of GrabImageRGBD(): 10.3229ms
Frame 396 end
Average processing time of GrabImageRGBD(): 10.3182ms
Frame 397 end
Average processing time of GrabImageRGBD(): 10.3072ms
Frame 398 end
Average processing time of GrabImageRGBD(): 10.3022ms
Frame 399 end
Average processing time of GrabImageRGBD(): 10.2876ms
Frame 400 end
Average processing time of GrabImageRGBD(): 10.283ms
Frame 401 end
Average processing time of GrabImageRGBD(): 10.2769ms
Frame 402 end
Average processing time of GrabImageRGBD(): 10.2711ms
Frame 403 end
Average processing time of GrabImageRGBD(): 10.2672ms
Frame 404 end
Average processing time of GrabImageRGBD(): 10.2622ms
Frame 405 end
Average processing time of GrabImageRGBD(): 10.3044ms
Frame 406 end
Average processing time of GrabImageRGBD(): 10.2907ms
Frame 407 end
Average processing time of GrabImageRGBD(): 10.2746ms
Frame 408 end
Average processing time of GrabImageRGBD(): 10.2594ms
Frame 409 end
Average processing time of GrabImageRGBD(): 10.2508ms
Frame 410 end
Average processing time of GrabImageRGBD(): 10.2487ms
Frame 411 end
Average processing time of GrabImageRGBD(): 10.2323ms
Frame 412 end
Average processing time of GrabImageRGBD(): 10.2165ms
Frame 413 end
Average processing time of GrabImageRGBD(): 10.2158ms
Frame 414 end
Average processing time of GrabImageRGBD(): 10.1994ms
Frame 415 end
Average processing time of GrabImageRGBD(): 10.1974ms
Frame 416 end
Average processing time of GrabImageRGBD(): 10.2516ms
Frame 417 end
Average processing time of GrabImageRGBD(): 10.2511ms
Frame 418 end
Average processing time of GrabImageRGBD(): 10.248ms
Frame 419 end
Average processing time of GrabImageRGBD(): 10.2427ms
Frame 420 end
Average processing time of GrabImageRGBD(): 10.2266ms
Frame 421 end
Average processing time of GrabImageRGBD(): 10.2199ms
Frame 422 end
Average processing time of GrabImageRGBD(): 10.2596ms
Frame 423 end
Average processing time of GrabImageRGBD(): 10.2618ms
Frame 424 end
Average processing time of GrabImageRGBD(): 10.2613ms
Frame 425 end
Average processing time of GrabImageRGBD(): 10.2629ms
Frame 426 end
Average processing time of GrabImageRGBD(): 10.2485ms
Frame 427 end
Average processing time of GrabImageRGBD(): 10.2484ms
Frame 428 end
Average processing time of GrabImageRGBD(): 10.2374ms
Frame 429 end
Average processing time of GrabImageRGBD(): 10.2308ms
Frame 430 end
Average processing time of GrabImageRGBD(): 10.2275ms
Frame 431 end
Average processing time of GrabImageRGBD(): 10.2263ms
Frame 432 end
Average processing time of GrabImageRGBD(): 10.2682ms
Frame 433 end
Average processing time of GrabImageRGBD(): 10.255ms
Frame 434 end
Average processing time of GrabImageRGBD(): 10.2467ms
Frame 435 end
Average processing time of GrabImageRGBD(): 10.2461ms
Frame 436 end
Average processing time of GrabImageRGBD(): 10.2318ms
Frame 437 end
Average processing time of GrabImageRGBD(): 10.2253ms
Frame 438 end
Average processing time of GrabImageRGBD(): 10.2169ms
Frame 439 end
Average processing time of GrabImageRGBD(): 10.2079ms
Frame 440 end
Average processing time of GrabImageRGBD(): 10.1983ms
Frame 441 end
Average processing time of GrabImageRGBD(): 10.1956ms
Frame 442 end
Average processing time of GrabImageRGBD(): 10.1829ms
Frame 443 end
Average processing time of GrabImageRGBD(): 10.2315ms
Frame 444 end
Average processing time of GrabImageRGBD(): 10.2338ms
Frame 445 end
Average processing time of GrabImageRGBD(): 10.235ms
Frame 446 end
Average processing time of GrabImageRGBD(): 10.2221ms
Frame 447 end
Average processing time of GrabImageRGBD(): 10.2211ms
Frame 448 end
Average processing time of GrabImageRGBD(): 10.2058ms
Frame 449 end
Average processing time of GrabImageRGBD(): 10.2486ms
Frame 450 end
Average processing time of GrabImageRGBD(): 10.2418ms
Frame 451 end
Average processing time of GrabImageRGBD(): 10.2265ms
Frame 452 end
Average processing time of GrabImageRGBD(): 10.2213ms
Frame 453 end
Average processing time of GrabImageRGBD(): 10.2066ms
Frame 454 end
Average processing time of GrabImageRGBD(): 10.1921ms
Frame 455 end
Average processing time of GrabImageRGBD(): 10.1847ms
Frame 456 end
Average processing time of GrabImageRGBD(): 10.225ms
Frame 457 end
Average processing time of GrabImageRGBD(): 10.2228ms
Frame 458 end
Average processing time of GrabImageRGBD(): 10.2083ms
Frame 459 end
Average processing time of GrabImageRGBD(): 10.1947ms
Frame 460 end
Average processing time of GrabImageRGBD(): 10.1918ms
Frame 461 end
Average processing time of GrabImageRGBD(): 10.1785ms
Frame 462 end
Average processing time of GrabImageRGBD(): 10.1795ms
Frame 463 end
Average processing time of GrabImageRGBD(): 10.1764ms
Frame 464 end
Average processing time of GrabImageRGBD(): 10.2261ms
Frame 465 end
Average processing time of GrabImageRGBD(): 10.2179ms
Frame 466 end
Average processing time of GrabImageRGBD(): 10.2048ms
Frame 467 end
Average processing time of GrabImageRGBD(): 10.1909ms
Frame 468 end
Average processing time of GrabImageRGBD(): 10.189ms
Frame 469 end
Average processing time of GrabImageRGBD(): 10.1747ms
Frame 470 end
Average processing time of GrabImageRGBD(): 10.1607ms
Frame 471 end
Average processing time of GrabImageRGBD(): 10.1573ms
Frame 472 end
Average processing time of GrabImageRGBD(): 10.1956ms
Frame 473 end
Average processing time of GrabImageRGBD(): 10.1834ms
Frame 474 end
Average processing time of GrabImageRGBD(): 10.1818ms
Frame 475 end
Average processing time of GrabImageRGBD(): 10.182ms
Frame 476 end
Average processing time of GrabImageRGBD(): 10.168ms
Frame 477 end
Average processing time of GrabImageRGBD(): 10.1686ms
Frame 478 end
Average processing time of GrabImageRGBD(): 10.1687ms
Frame 479 end
Average processing time of GrabImageRGBD(): 10.1673ms
Frame 480 end
Average processing time of GrabImageRGBD(): 10.1556ms
Frame 481 end
Average processing time of GrabImageRGBD(): 10.142ms
Frame 482 end
Average processing time of GrabImageRGBD(): 10.1406ms
Frame 483 end
Average processing time of GrabImageRGBD(): 10.1852ms
Frame 484 end
Average processing time of GrabImageRGBD(): 10.1865ms
Frame 485 end
Average processing time of GrabImageRGBD(): 10.1853ms
Frame 486 end
Average processing time of GrabImageRGBD(): 10.1818ms
Frame 487 end
Average processing time of GrabImageRGBD(): 10.1684ms
Frame 488 end
Average processing time of GrabImageRGBD(): 10.1541ms
Frame 489 end
Average processing time of GrabImageRGBD(): 10.141ms
Frame 490 end
Average processing time of GrabImageRGBD(): 10.1386ms
Frame 491 end
Average processing time of GrabImageRGBD(): 10.1354ms
Frame 492 end
Average processing time of GrabImageRGBD(): 10.1769ms
Frame 493 end
Average processing time of GrabImageRGBD(): 10.1788ms
Frame 494 end
Average processing time of GrabImageRGBD(): 10.1776ms
Frame 495 end
Average processing time of GrabImageRGBD(): 10.1688ms
Frame 496 end
Average processing time of GrabImageRGBD(): 10.1557ms
Frame 497 end
Average processing time of GrabImageRGBD(): 10.143ms
Frame 498 end
Average processing time of GrabImageRGBD(): 10.1409ms
Frame 499 end
Average processing time of GrabImageRGBD(): 10.1407ms
Frame 500 end
Average processing time of GrabImageRGBD(): 10.1269ms
Frame 501 end
Average processing time of GrabImageRGBD(): 10.1133ms
Frame 502 end
Average processing time of GrabImageRGBD(): 10.1657ms
Frame 503 end
Average processing time of GrabImageRGBD(): 10.1628ms
Frame 504 end
Average processing time of GrabImageRGBD(): 10.1507ms
Frame 505 end
Average processing time of GrabImageRGBD(): 10.1469ms
Frame 506 end
Average processing time of GrabImageRGBD(): 10.1329ms
Frame 507 end
Average processing time of GrabImageRGBD(): 10.1202ms
Frame 508 end
Average processing time of GrabImageRGBD(): 10.1161ms
Frame 509 end
Average processing time of GrabImageRGBD(): 10.1031ms
Frame 510 end
Average processing time of GrabImageRGBD(): 10.0904ms
Frame 511 end
Average processing time of GrabImageRGBD(): 10.0817ms
Frame 512 end
Average processing time of GrabImageRGBD(): 10.1415ms
Frame 513 end
Average processing time of GrabImageRGBD(): 10.1435ms
Frame 514 end
Average processing time of GrabImageRGBD(): 10.1431ms
Frame 515 end
Average processing time of GrabImageRGBD(): 10.1428ms
Frame 516 end
Average processing time of GrabImageRGBD(): 10.1413ms
Frame 517 end
Average processing time of GrabImageRGBD(): 10.1406ms
Frame 518 end
Average processing time of GrabImageRGBD(): 10.1288ms
Frame 519 end
Average processing time of GrabImageRGBD(): 10.1283ms
Frame 520 end
Average processing time of GrabImageRGBD(): 10.1275ms
Frame 521 end
Average processing time of GrabImageRGBD(): 10.1248ms
Frame 522 end
Average processing time of GrabImageRGBD(): 10.1143ms
Frame 523 end
Average processing time of GrabImageRGBD(): 10.113ms
Frame 524 end
Average processing time of GrabImageRGBD(): 10.1098ms
Frame 525 end
Average processing time of GrabImageRGBD(): 10.1522ms
Frame 526 end
Average processing time of GrabImageRGBD(): 10.153ms
Frame 527 end
Average processing time of GrabImageRGBD(): 10.145ms
Frame 528 end
Average processing time of GrabImageRGBD(): 10.1425ms
Frame 529 end
Average processing time of GrabImageRGBD(): 10.1298ms
Frame 530 end
Average processing time of GrabImageRGBD(): 10.1285ms
Frame 531 end
Average processing time of GrabImageRGBD(): 10.1261ms
Frame 532 end
Average processing time of GrabImageRGBD(): 10.1238ms
Frame 533 end
Average processing time of GrabImageRGBD(): 10.1219ms
Frame 534 end
Average processing time of GrabImageRGBD(): 10.12ms
Frame 535 end
Average processing time of GrabImageRGBD(): 10.1177ms
Frame 536 end
Average processing time of GrabImageRGBD(): 10.1159ms
Frame 537 end
Average processing time of GrabImageRGBD(): 10.1135ms
Frame 538 end
Average processing time of GrabImageRGBD(): 10.101ms
Frame 539 end
Average processing time of GrabImageRGBD(): 10.0971ms
Frame 540 end
Average processing time of GrabImageRGBD(): 10.0894ms
Frame 541 end
Average processing time of GrabImageRGBD(): 10.1248ms
Frame 542 end
Average processing time of GrabImageRGBD(): 10.1267ms
Frame 543 end
Average processing time of GrabImageRGBD(): 10.1156ms
Frame 544 end
Average processing time of GrabImageRGBD(): 10.1144ms
Frame 545 end
Average processing time of GrabImageRGBD(): 10.114ms
Frame 546 end
Average processing time of GrabImageRGBD(): 10.1024ms
Frame 547 end
Average processing time of GrabImageRGBD(): 10.1011ms
Frame 548 end
Average processing time of GrabImageRGBD(): 10.1002ms
Frame 549 end
Average processing time of GrabImageRGBD(): 10.0975ms
Frame 550 end
Average processing time of GrabImageRGBD(): 10.0963ms
Frame 551 end
Average processing time of GrabImageRGBD(): 10.0948ms
Frame 552 end
Average processing time of GrabImageRGBD(): 10.0932ms
Frame 553 end
Average processing time of GrabImageRGBD(): 10.0864ms
Frame 554 end
Average processing time of GrabImageRGBD(): 10.0852ms
Frame 555 end
Average processing time of GrabImageRGBD(): 10.0772ms
Frame 556 end
Average processing time of GrabImageRGBD(): 10.1122ms
Frame 557 end
Average processing time of GrabImageRGBD(): 10.1047ms
Frame 558 end
Average processing time of GrabImageRGBD(): 10.1022ms
Frame 559 end
Average processing time of GrabImageRGBD(): 10.0963ms
Frame 560 end
Average processing time of GrabImageRGBD(): 10.0918ms
Frame 561 end
Average processing time of GrabImageRGBD(): 10.0866ms
Frame 562 end
Average processing time of GrabImageRGBD(): 10.0749ms
Frame 563 end
Average processing time of GrabImageRGBD(): 10.0626ms
Frame 564 end
Average processing time of GrabImageRGBD(): 10.0577ms
Frame 565 end
Average processing time of GrabImageRGBD(): 10.0526ms
Frame 566 end
Average processing time of GrabImageRGBD(): 10.0457ms
Frame 567 end
Average processing time of GrabImageRGBD(): 10.0811ms
Frame 568 end
Average processing time of GrabImageRGBD(): 10.081ms
Frame 569 end
Average processing time of GrabImageRGBD(): 10.0701ms
Frame 570 end
Average processing time of GrabImageRGBD(): 10.0642ms
Frame 571 end
Average processing time of GrabImageRGBD(): 10.0583ms
Frame 572 end
Average processing time of GrabImageRGBD(): 10.052ms
Frame 573 end
Average processing time of GrabImageRGBD(): 10.0456ms
Frame 574 end
Average processing time of GrabImageRGBD(): 10.0374ms
Frame 575 end
Average processing time of GrabImageRGBD(): 10.0306ms
Frame 576 end
Average processing time of GrabImageRGBD(): 10.0219ms
Frame 577 end
Average processing time of GrabImageRGBD(): 10.0145ms
Frame 578 end
Average processing time of GrabImageRGBD(): 10.0059ms
Frame 579 end
Average processing time of GrabImageRGBD(): 10.0406ms
Frame 580 end
Average processing time of GrabImageRGBD(): 10.0338ms
Frame 581 end
Average processing time of GrabImageRGBD(): 10.0225ms
Frame 582 end
Average processing time of GrabImageRGBD(): 10.0202ms
Frame 583 end
Average processing time of GrabImageRGBD(): 10.0181ms
Frame 584 end
Average processing time of GrabImageRGBD(): 10.0073ms
Frame 585 end
Average processing time of GrabImageRGBD(): 9.99587ms
Frame 586 end
Average processing time of GrabImageRGBD(): 9.98489ms
Frame 587 end
Average processing time of GrabImageRGBD(): 9.97353ms
Frame 588 end
Average processing time of GrabImageRGBD(): 9.96475ms
Frame 589 end
Average processing time of GrabImageRGBD(): 9.95924ms
Frame 590 end
Average processing time of GrabImageRGBD(): 9.95423ms
Frame 591 end
Average processing time of GrabImageRGBD(): 9.98597ms
Frame 592 end
Average processing time of GrabImageRGBD(): 9.98591ms
Frame 593 end
Average processing time of GrabImageRGBD(): 9.9832ms
Frame 594 end
Average processing time of GrabImageRGBD(): 9.98004ms
Frame 595 end
Average processing time of GrabImageRGBD(): 9.97728ms
Frame 596 end
Average processing time of GrabImageRGBD(): 9.96682ms
Frame 597 end
Average processing time of GrabImageRGBD(): 9.96381ms
Frame 598 end
Average processing time of GrabImageRGBD(): 9.95619ms
Frame 599 end
Average processing time of GrabImageRGBD(): 9.95151ms
Frame 600 end
Average processing time of GrabImageRGBD(): 9.94094ms
Frame 601 end
Average processing time of GrabImageRGBD(): 9.93615ms
Frame 602 end
Average processing time of GrabImageRGBD(): 9.92618ms
Frame 603 end
Average processing time of GrabImageRGBD(): 9.95582ms
Frame 604 end
Average processing time of GrabImageRGBD(): 9.94699ms
Frame 605 end
Average processing time of GrabImageRGBD(): 9.93694ms
Frame 606 end
Average processing time of GrabImageRGBD(): 9.93031ms
Frame 607 end
Average processing time of GrabImageRGBD(): 9.91988ms
Frame 608 end
Average processing time of GrabImageRGBD(): 9.90936ms
Frame 609 end
Average processing time of GrabImageRGBD(): 9.89794ms
Frame 610 end
Average processing time of GrabImageRGBD(): 9.89097ms
Frame 611 end
Average processing time of GrabImageRGBD(): 9.8838ms
Frame 612 end
Average processing time of GrabImageRGBD(): 9.87646ms
Frame 613 end
Average processing time of GrabImageRGBD(): 9.86641ms
Frame 614 end
Average processing time of GrabImageRGBD(): 9.85845ms
Frame 615 end
Average processing time of GrabImageRGBD(): 9.88838ms
Frame 616 end
Average processing time of GrabImageRGBD(): 9.88615ms
Frame 617 end
Average processing time of GrabImageRGBD(): 9.8827ms
Frame 618 end
Average processing time of GrabImageRGBD(): 9.87237ms
Frame 619 end
Average processing time of GrabImageRGBD(): 9.86688ms
Frame 620 end
Average processing time of GrabImageRGBD(): 9.85952ms
Frame 621 end
Average processing time of GrabImageRGBD(): 9.85326ms
Frame 622 end
Average processing time of GrabImageRGBD(): 9.84259ms
Frame 623 end
Average processing time of GrabImageRGBD(): 9.83686ms
Frame 624 end
Average processing time of GrabImageRGBD(): 9.83041ms
Frame 625 end
Average processing time of GrabImageRGBD(): 9.82387ms
Frame 626 end
Average processing time of GrabImageRGBD(): 9.85432ms
Frame 627 end
Average processing time of GrabImageRGBD(): 9.85183ms
Frame 628 end
Average processing time of GrabImageRGBD(): 9.84659ms
Frame 629 end
Average processing time of GrabImageRGBD(): 9.83613ms
Frame 630 end
Average processing time of GrabImageRGBD(): 9.82564ms
Frame 631 end
Average processing time of GrabImageRGBD(): 9.82171ms
Frame 632 end
Average processing time of GrabImageRGBD(): 9.81141ms
Frame 633 end
Average processing time of GrabImageRGBD(): 9.80615ms
Frame 634 end
Average processing time of GrabImageRGBD(): 9.80053ms
Frame 635 end
Average processing time of GrabImageRGBD(): 9.78975ms
Frame 636 end
Average processing time of GrabImageRGBD(): 9.78282ms
Frame 637 end
Average processing time of GrabImageRGBD(): 9.77238ms
Frame 638 end
Average processing time of GrabImageRGBD(): 9.80415ms
Frame 639 end
Average processing time of GrabImageRGBD(): 9.7957ms
Frame 640 end
Average processing time of GrabImageRGBD(): 9.79226ms
Frame 641 end
Average processing time of GrabImageRGBD(): 9.78756ms
Frame 642 end
Average processing time of GrabImageRGBD(): 9.77744ms
Frame 643 end
Average processing time of GrabImageRGBD(): 9.76752ms
Frame 644 end
Average processing time of GrabImageRGBD(): 9.76222ms
Frame 645 end
Average processing time of GrabImageRGBD(): 9.75739ms
Frame 646 end
Average processing time of GrabImageRGBD(): 9.74723ms
Frame 647 end
Average processing time of GrabImageRGBD(): 9.73824ms
Frame 648 end
Average processing time of GrabImageRGBD(): 9.72778ms
Frame 649 end
Average processing time of GrabImageRGBD(): 9.75599ms
Frame 650 end
Average processing time of GrabImageRGBD(): 9.7499ms
Frame 651 end
Average processing time of GrabImageRGBD(): 9.74614ms
Frame 652 end
Average processing time of GrabImageRGBD(): 9.74329ms
Frame 653 end
Average processing time of GrabImageRGBD(): 9.73559ms
Frame 654 end
Average processing time of GrabImageRGBD(): 9.73088ms
Frame 655 end
Average processing time of GrabImageRGBD(): 9.72149ms
Frame 656 end
Average processing time of GrabImageRGBD(): 9.71328ms
Frame 657 end
Average processing time of GrabImageRGBD(): 9.70295ms
Frame 658 end
Average processing time of GrabImageRGBD(): 9.69251ms
Frame 659 end
Average processing time of GrabImageRGBD(): 9.72268ms
Frame 660 end
Average processing time of GrabImageRGBD(): 9.72025ms
Frame 661 end
Average processing time of GrabImageRGBD(): 9.71083ms
Frame 662 end
Average processing time of GrabImageRGBD(): 9.70755ms
Frame 663 end
Average processing time of GrabImageRGBD(): 9.70464ms
Frame 664 end
Average processing time of GrabImageRGBD(): 9.69806ms
Frame 665 end
Average processing time of GrabImageRGBD(): 9.6882ms
Frame 666 end
Average processing time of GrabImageRGBD(): 9.72066ms
Frame 667 end
Average processing time of GrabImageRGBD(): 9.71934ms
Frame 668 end
Average processing time of GrabImageRGBD(): 9.71236ms
Frame 669 end
Average processing time of GrabImageRGBD(): 9.70717ms
Frame 670 end
Average processing time of GrabImageRGBD(): 9.69718ms
Frame 671 end
Average processing time of GrabImageRGBD(): 9.69176ms
Frame 672 end
Average processing time of GrabImageRGBD(): 9.68488ms
Frame 673 end
Average processing time of GrabImageRGBD(): 9.67782ms
Frame 674 end
Average processing time of GrabImageRGBD(): 9.66898ms
Frame 675 end
Average processing time of GrabImageRGBD(): 9.65922ms
Frame 676 end
Average processing time of GrabImageRGBD(): 9.64967ms
Frame 677 end
Average processing time of GrabImageRGBD(): 9.64268ms
Frame 678 end
Average processing time of GrabImageRGBD(): 9.67144ms
Frame 679 end
Average processing time of GrabImageRGBD(): 9.66383ms
Frame 680 end
Average processing time of GrabImageRGBD(): 9.65516ms
Frame 681 end
Average processing time of GrabImageRGBD(): 9.64971ms
Frame 682 end
Average processing time of GrabImageRGBD(): 9.64872ms
Frame 683 end
Average processing time of GrabImageRGBD(): 9.64048ms
Frame 684 end
Average processing time of GrabImageRGBD(): 9.67638ms
Frame 685 end
Average processing time of GrabImageRGBD(): 9.70871ms
Frame 686 end
Average processing time of GrabImageRGBD(): 9.71014ms
Frame 687 end
Average processing time of GrabImageRGBD(): 9.70116ms
Frame 688 end
Average processing time of GrabImageRGBD(): 9.69158ms
Frame 689 end
Average processing time of GrabImageRGBD(): 9.68686ms
Frame 690 end
Average processing time of GrabImageRGBD(): 9.68263ms
Frame 691 end
Average processing time of GrabImageRGBD(): 9.67542ms
Frame 692 end
Average processing time of GrabImageRGBD(): 9.66589ms
Frame 693 end
Average processing time of GrabImageRGBD(): 9.6566ms
Frame 694 end
Average processing time of GrabImageRGBD(): 9.65128ms
Frame 695 end
Average processing time of GrabImageRGBD(): 9.64256ms
Frame 696 end
Average processing time of GrabImageRGBD(): 9.67175ms
Frame 697 end
Average processing time of GrabImageRGBD(): 9.66896ms
Frame 698 end
Average processing time of GrabImageRGBD(): 9.66814ms
Frame 699 end
Average processing time of GrabImageRGBD(): 9.66694ms
Frame 700 end
Average processing time of GrabImageRGBD(): 9.65955ms
Frame 701 end
Average processing time of GrabImageRGBD(): 9.65114ms
Frame 702 end
Average processing time of GrabImageRGBD(): 9.64863ms
Frame 703 end
Average processing time of GrabImageRGBD(): 9.63975ms
Frame 704 end
Average processing time of GrabImageRGBD(): 9.63082ms
Frame 705 end
Average processing time of GrabImageRGBD(): 9.628ms
Frame 706 end
Average processing time of GrabImageRGBD(): 9.62196ms
Frame 707 end
Average processing time of GrabImageRGBD(): 9.65523ms
Frame 708 end
Average processing time of GrabImageRGBD(): 9.65532ms
Frame 709 end
Average processing time of GrabImageRGBD(): 9.65392ms
Frame 710 end
Average processing time of GrabImageRGBD(): 9.653ms
Frame 711 end
Average processing time of GrabImageRGBD(): 9.65234ms
Frame 712 end
Average processing time of GrabImageRGBD(): 9.65055ms
Frame 713 end
Average processing time of GrabImageRGBD(): 9.64183ms
Frame 714 end
Average processing time of GrabImageRGBD(): 9.63994ms
Frame 715 end
Average processing time of GrabImageRGBD(): 9.63909ms
Frame 716 end
Average processing time of GrabImageRGBD(): 9.63742ms
Frame 717 end
Average processing time of GrabImageRGBD(): 9.62878ms
Frame 718 end
Average processing time of GrabImageRGBD(): 9.66035ms
Frame 719 end
Average processing time of GrabImageRGBD(): 9.65371ms
Frame 720 end
Average processing time of GrabImageRGBD(): 9.65121ms
Frame 721 end
Average processing time of GrabImageRGBD(): 9.6471ms
Frame 722 end
Average processing time of GrabImageRGBD(): 9.64342ms
Frame 723 end
Average processing time of GrabImageRGBD(): 9.63633ms
Frame 724 end
Average processing time of GrabImageRGBD(): 9.6293ms
Frame 725 end
Average processing time of GrabImageRGBD(): 9.62146ms
Frame 726 end
Average processing time of GrabImageRGBD(): 9.61772ms
Frame 727 end
Average processing time of GrabImageRGBD(): 9.61221ms
Frame 728 end
Average processing time of GrabImageRGBD(): 9.6033ms
Frame 729 end
Average processing time of GrabImageRGBD(): 9.59474ms
Frame 730 end
Average processing time of GrabImageRGBD(): 9.62431ms
Frame 731 end
Average processing time of GrabImageRGBD(): 9.61774ms
Frame 732 end
Average processing time of GrabImageRGBD(): 9.61446ms
Frame 733 end
Average processing time of GrabImageRGBD(): 9.61158ms
Frame 734 end
Average processing time of GrabImageRGBD(): 9.60484ms
Frame 735 end
Average processing time of GrabImageRGBD(): 9.59666ms
Frame 736 end
Average processing time of GrabImageRGBD(): 9.5913ms
Frame 737 end
Average processing time of GrabImageRGBD(): 9.58289ms
Frame 738 end
Average processing time of GrabImageRGBD(): 9.57889ms
Frame 739 end
Average processing time of GrabImageRGBD(): 9.57435ms
Frame 740 end
Average processing time of GrabImageRGBD(): 9.57038ms
Frame 741 end
Average processing time of GrabImageRGBD(): 9.56512ms
Frame 742 end
Average processing time of GrabImageRGBD(): 9.55781ms
Frame 743 end
Average processing time of GrabImageRGBD(): 9.58685ms
Frame 744 end
Average processing time of GrabImageRGBD(): 9.58065ms
Frame 745 end
Average processing time of GrabImageRGBD(): 9.57333ms
Frame 746 end
Average processing time of GrabImageRGBD(): 9.57106ms
Frame 747 end
Average processing time of GrabImageRGBD(): 9.56751ms
Frame 748 end
Average processing time of GrabImageRGBD(): 9.56656ms
Frame 749 end
Average processing time of GrabImageRGBD(): 9.56336ms
Frame 750 end
Average processing time of GrabImageRGBD(): 9.59358ms
Frame 751 end
Average processing time of GrabImageRGBD(): 9.58744ms
Frame 752 end
Average processing time of GrabImageRGBD(): 9.58067ms
Frame 753 end
Average processing time of GrabImageRGBD(): 9.57177ms
Frame 754 end
Average processing time of GrabImageRGBD(): 9.60196ms
Frame 755 end
Average processing time of GrabImageRGBD(): 9.60342ms
Frame 756 end
Average processing time of GrabImageRGBD(): 9.63357ms
Frame 757 end
Average processing time of GrabImageRGBD(): 9.62957ms
Frame 758 end
Average processing time of GrabImageRGBD(): 9.62194ms
Frame 759 end
Average processing time of GrabImageRGBD(): 9.61893ms
Frame 760 end
Average processing time of GrabImageRGBD(): 9.61471ms
Frame 761 end
Average processing time of GrabImageRGBD(): 9.60994ms
Frame 762 end
Average processing time of GrabImageRGBD(): 9.63949ms
Frame 763 end
Average processing time of GrabImageRGBD(): 9.63449ms
Frame 764 end
Average processing time of GrabImageRGBD(): 9.62642ms
Frame 765 end
Average processing time of GrabImageRGBD(): 9.62387ms
Frame 766 end
Average processing time of GrabImageRGBD(): 9.61578ms
Frame 767 end
Average processing time of GrabImageRGBD(): 9.64904ms
Frame 768 end
Average processing time of GrabImageRGBD(): 9.6501ms
Frame 769 end
Average processing time of GrabImageRGBD(): 9.64534ms
Frame 770 end
Average processing time of GrabImageRGBD(): 9.64232ms
Frame 771 end
Average processing time of GrabImageRGBD(): 9.63426ms
Frame 772 end
Average processing time of GrabImageRGBD(): 9.63142ms
Frame 773 end
Average processing time of GrabImageRGBD(): 9.66885ms
Frame 774 end
Average processing time of GrabImageRGBD(): 9.66629ms
Frame 775 end
Average processing time of GrabImageRGBD(): 9.66433ms
Frame 776 end
Average processing time of GrabImageRGBD(): 9.69661ms
Frame 777 end
Average processing time of GrabImageRGBD(): 9.73665ms
Frame 778 end
Average processing time of GrabImageRGBD(): 9.77324ms
Frame 779 end
Average processing time of GrabImageRGBD(): 9.80989ms
Frame 780 end
Average processing time of GrabImageRGBD(): 9.85084ms
Frame 781 end
Average processing time of GrabImageRGBD(): 9.89151ms
Frame 782 end
Average processing time of GrabImageRGBD(): 9.88814ms
Frame 783 end
Average processing time of GrabImageRGBD(): 9.87975ms
Frame 784 end
Average processing time of GrabImageRGBD(): 9.87722ms
Frame 785 end
Average processing time of GrabImageRGBD(): 9.87548ms
Frame 786 end
Average processing time of GrabImageRGBD(): 9.86839ms
Frame 787 end
Average processing time of GrabImageRGBD(): 9.86589ms
Frame 788 end
Average processing time of GrabImageRGBD(): 9.85794ms
Frame 789 end
Average processing time of GrabImageRGBD(): 9.8518ms
Frame 790 end
Average processing time of GrabImageRGBD(): 9.84993ms
Frame 791 end
Average processing time of GrabImageRGBD(): 9.8421ms
Frame 792 end
Average processing time of GrabImageRGBD(): 9.83801ms
Frame 793 end
Average processing time of GrabImageRGBD(): 9.83358ms
Frame 794 end
Average processing time of GrabImageRGBD(): 9.82625ms
Frame 795 end
Average processing time of GrabImageRGBD(): 9.82174ms
Frame 796 end
Average processing time of GrabImageRGBD(): 9.81344ms
Frame 797 end
Average processing time of GrabImageRGBD(): 9.80888ms
Frame 798 end
Average processing time of GrabImageRGBD(): 9.83524ms
Frame 799 end
Average processing time of GrabImageRGBD(): 9.83499ms
Frame 800 end
Average processing time of GrabImageRGBD(): 9.87646ms
Frame 801 end
Average processing time of GrabImageRGBD(): 9.87646ms
Frame 802 end
Average processing time of GrabImageRGBD(): 9.86819ms
Frame 803 end
Average processing time of GrabImageRGBD(): 9.85945ms
Frame 804 end
Average processing time of GrabImageRGBD(): 9.85146ms
Frame 805 end
Average processing time of GrabImageRGBD(): 9.87911ms
Frame 806 end
Average processing time of GrabImageRGBD(): 9.87517ms
Frame 807 end
Average processing time of GrabImageRGBD(): 9.8704ms
Frame 808 end
Average processing time of GrabImageRGBD(): 9.86185ms
Frame 809 end
Average processing time of GrabImageRGBD(): 9.85461ms
Frame 810 end
Average processing time of GrabImageRGBD(): 9.84795ms
Frame 811 end
Average processing time of GrabImageRGBD(): 9.83954ms
Frame 812 end
Average processing time of GrabImageRGBD(): 9.83375ms
Frame 813 end
Average processing time of GrabImageRGBD(): 9.82846ms
Frame 814 end
Average processing time of GrabImageRGBD(): 9.82417ms
Frame 815 end
Average processing time of GrabImageRGBD(): 9.81615ms
Frame 816 end
Average processing time of GrabImageRGBD(): 9.81088ms
Frame 817 end
Average processing time of GrabImageRGBD(): 9.80326ms
Frame 818 end
Average processing time of GrabImageRGBD(): 9.79858ms
Frame 819 end
Average processing time of GrabImageRGBD(): 9.79361ms
Frame 820 end
Average processing time of GrabImageRGBD(): 9.78853ms
Frame 821 end
Average processing time of GrabImageRGBD(): 9.78196ms
Frame 822 end
Average processing time of GrabImageRGBD(): 9.80428ms
Frame 823 end
Average processing time of GrabImageRGBD(): 9.79744ms
Frame 824 end
Average processing time of GrabImageRGBD(): 9.79436ms
Frame 825 end
Average processing time of GrabImageRGBD(): 9.78722ms
Frame 826 end
Average processing time of GrabImageRGBD(): 9.77931ms
Frame 827 end
Average processing time of GrabImageRGBD(): 9.77507ms
Frame 828 end
Average processing time of GrabImageRGBD(): 9.77037ms
Frame 829 end
Average processing time of GrabImageRGBD(): 9.76235ms
Frame 830 end
Average processing time of GrabImageRGBD(): 9.75409ms
Frame 831 end
Average processing time of GrabImageRGBD(): 9.7494ms
Frame 832 end
Average processing time of GrabImageRGBD(): 9.74391ms
Frame 833 end
Average processing time of GrabImageRGBD(): 9.73653ms
Frame 834 end
Average processing time of GrabImageRGBD(): 9.73244ms
Frame 835 end
Average processing time of GrabImageRGBD(): 9.72763ms
Frame 836 end
Average processing time of GrabImageRGBD(): 9.72232ms
Frame 837 end
Average processing time of GrabImageRGBD(): 9.74643ms
Frame 838 end
Average processing time of GrabImageRGBD(): 9.74426ms
Frame 839 end
Average processing time of GrabImageRGBD(): 9.74058ms
Frame 840 end
Average processing time of GrabImageRGBD(): 9.73294ms
Frame 841 end
Average processing time of GrabImageRGBD(): 9.72961ms
Frame 842 end
Average processing time of GrabImageRGBD(): 9.72577ms
Frame 843 end
Average processing time of GrabImageRGBD(): 9.71768ms
Frame 844 end
Average processing time of GrabImageRGBD(): 9.71003ms
Frame 845 end
Average processing time of GrabImageRGBD(): 9.70589ms
Frame 846 end
Average processing time of GrabImageRGBD(): 9.69817ms
Frame 847 end
Average processing time of GrabImageRGBD(): 9.69018ms
Frame 848 end
Average processing time of GrabImageRGBD(): 9.68528ms
Frame 849 end
Average processing time of GrabImageRGBD(): 9.6804ms
Frame 850 end
Average processing time of GrabImageRGBD(): 9.67577ms
Frame 851 end
Average processing time of GrabImageRGBD(): 9.69774ms
Frame 852 end
Average processing time of GrabImageRGBD(): 9.69173ms
Frame 853 end
Average processing time of GrabImageRGBD(): 9.68548ms
Frame 854 end
Average processing time of GrabImageRGBD(): 9.67807ms
Frame 855 end
Average processing time of GrabImageRGBD(): 9.67058ms
Frame 856 end
Average processing time of GrabImageRGBD(): 9.66821ms
Frame 857 end
Average processing time of GrabImageRGBD(): 9.66111ms
Frame 858 end
Average processing time of GrabImageRGBD(): 9.65804ms
Frame 859 end
Average processing time of GrabImageRGBD(): 9.65064ms
Frame 860 end
Average processing time of GrabImageRGBD(): 9.64803ms
Frame 861 end
Average processing time of GrabImageRGBD(): 9.64503ms
Frame 862 end
Average processing time of GrabImageRGBD(): 9.64187ms
Frame 863 end
Average processing time of GrabImageRGBD(): 9.63437ms
Frame 864 end
Average processing time of GrabImageRGBD(): 9.63081ms
Frame 865 end
Average processing time of GrabImageRGBD(): 9.62673ms
Frame 866 end
Average processing time of GrabImageRGBD(): 9.62038ms
Frame 867 end
Average processing time of GrabImageRGBD(): 9.64395ms
Frame 868 end
Average processing time of GrabImageRGBD(): 9.64378ms
Frame 869 end
Average processing time of GrabImageRGBD(): 9.64316ms
Frame 870 end
Average processing time of GrabImageRGBD(): 9.63834ms
Frame 871 end
Average processing time of GrabImageRGBD(): 9.63109ms
Frame 872 end
Average processing time of GrabImageRGBD(): 9.62405ms
Frame 873 end
Average processing time of GrabImageRGBD(): 9.62015ms
Frame 874 end
Average processing time of GrabImageRGBD(): 9.61589ms
Frame 875 end
Average processing time of GrabImageRGBD(): 9.61175ms
Frame 876 end
Average processing time of GrabImageRGBD(): 9.60413ms
Frame 877 end
Average processing time of GrabImageRGBD(): 9.5972ms
Frame 878 end
Average processing time of GrabImageRGBD(): 9.593ms
Frame 879 end
Average processing time of GrabImageRGBD(): 9.58589ms
Frame 880 end
Average processing time of GrabImageRGBD(): 9.58091ms
Frame 881 end
Average processing time of GrabImageRGBD(): 9.60514ms
Frame 882 end
Average processing time of GrabImageRGBD(): 9.6005ms
Frame 883 end
Average processing time of GrabImageRGBD(): 9.60122ms
Frame 884 end
Average processing time of GrabImageRGBD(): 9.62716ms
Frame 885 end
Average processing time of GrabImageRGBD(): 9.62795ms
Frame 886 end
Average processing time of GrabImageRGBD(): 9.62099ms
Frame 887 end
Average processing time of GrabImageRGBD(): 9.61926ms
Frame 888 end
Average processing time of GrabImageRGBD(): 9.61706ms
Frame 889 end
Average processing time of GrabImageRGBD(): 9.61767ms
Frame 890 end
Average processing time of GrabImageRGBD(): 9.61064ms
Frame 891 end
Average processing time of GrabImageRGBD(): 9.60388ms
Frame 892 end
Average processing time of GrabImageRGBD(): 9.59725ms
Frame 893 end
Average processing time of GrabImageRGBD(): 9.59062ms
Frame 894 end
Average processing time of GrabImageRGBD(): 9.58775ms
Frame 895 end
Average processing time of GrabImageRGBD(): 9.58074ms
Frame 896 end
Average processing time of GrabImageRGBD(): 9.60813ms
Frame 897 end
Average processing time of GrabImageRGBD(): 9.60828ms
Frame 898 end
Average processing time of GrabImageRGBD(): 9.60737ms
Frame 899 end
Average processing time of GrabImageRGBD(): 9.60159ms
Frame 900 end
Average processing time of GrabImageRGBD(): 9.59742ms
Frame 901 end
Average processing time of GrabImageRGBD(): 9.59146ms
Frame 902 end
Average processing time of GrabImageRGBD(): 9.58813ms
Frame 903 end
Average processing time of GrabImageRGBD(): 9.62265ms
Frame 904 end
Average processing time of GrabImageRGBD(): 9.6224ms
Frame 905 end
Average processing time of GrabImageRGBD(): 9.61817ms
Frame 906 end
Average processing time of GrabImageRGBD(): 9.61116ms
Frame 907 end
Average processing time of GrabImageRGBD(): 9.604ms
Frame 908 end
Average processing time of GrabImageRGBD(): 9.60004ms
Frame 909 end
Average processing time of GrabImageRGBD(): 9.59309ms
Frame 910 end
Average processing time of GrabImageRGBD(): 9.58728ms
Frame 911 end
Average processing time of GrabImageRGBD(): 9.58308ms
Frame 912 end
Average processing time of GrabImageRGBD(): 9.57846ms
Frame 913 end
Average processing time of GrabImageRGBD(): 9.57198ms
Frame 914 end
Average processing time of GrabImageRGBD(): 9.56758ms
Frame 915 end
Average processing time of GrabImageRGBD(): 9.56297ms
Frame 916 end
Average processing time of GrabImageRGBD(): 9.55891ms
Frame 917 end
Average processing time of GrabImageRGBD(): 9.55424ms
Frame 918 end
Average processing time of GrabImageRGBD(): 9.57578ms
Frame 919 end
Average processing time of GrabImageRGBD(): 9.57476ms
Frame 920 end
Average processing time of GrabImageRGBD(): 9.57101ms
Frame 921 end
Average processing time of GrabImageRGBD(): 9.56758ms
Frame 922 end
Average processing time of GrabImageRGBD(): 9.5643ms
Frame 923 end
Average processing time of GrabImageRGBD(): 9.55772ms
Frame 924 end
Average processing time of GrabImageRGBD(): 9.55113ms
Frame 925 end
Average processing time of GrabImageRGBD(): 9.54646ms
Frame 926 end
Average processing time of GrabImageRGBD(): 9.5423ms
Frame 927 end
Average processing time of GrabImageRGBD(): 9.53827ms
Frame 928 end
Average processing time of GrabImageRGBD(): 9.53457ms
Frame 929 end
Average processing time of GrabImageRGBD(): 9.53012ms
Frame 930 end
Average processing time of GrabImageRGBD(): 9.52611ms
Frame 931 end
Average processing time of GrabImageRGBD(): 9.51915ms
Frame 932 end
Average processing time of GrabImageRGBD(): 9.51516ms
Frame 933 end
Average processing time of GrabImageRGBD(): 9.50816ms
Frame 934 end
Average processing time of GrabImageRGBD(): 9.50407ms
Frame 935 end
Average processing time of GrabImageRGBD(): 9.49716ms
Frame 936 end
Average processing time of GrabImageRGBD(): 9.49265ms
Frame 937 end
Average processing time of GrabImageRGBD(): 9.48834ms
Frame 938 end
Average processing time of GrabImageRGBD(): 9.51043ms
Frame 939 end
Average processing time of GrabImageRGBD(): 9.5062ms
Frame 940 end
Average processing time of GrabImageRGBD(): 9.49935ms
Frame 941 end
Average processing time of GrabImageRGBD(): 9.49605ms
Frame 942 end
Average processing time of GrabImageRGBD(): 9.48907ms
Frame 943 end
Average processing time of GrabImageRGBD(): 9.48559ms
Frame 944 end
Average processing time of GrabImageRGBD(): 9.48295ms
Frame 945 end
Average processing time of GrabImageRGBD(): 9.47925ms
Frame 946 end
Average processing time of GrabImageRGBD(): 9.47574ms
Frame 947 end
Average processing time of GrabImageRGBD(): 9.46862ms
Frame 948 end
Average processing time of GrabImageRGBD(): 9.463ms
Frame 949 end
Average processing time of GrabImageRGBD(): 9.45841ms
Frame 950 end
Average processing time of GrabImageRGBD(): 9.45179ms
Frame 951 end
Average processing time of GrabImageRGBD(): 9.44497ms
Frame 952 end
Average processing time of GrabImageRGBD(): 9.43894ms
Frame 953 end
Average processing time of GrabImageRGBD(): 9.43509ms
Frame 954 end
Average processing time of GrabImageRGBD(): 9.43104ms
Frame 955 end
Average processing time of GrabImageRGBD(): 9.45253ms
Frame 956 end
Average processing time of GrabImageRGBD(): 9.45185ms
Frame 957 end
Average processing time of GrabImageRGBD(): 9.44975ms
Frame 958 end
Average processing time of GrabImageRGBD(): 9.44339ms
Frame 959 end
Average processing time of GrabImageRGBD(): 9.43696ms
Frame 960 end
Average processing time of GrabImageRGBD(): 9.4304ms
Frame 961 end
Average processing time of GrabImageRGBD(): 9.42845ms
Frame 962 end
Average processing time of GrabImageRGBD(): 9.42562ms
Frame 963 end
Average processing time of GrabImageRGBD(): 9.42268ms
Frame 964 end
Average processing time of GrabImageRGBD(): 9.41972ms
Frame 965 end
Average processing time of GrabImageRGBD(): 9.41456ms
Frame 966 end
Average processing time of GrabImageRGBD(): 9.41155ms
Frame 967 end
Average processing time of GrabImageRGBD(): 9.40832ms
Frame 968 end
Average processing time of GrabImageRGBD(): 9.40181ms
Frame 969 end
Average processing time of GrabImageRGBD(): 9.39876ms
Frame 970 end
Average processing time of GrabImageRGBD(): 9.39423ms
Frame 971 end
Average processing time of GrabImageRGBD(): 9.39141ms
Frame 972 end
Average processing time of GrabImageRGBD(): 9.38488ms
Frame 973 end
Average processing time of GrabImageRGBD(): 9.40925ms
Frame 974 end
Average processing time of GrabImageRGBD(): 9.41011ms
Frame 975 end
Average processing time of GrabImageRGBD(): 9.40885ms
Frame 976 end
Average processing time of GrabImageRGBD(): 9.40278ms
Frame 977 end
Average processing time of GrabImageRGBD(): 9.40243ms
Frame 978 end
Average processing time of GrabImageRGBD(): 9.40087ms
Frame 979 end
Average processing time of GrabImageRGBD(): 9.39825ms
Frame 980 end
Average processing time of GrabImageRGBD(): 9.39199ms
Frame 981 end
Average processing time of GrabImageRGBD(): 9.38661ms
Frame 982 end
Average processing time of GrabImageRGBD(): 9.38325ms
Frame 983 end
Average processing time of GrabImageRGBD(): 9.37898ms
Frame 984 end
Average processing time of GrabImageRGBD(): 9.37277ms
Frame 985 end
Average processing time of GrabImageRGBD(): 9.37014ms
Frame 986 end
Average processing time of GrabImageRGBD(): 9.3653ms
Frame 987 end
Average processing time of GrabImageRGBD(): 9.36272ms
Frame 988 end
Average processing time of GrabImageRGBD(): 9.35675ms
Frame 989 end
Average processing time of GrabImageRGBD(): 9.35323ms
Frame 990 end
Average processing time of GrabImageRGBD(): 9.34685ms
Frame 991 end
Average processing time of GrabImageRGBD(): 9.36882ms
Frame 992 end
Average processing time of GrabImageRGBD(): 9.39283ms
Frame 993 end
Average processing time of GrabImageRGBD(): 9.4238ms
Frame 994 end
Average processing time of GrabImageRGBD(): 9.42431ms
Frame 995 end
Average processing time of GrabImageRGBD(): 9.41813ms
Frame 996 end
Average processing time of GrabImageRGBD(): 9.44028ms
Frame 997 end
Average processing time of GrabImageRGBD(): 9.43846ms
Frame 998 end
Average processing time of GrabImageRGBD(): 9.43223ms
Frame 999 end
Average processing time of GrabImageRGBD(): 9.42701ms
Frame 1000 end
Average processing time of GrabImageRGBD(): 9.42868ms
Frame 1001 end
Average processing time of GrabImageRGBD(): 9.42583ms
Frame 1002 end
Average processing time of GrabImageRGBD(): 9.45232ms
Frame 1003 end
Average processing time of GrabImageRGBD(): 9.4549ms
Frame 1004 end
Average processing time of GrabImageRGBD(): 9.45128ms
Frame 1005 end
Average processing time of GrabImageRGBD(): 9.47414ms
Frame 1006 end
Average processing time of GrabImageRGBD(): 9.4758ms
Frame 1007 end
Average processing time of GrabImageRGBD(): 9.47345ms
Frame 1008 end
Average processing time of GrabImageRGBD(): 9.46868ms
Frame 1009 end
Average processing time of GrabImageRGBD(): 9.46567ms
Frame 1010 end
Average processing time of GrabImageRGBD(): 9.4627ms
Frame 1011 end
Average processing time of GrabImageRGBD(): 9.45972ms
Frame 1012 end
Average processing time of GrabImageRGBD(): 9.45584ms
Frame 1013 end
Average processing time of GrabImageRGBD(): 9.44979ms
Frame 1014 end
Average processing time of GrabImageRGBD(): 9.44672ms
Frame 1015 end
Average processing time of GrabImageRGBD(): 9.44317ms
Frame 1016 end
Average processing time of GrabImageRGBD(): 9.43936ms
Frame 1017 end
Average processing time of GrabImageRGBD(): 9.43349ms
Frame 1018 end
Average processing time of GrabImageRGBD(): 9.42775ms
Frame 1019 end
Average processing time of GrabImageRGBD(): 9.42373ms
Frame 1020 end
Average processing time of GrabImageRGBD(): 9.41967ms
Frame 1021 end
Average processing time of GrabImageRGBD(): 9.44048ms
Frame 1022 end
Average processing time of GrabImageRGBD(): 9.43887ms
Frame 1023 end
Average processing time of GrabImageRGBD(): 9.45808ms
Frame 1024 end
Average processing time of GrabImageRGBD(): 9.45545ms
Frame 1025 end
Average processing time of GrabImageRGBD(): 9.45293ms
Frame 1026 end
Average processing time of GrabImageRGBD(): 9.44899ms
Frame 1027 end
Average processing time of GrabImageRGBD(): 9.47064ms
Frame 1028 end
Average processing time of GrabImageRGBD(): 9.46959ms
Frame 1029 end
Average processing time of GrabImageRGBD(): 9.48819ms
Frame 1030 end
Average processing time of GrabImageRGBD(): 9.48707ms
Frame 1031 end
Average processing time of GrabImageRGBD(): 9.48331ms
Frame 1032 end
Average processing time of GrabImageRGBD(): 9.47747ms
Frame 1033 end
Average processing time of GrabImageRGBD(): 9.49878ms
Frame 1034 end
Average processing time of GrabImageRGBD(): 9.52015ms
Frame 1035 end
Average processing time of GrabImageRGBD(): 9.51778ms
Frame 1036 end
Average processing time of GrabImageRGBD(): 9.51401ms
Frame 1037 end
Average processing time of GrabImageRGBD(): 9.51138ms
Frame 1038 end
Average processing time of GrabImageRGBD(): 9.50573ms
Frame 1039 end
Average processing time of GrabImageRGBD(): 9.50167ms
Frame 1040 end
Average processing time of GrabImageRGBD(): 9.49935ms
Frame 1041 end
Average processing time of GrabImageRGBD(): 9.49354ms
Frame 1042 end
Average processing time of GrabImageRGBD(): 9.49151ms
Frame 1043 end
Average processing time of GrabImageRGBD(): 9.48796ms
Frame 1044 end
Average processing time of GrabImageRGBD(): 9.48228ms
Frame 1045 end
Average processing time of GrabImageRGBD(): 9.47603ms
Frame 1046 end
Average processing time of GrabImageRGBD(): 9.47358ms
Frame 1047 end
Average processing time of GrabImageRGBD(): 9.47124ms
Frame 1048 end
Average processing time of GrabImageRGBD(): 9.4651ms
Frame 1049 end
Average processing time of GrabImageRGBD(): 9.45952ms
Frame 1050 end
Average processing time of GrabImageRGBD(): 9.45493ms
Frame 1051 end
Average processing time of GrabImageRGBD(): 9.45146ms
Frame 1052 end
Average processing time of GrabImageRGBD(): 9.46984ms
Frame 1053 end
Average processing time of GrabImageRGBD(): 9.46478ms
Frame 1054 end
Average processing time of GrabImageRGBD(): 9.45862ms
Frame 1055 end
Average processing time of GrabImageRGBD(): 9.45731ms
Frame 1056 end
Average processing time of GrabImageRGBD(): 9.45572ms
Frame 1057 end
Average processing time of GrabImageRGBD(): 9.45372ms
Frame 1058 end
Average processing time of GrabImageRGBD(): 9.44822ms
Frame 1059 end
Average processing time of GrabImageRGBD(): 9.4428ms
Frame 1060 end
Average processing time of GrabImageRGBD(): 9.43912ms
Frame 1061 end
Average processing time of GrabImageRGBD(): 9.43332ms
Frame 1062 end
Average processing time of GrabImageRGBD(): 9.43065ms
Frame 1063 end
Average processing time of GrabImageRGBD(): 9.42479ms
Frame 1064 end
Average processing time of GrabImageRGBD(): 9.42108ms
Frame 1065 end
Average processing time of GrabImageRGBD(): 9.41666ms
Frame 1066 end
Average processing time of GrabImageRGBD(): 9.41358ms
Frame 1067 end
Average processing time of GrabImageRGBD(): 9.43369ms
Frame 1068 end
Average processing time of GrabImageRGBD(): 9.43549ms
Frame 1069 end
Average processing time of GrabImageRGBD(): 9.43086ms
Frame 1070 end
Average processing time of GrabImageRGBD(): 9.42942ms
Frame 1071 end
Average processing time of GrabImageRGBD(): 9.42407ms
Frame 1072 end
Average processing time of GrabImageRGBD(): 9.42185ms
Frame 1073 end
Average processing time of GrabImageRGBD(): 9.41782ms
Frame 1074 end
Average processing time of GrabImageRGBD(): 9.41532ms
Frame 1075 end
Average processing time of GrabImageRGBD(): 9.4106ms
Frame 1076 end
Average processing time of GrabImageRGBD(): 9.40467ms
Frame 1077 end
Average processing time of GrabImageRGBD(): 9.40085ms
Frame 1078 end
Average processing time of GrabImageRGBD(): 9.39731ms
Frame 1079 end
Average processing time of GrabImageRGBD(): 9.39184ms
Frame 1080 end
Average processing time of GrabImageRGBD(): 9.38655ms
Frame 1081 end
Average processing time of GrabImageRGBD(): 9.38069ms
Frame 1082 end
Average processing time of GrabImageRGBD(): 9.37485ms
Frame 1083 end
Average processing time of GrabImageRGBD(): 9.39386ms
Frame 1084 end
Average processing time of GrabImageRGBD(): 9.39081ms
Frame 1085 end
Average processing time of GrabImageRGBD(): 9.38623ms
Frame 1086 end
Average processing time of GrabImageRGBD(): 9.38068ms
Frame 1087 end
Average processing time of GrabImageRGBD(): 9.37516ms
Frame 1088 end
Average processing time of GrabImageRGBD(): 9.37047ms
Frame 1089 end
Average processing time of GrabImageRGBD(): 9.36438ms
Frame 1090 end
Average processing time of GrabImageRGBD(): 9.35927ms
Frame 1091 end
Average processing time of GrabImageRGBD(): 9.35373ms
Frame 1092 end
Average processing time of GrabImageRGBD(): 9.35113ms
Frame 1093 end
Average processing time of GrabImageRGBD(): 9.34787ms
Frame 1094 end
Average processing time of GrabImageRGBD(): 9.34564ms
Frame 1095 end
Average processing time of GrabImageRGBD(): 9.34252ms
Frame 1096 end
Average processing time of GrabImageRGBD(): 9.33872ms
Frame 1097 end
Average processing time of GrabImageRGBD(): 9.33335ms
Frame 1098 end
Average processing time of GrabImageRGBD(): 9.32955ms
Frame 1099 end
Average processing time of GrabImageRGBD(): 9.32599ms
Frame 1100 end
Average processing time of GrabImageRGBD(): 9.3445ms
Frame 1101 end
Average processing time of GrabImageRGBD(): 9.34307ms
Frame 1102 end
Average processing time of GrabImageRGBD(): 9.34074ms
Frame 1103 end
Average processing time of GrabImageRGBD(): 9.33843ms
Frame 1104 end
Average processing time of GrabImageRGBD(): 9.33372ms
Frame 1105 end
Average processing time of GrabImageRGBD(): 9.32877ms
Frame 1106 end
Average processing time of GrabImageRGBD(): 9.3259ms
Frame 1107 end
Average processing time of GrabImageRGBD(): 9.32116ms
Frame 1108 end
Average processing time of GrabImageRGBD(): 9.31708ms
Frame 1109 end
Average processing time of GrabImageRGBD(): 9.31426ms
Frame 1110 end
Average processing time of GrabImageRGBD(): 9.31153ms
Frame 1111 end
Average processing time of GrabImageRGBD(): 9.30857ms
Frame 1112 end
Average processing time of GrabImageRGBD(): 9.30389ms
Frame 1113 end
Average processing time of GrabImageRGBD(): 9.30109ms
Frame 1114 end
Average processing time of GrabImageRGBD(): 9.2981ms
Frame 1115 end
Average processing time of GrabImageRGBD(): 9.29475ms
Frame 1116 end
Average processing time of GrabImageRGBD(): 9.31257ms
Frame 1117 end
Average processing time of GrabImageRGBD(): 9.31047ms
Frame 1118 end
Average processing time of GrabImageRGBD(): 9.30613ms
Frame 1119 end
Average processing time of GrabImageRGBD(): 9.30029ms
Frame 1120 end
Average processing time of GrabImageRGBD(): 9.2975ms
Frame 1121 end
Average processing time of GrabImageRGBD(): 9.29598ms
Frame 1122 end
Average processing time of GrabImageRGBD(): 9.29205ms
Frame 1123 end
Average processing time of GrabImageRGBD(): 9.28952ms
Frame 1124 end
Average processing time of GrabImageRGBD(): 9.28406ms
Frame 1125 end
Average processing time of GrabImageRGBD(): 9.28173ms
Frame 1126 end
Average processing time of GrabImageRGBD(): 9.27916ms
Frame 1127 end
Average processing time of GrabImageRGBD(): 9.27456ms
Frame 1128 end
Average processing time of GrabImageRGBD(): 9.27211ms
Frame 1129 end
Average processing time of GrabImageRGBD(): 9.26741ms
Frame 1130 end
Average processing time of GrabImageRGBD(): 9.26181ms
Frame 1131 end
Average processing time of GrabImageRGBD(): 9.25628ms
Frame 1132 end
Average processing time of GrabImageRGBD(): 9.2525ms
Frame 1133 end
Average processing time of GrabImageRGBD(): 9.27873ms
Frame 1134 end
Average processing time of GrabImageRGBD(): 9.27828ms
Frame 1135 end
Average processing time of GrabImageRGBD(): 9.27279ms
Frame 1136 end
Average processing time of GrabImageRGBD(): 9.2713ms
Frame 1137 end
Average processing time of GrabImageRGBD(): 9.27046ms
Frame 1138 end
Average processing time of GrabImageRGBD(): 9.26494ms
Frame 1139 end
Average processing time of GrabImageRGBD(): 9.26176ms
Frame 1140 end
Average processing time of GrabImageRGBD(): 9.25915ms
Frame 1141 end
Average processing time of GrabImageRGBD(): 9.25665ms
Frame 1142 end
Average processing time of GrabImageRGBD(): 9.25386ms
Frame 1143 end
Average processing time of GrabImageRGBD(): 9.24831ms
Frame 1144 end
Average processing time of GrabImageRGBD(): 9.24508ms
Frame 1145 end
Average processing time of GrabImageRGBD(): 9.24226ms
Frame 1146 end
Average processing time of GrabImageRGBD(): 9.23949ms
Frame 1147 end
Average processing time of GrabImageRGBD(): 9.23687ms
Frame 1148 end
Average processing time of GrabImageRGBD(): 9.23232ms
Frame 1149 end
Average processing time of GrabImageRGBD(): 9.22777ms
Frame 1150 end
Average processing time of GrabImageRGBD(): 9.24583ms
Frame 1151 end
Average processing time of GrabImageRGBD(): 9.24464ms
Frame 1152 end
Average processing time of GrabImageRGBD(): 9.24214ms
Frame 1153 end
Average processing time of GrabImageRGBD(): 9.23817ms
Frame 1154 end
Average processing time of GrabImageRGBD(): 9.2352ms
Frame 1155 end
Average processing time of GrabImageRGBD(): 9.23346ms
Frame 1156 end
Average processing time of GrabImageRGBD(): 9.23076ms
Frame 1157 end
Average processing time of GrabImageRGBD(): 9.22781ms
Frame 1158 end
Average processing time of GrabImageRGBD(): 9.2244ms
Frame 1159 end
Average processing time of GrabImageRGBD(): 9.21917ms
Frame 1160 end
Average processing time of GrabImageRGBD(): 9.21602ms
Frame 1161 end
Average processing time of GrabImageRGBD(): 9.21268ms
Frame 1162 end
Average processing time of GrabImageRGBD(): 9.20756ms
Frame 1163 end
Average processing time of GrabImageRGBD(): 9.20231ms
Frame 1164 end
Average processing time of GrabImageRGBD(): 9.19767ms
Frame 1165 end
Average processing time of GrabImageRGBD(): 9.19366ms
Frame 1166 end
Average processing time of GrabImageRGBD(): 9.21214ms
Frame 1167 end
Average processing time of GrabImageRGBD(): 9.20784ms
Frame 1168 end
Average processing time of GrabImageRGBD(): 9.2049ms
Frame 1169 end
Average processing time of GrabImageRGBD(): 9.20299ms
Frame 1170 end
Average processing time of GrabImageRGBD(): 9.198ms
Frame 1171 end
Average processing time of GrabImageRGBD(): 9.19296ms
Frame 1172 end
Average processing time of GrabImageRGBD(): 9.19066ms
Frame 1173 end
Average processing time of GrabImageRGBD(): 9.18815ms
Frame 1174 end
Average processing time of GrabImageRGBD(): 9.18549ms
Frame 1175 end
Average processing time of GrabImageRGBD(): 9.18274ms
Frame 1176 end
Average processing time of GrabImageRGBD(): 9.17743ms
Frame 1177 end
Average processing time of GrabImageRGBD(): 9.17408ms
Frame 1178 end
Average processing time of GrabImageRGBD(): 9.1716ms
Frame 1179 end
Average processing time of GrabImageRGBD(): 9.1684ms
Frame 1180 end
Average processing time of GrabImageRGBD(): 9.166ms
Frame 1181 end
Average processing time of GrabImageRGBD(): 9.16333ms
Frame 1182 end
Average processing time of GrabImageRGBD(): 9.18124ms
Frame 1183 end
Average processing time of GrabImageRGBD(): 9.18126ms
Frame 1184 end
Average processing time of GrabImageRGBD(): 9.17959ms
Frame 1185 end
Average processing time of GrabImageRGBD(): 9.17778ms
Frame 1186 end
Average processing time of GrabImageRGBD(): 9.17532ms
Frame 1187 end
Average processing time of GrabImageRGBD(): 9.17044ms
Frame 1188 end
Average processing time of GrabImageRGBD(): 9.16688ms
Frame 1189 end
Average processing time of GrabImageRGBD(): 9.16314ms
Frame 1190 end
Average processing time of GrabImageRGBD(): 9.16117ms
Frame 1191 end
Average processing time of GrabImageRGBD(): 9.15929ms
Frame 1192 end
Average processing time of GrabImageRGBD(): 9.15428ms
Frame 1193 end
Average processing time of GrabImageRGBD(): 9.15236ms
Frame 1194 end
Average processing time of GrabImageRGBD(): 9.14903ms
Frame 1195 end
Average processing time of GrabImageRGBD(): 9.14679ms
Frame 1196 end
Average processing time of GrabImageRGBD(): 9.14183ms
Frame 1197 end
Average processing time of GrabImageRGBD(): 9.13672ms
Frame 1198 end
Average processing time of GrabImageRGBD(): 9.15519ms
Frame 1199 end
Average processing time of GrabImageRGBD(): 9.15307ms
Frame 1200 end
Average processing time of GrabImageRGBD(): 9.15174ms
Frame 1201 end
Average processing time of GrabImageRGBD(): 9.1501ms
Frame 1202 end
Average processing time of GrabImageRGBD(): 9.14675ms
Frame 1203 end
Average processing time of GrabImageRGBD(): 9.14497ms
Frame 1204 end
Average processing time of GrabImageRGBD(): 9.14023ms
Frame 1205 end
Average processing time of GrabImageRGBD(): 9.13861ms
Frame 1206 end
Average processing time of GrabImageRGBD(): 9.13658ms
Frame 1207 end
Average processing time of GrabImageRGBD(): 9.13172ms
Frame 1208 end
Average processing time of GrabImageRGBD(): 9.12843ms
Frame 1209 end
Average processing time of GrabImageRGBD(): 9.12496ms
Frame 1210 end
Average processing time of GrabImageRGBD(): 9.12256ms
Frame 1211 end
Average processing time of GrabImageRGBD(): 9.1193ms
Frame 1212 end
Average processing time of GrabImageRGBD(): 9.117ms
Frame 1213 end
Average processing time of GrabImageRGBD(): 9.13293ms
Frame 1214 end
Average processing time of GrabImageRGBD(): 9.1341ms
Frame 1215 end
Average processing time of GrabImageRGBD(): 9.13094ms
Frame 1216 end
Average processing time of GrabImageRGBD(): 9.12994ms
Frame 1217 end
Average processing time of GrabImageRGBD(): 9.12958ms
Frame 1218 end
Average processing time of GrabImageRGBD(): 9.12885ms
Frame 1219 end
Average processing time of GrabImageRGBD(): 9.12492ms
Frame 1220 end
Average processing time of GrabImageRGBD(): 9.11998ms
Frame 1221 end
Average processing time of GrabImageRGBD(): 9.11571ms
Frame 1222 end
Average processing time of GrabImageRGBD(): 9.11201ms
Frame 1223 end
Average processing time of GrabImageRGBD(): 9.1084ms
Frame 1224 end
Average processing time of GrabImageRGBD(): 9.10579ms
Frame 1225 end
Average processing time of GrabImageRGBD(): 9.10212ms
Frame 1226 end
Average processing time of GrabImageRGBD(): 9.0998ms
Frame 1227 end
Average processing time of GrabImageRGBD(): 9.09695ms
Frame 1228 end
Average processing time of GrabImageRGBD(): 9.09333ms
Frame 1229 end
Average processing time of GrabImageRGBD(): 9.08832ms
Frame 1230 end
Average processing time of GrabImageRGBD(): 9.10684ms
Frame 1231 end
Average processing time of GrabImageRGBD(): 9.10334ms
Frame 1232 end
Average processing time of GrabImageRGBD(): 9.10067ms
Frame 1233 end
Average processing time of GrabImageRGBD(): 9.09783ms
Frame 1234 end
Average processing time of GrabImageRGBD(): 9.0952ms
Frame 1235 end
Average processing time of GrabImageRGBD(): 9.09017ms
Frame 1236 end
Average processing time of GrabImageRGBD(): 9.08798ms
Frame 1237 end
Average processing time of GrabImageRGBD(): 9.08416ms
Frame 1238 end
Average processing time of GrabImageRGBD(): 9.08056ms
Frame 1239 end
Average processing time of GrabImageRGBD(): 9.07845ms
Frame 1240 end
Average processing time of GrabImageRGBD(): 9.07369ms
Frame 1241 end
Average processing time of GrabImageRGBD(): 9.06944ms
Frame 1242 end
Average processing time of GrabImageRGBD(): 9.06646ms
Frame 1243 end
Average processing time of GrabImageRGBD(): 9.06313ms
Frame 1244 end
Average processing time of GrabImageRGBD(): 9.05987ms
Frame 1245 end
Average processing time of GrabImageRGBD(): 9.05581ms
Frame 1246 end
Average processing time of GrabImageRGBD(): 9.05217ms
Frame 1247 end
Average processing time of GrabImageRGBD(): 9.0474ms
Frame 1248 end
Average processing time of GrabImageRGBD(): 9.04318ms
Frame 1249 end
Average processing time of GrabImageRGBD(): 9.03995ms
Frame 1250 end
Average processing time of GrabImageRGBD(): 9.0367ms
Frame 1251 end
Average processing time of GrabImageRGBD(): 9.05328ms
Frame 1252 end
Average processing time of GrabImageRGBD(): 9.05359ms
Frame 1253 end
Average processing time of GrabImageRGBD(): 9.05299ms
Frame 1254 end
Average processing time of GrabImageRGBD(): 9.05248ms
Frame 1255 end
Average processing time of GrabImageRGBD(): 9.05215ms
Frame 1256 end
Average processing time of GrabImageRGBD(): 9.05132ms
Frame 1257 end
Average processing time of GrabImageRGBD(): 9.04911ms
Frame 1258 end
Average processing time of GrabImageRGBD(): 9.04783ms
Frame 1259 end
Average processing time of GrabImageRGBD(): 9.04326ms
Frame 1260 end
Average processing time of GrabImageRGBD(): 9.04217ms
Frame 1261 end
Average processing time of GrabImageRGBD(): 9.03858ms
Frame 1262 end
Average processing time of GrabImageRGBD(): 9.03414ms
Frame 1263 end
Average processing time of GrabImageRGBD(): 9.03174ms
Frame 1264 end
Average processing time of GrabImageRGBD(): 9.03039ms
Frame 1265 end
Average processing time of GrabImageRGBD(): 9.0268ms
Frame 1266 end
Average processing time of GrabImageRGBD(): 9.02205ms
Frame 1267 end
Average processing time of GrabImageRGBD(): 9.01746ms
Frame 1268 end
Average processing time of GrabImageRGBD(): 9.03532ms
Frame 1269 end
Average processing time of GrabImageRGBD(): 9.03162ms
Frame 1270 end
Average processing time of GrabImageRGBD(): 9.02821ms
Frame 1271 end
Average processing time of GrabImageRGBD(): 9.02553ms
Frame 1272 end
Average processing time of GrabImageRGBD(): 9.025ms
Frame 1273 end
Average processing time of GrabImageRGBD(): 9.02237ms
Frame 1274 end
Average processing time of GrabImageRGBD(): 9.0179ms
Frame 1275 end
Average processing time of GrabImageRGBD(): 9.01562ms
Frame 1276 end
Average processing time of GrabImageRGBD(): 9.01111ms
Frame 1277 end
Average processing time of GrabImageRGBD(): 9.00672ms
Frame 1278 end
Average processing time of GrabImageRGBD(): 9.00325ms
Frame 1279 end
Average processing time of GrabImageRGBD(): 9.00231ms
Frame 1280 end
Average processing time of GrabImageRGBD(): 8.99813ms
Frame 1281 end
Average processing time of GrabImageRGBD(): 8.9974ms
Frame 1282 end
Average processing time of GrabImageRGBD(): 8.99638ms
Frame 1283 end
Average processing time of GrabImageRGBD(): 8.99308ms
Frame 1284 end
Average processing time of GrabImageRGBD(): 8.98886ms
Frame 1285 end
Shutdown
-------

median tracking time: 0.00689354
mean tracking time: 0.00968015

Saving camera trajectory to CameraTrajectory.txt ...

Saving keyframe trajectory to KeyFrameTrajectory.txt ...
