
ORB-SLAM3 Copyright (C) 2017-2020 Carlos Campos, Richard Elvira, Juan J. Gómez, José M.M. Montiel and Juan D. Tardós, University of Zaragoza.
ORB-SLAM2 Copyright (C) 2014-2016 Raúl Mur-Artal, José M.M. Montiel and Juan D. Tardós, University of Zaragoza.
This program comes with ABSOLUTELY NO WARRANTY;
This is free software, and you are welcome to redistribute it
under certain conditions. See LICENSE.txt.

Input sensor was set to: RGB-D
Loading settings from /home/bingxin/Downloads/NGD-SLAM/Examples/RGB-D/Bonn.yaml
Camera1.k3 optional parameter does not exist...
	-Loaded camera 1
Camera.newHeight optional parameter does not exist...
Camera.newWidth optional parameter does not exist...
	-Loaded image info
	-Loaded RGB-D calibration
	-Loaded ORB settings
Viewer.imageViewScale optional parameter does not exist...
	-Loaded viewer settings
System.LoadAtlasFromFile optional parameter does not exist...
System.SaveAtlasToFile optional parameter does not exist...
	-Loaded Atlas settings
System.thFarPoints optional parameter does not exist...
	-Loaded misc parameters
----------------------------------
SLAM settings: 
	-Camera 1 parameters (Pinhole): [ 542.823 542.577 315.594 237.756 ]
	-Camera 1 distortion parameters: [  0.039903 -0.099343 -0.00073 -0.000144 ]
	-Original image size: [ 640 , 480 ]
	-Current image size: [ 640 , 480 ]
	-Sequence FPS: 30
	-RGB-D depth map factor: 5000
	-Features per image: 1000
	-ORB scale factor: 1.2
	-ORB number of scales: 8
	-Initial FAST threshold: 20
	-Min FAST threshold: 7


Loading ORB Vocabulary. This could take a while...
Vocabulary loaded!

Initialization of Atlas from scratch 
Creation of new map with id: 0
Creation of new map with last KF id: 0
Seq. Name: 
There are 1 cameras in the atlas
Camera 0 is pinhole
Net use yolo-fastest

-------
Start processing sequence ...
Images in the sequence: 1286

First KF:0; Map init KF:0
New Map created with 955 points
Average processing time of GrabImageRGBD(): 43.9949ms
Frame 0 end
Average processing time of GrabImageRGBD(): 40.0857ms
Frame 1 end
Average processing time of GrabImageRGBD(): 36.7182ms
Frame 2 end
Average processing time of GrabImageRGBD(): 30.2317ms
Frame 3 end
Average processing time of GrabImageRGBD(): 26.3763ms
Frame 4 end
Average processing time of GrabImageRGBD(): 22.6285ms
Frame 5 end
Starting the Viewer
Average processing time of GrabImageRGBD(): 19.8243ms
Frame 6 end
Average processing time of GrabImageRGBD(): 18.6495ms
Frame 7 end
Average processing time of GrabImageRGBD(): 17.6894ms
Frame 8 end
Average processing time of GrabImageRGBD(): 16.2165ms
Frame 9 end
Average processing time of GrabImageRGBD(): 15.075ms
Frame 10 end
Average processing time of GrabImageRGBD(): 14.573ms
Frame 11 end
Average processing time of GrabImageRGBD(): 15.5133ms
Frame 12 end
Average processing time of GrabImageRGBD(): 15.0404ms
Frame 13 end
Average processing time of GrabImageRGBD(): 14.2756ms
Frame 14 end
Average processing time of GrabImageRGBD(): 13.5934ms
Frame 15 end
Average processing time of GrabImageRGBD(): 13.3074ms
Frame 16 end
Average processing time of GrabImageRGBD(): 12.7132ms
Frame 17 end
Average processing time of GrabImageRGBD(): 12.3236ms
Frame 18 end
Average processing time of GrabImageRGBD(): 11.9261ms
Frame 19 end
Average processing time of GrabImageRGBD(): 11.5078ms
Frame 20 end
Average processing time of GrabImageRGBD(): 11.3735ms
Frame 21 end
Average processing time of GrabImageRGBD(): 11.2456ms
Frame 22 end
Average processing time of GrabImageRGBD(): 11.8375ms
Frame 23 end
Average processing time of GrabImageRGBD(): 11.5139ms
Frame 24 end
Average processing time of GrabImageRGBD(): 11.1951ms
Frame 25 end
Average processing time of GrabImageRGBD(): 11.068ms
Frame 26 end
Average processing time of GrabImageRGBD(): 10.9433ms
Frame 27 end
Average processing time of GrabImageRGBD(): 10.7839ms
Frame 28 end
Average processing time of GrabImageRGBD(): 10.6807ms
Frame 29 end
Average processing time of GrabImageRGBD(): 10.4339ms
Frame 30 end
Average processing time of GrabImageRGBD(): 10.3548ms
Frame 31 end
Average processing time of GrabImageRGBD(): 10.8157ms
Frame 32 end
Average processing time of GrabImageRGBD(): 10.7859ms
Frame 33 end
Average processing time of GrabImageRGBD(): 10.5555ms
Frame 34 end
Average processing time of GrabImageRGBD(): 10.5139ms
Frame 35 end
Average processing time of GrabImageRGBD(): 10.3271ms
Frame 36 end
Average processing time of GrabImageRGBD(): 10.2009ms
Frame 37 end
Average processing time of GrabImageRGBD(): 10.16ms
Frame 38 end
Average processing time of GrabImageRGBD(): 10.0244ms
Frame 39 end
Average processing time of GrabImageRGBD(): 10.594ms
Frame 40 end
Average processing time of GrabImageRGBD(): 10.5986ms
Frame 41 end
Average processing time of GrabImageRGBD(): 10.4142ms
Frame 42 end
Average processing time of GrabImageRGBD(): 10.8769ms
Frame 43 end
Average processing time of GrabImageRGBD(): 10.735ms
Frame 44 end
Average processing time of GrabImageRGBD(): 11.0654ms
Frame 45 end
Average processing time of GrabImageRGBD(): 11.0608ms
Frame 46 end
Average processing time of GrabImageRGBD(): 10.9022ms
Frame 47 end
Average processing time of GrabImageRGBD(): 10.7496ms
Frame 48 end
Average processing time of GrabImageRGBD(): 11.1318ms
Frame 49 end
Average processing time of GrabImageRGBD(): 11.1684ms
Frame 50 end
Average processing time of GrabImageRGBD(): 11.4568ms
Frame 51 end
Average processing time of GrabImageRGBD(): 11.4459ms
Frame 52 end
Average processing time of GrabImageRGBD(): 11.3315ms
Frame 53 end
Average processing time of GrabImageRGBD(): 11.2146ms
Frame 54 end
Average processing time of GrabImageRGBD(): 11.1777ms
Frame 55 end
Average processing time of GrabImageRGBD(): 11.0411ms
Frame 56 end
Average processing time of GrabImageRGBD(): 10.9861ms
Frame 57 end
Average processing time of GrabImageRGBD(): 10.9487ms
Frame 58 end
Average processing time of GrabImageRGBD(): 11.2027ms
Frame 59 end
Average processing time of GrabImageRGBD(): 11.1317ms
Frame 60 end
Average processing time of GrabImageRGBD(): 11.1093ms
Frame 61 end
Average processing time of GrabImageRGBD(): 10.9839ms
Frame 62 end
Average processing time of GrabImageRGBD(): 10.8863ms
Frame 63 end
Average processing time of GrabImageRGBD(): 11.1788ms
Frame 64 end
Average processing time of GrabImageRGBD(): 11.0952ms
Frame 65 end
Average processing time of GrabImageRGBD(): 11.0748ms
Frame 66 end
Average processing time of GrabImageRGBD(): 11.0511ms
Frame 67 end
Average processing time of GrabImageRGBD(): 11.0209ms
Frame 68 end
Average processing time of GrabImageRGBD(): 10.9659ms
Frame 69 end
Average processing time of GrabImageRGBD(): 10.8637ms
Frame 70 end
Average processing time of GrabImageRGBD(): 10.8282ms
Frame 71 end
Average processing time of GrabImageRGBD(): 10.7263ms
Frame 72 end
Average processing time of GrabImageRGBD(): 10.9234ms
Frame 73 end
Average processing time of GrabImageRGBD(): 10.9116ms
Frame 74 end
Average processing time of GrabImageRGBD(): 10.9016ms
Frame 75 end
Average processing time of GrabImageRGBD(): 10.8855ms
Frame 76 end
Average processing time of GrabImageRGBD(): 10.7843ms
Frame 77 end
Average processing time of GrabImageRGBD(): 10.6989ms
Frame 78 end
Average processing time of GrabImageRGBD(): 10.6126ms
Frame 79 end
Average processing time of GrabImageRGBD(): 10.5508ms
Frame 80 end
Average processing time of GrabImageRGBD(): 10.4674ms
Frame 81 end
Average processing time of GrabImageRGBD(): 10.3842ms
Frame 82 end
Average processing time of GrabImageRGBD(): 10.6251ms
Frame 83 end
Average processing time of GrabImageRGBD(): 10.5666ms
Frame 84 end
Average processing time of GrabImageRGBD(): 10.4881ms
Frame 85 end
Average processing time of GrabImageRGBD(): 10.4619ms
Frame 86 end
Average processing time of GrabImageRGBD(): 10.4564ms
Frame 87 end
Average processing time of GrabImageRGBD(): 10.4279ms
Frame 88 end
Average processing time of GrabImageRGBD(): 10.3799ms
Frame 89 end
Average processing time of GrabImageRGBD(): 10.3522ms
Frame 90 end
Average processing time of GrabImageRGBD(): 10.2772ms
Frame 91 end
Average processing time of GrabImageRGBD(): 10.4457ms
Frame 92 end
Average processing time of GrabImageRGBD(): 10.4403ms
Frame 93 end
Average processing time of GrabImageRGBD(): 10.3629ms
Frame 94 end
Average processing time of GrabImageRGBD(): 10.3261ms
Frame 95 end
Average processing time of GrabImageRGBD(): 10.2557ms
Frame 96 end
Average processing time of GrabImageRGBD(): 10.2408ms
Frame 97 end
Average processing time of GrabImageRGBD(): 10.221ms
Frame 98 end
Average processing time of GrabImageRGBD(): 10.2035ms
Frame 99 end
Average processing time of GrabImageRGBD(): 10.396ms
Frame 100 end
Average processing time of GrabImageRGBD(): 10.3327ms
Frame 101 end
Average processing time of GrabImageRGBD(): 10.2664ms
Frame 102 end
Average processing time of GrabImageRGBD(): 10.2587ms
Frame 103 end
Average processing time of GrabImageRGBD(): 10.189ms
Frame 104 end
Average processing time of GrabImageRGBD(): 10.1727ms
Frame 105 end
Average processing time of GrabImageRGBD(): 10.1074ms
Frame 106 end
Average processing time of GrabImageRGBD(): 10.0704ms
Frame 107 end
Average processing time of GrabImageRGBD(): 10.0482ms
Frame 108 end
Average processing time of GrabImageRGBD(): 10.0383ms
Frame 109 end
Average processing time of GrabImageRGBD(): 10.0251ms
Frame 110 end
Average processing time of GrabImageRGBD(): 9.96135ms
Frame 111 end
Average processing time of GrabImageRGBD(): 9.92483ms
Frame 112 end
Average processing time of GrabImageRGBD(): 9.88137ms
Frame 113 end
Average processing time of GrabImageRGBD(): 10.0182ms
Frame 114 end
Average processing time of GrabImageRGBD(): 10.0024ms
Frame 115 end
Average processing time of GrabImageRGBD(): 9.94062ms
Frame 116 end
Average processing time of GrabImageRGBD(): 9.91679ms
Frame 117 end
Average processing time of GrabImageRGBD(): 9.89042ms
Frame 118 end
Average processing time of GrabImageRGBD(): 9.84086ms
Frame 119 end
Average processing time of GrabImageRGBD(): 9.79859ms
Frame 120 end
Average processing time of GrabImageRGBD(): 9.77903ms
Frame 121 end
Average processing time of GrabImageRGBD(): 9.75464ms
Frame 122 end
Average processing time of GrabImageRGBD(): 9.71979ms
Frame 123 end
Average processing time of GrabImageRGBD(): 9.66537ms
Frame 124 end
Average processing time of GrabImageRGBD(): 9.64201ms
Frame 125 end
Average processing time of GrabImageRGBD(): 9.60128ms
Frame 126 end
Average processing time of GrabImageRGBD(): 9.56184ms
Frame 127 end
Average processing time of GrabImageRGBD(): 9.52185ms
Frame 128 end
Average processing time of GrabImageRGBD(): 9.48167ms
Frame 129 end
Average processing time of GrabImageRGBD(): 9.61183ms
Frame 130 end
Average processing time of GrabImageRGBD(): 9.56786ms
Frame 131 end
Average processing time of GrabImageRGBD(): 9.51652ms
Frame 132 end
Average processing time of GrabImageRGBD(): 9.68925ms
Frame 133 end
Average processing time of GrabImageRGBD(): 9.64784ms
Frame 134 end
Average processing time of GrabImageRGBD(): 9.60533ms
Frame 135 end
Average processing time of GrabImageRGBD(): 9.72612ms
Frame 136 end
Average processing time of GrabImageRGBD(): 9.73872ms
Frame 137 end
Average processing time of GrabImageRGBD(): 9.68908ms
Frame 138 end
Average processing time of GrabImageRGBD(): 9.80686ms
Frame 139 end
Average processing time of GrabImageRGBD(): 9.82444ms
Frame 140 end
Average processing time of GrabImageRGBD(): 9.78332ms
Frame 141 end
Average processing time of GrabImageRGBD(): 9.77936ms
Frame 142 end
Average processing time of GrabImageRGBD(): 9.7823ms
Frame 143 end
Average processing time of GrabImageRGBD(): 9.73516ms
Frame 144 end
Average processing time of GrabImageRGBD(): 9.85361ms
Frame 145 end
Average processing time of GrabImageRGBD(): 9.85406ms
Frame 146 end
Average processing time of GrabImageRGBD(): 9.84879ms
Frame 147 end
Average processing time of GrabImageRGBD(): 9.96886ms
Frame 148 end
Average processing time of GrabImageRGBD(): 9.98677ms
Frame 149 end
Average processing time of GrabImageRGBD(): 9.99577ms
Frame 150 end
Average processing time of GrabImageRGBD(): 9.95283ms
Frame 151 end
Average processing time of GrabImageRGBD(): 9.93794ms
Frame 152 end
Average processing time of GrabImageRGBD(): 10.0748ms
Frame 153 end
Average processing time of GrabImageRGBD(): 10.0636ms
Frame 154 end
Average processing time of GrabImageRGBD(): 10.0357ms
Frame 155 end
Average processing time of GrabImageRGBD(): 10.0326ms
Frame 156 end
Average processing time of GrabImageRGBD(): 10.1492ms
Frame 157 end
Average processing time of GrabImageRGBD(): 10.1556ms
Frame 158 end
Average processing time of GrabImageRGBD(): 10.1133ms
Frame 159 end
Average processing time of GrabImageRGBD(): 10.073ms
Frame 160 end
Average processing time of GrabImageRGBD(): 10.0683ms
Frame 161 end
Average processing time of GrabImageRGBD(): 10.0627ms
Frame 162 end
Average processing time of GrabImageRGBD(): 10.023ms
Frame 163 end
Average processing time of GrabImageRGBD(): 10.0119ms
Frame 164 end
Average processing time of GrabImageRGBD(): 10.1274ms
Frame 165 end
Average processing time of GrabImageRGBD(): 10.1278ms
Frame 166 end
Average processing time of GrabImageRGBD(): 10.0846ms
Frame 167 end
Average processing time of GrabImageRGBD(): 10.0789ms
Frame 168 end
Average processing time of GrabImageRGBD(): 10.0662ms
Frame 169 end
Average processing time of GrabImageRGBD(): 10.0538ms
Frame 170 end
Average processing time of GrabImageRGBD(): 10.0217ms
Frame 171 end
Average processing time of GrabImageRGBD(): 9.98328ms
Frame 172 end
Average processing time of GrabImageRGBD(): 9.97699ms
Frame 173 end
Average processing time of GrabImageRGBD(): 9.93668ms
Frame 174 end
Average processing time of GrabImageRGBD(): 10.0502ms
Frame 175 end
Average processing time of GrabImageRGBD(): 10.0504ms
Frame 176 end
Average processing time of GrabImageRGBD(): 10.0279ms
Frame 177 end
Average processing time of GrabImageRGBD(): 9.9925ms
Frame 178 end
Average processing time of GrabImageRGBD(): 10.1066ms
Frame 179 end
Average processing time of GrabImageRGBD(): 10.0954ms
Frame 180 end
Average processing time of GrabImageRGBD(): 10.0579ms
Frame 181 end
Average processing time of GrabImageRGBD(): 10.033ms
Frame 182 end
Average processing time of GrabImageRGBD(): 10.1361ms
Frame 183 end
Average processing time of GrabImageRGBD(): 10.1079ms
Frame 184 end
Average processing time of GrabImageRGBD(): 10.0845ms
Frame 185 end
Average processing time of GrabImageRGBD(): 10.0792ms
Frame 186 end
Average processing time of GrabImageRGBD(): 10.1767ms
Frame 187 end
Average processing time of GrabImageRGBD(): 10.1474ms
Frame 188 end
Average processing time of GrabImageRGBD(): 10.1097ms
Frame 189 end
Average processing time of GrabImageRGBD(): 10.0803ms
Frame 190 end
Average processing time of GrabImageRGBD(): 10.0711ms
Frame 191 end
Average processing time of GrabImageRGBD(): 10.1795ms
Frame 192 end
Average processing time of GrabImageRGBD(): 10.1852ms
Frame 193 end
Average processing time of GrabImageRGBD(): 10.1505ms
Frame 194 end
Average processing time of GrabImageRGBD(): 10.1457ms
Frame 195 end
Average processing time of GrabImageRGBD(): 10.2601ms
Frame 196 end
Average processing time of GrabImageRGBD(): 10.2295ms
Frame 197 end
Average processing time of GrabImageRGBD(): 10.1926ms
Frame 198 end
Average processing time of GrabImageRGBD(): 10.1669ms
Frame 199 end
Average processing time of GrabImageRGBD(): 10.2603ms
Frame 200 end
Average processing time of GrabImageRGBD(): 10.2326ms
Frame 201 end
Average processing time of GrabImageRGBD(): 10.2236ms
Frame 202 end
Average processing time of GrabImageRGBD(): 10.1908ms
Frame 203 end
Average processing time of GrabImageRGBD(): 10.2869ms
Frame 204 end
Average processing time of GrabImageRGBD(): 10.2598ms
Frame 205 end
Average processing time of GrabImageRGBD(): 10.2243ms
Frame 206 end
Average processing time of GrabImageRGBD(): 10.192ms
Frame 207 end
Average processing time of GrabImageRGBD(): 10.1855ms
Frame 208 end
Average processing time of GrabImageRGBD(): 10.2832ms
Frame 209 end
Average processing time of GrabImageRGBD(): 10.2811ms
Frame 210 end
Average processing time of GrabImageRGBD(): 10.247ms
Frame 211 end
Average processing time of GrabImageRGBD(): 10.2375ms
Frame 212 end
Average processing time of GrabImageRGBD(): 10.204ms
Frame 213 end
Average processing time of GrabImageRGBD(): 10.2841ms
Frame 214 end
Average processing time of GrabImageRGBD(): 10.2572ms
Frame 215 end
Average processing time of GrabImageRGBD(): 10.2235ms
Frame 216 end
Average processing time of GrabImageRGBD(): 10.2005ms
Frame 217 end
Average processing time of GrabImageRGBD(): 10.1713ms
Frame 218 end
Average processing time of GrabImageRGBD(): 10.2613ms
Frame 219 end
Average processing time of GrabImageRGBD(): 10.2378ms
Frame 220 end
Average processing time of GrabImageRGBD(): 10.2183ms
Frame 221 end
Average processing time of GrabImageRGBD(): 10.2051ms
Frame 222 end
Average processing time of GrabImageRGBD(): 10.2028ms
Frame 223 end
Average processing time of GrabImageRGBD(): 10.2835ms
Frame 224 end
Average processing time of GrabImageRGBD(): 10.2734ms
Frame 225 end
Average processing time of GrabImageRGBD(): 10.244ms
Frame 226 end
Average processing time of GrabImageRGBD(): 10.2422ms
Frame 227 end
Average processing time of GrabImageRGBD(): 10.2373ms
Frame 228 end
Average processing time of GrabImageRGBD(): 10.3149ms
Frame 229 end
Average processing time of GrabImageRGBD(): 10.3146ms
Frame 230 end
Average processing time of GrabImageRGBD(): 10.315ms
Frame 231 end
Average processing time of GrabImageRGBD(): 10.3156ms
Frame 232 end
Average processing time of GrabImageRGBD(): 10.2883ms
Frame 233 end
Average processing time of GrabImageRGBD(): 10.3639ms
Frame 234 end
Average processing time of GrabImageRGBD(): 10.368ms
Frame 235 end
Average processing time of GrabImageRGBD(): 10.3679ms
Frame 236 end
Average processing time of GrabImageRGBD(): 10.3668ms
Frame 237 end
Average processing time of GrabImageRGBD(): 10.3704ms
Frame 238 end
Average processing time of GrabImageRGBD(): 10.3428ms
Frame 239 end
Average processing time of GrabImageRGBD(): 10.4234ms
Frame 240 end
Average processing time of GrabImageRGBD(): 10.4094ms
Frame 241 end
Average processing time of GrabImageRGBD(): 10.3814ms
Frame 242 end
Average processing time of GrabImageRGBD(): 10.3546ms
Frame 243 end
Average processing time of GrabImageRGBD(): 10.3476ms
Frame 244 end
Average processing time of GrabImageRGBD(): 10.3183ms
Frame 245 end
Average processing time of GrabImageRGBD(): 10.3874ms
Frame 246 end
Average processing time of GrabImageRGBD(): 10.3729ms
Frame 247 end
Average processing time of GrabImageRGBD(): 10.3597ms
Frame 248 end
Average processing time of GrabImageRGBD(): 10.3326ms
Frame 249 end
Average processing time of GrabImageRGBD(): 10.3263ms
Frame 250 end
Average processing time of GrabImageRGBD(): 10.3201ms
Frame 251 end
Average processing time of GrabImageRGBD(): 10.317ms
Frame 252 end
Average processing time of GrabImageRGBD(): 10.3099ms
Frame 253 end
Average processing time of GrabImageRGBD(): 10.304ms
Frame 254 end
Average processing time of GrabImageRGBD(): 10.3915ms
Frame 255 end
Average processing time of GrabImageRGBD(): 10.3947ms
Frame 256 end
Average processing time of GrabImageRGBD(): 10.3783ms
Frame 257 end
Average processing time of GrabImageRGBD(): 10.3766ms
Frame 258 end
Average processing time of GrabImageRGBD(): 10.3483ms
Frame 259 end
Average processing time of GrabImageRGBD(): 10.3208ms
Frame 260 end
Average processing time of GrabImageRGBD(): 10.3971ms
Frame 261 end
Average processing time of GrabImageRGBD(): 10.4011ms
Frame 262 end
Average processing time of GrabImageRGBD(): 10.3926ms
Frame 263 end
Average processing time of GrabImageRGBD(): 10.3947ms
Frame 264 end
Average processing time of GrabImageRGBD(): 10.3697ms
Frame 265 end
Average processing time of GrabImageRGBD(): 10.3413ms
Frame 266 end
Average processing time of GrabImageRGBD(): 10.4154ms
Frame 267 end
Average processing time of GrabImageRGBD(): 10.4208ms
Frame 268 end
Average processing time of GrabImageRGBD(): 10.3968ms
Frame 269 end
Average processing time of GrabImageRGBD(): 10.3827ms
Frame 270 end
Average processing time of GrabImageRGBD(): 10.3783ms
Frame 271 end
Average processing time of GrabImageRGBD(): 10.3768ms
Frame 272 end
Average processing time of GrabImageRGBD(): 10.4595ms
Frame 273 end
Average processing time of GrabImageRGBD(): 10.449ms
Frame 274 end
Average processing time of GrabImageRGBD(): 10.4235ms
Frame 275 end
Average processing time of GrabImageRGBD(): 10.4193ms
Frame 276 end
Average processing time of GrabImageRGBD(): 10.395ms
Frame 277 end
Average processing time of GrabImageRGBD(): 10.3895ms
Frame 278 end
Average processing time of GrabImageRGBD(): 10.4714ms
Frame 279 end
Average processing time of GrabImageRGBD(): 10.4621ms
Frame 280 end
Average processing time of GrabImageRGBD(): 10.4355ms
Frame 281 end
Average processing time of GrabImageRGBD(): 10.4316ms
Frame 282 end
Average processing time of GrabImageRGBD(): 10.4271ms
Frame 283 end
Average processing time of GrabImageRGBD(): 10.4023ms
Frame 284 end
Average processing time of GrabImageRGBD(): 10.3824ms
Frame 285 end
Average processing time of GrabImageRGBD(): 10.4531ms
Frame 286 end
Average processing time of GrabImageRGBD(): 10.4399ms
Frame 287 end
Average processing time of GrabImageRGBD(): 10.4374ms
Frame 288 end
Average processing time of GrabImageRGBD(): 10.434ms
Frame 289 end
Average processing time of GrabImageRGBD(): 10.4325ms
Frame 290 end
Average processing time of GrabImageRGBD(): 10.4228ms
Frame 291 end
Average processing time of GrabImageRGBD(): 10.4203ms
Frame 292 end
Average processing time of GrabImageRGBD(): 10.3981ms
Frame 293 end
Average processing time of GrabImageRGBD(): 10.4567ms
Frame 294 end
Average processing time of GrabImageRGBD(): 10.4581ms
Frame 295 end
Average processing time of GrabImageRGBD(): 10.433ms
Frame 296 end
Average processing time of GrabImageRGBD(): 10.4111ms
Frame 297 end
Average processing time of GrabImageRGBD(): 10.3968ms
Frame 298 end
Average processing time of GrabImageRGBD(): 10.3918ms
Frame 299 end
Average processing time of GrabImageRGBD(): 10.4578ms
Frame 300 end
Average processing time of GrabImageRGBD(): 10.4401ms
Frame 301 end
Average processing time of GrabImageRGBD(): 10.4415ms
Frame 302 end
Average processing time of GrabImageRGBD(): 10.4424ms
Frame 303 end
Average processing time of GrabImageRGBD(): 10.4463ms
Frame 304 end
Average processing time of GrabImageRGBD(): 10.4462ms
Frame 305 end
Average processing time of GrabImageRGBD(): 10.4432ms
Frame 306 end
Average processing time of GrabImageRGBD(): 10.5091ms
Frame 307 end
Average processing time of GrabImageRGBD(): 10.5068ms
Frame 308 end
Average processing time of GrabImageRGBD(): 10.4985ms
Frame 309 end
Average processing time of GrabImageRGBD(): 10.4944ms
Frame 310 end
Average processing time of GrabImageRGBD(): 10.4844ms
Frame 311 end
Average processing time of GrabImageRGBD(): 10.4623ms
Frame 312 end
Average processing time of GrabImageRGBD(): 10.4556ms
Frame 313 end
Average processing time of GrabImageRGBD(): 10.4432ms
Frame 314 end
Average processing time of GrabImageRGBD(): 10.4951ms
Frame 315 end
Average processing time of GrabImageRGBD(): 10.4951ms
Frame 316 end
Average processing time of GrabImageRGBD(): 10.4735ms
Frame 317 end
Average processing time of GrabImageRGBD(): 10.4516ms
Frame 318 end
Average processing time of GrabImageRGBD(): 10.4464ms
Frame 319 end
Average processing time of GrabImageRGBD(): 10.4413ms
Frame 320 end
Average processing time of GrabImageRGBD(): 10.4302ms
Frame 321 end
Average processing time of GrabImageRGBD(): 10.5121ms
Frame 322 end
Average processing time of GrabImageRGBD(): 10.5143ms
Frame 323 end
Average processing time of GrabImageRGBD(): 10.4912ms
Frame 324 end
Average processing time of GrabImageRGBD(): 10.4706ms
Frame 325 end
Average processing time of GrabImageRGBD(): 10.455ms
Frame 326 end
Average processing time of GrabImageRGBD(): 10.4518ms
Frame 327 end
Average processing time of GrabImageRGBD(): 10.4441ms
Frame 328 end
Average processing time of GrabImageRGBD(): 10.5369ms
Frame 329 end
Average processing time of GrabImageRGBD(): 10.539ms
Frame 330 end
Average processing time of GrabImageRGBD(): 10.5166ms
Frame 331 end
Average processing time of GrabImageRGBD(): 10.5171ms
Frame 332 end
Average processing time of GrabImageRGBD(): 10.5843ms
Frame 333 end
Average processing time of GrabImageRGBD(): 10.6441ms
Frame 334 end
Average processing time of GrabImageRGBD(): 10.6423ms
Frame 335 end
Average processing time of GrabImageRGBD(): 10.6215ms
Frame 336 end
Average processing time of GrabImageRGBD(): 10.6013ms
Frame 337 end
Average processing time of GrabImageRGBD(): 10.5963ms
Frame 338 end
Average processing time of GrabImageRGBD(): 10.5923ms
Frame 339 end
Average processing time of GrabImageRGBD(): 10.5851ms
Frame 340 end
Average processing time of GrabImageRGBD(): 10.6372ms
Frame 341 end
Average processing time of GrabImageRGBD(): 10.6195ms
Frame 342 end
Average processing time of GrabImageRGBD(): 10.5979ms
Frame 343 end
Average processing time of GrabImageRGBD(): 10.5771ms
Frame 344 end
Average processing time of GrabImageRGBD(): 10.5709ms
Frame 345 end
Average processing time of GrabImageRGBD(): 10.5562ms
Frame 346 end
Average processing time of GrabImageRGBD(): 10.5502ms
Frame 347 end
Average processing time of GrabImageRGBD(): 10.6087ms
Frame 348 end
Average processing time of GrabImageRGBD(): 10.5914ms
Frame 349 end
Average processing time of GrabImageRGBD(): 10.5898ms
Frame 350 end
Average processing time of GrabImageRGBD(): 10.5855ms
Frame 351 end
Average processing time of GrabImageRGBD(): 10.5765ms
Frame 352 end
Average processing time of GrabImageRGBD(): 10.5753ms
Frame 353 end
Average processing time of GrabImageRGBD(): 10.5714ms
Frame 354 end
Average processing time of GrabImageRGBD(): 10.6263ms
Frame 355 end
Average processing time of GrabImageRGBD(): 10.612ms
Frame 356 end
Average processing time of GrabImageRGBD(): 10.5922ms
Frame 357 end
Average processing time of GrabImageRGBD(): 10.5826ms
Frame 358 end
Average processing time of GrabImageRGBD(): 10.5762ms
Frame 359 end
Average processing time of GrabImageRGBD(): 10.5605ms
Frame 360 end
Average processing time of GrabImageRGBD(): 10.5504ms
Frame 361 end
Average processing time of GrabImageRGBD(): 10.6022ms
Frame 362 end
Average processing time of GrabImageRGBD(): 10.5911ms
Frame 363 end
Average processing time of GrabImageRGBD(): 10.5702ms
Frame 364 end
Average processing time of GrabImageRGBD(): 10.5626ms
Frame 365 end
Average processing time of GrabImageRGBD(): 10.5528ms
Frame 366 end
Average processing time of GrabImageRGBD(): 10.5336ms
Frame 367 end
Average processing time of GrabImageRGBD(): 10.5256ms
Frame 368 end
Average processing time of GrabImageRGBD(): 10.5116ms
Frame 369 end
Average processing time of GrabImageRGBD(): 10.4932ms
Frame 370 end
Average processing time of GrabImageRGBD(): 10.5696ms
Frame 371 end
Average processing time of GrabImageRGBD(): 10.5585ms
Frame 372 end
Average processing time of GrabImageRGBD(): 10.5383ms
Frame 373 end
Average processing time of GrabImageRGBD(): 10.5196ms
Frame 374 end
Average processing time of GrabImageRGBD(): 10.5007ms
Frame 375 end
Average processing time of GrabImageRGBD(): 10.4835ms
Frame 376 end
Average processing time of GrabImageRGBD(): 10.5387ms
Frame 377 end
Average processing time of GrabImageRGBD(): 10.5381ms
Frame 378 end
Average processing time of GrabImageRGBD(): 10.5277ms
Frame 379 end
Average processing time of GrabImageRGBD(): 10.5258ms
Frame 380 end
Average processing time of GrabImageRGBD(): 10.5246ms
Frame 381 end
Average processing time of GrabImageRGBD(): 10.5228ms
Frame 382 end
Average processing time of GrabImageRGBD(): 10.5157ms
Frame 383 end
Average processing time of GrabImageRGBD(): 10.5057ms
Frame 384 end
Average processing time of GrabImageRGBD(): 10.5015ms
Frame 385 end
Average processing time of GrabImageRGBD(): 10.4872ms
Frame 386 end
Average processing time of GrabImageRGBD(): 10.4858ms
Frame 387 end
Average processing time of GrabImageRGBD(): 10.532ms
Frame 388 end
Average processing time of GrabImageRGBD(): 10.5166ms
Frame 389 end
Average processing time of GrabImageRGBD(): 10.5155ms
Frame 390 end
Average processing time of GrabImageRGBD(): 10.5146ms
Frame 391 end
Average processing time of GrabImageRGBD(): 10.4966ms
Frame 392 end
Average processing time of GrabImageRGBD(): 10.4949ms
Frame 393 end
Average processing time of GrabImageRGBD(): 10.4783ms
Frame 394 end
Average processing time of GrabImageRGBD(): 10.4732ms
Frame 395 end
Average processing time of GrabImageRGBD(): 10.4708ms
Frame 396 end
Average processing time of GrabImageRGBD(): 10.4685ms
Frame 397 end
Average processing time of GrabImageRGBD(): 10.4575ms
Frame 398 end
Average processing time of GrabImageRGBD(): 10.4543ms
Frame 399 end
Average processing time of GrabImageRGBD(): 10.4457ms
Frame 400 end
Average processing time of GrabImageRGBD(): 10.4427ms
Frame 401 end
Average processing time of GrabImageRGBD(): 10.4389ms
Frame 402 end
Average processing time of GrabImageRGBD(): 10.4851ms
Frame 403 end
Average processing time of GrabImageRGBD(): 10.4811ms
Frame 404 end
Average processing time of GrabImageRGBD(): 10.4741ms
Frame 405 end
Average processing time of GrabImageRGBD(): 10.4574ms
Frame 406 end
Average processing time of GrabImageRGBD(): 10.4529ms
Frame 407 end
Average processing time of GrabImageRGBD(): 10.4355ms
Frame 408 end
Average processing time of GrabImageRGBD(): 10.4253ms
Frame 409 end
Average processing time of GrabImageRGBD(): 10.4671ms
Frame 410 end
Average processing time of GrabImageRGBD(): 10.4725ms
Frame 411 end
Average processing time of GrabImageRGBD(): 10.4715ms
Frame 412 end
Average processing time of GrabImageRGBD(): 10.4697ms
Frame 413 end
Average processing time of GrabImageRGBD(): 10.4635ms
Frame 414 end
Average processing time of GrabImageRGBD(): 10.4607ms
Frame 415 end
Average processing time of GrabImageRGBD(): 10.4574ms
Frame 416 end
Average processing time of GrabImageRGBD(): 10.4415ms
Frame 417 end
Average processing time of GrabImageRGBD(): 10.4398ms
Frame 418 end
Average processing time of GrabImageRGBD(): 10.4347ms
Frame 419 end
Average processing time of GrabImageRGBD(): 10.4779ms
Frame 420 end
Average processing time of GrabImageRGBD(): 10.468ms
Frame 421 end
Average processing time of GrabImageRGBD(): 10.4576ms
Frame 422 end
Average processing time of GrabImageRGBD(): 10.4414ms
Frame 423 end
Average processing time of GrabImageRGBD(): 10.4394ms
Frame 424 end
Average processing time of GrabImageRGBD(): 10.4372ms
Frame 425 end
Average processing time of GrabImageRGBD(): 10.4206ms
Frame 426 end
Average processing time of GrabImageRGBD(): 10.4171ms
Frame 427 end
Average processing time of GrabImageRGBD(): 10.4141ms
Frame 428 end
Average processing time of GrabImageRGBD(): 10.3988ms
Frame 429 end
Average processing time of GrabImageRGBD(): 10.4625ms
Frame 430 end
Average processing time of GrabImageRGBD(): 10.4492ms
Frame 431 end
Average processing time of GrabImageRGBD(): 10.4329ms
Frame 432 end
Average processing time of GrabImageRGBD(): 10.4301ms
Frame 433 end
Average processing time of GrabImageRGBD(): 10.4264ms
Frame 434 end
Average processing time of GrabImageRGBD(): 10.4232ms
Frame 435 end
Average processing time of GrabImageRGBD(): 10.4679ms
Frame 436 end
Average processing time of GrabImageRGBD(): 10.4704ms
Frame 437 end
Average processing time of GrabImageRGBD(): 10.4559ms
Frame 438 end
Average processing time of GrabImageRGBD(): 10.4551ms
Frame 439 end
Average processing time of GrabImageRGBD(): 10.4536ms
Frame 440 end
Average processing time of GrabImageRGBD(): 10.4526ms
Frame 441 end
Average processing time of GrabImageRGBD(): 10.4508ms
Frame 442 end
Average processing time of GrabImageRGBD(): 10.4348ms
Frame 443 end
Average processing time of GrabImageRGBD(): 10.436ms
Frame 444 end
Average processing time of GrabImageRGBD(): 10.4348ms
Frame 445 end
Average processing time of GrabImageRGBD(): 10.4774ms
Frame 446 end
Average processing time of GrabImageRGBD(): 10.4816ms
Frame 447 end
Average processing time of GrabImageRGBD(): 10.4721ms
Frame 448 end
Average processing time of GrabImageRGBD(): 10.4592ms
Frame 449 end
Average processing time of GrabImageRGBD(): 10.448ms
Frame 450 end
Average processing time of GrabImageRGBD(): 10.4451ms
Frame 451 end
Average processing time of GrabImageRGBD(): 10.4361ms
Frame 452 end
Average processing time of GrabImageRGBD(): 10.4932ms
Frame 453 end
Average processing time of GrabImageRGBD(): 10.4804ms
Frame 454 end
Average processing time of GrabImageRGBD(): 10.4769ms
Frame 455 end
Average processing time of GrabImageRGBD(): 10.4702ms
Frame 456 end
Average processing time of GrabImageRGBD(): 10.4558ms
Frame 457 end
Average processing time of GrabImageRGBD(): 10.4402ms
Frame 458 end
Average processing time of GrabImageRGBD(): 10.429ms
Frame 459 end
Average processing time of GrabImageRGBD(): 10.4286ms
Frame 460 end
Average processing time of GrabImageRGBD(): 10.4131ms
Frame 461 end
Average processing time of GrabImageRGBD(): 10.4628ms
Frame 462 end
Average processing time of GrabImageRGBD(): 10.4638ms
Frame 463 end
Average processing time of GrabImageRGBD(): 10.4603ms
Frame 464 end
Average processing time of GrabImageRGBD(): 10.4458ms
Frame 465 end
Average processing time of GrabImageRGBD(): 10.434ms
Frame 466 end
Average processing time of GrabImageRGBD(): 10.4192ms
Frame 467 end
Average processing time of GrabImageRGBD(): 10.418ms
Frame 468 end
Average processing time of GrabImageRGBD(): 10.4149ms
Frame 469 end
Average processing time of GrabImageRGBD(): 10.4633ms
Frame 470 end
Average processing time of GrabImageRGBD(): 10.4636ms
Frame 471 end
Average processing time of GrabImageRGBD(): 10.4492ms
Frame 472 end
Average processing time of GrabImageRGBD(): 10.4353ms
Frame 473 end
Average processing time of GrabImageRGBD(): 10.4316ms
Frame 474 end
Average processing time of GrabImageRGBD(): 10.4171ms
Frame 475 end
Average processing time of GrabImageRGBD(): 10.4155ms
Frame 476 end
Average processing time of GrabImageRGBD(): 10.4011ms
Frame 477 end
Average processing time of GrabImageRGBD(): 10.451ms
Frame 478 end
Average processing time of GrabImageRGBD(): 10.4486ms
Frame 479 end
Average processing time of GrabImageRGBD(): 10.445ms
Frame 480 end
Average processing time of GrabImageRGBD(): 10.4426ms
Frame 481 end
Average processing time of GrabImageRGBD(): 10.4406ms
Frame 482 end
Average processing time of GrabImageRGBD(): 10.4326ms
Frame 483 end
Average processing time of GrabImageRGBD(): 10.4185ms
Frame 484 end
Average processing time of GrabImageRGBD(): 10.4139ms
Frame 485 end
Average processing time of GrabImageRGBD(): 10.4571ms
Frame 486 end
Average processing time of GrabImageRGBD(): 10.4462ms
Frame 487 end
Average processing time of GrabImageRGBD(): 10.4443ms
Frame 488 end
Average processing time of GrabImageRGBD(): 10.4296ms
Frame 489 end
Average processing time of GrabImageRGBD(): 10.4262ms
Frame 490 end
Average processing time of GrabImageRGBD(): 10.4228ms
Frame 491 end
Average processing time of GrabImageRGBD(): 10.419ms
Frame 492 end
Average processing time of GrabImageRGBD(): 10.406ms
Frame 493 end
Average processing time of GrabImageRGBD(): 10.396ms
Frame 494 end
Average processing time of GrabImageRGBD(): 10.4329ms
Frame 495 end
Average processing time of GrabImageRGBD(): 10.4334ms
Frame 496 end
Average processing time of GrabImageRGBD(): 10.4198ms
Frame 497 end
Average processing time of GrabImageRGBD(): 10.4117ms
Frame 498 end
Average processing time of GrabImageRGBD(): 10.4069ms
Frame 499 end
Average processing time of GrabImageRGBD(): 10.4011ms
Frame 500 end
Average processing time of GrabImageRGBD(): 10.3997ms
Frame 501 end
Average processing time of GrabImageRGBD(): 10.3913ms
Frame 502 end
Average processing time of GrabImageRGBD(): 10.3914ms
Frame 503 end
Average processing time of GrabImageRGBD(): 10.4339ms
Frame 504 end
Average processing time of GrabImageRGBD(): 10.4228ms
Frame 505 end
Average processing time of GrabImageRGBD(): 10.4197ms
Frame 506 end
Average processing time of GrabImageRGBD(): 10.4065ms
Frame 507 end
Average processing time of GrabImageRGBD(): 10.3933ms
Frame 508 end
Average processing time of GrabImageRGBD(): 10.3905ms
Frame 509 end
Average processing time of GrabImageRGBD(): 10.3863ms
Frame 510 end
Average processing time of GrabImageRGBD(): 10.3734ms
Frame 511 end
Average processing time of GrabImageRGBD(): 10.3605ms
Frame 512 end
Average processing time of GrabImageRGBD(): 10.4ms
Frame 513 end
Average processing time of GrabImageRGBD(): 10.4017ms
Frame 514 end
Average processing time of GrabImageRGBD(): 10.3889ms
Frame 515 end
Average processing time of GrabImageRGBD(): 10.3877ms
Frame 516 end
Average processing time of GrabImageRGBD(): 10.3749ms
Frame 517 end
Average processing time of GrabImageRGBD(): 10.3733ms
Frame 518 end
Average processing time of GrabImageRGBD(): 10.3707ms
Frame 519 end
Average processing time of GrabImageRGBD(): 10.369ms
Frame 520 end
Average processing time of GrabImageRGBD(): 10.3559ms
Frame 521 end
Average processing time of GrabImageRGBD(): 10.3521ms
Frame 522 end
Average processing time of GrabImageRGBD(): 10.3878ms
Frame 523 end
Average processing time of GrabImageRGBD(): 10.3898ms
Frame 524 end
Average processing time of GrabImageRGBD(): 10.3786ms
Frame 525 end
Average processing time of GrabImageRGBD(): 10.3708ms
Frame 526 end
Average processing time of GrabImageRGBD(): 10.3695ms
Frame 527 end
Average processing time of GrabImageRGBD(): 10.3675ms
Frame 528 end
Average processing time of GrabImageRGBD(): 10.3568ms
Frame 529 end
Average processing time of GrabImageRGBD(): 10.3494ms
Frame 530 end
Average processing time of GrabImageRGBD(): 10.347ms
Frame 531 end
Average processing time of GrabImageRGBD(): 10.3433ms
Frame 532 end
Average processing time of GrabImageRGBD(): 10.3781ms
Frame 533 end
Average processing time of GrabImageRGBD(): 10.38ms
Frame 534 end
Average processing time of GrabImageRGBD(): 10.3792ms
Frame 535 end
Average processing time of GrabImageRGBD(): 10.3667ms
Frame 536 end
Average processing time of GrabImageRGBD(): 10.3581ms
Frame 537 end
Average processing time of GrabImageRGBD(): 10.3461ms
Frame 538 end
Average processing time of GrabImageRGBD(): 10.3448ms
Frame 539 end
Average processing time of GrabImageRGBD(): 10.3328ms
Frame 540 end
Average processing time of GrabImageRGBD(): 10.3213ms
Frame 541 end
Average processing time of GrabImageRGBD(): 10.3093ms
Frame 542 end
Average processing time of GrabImageRGBD(): 10.3081ms
Frame 543 end
Average processing time of GrabImageRGBD(): 10.296ms
Frame 544 end
Average processing time of GrabImageRGBD(): 10.2845ms
Frame 545 end
Average processing time of GrabImageRGBD(): 10.2838ms
Frame 546 end
Average processing time of GrabImageRGBD(): 10.278ms
Frame 547 end
Average processing time of GrabImageRGBD(): 10.2685ms
Frame 548 end
Average processing time of GrabImageRGBD(): 10.2678ms
Frame 549 end
Average processing time of GrabImageRGBD(): 10.2671ms
Frame 550 end
Average processing time of GrabImageRGBD(): 10.2614ms
Frame 551 end
Average processing time of GrabImageRGBD(): 10.2593ms
Frame 552 end
Average processing time of GrabImageRGBD(): 10.3015ms
Frame 553 end
Average processing time of GrabImageRGBD(): 10.292ms
Frame 554 end
Average processing time of GrabImageRGBD(): 10.2908ms
Frame 555 end
Average processing time of GrabImageRGBD(): 10.2891ms
Frame 556 end
Average processing time of GrabImageRGBD(): 10.278ms
Frame 557 end
Average processing time of GrabImageRGBD(): 10.2661ms
Frame 558 end
Average processing time of GrabImageRGBD(): 10.2704ms
Frame 559 end
Average processing time of GrabImageRGBD(): 10.2645ms
Frame 560 end
Average processing time of GrabImageRGBD(): 10.2585ms
Frame 561 end
Average processing time of GrabImageRGBD(): 10.2482ms
Frame 562 end
Average processing time of GrabImageRGBD(): 10.2364ms
Frame 563 end
Average processing time of GrabImageRGBD(): 10.2299ms
Frame 564 end
Average processing time of GrabImageRGBD(): 10.2639ms
Frame 565 end
Average processing time of GrabImageRGBD(): 10.2626ms
Frame 566 end
Average processing time of GrabImageRGBD(): 10.2505ms
Frame 567 end
Average processing time of GrabImageRGBD(): 10.249ms
Frame 568 end
Average processing time of GrabImageRGBD(): 10.2373ms
Frame 569 end
Average processing time of GrabImageRGBD(): 10.2366ms
Frame 570 end
Average processing time of GrabImageRGBD(): 10.2239ms
Frame 571 end
Average processing time of GrabImageRGBD(): 10.2113ms
Frame 572 end
Average processing time of GrabImageRGBD(): 10.2043ms
Frame 573 end
Average processing time of GrabImageRGBD(): 10.1963ms
Frame 574 end
Average processing time of GrabImageRGBD(): 10.1882ms
Frame 575 end
Average processing time of GrabImageRGBD(): 10.1756ms
Frame 576 end
Average processing time of GrabImageRGBD(): 10.212ms
Frame 577 end
Average processing time of GrabImageRGBD(): 10.2119ms
Frame 578 end
Average processing time of GrabImageRGBD(): 10.2088ms
Frame 579 end
Average processing time of GrabImageRGBD(): 10.1976ms
Frame 580 end
Average processing time of GrabImageRGBD(): 10.1858ms
Frame 581 end
Average processing time of GrabImageRGBD(): 10.1745ms
Frame 582 end
Average processing time of GrabImageRGBD(): 10.1629ms
Frame 583 end
Average processing time of GrabImageRGBD(): 10.1535ms
Frame 584 end
Average processing time of GrabImageRGBD(): 10.1423ms
Frame 585 end
Average processing time of GrabImageRGBD(): 10.1384ms
Frame 586 end
Average processing time of GrabImageRGBD(): 10.1335ms
Frame 587 end
Average processing time of GrabImageRGBD(): 10.125ms
Frame 588 end
Average processing time of GrabImageRGBD(): 10.1587ms
Frame 589 end
Average processing time of GrabImageRGBD(): 10.1579ms
Frame 590 end
Average processing time of GrabImageRGBD(): 10.1556ms
Frame 591 end
Average processing time of GrabImageRGBD(): 10.1515ms
Frame 592 end
Average processing time of GrabImageRGBD(): 10.1401ms
Frame 593 end
Average processing time of GrabImageRGBD(): 10.1289ms
Frame 594 end
Average processing time of GrabImageRGBD(): 10.1265ms
Frame 595 end
Average processing time of GrabImageRGBD(): 10.1241ms
Frame 596 end
Average processing time of GrabImageRGBD(): 10.1224ms
Frame 597 end
Average processing time of GrabImageRGBD(): 10.1115ms
Frame 598 end
Average processing time of GrabImageRGBD(): 10.1087ms
Frame 599 end
Average processing time of GrabImageRGBD(): 10.1048ms
Frame 600 end
Average processing time of GrabImageRGBD(): 10.1017ms
Frame 601 end
Average processing time of GrabImageRGBD(): 10.1376ms
Frame 602 end
Average processing time of GrabImageRGBD(): 10.136ms
Frame 603 end
Average processing time of GrabImageRGBD(): 10.1348ms
Frame 604 end
Average processing time of GrabImageRGBD(): 10.1238ms
Frame 605 end
Average processing time of GrabImageRGBD(): 10.1197ms
Frame 606 end
Average processing time of GrabImageRGBD(): 10.1117ms
Frame 607 end
Average processing time of GrabImageRGBD(): 10.1016ms
Frame 608 end
Average processing time of GrabImageRGBD(): 10.0949ms
Frame 609 end
Average processing time of GrabImageRGBD(): 10.0841ms
Frame 610 end
Average processing time of GrabImageRGBD(): 10.0724ms
Frame 611 end
Average processing time of GrabImageRGBD(): 10.0612ms
Frame 612 end
Average processing time of GrabImageRGBD(): 10.0536ms
Frame 613 end
Average processing time of GrabImageRGBD(): 10.0425ms
Frame 614 end
Average processing time of GrabImageRGBD(): 10.0726ms
Frame 615 end
Average processing time of GrabImageRGBD(): 10.0658ms
Frame 616 end
Average processing time of GrabImageRGBD(): 10.0605ms
Frame 617 end
Average processing time of GrabImageRGBD(): 10.0555ms
Frame 618 end
Average processing time of GrabImageRGBD(): 10.048ms
Frame 619 end
Average processing time of GrabImageRGBD(): 10.0375ms
Frame 620 end
Average processing time of GrabImageRGBD(): 10.0302ms
Frame 621 end
Average processing time of GrabImageRGBD(): 10.0228ms
Frame 622 end
Average processing time of GrabImageRGBD(): 10.0128ms
Frame 623 end
Average processing time of GrabImageRGBD(): 10.0049ms
Frame 624 end
Average processing time of GrabImageRGBD(): 10.0331ms
Frame 625 end
Average processing time of GrabImageRGBD(): 10.0268ms
Frame 626 end
Average processing time of GrabImageRGBD(): 10.0209ms
Frame 627 end
Average processing time of GrabImageRGBD(): 10.0104ms
Frame 628 end
Average processing time of GrabImageRGBD(): 10.0087ms
Frame 629 end
Average processing time of GrabImageRGBD(): 9.99768ms
Frame 630 end
Average processing time of GrabImageRGBD(): 9.98855ms
Frame 631 end
Average processing time of GrabImageRGBD(): 9.98337ms
Frame 632 end
Average processing time of GrabImageRGBD(): 9.97835ms
Frame 633 end
Average processing time of GrabImageRGBD(): 9.97161ms
Frame 634 end
Average processing time of GrabImageRGBD(): 10.0046ms
Frame 635 end
Average processing time of GrabImageRGBD(): 10.0011ms
Frame 636 end
Average processing time of GrabImageRGBD(): 9.99732ms
Frame 637 end
Average processing time of GrabImageRGBD(): 9.99227ms
Frame 638 end
Average processing time of GrabImageRGBD(): 9.98195ms
Frame 639 end
Average processing time of GrabImageRGBD(): 9.97634ms
Frame 640 end
Average processing time of GrabImageRGBD(): 9.97079ms
Frame 641 end
Average processing time of GrabImageRGBD(): 9.96116ms
Frame 642 end
Average processing time of GrabImageRGBD(): 9.95521ms
Frame 643 end
Average processing time of GrabImageRGBD(): 9.94578ms
Frame 644 end
Average processing time of GrabImageRGBD(): 9.97562ms
Frame 645 end
Average processing time of GrabImageRGBD(): 9.97544ms
Frame 646 end
Average processing time of GrabImageRGBD(): 9.96565ms
Frame 647 end
Average processing time of GrabImageRGBD(): 9.96224ms
Frame 648 end
Average processing time of GrabImageRGBD(): 9.95582ms
Frame 649 end
Average processing time of GrabImageRGBD(): 9.94564ms
Frame 650 end
Average processing time of GrabImageRGBD(): 9.93855ms
Frame 651 end
Average processing time of GrabImageRGBD(): 9.93434ms
Frame 652 end
Average processing time of GrabImageRGBD(): 9.92466ms
Frame 653 end
Average processing time of GrabImageRGBD(): 9.9181ms
Frame 654 end
Average processing time of GrabImageRGBD(): 9.95002ms
Frame 655 end
Average processing time of GrabImageRGBD(): 9.94174ms
Frame 656 end
Average processing time of GrabImageRGBD(): 9.9323ms
Frame 657 end
Average processing time of GrabImageRGBD(): 9.92255ms
Frame 658 end
Average processing time of GrabImageRGBD(): 9.91238ms
Frame 659 end
Average processing time of GrabImageRGBD(): 9.91219ms
Frame 660 end
Average processing time of GrabImageRGBD(): 9.90989ms
Frame 661 end
Average processing time of GrabImageRGBD(): 9.90607ms
Frame 662 end
Average processing time of GrabImageRGBD(): 9.8964ms
Frame 663 end
Average processing time of GrabImageRGBD(): 9.92939ms
Frame 664 end
Average processing time of GrabImageRGBD(): 9.92759ms
Frame 665 end
Average processing time of GrabImageRGBD(): 9.92578ms
Frame 666 end
Average processing time of GrabImageRGBD(): 9.92519ms
Frame 667 end
Average processing time of GrabImageRGBD(): 9.91919ms
Frame 668 end
Average processing time of GrabImageRGBD(): 9.91319ms
Frame 669 end
Average processing time of GrabImageRGBD(): 9.90369ms
Frame 670 end
Average processing time of GrabImageRGBD(): 9.89692ms
Frame 671 end
Average processing time of GrabImageRGBD(): 9.88982ms
Frame 672 end
Average processing time of GrabImageRGBD(): 9.88281ms
Frame 673 end
Average processing time of GrabImageRGBD(): 9.91438ms
Frame 674 end
Average processing time of GrabImageRGBD(): 9.90904ms
Frame 675 end
Average processing time of GrabImageRGBD(): 9.90012ms
Frame 676 end
Average processing time of GrabImageRGBD(): 9.89919ms
Frame 677 end
Average processing time of GrabImageRGBD(): 9.89574ms
Frame 678 end
Average processing time of GrabImageRGBD(): 9.88666ms
Frame 679 end
Average processing time of GrabImageRGBD(): 9.88587ms
Frame 680 end
Average processing time of GrabImageRGBD(): 9.87728ms
Frame 681 end
Average processing time of GrabImageRGBD(): 9.86857ms
Frame 682 end
Average processing time of GrabImageRGBD(): 9.86581ms
Frame 683 end
Average processing time of GrabImageRGBD(): 9.85598ms
Frame 684 end
Average processing time of GrabImageRGBD(): 9.89374ms
Frame 685 end
Average processing time of GrabImageRGBD(): 9.89423ms
Frame 686 end
Average processing time of GrabImageRGBD(): 9.8898ms
Frame 687 end
Average processing time of GrabImageRGBD(): 9.88478ms
Frame 688 end
Average processing time of GrabImageRGBD(): 9.87855ms
Frame 689 end
Average processing time of GrabImageRGBD(): 9.87273ms
Frame 690 end
Average processing time of GrabImageRGBD(): 9.86303ms
Frame 691 end
Average processing time of GrabImageRGBD(): 9.85766ms
Frame 692 end
Average processing time of GrabImageRGBD(): 9.84903ms
Frame 693 end
Average processing time of GrabImageRGBD(): 9.84248ms
Frame 694 end
Average processing time of GrabImageRGBD(): 9.87895ms
Frame 695 end
Average processing time of GrabImageRGBD(): 9.87629ms
Frame 696 end
Average processing time of GrabImageRGBD(): 9.87153ms
Frame 697 end
Average processing time of GrabImageRGBD(): 9.86835ms
Frame 698 end
Average processing time of GrabImageRGBD(): 9.85959ms
Frame 699 end
Average processing time of GrabImageRGBD(): 9.85004ms
Frame 700 end
Average processing time of GrabImageRGBD(): 9.84637ms
Frame 701 end
Average processing time of GrabImageRGBD(): 9.84169ms
Frame 702 end
Average processing time of GrabImageRGBD(): 9.83783ms
Frame 703 end
Average processing time of GrabImageRGBD(): 9.82843ms
Frame 704 end
Average processing time of GrabImageRGBD(): 9.86023ms
Frame 705 end
Average processing time of GrabImageRGBD(): 9.86124ms
Frame 706 end
Average processing time of GrabImageRGBD(): 9.86027ms
Frame 707 end
Average processing time of GrabImageRGBD(): 9.85495ms
Frame 708 end
Average processing time of GrabImageRGBD(): 9.85397ms
Frame 709 end
Average processing time of GrabImageRGBD(): 9.85253ms
Frame 710 end
Average processing time of GrabImageRGBD(): 9.8485ms
Frame 711 end
Average processing time of GrabImageRGBD(): 9.83971ms
Frame 712 end
Average processing time of GrabImageRGBD(): 9.8361ms
Frame 713 end
Average processing time of GrabImageRGBD(): 9.82669ms
Frame 714 end
Average processing time of GrabImageRGBD(): 9.81914ms
Frame 715 end
Average processing time of GrabImageRGBD(): 9.84686ms
Frame 716 end
Average processing time of GrabImageRGBD(): 9.84783ms
Frame 717 end
Average processing time of GrabImageRGBD(): 9.84535ms
Frame 718 end
Average processing time of GrabImageRGBD(): 9.83725ms
Frame 719 end
Average processing time of GrabImageRGBD(): 9.83222ms
Frame 720 end
Average processing time of GrabImageRGBD(): 9.82406ms
Frame 721 end
Average processing time of GrabImageRGBD(): 9.8201ms
Frame 722 end
Average processing time of GrabImageRGBD(): 9.81636ms
Frame 723 end
Average processing time of GrabImageRGBD(): 9.80701ms
Frame 724 end
Average processing time of GrabImageRGBD(): 9.80333ms
Frame 725 end
Average processing time of GrabImageRGBD(): 9.83362ms
Frame 726 end
Average processing time of GrabImageRGBD(): 9.82817ms
Frame 727 end
Average processing time of GrabImageRGBD(): 9.82584ms
Frame 728 end
Average processing time of GrabImageRGBD(): 9.82399ms
Frame 729 end
Average processing time of GrabImageRGBD(): 9.81529ms
Frame 730 end
Average processing time of GrabImageRGBD(): 9.80676ms
Frame 731 end
Average processing time of GrabImageRGBD(): 9.79774ms
Frame 732 end
Average processing time of GrabImageRGBD(): 9.79395ms
Frame 733 end
Average processing time of GrabImageRGBD(): 9.78526ms
Frame 734 end
Average processing time of GrabImageRGBD(): 9.77846ms
Frame 735 end
Average processing time of GrabImageRGBD(): 9.7742ms
Frame 736 end
Average processing time of GrabImageRGBD(): 9.76939ms
Frame 737 end
Average processing time of GrabImageRGBD(): 9.79831ms
Frame 738 end
Average processing time of GrabImageRGBD(): 9.79791ms
Frame 739 end
Average processing time of GrabImageRGBD(): 9.78904ms
Frame 740 end
Average processing time of GrabImageRGBD(): 9.78654ms
Frame 741 end
Average processing time of GrabImageRGBD(): 9.77975ms
Frame 742 end
Average processing time of GrabImageRGBD(): 9.7759ms
Frame 743 end
Average processing time of GrabImageRGBD(): 9.77185ms
Frame 744 end
Average processing time of GrabImageRGBD(): 9.76872ms
Frame 745 end
Average processing time of GrabImageRGBD(): 9.76595ms
Frame 746 end
Average processing time of GrabImageRGBD(): 9.75974ms
Frame 747 end
Average processing time of GrabImageRGBD(): 9.75318ms
Frame 748 end
Average processing time of GrabImageRGBD(): 9.74967ms
Frame 749 end
Average processing time of GrabImageRGBD(): 9.74175ms
Frame 750 end
Average processing time of GrabImageRGBD(): 9.76829ms
Frame 751 end
Average processing time of GrabImageRGBD(): 9.7968ms
Frame 752 end
Average processing time of GrabImageRGBD(): 9.79275ms
Frame 753 end
Average processing time of GrabImageRGBD(): 9.82107ms
Frame 754 end
Average processing time of GrabImageRGBD(): 9.82078ms
Frame 755 end
Average processing time of GrabImageRGBD(): 9.81896ms
Frame 756 end
Average processing time of GrabImageRGBD(): 9.8109ms
Frame 757 end
Average processing time of GrabImageRGBD(): 9.84167ms
Frame 758 end
Average processing time of GrabImageRGBD(): 9.84044ms
Frame 759 end
Average processing time of GrabImageRGBD(): 9.83254ms
Frame 760 end
Average processing time of GrabImageRGBD(): 9.82356ms
Frame 761 end
Average processing time of GrabImageRGBD(): 9.85175ms
Frame 762 end
Average processing time of GrabImageRGBD(): 9.84763ms
Frame 763 end
Average processing time of GrabImageRGBD(): 9.84039ms
Frame 764 end
Average processing time of GrabImageRGBD(): 9.83413ms
Frame 765 end
Average processing time of GrabImageRGBD(): 9.83085ms
Frame 766 end
Average processing time of GrabImageRGBD(): 9.82217ms
Frame 767 end
Average processing time of GrabImageRGBD(): 9.85566ms
Frame 768 end
Average processing time of GrabImageRGBD(): 9.85483ms
Frame 769 end
Average processing time of GrabImageRGBD(): 9.84967ms
Frame 770 end
Average processing time of GrabImageRGBD(): 9.8465ms
Frame 771 end
Average processing time of GrabImageRGBD(): 9.84334ms
Frame 772 end
Average processing time of GrabImageRGBD(): 9.83509ms
Frame 773 end
Average processing time of GrabImageRGBD(): 9.83776ms
Frame 774 end
Average processing time of GrabImageRGBD(): 9.87049ms
Frame 775 end
Average processing time of GrabImageRGBD(): 9.86687ms
Frame 776 end
Average processing time of GrabImageRGBD(): 9.86838ms
Frame 777 end
Average processing time of GrabImageRGBD(): 9.89919ms
Frame 778 end
Average processing time of GrabImageRGBD(): 9.90677ms
Frame 779 end
Average processing time of GrabImageRGBD(): 9.93519ms
Frame 780 end
Average processing time of GrabImageRGBD(): 9.97668ms
Frame 781 end
Average processing time of GrabImageRGBD(): 10.0168ms
Frame 782 end
Average processing time of GrabImageRGBD(): 10.0177ms
Frame 783 end
Average processing time of GrabImageRGBD(): 10.0154ms
Frame 784 end
Average processing time of GrabImageRGBD(): 10.0138ms
Frame 785 end
Average processing time of GrabImageRGBD(): 10.0121ms
Frame 786 end
Average processing time of GrabImageRGBD(): 10.0069ms
Frame 787 end
Average processing time of GrabImageRGBD(): 10.0052ms
Frame 788 end
Average processing time of GrabImageRGBD(): 9.99895ms
Frame 789 end
Average processing time of GrabImageRGBD(): 9.99077ms
Frame 790 end
Average processing time of GrabImageRGBD(): 9.98747ms
Frame 791 end
Average processing time of GrabImageRGBD(): 9.98515ms
Frame 792 end
Average processing time of GrabImageRGBD(): 9.97641ms
Frame 793 end
Average processing time of GrabImageRGBD(): 9.97257ms
Frame 794 end
Average processing time of GrabImageRGBD(): 9.96529ms
Frame 795 end
Average processing time of GrabImageRGBD(): 9.95648ms
Frame 796 end
Average processing time of GrabImageRGBD(): 9.95254ms
Frame 797 end
Average processing time of GrabImageRGBD(): 9.9479ms
Frame 798 end
Average processing time of GrabImageRGBD(): 9.97349ms
Frame 799 end
Average processing time of GrabImageRGBD(): 9.97338ms
Frame 800 end
Average processing time of GrabImageRGBD(): 10.0147ms
Frame 801 end
Average processing time of GrabImageRGBD(): 10.0149ms
Frame 802 end
Average processing time of GrabImageRGBD(): 10.0062ms
Frame 803 end
Average processing time of GrabImageRGBD(): 10.0007ms
Frame 804 end
Average processing time of GrabImageRGBD(): 9.99423ms
Frame 805 end
Average processing time of GrabImageRGBD(): 9.98901ms
Frame 806 end
Average processing time of GrabImageRGBD(): 9.98137ms
Frame 807 end
Average processing time of GrabImageRGBD(): 10.0096ms
Frame 808 end
Average processing time of GrabImageRGBD(): 10.0042ms
Frame 809 end
Average processing time of GrabImageRGBD(): 9.99594ms
Frame 810 end
Average processing time of GrabImageRGBD(): 9.99323ms
Frame 811 end
Average processing time of GrabImageRGBD(): 9.98599ms
Frame 812 end
Average processing time of GrabImageRGBD(): 9.97764ms
Frame 813 end
Average processing time of GrabImageRGBD(): 9.96958ms
Frame 814 end
Average processing time of GrabImageRGBD(): 9.96458ms
Frame 815 end
Average processing time of GrabImageRGBD(): 9.95967ms
Frame 816 end
Average processing time of GrabImageRGBD(): 9.95455ms
Frame 817 end
Average processing time of GrabImageRGBD(): 9.94887ms
Frame 818 end
Average processing time of GrabImageRGBD(): 9.9796ms
Frame 819 end
Average processing time of GrabImageRGBD(): 9.97915ms
Frame 820 end
Average processing time of GrabImageRGBD(): 9.97299ms
Frame 821 end
Average processing time of GrabImageRGBD(): 9.96606ms
Frame 822 end
Average processing time of GrabImageRGBD(): 9.96187ms
Frame 823 end
Average processing time of GrabImageRGBD(): 9.95371ms
Frame 824 end
Average processing time of GrabImageRGBD(): 9.94849ms
Frame 825 end
Average processing time of GrabImageRGBD(): 9.9405ms
Frame 826 end
Average processing time of GrabImageRGBD(): 9.93245ms
Frame 827 end
Average processing time of GrabImageRGBD(): 9.92708ms
Frame 828 end
Average processing time of GrabImageRGBD(): 9.95329ms
Frame 829 end
Average processing time of GrabImageRGBD(): 9.94758ms
Frame 830 end
Average processing time of GrabImageRGBD(): 9.94338ms
Frame 831 end
Average processing time of GrabImageRGBD(): 9.94048ms
Frame 832 end
Average processing time of GrabImageRGBD(): 9.93715ms
Frame 833 end
Average processing time of GrabImageRGBD(): 9.92985ms
Frame 834 end
Average processing time of GrabImageRGBD(): 9.92741ms
Frame 835 end
Average processing time of GrabImageRGBD(): 9.92403ms
Frame 836 end
Average processing time of GrabImageRGBD(): 9.91599ms
Frame 837 end
Average processing time of GrabImageRGBD(): 9.91131ms
Frame 838 end
Average processing time of GrabImageRGBD(): 9.90416ms
Frame 839 end
Average processing time of GrabImageRGBD(): 9.89943ms
Frame 840 end
Average processing time of GrabImageRGBD(): 9.89505ms
Frame 841 end
Average processing time of GrabImageRGBD(): 9.88855ms
Frame 842 end
Average processing time of GrabImageRGBD(): 9.88035ms
Frame 843 end
Average processing time of GrabImageRGBD(): 9.90248ms
Frame 844 end
Average processing time of GrabImageRGBD(): 9.90022ms
Frame 845 end
Average processing time of GrabImageRGBD(): 9.89226ms
Frame 846 end
Average processing time of GrabImageRGBD(): 9.886ms
Frame 847 end
Average processing time of GrabImageRGBD(): 9.88072ms
Frame 848 end
Average processing time of GrabImageRGBD(): 9.87297ms
Frame 849 end
Average processing time of GrabImageRGBD(): 9.86657ms
Frame 850 end
Average processing time of GrabImageRGBD(): 9.86214ms
Frame 851 end
Average processing time of GrabImageRGBD(): 9.85759ms
Frame 852 end
Average processing time of GrabImageRGBD(): 9.85397ms
Frame 853 end
Average processing time of GrabImageRGBD(): 9.84602ms
Frame 854 end
Average processing time of GrabImageRGBD(): 9.84101ms
Frame 855 end
Average processing time of GrabImageRGBD(): 9.83328ms
Frame 856 end
Average processing time of GrabImageRGBD(): 9.82791ms
Frame 857 end
Average processing time of GrabImageRGBD(): 9.82059ms
Frame 858 end
Average processing time of GrabImageRGBD(): 9.84341ms
Frame 859 end
Average processing time of GrabImageRGBD(): 9.84205ms
Frame 860 end
Average processing time of GrabImageRGBD(): 9.8392ms
Frame 861 end
Average processing time of GrabImageRGBD(): 9.83705ms
Frame 862 end
Average processing time of GrabImageRGBD(): 9.8349ms
Frame 863 end
Average processing time of GrabImageRGBD(): 9.83287ms
Frame 864 end
Average processing time of GrabImageRGBD(): 9.82764ms
Frame 865 end
Average processing time of GrabImageRGBD(): 9.82319ms
Frame 866 end
Average processing time of GrabImageRGBD(): 9.81832ms
Frame 867 end
Average processing time of GrabImageRGBD(): 9.81337ms
Frame 868 end
Average processing time of GrabImageRGBD(): 9.80576ms
Frame 869 end
Average processing time of GrabImageRGBD(): 9.79815ms
Frame 870 end
Average processing time of GrabImageRGBD(): 9.79399ms
Frame 871 end
Average processing time of GrabImageRGBD(): 9.7896ms
Frame 872 end
Average processing time of GrabImageRGBD(): 9.78469ms
Frame 873 end
Average processing time of GrabImageRGBD(): 9.80903ms
Frame 874 end
Average processing time of GrabImageRGBD(): 9.80481ms
Frame 875 end
Average processing time of GrabImageRGBD(): 9.80216ms
Frame 876 end
Average processing time of GrabImageRGBD(): 9.7954ms
Frame 877 end
Average processing time of GrabImageRGBD(): 9.79191ms
Frame 878 end
Average processing time of GrabImageRGBD(): 9.78927ms
Frame 879 end
Average processing time of GrabImageRGBD(): 9.78621ms
Frame 880 end
Average processing time of GrabImageRGBD(): 9.77873ms
Frame 881 end
Average processing time of GrabImageRGBD(): 9.77424ms
Frame 882 end
Average processing time of GrabImageRGBD(): 9.76672ms
Frame 883 end
Average processing time of GrabImageRGBD(): 9.79716ms
Frame 884 end
Average processing time of GrabImageRGBD(): 9.82749ms
Frame 885 end
Average processing time of GrabImageRGBD(): 9.82363ms
Frame 886 end
Average processing time of GrabImageRGBD(): 9.81806ms
Frame 887 end
Average processing time of GrabImageRGBD(): 9.81565ms
Frame 888 end
Average processing time of GrabImageRGBD(): 9.81242ms
Frame 889 end
Average processing time of GrabImageRGBD(): 9.80721ms
Frame 890 end
Average processing time of GrabImageRGBD(): 9.80038ms
Frame 891 end
Average processing time of GrabImageRGBD(): 9.7965ms
Frame 892 end
Average processing time of GrabImageRGBD(): 9.78929ms
Frame 893 end
Average processing time of GrabImageRGBD(): 9.78514ms
Frame 894 end
Average processing time of GrabImageRGBD(): 9.77818ms
Frame 895 end
Average processing time of GrabImageRGBD(): 9.80384ms
Frame 896 end
Average processing time of GrabImageRGBD(): 9.8006ms
Frame 897 end
Average processing time of GrabImageRGBD(): 9.79327ms
Frame 898 end
Average processing time of GrabImageRGBD(): 9.78691ms
Frame 899 end
Average processing time of GrabImageRGBD(): 9.78258ms
Frame 900 end
Average processing time of GrabImageRGBD(): 9.7757ms
Frame 901 end
Average processing time of GrabImageRGBD(): 9.77046ms
Frame 902 end
Average processing time of GrabImageRGBD(): 9.76566ms
Frame 903 end
Average processing time of GrabImageRGBD(): 9.7954ms
Frame 904 end
Average processing time of GrabImageRGBD(): 9.7971ms
Frame 905 end
Average processing time of GrabImageRGBD(): 9.78985ms
Frame 906 end
Average processing time of GrabImageRGBD(): 9.78323ms
Frame 907 end
Average processing time of GrabImageRGBD(): 9.77532ms
Frame 908 end
Average processing time of GrabImageRGBD(): 9.76926ms
Frame 909 end
Average processing time of GrabImageRGBD(): 9.76362ms
Frame 910 end
Average processing time of GrabImageRGBD(): 9.757ms
Frame 911 end
Average processing time of GrabImageRGBD(): 9.7495ms
Frame 912 end
Average processing time of GrabImageRGBD(): 9.74218ms
Frame 913 end
Average processing time of GrabImageRGBD(): 9.76647ms
Frame 914 end
Average processing time of GrabImageRGBD(): 9.76733ms
Frame 915 end
Average processing time of GrabImageRGBD(): 9.76215ms
Frame 916 end
Average processing time of GrabImageRGBD(): 9.75801ms
Frame 917 end
Average processing time of GrabImageRGBD(): 9.754ms
Frame 918 end
Average processing time of GrabImageRGBD(): 9.74934ms
Frame 919 end
Average processing time of GrabImageRGBD(): 9.74488ms
Frame 920 end
Average processing time of GrabImageRGBD(): 9.73825ms
Frame 921 end
Average processing time of GrabImageRGBD(): 9.73369ms
Frame 922 end
Average processing time of GrabImageRGBD(): 9.72651ms
Frame 923 end
Average processing time of GrabImageRGBD(): 9.71927ms
Frame 924 end
Average processing time of GrabImageRGBD(): 9.71456ms
Frame 925 end
Average processing time of GrabImageRGBD(): 9.70726ms
Frame 926 end
Average processing time of GrabImageRGBD(): 9.70254ms
Frame 927 end
Average processing time of GrabImageRGBD(): 9.69767ms
Frame 928 end
Average processing time of GrabImageRGBD(): 9.69233ms
Frame 929 end
Average processing time of GrabImageRGBD(): 9.6867ms
Frame 930 end
Average processing time of GrabImageRGBD(): 9.68178ms
Frame 931 end
Average processing time of GrabImageRGBD(): 9.70247ms
Frame 932 end
Average processing time of GrabImageRGBD(): 9.70106ms
Frame 933 end
Average processing time of GrabImageRGBD(): 9.69475ms
Frame 934 end
Average processing time of GrabImageRGBD(): 9.69186ms
Frame 935 end
Average processing time of GrabImageRGBD(): 9.68682ms
Frame 936 end
Average processing time of GrabImageRGBD(): 9.68ms
Frame 937 end
Average processing time of GrabImageRGBD(): 9.67704ms
Frame 938 end
Average processing time of GrabImageRGBD(): 9.67022ms
Frame 939 end
Average processing time of GrabImageRGBD(): 9.6635ms
Frame 940 end
Average processing time of GrabImageRGBD(): 9.65789ms
Frame 941 end
Average processing time of GrabImageRGBD(): 9.65091ms
Frame 942 end
Average processing time of GrabImageRGBD(): 9.64417ms
Frame 943 end
Average processing time of GrabImageRGBD(): 9.63753ms
Frame 944 end
Average processing time of GrabImageRGBD(): 9.63057ms
Frame 945 end
Average processing time of GrabImageRGBD(): 9.62349ms
Frame 946 end
Average processing time of GrabImageRGBD(): 9.61648ms
Frame 947 end
Average processing time of GrabImageRGBD(): 9.61136ms
Frame 948 end
Average processing time of GrabImageRGBD(): 9.60697ms
Frame 949 end
Average processing time of GrabImageRGBD(): 9.62784ms
Frame 950 end
Average processing time of GrabImageRGBD(): 9.62251ms
Frame 951 end
Average processing time of GrabImageRGBD(): 9.61731ms
Frame 952 end
Average processing time of GrabImageRGBD(): 9.61452ms
Frame 953 end
Average processing time of GrabImageRGBD(): 9.60889ms
Frame 954 end
Average processing time of GrabImageRGBD(): 9.60448ms
Frame 955 end
Average processing time of GrabImageRGBD(): 9.60339ms
Frame 956 end
Average processing time of GrabImageRGBD(): 9.5972ms
Frame 957 end
Average processing time of GrabImageRGBD(): 9.59351ms
Frame 958 end
Average processing time of GrabImageRGBD(): 9.58874ms
Frame 959 end
Average processing time of GrabImageRGBD(): 9.58842ms
Frame 960 end
Average processing time of GrabImageRGBD(): 9.58699ms
Frame 961 end
Average processing time of GrabImageRGBD(): 9.58169ms
Frame 962 end
Average processing time of GrabImageRGBD(): 9.57846ms
Frame 963 end
Average processing time of GrabImageRGBD(): 9.57546ms
Frame 964 end
Average processing time of GrabImageRGBD(): 9.57044ms
Frame 965 end
Average processing time of GrabImageRGBD(): 9.56368ms
Frame 966 end
Average processing time of GrabImageRGBD(): 9.55828ms
Frame 967 end
Average processing time of GrabImageRGBD(): 9.5545ms
Frame 968 end
Average processing time of GrabImageRGBD(): 9.57722ms
Frame 969 end
Average processing time of GrabImageRGBD(): 9.57249ms
Frame 970 end
Average processing time of GrabImageRGBD(): 9.57028ms
Frame 971 end
Average processing time of GrabImageRGBD(): 9.56776ms
Frame 972 end
Average processing time of GrabImageRGBD(): 9.5651ms
Frame 973 end
Average processing time of GrabImageRGBD(): 9.5592ms
Frame 974 end
Average processing time of GrabImageRGBD(): 9.55527ms
Frame 975 end
Average processing time of GrabImageRGBD(): 9.55047ms
Frame 976 end
Average processing time of GrabImageRGBD(): 9.54614ms
Frame 977 end
Average processing time of GrabImageRGBD(): 9.54187ms
Frame 978 end
Average processing time of GrabImageRGBD(): 9.53642ms
Frame 979 end
Average processing time of GrabImageRGBD(): 9.53272ms
Frame 980 end
Average processing time of GrabImageRGBD(): 9.52951ms
Frame 981 end
Average processing time of GrabImageRGBD(): 9.52564ms
Frame 982 end
Average processing time of GrabImageRGBD(): 9.51893ms
Frame 983 end
Average processing time of GrabImageRGBD(): 9.51407ms
Frame 984 end
Average processing time of GrabImageRGBD(): 9.51028ms
Frame 985 end
Average processing time of GrabImageRGBD(): 9.53231ms
Frame 986 end
Average processing time of GrabImageRGBD(): 9.5307ms
Frame 987 end
Average processing time of GrabImageRGBD(): 9.52926ms
Frame 988 end
Average processing time of GrabImageRGBD(): 9.52574ms
Frame 989 end
Average processing time of GrabImageRGBD(): 9.52266ms
Frame 990 end
Average processing time of GrabImageRGBD(): 9.51647ms
Frame 991 end
Average processing time of GrabImageRGBD(): 9.53962ms
Frame 992 end
Average processing time of GrabImageRGBD(): 9.5387ms
Frame 993 end
Average processing time of GrabImageRGBD(): 9.55999ms
Frame 994 end
Average processing time of GrabImageRGBD(): 9.56483ms
Frame 995 end
Average processing time of GrabImageRGBD(): 9.58884ms
Frame 996 end
Average processing time of GrabImageRGBD(): 9.58485ms
Frame 997 end
Average processing time of GrabImageRGBD(): 9.5833ms
Frame 998 end
Average processing time of GrabImageRGBD(): 9.58233ms
Frame 999 end
Average processing time of GrabImageRGBD(): 9.58061ms
Frame 1000 end
Average processing time of GrabImageRGBD(): 9.58228ms
Frame 1001 end
Average processing time of GrabImageRGBD(): 9.57979ms
Frame 1002 end
Average processing time of GrabImageRGBD(): 9.60669ms
Frame 1003 end
Average processing time of GrabImageRGBD(): 9.60765ms
Frame 1004 end
Average processing time of GrabImageRGBD(): 9.60354ms
Frame 1005 end
Average processing time of GrabImageRGBD(): 9.62511ms
Frame 1006 end
Average processing time of GrabImageRGBD(): 9.6262ms
Frame 1007 end
Average processing time of GrabImageRGBD(): 9.62394ms
Frame 1008 end
Average processing time of GrabImageRGBD(): 9.62091ms
Frame 1009 end
Average processing time of GrabImageRGBD(): 9.61636ms
Frame 1010 end
Average processing time of GrabImageRGBD(): 9.61366ms
Frame 1011 end
Average processing time of GrabImageRGBD(): 9.60892ms
Frame 1012 end
Average processing time of GrabImageRGBD(): 9.60532ms
Frame 1013 end
Average processing time of GrabImageRGBD(): 9.59927ms
Frame 1014 end
Average processing time of GrabImageRGBD(): 9.59292ms
Frame 1015 end
Average processing time of GrabImageRGBD(): 9.58645ms
Frame 1016 end
Average processing time of GrabImageRGBD(): 9.60893ms
Frame 1017 end
Average processing time of GrabImageRGBD(): 9.60839ms
Frame 1018 end
Average processing time of GrabImageRGBD(): 9.60228ms
Frame 1019 end
Average processing time of GrabImageRGBD(): 9.59668ms
Frame 1020 end
Average processing time of GrabImageRGBD(): 9.59292ms
Frame 1021 end
Average processing time of GrabImageRGBD(): 9.59035ms
Frame 1022 end
Average processing time of GrabImageRGBD(): 9.58425ms
Frame 1023 end
Average processing time of GrabImageRGBD(): 9.58151ms
Frame 1024 end
Average processing time of GrabImageRGBD(): 9.60218ms
Frame 1025 end
Average processing time of GrabImageRGBD(): 9.62401ms
Frame 1026 end
Average processing time of GrabImageRGBD(): 9.62082ms
Frame 1027 end
Average processing time of GrabImageRGBD(): 9.64339ms
Frame 1028 end
Average processing time of GrabImageRGBD(): 9.63859ms
Frame 1029 end
Average processing time of GrabImageRGBD(): 9.65881ms
Frame 1030 end
Average processing time of GrabImageRGBD(): 9.65441ms
Frame 1031 end
Average processing time of GrabImageRGBD(): 9.64912ms
Frame 1032 end
Average processing time of GrabImageRGBD(): 9.64595ms
Frame 1033 end
Average processing time of GrabImageRGBD(): 9.64241ms
Frame 1034 end
Average processing time of GrabImageRGBD(): 9.63765ms
Frame 1035 end
Average processing time of GrabImageRGBD(): 9.63215ms
Frame 1036 end
Average processing time of GrabImageRGBD(): 9.62684ms
Frame 1037 end
Average processing time of GrabImageRGBD(): 9.62265ms
Frame 1038 end
Average processing time of GrabImageRGBD(): 9.61867ms
Frame 1039 end
Average processing time of GrabImageRGBD(): 9.61329ms
Frame 1040 end
Average processing time of GrabImageRGBD(): 9.63918ms
Frame 1041 end
Average processing time of GrabImageRGBD(): 9.63984ms
Frame 1042 end
Average processing time of GrabImageRGBD(): 9.63712ms
Frame 1043 end
Average processing time of GrabImageRGBD(): 9.63267ms
Frame 1044 end
Average processing time of GrabImageRGBD(): 9.63154ms
Frame 1045 end
Average processing time of GrabImageRGBD(): 9.62939ms
Frame 1046 end
Average processing time of GrabImageRGBD(): 9.62368ms
Frame 1047 end
Average processing time of GrabImageRGBD(): 9.61765ms
Frame 1048 end
Average processing time of GrabImageRGBD(): 9.61552ms
Frame 1049 end
Average processing time of GrabImageRGBD(): 9.60945ms
Frame 1050 end
Average processing time of GrabImageRGBD(): 9.60467ms
Frame 1051 end
Average processing time of GrabImageRGBD(): 9.60127ms
Frame 1052 end
Average processing time of GrabImageRGBD(): 9.59835ms
Frame 1053 end
Average processing time of GrabImageRGBD(): 9.59327ms
Frame 1054 end
Average processing time of GrabImageRGBD(): 9.5898ms
Frame 1055 end
Average processing time of GrabImageRGBD(): 9.58709ms
Frame 1056 end
Average processing time of GrabImageRGBD(): 9.58443ms
Frame 1057 end
Average processing time of GrabImageRGBD(): 9.58172ms
Frame 1058 end
Average processing time of GrabImageRGBD(): 9.57801ms
Frame 1059 end
Average processing time of GrabImageRGBD(): 9.59763ms
Frame 1060 end
Average processing time of GrabImageRGBD(): 9.59709ms
Frame 1061 end
Average processing time of GrabImageRGBD(): 9.59656ms
Frame 1062 end
Average processing time of GrabImageRGBD(): 9.59319ms
Frame 1063 end
Average processing time of GrabImageRGBD(): 9.58732ms
Frame 1064 end
Average processing time of GrabImageRGBD(): 9.5848ms
Frame 1065 end
Average processing time of GrabImageRGBD(): 9.57913ms
Frame 1066 end
Average processing time of GrabImageRGBD(): 9.57612ms
Frame 1067 end
Average processing time of GrabImageRGBD(): 9.57021ms
Frame 1068 end
Average processing time of GrabImageRGBD(): 9.56416ms
Frame 1069 end
Average processing time of GrabImageRGBD(): 9.55894ms
Frame 1070 end
Average processing time of GrabImageRGBD(): 9.55306ms
Frame 1071 end
Average processing time of GrabImageRGBD(): 9.54707ms
Frame 1072 end
Average processing time of GrabImageRGBD(): 9.54383ms
Frame 1073 end
Average processing time of GrabImageRGBD(): 9.53809ms
Frame 1074 end
Average processing time of GrabImageRGBD(): 9.53224ms
Frame 1075 end
Average processing time of GrabImageRGBD(): 9.52876ms
Frame 1076 end
Average processing time of GrabImageRGBD(): 9.54644ms
Frame 1077 end
Average processing time of GrabImageRGBD(): 9.54525ms
Frame 1078 end
Average processing time of GrabImageRGBD(): 9.54127ms
Frame 1079 end
Average processing time of GrabImageRGBD(): 9.53552ms
Frame 1080 end
Average processing time of GrabImageRGBD(): 9.5327ms
Frame 1081 end
Average processing time of GrabImageRGBD(): 9.52739ms
Frame 1082 end
Average processing time of GrabImageRGBD(): 9.52426ms
Frame 1083 end
Average processing time of GrabImageRGBD(): 9.51983ms
Frame 1084 end
Average processing time of GrabImageRGBD(): 9.51658ms
Frame 1085 end
Average processing time of GrabImageRGBD(): 9.51282ms
Frame 1086 end
Average processing time of GrabImageRGBD(): 9.5067ms
Frame 1087 end
Average processing time of GrabImageRGBD(): 9.50234ms
Frame 1088 end
Average processing time of GrabImageRGBD(): 9.49863ms
Frame 1089 end
Average processing time of GrabImageRGBD(): 9.49483ms
Frame 1090 end
Average processing time of GrabImageRGBD(): 9.48878ms
Frame 1091 end
Average processing time of GrabImageRGBD(): 9.50782ms
Frame 1092 end
Average processing time of GrabImageRGBD(): 9.50676ms
Frame 1093 end
Average processing time of GrabImageRGBD(): 9.50157ms
Frame 1094 end
Average processing time of GrabImageRGBD(): 9.49643ms
Frame 1095 end
Average processing time of GrabImageRGBD(): 9.49062ms
Frame 1096 end
Average processing time of GrabImageRGBD(): 9.48789ms
Frame 1097 end
Average processing time of GrabImageRGBD(): 9.48411ms
Frame 1098 end
Average processing time of GrabImageRGBD(): 9.47822ms
Frame 1099 end
Average processing time of GrabImageRGBD(): 9.4725ms
Frame 1100 end
Average processing time of GrabImageRGBD(): 9.46912ms
Frame 1101 end
Average processing time of GrabImageRGBD(): 9.46553ms
Frame 1102 end
Average processing time of GrabImageRGBD(): 9.46172ms
Frame 1103 end
Average processing time of GrabImageRGBD(): 9.45821ms
Frame 1104 end
Average processing time of GrabImageRGBD(): 9.45253ms
Frame 1105 end
Average processing time of GrabImageRGBD(): 9.44807ms
Frame 1106 end
Average processing time of GrabImageRGBD(): 9.44441ms
Frame 1107 end
Average processing time of GrabImageRGBD(): 9.43831ms
Frame 1108 end
Average processing time of GrabImageRGBD(): 9.43328ms
Frame 1109 end
Average processing time of GrabImageRGBD(): 9.42859ms
Frame 1110 end
Average processing time of GrabImageRGBD(): 9.44661ms
Frame 1111 end
Average processing time of GrabImageRGBD(): 9.44194ms
Frame 1112 end
Average processing time of GrabImageRGBD(): 9.43944ms
Frame 1113 end
Average processing time of GrabImageRGBD(): 9.43692ms
Frame 1114 end
Average processing time of GrabImageRGBD(): 9.43122ms
Frame 1115 end
Average processing time of GrabImageRGBD(): 9.42678ms
Frame 1116 end
Average processing time of GrabImageRGBD(): 9.42257ms
Frame 1117 end
Average processing time of GrabImageRGBD(): 9.41727ms
Frame 1118 end
Average processing time of GrabImageRGBD(): 9.41194ms
Frame 1119 end
Average processing time of GrabImageRGBD(): 9.40587ms
Frame 1120 end
Average processing time of GrabImageRGBD(): 9.40246ms
Frame 1121 end
Average processing time of GrabImageRGBD(): 9.39674ms
Frame 1122 end
Average processing time of GrabImageRGBD(): 9.39361ms
Frame 1123 end
Average processing time of GrabImageRGBD(): 9.39035ms
Frame 1124 end
Average processing time of GrabImageRGBD(): 9.38519ms
Frame 1125 end
Average processing time of GrabImageRGBD(): 9.3796ms
Frame 1126 end
Average processing time of GrabImageRGBD(): 9.39841ms
Frame 1127 end
Average processing time of GrabImageRGBD(): 9.39474ms
Frame 1128 end
Average processing time of GrabImageRGBD(): 9.38931ms
Frame 1129 end
Average processing time of GrabImageRGBD(): 9.3839ms
Frame 1130 end
Average processing time of GrabImageRGBD(): 9.38104ms
Frame 1131 end
Average processing time of GrabImageRGBD(): 9.37775ms
Frame 1132 end
Average processing time of GrabImageRGBD(): 9.37258ms
Frame 1133 end
Average processing time of GrabImageRGBD(): 9.3696ms
Frame 1134 end
Average processing time of GrabImageRGBD(): 9.36666ms
Frame 1135 end
Average processing time of GrabImageRGBD(): 9.36187ms
Frame 1136 end
Average processing time of GrabImageRGBD(): 9.35688ms
Frame 1137 end
Average processing time of GrabImageRGBD(): 9.35494ms
Frame 1138 end
Average processing time of GrabImageRGBD(): 9.35142ms
Frame 1139 end
Average processing time of GrabImageRGBD(): 9.34804ms
Frame 1140 end
Average processing time of GrabImageRGBD(): 9.3447ms
Frame 1141 end
Average processing time of GrabImageRGBD(): 9.33917ms
Frame 1142 end
Average processing time of GrabImageRGBD(): 9.33535ms
Frame 1143 end
Average processing time of GrabImageRGBD(): 9.35289ms
Frame 1144 end
Average processing time of GrabImageRGBD(): 9.35082ms
Frame 1145 end
Average processing time of GrabImageRGBD(): 9.34595ms
Frame 1146 end
Average processing time of GrabImageRGBD(): 9.34305ms
Frame 1147 end
Average processing time of GrabImageRGBD(): 9.33893ms
Frame 1148 end
Average processing time of GrabImageRGBD(): 9.33631ms
Frame 1149 end
Average processing time of GrabImageRGBD(): 9.33202ms
Frame 1150 end
Average processing time of GrabImageRGBD(): 9.32922ms
Frame 1151 end
Average processing time of GrabImageRGBD(): 9.32458ms
Frame 1152 end
Average processing time of GrabImageRGBD(): 9.32176ms
Frame 1153 end
Average processing time of GrabImageRGBD(): 9.3175ms
Frame 1154 end
Average processing time of GrabImageRGBD(): 9.31387ms
Frame 1155 end
Average processing time of GrabImageRGBD(): 9.31024ms
Frame 1156 end
Average processing time of GrabImageRGBD(): 9.30472ms
Frame 1157 end
Average processing time of GrabImageRGBD(): 9.29881ms
Frame 1158 end
Average processing time of GrabImageRGBD(): 9.29312ms
Frame 1159 end
Average processing time of GrabImageRGBD(): 9.28944ms
Frame 1160 end
Average processing time of GrabImageRGBD(): 9.28564ms
Frame 1161 end
Average processing time of GrabImageRGBD(): 9.30304ms
Frame 1162 end
Average processing time of GrabImageRGBD(): 9.29884ms
Frame 1163 end
Average processing time of GrabImageRGBD(): 9.29691ms
Frame 1164 end
Average processing time of GrabImageRGBD(): 9.29459ms
Frame 1165 end
Average processing time of GrabImageRGBD(): 9.28932ms
Frame 1166 end
Average processing time of GrabImageRGBD(): 9.28422ms
Frame 1167 end
Average processing time of GrabImageRGBD(): 9.28131ms
Frame 1168 end
Average processing time of GrabImageRGBD(): 9.27875ms
Frame 1169 end
Average processing time of GrabImageRGBD(): 9.27568ms
Frame 1170 end
Average processing time of GrabImageRGBD(): 9.27097ms
Frame 1171 end
Average processing time of GrabImageRGBD(): 9.26632ms
Frame 1172 end
Average processing time of GrabImageRGBD(): 9.26093ms
Frame 1173 end
Average processing time of GrabImageRGBD(): 9.25745ms
Frame 1174 end
Average processing time of GrabImageRGBD(): 9.25217ms
Frame 1175 end
Average processing time of GrabImageRGBD(): 9.24773ms
Frame 1176 end
Average processing time of GrabImageRGBD(): 9.24257ms
Frame 1177 end
Average processing time of GrabImageRGBD(): 9.23718ms
Frame 1178 end
Average processing time of GrabImageRGBD(): 9.25474ms
Frame 1179 end
Average processing time of GrabImageRGBD(): 9.25355ms
Frame 1180 end
Average processing time of GrabImageRGBD(): 9.24853ms
Frame 1181 end
Average processing time of GrabImageRGBD(): 9.24338ms
Frame 1182 end
Average processing time of GrabImageRGBD(): 9.24052ms
Frame 1183 end
Average processing time of GrabImageRGBD(): 9.23797ms
Frame 1184 end
Average processing time of GrabImageRGBD(): 9.23406ms
Frame 1185 end
Average processing time of GrabImageRGBD(): 9.23033ms
Frame 1186 end
Average processing time of GrabImageRGBD(): 9.22791ms
Frame 1187 end
Average processing time of GrabImageRGBD(): 9.22523ms
Frame 1188 end
Average processing time of GrabImageRGBD(): 9.22146ms
Frame 1189 end
Average processing time of GrabImageRGBD(): 9.21872ms
Frame 1190 end
Average processing time of GrabImageRGBD(): 9.21442ms
Frame 1191 end
Average processing time of GrabImageRGBD(): 9.20925ms
Frame 1192 end
Average processing time of GrabImageRGBD(): 9.20429ms
Frame 1193 end
Average processing time of GrabImageRGBD(): 9.20122ms
Frame 1194 end
Average processing time of GrabImageRGBD(): 9.19908ms
Frame 1195 end
Average processing time of GrabImageRGBD(): 9.19552ms
Frame 1196 end
Average processing time of GrabImageRGBD(): 9.21392ms
Frame 1197 end
Average processing time of GrabImageRGBD(): 9.21391ms
Frame 1198 end
Average processing time of GrabImageRGBD(): 9.20926ms
Frame 1199 end
Average processing time of GrabImageRGBD(): 9.20773ms
Frame 1200 end
Average processing time of GrabImageRGBD(): 9.20627ms
Frame 1201 end
Average processing time of GrabImageRGBD(): 9.20478ms
Frame 1202 end
Average processing time of GrabImageRGBD(): 9.1997ms
Frame 1203 end
Average processing time of GrabImageRGBD(): 9.19608ms
Frame 1204 end
Average processing time of GrabImageRGBD(): 9.19107ms
Frame 1205 end
Average processing time of GrabImageRGBD(): 9.18821ms
Frame 1206 end
Average processing time of GrabImageRGBD(): 9.18346ms
Frame 1207 end
Average processing time of GrabImageRGBD(): 9.18169ms
Frame 1208 end
Average processing time of GrabImageRGBD(): 9.17705ms
Frame 1209 end
Average processing time of GrabImageRGBD(): 9.17333ms
Frame 1210 end
Average processing time of GrabImageRGBD(): 9.17073ms
Frame 1211 end
Average processing time of GrabImageRGBD(): 9.16812ms
Frame 1212 end
Average processing time of GrabImageRGBD(): 9.16564ms
Frame 1213 end
Average processing time of GrabImageRGBD(): 9.16284ms
Frame 1214 end
Average processing time of GrabImageRGBD(): 9.15988ms
Frame 1215 end
Average processing time of GrabImageRGBD(): 9.17726ms
Frame 1216 end
Average processing time of GrabImageRGBD(): 9.1742ms
Frame 1217 end
Average processing time of GrabImageRGBD(): 9.16928ms
Frame 1218 end
Average processing time of GrabImageRGBD(): 9.1653ms
Frame 1219 end
Average processing time of GrabImageRGBD(): 9.16322ms
Frame 1220 end
Average processing time of GrabImageRGBD(): 9.16057ms
Frame 1221 end
Average processing time of GrabImageRGBD(): 9.15768ms
Frame 1222 end
Average processing time of GrabImageRGBD(): 9.15569ms
Frame 1223 end
Average processing time of GrabImageRGBD(): 9.15172ms
Frame 1224 end
Average processing time of GrabImageRGBD(): 9.14779ms
Frame 1225 end
Average processing time of GrabImageRGBD(): 9.14481ms
Frame 1226 end
Average processing time of GrabImageRGBD(): 9.14168ms
Frame 1227 end
Average processing time of GrabImageRGBD(): 9.13674ms
Frame 1228 end
Average processing time of GrabImageRGBD(): 9.13283ms
Frame 1229 end
Average processing time of GrabImageRGBD(): 9.12884ms
Frame 1230 end
Average processing time of GrabImageRGBD(): 9.12708ms
Frame 1231 end
Average processing time of GrabImageRGBD(): 9.12351ms
Frame 1232 end
Average processing time of GrabImageRGBD(): 9.12053ms
Frame 1233 end
Average processing time of GrabImageRGBD(): 9.11738ms
Frame 1234 end
Average processing time of GrabImageRGBD(): 9.11265ms
Frame 1235 end
Average processing time of GrabImageRGBD(): 9.10933ms
Frame 1236 end
Average processing time of GrabImageRGBD(): 9.10625ms
Frame 1237 end
Average processing time of GrabImageRGBD(): 9.10122ms
Frame 1238 end
Average processing time of GrabImageRGBD(): 9.11781ms
Frame 1239 end
Average processing time of GrabImageRGBD(): 9.11768ms
Frame 1240 end
Average processing time of GrabImageRGBD(): 9.11296ms
Frame 1241 end
Average processing time of GrabImageRGBD(): 9.1104ms
Frame 1242 end
Average processing time of GrabImageRGBD(): 9.1063ms
Frame 1243 end
Average processing time of GrabImageRGBD(): 9.10474ms
Frame 1244 end
Average processing time of GrabImageRGBD(): 9.10285ms
Frame 1245 end
Average processing time of GrabImageRGBD(): 9.10107ms
Frame 1246 end
Average processing time of GrabImageRGBD(): 9.09899ms
Frame 1247 end
Average processing time of GrabImageRGBD(): 9.0959ms
Frame 1248 end
Average processing time of GrabImageRGBD(): 9.09403ms
Frame 1249 end
Average processing time of GrabImageRGBD(): 9.09193ms
Frame 1250 end
Average processing time of GrabImageRGBD(): 9.08715ms
Frame 1251 end
Average processing time of GrabImageRGBD(): 9.08244ms
Frame 1252 end
Average processing time of GrabImageRGBD(): 9.07881ms
Frame 1253 end
Average processing time of GrabImageRGBD(): 9.07671ms
Frame 1254 end
Average processing time of GrabImageRGBD(): 9.07476ms
Frame 1255 end
Average processing time of GrabImageRGBD(): 9.07256ms
Frame 1256 end
Average processing time of GrabImageRGBD(): 9.07017ms
Frame 1257 end
Average processing time of GrabImageRGBD(): 9.06689ms
Frame 1258 end
Average processing time of GrabImageRGBD(): 9.06219ms
Frame 1259 end
Average processing time of GrabImageRGBD(): 9.07972ms
Frame 1260 end
Average processing time of GrabImageRGBD(): 9.07564ms
Frame 1261 end
Average processing time of GrabImageRGBD(): 9.07438ms
Frame 1262 end
Average processing time of GrabImageRGBD(): 9.07273ms
Frame 1263 end
Average processing time of GrabImageRGBD(): 9.07177ms
Frame 1264 end
Average processing time of GrabImageRGBD(): 9.06993ms
Frame 1265 end
Average processing time of GrabImageRGBD(): 9.0671ms
Frame 1266 end
Average processing time of GrabImageRGBD(): 9.06585ms
Frame 1267 end
Average processing time of GrabImageRGBD(): 9.06484ms
Frame 1268 end
Average processing time of GrabImageRGBD(): 9.06026ms
Frame 1269 end
Average processing time of GrabImageRGBD(): 9.05629ms
Frame 1270 end
Average processing time of GrabImageRGBD(): 9.05514ms
Frame 1271 end
Average processing time of GrabImageRGBD(): 9.05064ms
Frame 1272 end
Average processing time of GrabImageRGBD(): 9.04595ms
Frame 1273 end
Average processing time of GrabImageRGBD(): 9.04124ms
Frame 1274 end
Average processing time of GrabImageRGBD(): 9.04024ms
Frame 1275 end
Average processing time of GrabImageRGBD(): 9.03624ms
Frame 1276 end
Average processing time of GrabImageRGBD(): 9.03173ms
Frame 1277 end
Average processing time of GrabImageRGBD(): 9.02762ms
Frame 1278 end
Average processing time of GrabImageRGBD(): 9.0232ms
Frame 1279 end
Average processing time of GrabImageRGBD(): 9.04162ms
Frame 1280 end
Average processing time of GrabImageRGBD(): 9.04221ms
Frame 1281 end
Average processing time of GrabImageRGBD(): 9.04223ms
Frame 1282 end
Average processing time of GrabImageRGBD(): 9.03889ms
Frame 1283 end
Average processing time of GrabImageRGBD(): 9.03429ms
Frame 1284 end
Average processing time of GrabImageRGBD(): 9.03361ms
Frame 1285 end
Shutdown
-------

median tracking time: 0.00690081
mean tracking time: 0.00973732

Saving camera trajectory to CameraTrajectory.txt ...

Saving keyframe trajectory to KeyFrameTrajectory.txt ...
