
ORB-SLAM3 Copyright (C) 2017-2020 Carlos Campos, Richard Elvira, Juan J. Gómez, José M.M. Montiel and Juan D. Tardós, University of Zaragoza.
ORB-SLAM2 Copyright (C) 2014-2016 Raúl Mur-Artal, José M.M. Montiel and Juan D. Tardós, University of Zaragoza.
This program comes with ABSOLUTELY NO WARRANTY;
This is free software, and you are welcome to redistribute it
under certain conditions. See LICENSE.txt.

Input sensor was set to: RGB-D
Loading settings from /home/bingxin/Downloads/NGD-SLAM/Examples/RGB-D/Bonn.yaml
Camera1.k3 optional parameter does not exist...
	-Loaded camera 1
Camera.newHeight optional parameter does not exist...
Camera.newWidth optional parameter does not exist...
	-Loaded image info
	-Loaded RGB-D calibration
	-Loaded ORB settings
Viewer.imageViewScale optional parameter does not exist...
	-Loaded viewer settings
System.LoadAtlasFromFile optional parameter does not exist...
System.SaveAtlasToFile optional parameter does not exist...
	-Loaded Atlas settings
System.thFarPoints optional parameter does not exist...
	-Loaded misc parameters
----------------------------------
SLAM settings: 
	-Camera 1 parameters (Pinhole): [ 542.823 542.577 315.594 237.756 ]
	-Camera 1 distortion parameters: [  0.039903 -0.099343 -0.00073 -0.000144 ]
	-Original image size: [ 640 , 480 ]
	-Current image size: [ 640 , 480 ]
	-Sequence FPS: 30
	-RGB-D depth map factor: 5000
	-Features per image: 1000
	-ORB scale factor: 1.2
	-ORB number of scales: 8
	-Initial FAST threshold: 20
	-Min FAST threshold: 7


Loading ORB Vocabulary. This could take a while...
Vocabulary loaded!

Initialization of Atlas from scratch 
Creation of new map with id: 0
Creation of new map with last KF id: 0
Seq. Name: 
There are 1 cameras in the atlas
Camera 0 is pinhole
Net use yolo-fastest

-------
Start processing sequence ...
Images in the sequence: 720

First KF:0; Map init KF:0
New Map created with 889 points
Average processing time of GrabImageRGBD(): 43.939ms
Frame 0 end
Average processing time of GrabImageRGBD(): 34.7642ms
Frame 1 end
Average processing time of GrabImageRGBD(): 31.8124ms
Frame 2 end
Average processing time of GrabImageRGBD(): 25.6232ms
Frame 3 end
Average processing time of GrabImageRGBD(): 22.6246ms
Frame 4 end
Average processing time of GrabImageRGBD(): 19.5069ms
Frame 5 end
Average processing time of GrabImageRGBD(): 17.8412ms
Frame 6 end
Starting the Viewer
Average processing time of GrabImageRGBD(): 17.0296ms
Frame 7 end
Average processing time of GrabImageRGBD(): 16.4104ms
Frame 8 end
Average processing time of GrabImageRGBD(): 15.1674ms
Frame 9 end
Average processing time of GrabImageRGBD(): 14.7098ms
Frame 10 end
Average processing time of GrabImageRGBD(): 13.8173ms
Frame 11 end
Average processing time of GrabImageRGBD(): 13.0205ms
Frame 12 end
Average processing time of GrabImageRGBD(): 12.897ms
Frame 13 end
Average processing time of GrabImageRGBD(): 12.7539ms
Frame 14 end
Average processing time of GrabImageRGBD(): 12.2112ms
Frame 15 end
Average processing time of GrabImageRGBD(): 11.7121ms
Frame 16 end
Average processing time of GrabImageRGBD(): 12.7916ms
Frame 17 end
Average processing time of GrabImageRGBD(): 12.6081ms
Frame 18 end
Average processing time of GrabImageRGBD(): 12.1371ms
Frame 19 end
Average processing time of GrabImageRGBD(): 11.9282ms
Frame 20 end
Average processing time of GrabImageRGBD(): 12.7263ms
Frame 21 end
Average processing time of GrabImageRGBD(): 12.6336ms
Frame 22 end
Average processing time of GrabImageRGBD(): 12.2264ms
Frame 23 end
Average processing time of GrabImageRGBD(): 11.9914ms
Frame 24 end
Average processing time of GrabImageRGBD(): 11.7104ms
Frame 25 end
Average processing time of GrabImageRGBD(): 11.5433ms
Frame 26 end
Average processing time of GrabImageRGBD(): 11.4504ms
Frame 27 end
Average processing time of GrabImageRGBD(): 11.1787ms
Frame 28 end
Average processing time of GrabImageRGBD(): 11.1187ms
Frame 29 end
Average processing time of GrabImageRGBD(): 11.0419ms
Frame 30 end
Average processing time of GrabImageRGBD(): 10.7806ms
Frame 31 end
Average processing time of GrabImageRGBD(): 11.3567ms
Frame 32 end
Average processing time of GrabImageRGBD(): 11.2047ms
Frame 33 end
Average processing time of GrabImageRGBD(): 10.9696ms
Frame 34 end
Average processing time of GrabImageRGBD(): 11.4252ms
Frame 35 end
Average processing time of GrabImageRGBD(): 11.2328ms
Frame 36 end
Average processing time of GrabImageRGBD(): 11.0161ms
Frame 37 end
Average processing time of GrabImageRGBD(): 10.831ms
Frame 38 end
Average processing time of GrabImageRGBD(): 10.7817ms
Frame 39 end
Average processing time of GrabImageRGBD(): 10.7136ms
Frame 40 end
Average processing time of GrabImageRGBD(): 10.5867ms
Frame 41 end
Average processing time of GrabImageRGBD(): 10.5403ms
Frame 42 end
Average processing time of GrabImageRGBD(): 10.4929ms
Frame 43 end
Average processing time of GrabImageRGBD(): 10.9256ms
Frame 44 end
Average processing time of GrabImageRGBD(): 10.8909ms
Frame 45 end
Average processing time of GrabImageRGBD(): 10.7237ms
Frame 46 end
Average processing time of GrabImageRGBD(): 10.6022ms
Frame 47 end
Average processing time of GrabImageRGBD(): 10.5797ms
Frame 48 end
Average processing time of GrabImageRGBD(): 10.4442ms
Frame 49 end
Average processing time of GrabImageRGBD(): 10.3024ms
Frame 50 end
Average processing time of GrabImageRGBD(): 10.2786ms
Frame 51 end
Average processing time of GrabImageRGBD(): 10.1505ms
Frame 52 end
Average processing time of GrabImageRGBD(): 10.4487ms
Frame 53 end
Average processing time of GrabImageRGBD(): 10.4279ms
Frame 54 end
Average processing time of GrabImageRGBD(): 10.3067ms
Frame 55 end
Average processing time of GrabImageRGBD(): 10.1873ms
Frame 56 end
Average processing time of GrabImageRGBD(): 10.0896ms
Frame 57 end
Average processing time of GrabImageRGBD(): 9.98577ms
Frame 58 end
Average processing time of GrabImageRGBD(): 10.3171ms
Frame 59 end
Average processing time of GrabImageRGBD(): 10.2164ms
Frame 60 end
Average processing time of GrabImageRGBD(): 10.1065ms
Frame 61 end
Average processing time of GrabImageRGBD(): 10.4356ms
Frame 62 end
Average processing time of GrabImageRGBD(): 10.4463ms
Frame 63 end
Average processing time of GrabImageRGBD(): 10.3368ms
Frame 64 end
Average processing time of GrabImageRGBD(): 10.2633ms
Frame 65 end
Average processing time of GrabImageRGBD(): 10.2465ms
Frame 66 end
Average processing time of GrabImageRGBD(): 10.2073ms
Frame 67 end
Average processing time of GrabImageRGBD(): 10.1913ms
Frame 68 end
Average processing time of GrabImageRGBD(): 10.4228ms
Frame 69 end
Average processing time of GrabImageRGBD(): 10.3311ms
Frame 70 end
Average processing time of GrabImageRGBD(): 10.2257ms
Frame 71 end
Average processing time of GrabImageRGBD(): 10.4687ms
Frame 72 end
Average processing time of GrabImageRGBD(): 10.4186ms
Frame 73 end
Average processing time of GrabImageRGBD(): 10.3237ms
Frame 74 end
Average processing time of GrabImageRGBD(): 10.2995ms
Frame 75 end
Average processing time of GrabImageRGBD(): 10.2743ms
Frame 76 end
Average processing time of GrabImageRGBD(): 10.4724ms
Frame 77 end
Average processing time of GrabImageRGBD(): 10.4492ms
Frame 78 end
Average processing time of GrabImageRGBD(): 10.3546ms
Frame 79 end
Average processing time of GrabImageRGBD(): 10.3241ms
Frame 80 end
Average processing time of GrabImageRGBD(): 10.2682ms
Frame 81 end
Average processing time of GrabImageRGBD(): 10.2373ms
Frame 82 end
Average processing time of GrabImageRGBD(): 10.4342ms
Frame 83 end
Average processing time of GrabImageRGBD(): 10.4326ms
Frame 84 end
Average processing time of GrabImageRGBD(): 10.4268ms
Frame 85 end
Average processing time of GrabImageRGBD(): 10.3511ms
Frame 86 end
Average processing time of GrabImageRGBD(): 10.3326ms
Frame 87 end
Average processing time of GrabImageRGBD(): 10.3206ms
Frame 88 end
Average processing time of GrabImageRGBD(): 10.3007ms
Frame 89 end
Average processing time of GrabImageRGBD(): 10.278ms
Frame 90 end
Average processing time of GrabImageRGBD(): 10.2504ms
Frame 91 end
Average processing time of GrabImageRGBD(): 10.1737ms
Frame 92 end
Average processing time of GrabImageRGBD(): 10.1492ms
Frame 93 end
Average processing time of GrabImageRGBD(): 10.1305ms
Frame 94 end
Average processing time of GrabImageRGBD(): 10.057ms
Frame 95 end
Average processing time of GrabImageRGBD(): 10.2531ms
Frame 96 end
Average processing time of GrabImageRGBD(): 10.2447ms
Frame 97 end
Average processing time of GrabImageRGBD(): 10.172ms
Frame 98 end
Average processing time of GrabImageRGBD(): 10.1471ms
Frame 99 end
Average processing time of GrabImageRGBD(): 10.1324ms
Frame 100 end
Average processing time of GrabImageRGBD(): 10.0595ms
Frame 101 end
Average processing time of GrabImageRGBD(): 10.0583ms
Frame 102 end
Average processing time of GrabImageRGBD(): 10.0435ms
Frame 103 end
Average processing time of GrabImageRGBD(): 10.0203ms
Frame 104 end
Average processing time of GrabImageRGBD(): 9.95881ms
Frame 105 end
Average processing time of GrabImageRGBD(): 9.95005ms
Frame 106 end
Average processing time of GrabImageRGBD(): 9.88989ms
Frame 107 end
Average processing time of GrabImageRGBD(): 9.83129ms
Frame 108 end
Average processing time of GrabImageRGBD(): 9.79656ms
Frame 109 end
Average processing time of GrabImageRGBD(): 9.78515ms
Frame 110 end
Average processing time of GrabImageRGBD(): 9.94188ms
Frame 111 end
Average processing time of GrabImageRGBD(): 9.89502ms
Frame 112 end
Average processing time of GrabImageRGBD(): 9.8372ms
Frame 113 end
Average processing time of GrabImageRGBD(): 9.83116ms
Frame 114 end
Average processing time of GrabImageRGBD(): 9.78992ms
Frame 115 end
Average processing time of GrabImageRGBD(): 9.73829ms
Frame 116 end
Average processing time of GrabImageRGBD(): 9.89677ms
Frame 117 end
Average processing time of GrabImageRGBD(): 9.86241ms
Frame 118 end
Average processing time of GrabImageRGBD(): 9.80519ms
Frame 119 end
Average processing time of GrabImageRGBD(): 9.97869ms
Frame 120 end
Average processing time of GrabImageRGBD(): 9.99026ms
Frame 121 end
Average processing time of GrabImageRGBD(): 9.93497ms
Frame 122 end
Average processing time of GrabImageRGBD(): 10.0802ms
Frame 123 end
Average processing time of GrabImageRGBD(): 10.0864ms
Frame 124 end
Average processing time of GrabImageRGBD(): 10.0861ms
Frame 125 end
Average processing time of GrabImageRGBD(): 10.0342ms
Frame 126 end
Average processing time of GrabImageRGBD(): 9.99846ms
Frame 127 end
Average processing time of GrabImageRGBD(): 9.97549ms
Frame 128 end
Average processing time of GrabImageRGBD(): 9.92737ms
Frame 129 end
Average processing time of GrabImageRGBD(): 9.90891ms
Frame 130 end
Average processing time of GrabImageRGBD(): 9.90765ms
Frame 131 end
Average processing time of GrabImageRGBD(): 9.90467ms
Frame 132 end
Average processing time of GrabImageRGBD(): 9.85762ms
Frame 133 end
Average processing time of GrabImageRGBD(): 9.82623ms
Frame 134 end
Average processing time of GrabImageRGBD(): 9.81431ms
Frame 135 end
Average processing time of GrabImageRGBD(): 9.78915ms
Frame 136 end
Average processing time of GrabImageRGBD(): 9.78598ms
Frame 137 end
Average processing time of GrabImageRGBD(): 9.78927ms
Frame 138 end
Average processing time of GrabImageRGBD(): 9.7804ms
Frame 139 end
Average processing time of GrabImageRGBD(): 9.76639ms
Frame 140 end
Average processing time of GrabImageRGBD(): 9.88923ms
Frame 141 end
Average processing time of GrabImageRGBD(): 9.89308ms
Frame 142 end
Average processing time of GrabImageRGBD(): 9.85099ms
Frame 143 end
Average processing time of GrabImageRGBD(): 9.80829ms
Frame 144 end
Average processing time of GrabImageRGBD(): 9.97423ms
Frame 145 end
Average processing time of GrabImageRGBD(): 9.94321ms
Frame 146 end
Average processing time of GrabImageRGBD(): 9.89598ms
Frame 147 end
Average processing time of GrabImageRGBD(): 10.0362ms
Frame 148 end
Average processing time of GrabImageRGBD(): 10.0479ms
Frame 149 end
Average processing time of GrabImageRGBD(): 10.0049ms
Frame 150 end
Average processing time of GrabImageRGBD(): 10.0059ms
Frame 151 end
Average processing time of GrabImageRGBD(): 9.98906ms
Frame 152 end
Average processing time of GrabImageRGBD(): 9.94423ms
Frame 153 end
Average processing time of GrabImageRGBD(): 9.9043ms
Frame 154 end
Average processing time of GrabImageRGBD(): 9.90976ms
Frame 155 end
Average processing time of GrabImageRGBD(): 9.89338ms
Frame 156 end
Average processing time of GrabImageRGBD(): 9.85292ms
Frame 157 end
Average processing time of GrabImageRGBD(): 9.855ms
Frame 158 end
Average processing time of GrabImageRGBD(): 9.82233ms
Frame 159 end
Average processing time of GrabImageRGBD(): 9.92919ms
Frame 160 end
Average processing time of GrabImageRGBD(): 9.93691ms
Frame 161 end
Average processing time of GrabImageRGBD(): 9.89654ms
Frame 162 end
Average processing time of GrabImageRGBD(): 9.86098ms
Frame 163 end
Average processing time of GrabImageRGBD(): 9.86163ms
Frame 164 end
Average processing time of GrabImageRGBD(): 9.86547ms
Frame 165 end
Average processing time of GrabImageRGBD(): 9.82523ms
Frame 166 end
Average processing time of GrabImageRGBD(): 9.79651ms
Frame 167 end
Average processing time of GrabImageRGBD(): 9.78125ms
Frame 168 end
Average processing time of GrabImageRGBD(): 9.78336ms
Frame 169 end
Average processing time of GrabImageRGBD(): 9.778ms
Frame 170 end
Average processing time of GrabImageRGBD(): 9.73944ms
Frame 171 end
Average processing time of GrabImageRGBD(): 9.7046ms
Frame 172 end
Average processing time of GrabImageRGBD(): 9.67951ms
Frame 173 end
Average processing time of GrabImageRGBD(): 9.80599ms
Frame 174 end
Average processing time of GrabImageRGBD(): 9.7735ms
Frame 175 end
Average processing time of GrabImageRGBD(): 9.73614ms
Frame 176 end
Average processing time of GrabImageRGBD(): 9.72538ms
Frame 177 end
Average processing time of GrabImageRGBD(): 9.84366ms
Frame 178 end
Average processing time of GrabImageRGBD(): 9.8107ms
Frame 179 end
Average processing time of GrabImageRGBD(): 9.77602ms
Frame 180 end
Average processing time of GrabImageRGBD(): 9.74713ms
Frame 181 end
Average processing time of GrabImageRGBD(): 9.85695ms
Frame 182 end
Average processing time of GrabImageRGBD(): 9.8622ms
Frame 183 end
Average processing time of GrabImageRGBD(): 9.83064ms
Frame 184 end
Average processing time of GrabImageRGBD(): 9.79615ms
Frame 185 end
Average processing time of GrabImageRGBD(): 9.78558ms
Frame 186 end
Average processing time of GrabImageRGBD(): 9.76388ms
Frame 187 end
Average processing time of GrabImageRGBD(): 9.72876ms
Frame 188 end
Average processing time of GrabImageRGBD(): 9.83784ms
Frame 189 end
Average processing time of GrabImageRGBD(): 9.80756ms
Frame 190 end
Average processing time of GrabImageRGBD(): 9.77195ms
Frame 191 end
Average processing time of GrabImageRGBD(): 9.76036ms
Frame 192 end
Average processing time of GrabImageRGBD(): 9.87283ms
Frame 193 end
Average processing time of GrabImageRGBD(): 9.84453ms
Frame 194 end
Average processing time of GrabImageRGBD(): 9.85658ms
Frame 195 end
Average processing time of GrabImageRGBD(): 9.95531ms
Frame 196 end
Average processing time of GrabImageRGBD(): 9.96197ms
Frame 197 end
Average processing time of GrabImageRGBD(): 9.92844ms
Frame 198 end
Average processing time of GrabImageRGBD(): 9.90838ms
Frame 199 end
Average processing time of GrabImageRGBD(): 10.0142ms
Frame 200 end
Average processing time of GrabImageRGBD(): 10.0002ms
Frame 201 end
Average processing time of GrabImageRGBD(): 9.99711ms
Frame 202 end
Average processing time of GrabImageRGBD(): 9.96794ms
Frame 203 end
Average processing time of GrabImageRGBD(): 9.96892ms
Frame 204 end
Average processing time of GrabImageRGBD(): 9.96978ms
Frame 205 end
Average processing time of GrabImageRGBD(): 9.9476ms
Frame 206 end
Average processing time of GrabImageRGBD(): 9.94738ms
Frame 207 end
Average processing time of GrabImageRGBD(): 9.9461ms
Frame 208 end
Average processing time of GrabImageRGBD(): 9.91521ms
Frame 209 end
Average processing time of GrabImageRGBD(): 10.0136ms
Frame 210 end
Average processing time of GrabImageRGBD(): 10.0163ms
Frame 211 end
Average processing time of GrabImageRGBD(): 9.98843ms
Frame 212 end
Average processing time of GrabImageRGBD(): 9.98512ms
Frame 213 end
Average processing time of GrabImageRGBD(): 9.9792ms
Frame 214 end
Average processing time of GrabImageRGBD(): 9.94652ms
Frame 215 end
Average processing time of GrabImageRGBD(): 9.91812ms
Frame 216 end
Average processing time of GrabImageRGBD(): 9.91203ms
Frame 217 end
Average processing time of GrabImageRGBD(): 9.88144ms
Frame 218 end
Average processing time of GrabImageRGBD(): 10.0104ms
Frame 219 end
Average processing time of GrabImageRGBD(): 10.0147ms
Frame 220 end
Average processing time of GrabImageRGBD(): 9.98482ms
Frame 221 end
Average processing time of GrabImageRGBD(): 9.98384ms
Frame 222 end
Average processing time of GrabImageRGBD(): 9.95571ms
Frame 223 end
Average processing time of GrabImageRGBD(): 9.93577ms
Frame 224 end
Average processing time of GrabImageRGBD(): 9.90751ms
Frame 225 end
Average processing time of GrabImageRGBD(): 9.88174ms
Frame 226 end
Average processing time of GrabImageRGBD(): 9.85762ms
Frame 227 end
Average processing time of GrabImageRGBD(): 9.95688ms
Frame 228 end
Average processing time of GrabImageRGBD(): 9.93069ms
Frame 229 end
Average processing time of GrabImageRGBD(): 9.92627ms
Frame 230 end
Average processing time of GrabImageRGBD(): 9.92079ms
Frame 231 end
Average processing time of GrabImageRGBD(): 9.89169ms
Frame 232 end
Average processing time of GrabImageRGBD(): 9.88233ms
Frame 233 end
Average processing time of GrabImageRGBD(): 9.87464ms
Frame 234 end
Average processing time of GrabImageRGBD(): 9.84478ms
Frame 235 end
Average processing time of GrabImageRGBD(): 9.8465ms
Frame 236 end
Average processing time of GrabImageRGBD(): 9.94646ms
Frame 237 end
Average processing time of GrabImageRGBD(): 9.96755ms
Frame 238 end
Average processing time of GrabImageRGBD(): 9.98833ms
Frame 239 end
Average processing time of GrabImageRGBD(): 10.0095ms
Frame 240 end
Average processing time of GrabImageRGBD(): 10.1035ms
Frame 241 end
Average processing time of GrabImageRGBD(): 10.1273ms
Frame 242 end
Average processing time of GrabImageRGBD(): 10.1437ms
Frame 243 end
Average processing time of GrabImageRGBD(): 10.1411ms
Frame 244 end
Average processing time of GrabImageRGBD(): 10.2429ms
Frame 245 end
Average processing time of GrabImageRGBD(): 10.2697ms
Frame 246 end
Average processing time of GrabImageRGBD(): 10.2939ms
Frame 247 end
Average processing time of GrabImageRGBD(): 10.3066ms
Frame 248 end
Average processing time of GrabImageRGBD(): 10.4171ms
Frame 249 end
Average processing time of GrabImageRGBD(): 10.4346ms
Frame 250 end
Average processing time of GrabImageRGBD(): 10.4625ms
Frame 251 end
Average processing time of GrabImageRGBD(): 10.4739ms
Frame 252 end
Average processing time of GrabImageRGBD(): 10.4928ms
Frame 253 end
Average processing time of GrabImageRGBD(): 10.5794ms
Frame 254 end
Average processing time of GrabImageRGBD(): 10.6086ms
Frame 255 end
Average processing time of GrabImageRGBD(): 10.6232ms
Frame 256 end
Average processing time of GrabImageRGBD(): 10.6455ms
Frame 257 end
Average processing time of GrabImageRGBD(): 10.7266ms
Frame 258 end
Average processing time of GrabImageRGBD(): 10.7522ms
Frame 259 end
Average processing time of GrabImageRGBD(): 10.7573ms
Frame 260 end
Average processing time of GrabImageRGBD(): 10.7746ms
Frame 261 end
Average processing time of GrabImageRGBD(): 10.8669ms
Frame 262 end
Average processing time of GrabImageRGBD(): 10.8852ms
Frame 263 end
Average processing time of GrabImageRGBD(): 10.889ms
Frame 264 end
Average processing time of GrabImageRGBD(): 10.899ms
Frame 265 end
Average processing time of GrabImageRGBD(): 10.9097ms
Frame 266 end
Average processing time of GrabImageRGBD(): 11.0011ms
Frame 267 end
Average processing time of GrabImageRGBD(): 11.0198ms
Frame 268 end
Average processing time of GrabImageRGBD(): 11.0249ms
Frame 269 end
Average processing time of GrabImageRGBD(): 11.0334ms
Frame 270 end
Average processing time of GrabImageRGBD(): 11.0418ms
Frame 271 end
Average processing time of GrabImageRGBD(): 11.1356ms
Frame 272 end
Average processing time of GrabImageRGBD(): 11.1456ms
Frame 273 end
Average processing time of GrabImageRGBD(): 11.1507ms
Frame 274 end
Average processing time of GrabImageRGBD(): 11.1448ms
Frame 275 end
Average processing time of GrabImageRGBD(): 11.1528ms
Frame 276 end
Average processing time of GrabImageRGBD(): 11.1593ms
Frame 277 end
Average processing time of GrabImageRGBD(): 11.1623ms
Frame 278 end
Average processing time of GrabImageRGBD(): 11.1642ms
Frame 279 end
Average processing time of GrabImageRGBD(): 11.1555ms
Frame 280 end
Average processing time of GrabImageRGBD(): 11.1559ms
Frame 281 end
Average processing time of GrabImageRGBD(): 11.2472ms
Frame 282 end
Average processing time of GrabImageRGBD(): 11.2564ms
Frame 283 end
Average processing time of GrabImageRGBD(): 11.264ms
Frame 284 end
Average processing time of GrabImageRGBD(): 11.2712ms
Frame 285 end
Average processing time of GrabImageRGBD(): 11.2703ms
Frame 286 end
Average processing time of GrabImageRGBD(): 11.2766ms
Frame 287 end
Average processing time of GrabImageRGBD(): 11.2773ms
Frame 288 end
Average processing time of GrabImageRGBD(): 11.2827ms
Frame 289 end
Average processing time of GrabImageRGBD(): 11.2873ms
Frame 290 end
Average processing time of GrabImageRGBD(): 11.364ms
Frame 291 end
Average processing time of GrabImageRGBD(): 11.3731ms
Frame 292 end
Average processing time of GrabImageRGBD(): 11.3845ms
Frame 293 end
Average processing time of GrabImageRGBD(): 11.3944ms
Frame 294 end
Average processing time of GrabImageRGBD(): 11.3996ms
Frame 295 end
Average processing time of GrabImageRGBD(): 11.4072ms
Frame 296 end
Average processing time of GrabImageRGBD(): 11.4885ms
Frame 297 end
Average processing time of GrabImageRGBD(): 11.502ms
Frame 298 end
Average processing time of GrabImageRGBD(): 11.5021ms
Frame 299 end
Average processing time of GrabImageRGBD(): 11.4956ms
Frame 300 end
Average processing time of GrabImageRGBD(): 11.5143ms
Frame 301 end
Average processing time of GrabImageRGBD(): 11.5311ms
Frame 302 end
Average processing time of GrabImageRGBD(): 11.6191ms
Frame 303 end
Average processing time of GrabImageRGBD(): 11.6396ms
Frame 304 end
Average processing time of GrabImageRGBD(): 11.6483ms
Frame 305 end
Average processing time of GrabImageRGBD(): 11.676ms
Frame 306 end
Average processing time of GrabImageRGBD(): 11.6782ms
Frame 307 end
Average processing time of GrabImageRGBD(): 11.7049ms
Frame 308 end
Average processing time of GrabImageRGBD(): 11.7974ms
Frame 309 end
Average processing time of GrabImageRGBD(): 11.8056ms
Frame 310 end
Average processing time of GrabImageRGBD(): 11.8132ms
Frame 311 end
Average processing time of GrabImageRGBD(): 11.8197ms
Frame 312 end
Average processing time of GrabImageRGBD(): 11.8277ms
Frame 313 end
Average processing time of GrabImageRGBD(): 11.8357ms
Frame 314 end
Average processing time of GrabImageRGBD(): 11.9094ms
Frame 315 end
Average processing time of GrabImageRGBD(): 11.913ms
Frame 316 end
Average processing time of GrabImageRGBD(): 11.8975ms
Frame 317 end
Average processing time of GrabImageRGBD(): 11.9022ms
Frame 318 end
Average processing time of GrabImageRGBD(): 11.8906ms
Frame 319 end
Average processing time of GrabImageRGBD(): 11.8972ms
Frame 320 end
Average processing time of GrabImageRGBD(): 11.9849ms
Frame 321 end
Average processing time of GrabImageRGBD(): 11.9943ms
Frame 322 end
Average processing time of GrabImageRGBD(): 12.0044ms
Frame 323 end
Average processing time of GrabImageRGBD(): 12.0051ms
Frame 324 end
Average processing time of GrabImageRGBD(): 12.0161ms
Frame 325 end
Average processing time of GrabImageRGBD(): 12.0134ms
Frame 326 end
Average processing time of GrabImageRGBD(): 12.0192ms
Frame 327 end
Average processing time of GrabImageRGBD(): 12.0203ms
Frame 328 end
Average processing time of GrabImageRGBD(): 12.0196ms
Frame 329 end
Average processing time of GrabImageRGBD(): 12.011ms
Frame 330 end
Average processing time of GrabImageRGBD(): 12.0137ms
Frame 331 end
Average processing time of GrabImageRGBD(): 12.0184ms
Frame 332 end
Average processing time of GrabImageRGBD(): 12.0165ms
Frame 333 end
Average processing time of GrabImageRGBD(): 12.0145ms
Frame 334 end
Average processing time of GrabImageRGBD(): 12.0159ms
Frame 335 end
Average processing time of GrabImageRGBD(): 12.0125ms
Frame 336 end
Average processing time of GrabImageRGBD(): 12.003ms
Frame 337 end
Average processing time of GrabImageRGBD(): 11.9834ms
Frame 338 end
Average processing time of GrabImageRGBD(): 11.9709ms
Frame 339 end
Average processing time of GrabImageRGBD(): 11.9576ms
Frame 340 end
Average processing time of GrabImageRGBD(): 12.0126ms
Frame 341 end
Average processing time of GrabImageRGBD(): 12.0048ms
Frame 342 end
Average processing time of GrabImageRGBD(): 11.9788ms
Frame 343 end
Average processing time of GrabImageRGBD(): 11.9552ms
Frame 344 end
Average processing time of GrabImageRGBD(): 11.9456ms
Frame 345 end
Average processing time of GrabImageRGBD(): 11.9351ms
Frame 346 end
Average processing time of GrabImageRGBD(): 11.9978ms
Frame 347 end
Average processing time of GrabImageRGBD(): 11.9939ms
Frame 348 end
Average processing time of GrabImageRGBD(): 11.9701ms
Frame 349 end
Average processing time of GrabImageRGBD(): 11.9522ms
Frame 350 end
Average processing time of GrabImageRGBD(): 11.9491ms
Frame 351 end
Average processing time of GrabImageRGBD(): 11.9444ms
Frame 352 end
Average processing time of GrabImageRGBD(): 11.9379ms
Frame 353 end
Average processing time of GrabImageRGBD(): 11.9284ms
Frame 354 end
Average processing time of GrabImageRGBD(): 11.9226ms
Frame 355 end
Average processing time of GrabImageRGBD(): 11.8994ms
Frame 356 end
Average processing time of GrabImageRGBD(): 11.8753ms
Frame 357 end
Average processing time of GrabImageRGBD(): 11.8513ms
Frame 358 end
Average processing time of GrabImageRGBD(): 11.9069ms
Frame 359 end
Average processing time of GrabImageRGBD(): 11.9011ms
Frame 360 end
Average processing time of GrabImageRGBD(): 11.8769ms
Frame 361 end
Average processing time of GrabImageRGBD(): 11.8714ms
Frame 362 end
Average processing time of GrabImageRGBD(): 11.8601ms
Frame 363 end
Average processing time of GrabImageRGBD(): 11.8423ms
Frame 364 end
Average processing time of GrabImageRGBD(): 11.82ms
Frame 365 end
Average processing time of GrabImageRGBD(): 11.8143ms
Frame 366 end
Average processing time of GrabImageRGBD(): 11.81ms
Frame 367 end
Average processing time of GrabImageRGBD(): 11.7876ms
Frame 368 end
Average processing time of GrabImageRGBD(): 11.7815ms
Frame 369 end
Average processing time of GrabImageRGBD(): 11.7693ms
Frame 370 end
Average processing time of GrabImageRGBD(): 11.8183ms
Frame 371 end
Average processing time of GrabImageRGBD(): 11.8008ms
Frame 372 end
Average processing time of GrabImageRGBD(): 11.7913ms
Frame 373 end
Average processing time of GrabImageRGBD(): 11.7825ms
Frame 374 end
Average processing time of GrabImageRGBD(): 11.7608ms
Frame 375 end
Average processing time of GrabImageRGBD(): 11.7529ms
Frame 376 end
Average processing time of GrabImageRGBD(): 11.744ms
Frame 377 end
Average processing time of GrabImageRGBD(): 11.7978ms
Frame 378 end
Average processing time of GrabImageRGBD(): 11.7964ms
Frame 379 end
Average processing time of GrabImageRGBD(): 11.7822ms
Frame 380 end
Average processing time of GrabImageRGBD(): 11.7618ms
Frame 381 end
Average processing time of GrabImageRGBD(): 11.7417ms
Frame 382 end
Average processing time of GrabImageRGBD(): 11.7379ms
Frame 383 end
Average processing time of GrabImageRGBD(): 11.7233ms
Frame 384 end
Average processing time of GrabImageRGBD(): 11.7064ms
Frame 385 end
Average processing time of GrabImageRGBD(): 11.6852ms
Frame 386 end
Average processing time of GrabImageRGBD(): 11.6639ms
Frame 387 end
Average processing time of GrabImageRGBD(): 11.6589ms
Frame 388 end
Average processing time of GrabImageRGBD(): 11.6534ms
Frame 389 end
Average processing time of GrabImageRGBD(): 11.6325ms
Frame 390 end
Average processing time of GrabImageRGBD(): 11.6119ms
Frame 391 end
Average processing time of GrabImageRGBD(): 11.669ms
Frame 392 end
Average processing time of GrabImageRGBD(): 11.6666ms
Frame 393 end
Average processing time of GrabImageRGBD(): 11.6599ms
Frame 394 end
Average processing time of GrabImageRGBD(): 11.6505ms
Frame 395 end
Average processing time of GrabImageRGBD(): 11.6439ms
Frame 396 end
Average processing time of GrabImageRGBD(): 11.6238ms
Frame 397 end
Average processing time of GrabImageRGBD(): 11.6173ms
Frame 398 end
Average processing time of GrabImageRGBD(): 11.6976ms
Frame 399 end
Average processing time of GrabImageRGBD(): 11.6906ms
Frame 400 end
Average processing time of GrabImageRGBD(): 11.6868ms
Frame 401 end
Average processing time of GrabImageRGBD(): 11.6681ms
Frame 402 end
Average processing time of GrabImageRGBD(): 11.6485ms
Frame 403 end
Average processing time of GrabImageRGBD(): 11.6437ms
Frame 404 end
Average processing time of GrabImageRGBD(): 11.6337ms
Frame 405 end
Average processing time of GrabImageRGBD(): 11.6287ms
Frame 406 end
Average processing time of GrabImageRGBD(): 11.6234ms
Frame 407 end
Average processing time of GrabImageRGBD(): 11.6699ms
Frame 408 end
Average processing time of GrabImageRGBD(): 11.6621ms
Frame 409 end
Average processing time of GrabImageRGBD(): 11.6427ms
Frame 410 end
Average processing time of GrabImageRGBD(): 11.6263ms
Frame 411 end
Average processing time of GrabImageRGBD(): 11.6066ms
Frame 412 end
Average processing time of GrabImageRGBD(): 11.586ms
Frame 413 end
Average processing time of GrabImageRGBD(): 11.5769ms
Frame 414 end
Average processing time of GrabImageRGBD(): 11.6246ms
Frame 415 end
Average processing time of GrabImageRGBD(): 11.6252ms
Frame 416 end
Average processing time of GrabImageRGBD(): 11.6054ms
Frame 417 end
Average processing time of GrabImageRGBD(): 11.5992ms
Frame 418 end
Average processing time of GrabImageRGBD(): 11.5944ms
Frame 419 end
Average processing time of GrabImageRGBD(): 11.5892ms
Frame 420 end
Average processing time of GrabImageRGBD(): 11.5809ms
Frame 421 end
Average processing time of GrabImageRGBD(): 11.6271ms
Frame 422 end
Average processing time of GrabImageRGBD(): 11.6279ms
Frame 423 end
Average processing time of GrabImageRGBD(): 11.6254ms
Frame 424 end
Average processing time of GrabImageRGBD(): 11.6245ms
Frame 425 end
Average processing time of GrabImageRGBD(): 11.6243ms
Frame 426 end
Average processing time of GrabImageRGBD(): 11.6072ms
Frame 427 end
Average processing time of GrabImageRGBD(): 11.5987ms
Frame 428 end
Average processing time of GrabImageRGBD(): 11.591ms
Frame 429 end
Average processing time of GrabImageRGBD(): 11.6363ms
Frame 430 end
Average processing time of GrabImageRGBD(): 11.6292ms
Frame 431 end
Average processing time of GrabImageRGBD(): 11.6201ms
Frame 432 end
Average processing time of GrabImageRGBD(): 11.6119ms
Frame 433 end
Average processing time of GrabImageRGBD(): 11.5932ms
Frame 434 end
Average processing time of GrabImageRGBD(): 11.5872ms
Frame 435 end
Average processing time of GrabImageRGBD(): 11.5749ms
Frame 436 end
Average processing time of GrabImageRGBD(): 11.6173ms
Frame 437 end
Average processing time of GrabImageRGBD(): 11.6142ms
Frame 438 end
Average processing time of GrabImageRGBD(): 11.6084ms
Frame 439 end
Average processing time of GrabImageRGBD(): 11.6073ms
Frame 440 end
Average processing time of GrabImageRGBD(): 11.5972ms
Frame 441 end
Average processing time of GrabImageRGBD(): 11.596ms
Frame 442 end
Average processing time of GrabImageRGBD(): 11.5942ms
Frame 443 end
Average processing time of GrabImageRGBD(): 11.577ms
Frame 444 end
Average processing time of GrabImageRGBD(): 11.5634ms
Frame 445 end
Average processing time of GrabImageRGBD(): 11.6097ms
Frame 446 end
Average processing time of GrabImageRGBD(): 11.6013ms
Frame 447 end
Average processing time of GrabImageRGBD(): 11.5918ms
Frame 448 end
Average processing time of GrabImageRGBD(): 11.5773ms
Frame 449 end
Average processing time of GrabImageRGBD(): 11.5592ms
Frame 450 end
Average processing time of GrabImageRGBD(): 11.5494ms
Frame 451 end
Average processing time of GrabImageRGBD(): 11.5391ms
Frame 452 end
Average processing time of GrabImageRGBD(): 11.5251ms
Frame 453 end
Average processing time of GrabImageRGBD(): 11.5702ms
Frame 454 end
Average processing time of GrabImageRGBD(): 11.5562ms
Frame 455 end
Average processing time of GrabImageRGBD(): 11.5389ms
Frame 456 end
Average processing time of GrabImageRGBD(): 11.5211ms
Frame 457 end
Average processing time of GrabImageRGBD(): 11.5077ms
Frame 458 end
Average processing time of GrabImageRGBD(): 11.4971ms
Frame 459 end
Average processing time of GrabImageRGBD(): 11.488ms
Frame 460 end
Average processing time of GrabImageRGBD(): 11.4702ms
Frame 461 end
Average processing time of GrabImageRGBD(): 11.5098ms
Frame 462 end
Average processing time of GrabImageRGBD(): 11.5058ms
Frame 463 end
Average processing time of GrabImageRGBD(): 11.4884ms
Frame 464 end
Average processing time of GrabImageRGBD(): 11.4714ms
Frame 465 end
Average processing time of GrabImageRGBD(): 11.462ms
Frame 466 end
Average processing time of GrabImageRGBD(): 11.4538ms
Frame 467 end
Average processing time of GrabImageRGBD(): 11.4466ms
Frame 468 end
Average processing time of GrabImageRGBD(): 11.4387ms
Frame 469 end
Average processing time of GrabImageRGBD(): 11.4302ms
Frame 470 end
Average processing time of GrabImageRGBD(): 11.4748ms
Frame 471 end
Average processing time of GrabImageRGBD(): 11.4699ms
Frame 472 end
Average processing time of GrabImageRGBD(): 11.4579ms
Frame 473 end
Average processing time of GrabImageRGBD(): 11.44ms
Frame 474 end
Average processing time of GrabImageRGBD(): 11.4278ms
Frame 475 end
Average processing time of GrabImageRGBD(): 11.4154ms
Frame 476 end
Average processing time of GrabImageRGBD(): 11.4004ms
Frame 477 end
Average processing time of GrabImageRGBD(): 11.3877ms
Frame 478 end
Average processing time of GrabImageRGBD(): 11.375ms
Frame 479 end
Average processing time of GrabImageRGBD(): 11.4333ms
Frame 480 end
Average processing time of GrabImageRGBD(): 11.4207ms
Frame 481 end
Average processing time of GrabImageRGBD(): 11.41ms
Frame 482 end
Average processing time of GrabImageRGBD(): 11.4027ms
Frame 483 end
Average processing time of GrabImageRGBD(): 11.3856ms
Frame 484 end
Average processing time of GrabImageRGBD(): 11.3714ms
Frame 485 end
Average processing time of GrabImageRGBD(): 11.3567ms
Frame 486 end
Average processing time of GrabImageRGBD(): 11.3489ms
Frame 487 end
Average processing time of GrabImageRGBD(): 11.3342ms
Frame 488 end
Average processing time of GrabImageRGBD(): 11.3736ms
Frame 489 end
Average processing time of GrabImageRGBD(): 11.3698ms
Frame 490 end
Average processing time of GrabImageRGBD(): 11.3535ms
Frame 491 end
Average processing time of GrabImageRGBD(): 11.3375ms
Frame 492 end
Average processing time of GrabImageRGBD(): 11.3217ms
Frame 493 end
Average processing time of GrabImageRGBD(): 11.3102ms
Frame 494 end
Average processing time of GrabImageRGBD(): 11.2941ms
Frame 495 end
Average processing time of GrabImageRGBD(): 11.2855ms
Frame 496 end
Average processing time of GrabImageRGBD(): 11.2766ms
Frame 497 end
Average processing time of GrabImageRGBD(): 11.3131ms
Frame 498 end
Average processing time of GrabImageRGBD(): 11.3114ms
Frame 499 end
Average processing time of GrabImageRGBD(): 11.3019ms
Frame 500 end
Average processing time of GrabImageRGBD(): 11.2958ms
Frame 501 end
Average processing time of GrabImageRGBD(): 11.2889ms
Frame 502 end
Average processing time of GrabImageRGBD(): 11.2739ms
Frame 503 end
Average processing time of GrabImageRGBD(): 11.2675ms
Frame 504 end
Average processing time of GrabImageRGBD(): 11.2606ms
Frame 505 end
Average processing time of GrabImageRGBD(): 11.2477ms
Frame 506 end
Average processing time of GrabImageRGBD(): 11.289ms
Frame 507 end
Average processing time of GrabImageRGBD(): 11.2877ms
Frame 508 end
Average processing time of GrabImageRGBD(): 11.2823ms
Frame 509 end
Average processing time of GrabImageRGBD(): 11.2762ms
Frame 510 end
Average processing time of GrabImageRGBD(): 11.2689ms
Frame 511 end
Average processing time of GrabImageRGBD(): 11.2593ms
Frame 512 end
Average processing time of GrabImageRGBD(): 11.245ms
Frame 513 end
Average processing time of GrabImageRGBD(): 11.2298ms
Frame 514 end
Average processing time of GrabImageRGBD(): 11.2194ms
Frame 515 end
Average processing time of GrabImageRGBD(): 11.257ms
Frame 516 end
Average processing time of GrabImageRGBD(): 11.2547ms
Frame 517 end
Average processing time of GrabImageRGBD(): 11.2497ms
Frame 518 end
Average processing time of GrabImageRGBD(): 11.2448ms
Frame 519 end
Average processing time of GrabImageRGBD(): 11.2302ms
Frame 520 end
Average processing time of GrabImageRGBD(): 11.2161ms
Frame 521 end
Average processing time of GrabImageRGBD(): 11.2106ms
Frame 522 end
Average processing time of GrabImageRGBD(): 11.2046ms
Frame 523 end
Average processing time of GrabImageRGBD(): 11.1917ms
Frame 524 end
Average processing time of GrabImageRGBD(): 11.1789ms
Frame 525 end
Average processing time of GrabImageRGBD(): 11.2229ms
Frame 526 end
Average processing time of GrabImageRGBD(): 11.2178ms
Frame 527 end
Average processing time of GrabImageRGBD(): 11.2069ms
Frame 528 end
Average processing time of GrabImageRGBD(): 11.1925ms
Frame 529 end
Average processing time of GrabImageRGBD(): 11.1816ms
Frame 530 end
Average processing time of GrabImageRGBD(): 11.167ms
Frame 531 end
Average processing time of GrabImageRGBD(): 11.1586ms
Frame 532 end
Average processing time of GrabImageRGBD(): 11.198ms
Frame 533 end
Average processing time of GrabImageRGBD(): 11.1985ms
Frame 534 end
Average processing time of GrabImageRGBD(): 11.192ms
Frame 535 end
Average processing time of GrabImageRGBD(): 11.1849ms
Frame 536 end
Average processing time of GrabImageRGBD(): 11.1797ms
Frame 537 end
Average processing time of GrabImageRGBD(): 11.1743ms
Frame 538 end
Average processing time of GrabImageRGBD(): 11.1677ms
Frame 539 end
Average processing time of GrabImageRGBD(): 11.1566ms
Frame 540 end
Average processing time of GrabImageRGBD(): 11.1419ms
Frame 541 end
Average processing time of GrabImageRGBD(): 11.1363ms
Frame 542 end
Average processing time of GrabImageRGBD(): 11.1744ms
Frame 543 end
Average processing time of GrabImageRGBD(): 11.1733ms
Frame 544 end
Average processing time of GrabImageRGBD(): 11.1696ms
Frame 545 end
Average processing time of GrabImageRGBD(): 11.167ms
Frame 546 end
Average processing time of GrabImageRGBD(): 11.1622ms
Frame 547 end
Average processing time of GrabImageRGBD(): 11.1576ms
Frame 548 end
Average processing time of GrabImageRGBD(): 11.1546ms
Frame 549 end
Average processing time of GrabImageRGBD(): 11.1438ms
Frame 550 end
Average processing time of GrabImageRGBD(): 11.1297ms
Frame 551 end
Average processing time of GrabImageRGBD(): 11.1226ms
Frame 552 end
Average processing time of GrabImageRGBD(): 11.1595ms
Frame 553 end
Average processing time of GrabImageRGBD(): 11.1548ms
Frame 554 end
Average processing time of GrabImageRGBD(): 11.1446ms
Frame 555 end
Average processing time of GrabImageRGBD(): 11.1368ms
Frame 556 end
Average processing time of GrabImageRGBD(): 11.1335ms
Frame 557 end
Average processing time of GrabImageRGBD(): 11.1291ms
Frame 558 end
Average processing time of GrabImageRGBD(): 11.1244ms
Frame 559 end
Average processing time of GrabImageRGBD(): 11.1199ms
Frame 560 end
Average processing time of GrabImageRGBD(): 11.1062ms
Frame 561 end
Average processing time of GrabImageRGBD(): 11.1393ms
Frame 562 end
Average processing time of GrabImageRGBD(): 11.14ms
Frame 563 end
Average processing time of GrabImageRGBD(): 11.1376ms
Frame 564 end
Average processing time of GrabImageRGBD(): 11.1346ms
Frame 565 end
Average processing time of GrabImageRGBD(): 11.1314ms
Frame 566 end
Average processing time of GrabImageRGBD(): 11.1175ms
Frame 567 end
Average processing time of GrabImageRGBD(): 11.1047ms
Frame 568 end
Average processing time of GrabImageRGBD(): 11.0988ms
Frame 569 end
Average processing time of GrabImageRGBD(): 11.0886ms
Frame 570 end
Average processing time of GrabImageRGBD(): 11.076ms
Frame 571 end
Average processing time of GrabImageRGBD(): 11.1315ms
Frame 572 end
Average processing time of GrabImageRGBD(): 11.1285ms
Frame 573 end
Average processing time of GrabImageRGBD(): 11.1262ms
Frame 574 end
Average processing time of GrabImageRGBD(): 11.1244ms
Frame 575 end
Average processing time of GrabImageRGBD(): 11.1225ms
Frame 576 end
Average processing time of GrabImageRGBD(): 11.1091ms
Frame 577 end
Average processing time of GrabImageRGBD(): 11.1055ms
Frame 578 end
Average processing time of GrabImageRGBD(): 11.1021ms
Frame 579 end
Average processing time of GrabImageRGBD(): 11.0935ms
Frame 580 end
Average processing time of GrabImageRGBD(): 11.0898ms
Frame 581 end
Average processing time of GrabImageRGBD(): 11.0804ms
Frame 582 end
Average processing time of GrabImageRGBD(): 11.0774ms
Frame 583 end
Average processing time of GrabImageRGBD(): 11.0737ms
Frame 584 end
Average processing time of GrabImageRGBD(): 11.0702ms
Frame 585 end
Average processing time of GrabImageRGBD(): 11.0567ms
Frame 586 end
Average processing time of GrabImageRGBD(): 11.054ms
Frame 587 end
Average processing time of GrabImageRGBD(): 11.0415ms
Frame 588 end
Average processing time of GrabImageRGBD(): 11.0794ms
Frame 589 end
Average processing time of GrabImageRGBD(): 11.0689ms
Frame 590 end
Average processing time of GrabImageRGBD(): 11.0649ms
Frame 591 end
Average processing time of GrabImageRGBD(): 11.0614ms
Frame 592 end
Average processing time of GrabImageRGBD(): 11.0581ms
Frame 593 end
Average processing time of GrabImageRGBD(): 11.0453ms
Frame 594 end
Average processing time of GrabImageRGBD(): 11.032ms
Frame 595 end
Average processing time of GrabImageRGBD(): 11.04ms
Frame 596 end
Average processing time of GrabImageRGBD(): 11.0286ms
Frame 597 end
Average processing time of GrabImageRGBD(): 11.0185ms
Frame 598 end
Average processing time of GrabImageRGBD(): 11.0096ms
Frame 599 end
Average processing time of GrabImageRGBD(): 11.041ms
Frame 600 end
Average processing time of GrabImageRGBD(): 11.0312ms
Frame 601 end
Average processing time of GrabImageRGBD(): 11.0283ms
Frame 602 end
Average processing time of GrabImageRGBD(): 11.0297ms
Frame 603 end
Average processing time of GrabImageRGBD(): 11.026ms
Frame 604 end
Average processing time of GrabImageRGBD(): 11.0174ms
Frame 605 end
Average processing time of GrabImageRGBD(): 11.007ms
Frame 606 end
Average processing time of GrabImageRGBD(): 11.0024ms
Frame 607 end
Average processing time of GrabImageRGBD(): 10.9905ms
Frame 608 end
Average processing time of GrabImageRGBD(): 10.978ms
Frame 609 end
Average processing time of GrabImageRGBD(): 11.0142ms
Frame 610 end
Average processing time of GrabImageRGBD(): 11.0113ms
Frame 611 end
Average processing time of GrabImageRGBD(): 10.9999ms
Frame 612 end
Average processing time of GrabImageRGBD(): 10.996ms
Frame 613 end
Average processing time of GrabImageRGBD(): 10.9846ms
Frame 614 end
Average processing time of GrabImageRGBD(): 10.9843ms
Frame 615 end
Average processing time of GrabImageRGBD(): 10.9754ms
Frame 616 end
Average processing time of GrabImageRGBD(): 10.9633ms
Frame 617 end
Average processing time of GrabImageRGBD(): 10.9526ms
Frame 618 end
Average processing time of GrabImageRGBD(): 10.9471ms
Frame 619 end
Average processing time of GrabImageRGBD(): 10.9379ms
Frame 620 end
Average processing time of GrabImageRGBD(): 10.9682ms
Frame 621 end
Average processing time of GrabImageRGBD(): 10.9669ms
Frame 622 end
Average processing time of GrabImageRGBD(): 10.965ms
Frame 623 end
Average processing time of GrabImageRGBD(): 10.9534ms
Frame 624 end
Average processing time of GrabImageRGBD(): 10.9509ms
Frame 625 end
Average processing time of GrabImageRGBD(): 10.9463ms
Frame 626 end
Average processing time of GrabImageRGBD(): 10.9375ms
Frame 627 end
Average processing time of GrabImageRGBD(): 10.9335ms
Frame 628 end
Average processing time of GrabImageRGBD(): 10.9218ms
Frame 629 end
Average processing time of GrabImageRGBD(): 10.9098ms
Frame 630 end
Average processing time of GrabImageRGBD(): 10.907ms
Frame 631 end
Average processing time of GrabImageRGBD(): 10.8972ms
Frame 632 end
Average processing time of GrabImageRGBD(): 10.888ms
Frame 633 end
Average processing time of GrabImageRGBD(): 10.8851ms
Frame 634 end
Average processing time of GrabImageRGBD(): 10.8824ms
Frame 635 end
Average processing time of GrabImageRGBD(): 10.8799ms
Frame 636 end
Average processing time of GrabImageRGBD(): 10.8771ms
Frame 637 end
Average processing time of GrabImageRGBD(): 10.8739ms
Frame 638 end
Average processing time of GrabImageRGBD(): 10.8658ms
Frame 639 end
Average processing time of GrabImageRGBD(): 10.8622ms
Frame 640 end
Average processing time of GrabImageRGBD(): 10.8592ms
Frame 641 end
Average processing time of GrabImageRGBD(): 10.8533ms
Frame 642 end
Average processing time of GrabImageRGBD(): 10.8416ms
Frame 643 end
Average processing time of GrabImageRGBD(): 10.8343ms
Frame 644 end
Average processing time of GrabImageRGBD(): 10.8303ms
Frame 645 end
Average processing time of GrabImageRGBD(): 10.8271ms
Frame 646 end
Average processing time of GrabImageRGBD(): 10.8241ms
Frame 647 end
Average processing time of GrabImageRGBD(): 10.8201ms
Frame 648 end
Average processing time of GrabImageRGBD(): 10.8081ms
Frame 649 end
Average processing time of GrabImageRGBD(): 10.8025ms
Frame 650 end
Average processing time of GrabImageRGBD(): 10.7997ms
Frame 651 end
Average processing time of GrabImageRGBD(): 10.7969ms
Frame 652 end
Average processing time of GrabImageRGBD(): 10.7942ms
Frame 653 end
Average processing time of GrabImageRGBD(): 10.7908ms
Frame 654 end
Average processing time of GrabImageRGBD(): 10.7826ms
Frame 655 end
Average processing time of GrabImageRGBD(): 10.7708ms
Frame 656 end
Average processing time of GrabImageRGBD(): 10.7618ms
Frame 657 end
Average processing time of GrabImageRGBD(): 10.7512ms
Frame 658 end
Average processing time of GrabImageRGBD(): 10.7478ms
Frame 659 end
Average processing time of GrabImageRGBD(): 10.7449ms
Frame 660 end
Average processing time of GrabImageRGBD(): 10.7336ms
Frame 661 end
Average processing time of GrabImageRGBD(): 10.7234ms
Frame 662 end
Average processing time of GrabImageRGBD(): 10.7169ms
Frame 663 end
Average processing time of GrabImageRGBD(): 10.7059ms
Frame 664 end
Average processing time of GrabImageRGBD(): 10.6988ms
Frame 665 end
Average processing time of GrabImageRGBD(): 10.6953ms
Frame 666 end
Average processing time of GrabImageRGBD(): 10.6923ms
Frame 667 end
Average processing time of GrabImageRGBD(): 10.681ms
Frame 668 end
Average processing time of GrabImageRGBD(): 10.6781ms
Frame 669 end
Average processing time of GrabImageRGBD(): 10.6671ms
Frame 670 end
Average processing time of GrabImageRGBD(): 10.6631ms
Frame 671 end
Average processing time of GrabImageRGBD(): 10.6545ms
Frame 672 end
Average processing time of GrabImageRGBD(): 10.646ms
Frame 673 end
Average processing time of GrabImageRGBD(): 10.6366ms
Frame 674 end
Average processing time of GrabImageRGBD(): 10.6321ms
Frame 675 end
Average processing time of GrabImageRGBD(): 10.6247ms
Frame 676 end
Average processing time of GrabImageRGBD(): 10.6144ms
Frame 677 end
Average processing time of GrabImageRGBD(): 10.6113ms
Frame 678 end
Average processing time of GrabImageRGBD(): 10.6046ms
Frame 679 end
Average processing time of GrabImageRGBD(): 10.6011ms
Frame 680 end
Average processing time of GrabImageRGBD(): 10.5959ms
Frame 681 end
Average processing time of GrabImageRGBD(): 10.5853ms
Frame 682 end
Average processing time of GrabImageRGBD(): 10.5748ms
Frame 683 end
Average processing time of GrabImageRGBD(): 10.5678ms
Frame 684 end
Average processing time of GrabImageRGBD(): 10.5993ms
Frame 685 end
Average processing time of GrabImageRGBD(): 10.5958ms
Frame 686 end
Average processing time of GrabImageRGBD(): 10.5864ms
Frame 687 end
Average processing time of GrabImageRGBD(): 10.5849ms
Frame 688 end
Average processing time of GrabImageRGBD(): 10.5838ms
Frame 689 end
Average processing time of GrabImageRGBD(): 10.5823ms
Frame 690 end
Average processing time of GrabImageRGBD(): 10.5803ms
Frame 691 end
Average processing time of GrabImageRGBD(): 10.5787ms
Frame 692 end
Average processing time of GrabImageRGBD(): 10.5682ms
Frame 693 end
Average processing time of GrabImageRGBD(): 10.5658ms
Frame 694 end
Average processing time of GrabImageRGBD(): 10.5642ms
Frame 695 end
Average processing time of GrabImageRGBD(): 10.562ms
Frame 696 end
Average processing time of GrabImageRGBD(): 10.5592ms
Frame 697 end
Average processing time of GrabImageRGBD(): 10.549ms
Frame 698 end
Average processing time of GrabImageRGBD(): 10.5453ms
Frame 699 end
Average processing time of GrabImageRGBD(): 10.5432ms
Frame 700 end
Average processing time of GrabImageRGBD(): 10.5362ms
Frame 701 end
Average processing time of GrabImageRGBD(): 10.5261ms
Frame 702 end
Average processing time of GrabImageRGBD(): 10.5194ms
Frame 703 end
Average processing time of GrabImageRGBD(): 10.517ms
Frame 704 end
Average processing time of GrabImageRGBD(): 10.5143ms
Frame 705 end
Average processing time of GrabImageRGBD(): 10.5042ms
Frame 706 end
Average processing time of GrabImageRGBD(): 10.5018ms
Frame 707 end
Average processing time of GrabImageRGBD(): 10.4913ms
Frame 708 end
Average processing time of GrabImageRGBD(): 10.4881ms
Frame 709 end
Average processing time of GrabImageRGBD(): 10.4851ms
Frame 710 end
Average processing time of GrabImageRGBD(): 10.4769ms
Frame 711 end
Average processing time of GrabImageRGBD(): 10.4673ms
Frame 712 end
Average processing time of GrabImageRGBD(): 10.4621ms
Frame 713 end
Average processing time of GrabImageRGBD(): 10.4562ms
Frame 714 end
Average processing time of GrabImageRGBD(): 10.4459ms
Frame 715 end
Average processing time of GrabImageRGBD(): 10.4359ms
Frame 716 end
Average processing time of GrabImageRGBD(): 10.4324ms
Frame 717 end
Average processing time of GrabImageRGBD(): 10.4302ms
Frame 718 end
Average processing time of GrabImageRGBD(): 10.4249ms
Frame 719 end
Shutdown
-------

median tracking time: 0.00911763
mean tracking time: 0.0111889

Saving camera trajectory to CameraTrajectory.txt ...

Saving keyframe trajectory to KeyFrameTrajectory.txt ...
