
ORB-SLAM3 Copyright (C) 2017-2020 Carlos Campos, Richard Elvira, Juan J. Gómez, José M.M. Montiel and Juan D. Tardós, University of Zaragoza.
ORB-SLAM2 Copyright (C) 2014-2016 Raúl Mur-Artal, José M.M. Montiel and Juan D. Tardós, University of Zaragoza.
This program comes with ABSOLUTELY NO WARRANTY;
This is free software, and you are welcome to redistribute it
under certain conditions. See LICENSE.txt.

Input sensor was set to: RGB-D
Loading settings from /home/bingxin/Downloads/NGD-SLAM/Examples/RGB-D/Bonn.yaml
Camera1.k3 optional parameter does not exist...
	-Loaded camera 1
Camera.newHeight optional parameter does not exist...
Camera.newWidth optional parameter does not exist...
	-Loaded image info
	-Loaded RGB-D calibration
	-Loaded ORB settings
Viewer.imageViewScale optional parameter does not exist...
	-Loaded viewer settings
System.LoadAtlasFromFile optional parameter does not exist...
System.SaveAtlasToFile optional parameter does not exist...
	-Loaded Atlas settings
System.thFarPoints optional parameter does not exist...
	-Loaded misc parameters
----------------------------------
SLAM settings: 
	-Camera 1 parameters (Pinhole): [ 542.823 542.577 315.594 237.756 ]
	-Camera 1 distortion parameters: [  0.039903 -0.099343 -0.00073 -0.000144 ]
	-Original image size: [ 640 , 480 ]
	-Current image size: [ 640 , 480 ]
	-Sequence FPS: 30
	-RGB-D depth map factor: 5000
	-Features per image: 1000
	-ORB scale factor: 1.2
	-ORB number of scales: 8
	-Initial FAST threshold: 20
	-Min FAST threshold: 7


Loading ORB Vocabulary. This could take a while...
Vocabulary loaded!

Initialization of Atlas from scratch 
Creation of new map with id: 0
Creation of new map with last KF id: 0
Seq. Name: 
There are 1 cameras in the atlas
Camera 0 is pinhole
Net use yolo-fastest

-------
Start processing sequence ...
Images in the sequence: 993

First KF:0; Map init KF:0
New Map created with 898 points
Average processing time of GrabImageRGBD(): 51.5103ms
Frame 0 end
Average processing time of GrabImageRGBD(): 38.7644ms
Frame 1 end
Average processing time of GrabImageRGBD(): 34.7611ms
Frame 2 end
Average processing time of GrabImageRGBD(): 26.8229ms
Frame 3 end
Starting the Viewer
Average processing time of GrabImageRGBD(): 28.3917ms
Frame 4 end
Average processing time of GrabImageRGBD(): 25.1429ms
Frame 5 end
Average processing time of GrabImageRGBD(): 21.9512ms
Frame 6 end
Average processing time of GrabImageRGBD(): 20.2151ms
Frame 7 end
Average processing time of GrabImageRGBD(): 18.3316ms
Frame 8 end
Average processing time of GrabImageRGBD(): 16.968ms
Frame 9 end
Average processing time of GrabImageRGBD(): 15.8481ms
Frame 10 end
Average processing time of GrabImageRGBD(): 14.7833ms
Frame 11 end
Average processing time of GrabImageRGBD(): 14.0072ms
Frame 12 end
Average processing time of GrabImageRGBD(): 13.2596ms
Frame 13 end
Average processing time of GrabImageRGBD(): 12.6194ms
Frame 14 end
Average processing time of GrabImageRGBD(): 12.1812ms
Frame 15 end
Average processing time of GrabImageRGBD(): 11.9391ms
Frame 16 end
Average processing time of GrabImageRGBD(): 11.5285ms
Frame 17 end
Average processing time of GrabImageRGBD(): 11.3246ms
Frame 18 end
Average processing time of GrabImageRGBD(): 11.0169ms
Frame 19 end
Average processing time of GrabImageRGBD(): 10.6895ms
Frame 20 end
Average processing time of GrabImageRGBD(): 10.549ms
Frame 21 end
Average processing time of GrabImageRGBD(): 11.2407ms
Frame 22 end
Average processing time of GrabImageRGBD(): 10.9215ms
Frame 23 end
Average processing time of GrabImageRGBD(): 10.5977ms
Frame 24 end
Average processing time of GrabImageRGBD(): 10.4907ms
Frame 25 end
Average processing time of GrabImageRGBD(): 10.3327ms
Frame 26 end
Average processing time of GrabImageRGBD(): 10.076ms
Frame 27 end
Average processing time of GrabImageRGBD(): 9.82467ms
Frame 28 end
Average processing time of GrabImageRGBD(): 9.74692ms
Frame 29 end
Average processing time of GrabImageRGBD(): 9.54973ms
Frame 30 end
Average processing time of GrabImageRGBD(): 9.49158ms
Frame 31 end
Average processing time of GrabImageRGBD(): 9.41946ms
Frame 32 end
Average processing time of GrabImageRGBD(): 9.23094ms
Frame 33 end
Average processing time of GrabImageRGBD(): 9.16775ms
Frame 34 end
Average processing time of GrabImageRGBD(): 9.09648ms
Frame 35 end
Average processing time of GrabImageRGBD(): 9.51439ms
Frame 36 end
Average processing time of GrabImageRGBD(): 9.36241ms
Frame 37 end
Average processing time of GrabImageRGBD(): 9.19682ms
Frame 38 end
Average processing time of GrabImageRGBD(): 9.04969ms
Frame 39 end
Average processing time of GrabImageRGBD(): 8.9118ms
Frame 40 end
Average processing time of GrabImageRGBD(): 8.902ms
Frame 41 end
Average processing time of GrabImageRGBD(): 8.77135ms
Frame 42 end
Average processing time of GrabImageRGBD(): 8.6438ms
Frame 43 end
Average processing time of GrabImageRGBD(): 8.55517ms
Frame 44 end
Average processing time of GrabImageRGBD(): 8.5524ms
Frame 45 end
Average processing time of GrabImageRGBD(): 8.44412ms
Frame 46 end
Average processing time of GrabImageRGBD(): 8.44545ms
Frame 47 end
Average processing time of GrabImageRGBD(): 8.38677ms
Frame 48 end
Average processing time of GrabImageRGBD(): 8.2823ms
Frame 49 end
Average processing time of GrabImageRGBD(): 8.18011ms
Frame 50 end
Average processing time of GrabImageRGBD(): 8.10687ms
Frame 51 end
Average processing time of GrabImageRGBD(): 8.10994ms
Frame 52 end
Average processing time of GrabImageRGBD(): 8.11066ms
Frame 53 end
Average processing time of GrabImageRGBD(): 8.07127ms
Frame 54 end
Average processing time of GrabImageRGBD(): 8.07066ms
Frame 55 end
Average processing time of GrabImageRGBD(): 8.06808ms
Frame 56 end
Average processing time of GrabImageRGBD(): 8.067ms
Frame 57 end
Average processing time of GrabImageRGBD(): 8.04212ms
Frame 58 end
Average processing time of GrabImageRGBD(): 8.37449ms
Frame 59 end
Average processing time of GrabImageRGBD(): 8.38486ms
Frame 60 end
Average processing time of GrabImageRGBD(): 8.29199ms
Frame 61 end
Average processing time of GrabImageRGBD(): 8.21304ms
Frame 62 end
Average processing time of GrabImageRGBD(): 8.20548ms
Frame 63 end
Average processing time of GrabImageRGBD(): 8.20062ms
Frame 64 end
Average processing time of GrabImageRGBD(): 8.19722ms
Frame 65 end
Average processing time of GrabImageRGBD(): 8.20082ms
Frame 66 end
Average processing time of GrabImageRGBD(): 8.12659ms
Frame 67 end
Average processing time of GrabImageRGBD(): 8.1002ms
Frame 68 end
Average processing time of GrabImageRGBD(): 8.09922ms
Frame 69 end
Average processing time of GrabImageRGBD(): 8.34442ms
Frame 70 end
Average processing time of GrabImageRGBD(): 8.29527ms
Frame 71 end
Average processing time of GrabImageRGBD(): 8.29384ms
Frame 72 end
Average processing time of GrabImageRGBD(): 8.30197ms
Frame 73 end
Average processing time of GrabImageRGBD(): 8.27288ms
Frame 74 end
Average processing time of GrabImageRGBD(): 8.27526ms
Frame 75 end
Average processing time of GrabImageRGBD(): 8.21307ms
Frame 76 end
Average processing time of GrabImageRGBD(): 8.2156ms
Frame 77 end
Average processing time of GrabImageRGBD(): 8.15154ms
Frame 78 end
Average processing time of GrabImageRGBD(): 8.15465ms
Frame 79 end
Average processing time of GrabImageRGBD(): 8.37572ms
Frame 80 end
Average processing time of GrabImageRGBD(): 8.40701ms
Frame 81 end
Average processing time of GrabImageRGBD(): 8.35077ms
Frame 82 end
Average processing time of GrabImageRGBD(): 8.29726ms
Frame 83 end
Average processing time of GrabImageRGBD(): 8.31708ms
Frame 84 end
Average processing time of GrabImageRGBD(): 8.33576ms
Frame 85 end
Average processing time of GrabImageRGBD(): 8.27139ms
Frame 86 end
Average processing time of GrabImageRGBD(): 8.216ms
Frame 87 end
Average processing time of GrabImageRGBD(): 8.16406ms
Frame 88 end
Average processing time of GrabImageRGBD(): 8.13368ms
Frame 89 end
Average processing time of GrabImageRGBD(): 8.14104ms
Frame 90 end
Average processing time of GrabImageRGBD(): 8.10181ms
Frame 91 end
Average processing time of GrabImageRGBD(): 8.11188ms
Frame 92 end
Average processing time of GrabImageRGBD(): 8.05457ms
Frame 93 end
Average processing time of GrabImageRGBD(): 8.24996ms
Frame 94 end
Average processing time of GrabImageRGBD(): 8.23403ms
Frame 95 end
Average processing time of GrabImageRGBD(): 8.25711ms
Frame 96 end
Average processing time of GrabImageRGBD(): 8.27668ms
Frame 97 end
Average processing time of GrabImageRGBD(): 8.29595ms
Frame 98 end
Average processing time of GrabImageRGBD(): 8.24012ms
Frame 99 end
Average processing time of GrabImageRGBD(): 8.24198ms
Frame 100 end
Average processing time of GrabImageRGBD(): 8.19494ms
Frame 101 end
Average processing time of GrabImageRGBD(): 8.18041ms
Frame 102 end
Average processing time of GrabImageRGBD(): 8.13729ms
Frame 103 end
Average processing time of GrabImageRGBD(): 8.14909ms
Frame 104 end
Average processing time of GrabImageRGBD(): 8.10968ms
Frame 105 end
Average processing time of GrabImageRGBD(): 8.06169ms
Frame 106 end
Average processing time of GrabImageRGBD(): 8.07302ms
Frame 107 end
Average processing time of GrabImageRGBD(): 8.03151ms
Frame 108 end
Average processing time of GrabImageRGBD(): 8.04002ms
Frame 109 end
Average processing time of GrabImageRGBD(): 8.2212ms
Frame 110 end
Average processing time of GrabImageRGBD(): 8.24752ms
Frame 111 end
Average processing time of GrabImageRGBD(): 8.20065ms
Frame 112 end
Average processing time of GrabImageRGBD(): 8.16284ms
Frame 113 end
Average processing time of GrabImageRGBD(): 8.17469ms
Frame 114 end
Average processing time of GrabImageRGBD(): 8.18517ms
Frame 115 end
Average processing time of GrabImageRGBD(): 8.14183ms
Frame 116 end
Average processing time of GrabImageRGBD(): 8.15221ms
Frame 117 end
Average processing time of GrabImageRGBD(): 8.14596ms
Frame 118 end
Average processing time of GrabImageRGBD(): 8.32628ms
Frame 119 end
Average processing time of GrabImageRGBD(): 8.30544ms
Frame 120 end
Average processing time of GrabImageRGBD(): 8.26294ms
Frame 121 end
Average processing time of GrabImageRGBD(): 8.43209ms
Frame 122 end
Average processing time of GrabImageRGBD(): 8.45349ms
Frame 123 end
Average processing time of GrabImageRGBD(): 8.4124ms
Frame 124 end
Average processing time of GrabImageRGBD(): 8.42019ms
Frame 125 end
Average processing time of GrabImageRGBD(): 8.3932ms
Frame 126 end
Average processing time of GrabImageRGBD(): 8.35425ms
Frame 127 end
Average processing time of GrabImageRGBD(): 8.5189ms
Frame 128 end
Average processing time of GrabImageRGBD(): 8.53837ms
Frame 129 end
Average processing time of GrabImageRGBD(): 8.49579ms
Frame 130 end
Average processing time of GrabImageRGBD(): 8.50344ms
Frame 131 end
Average processing time of GrabImageRGBD(): 8.5115ms
Frame 132 end
Average processing time of GrabImageRGBD(): 8.47201ms
Frame 133 end
Average processing time of GrabImageRGBD(): 8.4635ms
Frame 134 end
Average processing time of GrabImageRGBD(): 8.42423ms
Frame 135 end
Average processing time of GrabImageRGBD(): 8.43044ms
Frame 136 end
Average processing time of GrabImageRGBD(): 8.40492ms
Frame 137 end
Average processing time of GrabImageRGBD(): 8.58895ms
Frame 138 end
Average processing time of GrabImageRGBD(): 8.56664ms
Frame 139 end
Average processing time of GrabImageRGBD(): 8.5798ms
Frame 140 end
Average processing time of GrabImageRGBD(): 8.58742ms
Frame 141 end
Average processing time of GrabImageRGBD(): 8.59004ms
Frame 142 end
Average processing time of GrabImageRGBD(): 8.55031ms
Frame 143 end
Average processing time of GrabImageRGBD(): 8.53076ms
Frame 144 end
Average processing time of GrabImageRGBD(): 8.53053ms
Frame 145 end
Average processing time of GrabImageRGBD(): 8.53082ms
Frame 146 end
Average processing time of GrabImageRGBD(): 8.4961ms
Frame 147 end
Average processing time of GrabImageRGBD(): 8.4698ms
Frame 148 end
Average processing time of GrabImageRGBD(): 8.43547ms
Frame 149 end
Average processing time of GrabImageRGBD(): 8.43244ms
Frame 150 end
Average processing time of GrabImageRGBD(): 8.39779ms
Frame 151 end
Average processing time of GrabImageRGBD(): 8.37221ms
Frame 152 end
Average processing time of GrabImageRGBD(): 8.36739ms
Frame 153 end
Average processing time of GrabImageRGBD(): 8.34263ms
Frame 154 end
Average processing time of GrabImageRGBD(): 8.47251ms
Frame 155 end
Average processing time of GrabImageRGBD(): 8.4778ms
Frame 156 end
Average processing time of GrabImageRGBD(): 8.47953ms
Frame 157 end
Average processing time of GrabImageRGBD(): 8.44811ms
Frame 158 end
Average processing time of GrabImageRGBD(): 8.42389ms
Frame 159 end
Average processing time of GrabImageRGBD(): 8.39088ms
Frame 160 end
Average processing time of GrabImageRGBD(): 8.35857ms
Frame 161 end
Average processing time of GrabImageRGBD(): 8.34134ms
Frame 162 end
Average processing time of GrabImageRGBD(): 8.34253ms
Frame 163 end
Average processing time of GrabImageRGBD(): 8.31214ms
Frame 164 end
Average processing time of GrabImageRGBD(): 8.30676ms
Frame 165 end
Average processing time of GrabImageRGBD(): 8.27584ms
Frame 166 end
Average processing time of GrabImageRGBD(): 8.27291ms
Frame 167 end
Average processing time of GrabImageRGBD(): 8.25155ms
Frame 168 end
Average processing time of GrabImageRGBD(): 8.24877ms
Frame 169 end
Average processing time of GrabImageRGBD(): 8.24674ms
Frame 170 end
Average processing time of GrabImageRGBD(): 8.21571ms
Frame 171 end
Average processing time of GrabImageRGBD(): 8.19314ms
Frame 172 end
Average processing time of GrabImageRGBD(): 8.3104ms
Frame 173 end
Average processing time of GrabImageRGBD(): 8.28426ms
Frame 174 end
Average processing time of GrabImageRGBD(): 8.25445ms
Frame 175 end
Average processing time of GrabImageRGBD(): 8.25371ms
Frame 176 end
Average processing time of GrabImageRGBD(): 8.25582ms
Frame 177 end
Average processing time of GrabImageRGBD(): 8.24773ms
Frame 178 end
Average processing time of GrabImageRGBD(): 8.22267ms
Frame 179 end
Average processing time of GrabImageRGBD(): 8.19579ms
Frame 180 end
Average processing time of GrabImageRGBD(): 8.19449ms
Frame 181 end
Average processing time of GrabImageRGBD(): 8.18644ms
Frame 182 end
Average processing time of GrabImageRGBD(): 8.16205ms
Frame 183 end
Average processing time of GrabImageRGBD(): 8.13641ms
Frame 184 end
Average processing time of GrabImageRGBD(): 8.12944ms
Frame 185 end
Average processing time of GrabImageRGBD(): 8.10423ms
Frame 186 end
Average processing time of GrabImageRGBD(): 8.11152ms
Frame 187 end
Average processing time of GrabImageRGBD(): 8.1136ms
Frame 188 end
Average processing time of GrabImageRGBD(): 8.08876ms
Frame 189 end
Average processing time of GrabImageRGBD(): 8.08915ms
Frame 190 end
Average processing time of GrabImageRGBD(): 8.06454ms
Frame 191 end
Average processing time of GrabImageRGBD(): 8.0637ms
Frame 192 end
Average processing time of GrabImageRGBD(): 8.06248ms
Frame 193 end
Average processing time of GrabImageRGBD(): 8.06137ms
Frame 194 end
Average processing time of GrabImageRGBD(): 8.06259ms
Frame 195 end
Average processing time of GrabImageRGBD(): 8.06465ms
Frame 196 end
Average processing time of GrabImageRGBD(): 8.04097ms
Frame 197 end
Average processing time of GrabImageRGBD(): 8.03683ms
Frame 198 end
Average processing time of GrabImageRGBD(): 8.13243ms
Frame 199 end
Average processing time of GrabImageRGBD(): 8.12716ms
Frame 200 end
Average processing time of GrabImageRGBD(): 8.12654ms
Frame 201 end
Average processing time of GrabImageRGBD(): 8.13247ms
Frame 202 end
Average processing time of GrabImageRGBD(): 8.11916ms
Frame 203 end
Average processing time of GrabImageRGBD(): 8.12302ms
Frame 204 end
Average processing time of GrabImageRGBD(): 8.12667ms
Frame 205 end
Average processing time of GrabImageRGBD(): 8.10414ms
Frame 206 end
Average processing time of GrabImageRGBD(): 8.10771ms
Frame 207 end
Average processing time of GrabImageRGBD(): 8.09756ms
Frame 208 end
Average processing time of GrabImageRGBD(): 8.10312ms
Frame 209 end
Average processing time of GrabImageRGBD(): 8.10694ms
Frame 210 end
Average processing time of GrabImageRGBD(): 8.11033ms
Frame 211 end
Average processing time of GrabImageRGBD(): 8.0891ms
Frame 212 end
Average processing time of GrabImageRGBD(): 8.06762ms
Frame 213 end
Average processing time of GrabImageRGBD(): 8.04547ms
Frame 214 end
Average processing time of GrabImageRGBD(): 8.05166ms
Frame 215 end
Average processing time of GrabImageRGBD(): 8.1478ms
Frame 216 end
Average processing time of GrabImageRGBD(): 8.14344ms
Frame 217 end
Average processing time of GrabImageRGBD(): 8.11966ms
Frame 218 end
Average processing time of GrabImageRGBD(): 8.09866ms
Frame 219 end
Average processing time of GrabImageRGBD(): 8.10526ms
Frame 220 end
Average processing time of GrabImageRGBD(): 8.08331ms
Frame 221 end
Average processing time of GrabImageRGBD(): 8.06325ms
Frame 222 end
Average processing time of GrabImageRGBD(): 8.04368ms
Frame 223 end
Average processing time of GrabImageRGBD(): 8.04664ms
Frame 224 end
Average processing time of GrabImageRGBD(): 8.02562ms
Frame 225 end
Average processing time of GrabImageRGBD(): 8.00412ms
Frame 226 end
Average processing time of GrabImageRGBD(): 7.99499ms
Frame 227 end
Average processing time of GrabImageRGBD(): 7.99208ms
Frame 228 end
Average processing time of GrabImageRGBD(): 7.99508ms
Frame 229 end
Average processing time of GrabImageRGBD(): 7.97622ms
Frame 230 end
Average processing time of GrabImageRGBD(): 7.97689ms
Frame 231 end
Average processing time of GrabImageRGBD(): 8.06957ms
Frame 232 end
Average processing time of GrabImageRGBD(): 8.07884ms
Frame 233 end
Average processing time of GrabImageRGBD(): 8.08219ms
Frame 234 end
Average processing time of GrabImageRGBD(): 8.08671ms
Frame 235 end
Average processing time of GrabImageRGBD(): 8.06653ms
Frame 236 end
Average processing time of GrabImageRGBD(): 8.04849ms
Frame 237 end
Average processing time of GrabImageRGBD(): 8.05502ms
Frame 238 end
Average processing time of GrabImageRGBD(): 8.03507ms
Frame 239 end
Average processing time of GrabImageRGBD(): 8.0168ms
Frame 240 end
Average processing time of GrabImageRGBD(): 7.99775ms
Frame 241 end
Average processing time of GrabImageRGBD(): 7.98949ms
Frame 242 end
Average processing time of GrabImageRGBD(): 7.96887ms
Frame 243 end
Average processing time of GrabImageRGBD(): 7.96845ms
Frame 244 end
Average processing time of GrabImageRGBD(): 7.94965ms
Frame 245 end
Average processing time of GrabImageRGBD(): 7.93948ms
Frame 246 end
Average processing time of GrabImageRGBD(): 8.02055ms
Frame 247 end
Average processing time of GrabImageRGBD(): 8.01284ms
Frame 248 end
Average processing time of GrabImageRGBD(): 7.99674ms
Frame 249 end
Average processing time of GrabImageRGBD(): 8.00371ms
Frame 250 end
Average processing time of GrabImageRGBD(): 8.00984ms
Frame 251 end
Average processing time of GrabImageRGBD(): 7.99137ms
Frame 252 end
Average processing time of GrabImageRGBD(): 7.98131ms
Frame 253 end
Average processing time of GrabImageRGBD(): 7.96392ms
Frame 254 end
Average processing time of GrabImageRGBD(): 7.96923ms
Frame 255 end
Average processing time of GrabImageRGBD(): 7.971ms
Frame 256 end
Average processing time of GrabImageRGBD(): 7.97151ms
Frame 257 end
Average processing time of GrabImageRGBD(): 7.95462ms
Frame 258 end
Average processing time of GrabImageRGBD(): 7.93822ms
Frame 259 end
Average processing time of GrabImageRGBD(): 7.92161ms
Frame 260 end
Average processing time of GrabImageRGBD(): 7.91414ms
Frame 261 end
Average processing time of GrabImageRGBD(): 7.89715ms
Frame 262 end
Average processing time of GrabImageRGBD(): 7.88227ms
Frame 263 end
Average processing time of GrabImageRGBD(): 7.86673ms
Frame 264 end
Average processing time of GrabImageRGBD(): 7.86573ms
Frame 265 end
Average processing time of GrabImageRGBD(): 7.87009ms
Frame 266 end
Average processing time of GrabImageRGBD(): 7.94025ms
Frame 267 end
Average processing time of GrabImageRGBD(): 7.93076ms
Frame 268 end
Average processing time of GrabImageRGBD(): 7.9144ms
Frame 269 end
Average processing time of GrabImageRGBD(): 7.89761ms
Frame 270 end
Average processing time of GrabImageRGBD(): 7.8921ms
Frame 271 end
Average processing time of GrabImageRGBD(): 7.87734ms
Frame 272 end
Average processing time of GrabImageRGBD(): 7.88348ms
Frame 273 end
Average processing time of GrabImageRGBD(): 7.86488ms
Frame 274 end
Average processing time of GrabImageRGBD(): 7.8546ms
Frame 275 end
Average processing time of GrabImageRGBD(): 7.85884ms
Frame 276 end
Average processing time of GrabImageRGBD(): 7.84346ms
Frame 277 end
Average processing time of GrabImageRGBD(): 7.84711ms
Frame 278 end
Average processing time of GrabImageRGBD(): 7.85189ms
Frame 279 end
Average processing time of GrabImageRGBD(): 7.84244ms
Frame 280 end
Average processing time of GrabImageRGBD(): 7.84516ms
Frame 281 end
Average processing time of GrabImageRGBD(): 7.84666ms
Frame 282 end
Average processing time of GrabImageRGBD(): 7.84212ms
Frame 283 end
Average processing time of GrabImageRGBD(): 7.83537ms
Frame 284 end
Average processing time of GrabImageRGBD(): 7.81959ms
Frame 285 end
Average processing time of GrabImageRGBD(): 7.80942ms
Frame 286 end
Average processing time of GrabImageRGBD(): 7.79377ms
Frame 287 end
Average processing time of GrabImageRGBD(): 7.78667ms
Frame 288 end
Average processing time of GrabImageRGBD(): 7.77159ms
Frame 289 end
Average processing time of GrabImageRGBD(): 7.77518ms
Frame 290 end
Average processing time of GrabImageRGBD(): 7.76629ms
Frame 291 end
Average processing time of GrabImageRGBD(): 7.76882ms
Frame 292 end
Average processing time of GrabImageRGBD(): 7.77155ms
Frame 293 end
Average processing time of GrabImageRGBD(): 7.75601ms
Frame 294 end
Average processing time of GrabImageRGBD(): 7.75863ms
Frame 295 end
Average processing time of GrabImageRGBD(): 7.75164ms
Frame 296 end
Average processing time of GrabImageRGBD(): 7.74474ms
Frame 297 end
Average processing time of GrabImageRGBD(): 7.81519ms
Frame 298 end
Average processing time of GrabImageRGBD(): 7.81906ms
Frame 299 end
Average processing time of GrabImageRGBD(): 7.80359ms
Frame 300 end
Average processing time of GrabImageRGBD(): 7.79022ms
Frame 301 end
Average processing time of GrabImageRGBD(): 7.79315ms
Frame 302 end
Average processing time of GrabImageRGBD(): 7.79521ms
Frame 303 end
Average processing time of GrabImageRGBD(): 7.7852ms
Frame 304 end
Average processing time of GrabImageRGBD(): 7.77812ms
Frame 305 end
Average processing time of GrabImageRGBD(): 7.77922ms
Frame 306 end
Average processing time of GrabImageRGBD(): 7.76855ms
Frame 307 end
Average processing time of GrabImageRGBD(): 7.76976ms
Frame 308 end
Average processing time of GrabImageRGBD(): 7.76732ms
Frame 309 end
Average processing time of GrabImageRGBD(): 7.76327ms
Frame 310 end
Average processing time of GrabImageRGBD(): 7.76315ms
Frame 311 end
Average processing time of GrabImageRGBD(): 7.75622ms
Frame 312 end
Average processing time of GrabImageRGBD(): 7.74191ms
Frame 313 end
Average processing time of GrabImageRGBD(): 7.73615ms
Frame 314 end
Average processing time of GrabImageRGBD(): 7.73607ms
Frame 315 end
Average processing time of GrabImageRGBD(): 7.7373ms
Frame 316 end
Average processing time of GrabImageRGBD(): 7.73768ms
Frame 317 end
Average processing time of GrabImageRGBD(): 7.7307ms
Frame 318 end
Average processing time of GrabImageRGBD(): 7.71811ms
Frame 319 end
Average processing time of GrabImageRGBD(): 7.7192ms
Frame 320 end
Average processing time of GrabImageRGBD(): 7.72071ms
Frame 321 end
Average processing time of GrabImageRGBD(): 7.71672ms
Frame 322 end
Average processing time of GrabImageRGBD(): 7.80715ms
Frame 323 end
Average processing time of GrabImageRGBD(): 7.81086ms
Frame 324 end
Average processing time of GrabImageRGBD(): 7.79555ms
Frame 325 end
Average processing time of GrabImageRGBD(): 7.85497ms
Frame 326 end
Average processing time of GrabImageRGBD(): 7.8652ms
Frame 327 end
Average processing time of GrabImageRGBD(): 7.85031ms
Frame 328 end
Average processing time of GrabImageRGBD(): 7.83804ms
Frame 329 end
Average processing time of GrabImageRGBD(): 7.83668ms
Frame 330 end
Average processing time of GrabImageRGBD(): 7.8313ms
Frame 331 end
Average processing time of GrabImageRGBD(): 7.83609ms
Frame 332 end
Average processing time of GrabImageRGBD(): 7.82367ms
Frame 333 end
Average processing time of GrabImageRGBD(): 7.81055ms
Frame 334 end
Average processing time of GrabImageRGBD(): 7.80408ms
Frame 335 end
Average processing time of GrabImageRGBD(): 7.80916ms
Frame 336 end
Average processing time of GrabImageRGBD(): 7.81569ms
Frame 337 end
Average processing time of GrabImageRGBD(): 7.82042ms
Frame 338 end
Average processing time of GrabImageRGBD(): 7.80758ms
Frame 339 end
Average processing time of GrabImageRGBD(): 7.81278ms
Frame 340 end
Average processing time of GrabImageRGBD(): 7.82227ms
Frame 341 end
Average processing time of GrabImageRGBD(): 7.81023ms
Frame 342 end
Average processing time of GrabImageRGBD(): 7.81579ms
Frame 343 end
Average processing time of GrabImageRGBD(): 7.80903ms
Frame 344 end
Average processing time of GrabImageRGBD(): 7.79686ms
Frame 345 end
Average processing time of GrabImageRGBD(): 7.78582ms
Frame 346 end
Average processing time of GrabImageRGBD(): 7.7815ms
Frame 347 end
Average processing time of GrabImageRGBD(): 7.77731ms
Frame 348 end
Average processing time of GrabImageRGBD(): 7.77612ms
Frame 349 end
Average processing time of GrabImageRGBD(): 7.7808ms
Frame 350 end
Average processing time of GrabImageRGBD(): 7.76919ms
Frame 351 end
Average processing time of GrabImageRGBD(): 7.77569ms
Frame 352 end
Average processing time of GrabImageRGBD(): 7.78086ms
Frame 353 end
Average processing time of GrabImageRGBD(): 7.76933ms
Frame 354 end
Average processing time of GrabImageRGBD(): 7.77571ms
Frame 355 end
Average processing time of GrabImageRGBD(): 7.78089ms
Frame 356 end
Average processing time of GrabImageRGBD(): 7.76755ms
Frame 357 end
Average processing time of GrabImageRGBD(): 7.75621ms
Frame 358 end
Average processing time of GrabImageRGBD(): 7.7445ms
Frame 359 end
Average processing time of GrabImageRGBD(): 7.73263ms
Frame 360 end
Average processing time of GrabImageRGBD(): 7.73696ms
Frame 361 end
Average processing time of GrabImageRGBD(): 7.72399ms
Frame 362 end
Average processing time of GrabImageRGBD(): 7.71259ms
Frame 363 end
Average processing time of GrabImageRGBD(): 7.70833ms
Frame 364 end
Average processing time of GrabImageRGBD(): 7.71143ms
Frame 365 end
Average processing time of GrabImageRGBD(): 7.71572ms
Frame 366 end
Average processing time of GrabImageRGBD(): 7.71141ms
Frame 367 end
Average processing time of GrabImageRGBD(): 7.71628ms
Frame 368 end
Average processing time of GrabImageRGBD(): 7.72319ms
Frame 369 end
Average processing time of GrabImageRGBD(): 7.71204ms
Frame 370 end
Average processing time of GrabImageRGBD(): 7.71207ms
Frame 371 end
Average processing time of GrabImageRGBD(): 7.7079ms
Frame 372 end
Average processing time of GrabImageRGBD(): 7.70919ms
Frame 373 end
Average processing time of GrabImageRGBD(): 7.71391ms
Frame 374 end
Average processing time of GrabImageRGBD(): 7.70302ms
Frame 375 end
Average processing time of GrabImageRGBD(): 7.69059ms
Frame 376 end
Average processing time of GrabImageRGBD(): 7.75132ms
Frame 377 end
Average processing time of GrabImageRGBD(): 7.76065ms
Frame 378 end
Average processing time of GrabImageRGBD(): 7.74937ms
Frame 379 end
Average processing time of GrabImageRGBD(): 7.75663ms
Frame 380 end
Average processing time of GrabImageRGBD(): 7.76229ms
Frame 381 end
Average processing time of GrabImageRGBD(): 7.75004ms
Frame 382 end
Average processing time of GrabImageRGBD(): 7.73967ms
Frame 383 end
Average processing time of GrabImageRGBD(): 7.74583ms
Frame 384 end
Average processing time of GrabImageRGBD(): 7.75176ms
Frame 385 end
Average processing time of GrabImageRGBD(): 7.75313ms
Frame 386 end
Average processing time of GrabImageRGBD(): 7.74647ms
Frame 387 end
Average processing time of GrabImageRGBD(): 7.75003ms
Frame 388 end
Average processing time of GrabImageRGBD(): 7.75399ms
Frame 389 end
Average processing time of GrabImageRGBD(): 7.75137ms
Frame 390 end
Average processing time of GrabImageRGBD(): 7.74678ms
Frame 391 end
Average processing time of GrabImageRGBD(): 7.7493ms
Frame 392 end
Average processing time of GrabImageRGBD(): 7.8004ms
Frame 393 end
Average processing time of GrabImageRGBD(): 7.80253ms
Frame 394 end
Average processing time of GrabImageRGBD(): 7.79397ms
Frame 395 end
Average processing time of GrabImageRGBD(): 7.79612ms
Frame 396 end
Average processing time of GrabImageRGBD(): 7.79374ms
Frame 397 end
Average processing time of GrabImageRGBD(): 7.80017ms
Frame 398 end
Average processing time of GrabImageRGBD(): 7.80297ms
Frame 399 end
Average processing time of GrabImageRGBD(): 7.79284ms
Frame 400 end
Average processing time of GrabImageRGBD(): 7.7981ms
Frame 401 end
Average processing time of GrabImageRGBD(): 7.80337ms
Frame 402 end
Average processing time of GrabImageRGBD(): 7.79226ms
Frame 403 end
Average processing time of GrabImageRGBD(): 7.79424ms
Frame 404 end
Average processing time of GrabImageRGBD(): 7.7983ms
Frame 405 end
Average processing time of GrabImageRGBD(): 7.79488ms
Frame 406 end
Average processing time of GrabImageRGBD(): 7.80073ms
Frame 407 end
Average processing time of GrabImageRGBD(): 7.79122ms
Frame 408 end
Average processing time of GrabImageRGBD(): 7.78102ms
Frame 409 end
Average processing time of GrabImageRGBD(): 7.78495ms
Frame 410 end
Average processing time of GrabImageRGBD(): 7.77368ms
Frame 411 end
Average processing time of GrabImageRGBD(): 7.77919ms
Frame 412 end
Average processing time of GrabImageRGBD(): 7.78327ms
Frame 413 end
Average processing time of GrabImageRGBD(): 7.77185ms
Frame 414 end
Average processing time of GrabImageRGBD(): 7.77707ms
Frame 415 end
Average processing time of GrabImageRGBD(): 7.77474ms
Frame 416 end
Average processing time of GrabImageRGBD(): 7.7839ms
Frame 417 end
Average processing time of GrabImageRGBD(): 7.79731ms
Frame 418 end
Average processing time of GrabImageRGBD(): 7.80639ms
Frame 419 end
Average processing time of GrabImageRGBD(): 7.87382ms
Frame 420 end
Average processing time of GrabImageRGBD(): 7.88634ms
Frame 421 end
Average processing time of GrabImageRGBD(): 7.89881ms
Frame 422 end
Average processing time of GrabImageRGBD(): 7.90903ms
Frame 423 end
Average processing time of GrabImageRGBD(): 7.93047ms
Frame 424 end
Average processing time of GrabImageRGBD(): 7.93876ms
Frame 425 end
Average processing time of GrabImageRGBD(): 7.94642ms
Frame 426 end
Average processing time of GrabImageRGBD(): 8.0156ms
Frame 427 end
Average processing time of GrabImageRGBD(): 8.03147ms
Frame 428 end
Average processing time of GrabImageRGBD(): 8.04114ms
Frame 429 end
Average processing time of GrabImageRGBD(): 8.05472ms
Frame 430 end
Average processing time of GrabImageRGBD(): 8.06593ms
Frame 431 end
Average processing time of GrabImageRGBD(): 8.0761ms
Frame 432 end
Average processing time of GrabImageRGBD(): 8.08858ms
Frame 433 end
Average processing time of GrabImageRGBD(): 8.10097ms
Frame 434 end
Average processing time of GrabImageRGBD(): 8.09942ms
Frame 435 end
Average processing time of GrabImageRGBD(): 8.11142ms
Frame 436 end
Average processing time of GrabImageRGBD(): 8.12612ms
Frame 437 end
Average processing time of GrabImageRGBD(): 8.13446ms
Frame 438 end
Average processing time of GrabImageRGBD(): 8.14759ms
Frame 439 end
Average processing time of GrabImageRGBD(): 8.15504ms
Frame 440 end
Average processing time of GrabImageRGBD(): 8.16519ms
Frame 441 end
Average processing time of GrabImageRGBD(): 8.16809ms
Frame 442 end
Average processing time of GrabImageRGBD(): 8.18366ms
Frame 443 end
Average processing time of GrabImageRGBD(): 8.24893ms
Frame 444 end
Average processing time of GrabImageRGBD(): 8.26539ms
Frame 445 end
Average processing time of GrabImageRGBD(): 8.28157ms
Frame 446 end
Average processing time of GrabImageRGBD(): 8.29722ms
Frame 447 end
Average processing time of GrabImageRGBD(): 8.30823ms
Frame 448 end
Average processing time of GrabImageRGBD(): 8.32491ms
Frame 449 end
Average processing time of GrabImageRGBD(): 8.33952ms
Frame 450 end
Average processing time of GrabImageRGBD(): 8.35671ms
Frame 451 end
Average processing time of GrabImageRGBD(): 8.36924ms
Frame 452 end
Average processing time of GrabImageRGBD(): 8.38627ms
Frame 453 end
Average processing time of GrabImageRGBD(): 8.44732ms
Frame 454 end
Average processing time of GrabImageRGBD(): 8.45954ms
Frame 455 end
Average processing time of GrabImageRGBD(): 8.47943ms
Frame 456 end
Average processing time of GrabImageRGBD(): 8.49463ms
Frame 457 end
Average processing time of GrabImageRGBD(): 8.50765ms
Frame 458 end
Average processing time of GrabImageRGBD(): 8.52072ms
Frame 459 end
Average processing time of GrabImageRGBD(): 8.5385ms
Frame 460 end
Average processing time of GrabImageRGBD(): 8.59256ms
Frame 461 end
Average processing time of GrabImageRGBD(): 8.60537ms
Frame 462 end
Average processing time of GrabImageRGBD(): 8.61436ms
Frame 463 end
Average processing time of GrabImageRGBD(): 8.62723ms
Frame 464 end
Average processing time of GrabImageRGBD(): 8.63819ms
Frame 465 end
Average processing time of GrabImageRGBD(): 8.65211ms
Frame 466 end
Average processing time of GrabImageRGBD(): 8.66248ms
Frame 467 end
Average processing time of GrabImageRGBD(): 8.6724ms
Frame 468 end
Average processing time of GrabImageRGBD(): 8.72265ms
Frame 469 end
Average processing time of GrabImageRGBD(): 8.7346ms
Frame 470 end
Average processing time of GrabImageRGBD(): 8.74171ms
Frame 471 end
Average processing time of GrabImageRGBD(): 8.7543ms
Frame 472 end
Average processing time of GrabImageRGBD(): 8.75781ms
Frame 473 end
Average processing time of GrabImageRGBD(): 8.7703ms
Frame 474 end
Average processing time of GrabImageRGBD(): 8.78098ms
Frame 475 end
Average processing time of GrabImageRGBD(): 8.78729ms
Frame 476 end
Average processing time of GrabImageRGBD(): 8.79697ms
Frame 477 end
Average processing time of GrabImageRGBD(): 8.79714ms
Frame 478 end
Average processing time of GrabImageRGBD(): 8.84465ms
Frame 479 end
Average processing time of GrabImageRGBD(): 8.8543ms
Frame 480 end
Average processing time of GrabImageRGBD(): 8.86464ms
Frame 481 end
Average processing time of GrabImageRGBD(): 8.87197ms
Frame 482 end
Average processing time of GrabImageRGBD(): 8.91468ms
Frame 483 end
Average processing time of GrabImageRGBD(): 8.92581ms
Frame 484 end
Average processing time of GrabImageRGBD(): 8.93053ms
Frame 485 end
Average processing time of GrabImageRGBD(): 8.98277ms
Frame 486 end
Average processing time of GrabImageRGBD(): 8.99326ms
Frame 487 end
Average processing time of GrabImageRGBD(): 9.00449ms
Frame 488 end
Average processing time of GrabImageRGBD(): 9.05338ms
Frame 489 end
Average processing time of GrabImageRGBD(): 9.06ms
Frame 490 end
Average processing time of GrabImageRGBD(): 9.07098ms
Frame 491 end
Average processing time of GrabImageRGBD(): 9.11969ms
Frame 492 end
Average processing time of GrabImageRGBD(): 9.13201ms
Frame 493 end
Average processing time of GrabImageRGBD(): 9.14224ms
Frame 494 end
Average processing time of GrabImageRGBD(): 9.19613ms
Frame 495 end
Average processing time of GrabImageRGBD(): 9.20015ms
Frame 496 end
Average processing time of GrabImageRGBD(): 9.25484ms
Frame 497 end
Average processing time of GrabImageRGBD(): 9.26649ms
Frame 498 end
Average processing time of GrabImageRGBD(): 9.31888ms
Frame 499 end
Average processing time of GrabImageRGBD(): 9.32867ms
Frame 500 end
Average processing time of GrabImageRGBD(): 9.37991ms
Frame 501 end
Average processing time of GrabImageRGBD(): 9.38563ms
Frame 502 end
Average processing time of GrabImageRGBD(): 9.43513ms
Frame 503 end
Average processing time of GrabImageRGBD(): 9.44251ms
Frame 504 end
Average processing time of GrabImageRGBD(): 9.45007ms
Frame 505 end
Average processing time of GrabImageRGBD(): 9.5014ms
Frame 506 end
Average processing time of GrabImageRGBD(): 9.50652ms
Frame 507 end
Average processing time of GrabImageRGBD(): 9.51459ms
Frame 508 end
Average processing time of GrabImageRGBD(): 9.56238ms
Frame 509 end
Average processing time of GrabImageRGBD(): 9.56068ms
Frame 510 end
Average processing time of GrabImageRGBD(): 9.54884ms
Frame 511 end
Average processing time of GrabImageRGBD(): 9.59986ms
Frame 512 end
Average processing time of GrabImageRGBD(): 9.59733ms
Frame 513 end
Average processing time of GrabImageRGBD(): 9.59198ms
Frame 514 end
Average processing time of GrabImageRGBD(): 9.62938ms
Frame 515 end
Average processing time of GrabImageRGBD(): 9.62695ms
Frame 516 end
Average processing time of GrabImageRGBD(): 9.61428ms
Frame 517 end
Average processing time of GrabImageRGBD(): 9.65484ms
Frame 518 end
Average processing time of GrabImageRGBD(): 9.6561ms
Frame 519 end
Average processing time of GrabImageRGBD(): 9.65008ms
Frame 520 end
Average processing time of GrabImageRGBD(): 9.68281ms
Frame 521 end
Average processing time of GrabImageRGBD(): 9.67266ms
Frame 522 end
Average processing time of GrabImageRGBD(): 9.65955ms
Frame 523 end
Average processing time of GrabImageRGBD(): 9.65586ms
Frame 524 end
Average processing time of GrabImageRGBD(): 9.65194ms
Frame 525 end
Average processing time of GrabImageRGBD(): 9.63956ms
Frame 526 end
Average processing time of GrabImageRGBD(): 9.67775ms
Frame 527 end
Average processing time of GrabImageRGBD(): 9.67542ms
Frame 528 end
Average processing time of GrabImageRGBD(): 9.66818ms
Frame 529 end
Average processing time of GrabImageRGBD(): 9.70382ms
Frame 530 end
Average processing time of GrabImageRGBD(): 9.7049ms
Frame 531 end
Average processing time of GrabImageRGBD(): 9.69622ms
Frame 532 end
Average processing time of GrabImageRGBD(): 9.73031ms
Frame 533 end
Average processing time of GrabImageRGBD(): 9.72279ms
Frame 534 end
Average processing time of GrabImageRGBD(): 9.71068ms
Frame 535 end
Average processing time of GrabImageRGBD(): 9.70904ms
Frame 536 end
Average processing time of GrabImageRGBD(): 9.70513ms
Frame 537 end
Average processing time of GrabImageRGBD(): 9.70319ms
Frame 538 end
Average processing time of GrabImageRGBD(): 9.70417ms
Frame 539 end
Average processing time of GrabImageRGBD(): 9.69412ms
Frame 540 end
Average processing time of GrabImageRGBD(): 9.68122ms
Frame 541 end
Average processing time of GrabImageRGBD(): 9.68127ms
Frame 542 end
Average processing time of GrabImageRGBD(): 9.67887ms
Frame 543 end
Average processing time of GrabImageRGBD(): 9.66677ms
Frame 544 end
Average processing time of GrabImageRGBD(): 9.65525ms
Frame 545 end
Average processing time of GrabImageRGBD(): 9.64483ms
Frame 546 end
Average processing time of GrabImageRGBD(): 9.63803ms
Frame 547 end
Average processing time of GrabImageRGBD(): 9.62702ms
Frame 548 end
Average processing time of GrabImageRGBD(): 9.61832ms
Frame 549 end
Average processing time of GrabImageRGBD(): 9.6157ms
Frame 550 end
Average processing time of GrabImageRGBD(): 9.60912ms
Frame 551 end
Average processing time of GrabImageRGBD(): 9.59803ms
Frame 552 end
Average processing time of GrabImageRGBD(): 9.63467ms
Frame 553 end
Average processing time of GrabImageRGBD(): 9.63718ms
Frame 554 end
Average processing time of GrabImageRGBD(): 9.63324ms
Frame 555 end
Average processing time of GrabImageRGBD(): 9.62957ms
Frame 556 end
Average processing time of GrabImageRGBD(): 9.62571ms
Frame 557 end
Average processing time of GrabImageRGBD(): 9.61618ms
Frame 558 end
Average processing time of GrabImageRGBD(): 9.60454ms
Frame 559 end
Average processing time of GrabImageRGBD(): 9.60025ms
Frame 560 end
Average processing time of GrabImageRGBD(): 9.58914ms
Frame 561 end
Average processing time of GrabImageRGBD(): 9.57839ms
Frame 562 end
Average processing time of GrabImageRGBD(): 9.57382ms
Frame 563 end
Average processing time of GrabImageRGBD(): 9.56951ms
Frame 564 end
Average processing time of GrabImageRGBD(): 9.56648ms
Frame 565 end
Average processing time of GrabImageRGBD(): 9.6063ms
Frame 566 end
Average processing time of GrabImageRGBD(): 9.61287ms
Frame 567 end
Average processing time of GrabImageRGBD(): 9.62086ms
Frame 568 end
Average processing time of GrabImageRGBD(): 9.62392ms
Frame 569 end
Average processing time of GrabImageRGBD(): 9.62774ms
Frame 570 end
Average processing time of GrabImageRGBD(): 9.62713ms
Frame 571 end
Average processing time of GrabImageRGBD(): 9.62966ms
Frame 572 end
Average processing time of GrabImageRGBD(): 9.63993ms
Frame 573 end
Average processing time of GrabImageRGBD(): 9.64125ms
Frame 574 end
Average processing time of GrabImageRGBD(): 9.64476ms
Frame 575 end
Average processing time of GrabImageRGBD(): 9.64691ms
Frame 576 end
Average processing time of GrabImageRGBD(): 9.65088ms
Frame 577 end
Average processing time of GrabImageRGBD(): 9.65424ms
Frame 578 end
Average processing time of GrabImageRGBD(): 9.66104ms
Frame 579 end
Average processing time of GrabImageRGBD(): 9.66185ms
Frame 580 end
Average processing time of GrabImageRGBD(): 9.66722ms
Frame 581 end
Average processing time of GrabImageRGBD(): 9.67162ms
Frame 582 end
Average processing time of GrabImageRGBD(): 9.6732ms
Frame 583 end
Average processing time of GrabImageRGBD(): 9.67221ms
Frame 584 end
Average processing time of GrabImageRGBD(): 9.71249ms
Frame 585 end
Average processing time of GrabImageRGBD(): 9.717ms
Frame 586 end
Average processing time of GrabImageRGBD(): 9.71521ms
Frame 587 end
Average processing time of GrabImageRGBD(): 9.71594ms
Frame 588 end
Average processing time of GrabImageRGBD(): 9.7219ms
Frame 589 end
Average processing time of GrabImageRGBD(): 9.72332ms
Frame 590 end
Average processing time of GrabImageRGBD(): 9.72279ms
Frame 591 end
Average processing time of GrabImageRGBD(): 9.72465ms
Frame 592 end
Average processing time of GrabImageRGBD(): 9.72861ms
Frame 593 end
Average processing time of GrabImageRGBD(): 9.73325ms
Frame 594 end
Average processing time of GrabImageRGBD(): 9.73515ms
Frame 595 end
Average processing time of GrabImageRGBD(): 9.73488ms
Frame 596 end
Average processing time of GrabImageRGBD(): 9.73643ms
Frame 597 end
Average processing time of GrabImageRGBD(): 9.74122ms
Frame 598 end
Average processing time of GrabImageRGBD(): 9.74213ms
Frame 599 end
Average processing time of GrabImageRGBD(): 9.74426ms
Frame 600 end
Average processing time of GrabImageRGBD(): 9.75025ms
Frame 601 end
Average processing time of GrabImageRGBD(): 9.79076ms
Frame 602 end
Average processing time of GrabImageRGBD(): 9.79339ms
Frame 603 end
Average processing time of GrabImageRGBD(): 9.79788ms
Frame 604 end
Average processing time of GrabImageRGBD(): 9.83705ms
Frame 605 end
Average processing time of GrabImageRGBD(): 9.84016ms
Frame 606 end
Average processing time of GrabImageRGBD(): 9.84169ms
Frame 607 end
Average processing time of GrabImageRGBD(): 9.84637ms
Frame 608 end
Average processing time of GrabImageRGBD(): 9.88862ms
Frame 609 end
Average processing time of GrabImageRGBD(): 9.8906ms
Frame 610 end
Average processing time of GrabImageRGBD(): 9.89567ms
Frame 611 end
Average processing time of GrabImageRGBD(): 9.93578ms
Frame 612 end
Average processing time of GrabImageRGBD(): 9.93933ms
Frame 613 end
Average processing time of GrabImageRGBD(): 9.9357ms
Frame 614 end
Average processing time of GrabImageRGBD(): 9.9756ms
Frame 615 end
Average processing time of GrabImageRGBD(): 9.97982ms
Frame 616 end
Average processing time of GrabImageRGBD(): 9.98649ms
Frame 617 end
Average processing time of GrabImageRGBD(): 9.98967ms
Frame 618 end
Average processing time of GrabImageRGBD(): 9.99493ms
Frame 619 end
Average processing time of GrabImageRGBD(): 9.99583ms
Frame 620 end
Average processing time of GrabImageRGBD(): 10.0489ms
Frame 621 end
Average processing time of GrabImageRGBD(): 10.055ms
Frame 622 end
Average processing time of GrabImageRGBD(): 10.0574ms
Frame 623 end
Average processing time of GrabImageRGBD(): 10.0968ms
Frame 624 end
Average processing time of GrabImageRGBD(): 10.1018ms
Frame 625 end
Average processing time of GrabImageRGBD(): 10.1017ms
Frame 626 end
Average processing time of GrabImageRGBD(): 10.1041ms
Frame 627 end
Average processing time of GrabImageRGBD(): 10.1081ms
Frame 628 end
Average processing time of GrabImageRGBD(): 10.1453ms
Frame 629 end
Average processing time of GrabImageRGBD(): 10.1502ms
Frame 630 end
Average processing time of GrabImageRGBD(): 10.1513ms
Frame 631 end
Average processing time of GrabImageRGBD(): 10.1868ms
Frame 632 end
Average processing time of GrabImageRGBD(): 10.1884ms
Frame 633 end
Average processing time of GrabImageRGBD(): 10.1897ms
Frame 634 end
Average processing time of GrabImageRGBD(): 10.2265ms
Frame 635 end
Average processing time of GrabImageRGBD(): 10.2315ms
Frame 636 end
Average processing time of GrabImageRGBD(): 10.2357ms
Frame 637 end
Average processing time of GrabImageRGBD(): 10.2761ms
Frame 638 end
Average processing time of GrabImageRGBD(): 10.2791ms
Frame 639 end
Average processing time of GrabImageRGBD(): 10.2828ms
Frame 640 end
Average processing time of GrabImageRGBD(): 10.3204ms
Frame 641 end
Average processing time of GrabImageRGBD(): 10.3243ms
Frame 642 end
Average processing time of GrabImageRGBD(): 10.327ms
Frame 643 end
Average processing time of GrabImageRGBD(): 10.3661ms
Frame 644 end
Average processing time of GrabImageRGBD(): 10.3675ms
Frame 645 end
Average processing time of GrabImageRGBD(): 10.3706ms
Frame 646 end
Average processing time of GrabImageRGBD(): 10.4068ms
Frame 647 end
Average processing time of GrabImageRGBD(): 10.4495ms
Frame 648 end
Average processing time of GrabImageRGBD(): 10.4544ms
Frame 649 end
Average processing time of GrabImageRGBD(): 10.4615ms
Frame 650 end
Average processing time of GrabImageRGBD(): 10.4609ms
Frame 651 end
Average processing time of GrabImageRGBD(): 10.4959ms
Frame 652 end
Average processing time of GrabImageRGBD(): 10.4916ms
Frame 653 end
Average processing time of GrabImageRGBD(): 10.4944ms
Frame 654 end
Average processing time of GrabImageRGBD(): 10.4919ms
Frame 655 end
Average processing time of GrabImageRGBD(): 10.526ms
Frame 656 end
Average processing time of GrabImageRGBD(): 10.5307ms
Frame 657 end
Average processing time of GrabImageRGBD(): 10.5327ms
Frame 658 end
Average processing time of GrabImageRGBD(): 10.5354ms
Frame 659 end
Average processing time of GrabImageRGBD(): 10.5696ms
Frame 660 end
Average processing time of GrabImageRGBD(): 10.5723ms
Frame 661 end
Average processing time of GrabImageRGBD(): 10.5756ms
Frame 662 end
Average processing time of GrabImageRGBD(): 10.5778ms
Frame 663 end
Average processing time of GrabImageRGBD(): 10.6104ms
Frame 664 end
Average processing time of GrabImageRGBD(): 10.6114ms
Frame 665 end
Average processing time of GrabImageRGBD(): 10.6137ms
Frame 666 end
Average processing time of GrabImageRGBD(): 10.6083ms
Frame 667 end
Average processing time of GrabImageRGBD(): 10.6436ms
Frame 668 end
Average processing time of GrabImageRGBD(): 10.6857ms
Frame 669 end
Average processing time of GrabImageRGBD(): 10.6844ms
Frame 670 end
Average processing time of GrabImageRGBD(): 10.6882ms
Frame 671 end
Average processing time of GrabImageRGBD(): 10.7217ms
Frame 672 end
Average processing time of GrabImageRGBD(): 10.7237ms
Frame 673 end
Average processing time of GrabImageRGBD(): 10.7227ms
Frame 674 end
Average processing time of GrabImageRGBD(): 10.7237ms
Frame 675 end
Average processing time of GrabImageRGBD(): 10.7256ms
Frame 676 end
Average processing time of GrabImageRGBD(): 10.7215ms
Frame 677 end
Average processing time of GrabImageRGBD(): 10.7225ms
Frame 678 end
Average processing time of GrabImageRGBD(): 10.7228ms
Frame 679 end
Average processing time of GrabImageRGBD(): 10.7223ms
Frame 680 end
Average processing time of GrabImageRGBD(): 10.7553ms
Frame 681 end
Average processing time of GrabImageRGBD(): 10.7603ms
Frame 682 end
Average processing time of GrabImageRGBD(): 10.7595ms
Frame 683 end
Average processing time of GrabImageRGBD(): 10.7612ms
Frame 684 end
Average processing time of GrabImageRGBD(): 10.7944ms
Frame 685 end
Average processing time of GrabImageRGBD(): 10.794ms
Frame 686 end
Average processing time of GrabImageRGBD(): 10.7982ms
Frame 687 end
Average processing time of GrabImageRGBD(): 10.7972ms
Frame 688 end
Average processing time of GrabImageRGBD(): 10.7989ms
Frame 689 end
Average processing time of GrabImageRGBD(): 10.7999ms
Frame 690 end
Average processing time of GrabImageRGBD(): 10.8014ms
Frame 691 end
Average processing time of GrabImageRGBD(): 10.8501ms
Frame 692 end
Average processing time of GrabImageRGBD(): 10.8514ms
Frame 693 end
Average processing time of GrabImageRGBD(): 10.8517ms
Frame 694 end
Average processing time of GrabImageRGBD(): 10.857ms
Frame 695 end
Average processing time of GrabImageRGBD(): 10.8899ms
Frame 696 end
Average processing time of GrabImageRGBD(): 10.8921ms
Frame 697 end
Average processing time of GrabImageRGBD(): 10.8959ms
Frame 698 end
Average processing time of GrabImageRGBD(): 10.8961ms
Frame 699 end
Average processing time of GrabImageRGBD(): 10.9288ms
Frame 700 end
Average processing time of GrabImageRGBD(): 10.9312ms
Frame 701 end
Average processing time of GrabImageRGBD(): 10.9341ms
Frame 702 end
Average processing time of GrabImageRGBD(): 10.936ms
Frame 703 end
Average processing time of GrabImageRGBD(): 10.9335ms
Frame 704 end
Average processing time of GrabImageRGBD(): 10.9316ms
Frame 705 end
Average processing time of GrabImageRGBD(): 10.9601ms
Frame 706 end
Average processing time of GrabImageRGBD(): 10.9628ms
Frame 707 end
Average processing time of GrabImageRGBD(): 10.9655ms
Frame 708 end
Average processing time of GrabImageRGBD(): 10.9678ms
Frame 709 end
Average processing time of GrabImageRGBD(): 10.9673ms
Frame 710 end
Average processing time of GrabImageRGBD(): 10.9979ms
Frame 711 end
Average processing time of GrabImageRGBD(): 11.001ms
Frame 712 end
Average processing time of GrabImageRGBD(): 10.9898ms
Frame 713 end
Average processing time of GrabImageRGBD(): 10.981ms
Frame 714 end
Average processing time of GrabImageRGBD(): 10.9776ms
Frame 715 end
Average processing time of GrabImageRGBD(): 11.0171ms
Frame 716 end
Average processing time of GrabImageRGBD(): 11.009ms
Frame 717 end
Average processing time of GrabImageRGBD(): 10.9993ms
Frame 718 end
Average processing time of GrabImageRGBD(): 10.9946ms
Frame 719 end
Average processing time of GrabImageRGBD(): 10.9837ms
Frame 720 end
Average processing time of GrabImageRGBD(): 11.0098ms
Frame 721 end
Average processing time of GrabImageRGBD(): 11.001ms
Frame 722 end
Average processing time of GrabImageRGBD(): 10.9896ms
Frame 723 end
Average processing time of GrabImageRGBD(): 10.9842ms
Frame 724 end
Average processing time of GrabImageRGBD(): 10.9875ms
Frame 725 end
Average processing time of GrabImageRGBD(): 11.0119ms
Frame 726 end
Average processing time of GrabImageRGBD(): 11.0104ms
Frame 727 end
Average processing time of GrabImageRGBD(): 11.0017ms
Frame 728 end
Average processing time of GrabImageRGBD(): 10.9934ms
Frame 729 end
Average processing time of GrabImageRGBD(): 11.0162ms
Frame 730 end
Average processing time of GrabImageRGBD(): 11.0081ms
Frame 731 end
Average processing time of GrabImageRGBD(): 11.0474ms
Frame 732 end
Average processing time of GrabImageRGBD(): 11.0405ms
Frame 733 end
Average processing time of GrabImageRGBD(): 11.0307ms
Frame 734 end
Average processing time of GrabImageRGBD(): 11.0225ms
Frame 735 end
Average processing time of GrabImageRGBD(): 11.0448ms
Frame 736 end
Average processing time of GrabImageRGBD(): 11.0405ms
Frame 737 end
Average processing time of GrabImageRGBD(): 11.032ms
Frame 738 end
Average processing time of GrabImageRGBD(): 11.0252ms
Frame 739 end
Average processing time of GrabImageRGBD(): 11.0188ms
Frame 740 end
Average processing time of GrabImageRGBD(): 11.0414ms
Frame 741 end
Average processing time of GrabImageRGBD(): 11.0339ms
Frame 742 end
Average processing time of GrabImageRGBD(): 11.0217ms
Frame 743 end
Average processing time of GrabImageRGBD(): 11.0137ms
Frame 744 end
Average processing time of GrabImageRGBD(): 11.036ms
Frame 745 end
Average processing time of GrabImageRGBD(): 11.0276ms
Frame 746 end
Average processing time of GrabImageRGBD(): 11.0161ms
Frame 747 end
Average processing time of GrabImageRGBD(): 11.0068ms
Frame 748 end
Average processing time of GrabImageRGBD(): 10.9974ms
Frame 749 end
Average processing time of GrabImageRGBD(): 11.0157ms
Frame 750 end
Average processing time of GrabImageRGBD(): 11.007ms
Frame 751 end
Average processing time of GrabImageRGBD(): 10.9948ms
Frame 752 end
Average processing time of GrabImageRGBD(): 10.9851ms
Frame 753 end
Average processing time of GrabImageRGBD(): 11.0028ms
Frame 754 end
Average processing time of GrabImageRGBD(): 10.9938ms
Frame 755 end
Average processing time of GrabImageRGBD(): 10.9829ms
Frame 756 end
Average processing time of GrabImageRGBD(): 10.9742ms
Frame 757 end
Average processing time of GrabImageRGBD(): 10.9939ms
Frame 758 end
Average processing time of GrabImageRGBD(): 10.9842ms
Frame 759 end
Average processing time of GrabImageRGBD(): 10.9756ms
Frame 760 end
Average processing time of GrabImageRGBD(): 10.965ms
Frame 761 end
Average processing time of GrabImageRGBD(): 10.9838ms
Frame 762 end
Average processing time of GrabImageRGBD(): 10.9767ms
Frame 763 end
Average processing time of GrabImageRGBD(): 10.9659ms
Frame 764 end
Average processing time of GrabImageRGBD(): 10.9571ms
Frame 765 end
Average processing time of GrabImageRGBD(): 10.9768ms
Frame 766 end
Average processing time of GrabImageRGBD(): 10.9737ms
Frame 767 end
Average processing time of GrabImageRGBD(): 10.9628ms
Frame 768 end
Average processing time of GrabImageRGBD(): 10.9535ms
Frame 769 end
Average processing time of GrabImageRGBD(): 10.9433ms
Frame 770 end
Average processing time of GrabImageRGBD(): 10.9643ms
Frame 771 end
Average processing time of GrabImageRGBD(): 10.958ms
Frame 772 end
Average processing time of GrabImageRGBD(): 10.953ms
Frame 773 end
Average processing time of GrabImageRGBD(): 10.9493ms
Frame 774 end
Average processing time of GrabImageRGBD(): 10.9441ms
Frame 775 end
Average processing time of GrabImageRGBD(): 10.9672ms
Frame 776 end
Average processing time of GrabImageRGBD(): 10.9588ms
Frame 777 end
Average processing time of GrabImageRGBD(): 10.949ms
Frame 778 end
Average processing time of GrabImageRGBD(): 10.9441ms
Frame 779 end
Average processing time of GrabImageRGBD(): 10.9389ms
Frame 780 end
Average processing time of GrabImageRGBD(): 10.9337ms
Frame 781 end
Average processing time of GrabImageRGBD(): 10.9267ms
Frame 782 end
Average processing time of GrabImageRGBD(): 10.9479ms
Frame 783 end
Average processing time of GrabImageRGBD(): 10.945ms
Frame 784 end
Average processing time of GrabImageRGBD(): 10.935ms
Frame 785 end
Average processing time of GrabImageRGBD(): 10.9253ms
Frame 786 end
Average processing time of GrabImageRGBD(): 10.9201ms
Frame 787 end
Average processing time of GrabImageRGBD(): 10.9151ms
Frame 788 end
Average processing time of GrabImageRGBD(): 10.9374ms
Frame 789 end
Average processing time of GrabImageRGBD(): 10.9347ms
Frame 790 end
Average processing time of GrabImageRGBD(): 10.9296ms
Frame 791 end
Average processing time of GrabImageRGBD(): 10.9237ms
Frame 792 end
Average processing time of GrabImageRGBD(): 10.9177ms
Frame 793 end
Average processing time of GrabImageRGBD(): 10.9083ms
Frame 794 end
Average processing time of GrabImageRGBD(): 10.9336ms
Frame 795 end
Average processing time of GrabImageRGBD(): 10.9331ms
Frame 796 end
Average processing time of GrabImageRGBD(): 10.9284ms
Frame 797 end
Average processing time of GrabImageRGBD(): 10.9251ms
Frame 798 end
Average processing time of GrabImageRGBD(): 10.9201ms
Frame 799 end
Average processing time of GrabImageRGBD(): 10.9526ms
Frame 800 end
Average processing time of GrabImageRGBD(): 10.9526ms
Frame 801 end
Average processing time of GrabImageRGBD(): 10.9524ms
Frame 802 end
Average processing time of GrabImageRGBD(): 10.9462ms
Frame 803 end
Average processing time of GrabImageRGBD(): 10.945ms
Frame 804 end
Average processing time of GrabImageRGBD(): 10.9399ms
Frame 805 end
Average processing time of GrabImageRGBD(): 10.9343ms
Frame 806 end
Average processing time of GrabImageRGBD(): 10.9549ms
Frame 807 end
Average processing time of GrabImageRGBD(): 10.9568ms
Frame 808 end
Average processing time of GrabImageRGBD(): 10.9464ms
Frame 809 end
Average processing time of GrabImageRGBD(): 10.9369ms
Frame 810 end
Average processing time of GrabImageRGBD(): 10.9361ms
Frame 811 end
Average processing time of GrabImageRGBD(): 10.9314ms
Frame 812 end
Average processing time of GrabImageRGBD(): 10.9515ms
Frame 813 end
Average processing time of GrabImageRGBD(): 10.9494ms
Frame 814 end
Average processing time of GrabImageRGBD(): 10.9408ms
Frame 815 end
Average processing time of GrabImageRGBD(): 10.9398ms
Frame 816 end
Average processing time of GrabImageRGBD(): 10.9399ms
Frame 817 end
Average processing time of GrabImageRGBD(): 10.9395ms
Frame 818 end
Average processing time of GrabImageRGBD(): 10.9669ms
Frame 819 end
Average processing time of GrabImageRGBD(): 10.9634ms
Frame 820 end
Average processing time of GrabImageRGBD(): 10.9614ms
Frame 821 end
Average processing time of GrabImageRGBD(): 10.9521ms
Frame 822 end
Average processing time of GrabImageRGBD(): 10.9485ms
Frame 823 end
Average processing time of GrabImageRGBD(): 10.9412ms
Frame 824 end
Average processing time of GrabImageRGBD(): 10.9319ms
Frame 825 end
Average processing time of GrabImageRGBD(): 10.9231ms
Frame 826 end
Average processing time of GrabImageRGBD(): 10.9175ms
Frame 827 end
Average processing time of GrabImageRGBD(): 10.9085ms
Frame 828 end
Average processing time of GrabImageRGBD(): 10.9004ms
Frame 829 end
Average processing time of GrabImageRGBD(): 10.8964ms
Frame 830 end
Average processing time of GrabImageRGBD(): 10.8917ms
Frame 831 end
Average processing time of GrabImageRGBD(): 10.9155ms
Frame 832 end
Average processing time of GrabImageRGBD(): 10.9074ms
Frame 833 end
Average processing time of GrabImageRGBD(): 10.9013ms
Frame 834 end
Average processing time of GrabImageRGBD(): 10.8929ms
Frame 835 end
Average processing time of GrabImageRGBD(): 10.8864ms
Frame 836 end
Average processing time of GrabImageRGBD(): 10.8792ms
Frame 837 end
Average processing time of GrabImageRGBD(): 10.9046ms
Frame 838 end
Average processing time of GrabImageRGBD(): 10.9067ms
Frame 839 end
Average processing time of GrabImageRGBD(): 10.898ms
Frame 840 end
Average processing time of GrabImageRGBD(): 10.8891ms
Frame 841 end
Average processing time of GrabImageRGBD(): 10.8803ms
Frame 842 end
Average processing time of GrabImageRGBD(): 10.8784ms
Frame 843 end
Average processing time of GrabImageRGBD(): 10.8726ms
Frame 844 end
Average processing time of GrabImageRGBD(): 10.8996ms
Frame 845 end
Average processing time of GrabImageRGBD(): 10.8919ms
Frame 846 end
Average processing time of GrabImageRGBD(): 10.8849ms
Frame 847 end
Average processing time of GrabImageRGBD(): 10.8827ms
Frame 848 end
Average processing time of GrabImageRGBD(): 10.8801ms
Frame 849 end
Average processing time of GrabImageRGBD(): 10.8711ms
Frame 850 end
Average processing time of GrabImageRGBD(): 10.8623ms
Frame 851 end
Average processing time of GrabImageRGBD(): 10.8847ms
Frame 852 end
Average processing time of GrabImageRGBD(): 10.8775ms
Frame 853 end
Average processing time of GrabImageRGBD(): 10.8745ms
Frame 854 end
Average processing time of GrabImageRGBD(): 10.8698ms
Frame 855 end
Average processing time of GrabImageRGBD(): 10.8665ms
Frame 856 end
Average processing time of GrabImageRGBD(): 10.858ms
Frame 857 end
Average processing time of GrabImageRGBD(): 10.8498ms
Frame 858 end
Average processing time of GrabImageRGBD(): 10.8472ms
Frame 859 end
Average processing time of GrabImageRGBD(): 10.8446ms
Frame 860 end
Average processing time of GrabImageRGBD(): 10.8414ms
Frame 861 end
Average processing time of GrabImageRGBD(): 10.8337ms
Frame 862 end
Average processing time of GrabImageRGBD(): 10.8571ms
Frame 863 end
Average processing time of GrabImageRGBD(): 10.8497ms
Frame 864 end
Average processing time of GrabImageRGBD(): 10.8483ms
Frame 865 end
Average processing time of GrabImageRGBD(): 10.8459ms
Frame 866 end
Average processing time of GrabImageRGBD(): 10.8371ms
Frame 867 end
Average processing time of GrabImageRGBD(): 10.8335ms
Frame 868 end
Average processing time of GrabImageRGBD(): 10.8294ms
Frame 869 end
Average processing time of GrabImageRGBD(): 10.8558ms
Frame 870 end
Average processing time of GrabImageRGBD(): 10.8568ms
Frame 871 end
Average processing time of GrabImageRGBD(): 10.8558ms
Frame 872 end
Average processing time of GrabImageRGBD(): 10.848ms
Frame 873 end
Average processing time of GrabImageRGBD(): 10.8476ms
Frame 874 end
Average processing time of GrabImageRGBD(): 10.8472ms
Frame 875 end
Average processing time of GrabImageRGBD(): 10.8463ms
Frame 876 end
Average processing time of GrabImageRGBD(): 10.884ms
Frame 877 end
Average processing time of GrabImageRGBD(): 10.8831ms
Frame 878 end
Average processing time of GrabImageRGBD(): 10.8746ms
Frame 879 end
Average processing time of GrabImageRGBD(): 10.8728ms
Frame 880 end
Average processing time of GrabImageRGBD(): 10.8647ms
Frame 881 end
Average processing time of GrabImageRGBD(): 10.8564ms
Frame 882 end
Average processing time of GrabImageRGBD(): 10.8482ms
Frame 883 end
Average processing time of GrabImageRGBD(): 10.8702ms
Frame 884 end
Average processing time of GrabImageRGBD(): 10.8699ms
Frame 885 end
Average processing time of GrabImageRGBD(): 10.8671ms
Frame 886 end
Average processing time of GrabImageRGBD(): 10.8651ms
Frame 887 end
Average processing time of GrabImageRGBD(): 10.8628ms
Frame 888 end
Average processing time of GrabImageRGBD(): 10.8551ms
Frame 889 end
Average processing time of GrabImageRGBD(): 10.8495ms
Frame 890 end
Average processing time of GrabImageRGBD(): 10.8456ms
Frame 891 end
Average processing time of GrabImageRGBD(): 10.8697ms
Frame 892 end
Average processing time of GrabImageRGBD(): 10.8627ms
Frame 893 end
Average processing time of GrabImageRGBD(): 10.8573ms
Frame 894 end
Average processing time of GrabImageRGBD(): 10.8487ms
Frame 895 end
Average processing time of GrabImageRGBD(): 10.8427ms
Frame 896 end
Average processing time of GrabImageRGBD(): 10.8341ms
Frame 897 end
Average processing time of GrabImageRGBD(): 10.8622ms
Frame 898 end
Average processing time of GrabImageRGBD(): 10.8599ms
Frame 899 end
Average processing time of GrabImageRGBD(): 10.852ms
Frame 900 end
Average processing time of GrabImageRGBD(): 10.848ms
Frame 901 end
Average processing time of GrabImageRGBD(): 10.8447ms
Frame 902 end
Average processing time of GrabImageRGBD(): 10.8372ms
Frame 903 end
Average processing time of GrabImageRGBD(): 10.8298ms
Frame 904 end
Average processing time of GrabImageRGBD(): 10.8521ms
Frame 905 end
Average processing time of GrabImageRGBD(): 10.8509ms
Frame 906 end
Average processing time of GrabImageRGBD(): 10.8427ms
Frame 907 end
Average processing time of GrabImageRGBD(): 10.8348ms
Frame 908 end
Average processing time of GrabImageRGBD(): 10.8336ms
Frame 909 end
Average processing time of GrabImageRGBD(): 10.831ms
Frame 910 end
Average processing time of GrabImageRGBD(): 10.8274ms
Frame 911 end
Average processing time of GrabImageRGBD(): 10.8519ms
Frame 912 end
Average processing time of GrabImageRGBD(): 10.8446ms
Frame 913 end
Average processing time of GrabImageRGBD(): 10.8416ms
Frame 914 end
Average processing time of GrabImageRGBD(): 10.8387ms
Frame 915 end
Average processing time of GrabImageRGBD(): 10.8359ms
Frame 916 end
Average processing time of GrabImageRGBD(): 10.8318ms
Frame 917 end
Average processing time of GrabImageRGBD(): 10.8233ms
Frame 918 end
Average processing time of GrabImageRGBD(): 10.8173ms
Frame 919 end
Average processing time of GrabImageRGBD(): 10.81ms
Frame 920 end
Average processing time of GrabImageRGBD(): 10.8343ms
Frame 921 end
Average processing time of GrabImageRGBD(): 10.8336ms
Frame 922 end
Average processing time of GrabImageRGBD(): 10.8317ms
Frame 923 end
Average processing time of GrabImageRGBD(): 10.8249ms
Frame 924 end
Average processing time of GrabImageRGBD(): 10.8209ms
Frame 925 end
Average processing time of GrabImageRGBD(): 10.8179ms
Frame 926 end
Average processing time of GrabImageRGBD(): 10.8142ms
Frame 927 end
Average processing time of GrabImageRGBD(): 10.837ms
Frame 928 end
Average processing time of GrabImageRGBD(): 10.8316ms
Frame 929 end
Average processing time of GrabImageRGBD(): 10.8272ms
Frame 930 end
Average processing time of GrabImageRGBD(): 10.8224ms
Frame 931 end
Average processing time of GrabImageRGBD(): 10.818ms
Frame 932 end
Average processing time of GrabImageRGBD(): 10.8099ms
Frame 933 end
Average processing time of GrabImageRGBD(): 10.8051ms
Frame 934 end
Average processing time of GrabImageRGBD(): 10.8272ms
Frame 935 end
Average processing time of GrabImageRGBD(): 10.8209ms
Frame 936 end
Average processing time of GrabImageRGBD(): 10.8199ms
Frame 937 end
Average processing time of GrabImageRGBD(): 10.8201ms
Frame 938 end
Average processing time of GrabImageRGBD(): 10.8194ms
Frame 939 end
Average processing time of GrabImageRGBD(): 10.8184ms
Frame 940 end
Average processing time of GrabImageRGBD(): 10.8206ms
Frame 941 end
Average processing time of GrabImageRGBD(): 10.8507ms
Frame 942 end
Average processing time of GrabImageRGBD(): 10.8441ms
Frame 943 end
Average processing time of GrabImageRGBD(): 10.8414ms
Frame 944 end
Average processing time of GrabImageRGBD(): 10.8391ms
Frame 945 end
Average processing time of GrabImageRGBD(): 10.8315ms
Frame 946 end
Average processing time of GrabImageRGBD(): 10.8279ms
Frame 947 end
Average processing time of GrabImageRGBD(): 10.8249ms
Frame 948 end
Average processing time of GrabImageRGBD(): 10.8453ms
Frame 949 end
Average processing time of GrabImageRGBD(): 10.8448ms
Frame 950 end
Average processing time of GrabImageRGBD(): 10.8373ms
Frame 951 end
Average processing time of GrabImageRGBD(): 10.8297ms
Frame 952 end
Average processing time of GrabImageRGBD(): 10.8219ms
Frame 953 end
Average processing time of GrabImageRGBD(): 10.8193ms
Frame 954 end
Average processing time of GrabImageRGBD(): 10.8112ms
Frame 955 end
Average processing time of GrabImageRGBD(): 10.8354ms
Frame 956 end
Average processing time of GrabImageRGBD(): 10.8381ms
Frame 957 end
Average processing time of GrabImageRGBD(): 10.8378ms
Frame 958 end
Average processing time of GrabImageRGBD(): 10.8383ms
Frame 959 end
Average processing time of GrabImageRGBD(): 10.8389ms
Frame 960 end
Average processing time of GrabImageRGBD(): 10.8317ms
Frame 961 end
Average processing time of GrabImageRGBD(): 10.8244ms
Frame 962 end
Average processing time of GrabImageRGBD(): 10.8467ms
Frame 963 end
Average processing time of GrabImageRGBD(): 10.8416ms
Frame 964 end
Average processing time of GrabImageRGBD(): 10.8371ms
Frame 965 end
Average processing time of GrabImageRGBD(): 10.8319ms
Frame 966 end
Average processing time of GrabImageRGBD(): 10.8273ms
Frame 967 end
Average processing time of GrabImageRGBD(): 10.8228ms
Frame 968 end
Average processing time of GrabImageRGBD(): 10.8239ms
Frame 969 end
Average processing time of GrabImageRGBD(): 10.8237ms
Frame 970 end
Average processing time of GrabImageRGBD(): 10.8456ms
Frame 971 end
Average processing time of GrabImageRGBD(): 10.8391ms
Frame 972 end
Average processing time of GrabImageRGBD(): 10.8317ms
Frame 973 end
Average processing time of GrabImageRGBD(): 10.8243ms
Frame 974 end
Average processing time of GrabImageRGBD(): 10.817ms
Frame 975 end
Average processing time of GrabImageRGBD(): 10.8148ms
Frame 976 end
Average processing time of GrabImageRGBD(): 10.8118ms
Frame 977 end
Average processing time of GrabImageRGBD(): 10.8043ms
Frame 978 end
Average processing time of GrabImageRGBD(): 10.798ms
Frame 979 end
Average processing time of GrabImageRGBD(): 10.7961ms
Frame 980 end
Average processing time of GrabImageRGBD(): 10.7885ms
Frame 981 end
Average processing time of GrabImageRGBD(): 10.7815ms
Frame 982 end
Average processing time of GrabImageRGBD(): 10.7793ms
Frame 983 end
Average processing time of GrabImageRGBD(): 10.7719ms
Frame 984 end
Average processing time of GrabImageRGBD(): 10.7694ms
Frame 985 end
Average processing time of GrabImageRGBD(): 10.7617ms
Frame 986 end
Average processing time of GrabImageRGBD(): 10.7598ms
Frame 987 end
Average processing time of GrabImageRGBD(): 10.7527ms
Frame 988 end
Average processing time of GrabImageRGBD(): 10.7458ms
Frame 989 end
Average processing time of GrabImageRGBD(): 10.7438ms
Frame 990 end
Average processing time of GrabImageRGBD(): 10.738ms
Frame 991 end
Average processing time of GrabImageRGBD(): 10.7304ms
Frame 992 end
Shutdown
-------

median tracking time: 0.00919706
mean tracking time: 0.0116016

Saving camera trajectory to CameraTrajectory.txt ...

Saving keyframe trajectory to KeyFrameTrajectory.txt ...
