
ORB-SLAM3 Copyright (C) 2017-2020 Carlos Campos, Richard Elvira, Juan J. Gómez, José M.M. Montiel and Juan D. Tardós, University of Zaragoza.
ORB-SLAM2 Copyright (C) 2014-2016 Raúl Mur-Artal, José M.M. Montiel and Juan D. Tardós, University of Zaragoza.
This program comes with ABSOLUTELY NO WARRANTY;
This is free software, and you are welcome to redistribute it
under certain conditions. See LICENSE.txt.

Input sensor was set to: RGB-D
Loading settings from /home/bingxin/Downloads/NGD-SLAM/Examples/RGB-D/TUM3.yaml
Camera1.k3 optional parameter does not exist...
	-Loaded camera 1
Camera.newHeight optional parameter does not exist...
Camera.newWidth optional parameter does not exist...
	-Loaded image info
	-Loaded RGB-D calibration
	-Loaded ORB settings
Viewer.imageViewScale optional parameter does not exist...
	-Loaded viewer settings
System.LoadAtlasFromFile optional parameter does not exist...
System.SaveAtlasToFile optional parameter does not exist...
	-Loaded Atlas settings
System.thFarPoints optional parameter does not exist...
	-Loaded misc parameters
----------------------------------
SLAM settings: 
	-Camera 1 parameters (Pinhole): [ 535.4 539.2 320.1 247.6 ]
	-Camera 1 distortion parameters: [  0 0 0 0 ]
	-Original image size: [ 640 , 480 ]
	-Current image size: [ 640 , 480 ]
	-Sequence FPS: 30
	-RGB-D depth map factor: 5000
	-Features per image: 1000
	-ORB scale factor: 1.2
	-ORB number of scales: 8
	-Initial FAST threshold: 20
	-Min FAST threshold: 7


Loading ORB Vocabulary. This could take a while...
Vocabulary loaded!

Initialization of Atlas from scratch 
Creation of new map with id: 0
Creation of new map with last KF id: 0
Seq. Name: 
There are 1 cameras in the atlas
Camera 0 is pinhole
Net use yolo-fastest

-------
Start processing sequence ...
Images in the sequence: 717

First KF:0; Map init KF:0
New Map created with 552 points
Average processing time of GrabImageRGBD(): 48.2369ms
Frame 0 end
Average processing time of GrabImageRGBD(): 40.4142ms
Frame 1 end
Average processing time of GrabImageRGBD(): 36.8007ms
Frame 2 end
Average processing time of GrabImageRGBD(): 31.5142ms
Frame 3 end
Average processing time of GrabImageRGBD(): 27.6129ms
Frame 4 end
Starting the Viewer
Average processing time of GrabImageRGBD(): 25.5745ms
Frame 5 end
Average processing time of GrabImageRGBD(): 24.1204ms
Frame 6 end
Average processing time of GrabImageRGBD(): 22.4094ms
Frame 7 end
Average processing time of GrabImageRGBD(): 21.4378ms
Frame 8 end
Average processing time of GrabImageRGBD(): 20.4703ms
Frame 9 end
Average processing time of GrabImageRGBD(): 19.7488ms
Frame 10 end
Average processing time of GrabImageRGBD(): 19.2807ms
Frame 11 end
Average processing time of GrabImageRGBD(): 18.7608ms
Frame 12 end
Average processing time of GrabImageRGBD(): 18.3708ms
Frame 13 end
Average processing time of GrabImageRGBD(): 18.0943ms
Frame 14 end
Average processing time of GrabImageRGBD(): 19.0079ms
Frame 15 end
Average processing time of GrabImageRGBD(): 18.7066ms
Frame 16 end
Average processing time of GrabImageRGBD(): 18.2273ms
Frame 17 end
Average processing time of GrabImageRGBD(): 17.9328ms
Frame 18 end
Average processing time of GrabImageRGBD(): 17.7474ms
Frame 19 end
Average processing time of GrabImageRGBD(): 17.451ms
Frame 20 end
Average processing time of GrabImageRGBD(): 17.2139ms
Frame 21 end
Average processing time of GrabImageRGBD(): 17.0857ms
Frame 22 end
Average processing time of GrabImageRGBD(): 16.8463ms
Frame 23 end
Average processing time of GrabImageRGBD(): 16.6779ms
Frame 24 end
Average processing time of GrabImageRGBD(): 16.5902ms
Frame 25 end
Average processing time of GrabImageRGBD(): 16.5285ms
Frame 26 end
Average processing time of GrabImageRGBD(): 16.4436ms
Frame 27 end
Average processing time of GrabImageRGBD(): 16.4224ms
Frame 28 end
Average processing time of GrabImageRGBD(): 16.2859ms
Frame 29 end
Average processing time of GrabImageRGBD(): 16.1494ms
Frame 30 end
Average processing time of GrabImageRGBD(): 16.8506ms
Frame 31 end
Average processing time of GrabImageRGBD(): 16.7602ms
Frame 32 end
Average processing time of GrabImageRGBD(): 16.6543ms
Frame 33 end
Average processing time of GrabImageRGBD(): 16.519ms
Frame 34 end
Average processing time of GrabImageRGBD(): 16.4054ms
Frame 35 end
Average processing time of GrabImageRGBD(): 16.3924ms
Frame 36 end
Average processing time of GrabImageRGBD(): 16.3266ms
Frame 37 end
Average processing time of GrabImageRGBD(): 16.7522ms
Frame 38 end
Average processing time of GrabImageRGBD(): 16.7102ms
Frame 39 end
Average processing time of GrabImageRGBD(): 16.6255ms
Frame 40 end
Average processing time of GrabImageRGBD(): 16.9669ms
Frame 41 end
Average processing time of GrabImageRGBD(): 16.8742ms
Frame 42 end
Average processing time of GrabImageRGBD(): 16.8182ms
Frame 43 end
Average processing time of GrabImageRGBD(): 16.7295ms
Frame 44 end
Average processing time of GrabImageRGBD(): 17.0456ms
Frame 45 end
Average processing time of GrabImageRGBD(): 16.9551ms
Frame 46 end
Average processing time of GrabImageRGBD(): 16.8856ms
Frame 47 end
Average processing time of GrabImageRGBD(): 16.8432ms
Frame 48 end
Average processing time of GrabImageRGBD(): 16.7535ms
Frame 49 end
Average processing time of GrabImageRGBD(): 16.7146ms
Frame 50 end
Average processing time of GrabImageRGBD(): 16.6528ms
Frame 51 end
Average processing time of GrabImageRGBD(): 16.5869ms
Frame 52 end
Average processing time of GrabImageRGBD(): 16.5787ms
Frame 53 end
Average processing time of GrabImageRGBD(): 16.5072ms
Frame 54 end
Average processing time of GrabImageRGBD(): 16.4774ms
Frame 55 end
Average processing time of GrabImageRGBD(): 16.3955ms
Frame 56 end
Average processing time of GrabImageRGBD(): 16.3415ms
Frame 57 end
Average processing time of GrabImageRGBD(): 16.2813ms
Frame 58 end
Average processing time of GrabImageRGBD(): 16.2202ms
Frame 59 end
Average processing time of GrabImageRGBD(): 16.1466ms
Frame 60 end
Average processing time of GrabImageRGBD(): 16.3839ms
Frame 61 end
Average processing time of GrabImageRGBD(): 16.3755ms
Frame 62 end
Average processing time of GrabImageRGBD(): 16.3755ms
Frame 63 end
Average processing time of GrabImageRGBD(): 16.3613ms
Frame 64 end
Average processing time of GrabImageRGBD(): 16.3545ms
Frame 65 end
Average processing time of GrabImageRGBD(): 16.3179ms
Frame 66 end
Average processing time of GrabImageRGBD(): 16.2554ms
Frame 67 end
Average processing time of GrabImageRGBD(): 16.2067ms
Frame 68 end
Average processing time of GrabImageRGBD(): 16.5022ms
Frame 69 end
Average processing time of GrabImageRGBD(): 16.4474ms
Frame 70 end
Average processing time of GrabImageRGBD(): 16.4226ms
Frame 71 end
Average processing time of GrabImageRGBD(): 16.4069ms
Frame 72 end
Average processing time of GrabImageRGBD(): 16.3633ms
Frame 73 end
Average processing time of GrabImageRGBD(): 16.29ms
Frame 74 end
Average processing time of GrabImageRGBD(): 16.2502ms
Frame 75 end
Average processing time of GrabImageRGBD(): 16.1989ms
Frame 76 end
Average processing time of GrabImageRGBD(): 16.393ms
Frame 77 end
Average processing time of GrabImageRGBD(): 16.357ms
Frame 78 end
Average processing time of GrabImageRGBD(): 16.3275ms
Frame 79 end
Average processing time of GrabImageRGBD(): 16.2833ms
Frame 80 end
Average processing time of GrabImageRGBD(): 16.2859ms
Frame 81 end
Average processing time of GrabImageRGBD(): 16.2437ms
Frame 82 end
Average processing time of GrabImageRGBD(): 16.1699ms
Frame 83 end
Average processing time of GrabImageRGBD(): 16.1359ms
Frame 84 end
Average processing time of GrabImageRGBD(): 16.0976ms
Frame 85 end
Average processing time of GrabImageRGBD(): 16.0415ms
Frame 86 end
Average processing time of GrabImageRGBD(): 16.0118ms
Frame 87 end
Average processing time of GrabImageRGBD(): 15.9778ms
Frame 88 end
Average processing time of GrabImageRGBD(): 15.9364ms
Frame 89 end
Average processing time of GrabImageRGBD(): 15.9062ms
Frame 90 end
Average processing time of GrabImageRGBD(): 15.8967ms
Frame 91 end
Average processing time of GrabImageRGBD(): 15.8901ms
Frame 92 end
Average processing time of GrabImageRGBD(): 15.8508ms
Frame 93 end
Average processing time of GrabImageRGBD(): 15.8141ms
Frame 94 end
Average processing time of GrabImageRGBD(): 15.7691ms
Frame 95 end
Average processing time of GrabImageRGBD(): 15.9299ms
Frame 96 end
Average processing time of GrabImageRGBD(): 15.8999ms
Frame 97 end
Average processing time of GrabImageRGBD(): 15.8807ms
Frame 98 end
Average processing time of GrabImageRGBD(): 15.8555ms
Frame 99 end
Average processing time of GrabImageRGBD(): 15.8363ms
Frame 100 end
Average processing time of GrabImageRGBD(): 15.8161ms
Frame 101 end
Average processing time of GrabImageRGBD(): 15.7978ms
Frame 102 end
Average processing time of GrabImageRGBD(): 15.7777ms
Frame 103 end
Average processing time of GrabImageRGBD(): 15.7662ms
Frame 104 end
Average processing time of GrabImageRGBD(): 15.7549ms
Frame 105 end
Average processing time of GrabImageRGBD(): 16.0002ms
Frame 106 end
Average processing time of GrabImageRGBD(): 15.9753ms
Frame 107 end
Average processing time of GrabImageRGBD(): 15.9379ms
Frame 108 end
Average processing time of GrabImageRGBD(): 15.9278ms
Frame 109 end
Average processing time of GrabImageRGBD(): 15.9149ms
Frame 110 end
Average processing time of GrabImageRGBD(): 15.8986ms
Frame 111 end
Average processing time of GrabImageRGBD(): 15.8806ms
Frame 112 end
Average processing time of GrabImageRGBD(): 15.842ms
Frame 113 end
Average processing time of GrabImageRGBD(): 15.8138ms
Frame 114 end
Average processing time of GrabImageRGBD(): 15.9566ms
Frame 115 end
Average processing time of GrabImageRGBD(): 15.9394ms
Frame 116 end
Average processing time of GrabImageRGBD(): 15.9295ms
Frame 117 end
Average processing time of GrabImageRGBD(): 15.909ms
Frame 118 end
Average processing time of GrabImageRGBD(): 15.9193ms
Frame 119 end
Average processing time of GrabImageRGBD(): 15.8953ms
Frame 120 end
Average processing time of GrabImageRGBD(): 15.8851ms
Frame 121 end
Average processing time of GrabImageRGBD(): 15.8832ms
Frame 122 end
Average processing time of GrabImageRGBD(): 15.8632ms
Frame 123 end
Average processing time of GrabImageRGBD(): 15.9812ms
Frame 124 end
Average processing time of GrabImageRGBD(): 15.9707ms
Frame 125 end
Average processing time of GrabImageRGBD(): 15.9622ms
Frame 126 end
Average processing time of GrabImageRGBD(): 15.947ms
Frame 127 end
Average processing time of GrabImageRGBD(): 15.9375ms
Frame 128 end
Average processing time of GrabImageRGBD(): 15.9256ms
Frame 129 end
Average processing time of GrabImageRGBD(): 15.9302ms
Frame 130 end
Average processing time of GrabImageRGBD(): 15.9155ms
Frame 131 end
Average processing time of GrabImageRGBD(): 15.9131ms
Frame 132 end
Average processing time of GrabImageRGBD(): 15.9016ms
Frame 133 end
Average processing time of GrabImageRGBD(): 15.8864ms
Frame 134 end
Average processing time of GrabImageRGBD(): 15.8514ms
Frame 135 end
Average processing time of GrabImageRGBD(): 15.8537ms
Frame 136 end
Average processing time of GrabImageRGBD(): 15.84ms
Frame 137 end
Average processing time of GrabImageRGBD(): 15.8382ms
Frame 138 end
Average processing time of GrabImageRGBD(): 15.9475ms
Frame 139 end
Average processing time of GrabImageRGBD(): 15.9258ms
Frame 140 end
Average processing time of GrabImageRGBD(): 15.9213ms
Frame 141 end
Average processing time of GrabImageRGBD(): 15.9056ms
Frame 142 end
Average processing time of GrabImageRGBD(): 15.8868ms
Frame 143 end
Average processing time of GrabImageRGBD(): 15.8829ms
Frame 144 end
Average processing time of GrabImageRGBD(): 15.8808ms
Frame 145 end
Average processing time of GrabImageRGBD(): 15.8594ms
Frame 146 end
Average processing time of GrabImageRGBD(): 15.8573ms
Frame 147 end
Average processing time of GrabImageRGBD(): 15.8382ms
Frame 148 end
Average processing time of GrabImageRGBD(): 15.9326ms
Frame 149 end
Average processing time of GrabImageRGBD(): 15.9298ms
Frame 150 end
Average processing time of GrabImageRGBD(): 15.9272ms
Frame 151 end
Average processing time of GrabImageRGBD(): 15.926ms
Frame 152 end
Average processing time of GrabImageRGBD(): 15.9114ms
Frame 153 end
Average processing time of GrabImageRGBD(): 15.8989ms
Frame 154 end
Average processing time of GrabImageRGBD(): 15.8869ms
Frame 155 end
Average processing time of GrabImageRGBD(): 15.9814ms
Frame 156 end
Average processing time of GrabImageRGBD(): 15.9707ms
Frame 157 end
Average processing time of GrabImageRGBD(): 15.9661ms
Frame 158 end
Average processing time of GrabImageRGBD(): 15.9714ms
Frame 159 end
Average processing time of GrabImageRGBD(): 16.0759ms
Frame 160 end
Average processing time of GrabImageRGBD(): 16.0465ms
Frame 161 end
Average processing time of GrabImageRGBD(): 16.0256ms
Frame 162 end
Average processing time of GrabImageRGBD(): 16.0016ms
Frame 163 end
Average processing time of GrabImageRGBD(): 15.9925ms
Frame 164 end
Average processing time of GrabImageRGBD(): 15.9716ms
Frame 165 end
Average processing time of GrabImageRGBD(): 15.9523ms
Frame 166 end
Average processing time of GrabImageRGBD(): 15.9455ms
Frame 167 end
Average processing time of GrabImageRGBD(): 15.9161ms
Frame 168 end
Average processing time of GrabImageRGBD(): 15.8892ms
Frame 169 end
Average processing time of GrabImageRGBD(): 15.881ms
Frame 170 end
Average processing time of GrabImageRGBD(): 15.8591ms
Frame 171 end
Average processing time of GrabImageRGBD(): 15.8456ms
Frame 172 end
Average processing time of GrabImageRGBD(): 15.837ms
Frame 173 end
Average processing time of GrabImageRGBD(): 15.9053ms
Frame 174 end
Average processing time of GrabImageRGBD(): 15.8783ms
Frame 175 end
Average processing time of GrabImageRGBD(): 15.8709ms
Frame 176 end
Average processing time of GrabImageRGBD(): 15.8527ms
Frame 177 end
Average processing time of GrabImageRGBD(): 15.8272ms
Frame 178 end
Average processing time of GrabImageRGBD(): 15.8192ms
Frame 179 end
Average processing time of GrabImageRGBD(): 15.7887ms
Frame 180 end
Average processing time of GrabImageRGBD(): 15.7778ms
Frame 181 end
Average processing time of GrabImageRGBD(): 15.776ms
Frame 182 end
Average processing time of GrabImageRGBD(): 15.8605ms
Frame 183 end
Average processing time of GrabImageRGBD(): 15.8478ms
Frame 184 end
Average processing time of GrabImageRGBD(): 15.828ms
Frame 185 end
Average processing time of GrabImageRGBD(): 15.8157ms
Frame 186 end
Average processing time of GrabImageRGBD(): 15.8064ms
Frame 187 end
Average processing time of GrabImageRGBD(): 15.7765ms
Frame 188 end
Average processing time of GrabImageRGBD(): 15.7658ms
Frame 189 end
Average processing time of GrabImageRGBD(): 15.7539ms
Frame 190 end
Average processing time of GrabImageRGBD(): 15.7156ms
Frame 191 end
Average processing time of GrabImageRGBD(): 15.7007ms
Frame 192 end
Average processing time of GrabImageRGBD(): 15.6832ms
Frame 193 end
Average processing time of GrabImageRGBD(): 15.6574ms
Frame 194 end
Average processing time of GrabImageRGBD(): 15.6193ms
Frame 195 end
Average processing time of GrabImageRGBD(): 15.5963ms
Frame 196 end
Average processing time of GrabImageRGBD(): 15.5646ms
Frame 197 end
Average processing time of GrabImageRGBD(): 15.5248ms
Frame 198 end
Average processing time of GrabImageRGBD(): 15.4621ms
Frame 199 end
Average processing time of GrabImageRGBD(): 15.407ms
Frame 200 end
Average processing time of GrabImageRGBD(): 15.343ms
Frame 201 end
Average processing time of GrabImageRGBD(): 15.2861ms
Frame 202 end
Average processing time of GrabImageRGBD(): 15.2333ms
Frame 203 end
Average processing time of GrabImageRGBD(): 15.173ms
Frame 204 end
Average processing time of GrabImageRGBD(): 15.1227ms
Frame 205 end
Average processing time of GrabImageRGBD(): 15.0674ms
Frame 206 end
Average processing time of GrabImageRGBD(): 15.0177ms
Frame 207 end
Average processing time of GrabImageRGBD(): 14.9586ms
Frame 208 end
Average processing time of GrabImageRGBD(): 14.9107ms
Frame 209 end
Average processing time of GrabImageRGBD(): 14.8626ms
Frame 210 end
Average processing time of GrabImageRGBD(): 14.8056ms
Frame 211 end
Average processing time of GrabImageRGBD(): 14.7549ms
Frame 212 end
Average processing time of GrabImageRGBD(): 14.7102ms
Frame 213 end
Average processing time of GrabImageRGBD(): 14.7453ms
Frame 214 end
Average processing time of GrabImageRGBD(): 14.6925ms
Frame 215 end
Average processing time of GrabImageRGBD(): 14.6361ms
Frame 216 end
Average processing time of GrabImageRGBD(): 14.5954ms
Frame 217 end
Average processing time of GrabImageRGBD(): 14.5491ms
Frame 218 end
Average processing time of GrabImageRGBD(): 14.5096ms
Frame 219 end
Average processing time of GrabImageRGBD(): 14.4693ms
Frame 220 end
Average processing time of GrabImageRGBD(): 14.4303ms
Frame 221 end
Average processing time of GrabImageRGBD(): 14.3919ms
Frame 222 end
Average processing time of GrabImageRGBD(): 14.3434ms
Frame 223 end
Average processing time of GrabImageRGBD(): 14.296ms
Frame 224 end
Average processing time of GrabImageRGBD(): 14.2535ms
Frame 225 end
Average processing time of GrabImageRGBD(): 14.2055ms
Frame 226 end
Average processing time of GrabImageRGBD(): 14.1656ms
Frame 227 end
Average processing time of GrabImageRGBD(): 14.1191ms
Frame 228 end
Average processing time of GrabImageRGBD(): 14.0821ms
Frame 229 end
Average processing time of GrabImageRGBD(): 14.0334ms
Frame 230 end
Average processing time of GrabImageRGBD(): 13.997ms
Frame 231 end
Average processing time of GrabImageRGBD(): 13.9623ms
Frame 232 end
Average processing time of GrabImageRGBD(): 13.9235ms
Frame 233 end
Average processing time of GrabImageRGBD(): 13.8883ms
Frame 234 end
Average processing time of GrabImageRGBD(): 13.843ms
Frame 235 end
Average processing time of GrabImageRGBD(): 13.8091ms
Frame 236 end
Average processing time of GrabImageRGBD(): 13.7768ms
Frame 237 end
Average processing time of GrabImageRGBD(): 13.7317ms
Frame 238 end
Average processing time of GrabImageRGBD(): 13.6984ms
Frame 239 end
Average processing time of GrabImageRGBD(): 13.6645ms
Frame 240 end
Average processing time of GrabImageRGBD(): 13.6236ms
Frame 241 end
Average processing time of GrabImageRGBD(): 13.5903ms
Frame 242 end
Average processing time of GrabImageRGBD(): 13.5472ms
Frame 243 end
Average processing time of GrabImageRGBD(): 13.5162ms
Frame 244 end
Average processing time of GrabImageRGBD(): 13.5602ms
Frame 245 end
Average processing time of GrabImageRGBD(): 13.5334ms
Frame 246 end
Average processing time of GrabImageRGBD(): 13.489ms
Frame 247 end
Average processing time of GrabImageRGBD(): 13.4467ms
Frame 248 end
Average processing time of GrabImageRGBD(): 13.4053ms
Frame 249 end
Average processing time of GrabImageRGBD(): 13.3636ms
Frame 250 end
Average processing time of GrabImageRGBD(): 13.3362ms
Frame 251 end
Average processing time of GrabImageRGBD(): 13.2998ms
Frame 252 end
Average processing time of GrabImageRGBD(): 13.2643ms
Frame 253 end
Average processing time of GrabImageRGBD(): 13.2368ms
Frame 254 end
Average processing time of GrabImageRGBD(): 13.2093ms
Frame 255 end
Average processing time of GrabImageRGBD(): 13.182ms
Frame 256 end
Average processing time of GrabImageRGBD(): 13.1427ms
Frame 257 end
Average processing time of GrabImageRGBD(): 13.1169ms
Frame 258 end
Average processing time of GrabImageRGBD(): 13.0807ms
Frame 259 end
Average processing time of GrabImageRGBD(): 13.042ms
Frame 260 end
Average processing time of GrabImageRGBD(): 13.0162ms
Frame 261 end
Average processing time of GrabImageRGBD(): 12.9915ms
Frame 262 end
Average processing time of GrabImageRGBD(): 12.9576ms
Frame 263 end
Average processing time of GrabImageRGBD(): 12.933ms
Frame 264 end
Average processing time of GrabImageRGBD(): 12.9081ms
Frame 265 end
Average processing time of GrabImageRGBD(): 12.8839ms
Frame 266 end
Average processing time of GrabImageRGBD(): 12.8467ms
Frame 267 end
Average processing time of GrabImageRGBD(): 12.8102ms
Frame 268 end
Average processing time of GrabImageRGBD(): 12.7853ms
Frame 269 end
Average processing time of GrabImageRGBD(): 12.7491ms
Frame 270 end
Average processing time of GrabImageRGBD(): 12.7137ms
Frame 271 end
Average processing time of GrabImageRGBD(): 12.6859ms
Frame 272 end
Average processing time of GrabImageRGBD(): 12.6622ms
Frame 273 end
Average processing time of GrabImageRGBD(): 12.6263ms
Frame 274 end
Average processing time of GrabImageRGBD(): 12.6019ms
Frame 275 end
Average processing time of GrabImageRGBD(): 12.6399ms
Frame 276 end
Average processing time of GrabImageRGBD(): 12.6105ms
Frame 277 end
Average processing time of GrabImageRGBD(): 12.5738ms
Frame 278 end
Average processing time of GrabImageRGBD(): 12.5506ms
Frame 279 end
Average processing time of GrabImageRGBD(): 12.5279ms
Frame 280 end
Average processing time of GrabImageRGBD(): 12.4944ms
Frame 281 end
Average processing time of GrabImageRGBD(): 12.4719ms
Frame 282 end
Average processing time of GrabImageRGBD(): 12.4383ms
Frame 283 end
Average processing time of GrabImageRGBD(): 12.417ms
Frame 284 end
Average processing time of GrabImageRGBD(): 12.3959ms
Frame 285 end
Average processing time of GrabImageRGBD(): 12.3645ms
Frame 286 end
Average processing time of GrabImageRGBD(): 12.3308ms
Frame 287 end
Average processing time of GrabImageRGBD(): 12.3083ms
Frame 288 end
Average processing time of GrabImageRGBD(): 12.2848ms
Frame 289 end
Average processing time of GrabImageRGBD(): 12.2548ms
Frame 290 end
Average processing time of GrabImageRGBD(): 12.2236ms
Frame 291 end
Average processing time of GrabImageRGBD(): 12.2016ms
Frame 292 end
Average processing time of GrabImageRGBD(): 12.1687ms
Frame 293 end
Average processing time of GrabImageRGBD(): 12.1432ms
Frame 294 end
Average processing time of GrabImageRGBD(): 12.1256ms
Frame 295 end
Average processing time of GrabImageRGBD(): 12.1031ms
Frame 296 end
Average processing time of GrabImageRGBD(): 12.0722ms
Frame 297 end
Average processing time of GrabImageRGBD(): 12.0493ms
Frame 298 end
Average processing time of GrabImageRGBD(): 12.0302ms
Frame 299 end
Average processing time of GrabImageRGBD(): 12.01ms
Frame 300 end
Average processing time of GrabImageRGBD(): 11.9903ms
Frame 301 end
Average processing time of GrabImageRGBD(): 11.9599ms
Frame 302 end
Average processing time of GrabImageRGBD(): 11.9408ms
Frame 303 end
Average processing time of GrabImageRGBD(): 11.9206ms
Frame 304 end
Average processing time of GrabImageRGBD(): 11.8903ms
Frame 305 end
Average processing time of GrabImageRGBD(): 11.87ms
Frame 306 end
Average processing time of GrabImageRGBD(): 11.9063ms
Frame 307 end
Average processing time of GrabImageRGBD(): 11.8896ms
Frame 308 end
Average processing time of GrabImageRGBD(): 11.8593ms
Frame 309 end
Average processing time of GrabImageRGBD(): 11.841ms
Frame 310 end
Average processing time of GrabImageRGBD(): 11.817ms
Frame 311 end
Average processing time of GrabImageRGBD(): 11.7953ms
Frame 312 end
Average processing time of GrabImageRGBD(): 11.7676ms
Frame 313 end
Average processing time of GrabImageRGBD(): 11.738ms
Frame 314 end
Average processing time of GrabImageRGBD(): 11.7127ms
Frame 315 end
Average processing time of GrabImageRGBD(): 11.6962ms
Frame 316 end
Average processing time of GrabImageRGBD(): 11.6734ms
Frame 317 end
Average processing time of GrabImageRGBD(): 11.6554ms
Frame 318 end
Average processing time of GrabImageRGBD(): 11.6392ms
Frame 319 end
Average processing time of GrabImageRGBD(): 11.6236ms
Frame 320 end
Average processing time of GrabImageRGBD(): 11.6069ms
Frame 321 end
Average processing time of GrabImageRGBD(): 11.5901ms
Frame 322 end
Average processing time of GrabImageRGBD(): 11.5708ms
Frame 323 end
Average processing time of GrabImageRGBD(): 11.5464ms
Frame 324 end
Average processing time of GrabImageRGBD(): 11.5295ms
Frame 325 end
Average processing time of GrabImageRGBD(): 11.5084ms
Frame 326 end
Average processing time of GrabImageRGBD(): 11.4877ms
Frame 327 end
Average processing time of GrabImageRGBD(): 11.4611ms
Frame 328 end
Average processing time of GrabImageRGBD(): 11.4463ms
Frame 329 end
Average processing time of GrabImageRGBD(): 11.4304ms
Frame 330 end
Average processing time of GrabImageRGBD(): 11.4073ms
Frame 331 end
Average processing time of GrabImageRGBD(): 11.3905ms
Frame 332 end
Average processing time of GrabImageRGBD(): 11.3752ms
Frame 333 end
Average processing time of GrabImageRGBD(): 11.3503ms
Frame 334 end
Average processing time of GrabImageRGBD(): 11.3352ms
Frame 335 end
Average processing time of GrabImageRGBD(): 11.3198ms
Frame 336 end
Average processing time of GrabImageRGBD(): 11.2957ms
Frame 337 end
Average processing time of GrabImageRGBD(): 11.3354ms
Frame 338 end
Average processing time of GrabImageRGBD(): 11.3233ms
Frame 339 end
Average processing time of GrabImageRGBD(): 11.2985ms
Frame 340 end
Average processing time of GrabImageRGBD(): 11.2858ms
Frame 341 end
Average processing time of GrabImageRGBD(): 11.273ms
Frame 342 end
Average processing time of GrabImageRGBD(): 11.2482ms
Frame 343 end
Average processing time of GrabImageRGBD(): 11.229ms
Frame 344 end
Average processing time of GrabImageRGBD(): 11.2157ms
Frame 345 end
Average processing time of GrabImageRGBD(): 11.1923ms
Frame 346 end
Average processing time of GrabImageRGBD(): 11.1758ms
Frame 347 end
Average processing time of GrabImageRGBD(): 11.1623ms
Frame 348 end
Average processing time of GrabImageRGBD(): 11.1389ms
Frame 349 end
Average processing time of GrabImageRGBD(): 11.1256ms
Frame 350 end
Average processing time of GrabImageRGBD(): 11.1086ms
Frame 351 end
Average processing time of GrabImageRGBD(): 11.0924ms
Frame 352 end
Average processing time of GrabImageRGBD(): 11.0701ms
Frame 353 end
Average processing time of GrabImageRGBD(): 11.0497ms
Frame 354 end
Average processing time of GrabImageRGBD(): 11.0382ms
Frame 355 end
Average processing time of GrabImageRGBD(): 11.0257ms
Frame 356 end
Average processing time of GrabImageRGBD(): 11.0126ms
Frame 357 end
Average processing time of GrabImageRGBD(): 10.9946ms
Frame 358 end
Average processing time of GrabImageRGBD(): 10.9807ms
Frame 359 end
Average processing time of GrabImageRGBD(): 10.9667ms
Frame 360 end
Average processing time of GrabImageRGBD(): 10.9543ms
Frame 361 end
Average processing time of GrabImageRGBD(): 10.9409ms
Frame 362 end
Average processing time of GrabImageRGBD(): 10.9208ms
Frame 363 end
Average processing time of GrabImageRGBD(): 10.9077ms
Frame 364 end
Average processing time of GrabImageRGBD(): 10.894ms
Frame 365 end
Average processing time of GrabImageRGBD(): 10.8817ms
Frame 366 end
Average processing time of GrabImageRGBD(): 10.8675ms
Frame 367 end
Average processing time of GrabImageRGBD(): 10.8456ms
Frame 368 end
Average processing time of GrabImageRGBD(): 10.8789ms
Frame 369 end
Average processing time of GrabImageRGBD(): 10.8629ms
Frame 370 end
Average processing time of GrabImageRGBD(): 10.8403ms
Frame 371 end
Average processing time of GrabImageRGBD(): 10.8301ms
Frame 372 end
Average processing time of GrabImageRGBD(): 10.8265ms
Frame 373 end
Average processing time of GrabImageRGBD(): 10.8256ms
Frame 374 end
Average processing time of GrabImageRGBD(): 10.8224ms
Frame 375 end
Average processing time of GrabImageRGBD(): 10.8241ms
Frame 376 end
Average processing time of GrabImageRGBD(): 10.8208ms
Frame 377 end
Average processing time of GrabImageRGBD(): 10.8233ms
Frame 378 end
Average processing time of GrabImageRGBD(): 10.8224ms
Frame 379 end
Average processing time of GrabImageRGBD(): 10.8234ms
Frame 380 end
Average processing time of GrabImageRGBD(): 10.8254ms
Frame 381 end
Average processing time of GrabImageRGBD(): 10.822ms
Frame 382 end
Average processing time of GrabImageRGBD(): 10.8231ms
Frame 383 end
Average processing time of GrabImageRGBD(): 10.8229ms
Frame 384 end
Average processing time of GrabImageRGBD(): 10.8248ms
Frame 385 end
Average processing time of GrabImageRGBD(): 10.8748ms
Frame 386 end
Average processing time of GrabImageRGBD(): 10.8757ms
Frame 387 end
Average processing time of GrabImageRGBD(): 10.8789ms
Frame 388 end
Average processing time of GrabImageRGBD(): 10.8934ms
Frame 389 end
Average processing time of GrabImageRGBD(): 10.8997ms
Frame 390 end
Average processing time of GrabImageRGBD(): 10.9119ms
Frame 391 end
Average processing time of GrabImageRGBD(): 10.9175ms
Frame 392 end
Average processing time of GrabImageRGBD(): 10.9227ms
Frame 393 end
Average processing time of GrabImageRGBD(): 10.929ms
Frame 394 end
Average processing time of GrabImageRGBD(): 10.9353ms
Frame 395 end
Average processing time of GrabImageRGBD(): 10.9395ms
Frame 396 end
Average processing time of GrabImageRGBD(): 10.946ms
Frame 397 end
Average processing time of GrabImageRGBD(): 11.0095ms
Frame 398 end
Average processing time of GrabImageRGBD(): 11.0134ms
Frame 399 end
Average processing time of GrabImageRGBD(): 11.0264ms
Frame 400 end
Average processing time of GrabImageRGBD(): 11.0382ms
Frame 401 end
Average processing time of GrabImageRGBD(): 11.0476ms
Frame 402 end
Average processing time of GrabImageRGBD(): 11.0651ms
Frame 403 end
Average processing time of GrabImageRGBD(): 11.119ms
Frame 404 end
Average processing time of GrabImageRGBD(): 11.1351ms
Frame 405 end
Average processing time of GrabImageRGBD(): 11.141ms
Frame 406 end
Average processing time of GrabImageRGBD(): 11.1503ms
Frame 407 end
Average processing time of GrabImageRGBD(): 11.2033ms
Frame 408 end
Average processing time of GrabImageRGBD(): 11.2139ms
Frame 409 end
Average processing time of GrabImageRGBD(): 11.222ms
Frame 410 end
Average processing time of GrabImageRGBD(): 11.2285ms
Frame 411 end
Average processing time of GrabImageRGBD(): 11.2393ms
Frame 412 end
Average processing time of GrabImageRGBD(): 11.2877ms
Frame 413 end
Average processing time of GrabImageRGBD(): 11.2913ms
Frame 414 end
Average processing time of GrabImageRGBD(): 11.3035ms
Frame 415 end
Average processing time of GrabImageRGBD(): 11.3087ms
Frame 416 end
Average processing time of GrabImageRGBD(): 11.3645ms
Frame 417 end
Average processing time of GrabImageRGBD(): 11.3776ms
Frame 418 end
Average processing time of GrabImageRGBD(): 11.3849ms
Frame 419 end
Average processing time of GrabImageRGBD(): 11.3962ms
Frame 420 end
Average processing time of GrabImageRGBD(): 11.399ms
Frame 421 end
Average processing time of GrabImageRGBD(): 11.395ms
Frame 422 end
Average processing time of GrabImageRGBD(): 11.4255ms
Frame 423 end
Average processing time of GrabImageRGBD(): 11.4397ms
Frame 424 end
Average processing time of GrabImageRGBD(): 11.4386ms
Frame 425 end
Average processing time of GrabImageRGBD(): 11.443ms
Frame 426 end
Average processing time of GrabImageRGBD(): 11.4471ms
Frame 427 end
Average processing time of GrabImageRGBD(): 11.4441ms
Frame 428 end
Average processing time of GrabImageRGBD(): 11.4914ms
Frame 429 end
Average processing time of GrabImageRGBD(): 11.5033ms
Frame 430 end
Average processing time of GrabImageRGBD(): 11.5105ms
Frame 431 end
Average processing time of GrabImageRGBD(): 11.5165ms
Frame 432 end
Average processing time of GrabImageRGBD(): 11.5674ms
Frame 433 end
Average processing time of GrabImageRGBD(): 11.5708ms
Frame 434 end
Average processing time of GrabImageRGBD(): 11.5787ms
Frame 435 end
Average processing time of GrabImageRGBD(): 11.6307ms
Frame 436 end
Average processing time of GrabImageRGBD(): 11.636ms
Frame 437 end
Average processing time of GrabImageRGBD(): 11.6524ms
Frame 438 end
Average processing time of GrabImageRGBD(): 11.6947ms
Frame 439 end
Average processing time of GrabImageRGBD(): 11.7013ms
Frame 440 end
Average processing time of GrabImageRGBD(): 11.7066ms
Frame 441 end
Average processing time of GrabImageRGBD(): 11.7128ms
Frame 442 end
Average processing time of GrabImageRGBD(): 11.7146ms
Frame 443 end
Average processing time of GrabImageRGBD(): 11.7175ms
Frame 444 end
Average processing time of GrabImageRGBD(): 11.7221ms
Frame 445 end
Average processing time of GrabImageRGBD(): 11.7242ms
Frame 446 end
Average processing time of GrabImageRGBD(): 11.7281ms
Frame 447 end
Average processing time of GrabImageRGBD(): 11.7236ms
Frame 448 end
Average processing time of GrabImageRGBD(): 11.717ms
Frame 449 end
Average processing time of GrabImageRGBD(): 11.71ms
Frame 450 end
Average processing time of GrabImageRGBD(): 11.7028ms
Frame 451 end
Average processing time of GrabImageRGBD(): 11.6975ms
Frame 452 end
Average processing time of GrabImageRGBD(): 11.6915ms
Frame 453 end
Average processing time of GrabImageRGBD(): 11.6857ms
Frame 454 end
Average processing time of GrabImageRGBD(): 11.6839ms
Frame 455 end
Average processing time of GrabImageRGBD(): 11.6788ms
Frame 456 end
Average processing time of GrabImageRGBD(): 11.6709ms
Frame 457 end
Average processing time of GrabImageRGBD(): 11.6672ms
Frame 458 end
Average processing time of GrabImageRGBD(): 11.6617ms
Frame 459 end
Average processing time of GrabImageRGBD(): 11.6559ms
Frame 460 end
Average processing time of GrabImageRGBD(): 11.6893ms
Frame 461 end
Average processing time of GrabImageRGBD(): 11.6871ms
Frame 462 end
Average processing time of GrabImageRGBD(): 11.6852ms
Frame 463 end
Average processing time of GrabImageRGBD(): 11.6805ms
Frame 464 end
Average processing time of GrabImageRGBD(): 11.6754ms
Frame 465 end
Average processing time of GrabImageRGBD(): 11.6736ms
Frame 466 end
Average processing time of GrabImageRGBD(): 11.6647ms
Frame 467 end
Average processing time of GrabImageRGBD(): 11.6611ms
Frame 468 end
Average processing time of GrabImageRGBD(): 11.6574ms
Frame 469 end
Average processing time of GrabImageRGBD(): 11.6534ms
Frame 470 end
Average processing time of GrabImageRGBD(): 11.6479ms
Frame 471 end
Average processing time of GrabImageRGBD(): 11.6447ms
Frame 472 end
Average processing time of GrabImageRGBD(): 11.6421ms
Frame 473 end
Average processing time of GrabImageRGBD(): 11.6332ms
Frame 474 end
Average processing time of GrabImageRGBD(): 11.6276ms
Frame 475 end
Average processing time of GrabImageRGBD(): 11.623ms
Frame 476 end
Average processing time of GrabImageRGBD(): 11.6156ms
Frame 477 end
Average processing time of GrabImageRGBD(): 11.6122ms
Frame 478 end
Average processing time of GrabImageRGBD(): 11.6069ms
Frame 479 end
Average processing time of GrabImageRGBD(): 11.6051ms
Frame 480 end
Average processing time of GrabImageRGBD(): 11.5997ms
Frame 481 end
Average processing time of GrabImageRGBD(): 11.5973ms
Frame 482 end
Average processing time of GrabImageRGBD(): 11.592ms
Frame 483 end
Average processing time of GrabImageRGBD(): 11.5918ms
Frame 484 end
Average processing time of GrabImageRGBD(): 11.5908ms
Frame 485 end
Average processing time of GrabImageRGBD(): 11.5882ms
Frame 486 end
Average processing time of GrabImageRGBD(): 11.5828ms
Frame 487 end
Average processing time of GrabImageRGBD(): 11.5814ms
Frame 488 end
Average processing time of GrabImageRGBD(): 11.5802ms
Frame 489 end
Average processing time of GrabImageRGBD(): 11.5714ms
Frame 490 end
Average processing time of GrabImageRGBD(): 11.5705ms
Frame 491 end
Average processing time of GrabImageRGBD(): 11.6039ms
Frame 492 end
Average processing time of GrabImageRGBD(): 11.6039ms
Frame 493 end
Average processing time of GrabImageRGBD(): 11.5943ms
Frame 494 end
Average processing time of GrabImageRGBD(): 11.5844ms
Frame 495 end
Average processing time of GrabImageRGBD(): 11.5853ms
Frame 496 end
Average processing time of GrabImageRGBD(): 11.5766ms
Frame 497 end
Average processing time of GrabImageRGBD(): 11.5704ms
Frame 498 end
Average processing time of GrabImageRGBD(): 11.5602ms
Frame 499 end
Average processing time of GrabImageRGBD(): 11.5579ms
Frame 500 end
Average processing time of GrabImageRGBD(): 11.546ms
Frame 501 end
Average processing time of GrabImageRGBD(): 11.5459ms
Frame 502 end
Average processing time of GrabImageRGBD(): 11.5418ms
Frame 503 end
Average processing time of GrabImageRGBD(): 11.5396ms
Frame 504 end
Average processing time of GrabImageRGBD(): 11.5389ms
Frame 505 end
Average processing time of GrabImageRGBD(): 11.5336ms
Frame 506 end
Average processing time of GrabImageRGBD(): 11.5304ms
Frame 507 end
Average processing time of GrabImageRGBD(): 11.5267ms
Frame 508 end
Average processing time of GrabImageRGBD(): 11.5253ms
Frame 509 end
Average processing time of GrabImageRGBD(): 11.5247ms
Frame 510 end
Average processing time of GrabImageRGBD(): 11.5248ms
Frame 511 end
Average processing time of GrabImageRGBD(): 11.5201ms
Frame 512 end
Average processing time of GrabImageRGBD(): 11.517ms
Frame 513 end
Average processing time of GrabImageRGBD(): 11.5127ms
Frame 514 end
Average processing time of GrabImageRGBD(): 11.512ms
Frame 515 end
Average processing time of GrabImageRGBD(): 11.51ms
Frame 516 end
Average processing time of GrabImageRGBD(): 11.5016ms
Frame 517 end
Average processing time of GrabImageRGBD(): 11.5004ms
Frame 518 end
Average processing time of GrabImageRGBD(): 11.4978ms
Frame 519 end
Average processing time of GrabImageRGBD(): 11.4929ms
Frame 520 end
Average processing time of GrabImageRGBD(): 11.4885ms
Frame 521 end
Average processing time of GrabImageRGBD(): 11.4892ms
Frame 522 end
Average processing time of GrabImageRGBD(): 11.525ms
Frame 523 end
Average processing time of GrabImageRGBD(): 11.5242ms
Frame 524 end
Average processing time of GrabImageRGBD(): 11.5249ms
Frame 525 end
Average processing time of GrabImageRGBD(): 11.521ms
Frame 526 end
Average processing time of GrabImageRGBD(): 11.5183ms
Frame 527 end
Average processing time of GrabImageRGBD(): 11.5151ms
Frame 528 end
Average processing time of GrabImageRGBD(): 11.5081ms
Frame 529 end
Average processing time of GrabImageRGBD(): 11.5046ms
Frame 530 end
Average processing time of GrabImageRGBD(): 11.505ms
Frame 531 end
Average processing time of GrabImageRGBD(): 11.4967ms
Frame 532 end
Average processing time of GrabImageRGBD(): 11.495ms
Frame 533 end
Average processing time of GrabImageRGBD(): 11.4853ms
Frame 534 end
Average processing time of GrabImageRGBD(): 11.4848ms
Frame 535 end
Average processing time of GrabImageRGBD(): 11.4825ms
Frame 536 end
Average processing time of GrabImageRGBD(): 11.4796ms
Frame 537 end
Average processing time of GrabImageRGBD(): 11.4784ms
Frame 538 end
Average processing time of GrabImageRGBD(): 11.4711ms
Frame 539 end
Average processing time of GrabImageRGBD(): 11.5133ms
Frame 540 end
Average processing time of GrabImageRGBD(): 11.5169ms
Frame 541 end
Average processing time of GrabImageRGBD(): 11.527ms
Frame 542 end
Average processing time of GrabImageRGBD(): 11.5264ms
Frame 543 end
Average processing time of GrabImageRGBD(): 11.5288ms
Frame 544 end
Average processing time of GrabImageRGBD(): 11.5309ms
Frame 545 end
Average processing time of GrabImageRGBD(): 11.5356ms
Frame 546 end
Average processing time of GrabImageRGBD(): 11.5366ms
Frame 547 end
Average processing time of GrabImageRGBD(): 11.5437ms
Frame 548 end
Average processing time of GrabImageRGBD(): 11.5491ms
Frame 549 end
Average processing time of GrabImageRGBD(): 11.5503ms
Frame 550 end
Average processing time of GrabImageRGBD(): 11.5529ms
Frame 551 end
Average processing time of GrabImageRGBD(): 11.5513ms
Frame 552 end
Average processing time of GrabImageRGBD(): 11.5516ms
Frame 553 end
Average processing time of GrabImageRGBD(): 11.5599ms
Frame 554 end
Average processing time of GrabImageRGBD(): 11.5661ms
Frame 555 end
Average processing time of GrabImageRGBD(): 11.565ms
Frame 556 end
Average processing time of GrabImageRGBD(): 11.568ms
Frame 557 end
Average processing time of GrabImageRGBD(): 11.5718ms
Frame 558 end
Average processing time of GrabImageRGBD(): 11.5716ms
Frame 559 end
Average processing time of GrabImageRGBD(): 11.5711ms
Frame 560 end
Average processing time of GrabImageRGBD(): 11.5747ms
Frame 561 end
Average processing time of GrabImageRGBD(): 11.6117ms
Frame 562 end
Average processing time of GrabImageRGBD(): 11.6127ms
Frame 563 end
Average processing time of GrabImageRGBD(): 11.6146ms
Frame 564 end
Average processing time of GrabImageRGBD(): 11.618ms
Frame 565 end
Average processing time of GrabImageRGBD(): 11.616ms
Frame 566 end
Average processing time of GrabImageRGBD(): 11.6206ms
Frame 567 end
Average processing time of GrabImageRGBD(): 11.6246ms
Frame 568 end
Average processing time of GrabImageRGBD(): 11.6279ms
Frame 569 end
Average processing time of GrabImageRGBD(): 11.6311ms
Frame 570 end
Average processing time of GrabImageRGBD(): 11.6319ms
Frame 571 end
Average processing time of GrabImageRGBD(): 11.6336ms
Frame 572 end
Average processing time of GrabImageRGBD(): 11.636ms
Frame 573 end
Average processing time of GrabImageRGBD(): 11.6387ms
Frame 574 end
Average processing time of GrabImageRGBD(): 11.642ms
Frame 575 end
Average processing time of GrabImageRGBD(): 11.6423ms
Frame 576 end
Average processing time of GrabImageRGBD(): 11.6761ms
Frame 577 end
Average processing time of GrabImageRGBD(): 11.6793ms
Frame 578 end
Average processing time of GrabImageRGBD(): 11.6838ms
Frame 579 end
Average processing time of GrabImageRGBD(): 11.6856ms
Frame 580 end
Average processing time of GrabImageRGBD(): 11.6825ms
Frame 581 end
Average processing time of GrabImageRGBD(): 11.6869ms
Frame 582 end
Average processing time of GrabImageRGBD(): 11.6884ms
Frame 583 end
Average processing time of GrabImageRGBD(): 11.7201ms
Frame 584 end
Average processing time of GrabImageRGBD(): 11.7235ms
Frame 585 end
Average processing time of GrabImageRGBD(): 11.7271ms
Frame 586 end
Average processing time of GrabImageRGBD(): 11.7268ms
Frame 587 end
Average processing time of GrabImageRGBD(): 11.7302ms
Frame 588 end
Average processing time of GrabImageRGBD(): 11.733ms
Frame 589 end
Average processing time of GrabImageRGBD(): 11.7333ms
Frame 590 end
Average processing time of GrabImageRGBD(): 11.7345ms
Frame 591 end
Average processing time of GrabImageRGBD(): 11.7334ms
Frame 592 end
Average processing time of GrabImageRGBD(): 11.7358ms
Frame 593 end
Average processing time of GrabImageRGBD(): 11.7378ms
Frame 594 end
Average processing time of GrabImageRGBD(): 11.7354ms
Frame 595 end
Average processing time of GrabImageRGBD(): 11.7374ms
Frame 596 end
Average processing time of GrabImageRGBD(): 11.7398ms
Frame 597 end
Average processing time of GrabImageRGBD(): 11.74ms
Frame 598 end
Average processing time of GrabImageRGBD(): 11.7395ms
Frame 599 end
Average processing time of GrabImageRGBD(): 11.7417ms
Frame 600 end
Average processing time of GrabImageRGBD(): 11.7447ms
Frame 601 end
Average processing time of GrabImageRGBD(): 11.7415ms
Frame 602 end
Average processing time of GrabImageRGBD(): 11.7438ms
Frame 603 end
Average processing time of GrabImageRGBD(): 11.7445ms
Frame 604 end
Average processing time of GrabImageRGBD(): 11.7435ms
Frame 605 end
Average processing time of GrabImageRGBD(): 11.7454ms
Frame 606 end
Average processing time of GrabImageRGBD(): 11.7428ms
Frame 607 end
Average processing time of GrabImageRGBD(): 11.7432ms
Frame 608 end
Average processing time of GrabImageRGBD(): 11.7446ms
Frame 609 end
Average processing time of GrabImageRGBD(): 11.7459ms
Frame 610 end
Average processing time of GrabImageRGBD(): 11.7453ms
Frame 611 end
Average processing time of GrabImageRGBD(): 11.7476ms
Frame 612 end
Average processing time of GrabImageRGBD(): 11.7471ms
Frame 613 end
Average processing time of GrabImageRGBD(): 11.7933ms
Frame 614 end
Average processing time of GrabImageRGBD(): 11.7956ms
Frame 615 end
Average processing time of GrabImageRGBD(): 11.7993ms
Frame 616 end
Average processing time of GrabImageRGBD(): 11.8279ms
Frame 617 end
Average processing time of GrabImageRGBD(): 11.8273ms
Frame 618 end
Average processing time of GrabImageRGBD(): 11.8286ms
Frame 619 end
Average processing time of GrabImageRGBD(): 11.8296ms
Frame 620 end
Average processing time of GrabImageRGBD(): 11.83ms
Frame 621 end
Average processing time of GrabImageRGBD(): 11.8617ms
Frame 622 end
Average processing time of GrabImageRGBD(): 11.8629ms
Frame 623 end
Average processing time of GrabImageRGBD(): 11.8669ms
Frame 624 end
Average processing time of GrabImageRGBD(): 11.8701ms
Frame 625 end
Average processing time of GrabImageRGBD(): 11.8716ms
Frame 626 end
Average processing time of GrabImageRGBD(): 11.8709ms
Frame 627 end
Average processing time of GrabImageRGBD(): 11.9138ms
Frame 628 end
Average processing time of GrabImageRGBD(): 11.917ms
Frame 629 end
Average processing time of GrabImageRGBD(): 11.9191ms
Frame 630 end
Average processing time of GrabImageRGBD(): 11.9205ms
Frame 631 end
Average processing time of GrabImageRGBD(): 11.9201ms
Frame 632 end
Average processing time of GrabImageRGBD(): 11.921ms
Frame 633 end
Average processing time of GrabImageRGBD(): 11.9203ms
Frame 634 end
Average processing time of GrabImageRGBD(): 11.9203ms
Frame 635 end
Average processing time of GrabImageRGBD(): 11.9213ms
Frame 636 end
Average processing time of GrabImageRGBD(): 11.9209ms
Frame 637 end
Average processing time of GrabImageRGBD(): 11.9178ms
Frame 638 end
Average processing time of GrabImageRGBD(): 11.9179ms
Frame 639 end
Average processing time of GrabImageRGBD(): 11.9148ms
Frame 640 end
Average processing time of GrabImageRGBD(): 11.9151ms
Frame 641 end
Average processing time of GrabImageRGBD(): 11.9147ms
Frame 642 end
Average processing time of GrabImageRGBD(): 11.9169ms
Frame 643 end
Average processing time of GrabImageRGBD(): 11.9172ms
Frame 644 end
Average processing time of GrabImageRGBD(): 11.9161ms
Frame 645 end
Average processing time of GrabImageRGBD(): 11.9183ms
Frame 646 end
Average processing time of GrabImageRGBD(): 11.9187ms
Frame 647 end
Average processing time of GrabImageRGBD(): 11.9158ms
Frame 648 end
Average processing time of GrabImageRGBD(): 11.9159ms
Frame 649 end
Average processing time of GrabImageRGBD(): 11.9173ms
Frame 650 end
Average processing time of GrabImageRGBD(): 11.9189ms
Frame 651 end
Average processing time of GrabImageRGBD(): 11.9176ms
Frame 652 end
Average processing time of GrabImageRGBD(): 11.9183ms
Frame 653 end
Average processing time of GrabImageRGBD(): 11.9216ms
Frame 654 end
Average processing time of GrabImageRGBD(): 11.9219ms
Frame 655 end
Average processing time of GrabImageRGBD(): 11.9219ms
Frame 656 end
Average processing time of GrabImageRGBD(): 11.9252ms
Frame 657 end
Average processing time of GrabImageRGBD(): 11.9266ms
Frame 658 end
Average processing time of GrabImageRGBD(): 11.9544ms
Frame 659 end
Average processing time of GrabImageRGBD(): 11.9564ms
Frame 660 end
Average processing time of GrabImageRGBD(): 11.9591ms
Frame 661 end
Average processing time of GrabImageRGBD(): 11.9605ms
Frame 662 end
Average processing time of GrabImageRGBD(): 11.9602ms
Frame 663 end
Average processing time of GrabImageRGBD(): 11.9635ms
Frame 664 end
Average processing time of GrabImageRGBD(): 11.9605ms
Frame 665 end
Average processing time of GrabImageRGBD(): 11.9628ms
Frame 666 end
Average processing time of GrabImageRGBD(): 11.9639ms
Frame 667 end
Average processing time of GrabImageRGBD(): 11.9622ms
Frame 668 end
Average processing time of GrabImageRGBD(): 11.9637ms
Frame 669 end
Average processing time of GrabImageRGBD(): 11.9648ms
Frame 670 end
Average processing time of GrabImageRGBD(): 11.9641ms
Frame 671 end
Average processing time of GrabImageRGBD(): 11.9679ms
Frame 672 end
Average processing time of GrabImageRGBD(): 11.9656ms
Frame 673 end
Average processing time of GrabImageRGBD(): 11.9652ms
Frame 674 end
Average processing time of GrabImageRGBD(): 11.9654ms
Frame 675 end
Average processing time of GrabImageRGBD(): 11.9679ms
Frame 676 end
Average processing time of GrabImageRGBD(): 11.9675ms
Frame 677 end
Average processing time of GrabImageRGBD(): 11.9693ms
Frame 678 end
Average processing time of GrabImageRGBD(): 11.9668ms
Frame 679 end
Average processing time of GrabImageRGBD(): 11.9667ms
Frame 680 end
Average processing time of GrabImageRGBD(): 11.9679ms
Frame 681 end
Average processing time of GrabImageRGBD(): 11.9687ms
Frame 682 end
Average processing time of GrabImageRGBD(): 11.9692ms
Frame 683 end
Average processing time of GrabImageRGBD(): 11.97ms
Frame 684 end
Average processing time of GrabImageRGBD(): 11.9727ms
Frame 685 end
Average processing time of GrabImageRGBD(): 12.0008ms
Frame 686 end
Average processing time of GrabImageRGBD(): 12.0036ms
Frame 687 end
Average processing time of GrabImageRGBD(): 12.0065ms
Frame 688 end
Average processing time of GrabImageRGBD(): 12.0097ms
Frame 689 end
Average processing time of GrabImageRGBD(): 12.0125ms
Frame 690 end
Average processing time of GrabImageRGBD(): 12.0098ms
Frame 691 end
Average processing time of GrabImageRGBD(): 12.0092ms
Frame 692 end
Average processing time of GrabImageRGBD(): 12.012ms
Frame 693 end
Average processing time of GrabImageRGBD(): 12.0106ms
Frame 694 end
Average processing time of GrabImageRGBD(): 12.0136ms
Frame 695 end
Average processing time of GrabImageRGBD(): 12.0146ms
Frame 696 end
Average processing time of GrabImageRGBD(): 12.0152ms
Frame 697 end
Average processing time of GrabImageRGBD(): 12.0167ms
Frame 698 end
Average processing time of GrabImageRGBD(): 12.0172ms
Frame 699 end
Average processing time of GrabImageRGBD(): 12.0182ms
Frame 700 end
Average processing time of GrabImageRGBD(): 12.0164ms
Frame 701 end
Average processing time of GrabImageRGBD(): 12.0171ms
Frame 702 end
Average processing time of GrabImageRGBD(): 12.0199ms
Frame 703 end
Average processing time of GrabImageRGBD(): 12.0174ms
Frame 704 end
Average processing time of GrabImageRGBD(): 12.019ms
Frame 705 end
Average processing time of GrabImageRGBD(): 12.0185ms
Frame 706 end
Average processing time of GrabImageRGBD(): 12.0212ms
Frame 707 end
Average processing time of GrabImageRGBD(): 12.0223ms
Frame 708 end
Average processing time of GrabImageRGBD(): 12.021ms
Frame 709 end
Average processing time of GrabImageRGBD(): 12.0478ms
Frame 710 end
Average processing time of GrabImageRGBD(): 12.0506ms
Frame 711 end
Average processing time of GrabImageRGBD(): 12.0533ms
Frame 712 end
Average processing time of GrabImageRGBD(): 12.0567ms
Frame 713 end
Average processing time of GrabImageRGBD(): 12.0577ms
Frame 714 end
Average processing time of GrabImageRGBD(): 12.0582ms
Frame 715 end
Average processing time of GrabImageRGBD(): 12.0581ms
Frame 716 end
Shutdown
-------

median tracking time: 0.0128165
mean tracking time: 0.0129207

Saving camera trajectory to CameraTrajectory.txt ...

Saving keyframe trajectory to KeyFrameTrajectory.txt ...
