
ORB-SLAM3 Copyright (C) 2017-2020 Carlos Campos, Richard Elvira, Juan J. Gómez, José M.M. Montiel and Juan D. Tardós, University of Zaragoza.
ORB-SLAM2 Copyright (C) 2014-2016 Raúl Mur-Artal, José M.M. Montiel and Juan D. Tardós, University of Zaragoza.
This program comes with ABSOLUTELY NO WARRANTY;
This is free software, and you are welcome to redistribute it
under certain conditions. See LICENSE.txt.

Input sensor was set to: RGB-D
Loading settings from /home/bingxin/Downloads/NGD-SLAM/Examples/RGB-D/TUM3.yaml
Camera1.k3 optional parameter does not exist...
	-Loaded camera 1
Camera.newHeight optional parameter does not exist...
Camera.newWidth optional parameter does not exist...
	-Loaded image info
	-Loaded RGB-D calibration
	-Loaded ORB settings
Viewer.imageViewScale optional parameter does not exist...
	-Loaded viewer settings
System.LoadAtlasFromFile optional parameter does not exist...
System.SaveAtlasToFile optional parameter does not exist...
	-Loaded Atlas settings
System.thFarPoints optional parameter does not exist...
	-Loaded misc parameters
----------------------------------
SLAM settings: 
	-Camera 1 parameters (Pinhole): [ 535.4 539.2 320.1 247.6 ]
	-Camera 1 distortion parameters: [  0 0 0 0 ]
	-Original image size: [ 640 , 480 ]
	-Current image size: [ 640 , 480 ]
	-Sequence FPS: 30
	-RGB-D depth map factor: 5000
	-Features per image: 1000
	-ORB scale factor: 1.2
	-ORB number of scales: 8
	-Initial FAST threshold: 20
	-Min FAST threshold: 7


Loading ORB Vocabulary. This could take a while...
Vocabulary loaded!

Initialization of Atlas from scratch 
Creation of new map with id: 0
Creation of new map with last KF id: 0
Seq. Name: 
There are 1 cameras in the atlas
Camera 0 is pinhole
Net use yolo-fastest

-------
Start processing sequence ...
Images in the sequence: 717

First KF:0; Map init KF:0
New Map created with 552 points
Average processing time of GrabImageRGBD(): 44.8941ms
Frame 0 end
Average processing time of GrabImageRGBD(): 42.1831ms
Frame 1 end
Average processing time of GrabImageRGBD(): 38.9136ms
Frame 2 end
Average processing time of GrabImageRGBD(): 33.0879ms
Frame 3 end
Average processing time of GrabImageRGBD(): 29.1082ms
Frame 4 end
Starting the Viewer
Average processing time of GrabImageRGBD(): 26.91ms
Frame 5 end
Average processing time of GrabImageRGBD(): 25.48ms
Frame 6 end
Average processing time of GrabImageRGBD(): 24.1154ms
Frame 7 end
Average processing time of GrabImageRGBD(): 23.1119ms
Frame 8 end
Average processing time of GrabImageRGBD(): 22.0015ms
Frame 9 end
Average processing time of GrabImageRGBD(): 21.1069ms
Frame 10 end
Average processing time of GrabImageRGBD(): 20.6503ms
Frame 11 end
Average processing time of GrabImageRGBD(): 19.9828ms
Frame 12 end
Average processing time of GrabImageRGBD(): 19.5894ms
Frame 13 end
Average processing time of GrabImageRGBD(): 19.2589ms
Frame 14 end
Average processing time of GrabImageRGBD(): 19.8779ms
Frame 15 end
Average processing time of GrabImageRGBD(): 19.5359ms
Frame 16 end
Average processing time of GrabImageRGBD(): 19.0546ms
Frame 17 end
Average processing time of GrabImageRGBD(): 18.725ms
Frame 18 end
Average processing time of GrabImageRGBD(): 18.4536ms
Frame 19 end
Average processing time of GrabImageRGBD(): 18.1982ms
Frame 20 end
Average processing time of GrabImageRGBD(): 17.9899ms
Frame 21 end
Average processing time of GrabImageRGBD(): 17.734ms
Frame 22 end
Average processing time of GrabImageRGBD(): 17.5274ms
Frame 23 end
Average processing time of GrabImageRGBD(): 17.3377ms
Frame 24 end
Average processing time of GrabImageRGBD(): 17.2146ms
Frame 25 end
Average processing time of GrabImageRGBD(): 17.009ms
Frame 26 end
Average processing time of GrabImageRGBD(): 16.9219ms
Frame 27 end
Average processing time of GrabImageRGBD(): 16.9ms
Frame 28 end
Average processing time of GrabImageRGBD(): 16.698ms
Frame 29 end
Average processing time of GrabImageRGBD(): 16.6259ms
Frame 30 end
Average processing time of GrabImageRGBD(): 16.5187ms
Frame 31 end
Average processing time of GrabImageRGBD(): 16.4395ms
Frame 32 end
Average processing time of GrabImageRGBD(): 16.3054ms
Frame 33 end
Average processing time of GrabImageRGBD(): 16.224ms
Frame 34 end
Average processing time of GrabImageRGBD(): 16.1382ms
Frame 35 end
Average processing time of GrabImageRGBD(): 16.071ms
Frame 36 end
Average processing time of GrabImageRGBD(): 16.0287ms
Frame 37 end
Average processing time of GrabImageRGBD(): 16.4468ms
Frame 38 end
Average processing time of GrabImageRGBD(): 16.4533ms
Frame 39 end
Average processing time of GrabImageRGBD(): 16.4362ms
Frame 40 end
Average processing time of GrabImageRGBD(): 16.3003ms
Frame 41 end
Average processing time of GrabImageRGBD(): 16.6462ms
Frame 42 end
Average processing time of GrabImageRGBD(): 16.6497ms
Frame 43 end
Average processing time of GrabImageRGBD(): 16.5584ms
Frame 44 end
Average processing time of GrabImageRGBD(): 16.5542ms
Frame 45 end
Average processing time of GrabImageRGBD(): 16.5087ms
Frame 46 end
Average processing time of GrabImageRGBD(): 16.4639ms
Frame 47 end
Average processing time of GrabImageRGBD(): 16.4118ms
Frame 48 end
Average processing time of GrabImageRGBD(): 16.3239ms
Frame 49 end
Average processing time of GrabImageRGBD(): 16.2645ms
Frame 50 end
Average processing time of GrabImageRGBD(): 16.2106ms
Frame 51 end
Average processing time of GrabImageRGBD(): 16.1392ms
Frame 52 end
Average processing time of GrabImageRGBD(): 16.3986ms
Frame 53 end
Average processing time of GrabImageRGBD(): 16.3657ms
Frame 54 end
Average processing time of GrabImageRGBD(): 16.3289ms
Frame 55 end
Average processing time of GrabImageRGBD(): 16.2701ms
Frame 56 end
Average processing time of GrabImageRGBD(): 16.2398ms
Frame 57 end
Average processing time of GrabImageRGBD(): 16.2119ms
Frame 58 end
Average processing time of GrabImageRGBD(): 16.1636ms
Frame 59 end
Average processing time of GrabImageRGBD(): 16.1075ms
Frame 60 end
Average processing time of GrabImageRGBD(): 16.0209ms
Frame 61 end
Average processing time of GrabImageRGBD(): 15.9783ms
Frame 62 end
Average processing time of GrabImageRGBD(): 15.936ms
Frame 63 end
Average processing time of GrabImageRGBD(): 15.9268ms
Frame 64 end
Average processing time of GrabImageRGBD(): 15.9162ms
Frame 65 end
Average processing time of GrabImageRGBD(): 15.915ms
Frame 66 end
Average processing time of GrabImageRGBD(): 15.9143ms
Frame 67 end
Average processing time of GrabImageRGBD(): 15.8327ms
Frame 68 end
Average processing time of GrabImageRGBD(): 16.0517ms
Frame 69 end
Average processing time of GrabImageRGBD(): 16.0374ms
Frame 70 end
Average processing time of GrabImageRGBD(): 16.0195ms
Frame 71 end
Average processing time of GrabImageRGBD(): 15.9891ms
Frame 72 end
Average processing time of GrabImageRGBD(): 15.9111ms
Frame 73 end
Average processing time of GrabImageRGBD(): 15.8611ms
Frame 74 end
Average processing time of GrabImageRGBD(): 15.8116ms
Frame 75 end
Average processing time of GrabImageRGBD(): 15.7692ms
Frame 76 end
Average processing time of GrabImageRGBD(): 15.9637ms
Frame 77 end
Average processing time of GrabImageRGBD(): 15.9318ms
Frame 78 end
Average processing time of GrabImageRGBD(): 15.8899ms
Frame 79 end
Average processing time of GrabImageRGBD(): 15.8579ms
Frame 80 end
Average processing time of GrabImageRGBD(): 15.8184ms
Frame 81 end
Average processing time of GrabImageRGBD(): 15.7782ms
Frame 82 end
Average processing time of GrabImageRGBD(): 15.7432ms
Frame 83 end
Average processing time of GrabImageRGBD(): 15.7041ms
Frame 84 end
Average processing time of GrabImageRGBD(): 15.6686ms
Frame 85 end
Average processing time of GrabImageRGBD(): 15.6268ms
Frame 86 end
Average processing time of GrabImageRGBD(): 15.5693ms
Frame 87 end
Average processing time of GrabImageRGBD(): 15.5538ms
Frame 88 end
Average processing time of GrabImageRGBD(): 15.5309ms
Frame 89 end
Average processing time of GrabImageRGBD(): 15.691ms
Frame 90 end
Average processing time of GrabImageRGBD(): 15.6869ms
Frame 91 end
Average processing time of GrabImageRGBD(): 15.6583ms
Frame 92 end
Average processing time of GrabImageRGBD(): 15.6346ms
Frame 93 end
Average processing time of GrabImageRGBD(): 15.6096ms
Frame 94 end
Average processing time of GrabImageRGBD(): 15.5872ms
Frame 95 end
Average processing time of GrabImageRGBD(): 15.537ms
Frame 96 end
Average processing time of GrabImageRGBD(): 15.5077ms
Frame 97 end
Average processing time of GrabImageRGBD(): 15.4929ms
Frame 98 end
Average processing time of GrabImageRGBD(): 15.4503ms
Frame 99 end
Average processing time of GrabImageRGBD(): 15.427ms
Frame 100 end
Average processing time of GrabImageRGBD(): 15.409ms
Frame 101 end
Average processing time of GrabImageRGBD(): 15.3692ms
Frame 102 end
Average processing time of GrabImageRGBD(): 15.3564ms
Frame 103 end
Average processing time of GrabImageRGBD(): 15.3433ms
Frame 104 end
Average processing time of GrabImageRGBD(): 15.3202ms
Frame 105 end
Average processing time of GrabImageRGBD(): 15.3034ms
Frame 106 end
Average processing time of GrabImageRGBD(): 15.2755ms
Frame 107 end
Average processing time of GrabImageRGBD(): 15.2559ms
Frame 108 end
Average processing time of GrabImageRGBD(): 15.2477ms
Frame 109 end
Average processing time of GrabImageRGBD(): 15.238ms
Frame 110 end
Average processing time of GrabImageRGBD(): 15.2153ms
Frame 111 end
Average processing time of GrabImageRGBD(): 15.3386ms
Frame 112 end
Average processing time of GrabImageRGBD(): 15.3419ms
Frame 113 end
Average processing time of GrabImageRGBD(): 15.3286ms
Frame 114 end
Average processing time of GrabImageRGBD(): 15.3286ms
Frame 115 end
Average processing time of GrabImageRGBD(): 15.307ms
Frame 116 end
Average processing time of GrabImageRGBD(): 15.2966ms
Frame 117 end
Average processing time of GrabImageRGBD(): 15.2838ms
Frame 118 end
Average processing time of GrabImageRGBD(): 15.4286ms
Frame 119 end
Average processing time of GrabImageRGBD(): 15.4221ms
Frame 120 end
Average processing time of GrabImageRGBD(): 15.4157ms
Frame 121 end
Average processing time of GrabImageRGBD(): 15.4173ms
Frame 122 end
Average processing time of GrabImageRGBD(): 15.4144ms
Frame 123 end
Average processing time of GrabImageRGBD(): 15.3936ms
Frame 124 end
Average processing time of GrabImageRGBD(): 15.3942ms
Frame 125 end
Average processing time of GrabImageRGBD(): 15.3878ms
Frame 126 end
Average processing time of GrabImageRGBD(): 15.3766ms
Frame 127 end
Average processing time of GrabImageRGBD(): 15.5095ms
Frame 128 end
Average processing time of GrabImageRGBD(): 15.5057ms
Frame 129 end
Average processing time of GrabImageRGBD(): 15.4828ms
Frame 130 end
Average processing time of GrabImageRGBD(): 15.4824ms
Frame 131 end
Average processing time of GrabImageRGBD(): 15.4715ms
Frame 132 end
Average processing time of GrabImageRGBD(): 15.462ms
Frame 133 end
Average processing time of GrabImageRGBD(): 15.4472ms
Frame 134 end
Average processing time of GrabImageRGBD(): 15.4267ms
Frame 135 end
Average processing time of GrabImageRGBD(): 15.4078ms
Frame 136 end
Average processing time of GrabImageRGBD(): 15.517ms
Frame 137 end
Average processing time of GrabImageRGBD(): 15.5029ms
Frame 138 end
Average processing time of GrabImageRGBD(): 15.4961ms
Frame 139 end
Average processing time of GrabImageRGBD(): 15.4922ms
Frame 140 end
Average processing time of GrabImageRGBD(): 15.4727ms
Frame 141 end
Average processing time of GrabImageRGBD(): 15.4631ms
Frame 142 end
Average processing time of GrabImageRGBD(): 15.4327ms
Frame 143 end
Average processing time of GrabImageRGBD(): 15.4391ms
Frame 144 end
Average processing time of GrabImageRGBD(): 15.4383ms
Frame 145 end
Average processing time of GrabImageRGBD(): 15.4358ms
Frame 146 end
Average processing time of GrabImageRGBD(): 15.4395ms
Frame 147 end
Average processing time of GrabImageRGBD(): 15.4394ms
Frame 148 end
Average processing time of GrabImageRGBD(): 15.4289ms
Frame 149 end
Average processing time of GrabImageRGBD(): 15.4314ms
Frame 150 end
Average processing time of GrabImageRGBD(): 15.4168ms
Frame 151 end
Average processing time of GrabImageRGBD(): 15.4387ms
Frame 152 end
Average processing time of GrabImageRGBD(): 15.5502ms
Frame 153 end
Average processing time of GrabImageRGBD(): 15.5591ms
Frame 154 end
Average processing time of GrabImageRGBD(): 15.5577ms
Frame 155 end
Average processing time of GrabImageRGBD(): 15.5554ms
Frame 156 end
Average processing time of GrabImageRGBD(): 15.5407ms
Frame 157 end
Average processing time of GrabImageRGBD(): 15.5486ms
Frame 158 end
Average processing time of GrabImageRGBD(): 15.6981ms
Frame 159 end
Average processing time of GrabImageRGBD(): 15.6978ms
Frame 160 end
Average processing time of GrabImageRGBD(): 15.704ms
Frame 161 end
Average processing time of GrabImageRGBD(): 15.7117ms
Frame 162 end
Average processing time of GrabImageRGBD(): 15.8571ms
Frame 163 end
Average processing time of GrabImageRGBD(): 15.8341ms
Frame 164 end
Average processing time of GrabImageRGBD(): 15.82ms
Frame 165 end
Average processing time of GrabImageRGBD(): 15.816ms
Frame 166 end
Average processing time of GrabImageRGBD(): 15.796ms
Frame 167 end
Average processing time of GrabImageRGBD(): 15.7784ms
Frame 168 end
Average processing time of GrabImageRGBD(): 15.7598ms
Frame 169 end
Average processing time of GrabImageRGBD(): 15.7407ms
Frame 170 end
Average processing time of GrabImageRGBD(): 15.7199ms
Frame 171 end
Average processing time of GrabImageRGBD(): 15.7129ms
Frame 172 end
Average processing time of GrabImageRGBD(): 15.6918ms
Frame 173 end
Average processing time of GrabImageRGBD(): 15.8439ms
Frame 174 end
Average processing time of GrabImageRGBD(): 15.8456ms
Frame 175 end
Average processing time of GrabImageRGBD(): 15.8396ms
Frame 176 end
Average processing time of GrabImageRGBD(): 15.8466ms
Frame 177 end
Average processing time of GrabImageRGBD(): 15.8347ms
Frame 178 end
Average processing time of GrabImageRGBD(): 15.8301ms
Frame 179 end
Average processing time of GrabImageRGBD(): 15.8027ms
Frame 180 end
Average processing time of GrabImageRGBD(): 15.7855ms
Frame 181 end
Average processing time of GrabImageRGBD(): 15.8647ms
Frame 182 end
Average processing time of GrabImageRGBD(): 15.8437ms
Frame 183 end
Average processing time of GrabImageRGBD(): 15.8308ms
Frame 184 end
Average processing time of GrabImageRGBD(): 15.8146ms
Frame 185 end
Average processing time of GrabImageRGBD(): 15.7926ms
Frame 186 end
Average processing time of GrabImageRGBD(): 15.7798ms
Frame 187 end
Average processing time of GrabImageRGBD(): 15.7685ms
Frame 188 end
Average processing time of GrabImageRGBD(): 15.7575ms
Frame 189 end
Average processing time of GrabImageRGBD(): 15.7389ms
Frame 190 end
Average processing time of GrabImageRGBD(): 15.7124ms
Frame 191 end
Average processing time of GrabImageRGBD(): 15.6886ms
Frame 192 end
Average processing time of GrabImageRGBD(): 15.6677ms
Frame 193 end
Average processing time of GrabImageRGBD(): 15.6276ms
Frame 194 end
Average processing time of GrabImageRGBD(): 15.5969ms
Frame 195 end
Average processing time of GrabImageRGBD(): 15.5644ms
Frame 196 end
Average processing time of GrabImageRGBD(): 15.5472ms
Frame 197 end
Average processing time of GrabImageRGBD(): 15.511ms
Frame 198 end
Average processing time of GrabImageRGBD(): 15.4469ms
Frame 199 end
Average processing time of GrabImageRGBD(): 15.3896ms
Frame 200 end
Average processing time of GrabImageRGBD(): 15.333ms
Frame 201 end
Average processing time of GrabImageRGBD(): 15.2671ms
Frame 202 end
Average processing time of GrabImageRGBD(): 15.218ms
Frame 203 end
Average processing time of GrabImageRGBD(): 15.1673ms
Frame 204 end
Average processing time of GrabImageRGBD(): 15.106ms
Frame 205 end
Average processing time of GrabImageRGBD(): 15.0512ms
Frame 206 end
Average processing time of GrabImageRGBD(): 14.9944ms
Frame 207 end
Average processing time of GrabImageRGBD(): 14.9353ms
Frame 208 end
Average processing time of GrabImageRGBD(): 14.8794ms
Frame 209 end
Average processing time of GrabImageRGBD(): 14.8251ms
Frame 210 end
Average processing time of GrabImageRGBD(): 14.7678ms
Frame 211 end
Average processing time of GrabImageRGBD(): 14.7104ms
Frame 212 end
Average processing time of GrabImageRGBD(): 14.7481ms
Frame 213 end
Average processing time of GrabImageRGBD(): 14.7064ms
Frame 214 end
Average processing time of GrabImageRGBD(): 14.6496ms
Frame 215 end
Average processing time of GrabImageRGBD(): 14.6125ms
Frame 216 end
Average processing time of GrabImageRGBD(): 14.5578ms
Frame 217 end
Average processing time of GrabImageRGBD(): 14.5198ms
Frame 218 end
Average processing time of GrabImageRGBD(): 14.4798ms
Frame 219 end
Average processing time of GrabImageRGBD(): 14.4267ms
Frame 220 end
Average processing time of GrabImageRGBD(): 14.3752ms
Frame 221 end
Average processing time of GrabImageRGBD(): 14.3378ms
Frame 222 end
Average processing time of GrabImageRGBD(): 14.2892ms
Frame 223 end
Average processing time of GrabImageRGBD(): 14.2443ms
Frame 224 end
Average processing time of GrabImageRGBD(): 14.2024ms
Frame 225 end
Average processing time of GrabImageRGBD(): 14.165ms
Frame 226 end
Average processing time of GrabImageRGBD(): 14.1167ms
Frame 227 end
Average processing time of GrabImageRGBD(): 14.0697ms
Frame 228 end
Average processing time of GrabImageRGBD(): 14.0343ms
Frame 229 end
Average processing time of GrabImageRGBD(): 13.9842ms
Frame 230 end
Average processing time of GrabImageRGBD(): 13.9431ms
Frame 231 end
Average processing time of GrabImageRGBD(): 13.9089ms
Frame 232 end
Average processing time of GrabImageRGBD(): 13.8752ms
Frame 233 end
Average processing time of GrabImageRGBD(): 13.829ms
Frame 234 end
Average processing time of GrabImageRGBD(): 13.782ms
Frame 235 end
Average processing time of GrabImageRGBD(): 13.7433ms
Frame 236 end
Average processing time of GrabImageRGBD(): 13.6984ms
Frame 237 end
Average processing time of GrabImageRGBD(): 13.6567ms
Frame 238 end
Average processing time of GrabImageRGBD(): 13.6241ms
Frame 239 end
Average processing time of GrabImageRGBD(): 13.5914ms
Frame 240 end
Average processing time of GrabImageRGBD(): 13.5613ms
Frame 241 end
Average processing time of GrabImageRGBD(): 13.5185ms
Frame 242 end
Average processing time of GrabImageRGBD(): 13.4781ms
Frame 243 end
Average processing time of GrabImageRGBD(): 13.5164ms
Frame 244 end
Average processing time of GrabImageRGBD(): 13.4896ms
Frame 245 end
Average processing time of GrabImageRGBD(): 13.445ms
Frame 246 end
Average processing time of GrabImageRGBD(): 13.4024ms
Frame 247 end
Average processing time of GrabImageRGBD(): 13.371ms
Frame 248 end
Average processing time of GrabImageRGBD(): 13.3427ms
Frame 249 end
Average processing time of GrabImageRGBD(): 13.3052ms
Frame 250 end
Average processing time of GrabImageRGBD(): 13.2784ms
Frame 251 end
Average processing time of GrabImageRGBD(): 13.2503ms
Frame 252 end
Average processing time of GrabImageRGBD(): 13.2126ms
Frame 253 end
Average processing time of GrabImageRGBD(): 13.1852ms
Frame 254 end
Average processing time of GrabImageRGBD(): 13.1482ms
Frame 255 end
Average processing time of GrabImageRGBD(): 13.1204ms
Frame 256 end
Average processing time of GrabImageRGBD(): 13.093ms
Frame 257 end
Average processing time of GrabImageRGBD(): 13.0615ms
Frame 258 end
Average processing time of GrabImageRGBD(): 13.0225ms
Frame 259 end
Average processing time of GrabImageRGBD(): 12.9821ms
Frame 260 end
Average processing time of GrabImageRGBD(): 12.9576ms
Frame 261 end
Average processing time of GrabImageRGBD(): 12.9327ms
Frame 262 end
Average processing time of GrabImageRGBD(): 12.8946ms
Frame 263 end
Average processing time of GrabImageRGBD(): 12.8592ms
Frame 264 end
Average processing time of GrabImageRGBD(): 12.8276ms
Frame 265 end
Average processing time of GrabImageRGBD(): 12.8017ms
Frame 266 end
Average processing time of GrabImageRGBD(): 12.7743ms
Frame 267 end
Average processing time of GrabImageRGBD(): 12.7484ms
Frame 268 end
Average processing time of GrabImageRGBD(): 12.7171ms
Frame 269 end
Average processing time of GrabImageRGBD(): 12.6919ms
Frame 270 end
Average processing time of GrabImageRGBD(): 12.6592ms
Frame 271 end
Average processing time of GrabImageRGBD(): 12.6256ms
Frame 272 end
Average processing time of GrabImageRGBD(): 12.5983ms
Frame 273 end
Average processing time of GrabImageRGBD(): 12.5695ms
Frame 274 end
Average processing time of GrabImageRGBD(): 12.607ms
Frame 275 end
Average processing time of GrabImageRGBD(): 12.5813ms
Frame 276 end
Average processing time of GrabImageRGBD(): 12.5453ms
Frame 277 end
Average processing time of GrabImageRGBD(): 12.522ms
Frame 278 end
Average processing time of GrabImageRGBD(): 12.5003ms
Frame 279 end
Average processing time of GrabImageRGBD(): 12.4664ms
Frame 280 end
Average processing time of GrabImageRGBD(): 12.4409ms
Frame 281 end
Average processing time of GrabImageRGBD(): 12.4183ms
Frame 282 end
Average processing time of GrabImageRGBD(): 12.3858ms
Frame 283 end
Average processing time of GrabImageRGBD(): 12.3582ms
Frame 284 end
Average processing time of GrabImageRGBD(): 12.3391ms
Frame 285 end
Average processing time of GrabImageRGBD(): 12.3162ms
Frame 286 end
Average processing time of GrabImageRGBD(): 12.287ms
Frame 287 end
Average processing time of GrabImageRGBD(): 12.2679ms
Frame 288 end
Average processing time of GrabImageRGBD(): 12.2477ms
Frame 289 end
Average processing time of GrabImageRGBD(): 12.2156ms
Frame 290 end
Average processing time of GrabImageRGBD(): 12.1939ms
Frame 291 end
Average processing time of GrabImageRGBD(): 12.1738ms
Frame 292 end
Average processing time of GrabImageRGBD(): 12.1525ms
Frame 293 end
Average processing time of GrabImageRGBD(): 12.1252ms
Frame 294 end
Average processing time of GrabImageRGBD(): 12.1054ms
Frame 295 end
Average processing time of GrabImageRGBD(): 12.0744ms
Frame 296 end
Average processing time of GrabImageRGBD(): 12.0549ms
Frame 297 end
Average processing time of GrabImageRGBD(): 12.0254ms
Frame 298 end
Average processing time of GrabImageRGBD(): 12.0056ms
Frame 299 end
Average processing time of GrabImageRGBD(): 11.9847ms
Frame 300 end
Average processing time of GrabImageRGBD(): 11.9629ms
Frame 301 end
Average processing time of GrabImageRGBD(): 11.9323ms
Frame 302 end
Average processing time of GrabImageRGBD(): 11.9117ms
Frame 303 end
Average processing time of GrabImageRGBD(): 11.884ms
Frame 304 end
Average processing time of GrabImageRGBD(): 11.855ms
Frame 305 end
Average processing time of GrabImageRGBD(): 11.8898ms
Frame 306 end
Average processing time of GrabImageRGBD(): 11.8659ms
Frame 307 end
Average processing time of GrabImageRGBD(): 11.8354ms
Frame 308 end
Average processing time of GrabImageRGBD(): 11.8135ms
Frame 309 end
Average processing time of GrabImageRGBD(): 11.7917ms
Frame 310 end
Average processing time of GrabImageRGBD(): 11.7724ms
Frame 311 end
Average processing time of GrabImageRGBD(): 11.7452ms
Frame 312 end
Average processing time of GrabImageRGBD(): 11.7269ms
Frame 313 end
Average processing time of GrabImageRGBD(): 11.7076ms
Frame 314 end
Average processing time of GrabImageRGBD(): 11.6903ms
Frame 315 end
Average processing time of GrabImageRGBD(): 11.6736ms
Frame 316 end
Average processing time of GrabImageRGBD(): 11.657ms
Frame 317 end
Average processing time of GrabImageRGBD(): 11.6324ms
Frame 318 end
Average processing time of GrabImageRGBD(): 11.6155ms
Frame 319 end
Average processing time of GrabImageRGBD(): 11.5881ms
Frame 320 end
Average processing time of GrabImageRGBD(): 11.5616ms
Frame 321 end
Average processing time of GrabImageRGBD(): 11.5449ms
Frame 322 end
Average processing time of GrabImageRGBD(): 11.5269ms
Frame 323 end
Average processing time of GrabImageRGBD(): 11.4992ms
Frame 324 end
Average processing time of GrabImageRGBD(): 11.4786ms
Frame 325 end
Average processing time of GrabImageRGBD(): 11.4618ms
Frame 326 end
Average processing time of GrabImageRGBD(): 11.4424ms
Frame 327 end
Average processing time of GrabImageRGBD(): 11.4168ms
Frame 328 end
Average processing time of GrabImageRGBD(): 11.3918ms
Frame 329 end
Average processing time of GrabImageRGBD(): 11.369ms
Frame 330 end
Average processing time of GrabImageRGBD(): 11.3433ms
Frame 331 end
Average processing time of GrabImageRGBD(): 11.3202ms
Frame 332 end
Average processing time of GrabImageRGBD(): 11.3037ms
Frame 333 end
Average processing time of GrabImageRGBD(): 11.2821ms
Frame 334 end
Average processing time of GrabImageRGBD(): 11.2588ms
Frame 335 end
Average processing time of GrabImageRGBD(): 11.2342ms
Frame 336 end
Average processing time of GrabImageRGBD(): 11.2754ms
Frame 337 end
Average processing time of GrabImageRGBD(): 11.2527ms
Frame 338 end
Average processing time of GrabImageRGBD(): 11.2286ms
Frame 339 end
Average processing time of GrabImageRGBD(): 11.2049ms
Frame 340 end
Average processing time of GrabImageRGBD(): 11.1911ms
Frame 341 end
Average processing time of GrabImageRGBD(): 11.1702ms
Frame 342 end
Average processing time of GrabImageRGBD(): 11.1463ms
Frame 343 end
Average processing time of GrabImageRGBD(): 11.128ms
Frame 344 end
Average processing time of GrabImageRGBD(): 11.1071ms
Frame 345 end
Average processing time of GrabImageRGBD(): 11.0946ms
Frame 346 end
Average processing time of GrabImageRGBD(): 11.0724ms
Frame 347 end
Average processing time of GrabImageRGBD(): 11.0588ms
Frame 348 end
Average processing time of GrabImageRGBD(): 11.0383ms
Frame 349 end
Average processing time of GrabImageRGBD(): 11.0157ms
Frame 350 end
Average processing time of GrabImageRGBD(): 10.9926ms
Frame 351 end
Average processing time of GrabImageRGBD(): 10.9705ms
Frame 352 end
Average processing time of GrabImageRGBD(): 10.9503ms
Frame 353 end
Average processing time of GrabImageRGBD(): 10.9327ms
Frame 354 end
Average processing time of GrabImageRGBD(): 10.9199ms
Frame 355 end
Average processing time of GrabImageRGBD(): 10.8976ms
Frame 356 end
Average processing time of GrabImageRGBD(): 10.8773ms
Frame 357 end
Average processing time of GrabImageRGBD(): 10.8614ms
Frame 358 end
Average processing time of GrabImageRGBD(): 10.8478ms
Frame 359 end
Average processing time of GrabImageRGBD(): 10.8348ms
Frame 360 end
Average processing time of GrabImageRGBD(): 10.8211ms
Frame 361 end
Average processing time of GrabImageRGBD(): 10.8015ms
Frame 362 end
Average processing time of GrabImageRGBD(): 10.7801ms
Frame 363 end
Average processing time of GrabImageRGBD(): 10.7611ms
Frame 364 end
Average processing time of GrabImageRGBD(): 10.7393ms
Frame 365 end
Average processing time of GrabImageRGBD(): 10.7267ms
Frame 366 end
Average processing time of GrabImageRGBD(): 10.7127ms
Frame 367 end
Average processing time of GrabImageRGBD(): 10.7496ms
Frame 368 end
Average processing time of GrabImageRGBD(): 10.7345ms
Frame 369 end
Average processing time of GrabImageRGBD(): 10.7134ms
Frame 370 end
Average processing time of GrabImageRGBD(): 10.7029ms
Frame 371 end
Average processing time of GrabImageRGBD(): 10.6841ms
Frame 372 end
Average processing time of GrabImageRGBD(): 10.6778ms
Frame 373 end
Average processing time of GrabImageRGBD(): 10.673ms
Frame 374 end
Average processing time of GrabImageRGBD(): 10.6772ms
Frame 375 end
Average processing time of GrabImageRGBD(): 10.6724ms
Frame 376 end
Average processing time of GrabImageRGBD(): 10.6703ms
Frame 377 end
Average processing time of GrabImageRGBD(): 10.6649ms
Frame 378 end
Average processing time of GrabImageRGBD(): 10.6693ms
Frame 379 end
Average processing time of GrabImageRGBD(): 10.7245ms
Frame 380 end
Average processing time of GrabImageRGBD(): 10.7245ms
Frame 381 end
Average processing time of GrabImageRGBD(): 10.72ms
Frame 382 end
Average processing time of GrabImageRGBD(): 10.7126ms
Frame 383 end
Average processing time of GrabImageRGBD(): 10.7103ms
Frame 384 end
Average processing time of GrabImageRGBD(): 10.7134ms
Frame 385 end
Average processing time of GrabImageRGBD(): 10.7221ms
Frame 386 end
Average processing time of GrabImageRGBD(): 10.7741ms
Frame 387 end
Average processing time of GrabImageRGBD(): 10.777ms
Frame 388 end
Average processing time of GrabImageRGBD(): 10.7828ms
Frame 389 end
Average processing time of GrabImageRGBD(): 10.7959ms
Frame 390 end
Average processing time of GrabImageRGBD(): 10.8047ms
Frame 391 end
Average processing time of GrabImageRGBD(): 10.8094ms
Frame 392 end
Average processing time of GrabImageRGBD(): 10.8158ms
Frame 393 end
Average processing time of GrabImageRGBD(): 10.8304ms
Frame 394 end
Average processing time of GrabImageRGBD(): 10.8358ms
Frame 395 end
Average processing time of GrabImageRGBD(): 10.8434ms
Frame 396 end
Average processing time of GrabImageRGBD(): 10.8506ms
Frame 397 end
Average processing time of GrabImageRGBD(): 10.8625ms
Frame 398 end
Average processing time of GrabImageRGBD(): 10.8655ms
Frame 399 end
Average processing time of GrabImageRGBD(): 10.873ms
Frame 400 end
Average processing time of GrabImageRGBD(): 10.9412ms
Frame 401 end
Average processing time of GrabImageRGBD(): 10.9473ms
Frame 402 end
Average processing time of GrabImageRGBD(): 10.9631ms
Frame 403 end
Average processing time of GrabImageRGBD(): 10.9697ms
Frame 404 end
Average processing time of GrabImageRGBD(): 10.9831ms
Frame 405 end
Average processing time of GrabImageRGBD(): 11.0456ms
Frame 406 end
Average processing time of GrabImageRGBD(): 11.0587ms
Frame 407 end
Average processing time of GrabImageRGBD(): 11.0742ms
Frame 408 end
Average processing time of GrabImageRGBD(): 11.0857ms
Frame 409 end
Average processing time of GrabImageRGBD(): 11.1431ms
Frame 410 end
Average processing time of GrabImageRGBD(): 11.1561ms
Frame 411 end
Average processing time of GrabImageRGBD(): 11.1678ms
Frame 412 end
Average processing time of GrabImageRGBD(): 11.1729ms
Frame 413 end
Average processing time of GrabImageRGBD(): 11.1826ms
Frame 414 end
Average processing time of GrabImageRGBD(): 11.2291ms
Frame 415 end
Average processing time of GrabImageRGBD(): 11.2402ms
Frame 416 end
Average processing time of GrabImageRGBD(): 11.2414ms
Frame 417 end
Average processing time of GrabImageRGBD(): 11.2467ms
Frame 418 end
Average processing time of GrabImageRGBD(): 11.2565ms
Frame 419 end
Average processing time of GrabImageRGBD(): 11.2558ms
Frame 420 end
Average processing time of GrabImageRGBD(): 11.2582ms
Frame 421 end
Average processing time of GrabImageRGBD(): 11.252ms
Frame 422 end
Average processing time of GrabImageRGBD(): 11.2955ms
Frame 423 end
Average processing time of GrabImageRGBD(): 11.3062ms
Frame 424 end
Average processing time of GrabImageRGBD(): 11.3112ms
Frame 425 end
Average processing time of GrabImageRGBD(): 11.3221ms
Frame 426 end
Average processing time of GrabImageRGBD(): 11.3257ms
Frame 427 end
Average processing time of GrabImageRGBD(): 11.3345ms
Frame 428 end
Average processing time of GrabImageRGBD(): 11.3393ms
Frame 429 end
Average processing time of GrabImageRGBD(): 11.3868ms
Frame 430 end
Average processing time of GrabImageRGBD(): 11.3949ms
Frame 431 end
Average processing time of GrabImageRGBD(): 11.4009ms
Frame 432 end
Average processing time of GrabImageRGBD(): 11.3998ms
Frame 433 end
Average processing time of GrabImageRGBD(): 11.4503ms
Frame 434 end
Average processing time of GrabImageRGBD(): 11.4647ms
Frame 435 end
Average processing time of GrabImageRGBD(): 11.4676ms
Frame 436 end
Average processing time of GrabImageRGBD(): 11.5245ms
Frame 437 end
Average processing time of GrabImageRGBD(): 11.5267ms
Frame 438 end
Average processing time of GrabImageRGBD(): 11.5358ms
Frame 439 end
Average processing time of GrabImageRGBD(): 11.5888ms
Frame 440 end
Average processing time of GrabImageRGBD(): 11.6016ms
Frame 441 end
Average processing time of GrabImageRGBD(): 11.6111ms
Frame 442 end
Average processing time of GrabImageRGBD(): 11.6194ms
Frame 443 end
Average processing time of GrabImageRGBD(): 11.6195ms
Frame 444 end
Average processing time of GrabImageRGBD(): 11.6202ms
Frame 445 end
Average processing time of GrabImageRGBD(): 11.6623ms
Frame 446 end
Average processing time of GrabImageRGBD(): 11.6651ms
Frame 447 end
Average processing time of GrabImageRGBD(): 11.6686ms
Frame 448 end
Average processing time of GrabImageRGBD(): 11.6646ms
Frame 449 end
Average processing time of GrabImageRGBD(): 11.6613ms
Frame 450 end
Average processing time of GrabImageRGBD(): 11.6568ms
Frame 451 end
Average processing time of GrabImageRGBD(): 11.6444ms
Frame 452 end
Average processing time of GrabImageRGBD(): 11.6357ms
Frame 453 end
Average processing time of GrabImageRGBD(): 11.6279ms
Frame 454 end
Average processing time of GrabImageRGBD(): 11.6252ms
Frame 455 end
Average processing time of GrabImageRGBD(): 11.6193ms
Frame 456 end
Average processing time of GrabImageRGBD(): 11.6115ms
Frame 457 end
Average processing time of GrabImageRGBD(): 11.6055ms
Frame 458 end
Average processing time of GrabImageRGBD(): 11.5985ms
Frame 459 end
Average processing time of GrabImageRGBD(): 11.5893ms
Frame 460 end
Average processing time of GrabImageRGBD(): 11.5842ms
Frame 461 end
Average processing time of GrabImageRGBD(): 11.5783ms
Frame 462 end
Average processing time of GrabImageRGBD(): 11.5753ms
Frame 463 end
Average processing time of GrabImageRGBD(): 11.5663ms
Frame 464 end
Average processing time of GrabImageRGBD(): 11.5598ms
Frame 465 end
Average processing time of GrabImageRGBD(): 11.5538ms
Frame 466 end
Average processing time of GrabImageRGBD(): 11.5466ms
Frame 467 end
Average processing time of GrabImageRGBD(): 11.5404ms
Frame 468 end
Average processing time of GrabImageRGBD(): 11.5345ms
Frame 469 end
Average processing time of GrabImageRGBD(): 11.5303ms
Frame 470 end
Average processing time of GrabImageRGBD(): 11.5638ms
Frame 471 end
Average processing time of GrabImageRGBD(): 11.5596ms
Frame 472 end
Average processing time of GrabImageRGBD(): 11.5591ms
Frame 473 end
Average processing time of GrabImageRGBD(): 11.5574ms
Frame 474 end
Average processing time of GrabImageRGBD(): 11.548ms
Frame 475 end
Average processing time of GrabImageRGBD(): 11.5474ms
Frame 476 end
Average processing time of GrabImageRGBD(): 11.5458ms
Frame 477 end
Average processing time of GrabImageRGBD(): 11.5465ms
Frame 478 end
Average processing time of GrabImageRGBD(): 11.5466ms
Frame 479 end
Average processing time of GrabImageRGBD(): 11.5446ms
Frame 480 end
Average processing time of GrabImageRGBD(): 11.5435ms
Frame 481 end
Average processing time of GrabImageRGBD(): 11.5436ms
Frame 482 end
Average processing time of GrabImageRGBD(): 11.5355ms
Frame 483 end
Average processing time of GrabImageRGBD(): 11.5313ms
Frame 484 end
Average processing time of GrabImageRGBD(): 11.5301ms
Frame 485 end
Average processing time of GrabImageRGBD(): 11.5263ms
Frame 486 end
Average processing time of GrabImageRGBD(): 11.5218ms
Frame 487 end
Average processing time of GrabImageRGBD(): 11.515ms
Frame 488 end
Average processing time of GrabImageRGBD(): 11.5115ms
Frame 489 end
Average processing time of GrabImageRGBD(): 11.507ms
Frame 490 end
Average processing time of GrabImageRGBD(): 11.5023ms
Frame 491 end
Average processing time of GrabImageRGBD(): 11.4978ms
Frame 492 end
Average processing time of GrabImageRGBD(): 11.4935ms
Frame 493 end
Average processing time of GrabImageRGBD(): 11.4856ms
Frame 494 end
Average processing time of GrabImageRGBD(): 11.4844ms
Frame 495 end
Average processing time of GrabImageRGBD(): 11.4826ms
Frame 496 end
Average processing time of GrabImageRGBD(): 11.4795ms
Frame 497 end
Average processing time of GrabImageRGBD(): 11.4711ms
Frame 498 end
Average processing time of GrabImageRGBD(): 11.4706ms
Frame 499 end
Average processing time of GrabImageRGBD(): 11.4614ms
Frame 500 end
Average processing time of GrabImageRGBD(): 11.4604ms
Frame 501 end
Average processing time of GrabImageRGBD(): 11.5127ms
Frame 502 end
Average processing time of GrabImageRGBD(): 11.5107ms
Frame 503 end
Average processing time of GrabImageRGBD(): 11.5039ms
Frame 504 end
Average processing time of GrabImageRGBD(): 11.5021ms
Frame 505 end
Average processing time of GrabImageRGBD(): 11.5005ms
Frame 506 end
Average processing time of GrabImageRGBD(): 11.4969ms
Frame 507 end
Average processing time of GrabImageRGBD(): 11.4925ms
Frame 508 end
Average processing time of GrabImageRGBD(): 11.4875ms
Frame 509 end
Average processing time of GrabImageRGBD(): 11.4832ms
Frame 510 end
Average processing time of GrabImageRGBD(): 11.4831ms
Frame 511 end
Average processing time of GrabImageRGBD(): 11.4818ms
Frame 512 end
Average processing time of GrabImageRGBD(): 11.4765ms
Frame 513 end
Average processing time of GrabImageRGBD(): 11.4753ms
Frame 514 end
Average processing time of GrabImageRGBD(): 11.4736ms
Frame 515 end
Average processing time of GrabImageRGBD(): 11.4604ms
Frame 516 end
Average processing time of GrabImageRGBD(): 11.4562ms
Frame 517 end
Average processing time of GrabImageRGBD(): 11.4547ms
Frame 518 end
Average processing time of GrabImageRGBD(): 11.4525ms
Frame 519 end
Average processing time of GrabImageRGBD(): 11.4477ms
Frame 520 end
Average processing time of GrabImageRGBD(): 11.4475ms
Frame 521 end
Average processing time of GrabImageRGBD(): 11.4486ms
Frame 522 end
Average processing time of GrabImageRGBD(): 11.4835ms
Frame 523 end
Average processing time of GrabImageRGBD(): 11.4775ms
Frame 524 end
Average processing time of GrabImageRGBD(): 11.4774ms
Frame 525 end
Average processing time of GrabImageRGBD(): 11.473ms
Frame 526 end
Average processing time of GrabImageRGBD(): 11.47ms
Frame 527 end
Average processing time of GrabImageRGBD(): 11.4669ms
Frame 528 end
Average processing time of GrabImageRGBD(): 11.464ms
Frame 529 end
Average processing time of GrabImageRGBD(): 11.4627ms
Frame 530 end
Average processing time of GrabImageRGBD(): 11.4597ms
Frame 531 end
Average processing time of GrabImageRGBD(): 11.4466ms
Frame 532 end
Average processing time of GrabImageRGBD(): 11.4437ms
Frame 533 end
Average processing time of GrabImageRGBD(): 11.4439ms
Frame 534 end
Average processing time of GrabImageRGBD(): 11.4382ms
Frame 535 end
Average processing time of GrabImageRGBD(): 11.4356ms
Frame 536 end
Average processing time of GrabImageRGBD(): 11.4298ms
Frame 537 end
Average processing time of GrabImageRGBD(): 11.4231ms
Frame 538 end
Average processing time of GrabImageRGBD(): 11.415ms
Frame 539 end
Average processing time of GrabImageRGBD(): 11.4533ms
Frame 540 end
Average processing time of GrabImageRGBD(): 11.4557ms
Frame 541 end
Average processing time of GrabImageRGBD(): 11.4589ms
Frame 542 end
Average processing time of GrabImageRGBD(): 11.4568ms
Frame 543 end
Average processing time of GrabImageRGBD(): 11.4584ms
Frame 544 end
Average processing time of GrabImageRGBD(): 11.4617ms
Frame 545 end
Average processing time of GrabImageRGBD(): 11.4643ms
Frame 546 end
Average processing time of GrabImageRGBD(): 11.4662ms
Frame 547 end
Average processing time of GrabImageRGBD(): 11.4704ms
Frame 548 end
Average processing time of GrabImageRGBD(): 11.4695ms
Frame 549 end
Average processing time of GrabImageRGBD(): 11.4768ms
Frame 550 end
Average processing time of GrabImageRGBD(): 11.479ms
Frame 551 end
Average processing time of GrabImageRGBD(): 11.48ms
Frame 552 end
Average processing time of GrabImageRGBD(): 11.483ms
Frame 553 end
Average processing time of GrabImageRGBD(): 11.4883ms
Frame 554 end
Average processing time of GrabImageRGBD(): 11.4908ms
Frame 555 end
Average processing time of GrabImageRGBD(): 11.4933ms
Frame 556 end
Average processing time of GrabImageRGBD(): 11.4922ms
Frame 557 end
Average processing time of GrabImageRGBD(): 11.4952ms
Frame 558 end
Average processing time of GrabImageRGBD(): 11.5ms
Frame 559 end
Average processing time of GrabImageRGBD(): 11.4985ms
Frame 560 end
Average processing time of GrabImageRGBD(): 11.5019ms
Frame 561 end
Average processing time of GrabImageRGBD(): 11.5048ms
Frame 562 end
Average processing time of GrabImageRGBD(): 11.5045ms
Frame 563 end
Average processing time of GrabImageRGBD(): 11.5053ms
Frame 564 end
Average processing time of GrabImageRGBD(): 11.5079ms
Frame 565 end
Average processing time of GrabImageRGBD(): 11.5386ms
Frame 566 end
Average processing time of GrabImageRGBD(): 11.5458ms
Frame 567 end
Average processing time of GrabImageRGBD(): 11.5456ms
Frame 568 end
Average processing time of GrabImageRGBD(): 11.548ms
Frame 569 end
Average processing time of GrabImageRGBD(): 11.5495ms
Frame 570 end
Average processing time of GrabImageRGBD(): 11.5476ms
Frame 571 end
Average processing time of GrabImageRGBD(): 11.5501ms
Frame 572 end
Average processing time of GrabImageRGBD(): 11.5509ms
Frame 573 end
Average processing time of GrabImageRGBD(): 11.5499ms
Frame 574 end
Average processing time of GrabImageRGBD(): 11.5515ms
Frame 575 end
Average processing time of GrabImageRGBD(): 11.553ms
Frame 576 end
Average processing time of GrabImageRGBD(): 11.56ms
Frame 577 end
Average processing time of GrabImageRGBD(): 11.5583ms
Frame 578 end
Average processing time of GrabImageRGBD(): 11.5625ms
Frame 579 end
Average processing time of GrabImageRGBD(): 11.5658ms
Frame 580 end
Average processing time of GrabImageRGBD(): 11.5637ms
Frame 581 end
Average processing time of GrabImageRGBD(): 11.5974ms
Frame 582 end
Average processing time of GrabImageRGBD(): 11.5983ms
Frame 583 end
Average processing time of GrabImageRGBD(): 11.6001ms
Frame 584 end
Average processing time of GrabImageRGBD(): 11.6035ms
Frame 585 end
Average processing time of GrabImageRGBD(): 11.6032ms
Frame 586 end
Average processing time of GrabImageRGBD(): 11.6031ms
Frame 587 end
Average processing time of GrabImageRGBD(): 11.635ms
Frame 588 end
Average processing time of GrabImageRGBD(): 11.6399ms
Frame 589 end
Average processing time of GrabImageRGBD(): 11.6424ms
Frame 590 end
Average processing time of GrabImageRGBD(): 11.644ms
Frame 591 end
Average processing time of GrabImageRGBD(): 11.6472ms
Frame 592 end
Average processing time of GrabImageRGBD(): 11.6493ms
Frame 593 end
Average processing time of GrabImageRGBD(): 11.6466ms
Frame 594 end
Average processing time of GrabImageRGBD(): 11.6497ms
Frame 595 end
Average processing time of GrabImageRGBD(): 11.6512ms
Frame 596 end
Average processing time of GrabImageRGBD(): 11.6534ms
Frame 597 end
Average processing time of GrabImageRGBD(): 11.6525ms
Frame 598 end
Average processing time of GrabImageRGBD(): 11.6531ms
Frame 599 end
Average processing time of GrabImageRGBD(): 11.6547ms
Frame 600 end
Average processing time of GrabImageRGBD(): 11.6541ms
Frame 601 end
Average processing time of GrabImageRGBD(): 11.657ms
Frame 602 end
Average processing time of GrabImageRGBD(): 11.6586ms
Frame 603 end
Average processing time of GrabImageRGBD(): 11.6575ms
Frame 604 end
Average processing time of GrabImageRGBD(): 11.6569ms
Frame 605 end
Average processing time of GrabImageRGBD(): 11.6578ms
Frame 606 end
Average processing time of GrabImageRGBD(): 11.6583ms
Frame 607 end
Average processing time of GrabImageRGBD(): 11.6539ms
Frame 608 end
Average processing time of GrabImageRGBD(): 11.6552ms
Frame 609 end
Average processing time of GrabImageRGBD(): 11.658ms
Frame 610 end
Average processing time of GrabImageRGBD(): 11.6558ms
Frame 611 end
Average processing time of GrabImageRGBD(): 11.6574ms
Frame 612 end
Average processing time of GrabImageRGBD(): 11.6593ms
Frame 613 end
Average processing time of GrabImageRGBD(): 11.6598ms
Frame 614 end
Average processing time of GrabImageRGBD(): 11.6584ms
Frame 615 end
Average processing time of GrabImageRGBD(): 11.6589ms
Frame 616 end
Average processing time of GrabImageRGBD(): 11.6617ms
Frame 617 end
Average processing time of GrabImageRGBD(): 11.6635ms
Frame 618 end
Average processing time of GrabImageRGBD(): 11.6918ms
Frame 619 end
Average processing time of GrabImageRGBD(): 11.6945ms
Frame 620 end
Average processing time of GrabImageRGBD(): 11.6919ms
Frame 621 end
Average processing time of GrabImageRGBD(): 11.7234ms
Frame 622 end
Average processing time of GrabImageRGBD(): 11.7264ms
Frame 623 end
Average processing time of GrabImageRGBD(): 11.7238ms
Frame 624 end
Average processing time of GrabImageRGBD(): 11.7262ms
Frame 625 end
Average processing time of GrabImageRGBD(): 11.7558ms
Frame 626 end
Average processing time of GrabImageRGBD(): 11.7524ms
Frame 627 end
Average processing time of GrabImageRGBD(): 11.7548ms
Frame 628 end
Average processing time of GrabImageRGBD(): 11.7575ms
Frame 629 end
Average processing time of GrabImageRGBD(): 11.7554ms
Frame 630 end
Average processing time of GrabImageRGBD(): 11.7585ms
Frame 631 end
Average processing time of GrabImageRGBD(): 11.7588ms
Frame 632 end
Average processing time of GrabImageRGBD(): 11.7539ms
Frame 633 end
Average processing time of GrabImageRGBD(): 11.7545ms
Frame 634 end
Average processing time of GrabImageRGBD(): 11.757ms
Frame 635 end
Average processing time of GrabImageRGBD(): 11.7563ms
Frame 636 end
Average processing time of GrabImageRGBD(): 11.757ms
Frame 637 end
Average processing time of GrabImageRGBD(): 11.7528ms
Frame 638 end
Average processing time of GrabImageRGBD(): 11.7539ms
Frame 639 end
Average processing time of GrabImageRGBD(): 11.7521ms
Frame 640 end
Average processing time of GrabImageRGBD(): 11.7527ms
Frame 641 end
Average processing time of GrabImageRGBD(): 11.7538ms
Frame 642 end
Average processing time of GrabImageRGBD(): 11.7537ms
Frame 643 end
Average processing time of GrabImageRGBD(): 11.7508ms
Frame 644 end
Average processing time of GrabImageRGBD(): 11.7511ms
Frame 645 end
Average processing time of GrabImageRGBD(): 11.7513ms
Frame 646 end
Average processing time of GrabImageRGBD(): 11.7518ms
Frame 647 end
Average processing time of GrabImageRGBD(): 11.7508ms
Frame 648 end
Average processing time of GrabImageRGBD(): 11.7509ms
Frame 649 end
Average processing time of GrabImageRGBD(): 11.7513ms
Frame 650 end
Average processing time of GrabImageRGBD(): 11.7526ms
Frame 651 end
Average processing time of GrabImageRGBD(): 11.7526ms
Frame 652 end
Average processing time of GrabImageRGBD(): 11.7547ms
Frame 653 end
Average processing time of GrabImageRGBD(): 11.7572ms
Frame 654 end
Average processing time of GrabImageRGBD(): 11.7549ms
Frame 655 end
Average processing time of GrabImageRGBD(): 11.7554ms
Frame 656 end
Average processing time of GrabImageRGBD(): 11.7843ms
Frame 657 end
Average processing time of GrabImageRGBD(): 11.7855ms
Frame 658 end
Average processing time of GrabImageRGBD(): 11.7883ms
Frame 659 end
Average processing time of GrabImageRGBD(): 11.7908ms
Frame 660 end
Average processing time of GrabImageRGBD(): 11.7913ms
Frame 661 end
Average processing time of GrabImageRGBD(): 11.7931ms
Frame 662 end
Average processing time of GrabImageRGBD(): 11.7933ms
Frame 663 end
Average processing time of GrabImageRGBD(): 11.7927ms
Frame 664 end
Average processing time of GrabImageRGBD(): 11.7909ms
Frame 665 end
Average processing time of GrabImageRGBD(): 11.7909ms
Frame 666 end
Average processing time of GrabImageRGBD(): 11.7935ms
Frame 667 end
Average processing time of GrabImageRGBD(): 11.795ms
Frame 668 end
Average processing time of GrabImageRGBD(): 11.7945ms
Frame 669 end
Average processing time of GrabImageRGBD(): 11.7919ms
Frame 670 end
Average processing time of GrabImageRGBD(): 11.7934ms
Frame 671 end
Average processing time of GrabImageRGBD(): 11.7957ms
Frame 672 end
Average processing time of GrabImageRGBD(): 11.7952ms
Frame 673 end
Average processing time of GrabImageRGBD(): 11.8204ms
Frame 674 end
Average processing time of GrabImageRGBD(): 11.8246ms
Frame 675 end
Average processing time of GrabImageRGBD(): 11.8279ms
Frame 676 end
Average processing time of GrabImageRGBD(): 11.831ms
Frame 677 end
Average processing time of GrabImageRGBD(): 11.8303ms
Frame 678 end
Average processing time of GrabImageRGBD(): 11.8331ms
Frame 679 end
Average processing time of GrabImageRGBD(): 11.8344ms
Frame 680 end
Average processing time of GrabImageRGBD(): 11.8332ms
Frame 681 end
Average processing time of GrabImageRGBD(): 11.835ms
Frame 682 end
Average processing time of GrabImageRGBD(): 11.8395ms
Frame 683 end
Average processing time of GrabImageRGBD(): 11.8405ms
Frame 684 end
Average processing time of GrabImageRGBD(): 11.8425ms
Frame 685 end
Average processing time of GrabImageRGBD(): 11.8433ms
Frame 686 end
Average processing time of GrabImageRGBD(): 11.8449ms
Frame 687 end
Average processing time of GrabImageRGBD(): 11.8454ms
Frame 688 end
Average processing time of GrabImageRGBD(): 11.8459ms
Frame 689 end
Average processing time of GrabImageRGBD(): 11.8461ms
Frame 690 end
Average processing time of GrabImageRGBD(): 11.8473ms
Frame 691 end
Average processing time of GrabImageRGBD(): 11.8505ms
Frame 692 end
Average processing time of GrabImageRGBD(): 11.8515ms
Frame 693 end
Average processing time of GrabImageRGBD(): 11.8548ms
Frame 694 end
Average processing time of GrabImageRGBD(): 11.8547ms
Frame 695 end
Average processing time of GrabImageRGBD(): 11.8536ms
Frame 696 end
Average processing time of GrabImageRGBD(): 11.854ms
Frame 697 end
Average processing time of GrabImageRGBD(): 11.8554ms
Frame 698 end
Average processing time of GrabImageRGBD(): 11.8578ms
Frame 699 end
Average processing time of GrabImageRGBD(): 11.8594ms
Frame 700 end
Average processing time of GrabImageRGBD(): 11.8602ms
Frame 701 end
Average processing time of GrabImageRGBD(): 11.8605ms
Frame 702 end
Average processing time of GrabImageRGBD(): 11.8633ms
Frame 703 end
Average processing time of GrabImageRGBD(): 11.8641ms
Frame 704 end
Average processing time of GrabImageRGBD(): 11.8911ms
Frame 705 end
Average processing time of GrabImageRGBD(): 11.8932ms
Frame 706 end
Average processing time of GrabImageRGBD(): 11.8981ms
Frame 707 end
Average processing time of GrabImageRGBD(): 11.899ms
Frame 708 end
Average processing time of GrabImageRGBD(): 11.8985ms
Frame 709 end
Average processing time of GrabImageRGBD(): 11.927ms
Frame 710 end
Average processing time of GrabImageRGBD(): 11.9293ms
Frame 711 end
Average processing time of GrabImageRGBD(): 11.9328ms
Frame 712 end
Average processing time of GrabImageRGBD(): 11.9373ms
Frame 713 end
Average processing time of GrabImageRGBD(): 11.938ms
Frame 714 end
Average processing time of GrabImageRGBD(): 11.9429ms
Frame 715 end
Average processing time of GrabImageRGBD(): 11.943ms
Frame 716 end
Shutdown
-------

median tracking time: 0.0128172
mean tracking time: 0.0127466

Saving camera trajectory to CameraTrajectory.txt ...

Saving keyframe trajectory to KeyFrameTrajectory.txt ...
