
ORB-SLAM3 Copyright (C) 2017-2020 Carlos Campos, Richard Elvira, Juan J. Gómez, José M.M. Montiel and Juan D. Tardós, University of Zaragoza.
ORB-SLAM2 Copyright (C) 2014-2016 Raúl Mur-Artal, José M.M. Montiel and Juan D. Tardós, University of Zaragoza.
This program comes with ABSOLUTELY NO WARRANTY;
This is free software, and you are welcome to redistribute it
under certain conditions. See LICENSE.txt.

Input sensor was set to: RGB-D
Loading settings from /home/bingxin/Downloads/NGD-SLAM/Examples/RGB-D/TUM3.yaml
Camera1.k3 optional parameter does not exist...
	-Loaded camera 1
Camera.newHeight optional parameter does not exist...
Camera.newWidth optional parameter does not exist...
	-Loaded image info
	-Loaded RGB-D calibration
	-Loaded ORB settings
Viewer.imageViewScale optional parameter does not exist...
	-Loaded viewer settings
System.LoadAtlasFromFile optional parameter does not exist...
System.SaveAtlasToFile optional parameter does not exist...
	-Loaded Atlas settings
System.thFarPoints optional parameter does not exist...
	-Loaded misc parameters
----------------------------------
SLAM settings: 
	-Camera 1 parameters (Pinhole): [ 535.4 539.2 320.1 247.6 ]
	-Camera 1 distortion parameters: [  0 0 0 0 ]
	-Original image size: [ 640 , 480 ]
	-Current image size: [ 640 , 480 ]
	-Sequence FPS: 30
	-RGB-D depth map factor: 5000
	-Features per image: 1000
	-ORB scale factor: 1.2
	-ORB number of scales: 8
	-Initial FAST threshold: 20
	-Min FAST threshold: 7


Loading ORB Vocabulary. This could take a while...
Vocabulary loaded!

Initialization of Atlas from scratch 
Creation of new map with id: 0
Creation of new map with last KF id: 0
Seq. Name: 
There are 1 cameras in the atlas
Camera 0 is pinhole
Net use yolo-fastest

-------
Start processing sequence ...
Images in the sequence: 717

First KF:0; Map init KF:0
New Map created with 552 points
Average processing time of GrabImageRGBD(): 49.2896ms
Frame 0 end
Average processing time of GrabImageRGBD(): 39.8582ms
Frame 1 end
Average processing time of GrabImageRGBD(): 36.2928ms
Frame 2 end
Average processing time of GrabImageRGBD(): 30.6226ms
Frame 3 end
Average processing time of GrabImageRGBD(): 27.4291ms
Frame 4 end
Average processing time of GrabImageRGBD(): 25.5105ms
Frame 5 end
Starting the Viewer
Average processing time of GrabImageRGBD(): 24.1293ms
Frame 6 end
Average processing time of GrabImageRGBD(): 22.7354ms
Frame 7 end
Average processing time of GrabImageRGBD(): 21.5ms
Frame 8 end
Average processing time of GrabImageRGBD(): 20.7853ms
Frame 9 end
Average processing time of GrabImageRGBD(): 20.1169ms
Frame 10 end
Average processing time of GrabImageRGBD(): 19.6922ms
Frame 11 end
Average processing time of GrabImageRGBD(): 19.3268ms
Frame 12 end
Average processing time of GrabImageRGBD(): 18.8901ms
Frame 13 end
Average processing time of GrabImageRGBD(): 18.5596ms
Frame 14 end
Average processing time of GrabImageRGBD(): 19.2564ms
Frame 15 end
Average processing time of GrabImageRGBD(): 19.0643ms
Frame 16 end
Average processing time of GrabImageRGBD(): 18.6286ms
Frame 17 end
Average processing time of GrabImageRGBD(): 18.3287ms
Frame 18 end
Average processing time of GrabImageRGBD(): 18.0262ms
Frame 19 end
Average processing time of GrabImageRGBD(): 17.7973ms
Frame 20 end
Average processing time of GrabImageRGBD(): 17.5889ms
Frame 21 end
Average processing time of GrabImageRGBD(): 17.3145ms
Frame 22 end
Average processing time of GrabImageRGBD(): 17.1708ms
Frame 23 end
Average processing time of GrabImageRGBD(): 17.0757ms
Frame 24 end
Average processing time of GrabImageRGBD(): 16.9365ms
Frame 25 end
Average processing time of GrabImageRGBD(): 16.8037ms
Frame 26 end
Average processing time of GrabImageRGBD(): 16.7205ms
Frame 27 end
Average processing time of GrabImageRGBD(): 16.6464ms
Frame 28 end
Average processing time of GrabImageRGBD(): 16.531ms
Frame 29 end
Average processing time of GrabImageRGBD(): 16.4906ms
Frame 30 end
Average processing time of GrabImageRGBD(): 16.4315ms
Frame 31 end
Average processing time of GrabImageRGBD(): 16.3502ms
Frame 32 end
Average processing time of GrabImageRGBD(): 16.2549ms
Frame 33 end
Average processing time of GrabImageRGBD(): 16.213ms
Frame 34 end
Average processing time of GrabImageRGBD(): 16.1347ms
Frame 35 end
Average processing time of GrabImageRGBD(): 16.0475ms
Frame 36 end
Average processing time of GrabImageRGBD(): 16.0257ms
Frame 37 end
Average processing time of GrabImageRGBD(): 16.6616ms
Frame 38 end
Average processing time of GrabImageRGBD(): 16.692ms
Frame 39 end
Average processing time of GrabImageRGBD(): 16.6434ms
Frame 40 end
Average processing time of GrabImageRGBD(): 16.5154ms
Frame 41 end
Average processing time of GrabImageRGBD(): 16.8334ms
Frame 42 end
Average processing time of GrabImageRGBD(): 16.7469ms
Frame 43 end
Average processing time of GrabImageRGBD(): 16.6551ms
Frame 44 end
Average processing time of GrabImageRGBD(): 16.6258ms
Frame 45 end
Average processing time of GrabImageRGBD(): 16.5182ms
Frame 46 end
Average processing time of GrabImageRGBD(): 16.491ms
Frame 47 end
Average processing time of GrabImageRGBD(): 16.4383ms
Frame 48 end
Average processing time of GrabImageRGBD(): 16.4045ms
Frame 49 end
Average processing time of GrabImageRGBD(): 16.3616ms
Frame 50 end
Average processing time of GrabImageRGBD(): 16.2395ms
Frame 51 end
Average processing time of GrabImageRGBD(): 16.202ms
Frame 52 end
Average processing time of GrabImageRGBD(): 16.4638ms
Frame 53 end
Average processing time of GrabImageRGBD(): 16.3741ms
Frame 54 end
Average processing time of GrabImageRGBD(): 16.3113ms
Frame 55 end
Average processing time of GrabImageRGBD(): 16.3105ms
Frame 56 end
Average processing time of GrabImageRGBD(): 16.3126ms
Frame 57 end
Average processing time of GrabImageRGBD(): 16.2669ms
Frame 58 end
Average processing time of GrabImageRGBD(): 16.2123ms
Frame 59 end
Average processing time of GrabImageRGBD(): 16.1579ms
Frame 60 end
Average processing time of GrabImageRGBD(): 16.1249ms
Frame 61 end
Average processing time of GrabImageRGBD(): 16.1031ms
Frame 62 end
Average processing time of GrabImageRGBD(): 16.0532ms
Frame 63 end
Average processing time of GrabImageRGBD(): 16.2439ms
Frame 64 end
Average processing time of GrabImageRGBD(): 16.2007ms
Frame 65 end
Average processing time of GrabImageRGBD(): 16.113ms
Frame 66 end
Average processing time of GrabImageRGBD(): 16.0715ms
Frame 67 end
Average processing time of GrabImageRGBD(): 16.0187ms
Frame 68 end
Average processing time of GrabImageRGBD(): 15.9838ms
Frame 69 end
Average processing time of GrabImageRGBD(): 15.9695ms
Frame 70 end
Average processing time of GrabImageRGBD(): 16.1759ms
Frame 71 end
Average processing time of GrabImageRGBD(): 16.151ms
Frame 72 end
Average processing time of GrabImageRGBD(): 16.0988ms
Frame 73 end
Average processing time of GrabImageRGBD(): 16.0572ms
Frame 74 end
Average processing time of GrabImageRGBD(): 16.0164ms
Frame 75 end
Average processing time of GrabImageRGBD(): 16.016ms
Frame 76 end
Average processing time of GrabImageRGBD(): 15.9928ms
Frame 77 end
Average processing time of GrabImageRGBD(): 15.9533ms
Frame 78 end
Average processing time of GrabImageRGBD(): 15.9436ms
Frame 79 end
Average processing time of GrabImageRGBD(): 15.9014ms
Frame 80 end
Average processing time of GrabImageRGBD(): 15.8591ms
Frame 81 end
Average processing time of GrabImageRGBD(): 15.814ms
Frame 82 end
Average processing time of GrabImageRGBD(): 15.7726ms
Frame 83 end
Average processing time of GrabImageRGBD(): 15.7526ms
Frame 84 end
Average processing time of GrabImageRGBD(): 15.7165ms
Frame 85 end
Average processing time of GrabImageRGBD(): 15.6955ms
Frame 86 end
Average processing time of GrabImageRGBD(): 15.6549ms
Frame 87 end
Average processing time of GrabImageRGBD(): 15.6369ms
Frame 88 end
Average processing time of GrabImageRGBD(): 15.6207ms
Frame 89 end
Average processing time of GrabImageRGBD(): 15.5889ms
Frame 90 end
Average processing time of GrabImageRGBD(): 15.778ms
Frame 91 end
Average processing time of GrabImageRGBD(): 15.7379ms
Frame 92 end
Average processing time of GrabImageRGBD(): 15.7138ms
Frame 93 end
Average processing time of GrabImageRGBD(): 15.6943ms
Frame 94 end
Average processing time of GrabImageRGBD(): 15.6474ms
Frame 95 end
Average processing time of GrabImageRGBD(): 15.6377ms
Frame 96 end
Average processing time of GrabImageRGBD(): 15.6172ms
Frame 97 end
Average processing time of GrabImageRGBD(): 15.5654ms
Frame 98 end
Average processing time of GrabImageRGBD(): 15.8082ms
Frame 99 end
Average processing time of GrabImageRGBD(): 15.8027ms
Frame 100 end
Average processing time of GrabImageRGBD(): 15.7843ms
Frame 101 end
Average processing time of GrabImageRGBD(): 15.7998ms
Frame 102 end
Average processing time of GrabImageRGBD(): 15.7577ms
Frame 103 end
Average processing time of GrabImageRGBD(): 15.7451ms
Frame 104 end
Average processing time of GrabImageRGBD(): 15.7274ms
Frame 105 end
Average processing time of GrabImageRGBD(): 15.7056ms
Frame 106 end
Average processing time of GrabImageRGBD(): 15.6761ms
Frame 107 end
Average processing time of GrabImageRGBD(): 15.6316ms
Frame 108 end
Average processing time of GrabImageRGBD(): 15.623ms
Frame 109 end
Average processing time of GrabImageRGBD(): 15.6109ms
Frame 110 end
Average processing time of GrabImageRGBD(): 15.6ms
Frame 111 end
Average processing time of GrabImageRGBD(): 15.7395ms
Frame 112 end
Average processing time of GrabImageRGBD(): 15.7302ms
Frame 113 end
Average processing time of GrabImageRGBD(): 15.7207ms
Frame 114 end
Average processing time of GrabImageRGBD(): 15.683ms
Frame 115 end
Average processing time of GrabImageRGBD(): 15.6657ms
Frame 116 end
Average processing time of GrabImageRGBD(): 15.6567ms
Frame 117 end
Average processing time of GrabImageRGBD(): 15.6487ms
Frame 118 end
Average processing time of GrabImageRGBD(): 15.6258ms
Frame 119 end
Average processing time of GrabImageRGBD(): 15.6124ms
Frame 120 end
Average processing time of GrabImageRGBD(): 15.6029ms
Frame 121 end
Average processing time of GrabImageRGBD(): 15.5816ms
Frame 122 end
Average processing time of GrabImageRGBD(): 15.6999ms
Frame 123 end
Average processing time of GrabImageRGBD(): 15.6932ms
Frame 124 end
Average processing time of GrabImageRGBD(): 15.689ms
Frame 125 end
Average processing time of GrabImageRGBD(): 15.6628ms
Frame 126 end
Average processing time of GrabImageRGBD(): 15.6538ms
Frame 127 end
Average processing time of GrabImageRGBD(): 15.6345ms
Frame 128 end
Average processing time of GrabImageRGBD(): 15.6243ms
Frame 129 end
Average processing time of GrabImageRGBD(): 15.621ms
Frame 130 end
Average processing time of GrabImageRGBD(): 15.5985ms
Frame 131 end
Average processing time of GrabImageRGBD(): 15.584ms
Frame 132 end
Average processing time of GrabImageRGBD(): 15.5675ms
Frame 133 end
Average processing time of GrabImageRGBD(): 15.545ms
Frame 134 end
Average processing time of GrabImageRGBD(): 15.533ms
Frame 135 end
Average processing time of GrabImageRGBD(): 15.516ms
Frame 136 end
Average processing time of GrabImageRGBD(): 15.4924ms
Frame 137 end
Average processing time of GrabImageRGBD(): 15.4719ms
Frame 138 end
Average processing time of GrabImageRGBD(): 15.451ms
Frame 139 end
Average processing time of GrabImageRGBD(): 15.5599ms
Frame 140 end
Average processing time of GrabImageRGBD(): 15.5591ms
Frame 141 end
Average processing time of GrabImageRGBD(): 15.559ms
Frame 142 end
Average processing time of GrabImageRGBD(): 15.5509ms
Frame 143 end
Average processing time of GrabImageRGBD(): 15.5297ms
Frame 144 end
Average processing time of GrabImageRGBD(): 15.5159ms
Frame 145 end
Average processing time of GrabImageRGBD(): 15.503ms
Frame 146 end
Average processing time of GrabImageRGBD(): 15.5051ms
Frame 147 end
Average processing time of GrabImageRGBD(): 15.4921ms
Frame 148 end
Average processing time of GrabImageRGBD(): 15.4929ms
Frame 149 end
Average processing time of GrabImageRGBD(): 15.4771ms
Frame 150 end
Average processing time of GrabImageRGBD(): 15.462ms
Frame 151 end
Average processing time of GrabImageRGBD(): 15.4612ms
Frame 152 end
Average processing time of GrabImageRGBD(): 15.4494ms
Frame 153 end
Average processing time of GrabImageRGBD(): 15.5492ms
Frame 154 end
Average processing time of GrabImageRGBD(): 15.5462ms
Frame 155 end
Average processing time of GrabImageRGBD(): 15.5225ms
Frame 156 end
Average processing time of GrabImageRGBD(): 15.5268ms
Frame 157 end
Average processing time of GrabImageRGBD(): 15.525ms
Frame 158 end
Average processing time of GrabImageRGBD(): 15.6209ms
Frame 159 end
Average processing time of GrabImageRGBD(): 15.6097ms
Frame 160 end
Average processing time of GrabImageRGBD(): 15.5959ms
Frame 161 end
Average processing time of GrabImageRGBD(): 15.6005ms
Frame 162 end
Average processing time of GrabImageRGBD(): 15.5799ms
Frame 163 end
Average processing time of GrabImageRGBD(): 15.5706ms
Frame 164 end
Average processing time of GrabImageRGBD(): 15.5751ms
Frame 165 end
Average processing time of GrabImageRGBD(): 15.5472ms
Frame 166 end
Average processing time of GrabImageRGBD(): 15.5434ms
Frame 167 end
Average processing time of GrabImageRGBD(): 15.5442ms
Frame 168 end
Average processing time of GrabImageRGBD(): 15.5264ms
Frame 169 end
Average processing time of GrabImageRGBD(): 15.5205ms
Frame 170 end
Average processing time of GrabImageRGBD(): 15.4924ms
Frame 171 end
Average processing time of GrabImageRGBD(): 15.4868ms
Frame 172 end
Average processing time of GrabImageRGBD(): 15.4789ms
Frame 173 end
Average processing time of GrabImageRGBD(): 15.4614ms
Frame 174 end
Average processing time of GrabImageRGBD(): 15.4479ms
Frame 175 end
Average processing time of GrabImageRGBD(): 15.454ms
Frame 176 end
Average processing time of GrabImageRGBD(): 15.4308ms
Frame 177 end
Average processing time of GrabImageRGBD(): 15.5094ms
Frame 178 end
Average processing time of GrabImageRGBD(): 15.5032ms
Frame 179 end
Average processing time of GrabImageRGBD(): 15.4942ms
Frame 180 end
Average processing time of GrabImageRGBD(): 15.487ms
Frame 181 end
Average processing time of GrabImageRGBD(): 15.485ms
Frame 182 end
Average processing time of GrabImageRGBD(): 15.4641ms
Frame 183 end
Average processing time of GrabImageRGBD(): 15.4508ms
Frame 184 end
Average processing time of GrabImageRGBD(): 15.44ms
Frame 185 end
Average processing time of GrabImageRGBD(): 15.5203ms
Frame 186 end
Average processing time of GrabImageRGBD(): 15.5139ms
Frame 187 end
Average processing time of GrabImageRGBD(): 15.5026ms
Frame 188 end
Average processing time of GrabImageRGBD(): 15.4761ms
Frame 189 end
Average processing time of GrabImageRGBD(): 15.4587ms
Frame 190 end
Average processing time of GrabImageRGBD(): 15.4413ms
Frame 191 end
Average processing time of GrabImageRGBD(): 15.4238ms
Frame 192 end
Average processing time of GrabImageRGBD(): 15.4003ms
Frame 193 end
Average processing time of GrabImageRGBD(): 15.3789ms
Frame 194 end
Average processing time of GrabImageRGBD(): 15.3528ms
Frame 195 end
Average processing time of GrabImageRGBD(): 15.325ms
Frame 196 end
Average processing time of GrabImageRGBD(): 15.3039ms
Frame 197 end
Average processing time of GrabImageRGBD(): 15.2568ms
Frame 198 end
Average processing time of GrabImageRGBD(): 15.1933ms
Frame 199 end
Average processing time of GrabImageRGBD(): 15.1317ms
Frame 200 end
Average processing time of GrabImageRGBD(): 15.0737ms
Frame 201 end
Average processing time of GrabImageRGBD(): 15.0272ms
Frame 202 end
Average processing time of GrabImageRGBD(): 14.9666ms
Frame 203 end
Average processing time of GrabImageRGBD(): 14.9167ms
Frame 204 end
Average processing time of GrabImageRGBD(): 14.862ms
Frame 205 end
Average processing time of GrabImageRGBD(): 14.803ms
Frame 206 end
Average processing time of GrabImageRGBD(): 14.7449ms
Frame 207 end
Average processing time of GrabImageRGBD(): 14.6974ms
Frame 208 end
Average processing time of GrabImageRGBD(): 14.6511ms
Frame 209 end
Average processing time of GrabImageRGBD(): 14.6055ms
Frame 210 end
Average processing time of GrabImageRGBD(): 14.5599ms
Frame 211 end
Average processing time of GrabImageRGBD(): 14.5143ms
Frame 212 end
Average processing time of GrabImageRGBD(): 14.4586ms
Frame 213 end
Average processing time of GrabImageRGBD(): 14.4034ms
Frame 214 end
Average processing time of GrabImageRGBD(): 14.35ms
Frame 215 end
Average processing time of GrabImageRGBD(): 14.3071ms
Frame 216 end
Average processing time of GrabImageRGBD(): 14.3485ms
Frame 217 end
Average processing time of GrabImageRGBD(): 14.2967ms
Frame 218 end
Average processing time of GrabImageRGBD(): 14.2566ms
Frame 219 end
Average processing time of GrabImageRGBD(): 14.2065ms
Frame 220 end
Average processing time of GrabImageRGBD(): 14.1667ms
Frame 221 end
Average processing time of GrabImageRGBD(): 14.1175ms
Frame 222 end
Average processing time of GrabImageRGBD(): 14.0773ms
Frame 223 end
Average processing time of GrabImageRGBD(): 14.0366ms
Frame 224 end
Average processing time of GrabImageRGBD(): 13.9864ms
Frame 225 end
Average processing time of GrabImageRGBD(): 13.9469ms
Frame 226 end
Average processing time of GrabImageRGBD(): 13.8995ms
Frame 227 end
Average processing time of GrabImageRGBD(): 13.8587ms
Frame 228 end
Average processing time of GrabImageRGBD(): 13.811ms
Frame 229 end
Average processing time of GrabImageRGBD(): 13.7686ms
Frame 230 end
Average processing time of GrabImageRGBD(): 13.7323ms
Frame 231 end
Average processing time of GrabImageRGBD(): 13.6843ms
Frame 232 end
Average processing time of GrabImageRGBD(): 13.6423ms
Frame 233 end
Average processing time of GrabImageRGBD(): 13.6062ms
Frame 234 end
Average processing time of GrabImageRGBD(): 13.5655ms
Frame 235 end
Average processing time of GrabImageRGBD(): 13.5197ms
Frame 236 end
Average processing time of GrabImageRGBD(): 13.4754ms
Frame 237 end
Average processing time of GrabImageRGBD(): 13.4398ms
Frame 238 end
Average processing time of GrabImageRGBD(): 13.4044ms
Frame 239 end
Average processing time of GrabImageRGBD(): 13.3614ms
Frame 240 end
Average processing time of GrabImageRGBD(): 13.3264ms
Frame 241 end
Average processing time of GrabImageRGBD(): 13.2915ms
Frame 242 end
Average processing time of GrabImageRGBD(): 13.2575ms
Frame 243 end
Average processing time of GrabImageRGBD(): 13.2244ms
Frame 244 end
Average processing time of GrabImageRGBD(): 13.1917ms
Frame 245 end
Average processing time of GrabImageRGBD(): 13.1602ms
Frame 246 end
Average processing time of GrabImageRGBD(): 13.1187ms
Frame 247 end
Average processing time of GrabImageRGBD(): 13.1608ms
Frame 248 end
Average processing time of GrabImageRGBD(): 13.1257ms
Frame 249 end
Average processing time of GrabImageRGBD(): 13.0976ms
Frame 250 end
Average processing time of GrabImageRGBD(): 13.0566ms
Frame 251 end
Average processing time of GrabImageRGBD(): 13.0164ms
Frame 252 end
Average processing time of GrabImageRGBD(): 12.9859ms
Frame 253 end
Average processing time of GrabImageRGBD(): 12.9528ms
Frame 254 end
Average processing time of GrabImageRGBD(): 12.9261ms
Frame 255 end
Average processing time of GrabImageRGBD(): 12.887ms
Frame 256 end
Average processing time of GrabImageRGBD(): 12.8471ms
Frame 257 end
Average processing time of GrabImageRGBD(): 12.8188ms
Frame 258 end
Average processing time of GrabImageRGBD(): 12.7907ms
Frame 259 end
Average processing time of GrabImageRGBD(): 12.7532ms
Frame 260 end
Average processing time of GrabImageRGBD(): 12.7271ms
Frame 261 end
Average processing time of GrabImageRGBD(): 12.697ms
Frame 262 end
Average processing time of GrabImageRGBD(): 12.6713ms
Frame 263 end
Average processing time of GrabImageRGBD(): 12.6366ms
Frame 264 end
Average processing time of GrabImageRGBD(): 12.6061ms
Frame 265 end
Average processing time of GrabImageRGBD(): 12.5727ms
Frame 266 end
Average processing time of GrabImageRGBD(): 12.5349ms
Frame 267 end
Average processing time of GrabImageRGBD(): 12.507ms
Frame 268 end
Average processing time of GrabImageRGBD(): 12.4814ms
Frame 269 end
Average processing time of GrabImageRGBD(): 12.4552ms
Frame 270 end
Average processing time of GrabImageRGBD(): 12.4285ms
Frame 271 end
Average processing time of GrabImageRGBD(): 12.3934ms
Frame 272 end
Average processing time of GrabImageRGBD(): 12.3594ms
Frame 273 end
Average processing time of GrabImageRGBD(): 12.3343ms
Frame 274 end
Average processing time of GrabImageRGBD(): 12.3098ms
Frame 275 end
Average processing time of GrabImageRGBD(): 12.2859ms
Frame 276 end
Average processing time of GrabImageRGBD(): 12.2556ms
Frame 277 end
Average processing time of GrabImageRGBD(): 12.231ms
Frame 278 end
Average processing time of GrabImageRGBD(): 12.2689ms
Frame 279 end
Average processing time of GrabImageRGBD(): 12.2488ms
Frame 280 end
Average processing time of GrabImageRGBD(): 12.213ms
Frame 281 end
Average processing time of GrabImageRGBD(): 12.1823ms
Frame 282 end
Average processing time of GrabImageRGBD(): 12.1504ms
Frame 283 end
Average processing time of GrabImageRGBD(): 12.1303ms
Frame 284 end
Average processing time of GrabImageRGBD(): 12.11ms
Frame 285 end
Average processing time of GrabImageRGBD(): 12.0869ms
Frame 286 end
Average processing time of GrabImageRGBD(): 12.0645ms
Frame 287 end
Average processing time of GrabImageRGBD(): 12.0374ms
Frame 288 end
Average processing time of GrabImageRGBD(): 12.0159ms
Frame 289 end
Average processing time of GrabImageRGBD(): 11.9847ms
Frame 290 end
Average processing time of GrabImageRGBD(): 11.9554ms
Frame 291 end
Average processing time of GrabImageRGBD(): 11.9342ms
Frame 292 end
Average processing time of GrabImageRGBD(): 11.9029ms
Frame 293 end
Average processing time of GrabImageRGBD(): 11.8726ms
Frame 294 end
Average processing time of GrabImageRGBD(): 11.8515ms
Frame 295 end
Average processing time of GrabImageRGBD(): 11.8308ms
Frame 296 end
Average processing time of GrabImageRGBD(): 11.8078ms
Frame 297 end
Average processing time of GrabImageRGBD(): 11.78ms
Frame 298 end
Average processing time of GrabImageRGBD(): 11.7572ms
Frame 299 end
Average processing time of GrabImageRGBD(): 11.7273ms
Frame 300 end
Average processing time of GrabImageRGBD(): 11.7076ms
Frame 301 end
Average processing time of GrabImageRGBD(): 11.6772ms
Frame 302 end
Average processing time of GrabImageRGBD(): 11.6487ms
Frame 303 end
Average processing time of GrabImageRGBD(): 11.6226ms
Frame 304 end
Average processing time of GrabImageRGBD(): 11.6627ms
Frame 305 end
Average processing time of GrabImageRGBD(): 11.6466ms
Frame 306 end
Average processing time of GrabImageRGBD(): 11.6165ms
Frame 307 end
Average processing time of GrabImageRGBD(): 11.5889ms
Frame 308 end
Average processing time of GrabImageRGBD(): 11.5633ms
Frame 309 end
Average processing time of GrabImageRGBD(): 11.5353ms
Frame 310 end
Average processing time of GrabImageRGBD(): 11.5164ms
Frame 311 end
Average processing time of GrabImageRGBD(): 11.4889ms
Frame 312 end
Average processing time of GrabImageRGBD(): 11.4722ms
Frame 313 end
Average processing time of GrabImageRGBD(): 11.4544ms
Frame 314 end
Average processing time of GrabImageRGBD(): 11.4262ms
Frame 315 end
Average processing time of GrabImageRGBD(): 11.4098ms
Frame 316 end
Average processing time of GrabImageRGBD(): 11.383ms
Frame 317 end
Average processing time of GrabImageRGBD(): 11.3636ms
Frame 318 end
Average processing time of GrabImageRGBD(): 11.3464ms
Frame 319 end
Average processing time of GrabImageRGBD(): 11.3203ms
Frame 320 end
Average processing time of GrabImageRGBD(): 11.3033ms
Frame 321 end
Average processing time of GrabImageRGBD(): 11.2795ms
Frame 322 end
Average processing time of GrabImageRGBD(): 11.2572ms
Frame 323 end
Average processing time of GrabImageRGBD(): 11.2408ms
Frame 324 end
Average processing time of GrabImageRGBD(): 11.215ms
Frame 325 end
Average processing time of GrabImageRGBD(): 11.1988ms
Frame 326 end
Average processing time of GrabImageRGBD(): 11.182ms
Frame 327 end
Average processing time of GrabImageRGBD(): 11.1655ms
Frame 328 end
Average processing time of GrabImageRGBD(): 11.1505ms
Frame 329 end
Average processing time of GrabImageRGBD(): 11.1236ms
Frame 330 end
Average processing time of GrabImageRGBD(): 11.1078ms
Frame 331 end
Average processing time of GrabImageRGBD(): 11.0911ms
Frame 332 end
Average processing time of GrabImageRGBD(): 11.0661ms
Frame 333 end
Average processing time of GrabImageRGBD(): 11.0502ms
Frame 334 end
Average processing time of GrabImageRGBD(): 11.0325ms
Frame 335 end
Average processing time of GrabImageRGBD(): 11.0723ms
Frame 336 end
Average processing time of GrabImageRGBD(): 11.0499ms
Frame 337 end
Average processing time of GrabImageRGBD(): 11.0243ms
Frame 338 end
Average processing time of GrabImageRGBD(): 11.0138ms
Frame 339 end
Average processing time of GrabImageRGBD(): 10.9971ms
Frame 340 end
Average processing time of GrabImageRGBD(): 10.9802ms
Frame 341 end
Average processing time of GrabImageRGBD(): 10.9682ms
Frame 342 end
Average processing time of GrabImageRGBD(): 10.9454ms
Frame 343 end
Average processing time of GrabImageRGBD(): 10.9223ms
Frame 344 end
Average processing time of GrabImageRGBD(): 10.91ms
Frame 345 end
Average processing time of GrabImageRGBD(): 10.8935ms
Frame 346 end
Average processing time of GrabImageRGBD(): 10.8819ms
Frame 347 end
Average processing time of GrabImageRGBD(): 10.8697ms
Frame 348 end
Average processing time of GrabImageRGBD(): 10.8579ms
Frame 349 end
Average processing time of GrabImageRGBD(): 10.8447ms
Frame 350 end
Average processing time of GrabImageRGBD(): 10.8318ms
Frame 351 end
Average processing time of GrabImageRGBD(): 10.8096ms
Frame 352 end
Average processing time of GrabImageRGBD(): 10.7988ms
Frame 353 end
Average processing time of GrabImageRGBD(): 10.7859ms
Frame 354 end
Average processing time of GrabImageRGBD(): 10.7634ms
Frame 355 end
Average processing time of GrabImageRGBD(): 10.7416ms
Frame 356 end
Average processing time of GrabImageRGBD(): 10.7303ms
Frame 357 end
Average processing time of GrabImageRGBD(): 10.7081ms
Frame 358 end
Average processing time of GrabImageRGBD(): 10.691ms
Frame 359 end
Average processing time of GrabImageRGBD(): 10.6784ms
Frame 360 end
Average processing time of GrabImageRGBD(): 10.6567ms
Frame 361 end
Average processing time of GrabImageRGBD(): 10.6363ms
Frame 362 end
Average processing time of GrabImageRGBD(): 10.6174ms
Frame 363 end
Average processing time of GrabImageRGBD(): 10.6022ms
Frame 364 end
Average processing time of GrabImageRGBD(): 10.5813ms
Frame 365 end
Average processing time of GrabImageRGBD(): 10.5655ms
Frame 366 end
Average processing time of GrabImageRGBD(): 10.6013ms
Frame 367 end
Average processing time of GrabImageRGBD(): 10.5821ms
Frame 368 end
Average processing time of GrabImageRGBD(): 10.5592ms
Frame 369 end
Average processing time of GrabImageRGBD(): 10.5436ms
Frame 370 end
Average processing time of GrabImageRGBD(): 10.5284ms
Frame 371 end
Average processing time of GrabImageRGBD(): 10.5172ms
Frame 372 end
Average processing time of GrabImageRGBD(): 10.5164ms
Frame 373 end
Average processing time of GrabImageRGBD(): 10.5139ms
Frame 374 end
Average processing time of GrabImageRGBD(): 10.5169ms
Frame 375 end
Average processing time of GrabImageRGBD(): 10.5196ms
Frame 376 end
Average processing time of GrabImageRGBD(): 10.5178ms
Frame 377 end
Average processing time of GrabImageRGBD(): 10.5196ms
Frame 378 end
Average processing time of GrabImageRGBD(): 10.5223ms
Frame 379 end
Average processing time of GrabImageRGBD(): 10.513ms
Frame 380 end
Average processing time of GrabImageRGBD(): 10.5619ms
Frame 381 end
Average processing time of GrabImageRGBD(): 10.5664ms
Frame 382 end
Average processing time of GrabImageRGBD(): 10.569ms
Frame 383 end
Average processing time of GrabImageRGBD(): 10.5662ms
Frame 384 end
Average processing time of GrabImageRGBD(): 10.57ms
Frame 385 end
Average processing time of GrabImageRGBD(): 10.5756ms
Frame 386 end
Average processing time of GrabImageRGBD(): 10.5818ms
Frame 387 end
Average processing time of GrabImageRGBD(): 10.583ms
Frame 388 end
Average processing time of GrabImageRGBD(): 10.5961ms
Frame 389 end
Average processing time of GrabImageRGBD(): 10.609ms
Frame 390 end
Average processing time of GrabImageRGBD(): 10.6146ms
Frame 391 end
Average processing time of GrabImageRGBD(): 10.625ms
Frame 392 end
Average processing time of GrabImageRGBD(): 10.6836ms
Frame 393 end
Average processing time of GrabImageRGBD(): 10.7014ms
Frame 394 end
Average processing time of GrabImageRGBD(): 10.706ms
Frame 395 end
Average processing time of GrabImageRGBD(): 10.7088ms
Frame 396 end
Average processing time of GrabImageRGBD(): 10.7247ms
Frame 397 end
Average processing time of GrabImageRGBD(): 10.7331ms
Frame 398 end
Average processing time of GrabImageRGBD(): 10.7424ms
Frame 399 end
Average processing time of GrabImageRGBD(): 10.7592ms
Frame 400 end
Average processing time of GrabImageRGBD(): 10.8096ms
Frame 401 end
Average processing time of GrabImageRGBD(): 10.8319ms
Frame 402 end
Average processing time of GrabImageRGBD(): 10.8452ms
Frame 403 end
Average processing time of GrabImageRGBD(): 10.8607ms
Frame 404 end
Average processing time of GrabImageRGBD(): 10.9203ms
Frame 405 end
Average processing time of GrabImageRGBD(): 10.9337ms
Frame 406 end
Average processing time of GrabImageRGBD(): 10.9432ms
Frame 407 end
Average processing time of GrabImageRGBD(): 10.9577ms
Frame 408 end
Average processing time of GrabImageRGBD(): 11.0063ms
Frame 409 end
Average processing time of GrabImageRGBD(): 11.0219ms
Frame 410 end
Average processing time of GrabImageRGBD(): 11.0227ms
Frame 411 end
Average processing time of GrabImageRGBD(): 11.0352ms
Frame 412 end
Average processing time of GrabImageRGBD(): 11.0893ms
Frame 413 end
Average processing time of GrabImageRGBD(): 11.1004ms
Frame 414 end
Average processing time of GrabImageRGBD(): 11.1044ms
Frame 415 end
Average processing time of GrabImageRGBD(): 11.1519ms
Frame 416 end
Average processing time of GrabImageRGBD(): 11.1566ms
Frame 417 end
Average processing time of GrabImageRGBD(): 11.1675ms
Frame 418 end
Average processing time of GrabImageRGBD(): 11.1804ms
Frame 419 end
Average processing time of GrabImageRGBD(): 11.1836ms
Frame 420 end
Average processing time of GrabImageRGBD(): 11.1916ms
Frame 421 end
Average processing time of GrabImageRGBD(): 11.1866ms
Frame 422 end
Average processing time of GrabImageRGBD(): 11.1846ms
Frame 423 end
Average processing time of GrabImageRGBD(): 11.1927ms
Frame 424 end
Average processing time of GrabImageRGBD(): 11.2019ms
Frame 425 end
Average processing time of GrabImageRGBD(): 11.2059ms
Frame 426 end
Average processing time of GrabImageRGBD(): 11.254ms
Frame 427 end
Average processing time of GrabImageRGBD(): 11.2606ms
Frame 428 end
Average processing time of GrabImageRGBD(): 11.2673ms
Frame 429 end
Average processing time of GrabImageRGBD(): 11.3121ms
Frame 430 end
Average processing time of GrabImageRGBD(): 11.3331ms
Frame 431 end
Average processing time of GrabImageRGBD(): 11.3395ms
Frame 432 end
Average processing time of GrabImageRGBD(): 11.3467ms
Frame 433 end
Average processing time of GrabImageRGBD(): 11.3965ms
Frame 434 end
Average processing time of GrabImageRGBD(): 11.4113ms
Frame 435 end
Average processing time of GrabImageRGBD(): 11.4183ms
Frame 436 end
Average processing time of GrabImageRGBD(): 11.4682ms
Frame 437 end
Average processing time of GrabImageRGBD(): 11.4742ms
Frame 438 end
Average processing time of GrabImageRGBD(): 11.4818ms
Frame 439 end
Average processing time of GrabImageRGBD(): 11.5277ms
Frame 440 end
Average processing time of GrabImageRGBD(): 11.5323ms
Frame 441 end
Average processing time of GrabImageRGBD(): 11.535ms
Frame 442 end
Average processing time of GrabImageRGBD(): 11.5482ms
Frame 443 end
Average processing time of GrabImageRGBD(): 11.5487ms
Frame 444 end
Average processing time of GrabImageRGBD(): 11.5499ms
Frame 445 end
Average processing time of GrabImageRGBD(): 11.5507ms
Frame 446 end
Average processing time of GrabImageRGBD(): 11.5527ms
Frame 447 end
Average processing time of GrabImageRGBD(): 11.5546ms
Frame 448 end
Average processing time of GrabImageRGBD(): 11.5417ms
Frame 449 end
Average processing time of GrabImageRGBD(): 11.5342ms
Frame 450 end
Average processing time of GrabImageRGBD(): 11.5247ms
Frame 451 end
Average processing time of GrabImageRGBD(): 11.5167ms
Frame 452 end
Average processing time of GrabImageRGBD(): 11.5087ms
Frame 453 end
Average processing time of GrabImageRGBD(): 11.5036ms
Frame 454 end
Average processing time of GrabImageRGBD(): 11.4986ms
Frame 455 end
Average processing time of GrabImageRGBD(): 11.4951ms
Frame 456 end
Average processing time of GrabImageRGBD(): 11.4917ms
Frame 457 end
Average processing time of GrabImageRGBD(): 11.4864ms
Frame 458 end
Average processing time of GrabImageRGBD(): 11.4776ms
Frame 459 end
Average processing time of GrabImageRGBD(): 11.473ms
Frame 460 end
Average processing time of GrabImageRGBD(): 11.5081ms
Frame 461 end
Average processing time of GrabImageRGBD(): 11.5077ms
Frame 462 end
Average processing time of GrabImageRGBD(): 11.5023ms
Frame 463 end
Average processing time of GrabImageRGBD(): 11.5001ms
Frame 464 end
Average processing time of GrabImageRGBD(): 11.493ms
Frame 465 end
Average processing time of GrabImageRGBD(): 11.4875ms
Frame 466 end
Average processing time of GrabImageRGBD(): 11.4813ms
Frame 467 end
Average processing time of GrabImageRGBD(): 11.4749ms
Frame 468 end
Average processing time of GrabImageRGBD(): 11.4683ms
Frame 469 end
Average processing time of GrabImageRGBD(): 11.4633ms
Frame 470 end
Average processing time of GrabImageRGBD(): 11.459ms
Frame 471 end
Average processing time of GrabImageRGBD(): 11.4519ms
Frame 472 end
Average processing time of GrabImageRGBD(): 11.4496ms
Frame 473 end
Average processing time of GrabImageRGBD(): 11.4465ms
Frame 474 end
Average processing time of GrabImageRGBD(): 11.4434ms
Frame 475 end
Average processing time of GrabImageRGBD(): 11.4402ms
Frame 476 end
Average processing time of GrabImageRGBD(): 11.4383ms
Frame 477 end
Average processing time of GrabImageRGBD(): 11.4327ms
Frame 478 end
Average processing time of GrabImageRGBD(): 11.418ms
Frame 479 end
Average processing time of GrabImageRGBD(): 11.4146ms
Frame 480 end
Average processing time of GrabImageRGBD(): 11.4479ms
Frame 481 end
Average processing time of GrabImageRGBD(): 11.451ms
Frame 482 end
Average processing time of GrabImageRGBD(): 11.4518ms
Frame 483 end
Average processing time of GrabImageRGBD(): 11.451ms
Frame 484 end
Average processing time of GrabImageRGBD(): 11.4462ms
Frame 485 end
Average processing time of GrabImageRGBD(): 11.4447ms
Frame 486 end
Average processing time of GrabImageRGBD(): 11.4407ms
Frame 487 end
Average processing time of GrabImageRGBD(): 11.4366ms
Frame 488 end
Average processing time of GrabImageRGBD(): 11.4363ms
Frame 489 end
Average processing time of GrabImageRGBD(): 11.4348ms
Frame 490 end
Average processing time of GrabImageRGBD(): 11.4344ms
Frame 491 end
Average processing time of GrabImageRGBD(): 11.4296ms
Frame 492 end
Average processing time of GrabImageRGBD(): 11.429ms
Frame 493 end
Average processing time of GrabImageRGBD(): 11.4291ms
Frame 494 end
Average processing time of GrabImageRGBD(): 11.4295ms
Frame 495 end
Average processing time of GrabImageRGBD(): 11.4261ms
Frame 496 end
Average processing time of GrabImageRGBD(): 11.4208ms
Frame 497 end
Average processing time of GrabImageRGBD(): 11.4171ms
Frame 498 end
Average processing time of GrabImageRGBD(): 11.4124ms
Frame 499 end
Average processing time of GrabImageRGBD(): 11.4043ms
Frame 500 end
Average processing time of GrabImageRGBD(): 11.3987ms
Frame 501 end
Average processing time of GrabImageRGBD(): 11.3976ms
Frame 502 end
Average processing time of GrabImageRGBD(): 11.3982ms
Frame 503 end
Average processing time of GrabImageRGBD(): 11.3985ms
Frame 504 end
Average processing time of GrabImageRGBD(): 11.3957ms
Frame 505 end
Average processing time of GrabImageRGBD(): 11.3912ms
Frame 506 end
Average processing time of GrabImageRGBD(): 11.3878ms
Frame 507 end
Average processing time of GrabImageRGBD(): 11.3852ms
Frame 508 end
Average processing time of GrabImageRGBD(): 11.3822ms
Frame 509 end
Average processing time of GrabImageRGBD(): 11.382ms
Frame 510 end
Average processing time of GrabImageRGBD(): 11.3808ms
Frame 511 end
Average processing time of GrabImageRGBD(): 11.4307ms
Frame 512 end
Average processing time of GrabImageRGBD(): 11.4282ms
Frame 513 end
Average processing time of GrabImageRGBD(): 11.4248ms
Frame 514 end
Average processing time of GrabImageRGBD(): 11.4243ms
Frame 515 end
Average processing time of GrabImageRGBD(): 11.4245ms
Frame 516 end
Average processing time of GrabImageRGBD(): 11.4206ms
Frame 517 end
Average processing time of GrabImageRGBD(): 11.4159ms
Frame 518 end
Average processing time of GrabImageRGBD(): 11.4056ms
Frame 519 end
Average processing time of GrabImageRGBD(): 11.406ms
Frame 520 end
Average processing time of GrabImageRGBD(): 11.4004ms
Frame 521 end
Average processing time of GrabImageRGBD(): 11.399ms
Frame 522 end
Average processing time of GrabImageRGBD(): 11.3988ms
Frame 523 end
Average processing time of GrabImageRGBD(): 11.3908ms
Frame 524 end
Average processing time of GrabImageRGBD(): 11.3905ms
Frame 525 end
Average processing time of GrabImageRGBD(): 11.3899ms
Frame 526 end
Average processing time of GrabImageRGBD(): 11.3884ms
Frame 527 end
Average processing time of GrabImageRGBD(): 11.3794ms
Frame 528 end
Average processing time of GrabImageRGBD(): 11.3786ms
Frame 529 end
Average processing time of GrabImageRGBD(): 11.3756ms
Frame 530 end
Average processing time of GrabImageRGBD(): 11.3719ms
Frame 531 end
Average processing time of GrabImageRGBD(): 11.365ms
Frame 532 end
Average processing time of GrabImageRGBD(): 11.3621ms
Frame 533 end
Average processing time of GrabImageRGBD(): 11.3562ms
Frame 534 end
Average processing time of GrabImageRGBD(): 11.3519ms
Frame 535 end
Average processing time of GrabImageRGBD(): 11.3991ms
Frame 536 end
Average processing time of GrabImageRGBD(): 11.3969ms
Frame 537 end
Average processing time of GrabImageRGBD(): 11.3937ms
Frame 538 end
Average processing time of GrabImageRGBD(): 11.409ms
Frame 539 end
Average processing time of GrabImageRGBD(): 11.4504ms
Frame 540 end
Average processing time of GrabImageRGBD(): 11.4481ms
Frame 541 end
Average processing time of GrabImageRGBD(): 11.4516ms
Frame 542 end
Average processing time of GrabImageRGBD(): 11.4521ms
Frame 543 end
Average processing time of GrabImageRGBD(): 11.4524ms
Frame 544 end
Average processing time of GrabImageRGBD(): 11.4545ms
Frame 545 end
Average processing time of GrabImageRGBD(): 11.4622ms
Frame 546 end
Average processing time of GrabImageRGBD(): 11.4624ms
Frame 547 end
Average processing time of GrabImageRGBD(): 11.467ms
Frame 548 end
Average processing time of GrabImageRGBD(): 11.4724ms
Frame 549 end
Average processing time of GrabImageRGBD(): 11.4758ms
Frame 550 end
Average processing time of GrabImageRGBD(): 11.4816ms
Frame 551 end
Average processing time of GrabImageRGBD(): 11.4804ms
Frame 552 end
Average processing time of GrabImageRGBD(): 11.4836ms
Frame 553 end
Average processing time of GrabImageRGBD(): 11.4873ms
Frame 554 end
Average processing time of GrabImageRGBD(): 11.4877ms
Frame 555 end
Average processing time of GrabImageRGBD(): 11.4903ms
Frame 556 end
Average processing time of GrabImageRGBD(): 11.493ms
Frame 557 end
Average processing time of GrabImageRGBD(): 11.4947ms
Frame 558 end
Average processing time of GrabImageRGBD(): 11.4974ms
Frame 559 end
Average processing time of GrabImageRGBD(): 11.5304ms
Frame 560 end
Average processing time of GrabImageRGBD(): 11.5364ms
Frame 561 end
Average processing time of GrabImageRGBD(): 11.54ms
Frame 562 end
Average processing time of GrabImageRGBD(): 11.5414ms
Frame 563 end
Average processing time of GrabImageRGBD(): 11.5416ms
Frame 564 end
Average processing time of GrabImageRGBD(): 11.5451ms
Frame 565 end
Average processing time of GrabImageRGBD(): 11.5473ms
Frame 566 end
Average processing time of GrabImageRGBD(): 11.5515ms
Frame 567 end
Average processing time of GrabImageRGBD(): 11.5526ms
Frame 568 end
Average processing time of GrabImageRGBD(): 11.5541ms
Frame 569 end
Average processing time of GrabImageRGBD(): 11.5557ms
Frame 570 end
Average processing time of GrabImageRGBD(): 11.5597ms
Frame 571 end
Average processing time of GrabImageRGBD(): 11.6112ms
Frame 572 end
Average processing time of GrabImageRGBD(): 11.6093ms
Frame 573 end
Average processing time of GrabImageRGBD(): 11.6132ms
Frame 574 end
Average processing time of GrabImageRGBD(): 11.6152ms
Frame 575 end
Average processing time of GrabImageRGBD(): 11.619ms
Frame 576 end
Average processing time of GrabImageRGBD(): 11.6213ms
Frame 577 end
Average processing time of GrabImageRGBD(): 11.6252ms
Frame 578 end
Average processing time of GrabImageRGBD(): 11.6323ms
Frame 579 end
Average processing time of GrabImageRGBD(): 11.6358ms
Frame 580 end
Average processing time of GrabImageRGBD(): 11.6361ms
Frame 581 end
Average processing time of GrabImageRGBD(): 11.6402ms
Frame 582 end
Average processing time of GrabImageRGBD(): 11.6387ms
Frame 583 end
Average processing time of GrabImageRGBD(): 11.6753ms
Frame 584 end
Average processing time of GrabImageRGBD(): 11.6803ms
Frame 585 end
Average processing time of GrabImageRGBD(): 11.6841ms
Frame 586 end
Average processing time of GrabImageRGBD(): 11.6872ms
Frame 587 end
Average processing time of GrabImageRGBD(): 11.6878ms
Frame 588 end
Average processing time of GrabImageRGBD(): 11.6908ms
Frame 589 end
Average processing time of GrabImageRGBD(): 11.6919ms
Frame 590 end
Average processing time of GrabImageRGBD(): 11.6918ms
Frame 591 end
Average processing time of GrabImageRGBD(): 11.694ms
Frame 592 end
Average processing time of GrabImageRGBD(): 11.6979ms
Frame 593 end
Average processing time of GrabImageRGBD(): 11.698ms
Frame 594 end
Average processing time of GrabImageRGBD(): 11.7002ms
Frame 595 end
Average processing time of GrabImageRGBD(): 11.6999ms
Frame 596 end
Average processing time of GrabImageRGBD(): 11.7017ms
Frame 597 end
Average processing time of GrabImageRGBD(): 11.7026ms
Frame 598 end
Average processing time of GrabImageRGBD(): 11.7023ms
Frame 599 end
Average processing time of GrabImageRGBD(): 11.7044ms
Frame 600 end
Average processing time of GrabImageRGBD(): 11.7095ms
Frame 601 end
Average processing time of GrabImageRGBD(): 11.7079ms
Frame 602 end
Average processing time of GrabImageRGBD(): 11.707ms
Frame 603 end
Average processing time of GrabImageRGBD(): 11.7066ms
Frame 604 end
Average processing time of GrabImageRGBD(): 11.707ms
Frame 605 end
Average processing time of GrabImageRGBD(): 11.7093ms
Frame 606 end
Average processing time of GrabImageRGBD(): 11.7082ms
Frame 607 end
Average processing time of GrabImageRGBD(): 11.7091ms
Frame 608 end
Average processing time of GrabImageRGBD(): 11.7093ms
Frame 609 end
Average processing time of GrabImageRGBD(): 11.7135ms
Frame 610 end
Average processing time of GrabImageRGBD(): 11.745ms
Frame 611 end
Average processing time of GrabImageRGBD(): 11.745ms
Frame 612 end
Average processing time of GrabImageRGBD(): 11.7481ms
Frame 613 end
Average processing time of GrabImageRGBD(): 11.781ms
Frame 614 end
Average processing time of GrabImageRGBD(): 11.7789ms
Frame 615 end
Average processing time of GrabImageRGBD(): 11.7815ms
Frame 616 end
Average processing time of GrabImageRGBD(): 11.7827ms
Frame 617 end
Average processing time of GrabImageRGBD(): 11.7828ms
Frame 618 end
Average processing time of GrabImageRGBD(): 11.7842ms
Frame 619 end
Average processing time of GrabImageRGBD(): 11.7846ms
Frame 620 end
Average processing time of GrabImageRGBD(): 11.8161ms
Frame 621 end
Average processing time of GrabImageRGBD(): 11.8173ms
Frame 622 end
Average processing time of GrabImageRGBD(): 11.8208ms
Frame 623 end
Average processing time of GrabImageRGBD(): 11.8528ms
Frame 624 end
Average processing time of GrabImageRGBD(): 11.8549ms
Frame 625 end
Average processing time of GrabImageRGBD(): 11.8564ms
Frame 626 end
Average processing time of GrabImageRGBD(): 11.856ms
Frame 627 end
Average processing time of GrabImageRGBD(): 11.8534ms
Frame 628 end
Average processing time of GrabImageRGBD(): 11.8549ms
Frame 629 end
Average processing time of GrabImageRGBD(): 11.8555ms
Frame 630 end
Average processing time of GrabImageRGBD(): 11.8567ms
Frame 631 end
Average processing time of GrabImageRGBD(): 11.8579ms
Frame 632 end
Average processing time of GrabImageRGBD(): 11.8586ms
Frame 633 end
Average processing time of GrabImageRGBD(): 11.8562ms
Frame 634 end
Average processing time of GrabImageRGBD(): 11.8529ms
Frame 635 end
Average processing time of GrabImageRGBD(): 11.8547ms
Frame 636 end
Average processing time of GrabImageRGBD(): 11.8547ms
Frame 637 end
Average processing time of GrabImageRGBD(): 11.8569ms
Frame 638 end
Average processing time of GrabImageRGBD(): 11.8581ms
Frame 639 end
Average processing time of GrabImageRGBD(): 11.8544ms
Frame 640 end
Average processing time of GrabImageRGBD(): 11.8547ms
Frame 641 end
Average processing time of GrabImageRGBD(): 11.8555ms
Frame 642 end
Average processing time of GrabImageRGBD(): 11.853ms
Frame 643 end
Average processing time of GrabImageRGBD(): 11.8556ms
Frame 644 end
Average processing time of GrabImageRGBD(): 11.8517ms
Frame 645 end
Average processing time of GrabImageRGBD(): 11.8544ms
Frame 646 end
Average processing time of GrabImageRGBD(): 11.8544ms
Frame 647 end
Average processing time of GrabImageRGBD(): 11.8525ms
Frame 648 end
Average processing time of GrabImageRGBD(): 11.8531ms
Frame 649 end
Average processing time of GrabImageRGBD(): 11.8547ms
Frame 650 end
Average processing time of GrabImageRGBD(): 11.8551ms
Frame 651 end
Average processing time of GrabImageRGBD(): 11.8571ms
Frame 652 end
Average processing time of GrabImageRGBD(): 11.8597ms
Frame 653 end
Average processing time of GrabImageRGBD(): 11.8595ms
Frame 654 end
Average processing time of GrabImageRGBD(): 11.8869ms
Frame 655 end
Average processing time of GrabImageRGBD(): 11.8859ms
Frame 656 end
Average processing time of GrabImageRGBD(): 11.8849ms
Frame 657 end
Average processing time of GrabImageRGBD(): 11.886ms
Frame 658 end
Average processing time of GrabImageRGBD(): 11.886ms
Frame 659 end
Average processing time of GrabImageRGBD(): 11.8846ms
Frame 660 end
Average processing time of GrabImageRGBD(): 11.8859ms
Frame 661 end
Average processing time of GrabImageRGBD(): 11.8825ms
Frame 662 end
Average processing time of GrabImageRGBD(): 11.8842ms
Frame 663 end
Average processing time of GrabImageRGBD(): 11.8844ms
Frame 664 end
Average processing time of GrabImageRGBD(): 11.8843ms
Frame 665 end
Average processing time of GrabImageRGBD(): 11.924ms
Frame 666 end
Average processing time of GrabImageRGBD(): 11.9241ms
Frame 667 end
Average processing time of GrabImageRGBD(): 11.9276ms
Frame 668 end
Average processing time of GrabImageRGBD(): 11.9296ms
Frame 669 end
Average processing time of GrabImageRGBD(): 11.9323ms
Frame 670 end
Average processing time of GrabImageRGBD(): 11.9331ms
Frame 671 end
Average processing time of GrabImageRGBD(): 11.9326ms
Frame 672 end
Average processing time of GrabImageRGBD(): 11.9354ms
Frame 673 end
Average processing time of GrabImageRGBD(): 11.9379ms
Frame 674 end
Average processing time of GrabImageRGBD(): 11.9353ms
Frame 675 end
Average processing time of GrabImageRGBD(): 11.934ms
Frame 676 end
Average processing time of GrabImageRGBD(): 11.9387ms
Frame 677 end
Average processing time of GrabImageRGBD(): 11.9411ms
Frame 678 end
Average processing time of GrabImageRGBD(): 11.94ms
Frame 679 end
Average processing time of GrabImageRGBD(): 11.9409ms
Frame 680 end
Average processing time of GrabImageRGBD(): 11.9411ms
Frame 681 end
Average processing time of GrabImageRGBD(): 11.9443ms
Frame 682 end
Average processing time of GrabImageRGBD(): 11.9446ms
Frame 683 end
Average processing time of GrabImageRGBD(): 11.9514ms
Frame 684 end
Average processing time of GrabImageRGBD(): 11.9511ms
Frame 685 end
Average processing time of GrabImageRGBD(): 11.9569ms
Frame 686 end
Average processing time of GrabImageRGBD(): 11.961ms
Frame 687 end
Average processing time of GrabImageRGBD(): 11.9645ms
Frame 688 end
Average processing time of GrabImageRGBD(): 11.9666ms
Frame 689 end
Average processing time of GrabImageRGBD(): 11.9651ms
Frame 690 end
Average processing time of GrabImageRGBD(): 11.9666ms
Frame 691 end
Average processing time of GrabImageRGBD(): 11.9713ms
Frame 692 end
Average processing time of GrabImageRGBD(): 11.9696ms
Frame 693 end
Average processing time of GrabImageRGBD(): 11.971ms
Frame 694 end
Average processing time of GrabImageRGBD(): 11.9729ms
Frame 695 end
Average processing time of GrabImageRGBD(): 11.9711ms
Frame 696 end
Average processing time of GrabImageRGBD(): 11.9994ms
Frame 697 end
Average processing time of GrabImageRGBD(): 12.0022ms
Frame 698 end
Average processing time of GrabImageRGBD(): 12.0046ms
Frame 699 end
Average processing time of GrabImageRGBD(): 12.0092ms
Frame 700 end
Average processing time of GrabImageRGBD(): 12.0085ms
Frame 701 end
Average processing time of GrabImageRGBD(): 12.0095ms
Frame 702 end
Average processing time of GrabImageRGBD(): 12.0091ms
Frame 703 end
Average processing time of GrabImageRGBD(): 12.012ms
Frame 704 end
Average processing time of GrabImageRGBD(): 12.0132ms
Frame 705 end
Average processing time of GrabImageRGBD(): 12.0159ms
Frame 706 end
Average processing time of GrabImageRGBD(): 12.0182ms
Frame 707 end
Average processing time of GrabImageRGBD(): 12.017ms
Frame 708 end
Average processing time of GrabImageRGBD(): 12.0184ms
Frame 709 end
Average processing time of GrabImageRGBD(): 12.0448ms
Frame 710 end
Average processing time of GrabImageRGBD(): 12.0469ms
Frame 711 end
Average processing time of GrabImageRGBD(): 12.0487ms
Frame 712 end
Average processing time of GrabImageRGBD(): 12.0516ms
Frame 713 end
Average processing time of GrabImageRGBD(): 12.0547ms
Frame 714 end
Average processing time of GrabImageRGBD(): 12.0554ms
Frame 715 end
Average processing time of GrabImageRGBD(): 12.0589ms
Frame 716 end
Shutdown
-------

median tracking time: 0.0129466
mean tracking time: 0.0128488

Saving camera trajectory to CameraTrajectory.txt ...

Saving keyframe trajectory to KeyFrameTrajectory.txt ...
