
ORB-SLAM3 Copyright (C) 2017-2020 Carlos Campos, Richard Elvira, Juan J. Gómez, José M.M. Montiel and Juan D. Tardós, University of Zaragoza.
ORB-SLAM2 Copyright (C) 2014-2016 Raúl Mur-Artal, José M.M. Montiel and Juan D. Tardós, University of Zaragoza.
This program comes with ABSOLUTELY NO WARRANTY;
This is free software, and you are welcome to redistribute it
under certain conditions. See LICENSE.txt.

Input sensor was set to: RGB-D
Loading settings from /home/bingxin/Downloads/NGD-SLAM/Examples/RGB-D/TUM3.yaml
Camera1.k3 optional parameter does not exist...
	-Loaded camera 1
Camera.newHeight optional parameter does not exist...
Camera.newWidth optional parameter does not exist...
	-Loaded image info
	-Loaded RGB-D calibration
	-Loaded ORB settings
Viewer.imageViewScale optional parameter does not exist...
	-Loaded viewer settings
System.LoadAtlasFromFile optional parameter does not exist...
System.SaveAtlasToFile optional parameter does not exist...
	-Loaded Atlas settings
System.thFarPoints optional parameter does not exist...
	-Loaded misc parameters
----------------------------------
SLAM settings: 
	-Camera 1 parameters (Pinhole): [ 535.4 539.2 320.1 247.6 ]
	-Camera 1 distortion parameters: [  0 0 0 0 ]
	-Original image size: [ 640 , 480 ]
	-Current image size: [ 640 , 480 ]
	-Sequence FPS: 30
	-RGB-D depth map factor: 5000
	-Features per image: 1000
	-ORB scale factor: 1.2
	-ORB number of scales: 8
	-Initial FAST threshold: 20
	-Min FAST threshold: 7


Loading ORB Vocabulary. This could take a while...
Vocabulary loaded!

Initialization of Atlas from scratch 
Creation of new map with id: 0
Creation of new map with last KF id: 0
Seq. Name: 
There are 1 cameras in the atlas
Camera 0 is pinhole
Net use yolo-fastest

-------
Start processing sequence ...
Images in the sequence: 717

First KF:0; Map init KF:0
New Map created with 552 points
Average processing time of GrabImageRGBD(): 45.5384ms
Frame 0 end
Average processing time of GrabImageRGBD(): 39.4356ms
Frame 1 end
Average processing time of GrabImageRGBD(): 36.3049ms
Frame 2 end
Average processing time of GrabImageRGBD(): 30.9974ms
Frame 3 end
Average processing time of GrabImageRGBD(): 27.7001ms
Frame 4 end
Average processing time of GrabImageRGBD(): 25.9031ms
Frame 5 end
Starting the Viewer
Average processing time of GrabImageRGBD(): 24.1432ms
Frame 6 end
Average processing time of GrabImageRGBD(): 22.8094ms
Frame 7 end
Average processing time of GrabImageRGBD(): 22.0898ms
Frame 8 end
Average processing time of GrabImageRGBD(): 21.3007ms
Frame 9 end
Average processing time of GrabImageRGBD(): 20.5478ms
Frame 10 end
Average processing time of GrabImageRGBD(): 20.0901ms
Frame 11 end
Average processing time of GrabImageRGBD(): 19.6211ms
Frame 12 end
Average processing time of GrabImageRGBD(): 19.3496ms
Frame 13 end
Average processing time of GrabImageRGBD(): 18.7874ms
Frame 14 end
Average processing time of GrabImageRGBD(): 19.6624ms
Frame 15 end
Average processing time of GrabImageRGBD(): 19.3135ms
Frame 16 end
Average processing time of GrabImageRGBD(): 18.9425ms
Frame 17 end
Average processing time of GrabImageRGBD(): 18.6234ms
Frame 18 end
Average processing time of GrabImageRGBD(): 18.2319ms
Frame 19 end
Average processing time of GrabImageRGBD(): 17.9809ms
Frame 20 end
Average processing time of GrabImageRGBD(): 17.781ms
Frame 21 end
Average processing time of GrabImageRGBD(): 17.4685ms
Frame 22 end
Average processing time of GrabImageRGBD(): 17.3102ms
Frame 23 end
Average processing time of GrabImageRGBD(): 17.2028ms
Frame 24 end
Average processing time of GrabImageRGBD(): 17.0994ms
Frame 25 end
Average processing time of GrabImageRGBD(): 17.0396ms
Frame 26 end
Average processing time of GrabImageRGBD(): 16.9852ms
Frame 27 end
Average processing time of GrabImageRGBD(): 16.8467ms
Frame 28 end
Average processing time of GrabImageRGBD(): 16.6967ms
Frame 29 end
Average processing time of GrabImageRGBD(): 16.5887ms
Frame 30 end
Average processing time of GrabImageRGBD(): 16.4891ms
Frame 31 end
Average processing time of GrabImageRGBD(): 16.3485ms
Frame 32 end
Average processing time of GrabImageRGBD(): 16.2392ms
Frame 33 end
Average processing time of GrabImageRGBD(): 16.1258ms
Frame 34 end
Average processing time of GrabImageRGBD(): 15.9596ms
Frame 35 end
Average processing time of GrabImageRGBD(): 15.8783ms
Frame 36 end
Average processing time of GrabImageRGBD(): 15.8609ms
Frame 37 end
Average processing time of GrabImageRGBD(): 16.192ms
Frame 38 end
Average processing time of GrabImageRGBD(): 16.1756ms
Frame 39 end
Average processing time of GrabImageRGBD(): 16.5075ms
Frame 40 end
Average processing time of GrabImageRGBD(): 16.4266ms
Frame 41 end
Average processing time of GrabImageRGBD(): 16.3378ms
Frame 42 end
Average processing time of GrabImageRGBD(): 16.3072ms
Frame 43 end
Average processing time of GrabImageRGBD(): 16.277ms
Frame 44 end
Average processing time of GrabImageRGBD(): 16.2467ms
Frame 45 end
Average processing time of GrabImageRGBD(): 16.1967ms
Frame 46 end
Average processing time of GrabImageRGBD(): 16.1718ms
Frame 47 end
Average processing time of GrabImageRGBD(): 16.4878ms
Frame 48 end
Average processing time of GrabImageRGBD(): 16.4605ms
Frame 49 end
Average processing time of GrabImageRGBD(): 16.3841ms
Frame 50 end
Average processing time of GrabImageRGBD(): 16.3277ms
Frame 51 end
Average processing time of GrabImageRGBD(): 16.2699ms
Frame 52 end
Average processing time of GrabImageRGBD(): 16.2335ms
Frame 53 end
Average processing time of GrabImageRGBD(): 16.1712ms
Frame 54 end
Average processing time of GrabImageRGBD(): 16.0947ms
Frame 55 end
Average processing time of GrabImageRGBD(): 16.3927ms
Frame 56 end
Average processing time of GrabImageRGBD(): 16.3601ms
Frame 57 end
Average processing time of GrabImageRGBD(): 16.3276ms
Frame 58 end
Average processing time of GrabImageRGBD(): 16.3545ms
Frame 59 end
Average processing time of GrabImageRGBD(): 16.3061ms
Frame 60 end
Average processing time of GrabImageRGBD(): 16.2594ms
Frame 61 end
Average processing time of GrabImageRGBD(): 16.2491ms
Frame 62 end
Average processing time of GrabImageRGBD(): 16.1837ms
Frame 63 end
Average processing time of GrabImageRGBD(): 16.1477ms
Frame 64 end
Average processing time of GrabImageRGBD(): 16.1131ms
Frame 65 end
Average processing time of GrabImageRGBD(): 16.0672ms
Frame 66 end
Average processing time of GrabImageRGBD(): 16.0496ms
Frame 67 end
Average processing time of GrabImageRGBD(): 15.9663ms
Frame 68 end
Average processing time of GrabImageRGBD(): 15.9221ms
Frame 69 end
Average processing time of GrabImageRGBD(): 16.1454ms
Frame 70 end
Average processing time of GrabImageRGBD(): 16.0879ms
Frame 71 end
Average processing time of GrabImageRGBD(): 16.0619ms
Frame 72 end
Average processing time of GrabImageRGBD(): 16.0248ms
Frame 73 end
Average processing time of GrabImageRGBD(): 15.9535ms
Frame 74 end
Average processing time of GrabImageRGBD(): 15.9062ms
Frame 75 end
Average processing time of GrabImageRGBD(): 15.868ms
Frame 76 end
Average processing time of GrabImageRGBD(): 15.8046ms
Frame 77 end
Average processing time of GrabImageRGBD(): 15.774ms
Frame 78 end
Average processing time of GrabImageRGBD(): 15.7883ms
Frame 79 end
Average processing time of GrabImageRGBD(): 15.7202ms
Frame 80 end
Average processing time of GrabImageRGBD(): 15.6911ms
Frame 81 end
Average processing time of GrabImageRGBD(): 15.661ms
Frame 82 end
Average processing time of GrabImageRGBD(): 15.5901ms
Frame 83 end
Average processing time of GrabImageRGBD(): 15.5629ms
Frame 84 end
Average processing time of GrabImageRGBD(): 15.537ms
Frame 85 end
Average processing time of GrabImageRGBD(): 15.6996ms
Frame 86 end
Average processing time of GrabImageRGBD(): 15.6716ms
Frame 87 end
Average processing time of GrabImageRGBD(): 15.6251ms
Frame 88 end
Average processing time of GrabImageRGBD(): 15.5988ms
Frame 89 end
Average processing time of GrabImageRGBD(): 15.5836ms
Frame 90 end
Average processing time of GrabImageRGBD(): 15.541ms
Frame 91 end
Average processing time of GrabImageRGBD(): 15.5366ms
Frame 92 end
Average processing time of GrabImageRGBD(): 15.5211ms
Frame 93 end
Average processing time of GrabImageRGBD(): 15.4953ms
Frame 94 end
Average processing time of GrabImageRGBD(): 15.4801ms
Frame 95 end
Average processing time of GrabImageRGBD(): 15.4626ms
Frame 96 end
Average processing time of GrabImageRGBD(): 15.4455ms
Frame 97 end
Average processing time of GrabImageRGBD(): 15.4258ms
Frame 98 end
Average processing time of GrabImageRGBD(): 15.4175ms
Frame 99 end
Average processing time of GrabImageRGBD(): 15.392ms
Frame 100 end
Average processing time of GrabImageRGBD(): 15.3809ms
Frame 101 end
Average processing time of GrabImageRGBD(): 15.3886ms
Frame 102 end
Average processing time of GrabImageRGBD(): 15.3697ms
Frame 103 end
Average processing time of GrabImageRGBD(): 15.3589ms
Frame 104 end
Average processing time of GrabImageRGBD(): 15.339ms
Frame 105 end
Average processing time of GrabImageRGBD(): 15.3243ms
Frame 106 end
Average processing time of GrabImageRGBD(): 15.279ms
Frame 107 end
Average processing time of GrabImageRGBD(): 15.2522ms
Frame 108 end
Average processing time of GrabImageRGBD(): 15.2356ms
Frame 109 end
Average processing time of GrabImageRGBD(): 15.2289ms
Frame 110 end
Average processing time of GrabImageRGBD(): 15.2282ms
Frame 111 end
Average processing time of GrabImageRGBD(): 15.4361ms
Frame 112 end
Average processing time of GrabImageRGBD(): 15.429ms
Frame 113 end
Average processing time of GrabImageRGBD(): 15.42ms
Frame 114 end
Average processing time of GrabImageRGBD(): 15.3987ms
Frame 115 end
Average processing time of GrabImageRGBD(): 15.393ms
Frame 116 end
Average processing time of GrabImageRGBD(): 15.3842ms
Frame 117 end
Average processing time of GrabImageRGBD(): 15.3594ms
Frame 118 end
Average processing time of GrabImageRGBD(): 15.3527ms
Frame 119 end
Average processing time of GrabImageRGBD(): 15.3483ms
Frame 120 end
Average processing time of GrabImageRGBD(): 15.3286ms
Frame 121 end
Average processing time of GrabImageRGBD(): 15.3241ms
Frame 122 end
Average processing time of GrabImageRGBD(): 15.3045ms
Frame 123 end
Average processing time of GrabImageRGBD(): 15.4446ms
Frame 124 end
Average processing time of GrabImageRGBD(): 15.447ms
Frame 125 end
Average processing time of GrabImageRGBD(): 15.463ms
Frame 126 end
Average processing time of GrabImageRGBD(): 15.4605ms
Frame 127 end
Average processing time of GrabImageRGBD(): 15.442ms
Frame 128 end
Average processing time of GrabImageRGBD(): 15.4347ms
Frame 129 end
Average processing time of GrabImageRGBD(): 15.4279ms
Frame 130 end
Average processing time of GrabImageRGBD(): 15.4468ms
Frame 131 end
Average processing time of GrabImageRGBD(): 15.4232ms
Frame 132 end
Average processing time of GrabImageRGBD(): 15.4306ms
Frame 133 end
Average processing time of GrabImageRGBD(): 15.4162ms
Frame 134 end
Average processing time of GrabImageRGBD(): 15.4222ms
Frame 135 end
Average processing time of GrabImageRGBD(): 15.5543ms
Frame 136 end
Average processing time of GrabImageRGBD(): 15.5561ms
Frame 137 end
Average processing time of GrabImageRGBD(): 15.5619ms
Frame 138 end
Average processing time of GrabImageRGBD(): 15.5424ms
Frame 139 end
Average processing time of GrabImageRGBD(): 15.5505ms
Frame 140 end
Average processing time of GrabImageRGBD(): 15.5203ms
Frame 141 end
Average processing time of GrabImageRGBD(): 15.5194ms
Frame 142 end
Average processing time of GrabImageRGBD(): 15.5299ms
Frame 143 end
Average processing time of GrabImageRGBD(): 15.5092ms
Frame 144 end
Average processing time of GrabImageRGBD(): 15.4917ms
Frame 145 end
Average processing time of GrabImageRGBD(): 15.48ms
Frame 146 end
Average processing time of GrabImageRGBD(): 15.4678ms
Frame 147 end
Average processing time of GrabImageRGBD(): 15.446ms
Frame 148 end
Average processing time of GrabImageRGBD(): 15.4333ms
Frame 149 end
Average processing time of GrabImageRGBD(): 15.5757ms
Frame 150 end
Average processing time of GrabImageRGBD(): 15.5641ms
Frame 151 end
Average processing time of GrabImageRGBD(): 15.5488ms
Frame 152 end
Average processing time of GrabImageRGBD(): 15.5342ms
Frame 153 end
Average processing time of GrabImageRGBD(): 15.543ms
Frame 154 end
Average processing time of GrabImageRGBD(): 15.5195ms
Frame 155 end
Average processing time of GrabImageRGBD(): 15.6289ms
Frame 156 end
Average processing time of GrabImageRGBD(): 15.6301ms
Frame 157 end
Average processing time of GrabImageRGBD(): 15.6304ms
Frame 158 end
Average processing time of GrabImageRGBD(): 15.6156ms
Frame 159 end
Average processing time of GrabImageRGBD(): 15.6127ms
Frame 160 end
Average processing time of GrabImageRGBD(): 15.5929ms
Frame 161 end
Average processing time of GrabImageRGBD(): 15.5805ms
Frame 162 end
Average processing time of GrabImageRGBD(): 15.5772ms
Frame 163 end
Average processing time of GrabImageRGBD(): 15.56ms
Frame 164 end
Average processing time of GrabImageRGBD(): 15.5581ms
Frame 165 end
Average processing time of GrabImageRGBD(): 15.5621ms
Frame 166 end
Average processing time of GrabImageRGBD(): 15.5673ms
Frame 167 end
Average processing time of GrabImageRGBD(): 15.5416ms
Frame 168 end
Average processing time of GrabImageRGBD(): 15.5254ms
Frame 169 end
Average processing time of GrabImageRGBD(): 15.5201ms
Frame 170 end
Average processing time of GrabImageRGBD(): 15.4869ms
Frame 171 end
Average processing time of GrabImageRGBD(): 15.4817ms
Frame 172 end
Average processing time of GrabImageRGBD(): 15.4699ms
Frame 173 end
Average processing time of GrabImageRGBD(): 15.4664ms
Frame 174 end
Average processing time of GrabImageRGBD(): 15.4624ms
Frame 175 end
Average processing time of GrabImageRGBD(): 15.4613ms
Frame 176 end
Average processing time of GrabImageRGBD(): 15.4556ms
Frame 177 end
Average processing time of GrabImageRGBD(): 15.4337ms
Frame 178 end
Average processing time of GrabImageRGBD(): 15.5176ms
Frame 179 end
Average processing time of GrabImageRGBD(): 15.511ms
Frame 180 end
Average processing time of GrabImageRGBD(): 15.4889ms
Frame 181 end
Average processing time of GrabImageRGBD(): 15.4711ms
Frame 182 end
Average processing time of GrabImageRGBD(): 15.4481ms
Frame 183 end
Average processing time of GrabImageRGBD(): 15.438ms
Frame 184 end
Average processing time of GrabImageRGBD(): 15.513ms
Frame 185 end
Average processing time of GrabImageRGBD(): 15.487ms
Frame 186 end
Average processing time of GrabImageRGBD(): 15.4795ms
Frame 187 end
Average processing time of GrabImageRGBD(): 15.4734ms
Frame 188 end
Average processing time of GrabImageRGBD(): 15.4725ms
Frame 189 end
Average processing time of GrabImageRGBD(): 15.4604ms
Frame 190 end
Average processing time of GrabImageRGBD(): 15.4423ms
Frame 191 end
Average processing time of GrabImageRGBD(): 15.425ms
Frame 192 end
Average processing time of GrabImageRGBD(): 15.4063ms
Frame 193 end
Average processing time of GrabImageRGBD(): 15.3751ms
Frame 194 end
Average processing time of GrabImageRGBD(): 15.3454ms
Frame 195 end
Average processing time of GrabImageRGBD(): 15.3036ms
Frame 196 end
Average processing time of GrabImageRGBD(): 15.2748ms
Frame 197 end
Average processing time of GrabImageRGBD(): 15.2434ms
Frame 198 end
Average processing time of GrabImageRGBD(): 15.1951ms
Frame 199 end
Average processing time of GrabImageRGBD(): 15.1463ms
Frame 200 end
Average processing time of GrabImageRGBD(): 15.0965ms
Frame 201 end
Average processing time of GrabImageRGBD(): 15.0355ms
Frame 202 end
Average processing time of GrabImageRGBD(): 14.9869ms
Frame 203 end
Average processing time of GrabImageRGBD(): 14.9351ms
Frame 204 end
Average processing time of GrabImageRGBD(): 14.876ms
Frame 205 end
Average processing time of GrabImageRGBD(): 14.8164ms
Frame 206 end
Average processing time of GrabImageRGBD(): 14.7692ms
Frame 207 end
Average processing time of GrabImageRGBD(): 14.7229ms
Frame 208 end
Average processing time of GrabImageRGBD(): 14.6752ms
Frame 209 end
Average processing time of GrabImageRGBD(): 14.629ms
Frame 210 end
Average processing time of GrabImageRGBD(): 14.5724ms
Frame 211 end
Average processing time of GrabImageRGBD(): 14.5201ms
Frame 212 end
Average processing time of GrabImageRGBD(): 14.4651ms
Frame 213 end
Average processing time of GrabImageRGBD(): 14.4147ms
Frame 214 end
Average processing time of GrabImageRGBD(): 14.371ms
Frame 215 end
Average processing time of GrabImageRGBD(): 14.407ms
Frame 216 end
Average processing time of GrabImageRGBD(): 14.3606ms
Frame 217 end
Average processing time of GrabImageRGBD(): 14.3057ms
Frame 218 end
Average processing time of GrabImageRGBD(): 14.2666ms
Frame 219 end
Average processing time of GrabImageRGBD(): 14.2273ms
Frame 220 end
Average processing time of GrabImageRGBD(): 14.1897ms
Frame 221 end
Average processing time of GrabImageRGBD(): 14.1491ms
Frame 222 end
Average processing time of GrabImageRGBD(): 14.1125ms
Frame 223 end
Average processing time of GrabImageRGBD(): 14.0619ms
Frame 224 end
Average processing time of GrabImageRGBD(): 14.0176ms
Frame 225 end
Average processing time of GrabImageRGBD(): 13.9789ms
Frame 226 end
Average processing time of GrabImageRGBD(): 13.941ms
Frame 227 end
Average processing time of GrabImageRGBD(): 13.8971ms
Frame 228 end
Average processing time of GrabImageRGBD(): 13.8522ms
Frame 229 end
Average processing time of GrabImageRGBD(): 13.8154ms
Frame 230 end
Average processing time of GrabImageRGBD(): 13.7752ms
Frame 231 end
Average processing time of GrabImageRGBD(): 13.74ms
Frame 232 end
Average processing time of GrabImageRGBD(): 13.6954ms
Frame 233 end
Average processing time of GrabImageRGBD(): 13.6551ms
Frame 234 end
Average processing time of GrabImageRGBD(): 13.611ms
Frame 235 end
Average processing time of GrabImageRGBD(): 13.5657ms
Frame 236 end
Average processing time of GrabImageRGBD(): 13.5329ms
Frame 237 end
Average processing time of GrabImageRGBD(): 13.4873ms
Frame 238 end
Average processing time of GrabImageRGBD(): 13.4545ms
Frame 239 end
Average processing time of GrabImageRGBD(): 13.417ms
Frame 240 end
Average processing time of GrabImageRGBD(): 13.3733ms
Frame 241 end
Average processing time of GrabImageRGBD(): 13.3274ms
Frame 242 end
Average processing time of GrabImageRGBD(): 13.2839ms
Frame 243 end
Average processing time of GrabImageRGBD(): 13.2546ms
Frame 244 end
Average processing time of GrabImageRGBD(): 13.2187ms
Frame 245 end
Average processing time of GrabImageRGBD(): 13.1813ms
Frame 246 end
Average processing time of GrabImageRGBD(): 13.2242ms
Frame 247 end
Average processing time of GrabImageRGBD(): 13.1982ms
Frame 248 end
Average processing time of GrabImageRGBD(): 13.1556ms
Frame 249 end
Average processing time of GrabImageRGBD(): 13.1141ms
Frame 250 end
Average processing time of GrabImageRGBD(): 13.0869ms
Frame 251 end
Average processing time of GrabImageRGBD(): 13.0594ms
Frame 252 end
Average processing time of GrabImageRGBD(): 13.024ms
Frame 253 end
Average processing time of GrabImageRGBD(): 12.9924ms
Frame 254 end
Average processing time of GrabImageRGBD(): 12.9656ms
Frame 255 end
Average processing time of GrabImageRGBD(): 12.9313ms
Frame 256 end
Average processing time of GrabImageRGBD(): 12.9044ms
Frame 257 end
Average processing time of GrabImageRGBD(): 12.8773ms
Frame 258 end
Average processing time of GrabImageRGBD(): 12.8537ms
Frame 259 end
Average processing time of GrabImageRGBD(): 12.8299ms
Frame 260 end
Average processing time of GrabImageRGBD(): 12.8043ms
Frame 261 end
Average processing time of GrabImageRGBD(): 12.7795ms
Frame 262 end
Average processing time of GrabImageRGBD(): 12.749ms
Frame 263 end
Average processing time of GrabImageRGBD(): 12.713ms
Frame 264 end
Average processing time of GrabImageRGBD(): 12.6874ms
Frame 265 end
Average processing time of GrabImageRGBD(): 12.6627ms
Frame 266 end
Average processing time of GrabImageRGBD(): 12.6259ms
Frame 267 end
Average processing time of GrabImageRGBD(): 12.59ms
Frame 268 end
Average processing time of GrabImageRGBD(): 12.5587ms
Frame 269 end
Average processing time of GrabImageRGBD(): 12.5229ms
Frame 270 end
Average processing time of GrabImageRGBD(): 12.4872ms
Frame 271 end
Average processing time of GrabImageRGBD(): 12.4634ms
Frame 272 end
Average processing time of GrabImageRGBD(): 12.4397ms
Frame 273 end
Average processing time of GrabImageRGBD(): 12.4053ms
Frame 274 end
Average processing time of GrabImageRGBD(): 12.3824ms
Frame 275 end
Average processing time of GrabImageRGBD(): 12.3582ms
Frame 276 end
Average processing time of GrabImageRGBD(): 12.324ms
Frame 277 end
Average processing time of GrabImageRGBD(): 12.3604ms
Frame 278 end
Average processing time of GrabImageRGBD(): 12.3271ms
Frame 279 end
Average processing time of GrabImageRGBD(): 12.2921ms
Frame 280 end
Average processing time of GrabImageRGBD(): 12.2711ms
Frame 281 end
Average processing time of GrabImageRGBD(): 12.2508ms
Frame 282 end
Average processing time of GrabImageRGBD(): 12.2187ms
Frame 283 end
Average processing time of GrabImageRGBD(): 12.1934ms
Frame 284 end
Average processing time of GrabImageRGBD(): 12.1744ms
Frame 285 end
Average processing time of GrabImageRGBD(): 12.1519ms
Frame 286 end
Average processing time of GrabImageRGBD(): 12.125ms
Frame 287 end
Average processing time of GrabImageRGBD(): 12.1011ms
Frame 288 end
Average processing time of GrabImageRGBD(): 12.0792ms
Frame 289 end
Average processing time of GrabImageRGBD(): 12.06ms
Frame 290 end
Average processing time of GrabImageRGBD(): 12.036ms
Frame 291 end
Average processing time of GrabImageRGBD(): 12.005ms
Frame 292 end
Average processing time of GrabImageRGBD(): 11.9849ms
Frame 293 end
Average processing time of GrabImageRGBD(): 11.9654ms
Frame 294 end
Average processing time of GrabImageRGBD(): 11.9345ms
Frame 295 end
Average processing time of GrabImageRGBD(): 11.9754ms
Frame 296 end
Average processing time of GrabImageRGBD(): 11.9513ms
Frame 297 end
Average processing time of GrabImageRGBD(): 11.9191ms
Frame 298 end
Average processing time of GrabImageRGBD(): 11.9016ms
Frame 299 end
Average processing time of GrabImageRGBD(): 11.8746ms
Frame 300 end
Average processing time of GrabImageRGBD(): 11.8561ms
Frame 301 end
Average processing time of GrabImageRGBD(): 11.8265ms
Frame 302 end
Average processing time of GrabImageRGBD(): 11.8031ms
Frame 303 end
Average processing time of GrabImageRGBD(): 11.7861ms
Frame 304 end
Average processing time of GrabImageRGBD(): 11.7687ms
Frame 305 end
Average processing time of GrabImageRGBD(): 11.7508ms
Frame 306 end
Average processing time of GrabImageRGBD(): 11.7293ms
Frame 307 end
Average processing time of GrabImageRGBD(): 11.7116ms
Frame 308 end
Average processing time of GrabImageRGBD(): 11.6848ms
Frame 309 end
Average processing time of GrabImageRGBD(): 11.6578ms
Frame 310 end
Average processing time of GrabImageRGBD(): 11.6362ms
Frame 311 end
Average processing time of GrabImageRGBD(): 11.6089ms
Frame 312 end
Average processing time of GrabImageRGBD(): 11.5841ms
Frame 313 end
Average processing time of GrabImageRGBD(): 11.5635ms
Frame 314 end
Average processing time of GrabImageRGBD(): 11.5369ms
Frame 315 end
Average processing time of GrabImageRGBD(): 11.5161ms
Frame 316 end
Average processing time of GrabImageRGBD(): 11.492ms
Frame 317 end
Average processing time of GrabImageRGBD(): 11.4637ms
Frame 318 end
Average processing time of GrabImageRGBD(): 11.4493ms
Frame 319 end
Average processing time of GrabImageRGBD(): 11.4224ms
Frame 320 end
Average processing time of GrabImageRGBD(): 11.4067ms
Frame 321 end
Average processing time of GrabImageRGBD(): 11.3811ms
Frame 322 end
Average processing time of GrabImageRGBD(): 11.3549ms
Frame 323 end
Average processing time of GrabImageRGBD(): 11.3321ms
Frame 324 end
Average processing time of GrabImageRGBD(): 11.3077ms
Frame 325 end
Average processing time of GrabImageRGBD(): 11.2928ms
Frame 326 end
Average processing time of GrabImageRGBD(): 11.3259ms
Frame 327 end
Average processing time of GrabImageRGBD(): 11.3018ms
Frame 328 end
Average processing time of GrabImageRGBD(): 11.2754ms
Frame 329 end
Average processing time of GrabImageRGBD(): 11.2506ms
Frame 330 end
Average processing time of GrabImageRGBD(): 11.2287ms
Frame 331 end
Average processing time of GrabImageRGBD(): 11.213ms
Frame 332 end
Average processing time of GrabImageRGBD(): 11.1891ms
Frame 333 end
Average processing time of GrabImageRGBD(): 11.173ms
Frame 334 end
Average processing time of GrabImageRGBD(): 11.1536ms
Frame 335 end
Average processing time of GrabImageRGBD(): 11.1407ms
Frame 336 end
Average processing time of GrabImageRGBD(): 11.123ms
Frame 337 end
Average processing time of GrabImageRGBD(): 11.1054ms
Frame 338 end
Average processing time of GrabImageRGBD(): 11.0911ms
Frame 339 end
Average processing time of GrabImageRGBD(): 11.0721ms
Frame 340 end
Average processing time of GrabImageRGBD(): 11.0586ms
Frame 341 end
Average processing time of GrabImageRGBD(): 11.04ms
Frame 342 end
Average processing time of GrabImageRGBD(): 11.0249ms
Frame 343 end
Average processing time of GrabImageRGBD(): 11.0113ms
Frame 344 end
Average processing time of GrabImageRGBD(): 10.9979ms
Frame 345 end
Average processing time of GrabImageRGBD(): 10.9855ms
Frame 346 end
Average processing time of GrabImageRGBD(): 10.9739ms
Frame 347 end
Average processing time of GrabImageRGBD(): 10.9605ms
Frame 348 end
Average processing time of GrabImageRGBD(): 10.9377ms
Frame 349 end
Average processing time of GrabImageRGBD(): 10.9183ms
Frame 350 end
Average processing time of GrabImageRGBD(): 10.8968ms
Frame 351 end
Average processing time of GrabImageRGBD(): 10.8837ms
Frame 352 end
Average processing time of GrabImageRGBD(): 10.8637ms
Frame 353 end
Average processing time of GrabImageRGBD(): 10.8506ms
Frame 354 end
Average processing time of GrabImageRGBD(): 10.8391ms
Frame 355 end
Average processing time of GrabImageRGBD(): 10.8163ms
Frame 356 end
Average processing time of GrabImageRGBD(): 10.8027ms
Frame 357 end
Average processing time of GrabImageRGBD(): 10.8402ms
Frame 358 end
Average processing time of GrabImageRGBD(): 10.8283ms
Frame 359 end
Average processing time of GrabImageRGBD(): 10.8047ms
Frame 360 end
Average processing time of GrabImageRGBD(): 10.785ms
Frame 361 end
Average processing time of GrabImageRGBD(): 10.7736ms
Frame 362 end
Average processing time of GrabImageRGBD(): 10.7614ms
Frame 363 end
Average processing time of GrabImageRGBD(): 10.7496ms
Frame 364 end
Average processing time of GrabImageRGBD(): 10.7376ms
Frame 365 end
Average processing time of GrabImageRGBD(): 10.7176ms
Frame 366 end
Average processing time of GrabImageRGBD(): 10.7057ms
Frame 367 end
Average processing time of GrabImageRGBD(): 10.6905ms
Frame 368 end
Average processing time of GrabImageRGBD(): 10.6779ms
Frame 369 end
Average processing time of GrabImageRGBD(): 10.6595ms
Frame 370 end
Average processing time of GrabImageRGBD(): 10.6395ms
Frame 371 end
Average processing time of GrabImageRGBD(): 10.6271ms
Frame 372 end
Average processing time of GrabImageRGBD(): 10.6248ms
Frame 373 end
Average processing time of GrabImageRGBD(): 10.6165ms
Frame 374 end
Average processing time of GrabImageRGBD(): 10.616ms
Frame 375 end
Average processing time of GrabImageRGBD(): 10.6197ms
Frame 376 end
Average processing time of GrabImageRGBD(): 10.622ms
Frame 377 end
Average processing time of GrabImageRGBD(): 10.6214ms
Frame 378 end
Average processing time of GrabImageRGBD(): 10.668ms
Frame 379 end
Average processing time of GrabImageRGBD(): 10.674ms
Frame 380 end
Average processing time of GrabImageRGBD(): 10.6771ms
Frame 381 end
Average processing time of GrabImageRGBD(): 10.68ms
Frame 382 end
Average processing time of GrabImageRGBD(): 10.6764ms
Frame 383 end
Average processing time of GrabImageRGBD(): 10.6747ms
Frame 384 end
Average processing time of GrabImageRGBD(): 10.6787ms
Frame 385 end
Average processing time of GrabImageRGBD(): 10.6819ms
Frame 386 end
Average processing time of GrabImageRGBD(): 10.6823ms
Frame 387 end
Average processing time of GrabImageRGBD(): 10.6865ms
Frame 388 end
Average processing time of GrabImageRGBD(): 10.6988ms
Frame 389 end
Average processing time of GrabImageRGBD(): 10.7056ms
Frame 390 end
Average processing time of GrabImageRGBD(): 10.7006ms
Frame 391 end
Average processing time of GrabImageRGBD(): 10.7604ms
Frame 392 end
Average processing time of GrabImageRGBD(): 10.7724ms
Frame 393 end
Average processing time of GrabImageRGBD(): 10.7833ms
Frame 394 end
Average processing time of GrabImageRGBD(): 10.7945ms
Frame 395 end
Average processing time of GrabImageRGBD(): 10.8128ms
Frame 396 end
Average processing time of GrabImageRGBD(): 10.8202ms
Frame 397 end
Average processing time of GrabImageRGBD(): 10.8388ms
Frame 398 end
Average processing time of GrabImageRGBD(): 10.8532ms
Frame 399 end
Average processing time of GrabImageRGBD(): 10.8743ms
Frame 400 end
Average processing time of GrabImageRGBD(): 10.8859ms
Frame 401 end
Average processing time of GrabImageRGBD(): 10.9463ms
Frame 402 end
Average processing time of GrabImageRGBD(): 10.9599ms
Frame 403 end
Average processing time of GrabImageRGBD(): 10.9795ms
Frame 404 end
Average processing time of GrabImageRGBD(): 10.9926ms
Frame 405 end
Average processing time of GrabImageRGBD(): 11.051ms
Frame 406 end
Average processing time of GrabImageRGBD(): 11.0654ms
Frame 407 end
Average processing time of GrabImageRGBD(): 11.0823ms
Frame 408 end
Average processing time of GrabImageRGBD(): 11.1485ms
Frame 409 end
Average processing time of GrabImageRGBD(): 11.1641ms
Frame 410 end
Average processing time of GrabImageRGBD(): 11.1759ms
Frame 411 end
Average processing time of GrabImageRGBD(): 11.1745ms
Frame 412 end
Average processing time of GrabImageRGBD(): 11.1792ms
Frame 413 end
Average processing time of GrabImageRGBD(): 11.2682ms
Frame 414 end
Average processing time of GrabImageRGBD(): 11.2794ms
Frame 415 end
Average processing time of GrabImageRGBD(): 11.2894ms
Frame 416 end
Average processing time of GrabImageRGBD(): 11.335ms
Frame 417 end
Average processing time of GrabImageRGBD(): 11.3415ms
Frame 418 end
Average processing time of GrabImageRGBD(): 11.3483ms
Frame 419 end
Average processing time of GrabImageRGBD(): 11.354ms
Frame 420 end
Average processing time of GrabImageRGBD(): 11.3538ms
Frame 421 end
Average processing time of GrabImageRGBD(): 11.3494ms
Frame 422 end
Average processing time of GrabImageRGBD(): 11.3604ms
Frame 423 end
Average processing time of GrabImageRGBD(): 11.359ms
Frame 424 end
Average processing time of GrabImageRGBD(): 11.3696ms
Frame 425 end
Average processing time of GrabImageRGBD(): 11.3713ms
Frame 426 end
Average processing time of GrabImageRGBD(): 11.3695ms
Frame 427 end
Average processing time of GrabImageRGBD(): 11.3749ms
Frame 428 end
Average processing time of GrabImageRGBD(): 11.4147ms
Frame 429 end
Average processing time of GrabImageRGBD(): 11.4144ms
Frame 430 end
Average processing time of GrabImageRGBD(): 11.4184ms
Frame 431 end
Average processing time of GrabImageRGBD(): 11.4157ms
Frame 432 end
Average processing time of GrabImageRGBD(): 11.4686ms
Frame 433 end
Average processing time of GrabImageRGBD(): 11.4846ms
Frame 434 end
Average processing time of GrabImageRGBD(): 11.4933ms
Frame 435 end
Average processing time of GrabImageRGBD(): 11.5386ms
Frame 436 end
Average processing time of GrabImageRGBD(): 11.5457ms
Frame 437 end
Average processing time of GrabImageRGBD(): 11.5565ms
Frame 438 end
Average processing time of GrabImageRGBD(): 11.5995ms
Frame 439 end
Average processing time of GrabImageRGBD(): 11.6071ms
Frame 440 end
Average processing time of GrabImageRGBD(): 11.611ms
Frame 441 end
Average processing time of GrabImageRGBD(): 11.6212ms
Frame 442 end
Average processing time of GrabImageRGBD(): 11.6304ms
Frame 443 end
Average processing time of GrabImageRGBD(): 11.6269ms
Frame 444 end
Average processing time of GrabImageRGBD(): 11.6324ms
Frame 445 end
Average processing time of GrabImageRGBD(): 11.6711ms
Frame 446 end
Average processing time of GrabImageRGBD(): 11.677ms
Frame 447 end
Average processing time of GrabImageRGBD(): 11.6822ms
Frame 448 end
Average processing time of GrabImageRGBD(): 11.6797ms
Frame 449 end
Average processing time of GrabImageRGBD(): 11.6722ms
Frame 450 end
Average processing time of GrabImageRGBD(): 11.6628ms
Frame 451 end
Average processing time of GrabImageRGBD(): 11.6555ms
Frame 452 end
Average processing time of GrabImageRGBD(): 11.6521ms
Frame 453 end
Average processing time of GrabImageRGBD(): 11.646ms
Frame 454 end
Average processing time of GrabImageRGBD(): 11.6402ms
Frame 455 end
Average processing time of GrabImageRGBD(): 11.6351ms
Frame 456 end
Average processing time of GrabImageRGBD(): 11.6309ms
Frame 457 end
Average processing time of GrabImageRGBD(): 11.6221ms
Frame 458 end
Average processing time of GrabImageRGBD(): 11.6186ms
Frame 459 end
Average processing time of GrabImageRGBD(): 11.614ms
Frame 460 end
Average processing time of GrabImageRGBD(): 11.6115ms
Frame 461 end
Average processing time of GrabImageRGBD(): 11.6079ms
Frame 462 end
Average processing time of GrabImageRGBD(): 11.659ms
Frame 463 end
Average processing time of GrabImageRGBD(): 11.6603ms
Frame 464 end
Average processing time of GrabImageRGBD(): 11.6516ms
Frame 465 end
Average processing time of GrabImageRGBD(): 11.6481ms
Frame 466 end
Average processing time of GrabImageRGBD(): 11.6421ms
Frame 467 end
Average processing time of GrabImageRGBD(): 11.6329ms
Frame 468 end
Average processing time of GrabImageRGBD(): 11.6296ms
Frame 469 end
Average processing time of GrabImageRGBD(): 11.6253ms
Frame 470 end
Average processing time of GrabImageRGBD(): 11.6184ms
Frame 471 end
Average processing time of GrabImageRGBD(): 11.6059ms
Frame 472 end
Average processing time of GrabImageRGBD(): 11.6047ms
Frame 473 end
Average processing time of GrabImageRGBD(): 11.6031ms
Frame 474 end
Average processing time of GrabImageRGBD(): 11.5997ms
Frame 475 end
Average processing time of GrabImageRGBD(): 11.5973ms
Frame 476 end
Average processing time of GrabImageRGBD(): 11.5907ms
Frame 477 end
Average processing time of GrabImageRGBD(): 11.5841ms
Frame 478 end
Average processing time of GrabImageRGBD(): 11.5791ms
Frame 479 end
Average processing time of GrabImageRGBD(): 11.5745ms
Frame 480 end
Average processing time of GrabImageRGBD(): 11.5736ms
Frame 481 end
Average processing time of GrabImageRGBD(): 11.5673ms
Frame 482 end
Average processing time of GrabImageRGBD(): 11.5643ms
Frame 483 end
Average processing time of GrabImageRGBD(): 11.5628ms
Frame 484 end
Average processing time of GrabImageRGBD(): 11.5621ms
Frame 485 end
Average processing time of GrabImageRGBD(): 11.5617ms
Frame 486 end
Average processing time of GrabImageRGBD(): 11.557ms
Frame 487 end
Average processing time of GrabImageRGBD(): 11.5535ms
Frame 488 end
Average processing time of GrabImageRGBD(): 11.5492ms
Frame 489 end
Average processing time of GrabImageRGBD(): 11.5435ms
Frame 490 end
Average processing time of GrabImageRGBD(): 11.5409ms
Frame 491 end
Average processing time of GrabImageRGBD(): 11.5332ms
Frame 492 end
Average processing time of GrabImageRGBD(): 11.533ms
Frame 493 end
Average processing time of GrabImageRGBD(): 11.567ms
Frame 494 end
Average processing time of GrabImageRGBD(): 11.5643ms
Frame 495 end
Average processing time of GrabImageRGBD(): 11.5646ms
Frame 496 end
Average processing time of GrabImageRGBD(): 11.5597ms
Frame 497 end
Average processing time of GrabImageRGBD(): 11.554ms
Frame 498 end
Average processing time of GrabImageRGBD(): 11.5522ms
Frame 499 end
Average processing time of GrabImageRGBD(): 11.5456ms
Frame 500 end
Average processing time of GrabImageRGBD(): 11.5418ms
Frame 501 end
Average processing time of GrabImageRGBD(): 11.5409ms
Frame 502 end
Average processing time of GrabImageRGBD(): 11.5384ms
Frame 503 end
Average processing time of GrabImageRGBD(): 11.5342ms
Frame 504 end
Average processing time of GrabImageRGBD(): 11.5323ms
Frame 505 end
Average processing time of GrabImageRGBD(): 11.5318ms
Frame 506 end
Average processing time of GrabImageRGBD(): 11.5265ms
Frame 507 end
Average processing time of GrabImageRGBD(): 11.514ms
Frame 508 end
Average processing time of GrabImageRGBD(): 11.5099ms
Frame 509 end
Average processing time of GrabImageRGBD(): 11.5064ms
Frame 510 end
Average processing time of GrabImageRGBD(): 11.5055ms
Frame 511 end
Average processing time of GrabImageRGBD(): 11.5061ms
Frame 512 end
Average processing time of GrabImageRGBD(): 11.5014ms
Frame 513 end
Average processing time of GrabImageRGBD(): 11.4952ms
Frame 514 end
Average processing time of GrabImageRGBD(): 11.4955ms
Frame 515 end
Average processing time of GrabImageRGBD(): 11.4925ms
Frame 516 end
Average processing time of GrabImageRGBD(): 11.4892ms
Frame 517 end
Average processing time of GrabImageRGBD(): 11.4884ms
Frame 518 end
Average processing time of GrabImageRGBD(): 11.488ms
Frame 519 end
Average processing time of GrabImageRGBD(): 11.4872ms
Frame 520 end
Average processing time of GrabImageRGBD(): 11.4794ms
Frame 521 end
Average processing time of GrabImageRGBD(): 11.4737ms
Frame 522 end
Average processing time of GrabImageRGBD(): 11.4746ms
Frame 523 end
Average processing time of GrabImageRGBD(): 11.4738ms
Frame 524 end
Average processing time of GrabImageRGBD(): 11.5204ms
Frame 525 end
Average processing time of GrabImageRGBD(): 11.5169ms
Frame 526 end
Average processing time of GrabImageRGBD(): 11.5116ms
Frame 527 end
Average processing time of GrabImageRGBD(): 11.5085ms
Frame 528 end
Average processing time of GrabImageRGBD(): 11.5031ms
Frame 529 end
Average processing time of GrabImageRGBD(): 11.503ms
Frame 530 end
Average processing time of GrabImageRGBD(): 11.5ms
Frame 531 end
Average processing time of GrabImageRGBD(): 11.4942ms
Frame 532 end
Average processing time of GrabImageRGBD(): 11.4932ms
Frame 533 end
Average processing time of GrabImageRGBD(): 11.4876ms
Frame 534 end
Average processing time of GrabImageRGBD(): 11.4855ms
Frame 535 end
Average processing time of GrabImageRGBD(): 11.4783ms
Frame 536 end
Average processing time of GrabImageRGBD(): 11.4736ms
Frame 537 end
Average processing time of GrabImageRGBD(): 11.4679ms
Frame 538 end
Average processing time of GrabImageRGBD(): 11.4619ms
Frame 539 end
Average processing time of GrabImageRGBD(): 11.4992ms
Frame 540 end
Average processing time of GrabImageRGBD(): 11.5012ms
Frame 541 end
Average processing time of GrabImageRGBD(): 11.5048ms
Frame 542 end
Average processing time of GrabImageRGBD(): 11.504ms
Frame 543 end
Average processing time of GrabImageRGBD(): 11.5055ms
Frame 544 end
Average processing time of GrabImageRGBD(): 11.5068ms
Frame 545 end
Average processing time of GrabImageRGBD(): 11.5106ms
Frame 546 end
Average processing time of GrabImageRGBD(): 11.5117ms
Frame 547 end
Average processing time of GrabImageRGBD(): 11.5154ms
Frame 548 end
Average processing time of GrabImageRGBD(): 11.5184ms
Frame 549 end
Average processing time of GrabImageRGBD(): 11.518ms
Frame 550 end
Average processing time of GrabImageRGBD(): 11.5212ms
Frame 551 end
Average processing time of GrabImageRGBD(): 11.525ms
Frame 552 end
Average processing time of GrabImageRGBD(): 11.5235ms
Frame 553 end
Average processing time of GrabImageRGBD(): 11.5298ms
Frame 554 end
Average processing time of GrabImageRGBD(): 11.5326ms
Frame 555 end
Average processing time of GrabImageRGBD(): 11.536ms
Frame 556 end
Average processing time of GrabImageRGBD(): 11.5388ms
Frame 557 end
Average processing time of GrabImageRGBD(): 11.5413ms
Frame 558 end
Average processing time of GrabImageRGBD(): 11.5467ms
Frame 559 end
Average processing time of GrabImageRGBD(): 11.5478ms
Frame 560 end
Average processing time of GrabImageRGBD(): 11.5848ms
Frame 561 end
Average processing time of GrabImageRGBD(): 11.5867ms
Frame 562 end
Average processing time of GrabImageRGBD(): 11.59ms
Frame 563 end
Average processing time of GrabImageRGBD(): 11.5896ms
Frame 564 end
Average processing time of GrabImageRGBD(): 11.5951ms
Frame 565 end
Average processing time of GrabImageRGBD(): 11.5991ms
Frame 566 end
Average processing time of GrabImageRGBD(): 11.6067ms
Frame 567 end
Average processing time of GrabImageRGBD(): 11.6078ms
Frame 568 end
Average processing time of GrabImageRGBD(): 11.6067ms
Frame 569 end
Average processing time of GrabImageRGBD(): 11.6095ms
Frame 570 end
Average processing time of GrabImageRGBD(): 11.6175ms
Frame 571 end
Average processing time of GrabImageRGBD(): 11.619ms
Frame 572 end
Average processing time of GrabImageRGBD(): 11.622ms
Frame 573 end
Average processing time of GrabImageRGBD(): 11.6243ms
Frame 574 end
Average processing time of GrabImageRGBD(): 11.626ms
Frame 575 end
Average processing time of GrabImageRGBD(): 11.6255ms
Frame 576 end
Average processing time of GrabImageRGBD(): 11.6599ms
Frame 577 end
Average processing time of GrabImageRGBD(): 11.6646ms
Frame 578 end
Average processing time of GrabImageRGBD(): 11.6695ms
Frame 579 end
Average processing time of GrabImageRGBD(): 11.6709ms
Frame 580 end
Average processing time of GrabImageRGBD(): 11.672ms
Frame 581 end
Average processing time of GrabImageRGBD(): 11.6753ms
Frame 582 end
Average processing time of GrabImageRGBD(): 11.6777ms
Frame 583 end
Average processing time of GrabImageRGBD(): 11.7098ms
Frame 584 end
Average processing time of GrabImageRGBD(): 11.7118ms
Frame 585 end
Average processing time of GrabImageRGBD(): 11.7126ms
Frame 586 end
Average processing time of GrabImageRGBD(): 11.7154ms
Frame 587 end
Average processing time of GrabImageRGBD(): 11.7179ms
Frame 588 end
Average processing time of GrabImageRGBD(): 11.7185ms
Frame 589 end
Average processing time of GrabImageRGBD(): 11.7209ms
Frame 590 end
Average processing time of GrabImageRGBD(): 11.7209ms
Frame 591 end
Average processing time of GrabImageRGBD(): 11.7261ms
Frame 592 end
Average processing time of GrabImageRGBD(): 11.726ms
Frame 593 end
Average processing time of GrabImageRGBD(): 11.7201ms
Frame 594 end
Average processing time of GrabImageRGBD(): 11.7199ms
Frame 595 end
Average processing time of GrabImageRGBD(): 11.723ms
Frame 596 end
Average processing time of GrabImageRGBD(): 11.7229ms
Frame 597 end
Average processing time of GrabImageRGBD(): 11.7209ms
Frame 598 end
Average processing time of GrabImageRGBD(): 11.7213ms
Frame 599 end
Average processing time of GrabImageRGBD(): 11.7229ms
Frame 600 end
Average processing time of GrabImageRGBD(): 11.723ms
Frame 601 end
Average processing time of GrabImageRGBD(): 11.7207ms
Frame 602 end
Average processing time of GrabImageRGBD(): 11.7213ms
Frame 603 end
Average processing time of GrabImageRGBD(): 11.7239ms
Frame 604 end
Average processing time of GrabImageRGBD(): 11.7213ms
Frame 605 end
Average processing time of GrabImageRGBD(): 11.7215ms
Frame 606 end
Average processing time of GrabImageRGBD(): 11.7203ms
Frame 607 end
Average processing time of GrabImageRGBD(): 11.722ms
Frame 608 end
Average processing time of GrabImageRGBD(): 11.7233ms
Frame 609 end
Average processing time of GrabImageRGBD(): 11.7231ms
Frame 610 end
Average processing time of GrabImageRGBD(): 11.7248ms
Frame 611 end
Average processing time of GrabImageRGBD(): 11.7265ms
Frame 612 end
Average processing time of GrabImageRGBD(): 11.7238ms
Frame 613 end
Average processing time of GrabImageRGBD(): 11.729ms
Frame 614 end
Average processing time of GrabImageRGBD(): 11.7598ms
Frame 615 end
Average processing time of GrabImageRGBD(): 11.7622ms
Frame 616 end
Average processing time of GrabImageRGBD(): 11.7678ms
Frame 617 end
Average processing time of GrabImageRGBD(): 11.7999ms
Frame 618 end
Average processing time of GrabImageRGBD(): 11.8013ms
Frame 619 end
Average processing time of GrabImageRGBD(): 11.8042ms
Frame 620 end
Average processing time of GrabImageRGBD(): 11.8073ms
Frame 621 end
Average processing time of GrabImageRGBD(): 11.8381ms
Frame 622 end
Average processing time of GrabImageRGBD(): 11.8397ms
Frame 623 end
Average processing time of GrabImageRGBD(): 11.8399ms
Frame 624 end
Average processing time of GrabImageRGBD(): 11.8436ms
Frame 625 end
Average processing time of GrabImageRGBD(): 11.8744ms
Frame 626 end
Average processing time of GrabImageRGBD(): 11.8722ms
Frame 627 end
Average processing time of GrabImageRGBD(): 11.8756ms
Frame 628 end
Average processing time of GrabImageRGBD(): 11.8761ms
Frame 629 end
Average processing time of GrabImageRGBD(): 11.8762ms
Frame 630 end
Average processing time of GrabImageRGBD(): 11.8772ms
Frame 631 end
Average processing time of GrabImageRGBD(): 11.8751ms
Frame 632 end
Average processing time of GrabImageRGBD(): 11.8764ms
Frame 633 end
Average processing time of GrabImageRGBD(): 11.8759ms
Frame 634 end
Average processing time of GrabImageRGBD(): 11.8738ms
Frame 635 end
Average processing time of GrabImageRGBD(): 11.8759ms
Frame 636 end
Average processing time of GrabImageRGBD(): 11.878ms
Frame 637 end
Average processing time of GrabImageRGBD(): 11.8767ms
Frame 638 end
Average processing time of GrabImageRGBD(): 11.8763ms
Frame 639 end
Average processing time of GrabImageRGBD(): 11.8766ms
Frame 640 end
Average processing time of GrabImageRGBD(): 11.8722ms
Frame 641 end
Average processing time of GrabImageRGBD(): 11.8729ms
Frame 642 end
Average processing time of GrabImageRGBD(): 11.8737ms
Frame 643 end
Average processing time of GrabImageRGBD(): 11.8719ms
Frame 644 end
Average processing time of GrabImageRGBD(): 11.8722ms
Frame 645 end
Average processing time of GrabImageRGBD(): 11.8735ms
Frame 646 end
Average processing time of GrabImageRGBD(): 11.8731ms
Frame 647 end
Average processing time of GrabImageRGBD(): 11.876ms
Frame 648 end
Average processing time of GrabImageRGBD(): 11.8782ms
Frame 649 end
Average processing time of GrabImageRGBD(): 11.8762ms
Frame 650 end
Average processing time of GrabImageRGBD(): 11.8779ms
Frame 651 end
Average processing time of GrabImageRGBD(): 11.8785ms
Frame 652 end
Average processing time of GrabImageRGBD(): 11.8795ms
Frame 653 end
Average processing time of GrabImageRGBD(): 11.8801ms
Frame 654 end
Average processing time of GrabImageRGBD(): 11.8835ms
Frame 655 end
Average processing time of GrabImageRGBD(): 11.8819ms
Frame 656 end
Average processing time of GrabImageRGBD(): 11.9122ms
Frame 657 end
Average processing time of GrabImageRGBD(): 11.9154ms
Frame 658 end
Average processing time of GrabImageRGBD(): 11.9115ms
Frame 659 end
Average processing time of GrabImageRGBD(): 11.9131ms
Frame 660 end
Average processing time of GrabImageRGBD(): 11.9153ms
Frame 661 end
Average processing time of GrabImageRGBD(): 11.9143ms
Frame 662 end
Average processing time of GrabImageRGBD(): 11.915ms
Frame 663 end
Average processing time of GrabImageRGBD(): 11.9174ms
Frame 664 end
Average processing time of GrabImageRGBD(): 11.9156ms
Frame 665 end
Average processing time of GrabImageRGBD(): 11.9175ms
Frame 666 end
Average processing time of GrabImageRGBD(): 11.9188ms
Frame 667 end
Average processing time of GrabImageRGBD(): 11.9181ms
Frame 668 end
Average processing time of GrabImageRGBD(): 11.9192ms
Frame 669 end
Average processing time of GrabImageRGBD(): 11.9205ms
Frame 670 end
Average processing time of GrabImageRGBD(): 11.92ms
Frame 671 end
Average processing time of GrabImageRGBD(): 11.9207ms
Frame 672 end
Average processing time of GrabImageRGBD(): 11.9225ms
Frame 673 end
Average processing time of GrabImageRGBD(): 11.9228ms
Frame 674 end
Average processing time of GrabImageRGBD(): 11.9237ms
Frame 675 end
Average processing time of GrabImageRGBD(): 11.9269ms
Frame 676 end
Average processing time of GrabImageRGBD(): 11.9251ms
Frame 677 end
Average processing time of GrabImageRGBD(): 11.9251ms
Frame 678 end
Average processing time of GrabImageRGBD(): 11.9252ms
Frame 679 end
Average processing time of GrabImageRGBD(): 11.9272ms
Frame 680 end
Average processing time of GrabImageRGBD(): 11.9242ms
Frame 681 end
Average processing time of GrabImageRGBD(): 11.9275ms
Frame 682 end
Average processing time of GrabImageRGBD(): 11.9311ms
Frame 683 end
Average processing time of GrabImageRGBD(): 11.9326ms
Frame 684 end
Average processing time of GrabImageRGBD(): 11.9362ms
Frame 685 end
Average processing time of GrabImageRGBD(): 11.9656ms
Frame 686 end
Average processing time of GrabImageRGBD(): 11.9676ms
Frame 687 end
Average processing time of GrabImageRGBD(): 11.969ms
Frame 688 end
Average processing time of GrabImageRGBD(): 11.9708ms
Frame 689 end
Average processing time of GrabImageRGBD(): 11.9719ms
Frame 690 end
Average processing time of GrabImageRGBD(): 11.9737ms
Frame 691 end
Average processing time of GrabImageRGBD(): 11.9772ms
Frame 692 end
Average processing time of GrabImageRGBD(): 11.9772ms
Frame 693 end
Average processing time of GrabImageRGBD(): 11.9794ms
Frame 694 end
Average processing time of GrabImageRGBD(): 11.9809ms
Frame 695 end
Average processing time of GrabImageRGBD(): 11.9785ms
Frame 696 end
Average processing time of GrabImageRGBD(): 11.9795ms
Frame 697 end
Average processing time of GrabImageRGBD(): 11.9798ms
Frame 698 end
Average processing time of GrabImageRGBD(): 11.9782ms
Frame 699 end
Average processing time of GrabImageRGBD(): 11.98ms
Frame 700 end
Average processing time of GrabImageRGBD(): 11.9803ms
Frame 701 end
Average processing time of GrabImageRGBD(): 11.9802ms
Frame 702 end
Average processing time of GrabImageRGBD(): 11.9828ms
Frame 703 end
Average processing time of GrabImageRGBD(): 11.9842ms
Frame 704 end
Average processing time of GrabImageRGBD(): 11.9821ms
Frame 705 end
Average processing time of GrabImageRGBD(): 11.9841ms
Frame 706 end
Average processing time of GrabImageRGBD(): 11.9857ms
Frame 707 end
Average processing time of GrabImageRGBD(): 11.984ms
Frame 708 end
Average processing time of GrabImageRGBD(): 11.985ms
Frame 709 end
Average processing time of GrabImageRGBD(): 12.0129ms
Frame 710 end
Average processing time of GrabImageRGBD(): 12.0135ms
Frame 711 end
Average processing time of GrabImageRGBD(): 12.0157ms
Frame 712 end
Average processing time of GrabImageRGBD(): 12.0179ms
Frame 713 end
Average processing time of GrabImageRGBD(): 12.0173ms
Frame 714 end
Average processing time of GrabImageRGBD(): 12.0216ms
Frame 715 end
Average processing time of GrabImageRGBD(): 12.0243ms
Frame 716 end
Shutdown
-------

median tracking time: 0.0128754
mean tracking time: 0.0128938

Saving camera trajectory to CameraTrajectory.txt ...

Saving keyframe trajectory to KeyFrameTrajectory.txt ...
