
ORB-SLAM3 Copyright (C) 2017-2020 Carlos Campos, Richard Elvira, Juan J. Gómez, José M.M. Montiel and Juan D. Tardós, University of Zaragoza.
ORB-SLAM2 Copyright (C) 2014-2016 Raúl Mur-Artal, José M.M. Montiel and Juan D. Tardós, University of Zaragoza.
This program comes with ABSOLUTELY NO WARRANTY;
This is free software, and you are welcome to redistribute it
under certain conditions. See LICENSE.txt.

Input sensor was set to: RGB-D
Loading settings from /home/bingxin/Downloads/NGD-SLAM/Examples/RGB-D/TUM3.yaml
Camera1.k3 optional parameter does not exist...
	-Loaded camera 1
Camera.newHeight optional parameter does not exist...
Camera.newWidth optional parameter does not exist...
	-Loaded image info
	-Loaded RGB-D calibration
	-Loaded ORB settings
Viewer.imageViewScale optional parameter does not exist...
	-Loaded viewer settings
System.LoadAtlasFromFile optional parameter does not exist...
System.SaveAtlasToFile optional parameter does not exist...
	-Loaded Atlas settings
System.thFarPoints optional parameter does not exist...
	-Loaded misc parameters
----------------------------------
SLAM settings: 
	-Camera 1 parameters (Pinhole): [ 535.4 539.2 320.1 247.6 ]
	-Camera 1 distortion parameters: [  0 0 0 0 ]
	-Original image size: [ 640 , 480 ]
	-Current image size: [ 640 , 480 ]
	-Sequence FPS: 30
	-RGB-D depth map factor: 5000
	-Features per image: 1000
	-ORB scale factor: 1.2
	-ORB number of scales: 8
	-Initial FAST threshold: 20
	-Min FAST threshold: 7


Loading ORB Vocabulary. This could take a while...
Vocabulary loaded!

Initialization of Atlas from scratch 
Creation of new map with id: 0
Creation of new map with last KF id: 0
Seq. Name: 
There are 1 cameras in the atlas
Camera 0 is pinhole
Net use yolo-fastest

-------
Start processing sequence ...
Images in the sequence: 795

First KF:0; Map init KF:0
New Map created with 611 points
Average processing time of GrabImageRGBD(): 45.4559ms
Frame 0 end
Average processing time of GrabImageRGBD(): 38.8351ms
Frame 1 end
Average processing time of GrabImageRGBD(): 35.998ms
Frame 2 end
Average processing time of GrabImageRGBD(): 30.7989ms
Frame 3 end
Average processing time of GrabImageRGBD(): 27.8946ms
Frame 4 end
Average processing time of GrabImageRGBD(): 26.0119ms
Frame 5 end
Starting the Viewer
Average processing time of GrabImageRGBD(): 24.8213ms
Frame 6 end
Average processing time of GrabImageRGBD(): 23.8868ms
Frame 7 end
Average processing time of GrabImageRGBD(): 22.787ms
Frame 8 end
Average processing time of GrabImageRGBD(): 21.9079ms
Frame 9 end
Average processing time of GrabImageRGBD(): 21.0941ms
Frame 10 end
Average processing time of GrabImageRGBD(): 20.6208ms
Frame 11 end
Average processing time of GrabImageRGBD(): 20.0952ms
Frame 12 end
Average processing time of GrabImageRGBD(): 19.6754ms
Frame 13 end
Average processing time of GrabImageRGBD(): 19.2193ms
Frame 14 end
Average processing time of GrabImageRGBD(): 20.6065ms
Frame 15 end
Average processing time of GrabImageRGBD(): 20.2255ms
Frame 16 end
Average processing time of GrabImageRGBD(): 19.8257ms
Frame 17 end
Average processing time of GrabImageRGBD(): 20.6331ms
Frame 18 end
Average processing time of GrabImageRGBD(): 20.2684ms
Frame 19 end
Average processing time of GrabImageRGBD(): 19.9933ms
Frame 20 end
Average processing time of GrabImageRGBD(): 19.6824ms
Frame 21 end
Average processing time of GrabImageRGBD(): 19.3772ms
Frame 22 end
Average processing time of GrabImageRGBD(): 19.2441ms
Frame 23 end
Average processing time of GrabImageRGBD(): 18.9777ms
Frame 24 end
Average processing time of GrabImageRGBD(): 19.3945ms
Frame 25 end
Average processing time of GrabImageRGBD(): 19.8096ms
Frame 26 end
Average processing time of GrabImageRGBD(): 19.6163ms
Frame 27 end
Average processing time of GrabImageRGBD(): 19.3731ms
Frame 28 end
Average processing time of GrabImageRGBD(): 19.185ms
Frame 29 end
Average processing time of GrabImageRGBD(): 18.9972ms
Frame 30 end
Average processing time of GrabImageRGBD(): 18.7492ms
Frame 31 end
Average processing time of GrabImageRGBD(): 18.595ms
Frame 32 end
Average processing time of GrabImageRGBD(): 18.412ms
Frame 33 end
Average processing time of GrabImageRGBD(): 18.7348ms
Frame 34 end
Average processing time of GrabImageRGBD(): 18.5858ms
Frame 35 end
Average processing time of GrabImageRGBD(): 18.3869ms
Frame 36 end
Average processing time of GrabImageRGBD(): 18.2466ms
Frame 37 end
Average processing time of GrabImageRGBD(): 18.0499ms
Frame 38 end
Average processing time of GrabImageRGBD(): 17.9117ms
Frame 39 end
Average processing time of GrabImageRGBD(): 17.7107ms
Frame 40 end
Average processing time of GrabImageRGBD(): 17.4828ms
Frame 41 end
Average processing time of GrabImageRGBD(): 17.318ms
Frame 42 end
Average processing time of GrabImageRGBD(): 17.557ms
Frame 43 end
Average processing time of GrabImageRGBD(): 17.4084ms
Frame 44 end
Average processing time of GrabImageRGBD(): 17.1745ms
Frame 45 end
Average processing time of GrabImageRGBD(): 17.0005ms
Frame 46 end
Average processing time of GrabImageRGBD(): 16.8486ms
Frame 47 end
Average processing time of GrabImageRGBD(): 16.7125ms
Frame 48 end
Average processing time of GrabImageRGBD(): 16.9123ms
Frame 49 end
Average processing time of GrabImageRGBD(): 16.7508ms
Frame 50 end
Average processing time of GrabImageRGBD(): 16.6135ms
Frame 51 end
Average processing time of GrabImageRGBD(): 16.8034ms
Frame 52 end
Average processing time of GrabImageRGBD(): 16.9924ms
Frame 53 end
Average processing time of GrabImageRGBD(): 16.8507ms
Frame 54 end
Average processing time of GrabImageRGBD(): 17.0164ms
Frame 55 end
Average processing time of GrabImageRGBD(): 16.8698ms
Frame 56 end
Average processing time of GrabImageRGBD(): 16.7319ms
Frame 57 end
Average processing time of GrabImageRGBD(): 16.8563ms
Frame 58 end
Average processing time of GrabImageRGBD(): 16.6645ms
Frame 59 end
Average processing time of GrabImageRGBD(): 16.5157ms
Frame 60 end
Average processing time of GrabImageRGBD(): 16.3412ms
Frame 61 end
Average processing time of GrabImageRGBD(): 16.1526ms
Frame 62 end
Average processing time of GrabImageRGBD(): 15.9968ms
Frame 63 end
Average processing time of GrabImageRGBD(): 15.7966ms
Frame 64 end
Average processing time of GrabImageRGBD(): 15.667ms
Frame 65 end
Average processing time of GrabImageRGBD(): 15.513ms
Frame 66 end
Average processing time of GrabImageRGBD(): 15.3379ms
Frame 67 end
Average processing time of GrabImageRGBD(): 15.1634ms
Frame 68 end
Average processing time of GrabImageRGBD(): 14.9886ms
Frame 69 end
Average processing time of GrabImageRGBD(): 14.8105ms
Frame 70 end
Average processing time of GrabImageRGBD(): 14.661ms
Frame 71 end
Average processing time of GrabImageRGBD(): 14.5005ms
Frame 72 end
Average processing time of GrabImageRGBD(): 14.3639ms
Frame 73 end
Average processing time of GrabImageRGBD(): 14.2217ms
Frame 74 end
Average processing time of GrabImageRGBD(): 14.145ms
Frame 75 end
Average processing time of GrabImageRGBD(): 14.0581ms
Frame 76 end
Average processing time of GrabImageRGBD(): 13.928ms
Frame 77 end
Average processing time of GrabImageRGBD(): 13.8311ms
Frame 78 end
Average processing time of GrabImageRGBD(): 13.9963ms
Frame 79 end
Average processing time of GrabImageRGBD(): 13.948ms
Frame 80 end
Average processing time of GrabImageRGBD(): 13.8928ms
Frame 81 end
Average processing time of GrabImageRGBD(): 13.8459ms
Frame 82 end
Average processing time of GrabImageRGBD(): 13.8102ms
Frame 83 end
Average processing time of GrabImageRGBD(): 13.9611ms
Frame 84 end
Average processing time of GrabImageRGBD(): 13.9571ms
Frame 85 end
Average processing time of GrabImageRGBD(): 14.149ms
Frame 86 end
Average processing time of GrabImageRGBD(): 14.0929ms
Frame 87 end
Average processing time of GrabImageRGBD(): 14.0639ms
Frame 88 end
Average processing time of GrabImageRGBD(): 14.2581ms
Frame 89 end
Average processing time of GrabImageRGBD(): 14.2547ms
Frame 90 end
Average processing time of GrabImageRGBD(): 14.2317ms
Frame 91 end
Average processing time of GrabImageRGBD(): 14.2449ms
Frame 92 end
Average processing time of GrabImageRGBD(): 14.1885ms
Frame 93 end
Average processing time of GrabImageRGBD(): 14.1897ms
Frame 94 end
Average processing time of GrabImageRGBD(): 14.1979ms
Frame 95 end
Average processing time of GrabImageRGBD(): 14.2193ms
Frame 96 end
Average processing time of GrabImageRGBD(): 14.2147ms
Frame 97 end
Average processing time of GrabImageRGBD(): 14.1827ms
Frame 98 end
Average processing time of GrabImageRGBD(): 14.1877ms
Frame 99 end
Average processing time of GrabImageRGBD(): 14.3719ms
Frame 100 end
Average processing time of GrabImageRGBD(): 14.3579ms
Frame 101 end
Average processing time of GrabImageRGBD(): 14.3762ms
Frame 102 end
Average processing time of GrabImageRGBD(): 14.3871ms
Frame 103 end
Average processing time of GrabImageRGBD(): 14.4152ms
Frame 104 end
Average processing time of GrabImageRGBD(): 14.5864ms
Frame 105 end
Average processing time of GrabImageRGBD(): 14.6127ms
Frame 106 end
Average processing time of GrabImageRGBD(): 14.6305ms
Frame 107 end
Average processing time of GrabImageRGBD(): 14.653ms
Frame 108 end
Average processing time of GrabImageRGBD(): 14.6551ms
Frame 109 end
Average processing time of GrabImageRGBD(): 14.8434ms
Frame 110 end
Average processing time of GrabImageRGBD(): 14.8407ms
Frame 111 end
Average processing time of GrabImageRGBD(): 15.0171ms
Frame 112 end
Average processing time of GrabImageRGBD(): 15.0348ms
Frame 113 end
Average processing time of GrabImageRGBD(): 15.0681ms
Frame 114 end
Average processing time of GrabImageRGBD(): 15.0671ms
Frame 115 end
Average processing time of GrabImageRGBD(): 15.2497ms
Frame 116 end
Average processing time of GrabImageRGBD(): 15.2678ms
Frame 117 end
Average processing time of GrabImageRGBD(): 15.2748ms
Frame 118 end
Average processing time of GrabImageRGBD(): 15.3228ms
Frame 119 end
Average processing time of GrabImageRGBD(): 15.512ms
Frame 120 end
Average processing time of GrabImageRGBD(): 15.5272ms
Frame 121 end
Average processing time of GrabImageRGBD(): 15.692ms
Frame 122 end
Average processing time of GrabImageRGBD(): 15.6896ms
Frame 123 end
Average processing time of GrabImageRGBD(): 15.8716ms
Frame 124 end
Average processing time of GrabImageRGBD(): 15.8886ms
Frame 125 end
Average processing time of GrabImageRGBD(): 15.8813ms
Frame 126 end
Average processing time of GrabImageRGBD(): 15.8763ms
Frame 127 end
Average processing time of GrabImageRGBD(): 16.0982ms
Frame 128 end
Average processing time of GrabImageRGBD(): 16.1104ms
Frame 129 end
Average processing time of GrabImageRGBD(): 16.0994ms
Frame 130 end
Average processing time of GrabImageRGBD(): 16.0872ms
Frame 131 end
Average processing time of GrabImageRGBD(): 16.0962ms
Frame 132 end
Average processing time of GrabImageRGBD(): 16.1084ms
Frame 133 end
Average processing time of GrabImageRGBD(): 16.2605ms
Frame 134 end
Average processing time of GrabImageRGBD(): 16.2681ms
Frame 135 end
Average processing time of GrabImageRGBD(): 16.3984ms
Frame 136 end
Average processing time of GrabImageRGBD(): 16.3776ms
Frame 137 end
Average processing time of GrabImageRGBD(): 16.3676ms
Frame 138 end
Average processing time of GrabImageRGBD(): 16.3932ms
Frame 139 end
Average processing time of GrabImageRGBD(): 16.5291ms
Frame 140 end
Average processing time of GrabImageRGBD(): 16.521ms
Frame 141 end
Average processing time of GrabImageRGBD(): 16.5091ms
Frame 142 end
Average processing time of GrabImageRGBD(): 16.5088ms
Frame 143 end
Average processing time of GrabImageRGBD(): 16.6246ms
Frame 144 end
Average processing time of GrabImageRGBD(): 16.6097ms
Frame 145 end
Average processing time of GrabImageRGBD(): 16.6097ms
Frame 146 end
Average processing time of GrabImageRGBD(): 16.6151ms
Frame 147 end
Average processing time of GrabImageRGBD(): 16.716ms
Frame 148 end
Average processing time of GrabImageRGBD(): 16.711ms
Frame 149 end
Average processing time of GrabImageRGBD(): 16.6905ms
Frame 150 end
Average processing time of GrabImageRGBD(): 16.804ms
Frame 151 end
Average processing time of GrabImageRGBD(): 16.7979ms
Frame 152 end
Average processing time of GrabImageRGBD(): 16.7724ms
Frame 153 end
Average processing time of GrabImageRGBD(): 16.7564ms
Frame 154 end
Average processing time of GrabImageRGBD(): 16.7347ms
Frame 155 end
Average processing time of GrabImageRGBD(): 16.8401ms
Frame 156 end
Average processing time of GrabImageRGBD(): 16.8179ms
Frame 157 end
Average processing time of GrabImageRGBD(): 16.9781ms
Frame 158 end
Average processing time of GrabImageRGBD(): 16.9608ms
Frame 159 end
Average processing time of GrabImageRGBD(): 16.9243ms
Frame 160 end
Average processing time of GrabImageRGBD(): 17.027ms
Frame 161 end
Average processing time of GrabImageRGBD(): 17.0161ms
Frame 162 end
Average processing time of GrabImageRGBD(): 17.1152ms
Frame 163 end
Average processing time of GrabImageRGBD(): 17.1027ms
Frame 164 end
Average processing time of GrabImageRGBD(): 17.2025ms
Frame 165 end
Average processing time of GrabImageRGBD(): 17.1778ms
Frame 166 end
Average processing time of GrabImageRGBD(): 17.1209ms
Frame 167 end
Average processing time of GrabImageRGBD(): 17.1032ms
Frame 168 end
Average processing time of GrabImageRGBD(): 17.0646ms
Frame 169 end
Average processing time of GrabImageRGBD(): 17.0432ms
Frame 170 end
Average processing time of GrabImageRGBD(): 17.0281ms
Frame 171 end
Average processing time of GrabImageRGBD(): 17.0067ms
Frame 172 end
Average processing time of GrabImageRGBD(): 16.9778ms
Frame 173 end
Average processing time of GrabImageRGBD(): 16.9678ms
Frame 174 end
Average processing time of GrabImageRGBD(): 16.9464ms
Frame 175 end
Average processing time of GrabImageRGBD(): 16.9166ms
Frame 176 end
Average processing time of GrabImageRGBD(): 17.0123ms
Frame 177 end
Average processing time of GrabImageRGBD(): 17.0028ms
Frame 178 end
Average processing time of GrabImageRGBD(): 16.9804ms
Frame 179 end
Average processing time of GrabImageRGBD(): 17.081ms
Frame 180 end
Average processing time of GrabImageRGBD(): 17.0677ms
Frame 181 end
Average processing time of GrabImageRGBD(): 17.0497ms
Frame 182 end
Average processing time of GrabImageRGBD(): 17.1398ms
Frame 183 end
Average processing time of GrabImageRGBD(): 17.1328ms
Frame 184 end
Average processing time of GrabImageRGBD(): 17.2287ms
Frame 185 end
Average processing time of GrabImageRGBD(): 17.2253ms
Frame 186 end
Average processing time of GrabImageRGBD(): 17.3105ms
Frame 187 end
Average processing time of GrabImageRGBD(): 17.3053ms
Frame 188 end
Average processing time of GrabImageRGBD(): 17.299ms
Frame 189 end
Average processing time of GrabImageRGBD(): 17.3966ms
Frame 190 end
Average processing time of GrabImageRGBD(): 17.3995ms
Frame 191 end
Average processing time of GrabImageRGBD(): 17.3929ms
Frame 192 end
Average processing time of GrabImageRGBD(): 17.497ms
Frame 193 end
Average processing time of GrabImageRGBD(): 17.5014ms
Frame 194 end
Average processing time of GrabImageRGBD(): 17.5166ms
Frame 195 end
Average processing time of GrabImageRGBD(): 17.6262ms
Frame 196 end
Average processing time of GrabImageRGBD(): 17.6262ms
Frame 197 end
Average processing time of GrabImageRGBD(): 17.7255ms
Frame 198 end
Average processing time of GrabImageRGBD(): 17.8227ms
Frame 199 end
Average processing time of GrabImageRGBD(): 17.8189ms
Frame 200 end
Average processing time of GrabImageRGBD(): 17.8081ms
Frame 201 end
Average processing time of GrabImageRGBD(): 17.8863ms
Frame 202 end
Average processing time of GrabImageRGBD(): 17.8683ms
Frame 203 end
Average processing time of GrabImageRGBD(): 17.8645ms
Frame 204 end
Average processing time of GrabImageRGBD(): 17.8346ms
Frame 205 end
Average processing time of GrabImageRGBD(): 17.9143ms
Frame 206 end
Average processing time of GrabImageRGBD(): 17.9032ms
Frame 207 end
Average processing time of GrabImageRGBD(): 17.9103ms
Frame 208 end
Average processing time of GrabImageRGBD(): 17.8985ms
Frame 209 end
Average processing time of GrabImageRGBD(): 17.9554ms
Frame 210 end
Average processing time of GrabImageRGBD(): 17.9278ms
Frame 211 end
Average processing time of GrabImageRGBD(): 17.9029ms
Frame 212 end
Average processing time of GrabImageRGBD(): 17.8645ms
Frame 213 end
Average processing time of GrabImageRGBD(): 17.9304ms
Frame 214 end
Average processing time of GrabImageRGBD(): 17.9103ms
Frame 215 end
Average processing time of GrabImageRGBD(): 17.8869ms
Frame 216 end
Average processing time of GrabImageRGBD(): 17.8481ms
Frame 217 end
Average processing time of GrabImageRGBD(): 17.9102ms
Frame 218 end
Average processing time of GrabImageRGBD(): 17.8964ms
Frame 219 end
Average processing time of GrabImageRGBD(): 17.8584ms
Frame 220 end
Average processing time of GrabImageRGBD(): 17.9104ms
Frame 221 end
Average processing time of GrabImageRGBD(): 17.8846ms
Frame 222 end
Average processing time of GrabImageRGBD(): 17.8686ms
Frame 223 end
Average processing time of GrabImageRGBD(): 17.8333ms
Frame 224 end
Average processing time of GrabImageRGBD(): 17.8892ms
Frame 225 end
Average processing time of GrabImageRGBD(): 17.8435ms
Frame 226 end
Average processing time of GrabImageRGBD(): 17.8126ms
Frame 227 end
Average processing time of GrabImageRGBD(): 17.7664ms
Frame 228 end
Average processing time of GrabImageRGBD(): 17.8088ms
Frame 229 end
Average processing time of GrabImageRGBD(): 17.7689ms
Frame 230 end
Average processing time of GrabImageRGBD(): 17.8185ms
Frame 231 end
Average processing time of GrabImageRGBD(): 17.7845ms
Frame 232 end
Average processing time of GrabImageRGBD(): 17.8385ms
Frame 233 end
Average processing time of GrabImageRGBD(): 17.7922ms
Frame 234 end
Average processing time of GrabImageRGBD(): 17.7398ms
Frame 235 end
Average processing time of GrabImageRGBD(): 17.7063ms
Frame 236 end
Average processing time of GrabImageRGBD(): 17.7395ms
Frame 237 end
Average processing time of GrabImageRGBD(): 17.6965ms
Frame 238 end
Average processing time of GrabImageRGBD(): 17.6588ms
Frame 239 end
Average processing time of GrabImageRGBD(): 17.7012ms
Frame 240 end
Average processing time of GrabImageRGBD(): 17.6731ms
Frame 241 end
Average processing time of GrabImageRGBD(): 17.6448ms
Frame 242 end
Average processing time of GrabImageRGBD(): 17.6896ms
Frame 243 end
Average processing time of GrabImageRGBD(): 17.6599ms
Frame 244 end
Average processing time of GrabImageRGBD(): 17.7067ms
Frame 245 end
Average processing time of GrabImageRGBD(): 17.6742ms
Frame 246 end
Average processing time of GrabImageRGBD(): 17.6318ms
Frame 247 end
Average processing time of GrabImageRGBD(): 17.6032ms
Frame 248 end
Average processing time of GrabImageRGBD(): 17.6316ms
Frame 249 end
Average processing time of GrabImageRGBD(): 17.6026ms
Frame 250 end
Average processing time of GrabImageRGBD(): 17.6468ms
Frame 251 end
Average processing time of GrabImageRGBD(): 17.6051ms
Frame 252 end
Average processing time of GrabImageRGBD(): 17.5675ms
Frame 253 end
Average processing time of GrabImageRGBD(): 17.5254ms
Frame 254 end
Average processing time of GrabImageRGBD(): 17.4876ms
Frame 255 end
Average processing time of GrabImageRGBD(): 17.4481ms
Frame 256 end
Average processing time of GrabImageRGBD(): 17.5108ms
Frame 257 end
Average processing time of GrabImageRGBD(): 17.4667ms
Frame 258 end
Average processing time of GrabImageRGBD(): 17.4261ms
Frame 259 end
Average processing time of GrabImageRGBD(): 17.3923ms
Frame 260 end
Average processing time of GrabImageRGBD(): 17.3557ms
Frame 261 end
Average processing time of GrabImageRGBD(): 17.321ms
Frame 262 end
Average processing time of GrabImageRGBD(): 17.3527ms
Frame 263 end
Average processing time of GrabImageRGBD(): 17.3217ms
Frame 264 end
Average processing time of GrabImageRGBD(): 17.2942ms
Frame 265 end
Average processing time of GrabImageRGBD(): 17.2655ms
Frame 266 end
Average processing time of GrabImageRGBD(): 17.2328ms
Frame 267 end
Average processing time of GrabImageRGBD(): 17.207ms
Frame 268 end
Average processing time of GrabImageRGBD(): 17.1816ms
Frame 269 end
Average processing time of GrabImageRGBD(): 17.2231ms
Frame 270 end
Average processing time of GrabImageRGBD(): 17.2017ms
Frame 271 end
Average processing time of GrabImageRGBD(): 17.2467ms
Frame 272 end
Average processing time of GrabImageRGBD(): 17.2213ms
Frame 273 end
Average processing time of GrabImageRGBD(): 17.1944ms
Frame 274 end
Average processing time of GrabImageRGBD(): 17.1687ms
Frame 275 end
Average processing time of GrabImageRGBD(): 17.2125ms
Frame 276 end
Average processing time of GrabImageRGBD(): 17.1913ms
Frame 277 end
Average processing time of GrabImageRGBD(): 17.1697ms
Frame 278 end
Average processing time of GrabImageRGBD(): 17.2148ms
Frame 279 end
Average processing time of GrabImageRGBD(): 17.196ms
Frame 280 end
Average processing time of GrabImageRGBD(): 17.1714ms
Frame 281 end
Average processing time of GrabImageRGBD(): 17.1444ms
Frame 282 end
Average processing time of GrabImageRGBD(): 17.1173ms
Frame 283 end
Average processing time of GrabImageRGBD(): 17.1621ms
Frame 284 end
Average processing time of GrabImageRGBD(): 17.1279ms
Frame 285 end
Average processing time of GrabImageRGBD(): 17.1012ms
Frame 286 end
Average processing time of GrabImageRGBD(): 17.1713ms
Frame 287 end
Average processing time of GrabImageRGBD(): 17.1518ms
Frame 288 end
Average processing time of GrabImageRGBD(): 17.12ms
Frame 289 end
Average processing time of GrabImageRGBD(): 17.0837ms
Frame 290 end
Average processing time of GrabImageRGBD(): 17.1298ms
Frame 291 end
Average processing time of GrabImageRGBD(): 17.1064ms
Frame 292 end
Average processing time of GrabImageRGBD(): 17.0845ms
Frame 293 end
Average processing time of GrabImageRGBD(): 17.0646ms
Frame 294 end
Average processing time of GrabImageRGBD(): 17.1127ms
Frame 295 end
Average processing time of GrabImageRGBD(): 17.0961ms
Frame 296 end
Average processing time of GrabImageRGBD(): 17.0613ms
Frame 297 end
Average processing time of GrabImageRGBD(): 17.0497ms
Frame 298 end
Average processing time of GrabImageRGBD(): 17.0959ms
Frame 299 end
Average processing time of GrabImageRGBD(): 17.0709ms
Frame 300 end
Average processing time of GrabImageRGBD(): 17.0474ms
Frame 301 end
Average processing time of GrabImageRGBD(): 17.032ms
Frame 302 end
Average processing time of GrabImageRGBD(): 17.1082ms
Frame 303 end
Average processing time of GrabImageRGBD(): 17.0918ms
Frame 304 end
Average processing time of GrabImageRGBD(): 17.0845ms
Frame 305 end
Average processing time of GrabImageRGBD(): 17.0733ms
Frame 306 end
Average processing time of GrabImageRGBD(): 17.0512ms
Frame 307 end
Average processing time of GrabImageRGBD(): 17.0955ms
Frame 308 end
Average processing time of GrabImageRGBD(): 17.0845ms
Frame 309 end
Average processing time of GrabImageRGBD(): 17.0677ms
Frame 310 end
Average processing time of GrabImageRGBD(): 17.0523ms
Frame 311 end
Average processing time of GrabImageRGBD(): 17.0366ms
Frame 312 end
Average processing time of GrabImageRGBD(): 17.0941ms
Frame 313 end
Average processing time of GrabImageRGBD(): 17.0858ms
Frame 314 end
Average processing time of GrabImageRGBD(): 17.0806ms
Frame 315 end
Average processing time of GrabImageRGBD(): 17.0676ms
Frame 316 end
Average processing time of GrabImageRGBD(): 17.0575ms
Frame 317 end
Average processing time of GrabImageRGBD(): 17.141ms
Frame 318 end
Average processing time of GrabImageRGBD(): 17.133ms
Frame 319 end
Average processing time of GrabImageRGBD(): 17.1276ms
Frame 320 end
Average processing time of GrabImageRGBD(): 17.1033ms
Frame 321 end
Average processing time of GrabImageRGBD(): 17.093ms
Frame 322 end
Average processing time of GrabImageRGBD(): 17.1389ms
Frame 323 end
Average processing time of GrabImageRGBD(): 17.1247ms
Frame 324 end
Average processing time of GrabImageRGBD(): 17.1183ms
Frame 325 end
Average processing time of GrabImageRGBD(): 17.1063ms
Frame 326 end
Average processing time of GrabImageRGBD(): 17.096ms
Frame 327 end
Average processing time of GrabImageRGBD(): 17.1439ms
Frame 328 end
Average processing time of GrabImageRGBD(): 17.1363ms
Frame 329 end
Average processing time of GrabImageRGBD(): 17.1247ms
Frame 330 end
Average processing time of GrabImageRGBD(): 17.1691ms
Frame 331 end
Average processing time of GrabImageRGBD(): 17.1533ms
Frame 332 end
Average processing time of GrabImageRGBD(): 17.1436ms
Frame 333 end
Average processing time of GrabImageRGBD(): 17.1273ms
Frame 334 end
Average processing time of GrabImageRGBD(): 17.166ms
Frame 335 end
Average processing time of GrabImageRGBD(): 17.1389ms
Frame 336 end
Average processing time of GrabImageRGBD(): 17.1263ms
Frame 337 end
Average processing time of GrabImageRGBD(): 17.111ms
Frame 338 end
Average processing time of GrabImageRGBD(): 17.1445ms
Frame 339 end
Average processing time of GrabImageRGBD(): 17.1261ms
Frame 340 end
Average processing time of GrabImageRGBD(): 17.1704ms
Frame 341 end
Average processing time of GrabImageRGBD(): 17.1518ms
Frame 342 end
Average processing time of GrabImageRGBD(): 17.1336ms
Frame 343 end
Average processing time of GrabImageRGBD(): 17.1696ms
Frame 344 end
Average processing time of GrabImageRGBD(): 17.148ms
Frame 345 end
Average processing time of GrabImageRGBD(): 17.1287ms
Frame 346 end
Average processing time of GrabImageRGBD(): 17.1611ms
Frame 347 end
Average processing time of GrabImageRGBD(): 17.141ms
Frame 348 end
Average processing time of GrabImageRGBD(): 17.1724ms
Frame 349 end
Average processing time of GrabImageRGBD(): 17.1558ms
Frame 350 end
Average processing time of GrabImageRGBD(): 17.1843ms
Frame 351 end
Average processing time of GrabImageRGBD(): 17.1613ms
Frame 352 end
Average processing time of GrabImageRGBD(): 17.1188ms
Frame 353 end
Average processing time of GrabImageRGBD(): 17.0818ms
Frame 354 end
Average processing time of GrabImageRGBD(): 17.096ms
Frame 355 end
Average processing time of GrabImageRGBD(): 17.0617ms
Frame 356 end
Average processing time of GrabImageRGBD(): 17.0768ms
Frame 357 end
Average processing time of GrabImageRGBD(): 17.0427ms
Frame 358 end
Average processing time of GrabImageRGBD(): 17.0613ms
Frame 359 end
Average processing time of GrabImageRGBD(): 17.0317ms
Frame 360 end
Average processing time of GrabImageRGBD(): 17.0518ms
Frame 361 end
Average processing time of GrabImageRGBD(): 17.0261ms
Frame 362 end
Average processing time of GrabImageRGBD(): 17.0486ms
Frame 363 end
Average processing time of GrabImageRGBD(): 17.0214ms
Frame 364 end
Average processing time of GrabImageRGBD(): 17.0437ms
Frame 365 end
Average processing time of GrabImageRGBD(): 17.0091ms
Frame 366 end
Average processing time of GrabImageRGBD(): 16.9731ms
Frame 367 end
Average processing time of GrabImageRGBD(): 17.0128ms
Frame 368 end
Average processing time of GrabImageRGBD(): 16.9831ms
Frame 369 end
Average processing time of GrabImageRGBD(): 16.9518ms
Frame 370 end
Average processing time of GrabImageRGBD(): 16.9815ms
Frame 371 end
Average processing time of GrabImageRGBD(): 16.9622ms
Frame 372 end
Average processing time of GrabImageRGBD(): 17.0028ms
Frame 373 end
Average processing time of GrabImageRGBD(): 16.9843ms
Frame 374 end
Average processing time of GrabImageRGBD(): 16.9712ms
Frame 375 end
Average processing time of GrabImageRGBD(): 17.015ms
Frame 376 end
Average processing time of GrabImageRGBD(): 17.0032ms
Frame 377 end
Average processing time of GrabImageRGBD(): 17.0475ms
Frame 378 end
Average processing time of GrabImageRGBD(): 17.036ms
Frame 379 end
Average processing time of GrabImageRGBD(): 17.023ms
Frame 380 end
Average processing time of GrabImageRGBD(): 17.0641ms
Frame 381 end
Average processing time of GrabImageRGBD(): 17.04ms
Frame 382 end
Average processing time of GrabImageRGBD(): 17.0232ms
Frame 383 end
Average processing time of GrabImageRGBD(): 17.0059ms
Frame 384 end
Average processing time of GrabImageRGBD(): 16.9871ms
Frame 385 end
Average processing time of GrabImageRGBD(): 16.9631ms
Frame 386 end
Average processing time of GrabImageRGBD(): 17.0316ms
Frame 387 end
Average processing time of GrabImageRGBD(): 17.0164ms
Frame 388 end
Average processing time of GrabImageRGBD(): 16.9995ms
Frame 389 end
Average processing time of GrabImageRGBD(): 16.9787ms
Frame 390 end
Average processing time of GrabImageRGBD(): 16.9615ms
Frame 391 end
Average processing time of GrabImageRGBD(): 17.019ms
Frame 392 end
Average processing time of GrabImageRGBD(): 17.008ms
Frame 393 end
Average processing time of GrabImageRGBD(): 16.9947ms
Frame 394 end
Average processing time of GrabImageRGBD(): 16.9778ms
Frame 395 end
Average processing time of GrabImageRGBD(): 16.9609ms
Frame 396 end
Average processing time of GrabImageRGBD(): 16.9448ms
Frame 397 end
Average processing time of GrabImageRGBD(): 16.9846ms
Frame 398 end
Average processing time of GrabImageRGBD(): 16.9687ms
Frame 399 end
Average processing time of GrabImageRGBD(): 16.951ms
Frame 400 end
Average processing time of GrabImageRGBD(): 16.9882ms
Frame 401 end
Average processing time of GrabImageRGBD(): 16.9786ms
Frame 402 end
Average processing time of GrabImageRGBD(): 16.9697ms
Frame 403 end
Average processing time of GrabImageRGBD(): 17.0165ms
Frame 404 end
Average processing time of GrabImageRGBD(): 17.0584ms
Frame 405 end
Average processing time of GrabImageRGBD(): 17.0505ms
Frame 406 end
Average processing time of GrabImageRGBD(): 17.0451ms
Frame 407 end
Average processing time of GrabImageRGBD(): 17.0365ms
Frame 408 end
Average processing time of GrabImageRGBD(): 17.0245ms
Frame 409 end
Average processing time of GrabImageRGBD(): 17.0119ms
Frame 410 end
Average processing time of GrabImageRGBD(): 17.055ms
Frame 411 end
Average processing time of GrabImageRGBD(): 17.0451ms
Frame 412 end
Average processing time of GrabImageRGBD(): 17.0323ms
Frame 413 end
Average processing time of GrabImageRGBD(): 17.0215ms
Frame 414 end
Average processing time of GrabImageRGBD(): 17.0082ms
Frame 415 end
Average processing time of GrabImageRGBD(): 16.999ms
Frame 416 end
Average processing time of GrabImageRGBD(): 16.9981ms
Frame 417 end
Average processing time of GrabImageRGBD(): 16.9883ms
Frame 418 end
Average processing time of GrabImageRGBD(): 16.9823ms
Frame 419 end
Average processing time of GrabImageRGBD(): 17.0543ms
Frame 420 end
Average processing time of GrabImageRGBD(): 17.0523ms
Frame 421 end
Average processing time of GrabImageRGBD(): 17.0459ms
Frame 422 end
Average processing time of GrabImageRGBD(): 17.0396ms
Frame 423 end
Average processing time of GrabImageRGBD(): 17.027ms
Frame 424 end
Average processing time of GrabImageRGBD(): 17.0154ms
Frame 425 end
Average processing time of GrabImageRGBD(): 17.0093ms
Frame 426 end
Average processing time of GrabImageRGBD(): 16.9985ms
Frame 427 end
Average processing time of GrabImageRGBD(): 16.9932ms
Frame 428 end
Average processing time of GrabImageRGBD(): 17.0314ms
Frame 429 end
Average processing time of GrabImageRGBD(): 17.0262ms
Frame 430 end
Average processing time of GrabImageRGBD(): 17.0129ms
Frame 431 end
Average processing time of GrabImageRGBD(): 17.0018ms
Frame 432 end
Average processing time of GrabImageRGBD(): 16.9929ms
Frame 433 end
Average processing time of GrabImageRGBD(): 16.9824ms
Frame 434 end
Average processing time of GrabImageRGBD(): 16.9772ms
Frame 435 end
Average processing time of GrabImageRGBD(): 16.965ms
Frame 436 end
Average processing time of GrabImageRGBD(): 16.9565ms
Frame 437 end
Average processing time of GrabImageRGBD(): 16.9962ms
Frame 438 end
Average processing time of GrabImageRGBD(): 16.9872ms
Frame 439 end
Average processing time of GrabImageRGBD(): 16.9759ms
Frame 440 end
Average processing time of GrabImageRGBD(): 16.9696ms
Frame 441 end
Average processing time of GrabImageRGBD(): 16.9603ms
Frame 442 end
Average processing time of GrabImageRGBD(): 16.9567ms
Frame 443 end
Average processing time of GrabImageRGBD(): 16.9475ms
Frame 444 end
Average processing time of GrabImageRGBD(): 16.9421ms
Frame 445 end
Average processing time of GrabImageRGBD(): 16.9285ms
Frame 446 end
Average processing time of GrabImageRGBD(): 16.9152ms
Frame 447 end
Average processing time of GrabImageRGBD(): 16.9591ms
Frame 448 end
Average processing time of GrabImageRGBD(): 16.9603ms
Frame 449 end
Average processing time of GrabImageRGBD(): 16.9556ms
Frame 450 end
Average processing time of GrabImageRGBD(): 16.9451ms
Frame 451 end
Average processing time of GrabImageRGBD(): 16.9367ms
Frame 452 end
Average processing time of GrabImageRGBD(): 16.924ms
Frame 453 end
Average processing time of GrabImageRGBD(): 16.9124ms
Frame 454 end
Average processing time of GrabImageRGBD(): 16.9051ms
Frame 455 end
Average processing time of GrabImageRGBD(): 16.8918ms
Frame 456 end
Average processing time of GrabImageRGBD(): 16.9309ms
Frame 457 end
Average processing time of GrabImageRGBD(): 16.9213ms
Frame 458 end
Average processing time of GrabImageRGBD(): 16.9057ms
Frame 459 end
Average processing time of GrabImageRGBD(): 16.8942ms
Frame 460 end
Average processing time of GrabImageRGBD(): 16.8804ms
Frame 461 end
Average processing time of GrabImageRGBD(): 16.8678ms
Frame 462 end
Average processing time of GrabImageRGBD(): 16.8564ms
Frame 463 end
Average processing time of GrabImageRGBD(): 16.8457ms
Frame 464 end
Average processing time of GrabImageRGBD(): 16.8772ms
Frame 465 end
Average processing time of GrabImageRGBD(): 16.8706ms
Frame 466 end
Average processing time of GrabImageRGBD(): 16.8603ms
Frame 467 end
Average processing time of GrabImageRGBD(): 16.855ms
Frame 468 end
Average processing time of GrabImageRGBD(): 16.8468ms
Frame 469 end
Average processing time of GrabImageRGBD(): 16.8912ms
Frame 470 end
Average processing time of GrabImageRGBD(): 16.8906ms
Frame 471 end
Average processing time of GrabImageRGBD(): 16.8725ms
Frame 472 end
Average processing time of GrabImageRGBD(): 16.8576ms
Frame 473 end
Average processing time of GrabImageRGBD(): 16.8475ms
Frame 474 end
Average processing time of GrabImageRGBD(): 16.8312ms
Frame 475 end
Average processing time of GrabImageRGBD(): 16.8159ms
Frame 476 end
Average processing time of GrabImageRGBD(): 16.8031ms
Frame 477 end
Average processing time of GrabImageRGBD(): 16.8532ms
Frame 478 end
Average processing time of GrabImageRGBD(): 16.8433ms
Frame 479 end
Average processing time of GrabImageRGBD(): 16.8829ms
Frame 480 end
Average processing time of GrabImageRGBD(): 16.8813ms
Frame 481 end
Average processing time of GrabImageRGBD(): 16.8792ms
Frame 482 end
Average processing time of GrabImageRGBD(): 16.8721ms
Frame 483 end
Average processing time of GrabImageRGBD(): 16.8643ms
Frame 484 end
Average processing time of GrabImageRGBD(): 16.856ms
Frame 485 end
Average processing time of GrabImageRGBD(): 16.8933ms
Frame 486 end
Average processing time of GrabImageRGBD(): 16.9313ms
Frame 487 end
Average processing time of GrabImageRGBD(): 16.9276ms
Frame 488 end
Average processing time of GrabImageRGBD(): 16.9216ms
Frame 489 end
Average processing time of GrabImageRGBD(): 16.9155ms
Frame 490 end
Average processing time of GrabImageRGBD(): 16.9094ms
Frame 491 end
Average processing time of GrabImageRGBD(): 16.8998ms
Frame 492 end
Average processing time of GrabImageRGBD(): 16.8947ms
Frame 493 end
Average processing time of GrabImageRGBD(): 16.8833ms
Frame 494 end
Average processing time of GrabImageRGBD(): 16.9325ms
Frame 495 end
Average processing time of GrabImageRGBD(): 16.9332ms
Frame 496 end
Average processing time of GrabImageRGBD(): 16.9292ms
Frame 497 end
Average processing time of GrabImageRGBD(): 16.9296ms
Frame 498 end
Average processing time of GrabImageRGBD(): 16.9217ms
Frame 499 end
Average processing time of GrabImageRGBD(): 16.916ms
Frame 500 end
Average processing time of GrabImageRGBD(): 16.9116ms
Frame 501 end
Average processing time of GrabImageRGBD(): 16.8994ms
Frame 502 end
Average processing time of GrabImageRGBD(): 16.9365ms
Frame 503 end
Average processing time of GrabImageRGBD(): 16.9317ms
Frame 504 end
Average processing time of GrabImageRGBD(): 16.9301ms
Frame 505 end
Average processing time of GrabImageRGBD(): 16.9238ms
Frame 506 end
Average processing time of GrabImageRGBD(): 16.9149ms
Frame 507 end
Average processing time of GrabImageRGBD(): 16.9128ms
Frame 508 end
Average processing time of GrabImageRGBD(): 16.9518ms
Frame 509 end
Average processing time of GrabImageRGBD(): 16.9456ms
Frame 510 end
Average processing time of GrabImageRGBD(): 16.938ms
Frame 511 end
Average processing time of GrabImageRGBD(): 16.9317ms
Frame 512 end
Average processing time of GrabImageRGBD(): 16.9248ms
Frame 513 end
Average processing time of GrabImageRGBD(): 16.9158ms
Frame 514 end
Average processing time of GrabImageRGBD(): 16.9069ms
Frame 515 end
Average processing time of GrabImageRGBD(): 16.9375ms
Frame 516 end
Average processing time of GrabImageRGBD(): 16.9301ms
Frame 517 end
Average processing time of GrabImageRGBD(): 16.9217ms
Frame 518 end
Average processing time of GrabImageRGBD(): 16.914ms
Frame 519 end
Average processing time of GrabImageRGBD(): 16.9062ms
Frame 520 end
Average processing time of GrabImageRGBD(): 16.9002ms
Frame 521 end
Average processing time of GrabImageRGBD(): 16.8926ms
Frame 522 end
Average processing time of GrabImageRGBD(): 16.8821ms
Frame 523 end
Average processing time of GrabImageRGBD(): 16.917ms
Frame 524 end
Average processing time of GrabImageRGBD(): 16.9107ms
Frame 525 end
Average processing time of GrabImageRGBD(): 16.9007ms
Frame 526 end
Average processing time of GrabImageRGBD(): 16.8953ms
Frame 527 end
Average processing time of GrabImageRGBD(): 16.8848ms
Frame 528 end
Average processing time of GrabImageRGBD(): 16.8796ms
Frame 529 end
Average processing time of GrabImageRGBD(): 16.8731ms
Frame 530 end
Average processing time of GrabImageRGBD(): 16.8668ms
Frame 531 end
Average processing time of GrabImageRGBD(): 16.9038ms
Frame 532 end
Average processing time of GrabImageRGBD(): 16.8947ms
Frame 533 end
Average processing time of GrabImageRGBD(): 16.8891ms
Frame 534 end
Average processing time of GrabImageRGBD(): 16.8786ms
Frame 535 end
Average processing time of GrabImageRGBD(): 16.8767ms
Frame 536 end
Average processing time of GrabImageRGBD(): 16.8739ms
Frame 537 end
Average processing time of GrabImageRGBD(): 16.8746ms
Frame 538 end
Average processing time of GrabImageRGBD(): 16.871ms
Frame 539 end
Average processing time of GrabImageRGBD(): 16.8694ms
Frame 540 end
Average processing time of GrabImageRGBD(): 16.8639ms
Frame 541 end
Average processing time of GrabImageRGBD(): 16.9122ms
Frame 542 end
Average processing time of GrabImageRGBD(): 16.9012ms
Frame 543 end
Average processing time of GrabImageRGBD(): 16.8908ms
Frame 544 end
Average processing time of GrabImageRGBD(): 16.8821ms
Frame 545 end
Average processing time of GrabImageRGBD(): 16.8724ms
Frame 546 end
Average processing time of GrabImageRGBD(): 16.8612ms
Frame 547 end
Average processing time of GrabImageRGBD(): 16.8441ms
Frame 548 end
Average processing time of GrabImageRGBD(): 16.8357ms
Frame 549 end
Average processing time of GrabImageRGBD(): 16.8281ms
Frame 550 end
Average processing time of GrabImageRGBD(): 16.8208ms
Frame 551 end
Average processing time of GrabImageRGBD(): 16.8124ms
Frame 552 end
Average processing time of GrabImageRGBD(): 16.8476ms
Frame 553 end
Average processing time of GrabImageRGBD(): 16.8405ms
Frame 554 end
Average processing time of GrabImageRGBD(): 16.8305ms
Frame 555 end
Average processing time of GrabImageRGBD(): 16.8228ms
Frame 556 end
Average processing time of GrabImageRGBD(): 16.8159ms
Frame 557 end
Average processing time of GrabImageRGBD(): 16.8078ms
Frame 558 end
Average processing time of GrabImageRGBD(): 16.802ms
Frame 559 end
Average processing time of GrabImageRGBD(): 16.793ms
Frame 560 end
Average processing time of GrabImageRGBD(): 16.7838ms
Frame 561 end
Average processing time of GrabImageRGBD(): 16.7808ms
Frame 562 end
Average processing time of GrabImageRGBD(): 16.7701ms
Frame 563 end
Average processing time of GrabImageRGBD(): 16.8033ms
Frame 564 end
Average processing time of GrabImageRGBD(): 16.7982ms
Frame 565 end
Average processing time of GrabImageRGBD(): 16.7909ms
Frame 566 end
Average processing time of GrabImageRGBD(): 16.7862ms
Frame 567 end
Average processing time of GrabImageRGBD(): 16.7774ms
Frame 568 end
Average processing time of GrabImageRGBD(): 16.7746ms
Frame 569 end
Average processing time of GrabImageRGBD(): 16.7722ms
Frame 570 end
Average processing time of GrabImageRGBD(): 16.7651ms
Frame 571 end
Average processing time of GrabImageRGBD(): 16.7599ms
Frame 572 end
Average processing time of GrabImageRGBD(): 16.7562ms
Frame 573 end
Average processing time of GrabImageRGBD(): 16.7497ms
Frame 574 end
Average processing time of GrabImageRGBD(): 16.746ms
Frame 575 end
Average processing time of GrabImageRGBD(): 16.7811ms
Frame 576 end
Average processing time of GrabImageRGBD(): 16.7737ms
Frame 577 end
Average processing time of GrabImageRGBD(): 16.7701ms
Frame 578 end
Average processing time of GrabImageRGBD(): 16.7655ms
Frame 579 end
Average processing time of GrabImageRGBD(): 16.761ms
Frame 580 end
Average processing time of GrabImageRGBD(): 16.7533ms
Frame 581 end
Average processing time of GrabImageRGBD(): 16.7437ms
Frame 582 end
Average processing time of GrabImageRGBD(): 16.737ms
Frame 583 end
Average processing time of GrabImageRGBD(): 16.7295ms
Frame 584 end
Average processing time of GrabImageRGBD(): 16.724ms
Frame 585 end
Average processing time of GrabImageRGBD(): 16.7556ms
Frame 586 end
Average processing time of GrabImageRGBD(): 16.7453ms
Frame 587 end
Average processing time of GrabImageRGBD(): 16.7368ms
Frame 588 end
Average processing time of GrabImageRGBD(): 16.7248ms
Frame 589 end
Average processing time of GrabImageRGBD(): 16.7154ms
Frame 590 end
Average processing time of GrabImageRGBD(): 16.7056ms
Frame 591 end
Average processing time of GrabImageRGBD(): 16.6944ms
Frame 592 end
Average processing time of GrabImageRGBD(): 16.6861ms
Frame 593 end
Average processing time of GrabImageRGBD(): 16.6772ms
Frame 594 end
Average processing time of GrabImageRGBD(): 16.6679ms
Frame 595 end
Average processing time of GrabImageRGBD(): 16.6588ms
Frame 596 end
Average processing time of GrabImageRGBD(): 16.6486ms
Frame 597 end
Average processing time of GrabImageRGBD(): 16.6762ms
Frame 598 end
Average processing time of GrabImageRGBD(): 16.6675ms
Frame 599 end
Average processing time of GrabImageRGBD(): 16.6534ms
Frame 600 end
Average processing time of GrabImageRGBD(): 16.6383ms
Frame 601 end
Average processing time of GrabImageRGBD(): 16.6284ms
Frame 602 end
Average processing time of GrabImageRGBD(): 16.6126ms
Frame 603 end
Average processing time of GrabImageRGBD(): 16.6028ms
Frame 604 end
Average processing time of GrabImageRGBD(): 16.5945ms
Frame 605 end
Average processing time of GrabImageRGBD(): 16.5846ms
Frame 606 end
Average processing time of GrabImageRGBD(): 16.5748ms
Frame 607 end
Average processing time of GrabImageRGBD(): 16.6005ms
Frame 608 end
Average processing time of GrabImageRGBD(): 16.5931ms
Frame 609 end
Average processing time of GrabImageRGBD(): 16.587ms
Frame 610 end
Average processing time of GrabImageRGBD(): 16.5773ms
Frame 611 end
Average processing time of GrabImageRGBD(): 16.5674ms
Frame 612 end
Average processing time of GrabImageRGBD(): 16.5588ms
Frame 613 end
Average processing time of GrabImageRGBD(): 16.5488ms
Frame 614 end
Average processing time of GrabImageRGBD(): 16.5389ms
Frame 615 end
Average processing time of GrabImageRGBD(): 16.5286ms
Frame 616 end
Average processing time of GrabImageRGBD(): 16.519ms
Frame 617 end
Average processing time of GrabImageRGBD(): 16.5475ms
Frame 618 end
Average processing time of GrabImageRGBD(): 16.5387ms
Frame 619 end
Average processing time of GrabImageRGBD(): 16.5265ms
Frame 620 end
Average processing time of GrabImageRGBD(): 16.5207ms
Frame 621 end
Average processing time of GrabImageRGBD(): 16.5157ms
Frame 622 end
Average processing time of GrabImageRGBD(): 16.4995ms
Frame 623 end
Average processing time of GrabImageRGBD(): 16.4904ms
Frame 624 end
Average processing time of GrabImageRGBD(): 16.481ms
Frame 625 end
Average processing time of GrabImageRGBD(): 16.475ms
Frame 626 end
Average processing time of GrabImageRGBD(): 16.4989ms
Frame 627 end
Average processing time of GrabImageRGBD(): 16.4933ms
Frame 628 end
Average processing time of GrabImageRGBD(): 16.4861ms
Frame 629 end
Average processing time of GrabImageRGBD(): 16.4792ms
Frame 630 end
Average processing time of GrabImageRGBD(): 16.4718ms
Frame 631 end
Average processing time of GrabImageRGBD(): 16.4583ms
Frame 632 end
Average processing time of GrabImageRGBD(): 16.4499ms
Frame 633 end
Average processing time of GrabImageRGBD(): 16.4424ms
Frame 634 end
Average processing time of GrabImageRGBD(): 16.4698ms
Frame 635 end
Average processing time of GrabImageRGBD(): 16.4621ms
Frame 636 end
Average processing time of GrabImageRGBD(): 16.4536ms
Frame 637 end
Average processing time of GrabImageRGBD(): 16.446ms
Frame 638 end
Average processing time of GrabImageRGBD(): 16.4365ms
Frame 639 end
Average processing time of GrabImageRGBD(): 16.4269ms
Frame 640 end
Average processing time of GrabImageRGBD(): 16.4186ms
Frame 641 end
Average processing time of GrabImageRGBD(): 16.4093ms
Frame 642 end
Average processing time of GrabImageRGBD(): 16.4023ms
Frame 643 end
Average processing time of GrabImageRGBD(): 16.3928ms
Frame 644 end
Average processing time of GrabImageRGBD(): 16.3872ms
Frame 645 end
Average processing time of GrabImageRGBD(): 16.38ms
Frame 646 end
Average processing time of GrabImageRGBD(): 16.3708ms
Frame 647 end
Average processing time of GrabImageRGBD(): 16.3622ms
Frame 648 end
Average processing time of GrabImageRGBD(): 16.3534ms
Frame 649 end
Average processing time of GrabImageRGBD(): 16.3749ms
Frame 650 end
Average processing time of GrabImageRGBD(): 16.3662ms
Frame 651 end
Average processing time of GrabImageRGBD(): 16.3598ms
Frame 652 end
Average processing time of GrabImageRGBD(): 16.3474ms
Frame 653 end
Average processing time of GrabImageRGBD(): 16.3408ms
Frame 654 end
Average processing time of GrabImageRGBD(): 16.3307ms
Frame 655 end
Average processing time of GrabImageRGBD(): 16.3226ms
Frame 656 end
Average processing time of GrabImageRGBD(): 16.3127ms
Frame 657 end
Average processing time of GrabImageRGBD(): 16.3049ms
Frame 658 end
Average processing time of GrabImageRGBD(): 16.2973ms
Frame 659 end
Average processing time of GrabImageRGBD(): 16.3168ms
Frame 660 end
Average processing time of GrabImageRGBD(): 16.3106ms
Frame 661 end
Average processing time of GrabImageRGBD(): 16.303ms
Frame 662 end
Average processing time of GrabImageRGBD(): 16.2945ms
Frame 663 end
Average processing time of GrabImageRGBD(): 16.289ms
Frame 664 end
Average processing time of GrabImageRGBD(): 16.2811ms
Frame 665 end
Average processing time of GrabImageRGBD(): 16.2716ms
Frame 666 end
Average processing time of GrabImageRGBD(): 16.2638ms
Frame 667 end
Average processing time of GrabImageRGBD(): 16.2549ms
Frame 668 end
Average processing time of GrabImageRGBD(): 16.2803ms
Frame 669 end
Average processing time of GrabImageRGBD(): 16.2761ms
Frame 670 end
Average processing time of GrabImageRGBD(): 16.2688ms
Frame 671 end
Average processing time of GrabImageRGBD(): 16.2613ms
Frame 672 end
Average processing time of GrabImageRGBD(): 16.2543ms
Frame 673 end
Average processing time of GrabImageRGBD(): 16.2472ms
Frame 674 end
Average processing time of GrabImageRGBD(): 16.2364ms
Frame 675 end
Average processing time of GrabImageRGBD(): 16.23ms
Frame 676 end
Average processing time of GrabImageRGBD(): 16.223ms
Frame 677 end
Average processing time of GrabImageRGBD(): 16.2178ms
Frame 678 end
Average processing time of GrabImageRGBD(): 16.256ms
Frame 679 end
Average processing time of GrabImageRGBD(): 16.2501ms
Frame 680 end
Average processing time of GrabImageRGBD(): 16.2426ms
Frame 681 end
Average processing time of GrabImageRGBD(): 16.2359ms
Frame 682 end
Average processing time of GrabImageRGBD(): 16.2319ms
Frame 683 end
Average processing time of GrabImageRGBD(): 16.2296ms
Frame 684 end
Average processing time of GrabImageRGBD(): 16.2249ms
Frame 685 end
Average processing time of GrabImageRGBD(): 16.2214ms
Frame 686 end
Average processing time of GrabImageRGBD(): 16.221ms
Frame 687 end
Average processing time of GrabImageRGBD(): 16.2226ms
Frame 688 end
Average processing time of GrabImageRGBD(): 16.2202ms
Frame 689 end
Average processing time of GrabImageRGBD(): 16.2495ms
Frame 690 end
Average processing time of GrabImageRGBD(): 16.2475ms
Frame 691 end
Average processing time of GrabImageRGBD(): 16.2456ms
Frame 692 end
Average processing time of GrabImageRGBD(): 16.2444ms
Frame 693 end
Average processing time of GrabImageRGBD(): 16.2418ms
Frame 694 end
Average processing time of GrabImageRGBD(): 16.2387ms
Frame 695 end
Average processing time of GrabImageRGBD(): 16.2375ms
Frame 696 end
Average processing time of GrabImageRGBD(): 16.2356ms
Frame 697 end
Average processing time of GrabImageRGBD(): 16.2326ms
Frame 698 end
Average processing time of GrabImageRGBD(): 16.2278ms
Frame 699 end
Average processing time of GrabImageRGBD(): 16.2228ms
Frame 700 end
Average processing time of GrabImageRGBD(): 16.2172ms
Frame 701 end
Average processing time of GrabImageRGBD(): 16.2463ms
Frame 702 end
Average processing time of GrabImageRGBD(): 16.2446ms
Frame 703 end
Average processing time of GrabImageRGBD(): 16.2404ms
Frame 704 end
Average processing time of GrabImageRGBD(): 16.2366ms
Frame 705 end
Average processing time of GrabImageRGBD(): 16.2314ms
Frame 706 end
Average processing time of GrabImageRGBD(): 16.2258ms
Frame 707 end
Average processing time of GrabImageRGBD(): 16.224ms
Frame 708 end
Average processing time of GrabImageRGBD(): 16.2209ms
Frame 709 end
Average processing time of GrabImageRGBD(): 16.217ms
Frame 710 end
Average processing time of GrabImageRGBD(): 16.2438ms
Frame 711 end
Average processing time of GrabImageRGBD(): 16.2415ms
Frame 712 end
Average processing time of GrabImageRGBD(): 16.2372ms
Frame 713 end
Average processing time of GrabImageRGBD(): 16.2364ms
Frame 714 end
Average processing time of GrabImageRGBD(): 16.2327ms
Frame 715 end
Average processing time of GrabImageRGBD(): 16.2289ms
Frame 716 end
Average processing time of GrabImageRGBD(): 16.2275ms
Frame 717 end
Average processing time of GrabImageRGBD(): 16.2248ms
Frame 718 end
Average processing time of GrabImageRGBD(): 16.2199ms
Frame 719 end
Average processing time of GrabImageRGBD(): 16.2181ms
Frame 720 end
Average processing time of GrabImageRGBD(): 16.216ms
Frame 721 end
Average processing time of GrabImageRGBD(): 16.2123ms
Frame 722 end
Average processing time of GrabImageRGBD(): 16.2095ms
Frame 723 end
Average processing time of GrabImageRGBD(): 16.2063ms
Frame 724 end
Average processing time of GrabImageRGBD(): 16.2096ms
Frame 725 end
Average processing time of GrabImageRGBD(): 16.2088ms
Frame 726 end
Average processing time of GrabImageRGBD(): 16.2071ms
Frame 727 end
Average processing time of GrabImageRGBD(): 16.2062ms
Frame 728 end
Average processing time of GrabImageRGBD(): 16.2095ms
Frame 729 end
Average processing time of GrabImageRGBD(): 16.2039ms
Frame 730 end
Average processing time of GrabImageRGBD(): 16.2009ms
Frame 731 end
Average processing time of GrabImageRGBD(): 16.2273ms
Frame 732 end
Average processing time of GrabImageRGBD(): 16.2281ms
Frame 733 end
Average processing time of GrabImageRGBD(): 16.2249ms
Frame 734 end
Average processing time of GrabImageRGBD(): 16.2188ms
Frame 735 end
Average processing time of GrabImageRGBD(): 16.2195ms
Frame 736 end
Average processing time of GrabImageRGBD(): 16.2145ms
Frame 737 end
Average processing time of GrabImageRGBD(): 16.2095ms
Frame 738 end
Average processing time of GrabImageRGBD(): 16.2072ms
Frame 739 end
Average processing time of GrabImageRGBD(): 16.2037ms
Frame 740 end
Average processing time of GrabImageRGBD(): 16.1998ms
Frame 741 end
Average processing time of GrabImageRGBD(): 16.1944ms
Frame 742 end
Average processing time of GrabImageRGBD(): 16.1881ms
Frame 743 end
Average processing time of GrabImageRGBD(): 16.2139ms
Frame 744 end
Average processing time of GrabImageRGBD(): 16.2119ms
Frame 745 end
Average processing time of GrabImageRGBD(): 16.2073ms
Frame 746 end
Average processing time of GrabImageRGBD(): 16.2032ms
Frame 747 end
Average processing time of GrabImageRGBD(): 16.1983ms
Frame 748 end
Average processing time of GrabImageRGBD(): 16.1963ms
Frame 749 end
Average processing time of GrabImageRGBD(): 16.1939ms
Frame 750 end
Average processing time of GrabImageRGBD(): 16.1904ms
Frame 751 end
Average processing time of GrabImageRGBD(): 16.1863ms
Frame 752 end
Average processing time of GrabImageRGBD(): 16.1829ms
Frame 753 end
Average processing time of GrabImageRGBD(): 16.1826ms
Frame 754 end
Average processing time of GrabImageRGBD(): 16.1785ms
Frame 755 end
Average processing time of GrabImageRGBD(): 16.1772ms
Frame 756 end
Average processing time of GrabImageRGBD(): 16.2033ms
Frame 757 end
Average processing time of GrabImageRGBD(): 16.2024ms
Frame 758 end
Average processing time of GrabImageRGBD(): 16.199ms
Frame 759 end
Average processing time of GrabImageRGBD(): 16.1968ms
Frame 760 end
Average processing time of GrabImageRGBD(): 16.1907ms
Frame 761 end
Average processing time of GrabImageRGBD(): 16.1884ms
Frame 762 end
Average processing time of GrabImageRGBD(): 16.1826ms
Frame 763 end
Average processing time of GrabImageRGBD(): 16.1806ms
Frame 764 end
Average processing time of GrabImageRGBD(): 16.1793ms
Frame 765 end
Average processing time of GrabImageRGBD(): 16.1741ms
Frame 766 end
Average processing time of GrabImageRGBD(): 16.1722ms
Frame 767 end
Average processing time of GrabImageRGBD(): 16.167ms
Frame 768 end
Average processing time of GrabImageRGBD(): 16.1624ms
Frame 769 end
Average processing time of GrabImageRGBD(): 16.1562ms
Frame 770 end
Average processing time of GrabImageRGBD(): 16.1801ms
Frame 771 end
Average processing time of GrabImageRGBD(): 16.181ms
Frame 772 end
Average processing time of GrabImageRGBD(): 16.1802ms
Frame 773 end
Average processing time of GrabImageRGBD(): 16.1828ms
Frame 774 end
Average processing time of GrabImageRGBD(): 16.1862ms
Frame 775 end
Average processing time of GrabImageRGBD(): 16.1854ms
Frame 776 end
Average processing time of GrabImageRGBD(): 16.1844ms
Frame 777 end
Average processing time of GrabImageRGBD(): 16.1842ms
Frame 778 end
Average processing time of GrabImageRGBD(): 16.1825ms
Frame 779 end
Average processing time of GrabImageRGBD(): 16.1798ms
Frame 780 end
Average processing time of GrabImageRGBD(): 16.1739ms
Frame 781 end
Average processing time of GrabImageRGBD(): 16.1694ms
Frame 782 end
Average processing time of GrabImageRGBD(): 16.166ms
Frame 783 end
Average processing time of GrabImageRGBD(): 16.1613ms
Frame 784 end
Average processing time of GrabImageRGBD(): 16.1568ms
Frame 785 end
Average processing time of GrabImageRGBD(): 16.1541ms
Frame 786 end
Average processing time of GrabImageRGBD(): 16.1492ms
Frame 787 end
Average processing time of GrabImageRGBD(): 16.1461ms
Frame 788 end
Average processing time of GrabImageRGBD(): 16.1429ms
Frame 789 end
Average processing time of GrabImageRGBD(): 16.142ms
Frame 790 end
Average processing time of GrabImageRGBD(): 16.1683ms
Frame 791 end
Average processing time of GrabImageRGBD(): 16.1687ms
Frame 792 end
Average processing time of GrabImageRGBD(): 16.1638ms
Frame 793 end
Average processing time of GrabImageRGBD(): 16.1611ms
Frame 794 end
Shutdown
-------

median tracking time: 0.0139998
mean tracking time: 0.0168691

Saving camera trajectory to CameraTrajectory.txt ...

Saving keyframe trajectory to KeyFrameTrajectory.txt ...
