
ORB-SLAM3 Copyright (C) 2017-2020 Carlos Campos, Richard Elvira, Juan J. Gómez, José M.M. Montiel and Juan D. Tardós, University of Zaragoza.
ORB-SLAM2 Copyright (C) 2014-2016 Raúl Mur-Artal, José M.M. Montiel and Juan D. Tardós, University of Zaragoza.
This program comes with ABSOLUTELY NO WARRANTY;
This is free software, and you are welcome to redistribute it
under certain conditions. See LICENSE.txt.

Input sensor was set to: RGB-D
Loading settings from /home/bingxin/Downloads/NGD-SLAM/Examples/RGB-D/TUM3.yaml
Camera1.k3 optional parameter does not exist...
	-Loaded camera 1
Camera.newHeight optional parameter does not exist...
Camera.newWidth optional parameter does not exist...
	-Loaded image info
	-Loaded RGB-D calibration
	-Loaded ORB settings
Viewer.imageViewScale optional parameter does not exist...
	-Loaded viewer settings
System.LoadAtlasFromFile optional parameter does not exist...
System.SaveAtlasToFile optional parameter does not exist...
	-Loaded Atlas settings
System.thFarPoints optional parameter does not exist...
	-Loaded misc parameters
----------------------------------
SLAM settings: 
	-Camera 1 parameters (Pinhole): [ 535.4 539.2 320.1 247.6 ]
	-Camera 1 distortion parameters: [  0 0 0 0 ]
	-Original image size: [ 640 , 480 ]
	-Current image size: [ 640 , 480 ]
	-Sequence FPS: 30
	-RGB-D depth map factor: 5000
	-Features per image: 1000
	-ORB scale factor: 1.2
	-ORB number of scales: 8
	-Initial FAST threshold: 20
	-Min FAST threshold: 7


Loading ORB Vocabulary. This could take a while...
Vocabulary loaded!

Initialization of Atlas from scratch 
Creation of new map with id: 0
Creation of new map with last KF id: 0
Seq. Name: 
There are 1 cameras in the atlas
Camera 0 is pinhole
Net use yolo-fastest

-------
Start processing sequence ...
Images in the sequence: 1074

First KF:0; Map init KF:0
New Map created with 782 points
Average processing time of GrabImageRGBD(): 47.5554ms
Frame 0 end
Average processing time of GrabImageRGBD(): 45.2683ms
Frame 1 end
Average processing time of GrabImageRGBD(): 41.8965ms
Frame 2 end
Average processing time of GrabImageRGBD(): 35.2654ms
Frame 3 end
Average processing time of GrabImageRGBD(): 31.1375ms
Frame 4 end
Average processing time of GrabImageRGBD(): 28.3692ms
Frame 5 end
Starting the Viewer
Average processing time of GrabImageRGBD(): 26.8774ms
Frame 6 end
Average processing time of GrabImageRGBD(): 24.7032ms
Frame 7 end
Average processing time of GrabImageRGBD(): 23.4058ms
Frame 8 end
Average processing time of GrabImageRGBD(): 24.1146ms
Frame 9 end
Average processing time of GrabImageRGBD(): 22.8055ms
Frame 10 end
Average processing time of GrabImageRGBD(): 21.8837ms
Frame 11 end
Average processing time of GrabImageRGBD(): 21.132ms
Frame 12 end
Average processing time of GrabImageRGBD(): 20.1987ms
Frame 13 end
Average processing time of GrabImageRGBD(): 19.6827ms
Frame 14 end
Average processing time of GrabImageRGBD(): 19.1795ms
Frame 15 end
Average processing time of GrabImageRGBD(): 18.7547ms
Frame 16 end
Average processing time of GrabImageRGBD(): 19.4658ms
Frame 17 end
Average processing time of GrabImageRGBD(): 20.5796ms
Frame 18 end
Average processing time of GrabImageRGBD(): 20.2148ms
Frame 19 end
Average processing time of GrabImageRGBD(): 19.7496ms
Frame 20 end
Average processing time of GrabImageRGBD(): 19.4471ms
Frame 21 end
Average processing time of GrabImageRGBD(): 19.9455ms
Frame 22 end
Average processing time of GrabImageRGBD(): 19.6452ms
Frame 23 end
Average processing time of GrabImageRGBD(): 20.1642ms
Frame 24 end
Average processing time of GrabImageRGBD(): 19.8897ms
Frame 25 end
Average processing time of GrabImageRGBD(): 19.6847ms
Frame 26 end
Average processing time of GrabImageRGBD(): 19.5008ms
Frame 27 end
Average processing time of GrabImageRGBD(): 19.2731ms
Frame 28 end
Average processing time of GrabImageRGBD(): 19.6872ms
Frame 29 end
Average processing time of GrabImageRGBD(): 19.4161ms
Frame 30 end
Average processing time of GrabImageRGBD(): 19.8748ms
Frame 31 end
Average processing time of GrabImageRGBD(): 19.6821ms
Frame 32 end
Average processing time of GrabImageRGBD(): 20.0734ms
Frame 33 end
Average processing time of GrabImageRGBD(): 19.9203ms
Frame 34 end
Average processing time of GrabImageRGBD(): 20.2859ms
Frame 35 end
Average processing time of GrabImageRGBD(): 20.1207ms
Frame 36 end
Average processing time of GrabImageRGBD(): 19.9043ms
Frame 37 end
Average processing time of GrabImageRGBD(): 19.7319ms
Frame 38 end
Average processing time of GrabImageRGBD(): 19.5565ms
Frame 39 end
Average processing time of GrabImageRGBD(): 19.8626ms
Frame 40 end
Average processing time of GrabImageRGBD(): 19.7392ms
Frame 41 end
Average processing time of GrabImageRGBD(): 20.0731ms
Frame 42 end
Average processing time of GrabImageRGBD(): 19.9604ms
Frame 43 end
Average processing time of GrabImageRGBD(): 20.2488ms
Frame 44 end
Average processing time of GrabImageRGBD(): 20.1515ms
Frame 45 end
Average processing time of GrabImageRGBD(): 20.0118ms
Frame 46 end
Average processing time of GrabImageRGBD(): 20.2587ms
Frame 47 end
Average processing time of GrabImageRGBD(): 20.2134ms
Frame 48 end
Average processing time of GrabImageRGBD(): 20.4265ms
Frame 49 end
Average processing time of GrabImageRGBD(): 20.3204ms
Frame 50 end
Average processing time of GrabImageRGBD(): 20.5807ms
Frame 51 end
Average processing time of GrabImageRGBD(): 20.4422ms
Frame 52 end
Average processing time of GrabImageRGBD(): 20.6808ms
Frame 53 end
Average processing time of GrabImageRGBD(): 20.6181ms
Frame 54 end
Average processing time of GrabImageRGBD(): 20.9787ms
Frame 55 end
Average processing time of GrabImageRGBD(): 20.8725ms
Frame 56 end
Average processing time of GrabImageRGBD(): 21.0444ms
Frame 57 end
Average processing time of GrabImageRGBD(): 20.9365ms
Frame 58 end
Average processing time of GrabImageRGBD(): 21.1194ms
Frame 59 end
Average processing time of GrabImageRGBD(): 21.3672ms
Frame 60 end
Average processing time of GrabImageRGBD(): 21.236ms
Frame 61 end
Average processing time of GrabImageRGBD(): 21.1032ms
Frame 62 end
Average processing time of GrabImageRGBD(): 21.2919ms
Frame 63 end
Average processing time of GrabImageRGBD(): 21.1834ms
Frame 64 end
Average processing time of GrabImageRGBD(): 21.3706ms
Frame 65 end
Average processing time of GrabImageRGBD(): 21.2772ms
Frame 66 end
Average processing time of GrabImageRGBD(): 21.1368ms
Frame 67 end
Average processing time of GrabImageRGBD(): 21.2924ms
Frame 68 end
Average processing time of GrabImageRGBD(): 21.1851ms
Frame 69 end
Average processing time of GrabImageRGBD(): 21.3396ms
Frame 70 end
Average processing time of GrabImageRGBD(): 21.2411ms
Frame 71 end
Average processing time of GrabImageRGBD(): 21.1317ms
Frame 72 end
Average processing time of GrabImageRGBD(): 21.2578ms
Frame 73 end
Average processing time of GrabImageRGBD(): 21.1619ms
Frame 74 end
Average processing time of GrabImageRGBD(): 21.3391ms
Frame 75 end
Average processing time of GrabImageRGBD(): 21.2227ms
Frame 76 end
Average processing time of GrabImageRGBD(): 21.3818ms
Frame 77 end
Average processing time of GrabImageRGBD(): 21.2875ms
Frame 78 end
Average processing time of GrabImageRGBD(): 21.1962ms
Frame 79 end
Average processing time of GrabImageRGBD(): 21.3468ms
Frame 80 end
Average processing time of GrabImageRGBD(): 21.2422ms
Frame 81 end
Average processing time of GrabImageRGBD(): 21.1426ms
Frame 82 end
Average processing time of GrabImageRGBD(): 21.2715ms
Frame 83 end
Average processing time of GrabImageRGBD(): 21.1909ms
Frame 84 end
Average processing time of GrabImageRGBD(): 21.0848ms
Frame 85 end
Average processing time of GrabImageRGBD(): 21.2212ms
Frame 86 end
Average processing time of GrabImageRGBD(): 21.125ms
Frame 87 end
Average processing time of GrabImageRGBD(): 21.0401ms
Frame 88 end
Average processing time of GrabImageRGBD(): 21.1704ms
Frame 89 end
Average processing time of GrabImageRGBD(): 21.0665ms
Frame 90 end
Average processing time of GrabImageRGBD(): 20.9651ms
Frame 91 end
Average processing time of GrabImageRGBD(): 21.1301ms
Frame 92 end
Average processing time of GrabImageRGBD(): 21.0629ms
Frame 93 end
Average processing time of GrabImageRGBD(): 20.9232ms
Frame 94 end
Average processing time of GrabImageRGBD(): 21.112ms
Frame 95 end
Average processing time of GrabImageRGBD(): 21.0326ms
Frame 96 end
Average processing time of GrabImageRGBD(): 20.948ms
Frame 97 end
Average processing time of GrabImageRGBD(): 21.081ms
Frame 98 end
Average processing time of GrabImageRGBD(): 21.0106ms
Frame 99 end
Average processing time of GrabImageRGBD(): 20.932ms
Frame 100 end
Average processing time of GrabImageRGBD(): 21.0737ms
Frame 101 end
Average processing time of GrabImageRGBD(): 21.0243ms
Frame 102 end
Average processing time of GrabImageRGBD(): 20.9474ms
Frame 103 end
Average processing time of GrabImageRGBD(): 20.8505ms
Frame 104 end
Average processing time of GrabImageRGBD(): 20.9725ms
Frame 105 end
Average processing time of GrabImageRGBD(): 21.0943ms
Frame 106 end
Average processing time of GrabImageRGBD(): 21.2459ms
Frame 107 end
Average processing time of GrabImageRGBD(): 21.1781ms
Frame 108 end
Average processing time of GrabImageRGBD(): 21.3047ms
Frame 109 end
Average processing time of GrabImageRGBD(): 21.2194ms
Frame 110 end
Average processing time of GrabImageRGBD(): 21.1527ms
Frame 111 end
Average processing time of GrabImageRGBD(): 21.2577ms
Frame 112 end
Average processing time of GrabImageRGBD(): 21.1949ms
Frame 113 end
Average processing time of GrabImageRGBD(): 21.127ms
Frame 114 end
Average processing time of GrabImageRGBD(): 21.2446ms
Frame 115 end
Average processing time of GrabImageRGBD(): 21.1851ms
Frame 116 end
Average processing time of GrabImageRGBD(): 21.2865ms
Frame 117 end
Average processing time of GrabImageRGBD(): 21.2342ms
Frame 118 end
Average processing time of GrabImageRGBD(): 21.3279ms
Frame 119 end
Average processing time of GrabImageRGBD(): 21.2609ms
Frame 120 end
Average processing time of GrabImageRGBD(): 21.1937ms
Frame 121 end
Average processing time of GrabImageRGBD(): 21.1225ms
Frame 122 end
Average processing time of GrabImageRGBD(): 21.2444ms
Frame 123 end
Average processing time of GrabImageRGBD(): 21.1954ms
Frame 124 end
Average processing time of GrabImageRGBD(): 21.1348ms
Frame 125 end
Average processing time of GrabImageRGBD(): 21.0636ms
Frame 126 end
Average processing time of GrabImageRGBD(): 21.1613ms
Frame 127 end
Average processing time of GrabImageRGBD(): 21.0923ms
Frame 128 end
Average processing time of GrabImageRGBD(): 21.0009ms
Frame 129 end
Average processing time of GrabImageRGBD(): 20.9416ms
Frame 130 end
Average processing time of GrabImageRGBD(): 21.0529ms
Frame 131 end
Average processing time of GrabImageRGBD(): 20.9992ms
Frame 132 end
Average processing time of GrabImageRGBD(): 20.9442ms
Frame 133 end
Average processing time of GrabImageRGBD(): 20.8773ms
Frame 134 end
Average processing time of GrabImageRGBD(): 20.996ms
Frame 135 end
Average processing time of GrabImageRGBD(): 21.1029ms
Frame 136 end
Average processing time of GrabImageRGBD(): 21.0564ms
Frame 137 end
Average processing time of GrabImageRGBD(): 21.0072ms
Frame 138 end
Average processing time of GrabImageRGBD(): 20.9386ms
Frame 139 end
Average processing time of GrabImageRGBD(): 20.8781ms
Frame 140 end
Average processing time of GrabImageRGBD(): 21.0358ms
Frame 141 end
Average processing time of GrabImageRGBD(): 20.9861ms
Frame 142 end
Average processing time of GrabImageRGBD(): 20.9259ms
Frame 143 end
Average processing time of GrabImageRGBD(): 20.8735ms
Frame 144 end
Average processing time of GrabImageRGBD(): 20.9604ms
Frame 145 end
Average processing time of GrabImageRGBD(): 20.9125ms
Frame 146 end
Average processing time of GrabImageRGBD(): 20.8551ms
Frame 147 end
Average processing time of GrabImageRGBD(): 20.8059ms
Frame 148 end
Average processing time of GrabImageRGBD(): 20.7421ms
Frame 149 end
Average processing time of GrabImageRGBD(): 20.8392ms
Frame 150 end
Average processing time of GrabImageRGBD(): 20.7786ms
Frame 151 end
Average processing time of GrabImageRGBD(): 20.7288ms
Frame 152 end
Average processing time of GrabImageRGBD(): 20.683ms
Frame 153 end
Average processing time of GrabImageRGBD(): 20.6225ms
Frame 154 end
Average processing time of GrabImageRGBD(): 20.7176ms
Frame 155 end
Average processing time of GrabImageRGBD(): 20.6806ms
Frame 156 end
Average processing time of GrabImageRGBD(): 20.638ms
Frame 157 end
Average processing time of GrabImageRGBD(): 20.5894ms
Frame 158 end
Average processing time of GrabImageRGBD(): 20.5368ms
Frame 159 end
Average processing time of GrabImageRGBD(): 20.6325ms
Frame 160 end
Average processing time of GrabImageRGBD(): 20.5798ms
Frame 161 end
Average processing time of GrabImageRGBD(): 20.537ms
Frame 162 end
Average processing time of GrabImageRGBD(): 20.4849ms
Frame 163 end
Average processing time of GrabImageRGBD(): 20.5803ms
Frame 164 end
Average processing time of GrabImageRGBD(): 20.5441ms
Frame 165 end
Average processing time of GrabImageRGBD(): 20.5008ms
Frame 166 end
Average processing time of GrabImageRGBD(): 20.4523ms
Frame 167 end
Average processing time of GrabImageRGBD(): 20.4076ms
Frame 168 end
Average processing time of GrabImageRGBD(): 20.4949ms
Frame 169 end
Average processing time of GrabImageRGBD(): 20.4741ms
Frame 170 end
Average processing time of GrabImageRGBD(): 20.433ms
Frame 171 end
Average processing time of GrabImageRGBD(): 20.393ms
Frame 172 end
Average processing time of GrabImageRGBD(): 20.355ms
Frame 173 end
Average processing time of GrabImageRGBD(): 20.5103ms
Frame 174 end
Average processing time of GrabImageRGBD(): 20.4797ms
Frame 175 end
Average processing time of GrabImageRGBD(): 20.4471ms
Frame 176 end
Average processing time of GrabImageRGBD(): 20.4039ms
Frame 177 end
Average processing time of GrabImageRGBD(): 20.3476ms
Frame 178 end
Average processing time of GrabImageRGBD(): 20.3205ms
Frame 179 end
Average processing time of GrabImageRGBD(): 20.4135ms
Frame 180 end
Average processing time of GrabImageRGBD(): 20.3919ms
Frame 181 end
Average processing time of GrabImageRGBD(): 20.3558ms
Frame 182 end
Average processing time of GrabImageRGBD(): 20.327ms
Frame 183 end
Average processing time of GrabImageRGBD(): 20.2967ms
Frame 184 end
Average processing time of GrabImageRGBD(): 20.2518ms
Frame 185 end
Average processing time of GrabImageRGBD(): 20.3432ms
Frame 186 end
Average processing time of GrabImageRGBD(): 20.3123ms
Frame 187 end
Average processing time of GrabImageRGBD(): 20.2932ms
Frame 188 end
Average processing time of GrabImageRGBD(): 20.2731ms
Frame 189 end
Average processing time of GrabImageRGBD(): 20.2407ms
Frame 190 end
Average processing time of GrabImageRGBD(): 20.2066ms
Frame 191 end
Average processing time of GrabImageRGBD(): 20.2875ms
Frame 192 end
Average processing time of GrabImageRGBD(): 20.2473ms
Frame 193 end
Average processing time of GrabImageRGBD(): 20.2103ms
Frame 194 end
Average processing time of GrabImageRGBD(): 20.1738ms
Frame 195 end
Average processing time of GrabImageRGBD(): 20.1326ms
Frame 196 end
Average processing time of GrabImageRGBD(): 20.1022ms
Frame 197 end
Average processing time of GrabImageRGBD(): 20.1826ms
Frame 198 end
Average processing time of GrabImageRGBD(): 20.1584ms
Frame 199 end
Average processing time of GrabImageRGBD(): 20.128ms
Frame 200 end
Average processing time of GrabImageRGBD(): 20.1008ms
Frame 201 end
Average processing time of GrabImageRGBD(): 20.1724ms
Frame 202 end
Average processing time of GrabImageRGBD(): 20.14ms
Frame 203 end
Average processing time of GrabImageRGBD(): 20.1206ms
Frame 204 end
Average processing time of GrabImageRGBD(): 20.0815ms
Frame 205 end
Average processing time of GrabImageRGBD(): 20.0559ms
Frame 206 end
Average processing time of GrabImageRGBD(): 20.0322ms
Frame 207 end
Average processing time of GrabImageRGBD(): 19.9956ms
Frame 208 end
Average processing time of GrabImageRGBD(): 20.069ms
Frame 209 end
Average processing time of GrabImageRGBD(): 20.045ms
Frame 210 end
Average processing time of GrabImageRGBD(): 20.0144ms
Frame 211 end
Average processing time of GrabImageRGBD(): 19.984ms
Frame 212 end
Average processing time of GrabImageRGBD(): 19.9559ms
Frame 213 end
Average processing time of GrabImageRGBD(): 19.9119ms
Frame 214 end
Average processing time of GrabImageRGBD(): 19.9775ms
Frame 215 end
Average processing time of GrabImageRGBD(): 19.946ms
Frame 216 end
Average processing time of GrabImageRGBD(): 19.8969ms
Frame 217 end
Average processing time of GrabImageRGBD(): 19.8604ms
Frame 218 end
Average processing time of GrabImageRGBD(): 19.8257ms
Frame 219 end
Average processing time of GrabImageRGBD(): 19.7954ms
Frame 220 end
Average processing time of GrabImageRGBD(): 19.8714ms
Frame 221 end
Average processing time of GrabImageRGBD(): 19.8444ms
Frame 222 end
Average processing time of GrabImageRGBD(): 19.8148ms
Frame 223 end
Average processing time of GrabImageRGBD(): 19.7898ms
Frame 224 end
Average processing time of GrabImageRGBD(): 19.7502ms
Frame 225 end
Average processing time of GrabImageRGBD(): 19.7273ms
Frame 226 end
Average processing time of GrabImageRGBD(): 19.8003ms
Frame 227 end
Average processing time of GrabImageRGBD(): 19.7635ms
Frame 228 end
Average processing time of GrabImageRGBD(): 19.7358ms
Frame 229 end
Average processing time of GrabImageRGBD(): 19.7107ms
Frame 230 end
Average processing time of GrabImageRGBD(): 19.6835ms
Frame 231 end
Average processing time of GrabImageRGBD(): 19.6568ms
Frame 232 end
Average processing time of GrabImageRGBD(): 19.6237ms
Frame 233 end
Average processing time of GrabImageRGBD(): 19.6841ms
Frame 234 end
Average processing time of GrabImageRGBD(): 19.6567ms
Frame 235 end
Average processing time of GrabImageRGBD(): 19.6277ms
Frame 236 end
Average processing time of GrabImageRGBD(): 19.6073ms
Frame 237 end
Average processing time of GrabImageRGBD(): 19.5762ms
Frame 238 end
Average processing time of GrabImageRGBD(): 19.6375ms
Frame 239 end
Average processing time of GrabImageRGBD(): 19.6193ms
Frame 240 end
Average processing time of GrabImageRGBD(): 19.5964ms
Frame 241 end
Average processing time of GrabImageRGBD(): 19.5752ms
Frame 242 end
Average processing time of GrabImageRGBD(): 19.5438ms
Frame 243 end
Average processing time of GrabImageRGBD(): 19.5105ms
Frame 244 end
Average processing time of GrabImageRGBD(): 19.5757ms
Frame 245 end
Average processing time of GrabImageRGBD(): 19.5491ms
Frame 246 end
Average processing time of GrabImageRGBD(): 19.5208ms
Frame 247 end
Average processing time of GrabImageRGBD(): 19.4952ms
Frame 248 end
Average processing time of GrabImageRGBD(): 19.4647ms
Frame 249 end
Average processing time of GrabImageRGBD(): 19.4365ms
Frame 250 end
Average processing time of GrabImageRGBD(): 19.4924ms
Frame 251 end
Average processing time of GrabImageRGBD(): 19.4619ms
Frame 252 end
Average processing time of GrabImageRGBD(): 19.4245ms
Frame 253 end
Average processing time of GrabImageRGBD(): 19.3764ms
Frame 254 end
Average processing time of GrabImageRGBD(): 19.3489ms
Frame 255 end
Average processing time of GrabImageRGBD(): 19.3247ms
Frame 256 end
Average processing time of GrabImageRGBD(): 19.2919ms
Frame 257 end
Average processing time of GrabImageRGBD(): 19.2611ms
Frame 258 end
Average processing time of GrabImageRGBD(): 19.2293ms
Frame 259 end
Average processing time of GrabImageRGBD(): 19.2022ms
Frame 260 end
Average processing time of GrabImageRGBD(): 19.1755ms
Frame 261 end
Average processing time of GrabImageRGBD(): 19.2173ms
Frame 262 end
Average processing time of GrabImageRGBD(): 19.1994ms
Frame 263 end
Average processing time of GrabImageRGBD(): 19.1683ms
Frame 264 end
Average processing time of GrabImageRGBD(): 19.1405ms
Frame 265 end
Average processing time of GrabImageRGBD(): 19.1042ms
Frame 266 end
Average processing time of GrabImageRGBD(): 19.0785ms
Frame 267 end
Average processing time of GrabImageRGBD(): 19.1663ms
Frame 268 end
Average processing time of GrabImageRGBD(): 19.1431ms
Frame 269 end
Average processing time of GrabImageRGBD(): 19.1183ms
Frame 270 end
Average processing time of GrabImageRGBD(): 19.0868ms
Frame 271 end
Average processing time of GrabImageRGBD(): 19.133ms
Frame 272 end
Average processing time of GrabImageRGBD(): 19.107ms
Frame 273 end
Average processing time of GrabImageRGBD(): 19.1602ms
Frame 274 end
Average processing time of GrabImageRGBD(): 19.1304ms
Frame 275 end
Average processing time of GrabImageRGBD(): 19.0955ms
Frame 276 end
Average processing time of GrabImageRGBD(): 19.1507ms
Frame 277 end
Average processing time of GrabImageRGBD(): 19.1151ms
Frame 278 end
Average processing time of GrabImageRGBD(): 19.0757ms
Frame 279 end
Average processing time of GrabImageRGBD(): 19.1199ms
Frame 280 end
Average processing time of GrabImageRGBD(): 19.0873ms
Frame 281 end
Average processing time of GrabImageRGBD(): 19.0496ms
Frame 282 end
Average processing time of GrabImageRGBD(): 19.0023ms
Frame 283 end
Average processing time of GrabImageRGBD(): 18.9705ms
Frame 284 end
Average processing time of GrabImageRGBD(): 18.9456ms
Frame 285 end
Average processing time of GrabImageRGBD(): 18.9837ms
Frame 286 end
Average processing time of GrabImageRGBD(): 18.9361ms
Frame 287 end
Average processing time of GrabImageRGBD(): 18.9825ms
Frame 288 end
Average processing time of GrabImageRGBD(): 18.9571ms
Frame 289 end
Average processing time of GrabImageRGBD(): 18.9313ms
Frame 290 end
Average processing time of GrabImageRGBD(): 18.9034ms
Frame 291 end
Average processing time of GrabImageRGBD(): 18.8754ms
Frame 292 end
Average processing time of GrabImageRGBD(): 18.8402ms
Frame 293 end
Average processing time of GrabImageRGBD(): 18.8845ms
Frame 294 end
Average processing time of GrabImageRGBD(): 18.8549ms
Frame 295 end
Average processing time of GrabImageRGBD(): 18.8334ms
Frame 296 end
Average processing time of GrabImageRGBD(): 18.8109ms
Frame 297 end
Average processing time of GrabImageRGBD(): 18.7631ms
Frame 298 end
Average processing time of GrabImageRGBD(): 18.8063ms
Frame 299 end
Average processing time of GrabImageRGBD(): 18.7854ms
Frame 300 end
Average processing time of GrabImageRGBD(): 18.7572ms
Frame 301 end
Average processing time of GrabImageRGBD(): 18.7071ms
Frame 302 end
Average processing time of GrabImageRGBD(): 18.6846ms
Frame 303 end
Average processing time of GrabImageRGBD(): 18.6619ms
Frame 304 end
Average processing time of GrabImageRGBD(): 18.7045ms
Frame 305 end
Average processing time of GrabImageRGBD(): 18.6884ms
Frame 306 end
Average processing time of GrabImageRGBD(): 18.6579ms
Frame 307 end
Average processing time of GrabImageRGBD(): 18.6312ms
Frame 308 end
Average processing time of GrabImageRGBD(): 18.6661ms
Frame 309 end
Average processing time of GrabImageRGBD(): 18.6481ms
Frame 310 end
Average processing time of GrabImageRGBD(): 18.6173ms
Frame 311 end
Average processing time of GrabImageRGBD(): 18.5923ms
Frame 312 end
Average processing time of GrabImageRGBD(): 18.5668ms
Frame 313 end
Average processing time of GrabImageRGBD(): 18.5448ms
Frame 314 end
Average processing time of GrabImageRGBD(): 18.5827ms
Frame 315 end
Average processing time of GrabImageRGBD(): 18.5634ms
Frame 316 end
Average processing time of GrabImageRGBD(): 18.5322ms
Frame 317 end
Average processing time of GrabImageRGBD(): 18.5078ms
Frame 318 end
Average processing time of GrabImageRGBD(): 18.4735ms
Frame 319 end
Average processing time of GrabImageRGBD(): 18.451ms
Frame 320 end
Average processing time of GrabImageRGBD(): 18.489ms
Frame 321 end
Average processing time of GrabImageRGBD(): 18.4653ms
Frame 322 end
Average processing time of GrabImageRGBD(): 18.4396ms
Frame 323 end
Average processing time of GrabImageRGBD(): 18.417ms
Frame 324 end
Average processing time of GrabImageRGBD(): 18.3951ms
Frame 325 end
Average processing time of GrabImageRGBD(): 18.4386ms
Frame 326 end
Average processing time of GrabImageRGBD(): 18.4179ms
Frame 327 end
Average processing time of GrabImageRGBD(): 18.3988ms
Frame 328 end
Average processing time of GrabImageRGBD(): 18.379ms
Frame 329 end
Average processing time of GrabImageRGBD(): 18.354ms
Frame 330 end
Average processing time of GrabImageRGBD(): 18.3972ms
Frame 331 end
Average processing time of GrabImageRGBD(): 18.3794ms
Frame 332 end
Average processing time of GrabImageRGBD(): 18.3647ms
Frame 333 end
Average processing time of GrabImageRGBD(): 18.3428ms
Frame 334 end
Average processing time of GrabImageRGBD(): 18.3201ms
Frame 335 end
Average processing time of GrabImageRGBD(): 18.3624ms
Frame 336 end
Average processing time of GrabImageRGBD(): 18.3531ms
Frame 337 end
Average processing time of GrabImageRGBD(): 18.3366ms
Frame 338 end
Average processing time of GrabImageRGBD(): 18.3234ms
Frame 339 end
Average processing time of GrabImageRGBD(): 18.3025ms
Frame 340 end
Average processing time of GrabImageRGBD(): 18.3471ms
Frame 341 end
Average processing time of GrabImageRGBD(): 18.3374ms
Frame 342 end
Average processing time of GrabImageRGBD(): 18.3234ms
Frame 343 end
Average processing time of GrabImageRGBD(): 18.3076ms
Frame 344 end
Average processing time of GrabImageRGBD(): 18.2792ms
Frame 345 end
Average processing time of GrabImageRGBD(): 18.3176ms
Frame 346 end
Average processing time of GrabImageRGBD(): 18.3058ms
Frame 347 end
Average processing time of GrabImageRGBD(): 18.2777ms
Frame 348 end
Average processing time of GrabImageRGBD(): 18.2591ms
Frame 349 end
Average processing time of GrabImageRGBD(): 18.2446ms
Frame 350 end
Average processing time of GrabImageRGBD(): 18.2245ms
Frame 351 end
Average processing time of GrabImageRGBD(): 18.2009ms
Frame 352 end
Average processing time of GrabImageRGBD(): 18.1774ms
Frame 353 end
Average processing time of GrabImageRGBD(): 18.2664ms
Frame 354 end
Average processing time of GrabImageRGBD(): 18.249ms
Frame 355 end
Average processing time of GrabImageRGBD(): 18.2379ms
Frame 356 end
Average processing time of GrabImageRGBD(): 18.2168ms
Frame 357 end
Average processing time of GrabImageRGBD(): 18.1913ms
Frame 358 end
Average processing time of GrabImageRGBD(): 18.1729ms
Frame 359 end
Average processing time of GrabImageRGBD(): 18.1486ms
Frame 360 end
Average processing time of GrabImageRGBD(): 18.1281ms
Frame 361 end
Average processing time of GrabImageRGBD(): 18.1013ms
Frame 362 end
Average processing time of GrabImageRGBD(): 18.1395ms
Frame 363 end
Average processing time of GrabImageRGBD(): 18.1245ms
Frame 364 end
Average processing time of GrabImageRGBD(): 18.1083ms
Frame 365 end
Average processing time of GrabImageRGBD(): 18.0803ms
Frame 366 end
Average processing time of GrabImageRGBD(): 18.0585ms
Frame 367 end
Average processing time of GrabImageRGBD(): 18.0334ms
Frame 368 end
Average processing time of GrabImageRGBD(): 18.0081ms
Frame 369 end
Average processing time of GrabImageRGBD(): 18.0405ms
Frame 370 end
Average processing time of GrabImageRGBD(): 18.022ms
Frame 371 end
Average processing time of GrabImageRGBD(): 18.0105ms
Frame 372 end
Average processing time of GrabImageRGBD(): 17.9928ms
Frame 373 end
Average processing time of GrabImageRGBD(): 17.9709ms
Frame 374 end
Average processing time of GrabImageRGBD(): 17.9524ms
Frame 375 end
Average processing time of GrabImageRGBD(): 17.9883ms
Frame 376 end
Average processing time of GrabImageRGBD(): 17.9737ms
Frame 377 end
Average processing time of GrabImageRGBD(): 17.9477ms
Frame 378 end
Average processing time of GrabImageRGBD(): 17.9281ms
Frame 379 end
Average processing time of GrabImageRGBD(): 17.9029ms
Frame 380 end
Average processing time of GrabImageRGBD(): 17.8847ms
Frame 381 end
Average processing time of GrabImageRGBD(): 17.8561ms
Frame 382 end
Average processing time of GrabImageRGBD(): 17.8919ms
Frame 383 end
Average processing time of GrabImageRGBD(): 17.8761ms
Frame 384 end
Average processing time of GrabImageRGBD(): 17.8517ms
Frame 385 end
Average processing time of GrabImageRGBD(): 17.8314ms
Frame 386 end
Average processing time of GrabImageRGBD(): 17.8117ms
Frame 387 end
Average processing time of GrabImageRGBD(): 17.789ms
Frame 388 end
Average processing time of GrabImageRGBD(): 17.7665ms
Frame 389 end
Average processing time of GrabImageRGBD(): 17.7443ms
Frame 390 end
Average processing time of GrabImageRGBD(): 17.779ms
Frame 391 end
Average processing time of GrabImageRGBD(): 17.7625ms
Frame 392 end
Average processing time of GrabImageRGBD(): 17.7423ms
Frame 393 end
Average processing time of GrabImageRGBD(): 17.7238ms
Frame 394 end
Average processing time of GrabImageRGBD(): 17.7044ms
Frame 395 end
Average processing time of GrabImageRGBD(): 17.6828ms
Frame 396 end
Average processing time of GrabImageRGBD(): 17.6618ms
Frame 397 end
Average processing time of GrabImageRGBD(): 17.6411ms
Frame 398 end
Average processing time of GrabImageRGBD(): 17.6656ms
Frame 399 end
Average processing time of GrabImageRGBD(): 17.6487ms
Frame 400 end
Average processing time of GrabImageRGBD(): 17.6308ms
Frame 401 end
Average processing time of GrabImageRGBD(): 17.6083ms
Frame 402 end
Average processing time of GrabImageRGBD(): 17.5905ms
Frame 403 end
Average processing time of GrabImageRGBD(): 17.5719ms
Frame 404 end
Average processing time of GrabImageRGBD(): 17.5533ms
Frame 405 end
Average processing time of GrabImageRGBD(): 17.5321ms
Frame 406 end
Average processing time of GrabImageRGBD(): 17.5057ms
Frame 407 end
Average processing time of GrabImageRGBD(): 17.5317ms
Frame 408 end
Average processing time of GrabImageRGBD(): 17.5062ms
Frame 409 end
Average processing time of GrabImageRGBD(): 17.4883ms
Frame 410 end
Average processing time of GrabImageRGBD(): 17.4658ms
Frame 411 end
Average processing time of GrabImageRGBD(): 17.448ms
Frame 412 end
Average processing time of GrabImageRGBD(): 17.4304ms
Frame 413 end
Average processing time of GrabImageRGBD(): 17.4098ms
Frame 414 end
Average processing time of GrabImageRGBD(): 17.3925ms
Frame 415 end
Average processing time of GrabImageRGBD(): 17.4227ms
Frame 416 end
Average processing time of GrabImageRGBD(): 17.4065ms
Frame 417 end
Average processing time of GrabImageRGBD(): 17.3906ms
Frame 418 end
Average processing time of GrabImageRGBD(): 17.3742ms
Frame 419 end
Average processing time of GrabImageRGBD(): 17.3583ms
Frame 420 end
Average processing time of GrabImageRGBD(): 17.3412ms
Frame 421 end
Average processing time of GrabImageRGBD(): 17.3223ms
Frame 422 end
Average processing time of GrabImageRGBD(): 17.3064ms
Frame 423 end
Average processing time of GrabImageRGBD(): 17.2902ms
Frame 424 end
Average processing time of GrabImageRGBD(): 17.2699ms
Frame 425 end
Average processing time of GrabImageRGBD(): 17.3007ms
Frame 426 end
Average processing time of GrabImageRGBD(): 17.2864ms
Frame 427 end
Average processing time of GrabImageRGBD(): 17.2705ms
Frame 428 end
Average processing time of GrabImageRGBD(): 17.3069ms
Frame 429 end
Average processing time of GrabImageRGBD(): 17.2936ms
Frame 430 end
Average processing time of GrabImageRGBD(): 17.2783ms
Frame 431 end
Average processing time of GrabImageRGBD(): 17.2597ms
Frame 432 end
Average processing time of GrabImageRGBD(): 17.2345ms
Frame 433 end
Average processing time of GrabImageRGBD(): 17.2159ms
Frame 434 end
Average processing time of GrabImageRGBD(): 17.202ms
Frame 435 end
Average processing time of GrabImageRGBD(): 17.1826ms
Frame 436 end
Average processing time of GrabImageRGBD(): 17.1661ms
Frame 437 end
Average processing time of GrabImageRGBD(): 17.1506ms
Frame 438 end
Average processing time of GrabImageRGBD(): 17.1783ms
Frame 439 end
Average processing time of GrabImageRGBD(): 17.1671ms
Frame 440 end
Average processing time of GrabImageRGBD(): 17.151ms
Frame 441 end
Average processing time of GrabImageRGBD(): 17.1371ms
Frame 442 end
Average processing time of GrabImageRGBD(): 17.1179ms
Frame 443 end
Average processing time of GrabImageRGBD(): 17.1004ms
Frame 444 end
Average processing time of GrabImageRGBD(): 17.1308ms
Frame 445 end
Average processing time of GrabImageRGBD(): 17.1138ms
Frame 446 end
Average processing time of GrabImageRGBD(): 17.0977ms
Frame 447 end
Average processing time of GrabImageRGBD(): 17.0781ms
Frame 448 end
Average processing time of GrabImageRGBD(): 17.0664ms
Frame 449 end
Average processing time of GrabImageRGBD(): 17.052ms
Frame 450 end
Average processing time of GrabImageRGBD(): 17.0877ms
Frame 451 end
Average processing time of GrabImageRGBD(): 17.0721ms
Frame 452 end
Average processing time of GrabImageRGBD(): 17.0585ms
Frame 453 end
Average processing time of GrabImageRGBD(): 17.0471ms
Frame 454 end
Average processing time of GrabImageRGBD(): 17.0337ms
Frame 455 end
Average processing time of GrabImageRGBD(): 17.0197ms
Frame 456 end
Average processing time of GrabImageRGBD(): 17.0492ms
Frame 457 end
Average processing time of GrabImageRGBD(): 17.0329ms
Frame 458 end
Average processing time of GrabImageRGBD(): 17.0178ms
Frame 459 end
Average processing time of GrabImageRGBD(): 17.005ms
Frame 460 end
Average processing time of GrabImageRGBD(): 16.9839ms
Frame 461 end
Average processing time of GrabImageRGBD(): 16.9668ms
Frame 462 end
Average processing time of GrabImageRGBD(): 16.9942ms
Frame 463 end
Average processing time of GrabImageRGBD(): 16.9785ms
Frame 464 end
Average processing time of GrabImageRGBD(): 16.9628ms
Frame 465 end
Average processing time of GrabImageRGBD(): 16.9469ms
Frame 466 end
Average processing time of GrabImageRGBD(): 16.9821ms
Frame 467 end
Average processing time of GrabImageRGBD(): 16.9704ms
Frame 468 end
Average processing time of GrabImageRGBD(): 16.9566ms
Frame 469 end
Average processing time of GrabImageRGBD(): 16.9425ms
Frame 470 end
Average processing time of GrabImageRGBD(): 16.9246ms
Frame 471 end
Average processing time of GrabImageRGBD(): 16.9112ms
Frame 472 end
Average processing time of GrabImageRGBD(): 16.9366ms
Frame 473 end
Average processing time of GrabImageRGBD(): 16.9264ms
Frame 474 end
Average processing time of GrabImageRGBD(): 16.9086ms
Frame 475 end
Average processing time of GrabImageRGBD(): 16.9381ms
Frame 476 end
Average processing time of GrabImageRGBD(): 16.9248ms
Frame 477 end
Average processing time of GrabImageRGBD(): 16.9072ms
Frame 478 end
Average processing time of GrabImageRGBD(): 16.8873ms
Frame 479 end
Average processing time of GrabImageRGBD(): 16.9141ms
Frame 480 end
Average processing time of GrabImageRGBD(): 16.8978ms
Frame 481 end
Average processing time of GrabImageRGBD(): 16.8856ms
Frame 482 end
Average processing time of GrabImageRGBD(): 16.9302ms
Frame 483 end
Average processing time of GrabImageRGBD(): 16.9198ms
Frame 484 end
Average processing time of GrabImageRGBD(): 16.9017ms
Frame 485 end
Average processing time of GrabImageRGBD(): 16.9274ms
Frame 486 end
Average processing time of GrabImageRGBD(): 16.9139ms
Frame 487 end
Average processing time of GrabImageRGBD(): 16.9401ms
Frame 488 end
Average processing time of GrabImageRGBD(): 16.9294ms
Frame 489 end
Average processing time of GrabImageRGBD(): 16.9548ms
Frame 490 end
Average processing time of GrabImageRGBD(): 16.9433ms
Frame 491 end
Average processing time of GrabImageRGBD(): 16.9297ms
Frame 492 end
Average processing time of GrabImageRGBD(): 16.9555ms
Frame 493 end
Average processing time of GrabImageRGBD(): 16.9416ms
Frame 494 end
Average processing time of GrabImageRGBD(): 16.9683ms
Frame 495 end
Average processing time of GrabImageRGBD(): 16.9569ms
Frame 496 end
Average processing time of GrabImageRGBD(): 16.946ms
Frame 497 end
Average processing time of GrabImageRGBD(): 16.9321ms
Frame 498 end
Average processing time of GrabImageRGBD(): 16.9201ms
Frame 499 end
Average processing time of GrabImageRGBD(): 16.9482ms
Frame 500 end
Average processing time of GrabImageRGBD(): 16.9368ms
Frame 501 end
Average processing time of GrabImageRGBD(): 16.9245ms
Frame 502 end
Average processing time of GrabImageRGBD(): 16.9709ms
Frame 503 end
Average processing time of GrabImageRGBD(): 16.9633ms
Frame 504 end
Average processing time of GrabImageRGBD(): 16.9527ms
Frame 505 end
Average processing time of GrabImageRGBD(): 16.9809ms
Frame 506 end
Average processing time of GrabImageRGBD(): 16.9672ms
Frame 507 end
Average processing time of GrabImageRGBD(): 16.9979ms
Frame 508 end
Average processing time of GrabImageRGBD(): 16.9799ms
Frame 509 end
Average processing time of GrabImageRGBD(): 16.9693ms
Frame 510 end
Average processing time of GrabImageRGBD(): 16.9577ms
Frame 511 end
Average processing time of GrabImageRGBD(): 16.989ms
Frame 512 end
Average processing time of GrabImageRGBD(): 16.9811ms
Frame 513 end
Average processing time of GrabImageRGBD(): 16.9708ms
Frame 514 end
Average processing time of GrabImageRGBD(): 16.9588ms
Frame 515 end
Average processing time of GrabImageRGBD(): 16.9539ms
Frame 516 end
Average processing time of GrabImageRGBD(): 16.9828ms
Frame 517 end
Average processing time of GrabImageRGBD(): 16.9715ms
Frame 518 end
Average processing time of GrabImageRGBD(): 16.9641ms
Frame 519 end
Average processing time of GrabImageRGBD(): 16.9553ms
Frame 520 end
Average processing time of GrabImageRGBD(): 17.0079ms
Frame 521 end
Average processing time of GrabImageRGBD(): 16.9996ms
Frame 522 end
Average processing time of GrabImageRGBD(): 16.9888ms
Frame 523 end
Average processing time of GrabImageRGBD(): 16.976ms
Frame 524 end
Average processing time of GrabImageRGBD(): 16.9704ms
Frame 525 end
Average processing time of GrabImageRGBD(): 16.9992ms
Frame 526 end
Average processing time of GrabImageRGBD(): 16.9915ms
Frame 527 end
Average processing time of GrabImageRGBD(): 16.9804ms
Frame 528 end
Average processing time of GrabImageRGBD(): 16.9662ms
Frame 529 end
Average processing time of GrabImageRGBD(): 16.9508ms
Frame 530 end
Average processing time of GrabImageRGBD(): 16.9408ms
Frame 531 end
Average processing time of GrabImageRGBD(): 16.9886ms
Frame 532 end
Average processing time of GrabImageRGBD(): 16.9809ms
Frame 533 end
Average processing time of GrabImageRGBD(): 16.9661ms
Frame 534 end
Average processing time of GrabImageRGBD(): 16.9518ms
Frame 535 end
Average processing time of GrabImageRGBD(): 16.9397ms
Frame 536 end
Average processing time of GrabImageRGBD(): 16.925ms
Frame 537 end
Average processing time of GrabImageRGBD(): 16.9158ms
Frame 538 end
Average processing time of GrabImageRGBD(): 16.9012ms
Frame 539 end
Average processing time of GrabImageRGBD(): 16.8866ms
Frame 540 end
Average processing time of GrabImageRGBD(): 16.9135ms
Frame 541 end
Average processing time of GrabImageRGBD(): 16.9051ms
Frame 542 end
Average processing time of GrabImageRGBD(): 16.8948ms
Frame 543 end
Average processing time of GrabImageRGBD(): 16.8828ms
Frame 544 end
Average processing time of GrabImageRGBD(): 16.8751ms
Frame 545 end
Average processing time of GrabImageRGBD(): 16.8655ms
Frame 546 end
Average processing time of GrabImageRGBD(): 16.8545ms
Frame 547 end
Average processing time of GrabImageRGBD(): 16.8439ms
Frame 548 end
Average processing time of GrabImageRGBD(): 16.8328ms
Frame 549 end
Average processing time of GrabImageRGBD(): 16.8156ms
Frame 550 end
Average processing time of GrabImageRGBD(): 16.8035ms
Frame 551 end
Average processing time of GrabImageRGBD(): 16.7903ms
Frame 552 end
Average processing time of GrabImageRGBD(): 16.8176ms
Frame 553 end
Average processing time of GrabImageRGBD(): 16.8064ms
Frame 554 end
Average processing time of GrabImageRGBD(): 16.8019ms
Frame 555 end
Average processing time of GrabImageRGBD(): 16.7943ms
Frame 556 end
Average processing time of GrabImageRGBD(): 16.7815ms
Frame 557 end
Average processing time of GrabImageRGBD(): 16.7765ms
Frame 558 end
Average processing time of GrabImageRGBD(): 16.7711ms
Frame 559 end
Average processing time of GrabImageRGBD(): 16.7676ms
Frame 560 end
Average processing time of GrabImageRGBD(): 16.76ms
Frame 561 end
Average processing time of GrabImageRGBD(): 16.7501ms
Frame 562 end
Average processing time of GrabImageRGBD(): 16.7389ms
Frame 563 end
Average processing time of GrabImageRGBD(): 16.768ms
Frame 564 end
Average processing time of GrabImageRGBD(): 16.7671ms
Frame 565 end
Average processing time of GrabImageRGBD(): 16.7545ms
Frame 566 end
Average processing time of GrabImageRGBD(): 16.7479ms
Frame 567 end
Average processing time of GrabImageRGBD(): 16.7364ms
Frame 568 end
Average processing time of GrabImageRGBD(): 16.7876ms
Frame 569 end
Average processing time of GrabImageRGBD(): 16.7849ms
Frame 570 end
Average processing time of GrabImageRGBD(): 16.7777ms
Frame 571 end
Average processing time of GrabImageRGBD(): 16.7721ms
Frame 572 end
Average processing time of GrabImageRGBD(): 16.7658ms
Frame 573 end
Average processing time of GrabImageRGBD(): 16.757ms
Frame 574 end
Average processing time of GrabImageRGBD(): 16.7491ms
Frame 575 end
Average processing time of GrabImageRGBD(): 16.7385ms
Frame 576 end
Average processing time of GrabImageRGBD(): 16.731ms
Frame 577 end
Average processing time of GrabImageRGBD(): 16.7202ms
Frame 578 end
Average processing time of GrabImageRGBD(): 16.714ms
Frame 579 end
Average processing time of GrabImageRGBD(): 16.7066ms
Frame 580 end
Average processing time of GrabImageRGBD(): 16.7391ms
Frame 581 end
Average processing time of GrabImageRGBD(): 16.7357ms
Frame 582 end
Average processing time of GrabImageRGBD(): 16.7243ms
Frame 583 end
Average processing time of GrabImageRGBD(): 16.7179ms
Frame 584 end
Average processing time of GrabImageRGBD(): 16.7091ms
Frame 585 end
Average processing time of GrabImageRGBD(): 16.7007ms
Frame 586 end
Average processing time of GrabImageRGBD(): 16.6928ms
Frame 587 end
Average processing time of GrabImageRGBD(): 16.683ms
Frame 588 end
Average processing time of GrabImageRGBD(): 16.6722ms
Frame 589 end
Average processing time of GrabImageRGBD(): 16.6581ms
Frame 590 end
Average processing time of GrabImageRGBD(): 16.6516ms
Frame 591 end
Average processing time of GrabImageRGBD(): 16.6786ms
Frame 592 end
Average processing time of GrabImageRGBD(): 16.6724ms
Frame 593 end
Average processing time of GrabImageRGBD(): 16.6655ms
Frame 594 end
Average processing time of GrabImageRGBD(): 16.6561ms
Frame 595 end
Average processing time of GrabImageRGBD(): 16.6483ms
Frame 596 end
Average processing time of GrabImageRGBD(): 16.6355ms
Frame 597 end
Average processing time of GrabImageRGBD(): 16.6252ms
Frame 598 end
Average processing time of GrabImageRGBD(): 16.6146ms
Frame 599 end
Average processing time of GrabImageRGBD(): 16.604ms
Frame 600 end
Average processing time of GrabImageRGBD(): 16.5979ms
Frame 601 end
Average processing time of GrabImageRGBD(): 16.5914ms
Frame 602 end
Average processing time of GrabImageRGBD(): 16.5831ms
Frame 603 end
Average processing time of GrabImageRGBD(): 16.6254ms
Frame 604 end
Average processing time of GrabImageRGBD(): 16.6197ms
Frame 605 end
Average processing time of GrabImageRGBD(): 16.615ms
Frame 606 end
Average processing time of GrabImageRGBD(): 16.6099ms
Frame 607 end
Average processing time of GrabImageRGBD(): 16.6015ms
Frame 608 end
Average processing time of GrabImageRGBD(): 16.5939ms
Frame 609 end
Average processing time of GrabImageRGBD(): 16.5845ms
Frame 610 end
Average processing time of GrabImageRGBD(): 16.5828ms
Frame 611 end
Average processing time of GrabImageRGBD(): 16.5768ms
Frame 612 end
Average processing time of GrabImageRGBD(): 16.5729ms
Frame 613 end
Average processing time of GrabImageRGBD(): 16.5604ms
Frame 614 end
Average processing time of GrabImageRGBD(): 16.5886ms
Frame 615 end
Average processing time of GrabImageRGBD(): 16.5797ms
Frame 616 end
Average processing time of GrabImageRGBD(): 16.577ms
Frame 617 end
Average processing time of GrabImageRGBD(): 16.5704ms
Frame 618 end
Average processing time of GrabImageRGBD(): 16.5679ms
Frame 619 end
Average processing time of GrabImageRGBD(): 16.5632ms
Frame 620 end
Average processing time of GrabImageRGBD(): 16.5566ms
Frame 621 end
Average processing time of GrabImageRGBD(): 16.5554ms
Frame 622 end
Average processing time of GrabImageRGBD(): 16.551ms
Frame 623 end
Average processing time of GrabImageRGBD(): 16.5433ms
Frame 624 end
Average processing time of GrabImageRGBD(): 16.5398ms
Frame 625 end
Average processing time of GrabImageRGBD(): 16.5669ms
Frame 626 end
Average processing time of GrabImageRGBD(): 16.5625ms
Frame 627 end
Average processing time of GrabImageRGBD(): 16.5559ms
Frame 628 end
Average processing time of GrabImageRGBD(): 16.5865ms
Frame 629 end
Average processing time of GrabImageRGBD(): 16.5795ms
Frame 630 end
Average processing time of GrabImageRGBD(): 16.6151ms
Frame 631 end
Average processing time of GrabImageRGBD(): 16.6105ms
Frame 632 end
Average processing time of GrabImageRGBD(): 16.6075ms
Frame 633 end
Average processing time of GrabImageRGBD(): 16.6036ms
Frame 634 end
Average processing time of GrabImageRGBD(): 16.5957ms
Frame 635 end
Average processing time of GrabImageRGBD(): 16.5913ms
Frame 636 end
Average processing time of GrabImageRGBD(): 16.5845ms
Frame 637 end
Average processing time of GrabImageRGBD(): 16.5759ms
Frame 638 end
Average processing time of GrabImageRGBD(): 16.6063ms
Frame 639 end
Average processing time of GrabImageRGBD(): 16.5998ms
Frame 640 end
Average processing time of GrabImageRGBD(): 16.634ms
Frame 641 end
Average processing time of GrabImageRGBD(): 16.6316ms
Frame 642 end
Average processing time of GrabImageRGBD(): 16.6235ms
Frame 643 end
Average processing time of GrabImageRGBD(): 16.621ms
Frame 644 end
Average processing time of GrabImageRGBD(): 16.6122ms
Frame 645 end
Average processing time of GrabImageRGBD(): 16.6058ms
Frame 646 end
Average processing time of GrabImageRGBD(): 16.6042ms
Frame 647 end
Average processing time of GrabImageRGBD(): 16.6011ms
Frame 648 end
Average processing time of GrabImageRGBD(): 16.5988ms
Frame 649 end
Average processing time of GrabImageRGBD(): 16.5925ms
Frame 650 end
Average processing time of GrabImageRGBD(): 16.6204ms
Frame 651 end
Average processing time of GrabImageRGBD(): 16.6228ms
Frame 652 end
Average processing time of GrabImageRGBD(): 16.6197ms
Frame 653 end
Average processing time of GrabImageRGBD(): 16.6194ms
Frame 654 end
Average processing time of GrabImageRGBD(): 16.6177ms
Frame 655 end
Average processing time of GrabImageRGBD(): 16.6172ms
Frame 656 end
Average processing time of GrabImageRGBD(): 16.611ms
Frame 657 end
Average processing time of GrabImageRGBD(): 16.6424ms
Frame 658 end
Average processing time of GrabImageRGBD(): 16.6421ms
Frame 659 end
Average processing time of GrabImageRGBD(): 16.6402ms
Frame 660 end
Average processing time of GrabImageRGBD(): 16.6342ms
Frame 661 end
Average processing time of GrabImageRGBD(): 16.6325ms
Frame 662 end
Average processing time of GrabImageRGBD(): 16.6685ms
Frame 663 end
Average processing time of GrabImageRGBD(): 16.6648ms
Frame 664 end
Average processing time of GrabImageRGBD(): 16.6564ms
Frame 665 end
Average processing time of GrabImageRGBD(): 16.6491ms
Frame 666 end
Average processing time of GrabImageRGBD(): 16.6453ms
Frame 667 end
Average processing time of GrabImageRGBD(): 16.6384ms
Frame 668 end
Average processing time of GrabImageRGBD(): 16.6653ms
Frame 669 end
Average processing time of GrabImageRGBD(): 16.6582ms
Frame 670 end
Average processing time of GrabImageRGBD(): 16.6511ms
Frame 671 end
Average processing time of GrabImageRGBD(): 16.6465ms
Frame 672 end
Average processing time of GrabImageRGBD(): 16.6441ms
Frame 673 end
Average processing time of GrabImageRGBD(): 16.6348ms
Frame 674 end
Average processing time of GrabImageRGBD(): 16.6625ms
Frame 675 end
Average processing time of GrabImageRGBD(): 16.6583ms
Frame 676 end
Average processing time of GrabImageRGBD(): 16.6505ms
Frame 677 end
Average processing time of GrabImageRGBD(): 16.6529ms
Frame 678 end
Average processing time of GrabImageRGBD(): 16.6493ms
Frame 679 end
Average processing time of GrabImageRGBD(): 16.6945ms
Frame 680 end
Average processing time of GrabImageRGBD(): 16.6882ms
Frame 681 end
Average processing time of GrabImageRGBD(): 16.6857ms
Frame 682 end
Average processing time of GrabImageRGBD(): 16.6807ms
Frame 683 end
Average processing time of GrabImageRGBD(): 16.6731ms
Frame 684 end
Average processing time of GrabImageRGBD(): 16.6713ms
Frame 685 end
Average processing time of GrabImageRGBD(): 16.6632ms
Frame 686 end
Average processing time of GrabImageRGBD(): 16.6887ms
Frame 687 end
Average processing time of GrabImageRGBD(): 16.6857ms
Frame 688 end
Average processing time of GrabImageRGBD(): 16.6782ms
Frame 689 end
Average processing time of GrabImageRGBD(): 16.6691ms
Frame 690 end
Average processing time of GrabImageRGBD(): 16.6629ms
Frame 691 end
Average processing time of GrabImageRGBD(): 16.6575ms
Frame 692 end
Average processing time of GrabImageRGBD(): 16.6531ms
Frame 693 end
Average processing time of GrabImageRGBD(): 16.6458ms
Frame 694 end
Average processing time of GrabImageRGBD(): 16.6366ms
Frame 695 end
Average processing time of GrabImageRGBD(): 16.6291ms
Frame 696 end
Average processing time of GrabImageRGBD(): 16.6548ms
Frame 697 end
Average processing time of GrabImageRGBD(): 16.6501ms
Frame 698 end
Average processing time of GrabImageRGBD(): 16.6444ms
Frame 699 end
Average processing time of GrabImageRGBD(): 16.639ms
Frame 700 end
Average processing time of GrabImageRGBD(): 16.6332ms
Frame 701 end
Average processing time of GrabImageRGBD(): 16.6303ms
Frame 702 end
Average processing time of GrabImageRGBD(): 16.6237ms
Frame 703 end
Average processing time of GrabImageRGBD(): 16.6162ms
Frame 704 end
Average processing time of GrabImageRGBD(): 16.6035ms
Frame 705 end
Average processing time of GrabImageRGBD(): 16.5962ms
Frame 706 end
Average processing time of GrabImageRGBD(): 16.5852ms
Frame 707 end
Average processing time of GrabImageRGBD(): 16.622ms
Frame 708 end
Average processing time of GrabImageRGBD(): 16.615ms
Frame 709 end
Average processing time of GrabImageRGBD(): 16.6046ms
Frame 710 end
Average processing time of GrabImageRGBD(): 16.6015ms
Frame 711 end
Average processing time of GrabImageRGBD(): 16.5968ms
Frame 712 end
Average processing time of GrabImageRGBD(): 16.5888ms
Frame 713 end
Average processing time of GrabImageRGBD(): 16.5813ms
Frame 714 end
Average processing time of GrabImageRGBD(): 16.5735ms
Frame 715 end
Average processing time of GrabImageRGBD(): 16.5641ms
Frame 716 end
Average processing time of GrabImageRGBD(): 16.5548ms
Frame 717 end
Average processing time of GrabImageRGBD(): 16.545ms
Frame 718 end
Average processing time of GrabImageRGBD(): 16.5298ms
Frame 719 end
Average processing time of GrabImageRGBD(): 16.5208ms
Frame 720 end
Average processing time of GrabImageRGBD(): 16.541ms
Frame 721 end
Average processing time of GrabImageRGBD(): 16.533ms
Frame 722 end
Average processing time of GrabImageRGBD(): 16.5248ms
Frame 723 end
Average processing time of GrabImageRGBD(): 16.5167ms
Frame 724 end
Average processing time of GrabImageRGBD(): 16.5091ms
Frame 725 end
Average processing time of GrabImageRGBD(): 16.5013ms
Frame 726 end
Average processing time of GrabImageRGBD(): 16.4897ms
Frame 727 end
Average processing time of GrabImageRGBD(): 16.4757ms
Frame 728 end
Average processing time of GrabImageRGBD(): 16.4675ms
Frame 729 end
Average processing time of GrabImageRGBD(): 16.4587ms
Frame 730 end
Average processing time of GrabImageRGBD(): 16.4492ms
Frame 731 end
Average processing time of GrabImageRGBD(): 16.4369ms
Frame 732 end
Average processing time of GrabImageRGBD(): 16.4287ms
Frame 733 end
Average processing time of GrabImageRGBD(): 16.4174ms
Frame 734 end
Average processing time of GrabImageRGBD(): 16.4364ms
Frame 735 end
Average processing time of GrabImageRGBD(): 16.428ms
Frame 736 end
Average processing time of GrabImageRGBD(): 16.4198ms
Frame 737 end
Average processing time of GrabImageRGBD(): 16.4116ms
Frame 738 end
Average processing time of GrabImageRGBD(): 16.4028ms
Frame 739 end
Average processing time of GrabImageRGBD(): 16.3927ms
Frame 740 end
Average processing time of GrabImageRGBD(): 16.3831ms
Frame 741 end
Average processing time of GrabImageRGBD(): 16.3749ms
Frame 742 end
Average processing time of GrabImageRGBD(): 16.3672ms
Frame 743 end
Average processing time of GrabImageRGBD(): 16.357ms
Frame 744 end
Average processing time of GrabImageRGBD(): 16.3456ms
Frame 745 end
Average processing time of GrabImageRGBD(): 16.3333ms
Frame 746 end
Average processing time of GrabImageRGBD(): 16.3237ms
Frame 747 end
Average processing time of GrabImageRGBD(): 16.3173ms
Frame 748 end
Average processing time of GrabImageRGBD(): 16.3451ms
Frame 749 end
Average processing time of GrabImageRGBD(): 16.3384ms
Frame 750 end
Average processing time of GrabImageRGBD(): 16.3262ms
Frame 751 end
Average processing time of GrabImageRGBD(): 16.3139ms
Frame 752 end
Average processing time of GrabImageRGBD(): 16.3374ms
Frame 753 end
Average processing time of GrabImageRGBD(): 16.3317ms
Frame 754 end
Average processing time of GrabImageRGBD(): 16.3193ms
Frame 755 end
Average processing time of GrabImageRGBD(): 16.3118ms
Frame 756 end
Average processing time of GrabImageRGBD(): 16.306ms
Frame 757 end
Average processing time of GrabImageRGBD(): 16.2992ms
Frame 758 end
Average processing time of GrabImageRGBD(): 16.2905ms
Frame 759 end
Average processing time of GrabImageRGBD(): 16.2834ms
Frame 760 end
Average processing time of GrabImageRGBD(): 16.3076ms
Frame 761 end
Average processing time of GrabImageRGBD(): 16.3007ms
Frame 762 end
Average processing time of GrabImageRGBD(): 16.2939ms
Frame 763 end
Average processing time of GrabImageRGBD(): 16.2866ms
Frame 764 end
Average processing time of GrabImageRGBD(): 16.2801ms
Frame 765 end
Average processing time of GrabImageRGBD(): 16.3029ms
Frame 766 end
Average processing time of GrabImageRGBD(): 16.2959ms
Frame 767 end
Average processing time of GrabImageRGBD(): 16.3204ms
Frame 768 end
Average processing time of GrabImageRGBD(): 16.3139ms
Frame 769 end
Average processing time of GrabImageRGBD(): 16.3034ms
Frame 770 end
Average processing time of GrabImageRGBD(): 16.3274ms
Frame 771 end
Average processing time of GrabImageRGBD(): 16.3236ms
Frame 772 end
Average processing time of GrabImageRGBD(): 16.3159ms
Frame 773 end
Average processing time of GrabImageRGBD(): 16.3099ms
Frame 774 end
Average processing time of GrabImageRGBD(): 16.3044ms
Frame 775 end
Average processing time of GrabImageRGBD(): 16.2971ms
Frame 776 end
Average processing time of GrabImageRGBD(): 16.2919ms
Frame 777 end
Average processing time of GrabImageRGBD(): 16.2856ms
Frame 778 end
Average processing time of GrabImageRGBD(): 16.2796ms
Frame 779 end
Average processing time of GrabImageRGBD(): 16.3066ms
Frame 780 end
Average processing time of GrabImageRGBD(): 16.302ms
Frame 781 end
Average processing time of GrabImageRGBD(): 16.3269ms
Frame 782 end
Average processing time of GrabImageRGBD(): 16.3202ms
Frame 783 end
Average processing time of GrabImageRGBD(): 16.3129ms
Frame 784 end
Average processing time of GrabImageRGBD(): 16.3055ms
Frame 785 end
Average processing time of GrabImageRGBD(): 16.2959ms
Frame 786 end
Average processing time of GrabImageRGBD(): 16.2912ms
Frame 787 end
Average processing time of GrabImageRGBD(): 16.2849ms
Frame 788 end
Average processing time of GrabImageRGBD(): 16.2784ms
Frame 789 end
Average processing time of GrabImageRGBD(): 16.2736ms
Frame 790 end
Average processing time of GrabImageRGBD(): 16.2683ms
Frame 791 end
Average processing time of GrabImageRGBD(): 16.2613ms
Frame 792 end
Average processing time of GrabImageRGBD(): 16.2583ms
Frame 793 end
Average processing time of GrabImageRGBD(): 16.2509ms
Frame 794 end
Average processing time of GrabImageRGBD(): 16.2456ms
Frame 795 end
Average processing time of GrabImageRGBD(): 16.2691ms
Frame 796 end
Average processing time of GrabImageRGBD(): 16.267ms
Frame 797 end
Average processing time of GrabImageRGBD(): 16.2617ms
Frame 798 end
Average processing time of GrabImageRGBD(): 16.2568ms
Frame 799 end
Average processing time of GrabImageRGBD(): 16.2531ms
Frame 800 end
Average processing time of GrabImageRGBD(): 16.2477ms
Frame 801 end
Average processing time of GrabImageRGBD(): 16.2453ms
Frame 802 end
Average processing time of GrabImageRGBD(): 16.2407ms
Frame 803 end
Average processing time of GrabImageRGBD(): 16.2385ms
Frame 804 end
Average processing time of GrabImageRGBD(): 16.2379ms
Frame 805 end
Average processing time of GrabImageRGBD(): 16.2342ms
Frame 806 end
Average processing time of GrabImageRGBD(): 16.2292ms
Frame 807 end
Average processing time of GrabImageRGBD(): 16.2207ms
Frame 808 end
Average processing time of GrabImageRGBD(): 16.2135ms
Frame 809 end
Average processing time of GrabImageRGBD(): 16.2373ms
Frame 810 end
Average processing time of GrabImageRGBD(): 16.2331ms
Frame 811 end
Average processing time of GrabImageRGBD(): 16.2279ms
Frame 812 end
Average processing time of GrabImageRGBD(): 16.2236ms
Frame 813 end
Average processing time of GrabImageRGBD(): 16.2192ms
Frame 814 end
Average processing time of GrabImageRGBD(): 16.2146ms
Frame 815 end
Average processing time of GrabImageRGBD(): 16.21ms
Frame 816 end
Average processing time of GrabImageRGBD(): 16.2068ms
Frame 817 end
Average processing time of GrabImageRGBD(): 16.2025ms
Frame 818 end
Average processing time of GrabImageRGBD(): 16.1976ms
Frame 819 end
Average processing time of GrabImageRGBD(): 16.1928ms
Frame 820 end
Average processing time of GrabImageRGBD(): 16.1864ms
Frame 821 end
Average processing time of GrabImageRGBD(): 16.1829ms
Frame 822 end
Average processing time of GrabImageRGBD(): 16.1758ms
Frame 823 end
Average processing time of GrabImageRGBD(): 16.169ms
Frame 824 end
Average processing time of GrabImageRGBD(): 16.2046ms
Frame 825 end
Average processing time of GrabImageRGBD(): 16.202ms
Frame 826 end
Average processing time of GrabImageRGBD(): 16.1973ms
Frame 827 end
Average processing time of GrabImageRGBD(): 16.1881ms
Frame 828 end
Average processing time of GrabImageRGBD(): 16.1791ms
Frame 829 end
Average processing time of GrabImageRGBD(): 16.1728ms
Frame 830 end
Average processing time of GrabImageRGBD(): 16.1685ms
Frame 831 end
Average processing time of GrabImageRGBD(): 16.1631ms
Frame 832 end
Average processing time of GrabImageRGBD(): 16.1613ms
Frame 833 end
Average processing time of GrabImageRGBD(): 16.1595ms
Frame 834 end
Average processing time of GrabImageRGBD(): 16.154ms
Frame 835 end
Average processing time of GrabImageRGBD(): 16.1463ms
Frame 836 end
Average processing time of GrabImageRGBD(): 16.1372ms
Frame 837 end
Average processing time of GrabImageRGBD(): 16.169ms
Frame 838 end
Average processing time of GrabImageRGBD(): 16.164ms
Frame 839 end
Average processing time of GrabImageRGBD(): 16.158ms
Frame 840 end
Average processing time of GrabImageRGBD(): 16.152ms
Frame 841 end
Average processing time of GrabImageRGBD(): 16.1448ms
Frame 842 end
Average processing time of GrabImageRGBD(): 16.1383ms
Frame 843 end
Average processing time of GrabImageRGBD(): 16.1316ms
Frame 844 end
Average processing time of GrabImageRGBD(): 16.1216ms
Frame 845 end
Average processing time of GrabImageRGBD(): 16.1143ms
Frame 846 end
Average processing time of GrabImageRGBD(): 16.1075ms
Frame 847 end
Average processing time of GrabImageRGBD(): 16.0993ms
Frame 848 end
Average processing time of GrabImageRGBD(): 16.0921ms
Frame 849 end
Average processing time of GrabImageRGBD(): 16.0847ms
Frame 850 end
Average processing time of GrabImageRGBD(): 16.0747ms
Frame 851 end
Average processing time of GrabImageRGBD(): 16.0928ms
Frame 852 end
Average processing time of GrabImageRGBD(): 16.0841ms
Frame 853 end
Average processing time of GrabImageRGBD(): 16.0774ms
Frame 854 end
Average processing time of GrabImageRGBD(): 16.0697ms
Frame 855 end
Average processing time of GrabImageRGBD(): 16.062ms
Frame 856 end
Average processing time of GrabImageRGBD(): 16.0529ms
Frame 857 end
Average processing time of GrabImageRGBD(): 16.0456ms
Frame 858 end
Average processing time of GrabImageRGBD(): 16.0323ms
Frame 859 end
Average processing time of GrabImageRGBD(): 16.0195ms
Frame 860 end
Average processing time of GrabImageRGBD(): 16.0074ms
Frame 861 end
Average processing time of GrabImageRGBD(): 15.9974ms
Frame 862 end
Average processing time of GrabImageRGBD(): 16.0144ms
Frame 863 end
Average processing time of GrabImageRGBD(): 16.0052ms
Frame 864 end
Average processing time of GrabImageRGBD(): 15.998ms
Frame 865 end
Average processing time of GrabImageRGBD(): 15.9878ms
Frame 866 end
Average processing time of GrabImageRGBD(): 15.9803ms
Frame 867 end
Average processing time of GrabImageRGBD(): 15.9753ms
Frame 868 end
Average processing time of GrabImageRGBD(): 15.966ms
Frame 869 end
Average processing time of GrabImageRGBD(): 15.9553ms
Frame 870 end
Average processing time of GrabImageRGBD(): 15.9443ms
Frame 871 end
Average processing time of GrabImageRGBD(): 15.9331ms
Frame 872 end
Average processing time of GrabImageRGBD(): 15.9506ms
Frame 873 end
Average processing time of GrabImageRGBD(): 15.9446ms
Frame 874 end
Average processing time of GrabImageRGBD(): 15.9331ms
Frame 875 end
Average processing time of GrabImageRGBD(): 15.9258ms
Frame 876 end
Average processing time of GrabImageRGBD(): 15.9152ms
Frame 877 end
Average processing time of GrabImageRGBD(): 15.9321ms
Frame 878 end
Average processing time of GrabImageRGBD(): 15.9252ms
Frame 879 end
Average processing time of GrabImageRGBD(): 15.9176ms
Frame 880 end
Average processing time of GrabImageRGBD(): 15.91ms
Frame 881 end
Average processing time of GrabImageRGBD(): 15.8967ms
Frame 882 end
Average processing time of GrabImageRGBD(): 15.9099ms
Frame 883 end
Average processing time of GrabImageRGBD(): 15.9018ms
Frame 884 end
Average processing time of GrabImageRGBD(): 15.8953ms
Frame 885 end
Average processing time of GrabImageRGBD(): 15.9232ms
Frame 886 end
Average processing time of GrabImageRGBD(): 15.9162ms
Frame 887 end
Average processing time of GrabImageRGBD(): 15.9081ms
Frame 888 end
Average processing time of GrabImageRGBD(): 15.928ms
Frame 889 end
Average processing time of GrabImageRGBD(): 15.922ms
Frame 890 end
Average processing time of GrabImageRGBD(): 15.9121ms
Frame 891 end
Average processing time of GrabImageRGBD(): 15.9009ms
Frame 892 end
Average processing time of GrabImageRGBD(): 15.9141ms
Frame 893 end
Average processing time of GrabImageRGBD(): 15.9027ms
Frame 894 end
Average processing time of GrabImageRGBD(): 15.8938ms
Frame 895 end
Average processing time of GrabImageRGBD(): 15.9107ms
Frame 896 end
Average processing time of GrabImageRGBD(): 15.9039ms
Frame 897 end
Average processing time of GrabImageRGBD(): 15.8958ms
Frame 898 end
Average processing time of GrabImageRGBD(): 15.8897ms
Frame 899 end
Average processing time of GrabImageRGBD(): 15.9018ms
Frame 900 end
Average processing time of GrabImageRGBD(): 15.8908ms
Frame 901 end
Average processing time of GrabImageRGBD(): 15.9087ms
Frame 902 end
Average processing time of GrabImageRGBD(): 15.9032ms
Frame 903 end
Average processing time of GrabImageRGBD(): 15.895ms
Frame 904 end
Average processing time of GrabImageRGBD(): 15.9136ms
Frame 905 end
Average processing time of GrabImageRGBD(): 15.9344ms
Frame 906 end
Average processing time of GrabImageRGBD(): 15.9291ms
Frame 907 end
Average processing time of GrabImageRGBD(): 15.9202ms
Frame 908 end
Average processing time of GrabImageRGBD(): 15.9126ms
Frame 909 end
Average processing time of GrabImageRGBD(): 15.9001ms
Frame 910 end
Average processing time of GrabImageRGBD(): 15.8874ms
Frame 911 end
Average processing time of GrabImageRGBD(): 15.9161ms
Frame 912 end
Average processing time of GrabImageRGBD(): 15.9033ms
Frame 913 end
Average processing time of GrabImageRGBD(): 15.8889ms
Frame 914 end
Average processing time of GrabImageRGBD(): 15.8773ms
Frame 915 end
Average processing time of GrabImageRGBD(): 15.8638ms
Frame 916 end
Average processing time of GrabImageRGBD(): 15.8518ms
Frame 917 end
Average processing time of GrabImageRGBD(): 15.8391ms
Frame 918 end
Average processing time of GrabImageRGBD(): 15.8337ms
Frame 919 end
Average processing time of GrabImageRGBD(): 15.8198ms
Frame 920 end
Average processing time of GrabImageRGBD(): 15.8056ms
Frame 921 end
Average processing time of GrabImageRGBD(): 15.819ms
Frame 922 end
Average processing time of GrabImageRGBD(): 15.8085ms
Frame 923 end
Average processing time of GrabImageRGBD(): 15.8268ms
Frame 924 end
Average processing time of GrabImageRGBD(): 15.8204ms
Frame 925 end
Average processing time of GrabImageRGBD(): 15.8124ms
Frame 926 end
Average processing time of GrabImageRGBD(): 15.8063ms
Frame 927 end
Average processing time of GrabImageRGBD(): 15.8004ms
Frame 928 end
Average processing time of GrabImageRGBD(): 15.7938ms
Frame 929 end
Average processing time of GrabImageRGBD(): 15.7868ms
Frame 930 end
Average processing time of GrabImageRGBD(): 15.7785ms
Frame 931 end
Average processing time of GrabImageRGBD(): 15.7702ms
Frame 932 end
Average processing time of GrabImageRGBD(): 15.7864ms
Frame 933 end
Average processing time of GrabImageRGBD(): 15.7798ms
Frame 934 end
Average processing time of GrabImageRGBD(): 15.7743ms
Frame 935 end
Average processing time of GrabImageRGBD(): 15.7654ms
Frame 936 end
Average processing time of GrabImageRGBD(): 15.7589ms
Frame 937 end
Average processing time of GrabImageRGBD(): 15.7491ms
Frame 938 end
Average processing time of GrabImageRGBD(): 15.7642ms
Frame 939 end
Average processing time of GrabImageRGBD(): 15.7535ms
Frame 940 end
Average processing time of GrabImageRGBD(): 15.7679ms
Frame 941 end
Average processing time of GrabImageRGBD(): 15.761ms
Frame 942 end
Average processing time of GrabImageRGBD(): 15.7546ms
Frame 943 end
Average processing time of GrabImageRGBD(): 15.748ms
Frame 944 end
Average processing time of GrabImageRGBD(): 15.7384ms
Frame 945 end
Average processing time of GrabImageRGBD(): 15.7542ms
Frame 946 end
Average processing time of GrabImageRGBD(): 15.7471ms
Frame 947 end
Average processing time of GrabImageRGBD(): 15.7391ms
Frame 948 end
Average processing time of GrabImageRGBD(): 15.7325ms
Frame 949 end
Average processing time of GrabImageRGBD(): 15.726ms
Frame 950 end
Average processing time of GrabImageRGBD(): 15.7183ms
Frame 951 end
Average processing time of GrabImageRGBD(): 15.7105ms
Frame 952 end
Average processing time of GrabImageRGBD(): 15.7007ms
Frame 953 end
Average processing time of GrabImageRGBD(): 15.6939ms
Frame 954 end
Average processing time of GrabImageRGBD(): 15.6846ms
Frame 955 end
Average processing time of GrabImageRGBD(): 15.7004ms
Frame 956 end
Average processing time of GrabImageRGBD(): 15.6942ms
Frame 957 end
Average processing time of GrabImageRGBD(): 15.6871ms
Frame 958 end
Average processing time of GrabImageRGBD(): 15.6762ms
Frame 959 end
Average processing time of GrabImageRGBD(): 15.6695ms
Frame 960 end
Average processing time of GrabImageRGBD(): 15.662ms
Frame 961 end
Average processing time of GrabImageRGBD(): 15.6549ms
Frame 962 end
Average processing time of GrabImageRGBD(): 15.6485ms
Frame 963 end
Average processing time of GrabImageRGBD(): 15.6408ms
Frame 964 end
Average processing time of GrabImageRGBD(): 15.6335ms
Frame 965 end
Average processing time of GrabImageRGBD(): 15.6237ms
Frame 966 end
Average processing time of GrabImageRGBD(): 15.6158ms
Frame 967 end
Average processing time of GrabImageRGBD(): 15.6071ms
Frame 968 end
Average processing time of GrabImageRGBD(): 15.5982ms
Frame 969 end
Average processing time of GrabImageRGBD(): 15.6155ms
Frame 970 end
Average processing time of GrabImageRGBD(): 15.6095ms
Frame 971 end
Average processing time of GrabImageRGBD(): 15.6027ms
Frame 972 end
Average processing time of GrabImageRGBD(): 15.5986ms
Frame 973 end
Average processing time of GrabImageRGBD(): 15.5922ms
Frame 974 end
Average processing time of GrabImageRGBD(): 15.5865ms
Frame 975 end
Average processing time of GrabImageRGBD(): 15.5821ms
Frame 976 end
Average processing time of GrabImageRGBD(): 15.5712ms
Frame 977 end
Average processing time of GrabImageRGBD(): 15.5893ms
Frame 978 end
Average processing time of GrabImageRGBD(): 15.5834ms
Frame 979 end
Average processing time of GrabImageRGBD(): 15.614ms
Frame 980 end
Average processing time of GrabImageRGBD(): 15.6105ms
Frame 981 end
Average processing time of GrabImageRGBD(): 15.6285ms
Frame 982 end
Average processing time of GrabImageRGBD(): 15.6261ms
Frame 983 end
Average processing time of GrabImageRGBD(): 15.623ms
Frame 984 end
Average processing time of GrabImageRGBD(): 15.6192ms
Frame 985 end
Average processing time of GrabImageRGBD(): 15.6149ms
Frame 986 end
Average processing time of GrabImageRGBD(): 15.6103ms
Frame 987 end
Average processing time of GrabImageRGBD(): 15.6051ms
Frame 988 end
Average processing time of GrabImageRGBD(): 15.5995ms
Frame 989 end
Average processing time of GrabImageRGBD(): 15.5951ms
Frame 990 end
Average processing time of GrabImageRGBD(): 15.5935ms
Frame 991 end
Average processing time of GrabImageRGBD(): 15.6122ms
Frame 992 end
Average processing time of GrabImageRGBD(): 15.6109ms
Frame 993 end
Average processing time of GrabImageRGBD(): 15.6094ms
Frame 994 end
Average processing time of GrabImageRGBD(): 15.6069ms
Frame 995 end
Average processing time of GrabImageRGBD(): 15.6039ms
Frame 996 end
Average processing time of GrabImageRGBD(): 15.6019ms
Frame 997 end
Average processing time of GrabImageRGBD(): 15.5975ms
Frame 998 end
Average processing time of GrabImageRGBD(): 15.5953ms
Frame 999 end
Average processing time of GrabImageRGBD(): 15.5927ms
Frame 1000 end
Average processing time of GrabImageRGBD(): 15.5892ms
Frame 1001 end
Average processing time of GrabImageRGBD(): 15.5873ms
Frame 1002 end
Average processing time of GrabImageRGBD(): 15.5853ms
Frame 1003 end
Average processing time of GrabImageRGBD(): 15.5844ms
Frame 1004 end
Average processing time of GrabImageRGBD(): 15.5829ms
Frame 1005 end
Average processing time of GrabImageRGBD(): 15.5783ms
Frame 1006 end
Average processing time of GrabImageRGBD(): 15.5746ms
Frame 1007 end
Average processing time of GrabImageRGBD(): 15.572ms
Frame 1008 end
Average processing time of GrabImageRGBD(): 15.5916ms
Frame 1009 end
Average processing time of GrabImageRGBD(): 15.5924ms
Frame 1010 end
Average processing time of GrabImageRGBD(): 15.5912ms
Frame 1011 end
Average processing time of GrabImageRGBD(): 15.5875ms
Frame 1012 end
Average processing time of GrabImageRGBD(): 15.5897ms
Frame 1013 end
Average processing time of GrabImageRGBD(): 15.588ms
Frame 1014 end
Average processing time of GrabImageRGBD(): 15.5864ms
Frame 1015 end
Average processing time of GrabImageRGBD(): 15.5846ms
Frame 1016 end
Average processing time of GrabImageRGBD(): 15.5814ms
Frame 1017 end
Average processing time of GrabImageRGBD(): 15.5797ms
Frame 1018 end
Average processing time of GrabImageRGBD(): 15.5759ms
Frame 1019 end
Average processing time of GrabImageRGBD(): 15.5758ms
Frame 1020 end
Average processing time of GrabImageRGBD(): 15.573ms
Frame 1021 end
Average processing time of GrabImageRGBD(): 15.5681ms
Frame 1022 end
Average processing time of GrabImageRGBD(): 15.5651ms
Frame 1023 end
Average processing time of GrabImageRGBD(): 15.5626ms
Frame 1024 end
Average processing time of GrabImageRGBD(): 15.5825ms
Frame 1025 end
Average processing time of GrabImageRGBD(): 15.5813ms
Frame 1026 end
Average processing time of GrabImageRGBD(): 15.5787ms
Frame 1027 end
Average processing time of GrabImageRGBD(): 15.5764ms
Frame 1028 end
Average processing time of GrabImageRGBD(): 15.5749ms
Frame 1029 end
Average processing time of GrabImageRGBD(): 15.5701ms
Frame 1030 end
Average processing time of GrabImageRGBD(): 15.5692ms
Frame 1031 end
Average processing time of GrabImageRGBD(): 15.5682ms
Frame 1032 end
Average processing time of GrabImageRGBD(): 15.5667ms
Frame 1033 end
Average processing time of GrabImageRGBD(): 15.5633ms
Frame 1034 end
Average processing time of GrabImageRGBD(): 15.5593ms
Frame 1035 end
Average processing time of GrabImageRGBD(): 15.5531ms
Frame 1036 end
Average processing time of GrabImageRGBD(): 15.549ms
Frame 1037 end
Average processing time of GrabImageRGBD(): 15.5469ms
Frame 1038 end
Average processing time of GrabImageRGBD(): 15.5446ms
Frame 1039 end
Average processing time of GrabImageRGBD(): 15.5418ms
Frame 1040 end
Average processing time of GrabImageRGBD(): 15.5386ms
Frame 1041 end
Average processing time of GrabImageRGBD(): 15.5584ms
Frame 1042 end
Average processing time of GrabImageRGBD(): 15.5554ms
Frame 1043 end
Average processing time of GrabImageRGBD(): 15.5517ms
Frame 1044 end
Average processing time of GrabImageRGBD(): 15.5495ms
Frame 1045 end
Average processing time of GrabImageRGBD(): 15.5469ms
Frame 1046 end
Average processing time of GrabImageRGBD(): 15.5442ms
Frame 1047 end
Average processing time of GrabImageRGBD(): 15.5409ms
Frame 1048 end
Average processing time of GrabImageRGBD(): 15.5365ms
Frame 1049 end
Average processing time of GrabImageRGBD(): 15.5319ms
Frame 1050 end
Average processing time of GrabImageRGBD(): 15.5271ms
Frame 1051 end
Average processing time of GrabImageRGBD(): 15.523ms
Frame 1052 end
Average processing time of GrabImageRGBD(): 15.5201ms
Frame 1053 end
Average processing time of GrabImageRGBD(): 15.5171ms
Frame 1054 end
Average processing time of GrabImageRGBD(): 15.5136ms
Frame 1055 end
Average processing time of GrabImageRGBD(): 15.5106ms
Frame 1056 end
Average processing time of GrabImageRGBD(): 15.5067ms
Frame 1057 end
Average processing time of GrabImageRGBD(): 15.5244ms
Frame 1058 end
Average processing time of GrabImageRGBD(): 15.5201ms
Frame 1059 end
Average processing time of GrabImageRGBD(): 15.515ms
Frame 1060 end
Average processing time of GrabImageRGBD(): 15.5102ms
Frame 1061 end
Average processing time of GrabImageRGBD(): 15.5068ms
Frame 1062 end
Average processing time of GrabImageRGBD(): 15.5044ms
Frame 1063 end
Average processing time of GrabImageRGBD(): 15.5001ms
Frame 1064 end
Average processing time of GrabImageRGBD(): 15.4941ms
Frame 1065 end
Average processing time of GrabImageRGBD(): 15.4897ms
Frame 1066 end
Average processing time of GrabImageRGBD(): 15.4959ms
Frame 1067 end
Average processing time of GrabImageRGBD(): 15.4934ms
Frame 1068 end
Average processing time of GrabImageRGBD(): 15.4888ms
Frame 1069 end
Average processing time of GrabImageRGBD(): 15.4851ms
Frame 1070 end
Average processing time of GrabImageRGBD(): 15.4798ms
Frame 1071 end
Average processing time of GrabImageRGBD(): 15.476ms
Frame 1072 end
Average processing time of GrabImageRGBD(): 15.4933ms
Frame 1073 end
Shutdown
-------

median tracking time: 0.0129131
mean tracking time: 0.0162233

Saving camera trajectory to CameraTrajectory.txt ...

Saving keyframe trajectory to KeyFrameTrajectory.txt ...
