
ORB-SLAM3 Copyright (C) 2017-2020 Carlos Campos, Richard Elvira, Juan J. Gómez, José M.M. Montiel and Juan D. Tardós, University of Zaragoza.
ORB-SLAM2 Copyright (C) 2014-2016 Raúl Mur-Artal, José M.M. Montiel and Juan D. Tardós, University of Zaragoza.
This program comes with ABSOLUTELY NO WARRANTY;
This is free software, and you are welcome to redistribute it
under certain conditions. See LICENSE.txt.

Input sensor was set to: RGB-D
Loading settings from /home/bingxin/Downloads/NGD-SLAM/Examples/RGB-D/Bonn.yaml
Camera1.k3 optional parameter does not exist...
	-Loaded camera 1
Camera.newHeight optional parameter does not exist...
Camera.newWidth optional parameter does not exist...
	-Loaded image info
	-Loaded RGB-D calibration
	-Loaded ORB settings
Viewer.imageViewScale optional parameter does not exist...
	-Loaded viewer settings
System.LoadAtlasFromFile optional parameter does not exist...
System.SaveAtlasToFile optional parameter does not exist...
	-Loaded Atlas settings
System.thFarPoints optional parameter does not exist...
	-Loaded misc parameters
----------------------------------
SLAM settings: 
	-Camera 1 parameters (Pinhole): [ 542.823 542.577 315.594 237.756 ]
	-Camera 1 distortion parameters: [  0.039903 -0.099343 -0.00073 -0.000144 ]
	-Original image size: [ 640 , 480 ]
	-Current image size: [ 640 , 480 ]
	-Sequence FPS: 30
	-RGB-D depth map factor: 5000
	-Features per image: 1000
	-ORB scale factor: 1.2
	-ORB number of scales: 8
	-Initial FAST threshold: 20
	-Min FAST threshold: 7


Loading ORB Vocabulary. This could take a while...
Vocabulary loaded!

Initialization of Atlas from scratch 
Creation of new map with id: 0
Creation of new map with last KF id: 0
Seq. Name: 
There are 1 cameras in the atlas
Camera 0 is pinhole
Net use yolo-fastest

-------
Start processing sequence ...
Images in the sequence: 332

First KF:0; Map init KF:0
New Map created with 501 points
Average processing time of GrabImageRGBD(): 52.8729ms
Frame 0 end
Average processing time of GrabImageRGBD(): 41.4163ms
Frame 1 end
Average processing time of GrabImageRGBD(): 38.7965ms
Frame 2 end
Average processing time of GrabImageRGBD(): 31.9856ms
Frame 3 end
Average processing time of GrabImageRGBD(): 32.5878ms
Frame 4 end
Average processing time of GrabImageRGBD(): 29.4035ms
Frame 5 end
Average processing time of GrabImageRGBD(): 27.5421ms
Frame 6 end
Starting the Viewer
Average processing time of GrabImageRGBD(): 26.1148ms
Frame 7 end
Average processing time of GrabImageRGBD(): 24.8444ms
Frame 8 end
Average processing time of GrabImageRGBD(): 23.9537ms
Frame 9 end
Average processing time of GrabImageRGBD(): 24.4298ms
Frame 10 end
Average processing time of GrabImageRGBD(): 23.7787ms
Frame 11 end
Average processing time of GrabImageRGBD(): 23.1109ms
Frame 12 end
Average processing time of GrabImageRGBD(): 22.363ms
Frame 13 end
Average processing time of GrabImageRGBD(): 21.7425ms
Frame 14 end
Average processing time of GrabImageRGBD(): 21.3842ms
Frame 15 end
Average processing time of GrabImageRGBD(): 20.8565ms
Frame 16 end
Average processing time of GrabImageRGBD(): 20.6052ms
Frame 17 end
Average processing time of GrabImageRGBD(): 20.2301ms
Frame 18 end
Average processing time of GrabImageRGBD(): 20.1677ms
Frame 19 end
Average processing time of GrabImageRGBD(): 19.8581ms
Frame 20 end
Average processing time of GrabImageRGBD(): 19.7364ms
Frame 21 end
Average processing time of GrabImageRGBD(): 19.43ms
Frame 22 end
Average processing time of GrabImageRGBD(): 19.2358ms
Frame 23 end
Average processing time of GrabImageRGBD(): 19.7339ms
Frame 24 end
Average processing time of GrabImageRGBD(): 19.563ms
Frame 25 end
Average processing time of GrabImageRGBD(): 19.4277ms
Frame 26 end
Average processing time of GrabImageRGBD(): 19.2325ms
Frame 27 end
Average processing time of GrabImageRGBD(): 19.7188ms
Frame 28 end
Average processing time of GrabImageRGBD(): 20.0744ms
Frame 29 end
Average processing time of GrabImageRGBD(): 20.4149ms
Frame 30 end
Average processing time of GrabImageRGBD(): 20.2907ms
Frame 31 end
Average processing time of GrabImageRGBD(): 20.6859ms
Frame 32 end
Average processing time of GrabImageRGBD(): 20.5214ms
Frame 33 end
Average processing time of GrabImageRGBD(): 20.4775ms
Frame 34 end
Average processing time of GrabImageRGBD(): 20.8249ms
Frame 35 end
Average processing time of GrabImageRGBD(): 20.7435ms
Frame 36 end
Average processing time of GrabImageRGBD(): 21.0696ms
Frame 37 end
Average processing time of GrabImageRGBD(): 21.3309ms
Frame 38 end
Average processing time of GrabImageRGBD(): 21.596ms
Frame 39 end
Average processing time of GrabImageRGBD(): 21.4192ms
Frame 40 end
Average processing time of GrabImageRGBD(): 21.2998ms
Frame 41 end
Average processing time of GrabImageRGBD(): 21.5752ms
Frame 42 end
Average processing time of GrabImageRGBD(): 21.9719ms
Frame 43 end
Average processing time of GrabImageRGBD(): 21.8665ms
Frame 44 end
Average processing time of GrabImageRGBD(): 21.7047ms
Frame 45 end
Average processing time of GrabImageRGBD(): 21.9081ms
Frame 46 end
Average processing time of GrabImageRGBD(): 21.7471ms
Frame 47 end
Average processing time of GrabImageRGBD(): 21.6384ms
Frame 48 end
Average processing time of GrabImageRGBD(): 21.4501ms
Frame 49 end
Average processing time of GrabImageRGBD(): 21.6072ms
Frame 50 end
Average processing time of GrabImageRGBD(): 21.4522ms
Frame 51 end
Average processing time of GrabImageRGBD(): 21.3144ms
Frame 52 end
Average processing time of GrabImageRGBD(): 21.6869ms
Frame 53 end
Average processing time of GrabImageRGBD(): 21.5141ms
Frame 54 end
Average processing time of GrabImageRGBD(): 21.4097ms
Frame 55 end
Average processing time of GrabImageRGBD(): 21.6053ms
Frame 56 end
Average processing time of GrabImageRGBD(): 21.4612ms
Frame 57 end
Average processing time of GrabImageRGBD(): 21.376ms
Frame 58 end
Average processing time of GrabImageRGBD(): 21.2824ms
Frame 59 end
Average processing time of GrabImageRGBD(): 21.1938ms
Frame 60 end
Average processing time of GrabImageRGBD(): 21.0832ms
Frame 61 end
Average processing time of GrabImageRGBD(): 20.9956ms
Frame 62 end
Average processing time of GrabImageRGBD(): 21.1505ms
Frame 63 end
Average processing time of GrabImageRGBD(): 21.3597ms
Frame 64 end
Average processing time of GrabImageRGBD(): 21.2385ms
Frame 65 end
Average processing time of GrabImageRGBD(): 21.3829ms
Frame 66 end
Average processing time of GrabImageRGBD(): 21.3239ms
Frame 67 end
Average processing time of GrabImageRGBD(): 21.4975ms
Frame 68 end
Average processing time of GrabImageRGBD(): 21.4083ms
Frame 69 end
Average processing time of GrabImageRGBD(): 21.3012ms
Frame 70 end
Average processing time of GrabImageRGBD(): 21.2126ms
Frame 71 end
Average processing time of GrabImageRGBD(): 21.0683ms
Frame 72 end
Average processing time of GrabImageRGBD(): 21.0312ms
Frame 73 end
Average processing time of GrabImageRGBD(): 21.2224ms
Frame 74 end
Average processing time of GrabImageRGBD(): 21.136ms
Frame 75 end
Average processing time of GrabImageRGBD(): 21.3039ms
Frame 76 end
Average processing time of GrabImageRGBD(): 21.206ms
Frame 77 end
Average processing time of GrabImageRGBD(): 21.3692ms
Frame 78 end
Average processing time of GrabImageRGBD(): 21.2496ms
Frame 79 end
Average processing time of GrabImageRGBD(): 21.1849ms
Frame 80 end
Average processing time of GrabImageRGBD(): 21.1091ms
Frame 81 end
Average processing time of GrabImageRGBD(): 21.248ms
Frame 82 end
Average processing time of GrabImageRGBD(): 21.1653ms
Frame 83 end
Average processing time of GrabImageRGBD(): 21.0693ms
Frame 84 end
Average processing time of GrabImageRGBD(): 20.997ms
Frame 85 end
Average processing time of GrabImageRGBD(): 20.868ms
Frame 86 end
Average processing time of GrabImageRGBD(): 20.8023ms
Frame 87 end
Average processing time of GrabImageRGBD(): 20.7119ms
Frame 88 end
Average processing time of GrabImageRGBD(): 20.6267ms
Frame 89 end
Average processing time of GrabImageRGBD(): 20.5975ms
Frame 90 end
Average processing time of GrabImageRGBD(): 20.4838ms
Frame 91 end
Average processing time of GrabImageRGBD(): 20.4232ms
Frame 92 end
Average processing time of GrabImageRGBD(): 20.2963ms
Frame 93 end
Average processing time of GrabImageRGBD(): 20.2139ms
Frame 94 end
Average processing time of GrabImageRGBD(): 20.1209ms
Frame 95 end
Average processing time of GrabImageRGBD(): 20.0499ms
Frame 96 end
Average processing time of GrabImageRGBD(): 20.0048ms
Frame 97 end
Average processing time of GrabImageRGBD(): 19.9264ms
Frame 98 end
Average processing time of GrabImageRGBD(): 19.8743ms
Frame 99 end
Average processing time of GrabImageRGBD(): 19.7964ms
Frame 100 end
Average processing time of GrabImageRGBD(): 19.7251ms
Frame 101 end
Average processing time of GrabImageRGBD(): 19.658ms
Frame 102 end
Average processing time of GrabImageRGBD(): 19.6071ms
Frame 103 end
Average processing time of GrabImageRGBD(): 19.5222ms
Frame 104 end
Average processing time of GrabImageRGBD(): 19.4678ms
Frame 105 end
Average processing time of GrabImageRGBD(): 19.4108ms
Frame 106 end
Average processing time of GrabImageRGBD(): 19.3335ms
Frame 107 end
Average processing time of GrabImageRGBD(): 19.2626ms
Frame 108 end
Average processing time of GrabImageRGBD(): 19.1868ms
Frame 109 end
Average processing time of GrabImageRGBD(): 19.1112ms
Frame 110 end
Average processing time of GrabImageRGBD(): 19.0526ms
Frame 111 end
Average processing time of GrabImageRGBD(): 18.976ms
Frame 112 end
Average processing time of GrabImageRGBD(): 18.917ms
Frame 113 end
Average processing time of GrabImageRGBD(): 18.8646ms
Frame 114 end
Average processing time of GrabImageRGBD(): 18.7884ms
Frame 115 end
Average processing time of GrabImageRGBD(): 18.7222ms
Frame 116 end
Average processing time of GrabImageRGBD(): 18.6422ms
Frame 117 end
Average processing time of GrabImageRGBD(): 18.587ms
Frame 118 end
Average processing time of GrabImageRGBD(): 18.5042ms
Frame 119 end
Average processing time of GrabImageRGBD(): 18.4346ms
Frame 120 end
Average processing time of GrabImageRGBD(): 18.3748ms
Frame 121 end
Average processing time of GrabImageRGBD(): 18.3205ms
Frame 122 end
Average processing time of GrabImageRGBD(): 18.2575ms
Frame 123 end
Average processing time of GrabImageRGBD(): 18.1936ms
Frame 124 end
Average processing time of GrabImageRGBD(): 18.1351ms
Frame 125 end
Average processing time of GrabImageRGBD(): 18.0768ms
Frame 126 end
Average processing time of GrabImageRGBD(): 18.0025ms
Frame 127 end
Average processing time of GrabImageRGBD(): 17.9303ms
Frame 128 end
Average processing time of GrabImageRGBD(): 17.8846ms
Frame 129 end
Average processing time of GrabImageRGBD(): 17.8402ms
Frame 130 end
Average processing time of GrabImageRGBD(): 17.7829ms
Frame 131 end
Average processing time of GrabImageRGBD(): 17.7457ms
Frame 132 end
Average processing time of GrabImageRGBD(): 17.6992ms
Frame 133 end
Average processing time of GrabImageRGBD(): 17.6418ms
Frame 134 end
Average processing time of GrabImageRGBD(): 17.613ms
Frame 135 end
Average processing time of GrabImageRGBD(): 17.5648ms
Frame 136 end
Average processing time of GrabImageRGBD(): 17.5255ms
Frame 137 end
Average processing time of GrabImageRGBD(): 17.4848ms
Frame 138 end
Average processing time of GrabImageRGBD(): 17.447ms
Frame 139 end
Average processing time of GrabImageRGBD(): 17.4177ms
Frame 140 end
Average processing time of GrabImageRGBD(): 17.3849ms
Frame 141 end
Average processing time of GrabImageRGBD(): 17.3446ms
Frame 142 end
Average processing time of GrabImageRGBD(): 17.3137ms
Frame 143 end
Average processing time of GrabImageRGBD(): 17.2871ms
Frame 144 end
Average processing time of GrabImageRGBD(): 17.2551ms
Frame 145 end
Average processing time of GrabImageRGBD(): 17.2269ms
Frame 146 end
Average processing time of GrabImageRGBD(): 17.2003ms
Frame 147 end
Average processing time of GrabImageRGBD(): 17.187ms
Frame 148 end
Average processing time of GrabImageRGBD(): 17.1638ms
Frame 149 end
Average processing time of GrabImageRGBD(): 17.1416ms
Frame 150 end
Average processing time of GrabImageRGBD(): 17.1289ms
Frame 151 end
Average processing time of GrabImageRGBD(): 17.1012ms
Frame 152 end
Average processing time of GrabImageRGBD(): 17.0876ms
Frame 153 end
Average processing time of GrabImageRGBD(): 17.0583ms
Frame 154 end
Average processing time of GrabImageRGBD(): 17.0151ms
Frame 155 end
Average processing time of GrabImageRGBD(): 16.9926ms
Frame 156 end
Average processing time of GrabImageRGBD(): 16.9811ms
Frame 157 end
Average processing time of GrabImageRGBD(): 16.9519ms
Frame 158 end
Average processing time of GrabImageRGBD(): 16.9304ms
Frame 159 end
Average processing time of GrabImageRGBD(): 16.9015ms
Frame 160 end
Average processing time of GrabImageRGBD(): 16.8905ms
Frame 161 end
Average processing time of GrabImageRGBD(): 16.8625ms
Frame 162 end
Average processing time of GrabImageRGBD(): 16.8544ms
Frame 163 end
Average processing time of GrabImageRGBD(): 16.8134ms
Frame 164 end
Average processing time of GrabImageRGBD(): 16.8072ms
Frame 165 end
Average processing time of GrabImageRGBD(): 16.7835ms
Frame 166 end
Average processing time of GrabImageRGBD(): 16.7778ms
Frame 167 end
Average processing time of GrabImageRGBD(): 16.7573ms
Frame 168 end
Average processing time of GrabImageRGBD(): 16.7239ms
Frame 169 end
Average processing time of GrabImageRGBD(): 16.6946ms
Frame 170 end
Average processing time of GrabImageRGBD(): 16.6626ms
Frame 171 end
Average processing time of GrabImageRGBD(): 16.6573ms
Frame 172 end
Average processing time of GrabImageRGBD(): 16.6397ms
Frame 173 end
Average processing time of GrabImageRGBD(): 16.7418ms
Frame 174 end
Average processing time of GrabImageRGBD(): 16.7415ms
Frame 175 end
Average processing time of GrabImageRGBD(): 16.729ms
Frame 176 end
Average processing time of GrabImageRGBD(): 16.7127ms
Frame 177 end
Average processing time of GrabImageRGBD(): 16.7103ms
Frame 178 end
Average processing time of GrabImageRGBD(): 16.7056ms
Frame 179 end
Average processing time of GrabImageRGBD(): 16.6926ms
Frame 180 end
Average processing time of GrabImageRGBD(): 16.6873ms
Frame 181 end
Average processing time of GrabImageRGBD(): 16.6733ms
Frame 182 end
Average processing time of GrabImageRGBD(): 16.7736ms
Frame 183 end
Average processing time of GrabImageRGBD(): 16.7604ms
Frame 184 end
Average processing time of GrabImageRGBD(): 16.7529ms
Frame 185 end
Average processing time of GrabImageRGBD(): 16.7642ms
Frame 186 end
Average processing time of GrabImageRGBD(): 16.8489ms
Frame 187 end
Average processing time of GrabImageRGBD(): 16.8344ms
Frame 188 end
Average processing time of GrabImageRGBD(): 16.8175ms
Frame 189 end
Average processing time of GrabImageRGBD(): 16.8156ms
Frame 190 end
Average processing time of GrabImageRGBD(): 16.809ms
Frame 191 end
Average processing time of GrabImageRGBD(): 16.8091ms
Frame 192 end
Average processing time of GrabImageRGBD(): 16.7947ms
Frame 193 end
Average processing time of GrabImageRGBD(): 16.8815ms
Frame 194 end
Average processing time of GrabImageRGBD(): 16.8612ms
Frame 195 end
Average processing time of GrabImageRGBD(): 16.8408ms
Frame 196 end
Average processing time of GrabImageRGBD(): 16.8253ms
Frame 197 end
Average processing time of GrabImageRGBD(): 16.8136ms
Frame 198 end
Average processing time of GrabImageRGBD(): 16.8056ms
Frame 199 end
Average processing time of GrabImageRGBD(): 16.7952ms
Frame 200 end
Average processing time of GrabImageRGBD(): 16.7798ms
Frame 201 end
Average processing time of GrabImageRGBD(): 16.7601ms
Frame 202 end
Average processing time of GrabImageRGBD(): 16.7422ms
Frame 203 end
Average processing time of GrabImageRGBD(): 16.7602ms
Frame 204 end
Average processing time of GrabImageRGBD(): 16.7499ms
Frame 205 end
Average processing time of GrabImageRGBD(): 16.7374ms
Frame 206 end
Average processing time of GrabImageRGBD(): 16.7384ms
Frame 207 end
Average processing time of GrabImageRGBD(): 16.8029ms
Frame 208 end
Average processing time of GrabImageRGBD(): 16.8219ms
Frame 209 end
Average processing time of GrabImageRGBD(): 16.8168ms
Frame 210 end
Average processing time of GrabImageRGBD(): 16.8809ms
Frame 211 end
Average processing time of GrabImageRGBD(): 16.8757ms
Frame 212 end
Average processing time of GrabImageRGBD(): 16.861ms
Frame 213 end
Average processing time of GrabImageRGBD(): 16.9361ms
Frame 214 end
Average processing time of GrabImageRGBD(): 16.9449ms
Frame 215 end
Average processing time of GrabImageRGBD(): 16.9512ms
Frame 216 end
Average processing time of GrabImageRGBD(): 16.9314ms
Frame 217 end
Average processing time of GrabImageRGBD(): 17.0112ms
Frame 218 end
Average processing time of GrabImageRGBD(): 17.0124ms
Frame 219 end
Average processing time of GrabImageRGBD(): 17.0115ms
Frame 220 end
Average processing time of GrabImageRGBD(): 17.0831ms
Frame 221 end
Average processing time of GrabImageRGBD(): 17.0909ms
Frame 222 end
Average processing time of GrabImageRGBD(): 17.0932ms
Frame 223 end
Average processing time of GrabImageRGBD(): 17.1615ms
Frame 224 end
Average processing time of GrabImageRGBD(): 17.1642ms
Frame 225 end
Average processing time of GrabImageRGBD(): 17.1439ms
Frame 226 end
Average processing time of GrabImageRGBD(): 17.1526ms
Frame 227 end
Average processing time of GrabImageRGBD(): 17.2656ms
Frame 228 end
Average processing time of GrabImageRGBD(): 17.2751ms
Frame 229 end
Average processing time of GrabImageRGBD(): 17.2774ms
Frame 230 end
Average processing time of GrabImageRGBD(): 17.2666ms
Frame 231 end
Average processing time of GrabImageRGBD(): 17.2519ms
Frame 232 end
Average processing time of GrabImageRGBD(): 17.2424ms
Frame 233 end
Average processing time of GrabImageRGBD(): 17.23ms
Frame 234 end
Average processing time of GrabImageRGBD(): 17.2237ms
Frame 235 end
Average processing time of GrabImageRGBD(): 17.2291ms
Frame 236 end
Average processing time of GrabImageRGBD(): 17.2196ms
Frame 237 end
Average processing time of GrabImageRGBD(): 17.2059ms
Frame 238 end
Average processing time of GrabImageRGBD(): 17.1898ms
Frame 239 end
Average processing time of GrabImageRGBD(): 17.1842ms
Frame 240 end
Average processing time of GrabImageRGBD(): 17.1703ms
Frame 241 end
Average processing time of GrabImageRGBD(): 17.1551ms
Frame 242 end
Average processing time of GrabImageRGBD(): 17.1561ms
Frame 243 end
Average processing time of GrabImageRGBD(): 17.1347ms
Frame 244 end
Average processing time of GrabImageRGBD(): 17.1303ms
Frame 245 end
Average processing time of GrabImageRGBD(): 17.1285ms
Frame 246 end
Average processing time of GrabImageRGBD(): 17.1237ms
Frame 247 end
Average processing time of GrabImageRGBD(): 17.1224ms
Frame 248 end
Average processing time of GrabImageRGBD(): 17.1143ms
Frame 249 end
Average processing time of GrabImageRGBD(): 17.1129ms
Frame 250 end
Average processing time of GrabImageRGBD(): 17.1702ms
Frame 251 end
Average processing time of GrabImageRGBD(): 17.1687ms
Frame 252 end
Average processing time of GrabImageRGBD(): 17.1614ms
Frame 253 end
Average processing time of GrabImageRGBD(): 17.1482ms
Frame 254 end
Average processing time of GrabImageRGBD(): 17.1381ms
Frame 255 end
Average processing time of GrabImageRGBD(): 17.2012ms
Frame 256 end
Average processing time of GrabImageRGBD(): 17.1918ms
Frame 257 end
Average processing time of GrabImageRGBD(): 17.1932ms
Frame 258 end
Average processing time of GrabImageRGBD(): 17.1723ms
Frame 259 end
Average processing time of GrabImageRGBD(): 17.1647ms
Frame 260 end
Average processing time of GrabImageRGBD(): 17.1457ms
Frame 261 end
Average processing time of GrabImageRGBD(): 17.132ms
Frame 262 end
Average processing time of GrabImageRGBD(): 17.1134ms
Frame 263 end
Average processing time of GrabImageRGBD(): 17.0876ms
Frame 264 end
Average processing time of GrabImageRGBD(): 17.0725ms
Frame 265 end
Average processing time of GrabImageRGBD(): 17.0552ms
Frame 266 end
Average processing time of GrabImageRGBD(): 17.0289ms
Frame 267 end
Average processing time of GrabImageRGBD(): 17.0092ms
Frame 268 end
Average processing time of GrabImageRGBD(): 16.9916ms
Frame 269 end
Average processing time of GrabImageRGBD(): 16.9741ms
Frame 270 end
Average processing time of GrabImageRGBD(): 16.9468ms
Frame 271 end
Average processing time of GrabImageRGBD(): 16.9261ms
Frame 272 end
Average processing time of GrabImageRGBD(): 16.924ms
Frame 273 end
Average processing time of GrabImageRGBD(): 16.9104ms
Frame 274 end
Average processing time of GrabImageRGBD(): 16.8894ms
Frame 275 end
Average processing time of GrabImageRGBD(): 16.8704ms
Frame 276 end
Average processing time of GrabImageRGBD(): 16.8446ms
Frame 277 end
Average processing time of GrabImageRGBD(): 16.8361ms
Frame 278 end
Average processing time of GrabImageRGBD(): 16.8915ms
Frame 279 end
Average processing time of GrabImageRGBD(): 16.8712ms
Frame 280 end
Average processing time of GrabImageRGBD(): 16.8564ms
Frame 281 end
Average processing time of GrabImageRGBD(): 16.8462ms
Frame 282 end
Average processing time of GrabImageRGBD(): 16.829ms
Frame 283 end
Average processing time of GrabImageRGBD(): 16.8157ms
Frame 284 end
Average processing time of GrabImageRGBD(): 16.8033ms
Frame 285 end
Average processing time of GrabImageRGBD(): 16.7961ms
Frame 286 end
Average processing time of GrabImageRGBD(): 16.7764ms
Frame 287 end
Average processing time of GrabImageRGBD(): 16.7791ms
Frame 288 end
Average processing time of GrabImageRGBD(): 16.7656ms
Frame 289 end
Average processing time of GrabImageRGBD(): 16.748ms
Frame 290 end
Average processing time of GrabImageRGBD(): 16.7313ms
Frame 291 end
Average processing time of GrabImageRGBD(): 16.7047ms
Frame 292 end
Average processing time of GrabImageRGBD(): 16.694ms
Frame 293 end
Average processing time of GrabImageRGBD(): 16.6825ms
Frame 294 end
Average processing time of GrabImageRGBD(): 16.6651ms
Frame 295 end
Average processing time of GrabImageRGBD(): 16.646ms
Frame 296 end
Average processing time of GrabImageRGBD(): 16.6351ms
Frame 297 end
Average processing time of GrabImageRGBD(): 16.6193ms
Frame 298 end
Average processing time of GrabImageRGBD(): 16.6006ms
Frame 299 end
Average processing time of GrabImageRGBD(): 16.5884ms
Frame 300 end
Average processing time of GrabImageRGBD(): 16.5723ms
Frame 301 end
Average processing time of GrabImageRGBD(): 16.5411ms
Frame 302 end
Average processing time of GrabImageRGBD(): 16.5166ms
Frame 303 end
Average processing time of GrabImageRGBD(): 16.4951ms
Frame 304 end
Average processing time of GrabImageRGBD(): 16.4783ms
Frame 305 end
Average processing time of GrabImageRGBD(): 16.4639ms
Frame 306 end
Average processing time of GrabImageRGBD(): 16.4481ms
Frame 307 end
Average processing time of GrabImageRGBD(): 16.4186ms
Frame 308 end
Average processing time of GrabImageRGBD(): 16.4049ms
Frame 309 end
Average processing time of GrabImageRGBD(): 16.3848ms
Frame 310 end
Average processing time of GrabImageRGBD(): 16.3646ms
Frame 311 end
Average processing time of GrabImageRGBD(): 16.3416ms
Frame 312 end
Average processing time of GrabImageRGBD(): 16.3178ms
Frame 313 end
Average processing time of GrabImageRGBD(): 16.2996ms
Frame 314 end
Average processing time of GrabImageRGBD(): 16.2912ms
Frame 315 end
Average processing time of GrabImageRGBD(): 16.2756ms
Frame 316 end
Average processing time of GrabImageRGBD(): 16.2558ms
Frame 317 end
Average processing time of GrabImageRGBD(): 16.2416ms
Frame 318 end
Average processing time of GrabImageRGBD(): 16.2264ms
Frame 319 end
Average processing time of GrabImageRGBD(): 16.2117ms
Frame 320 end
Average processing time of GrabImageRGBD(): 16.1875ms
Frame 321 end
Average processing time of GrabImageRGBD(): 16.1678ms
Frame 322 end
Average processing time of GrabImageRGBD(): 16.1466ms
Frame 323 end
Average processing time of GrabImageRGBD(): 16.1329ms
Frame 324 end
Average processing time of GrabImageRGBD(): 16.1179ms
Frame 325 end
Average processing time of GrabImageRGBD(): 16.1004ms
Frame 326 end
Average processing time of GrabImageRGBD(): 16.0896ms
Frame 327 end
Average processing time of GrabImageRGBD(): 16.069ms
Frame 328 end
Average processing time of GrabImageRGBD(): 16.1126ms
Frame 329 end
Average processing time of GrabImageRGBD(): 16.1046ms
Frame 330 end
Average processing time of GrabImageRGBD(): 16.0969ms
Frame 331 end
Shutdown
-------

median tracking time: 0.0146521
mean tracking time: 0.0168749

Saving camera trajectory to CameraTrajectory.txt ...

Saving keyframe trajectory to KeyFrameTrajectory.txt ...
