
ORB-SLAM3 Copyright (C) 2017-2020 Carlos Campos, Richard Elvira, Juan J. Gómez, José M.M. Montiel and Juan D. Tardós, University of Zaragoza.
ORB-SLAM2 Copyright (C) 2014-2016 Raúl Mur-Artal, José M.M. Montiel and Juan D. Tardós, University of Zaragoza.
This program comes with ABSOLUTELY NO WARRANTY;
This is free software, and you are welcome to redistribute it
under certain conditions. See LICENSE.txt.

Input sensor was set to: RGB-D
Loading settings from /home/bingxin/Downloads/NGD-SLAM/Examples/RGB-D/Bonn.yaml
Camera1.k3 optional parameter does not exist...
	-Loaded camera 1
Camera.newHeight optional parameter does not exist...
Camera.newWidth optional parameter does not exist...
	-Loaded image info
	-Loaded RGB-D calibration
	-Loaded ORB settings
Viewer.imageViewScale optional parameter does not exist...
	-Loaded viewer settings
System.LoadAtlasFromFile optional parameter does not exist...
System.SaveAtlasToFile optional parameter does not exist...
	-Loaded Atlas settings
System.thFarPoints optional parameter does not exist...
	-Loaded misc parameters
----------------------------------
SLAM settings: 
	-Camera 1 parameters (Pinhole): [ 542.823 542.577 315.594 237.756 ]
	-Camera 1 distortion parameters: [  0.039903 -0.099343 -0.00073 -0.000144 ]
	-Original image size: [ 640 , 480 ]
	-Current image size: [ 640 , 480 ]
	-Sequence FPS: 30
	-RGB-D depth map factor: 5000
	-Features per image: 1000
	-ORB scale factor: 1.2
	-ORB number of scales: 8
	-Initial FAST threshold: 20
	-Min FAST threshold: 7


Loading ORB Vocabulary. This could take a while...
Vocabulary loaded!

Initialization of Atlas from scratch 
Creation of new map with id: 0
Creation of new map with last KF id: 0
Seq. Name: 
There are 1 cameras in the atlas
Camera 0 is pinhole
Net use yolo-fastest

-------
Start processing sequence ...
Images in the sequence: 332

First KF:0; Map init KF:0
New Map created with 501 points
Average processing time of GrabImageRGBD(): 49.9613ms
Frame 0 end
Average processing time of GrabImageRGBD(): 43.0433ms
Frame 1 end
Average processing time of GrabImageRGBD(): 40.196ms
Frame 2 end
Average processing time of GrabImageRGBD(): 34.0412ms
Frame 3 end
Average processing time of GrabImageRGBD(): 33.7185ms
Frame 4 end
Average processing time of GrabImageRGBD(): 30.6396ms
Frame 5 end
Starting the Viewer
Average processing time of GrabImageRGBD(): 28.2251ms
Frame 6 end
Average processing time of GrabImageRGBD(): 26.9027ms
Frame 7 end
Average processing time of GrabImageRGBD(): 25.5051ms
Frame 8 end
Average processing time of GrabImageRGBD(): 24.6123ms
Frame 9 end
Average processing time of GrabImageRGBD(): 25.1779ms
Frame 10 end
Average processing time of GrabImageRGBD(): 24.4592ms
Frame 11 end
Average processing time of GrabImageRGBD(): 23.6849ms
Frame 12 end
Average processing time of GrabImageRGBD(): 22.9805ms
Frame 13 end
Average processing time of GrabImageRGBD(): 22.5066ms
Frame 14 end
Average processing time of GrabImageRGBD(): 22.1964ms
Frame 15 end
Average processing time of GrabImageRGBD(): 21.75ms
Frame 16 end
Average processing time of GrabImageRGBD(): 21.4643ms
Frame 17 end
Average processing time of GrabImageRGBD(): 21.0387ms
Frame 18 end
Average processing time of GrabImageRGBD(): 20.8043ms
Frame 19 end
Average processing time of GrabImageRGBD(): 20.4714ms
Frame 20 end
Average processing time of GrabImageRGBD(): 20.2573ms
Frame 21 end
Average processing time of GrabImageRGBD(): 19.9616ms
Frame 22 end
Average processing time of GrabImageRGBD(): 19.7328ms
Frame 23 end
Average processing time of GrabImageRGBD(): 20.2039ms
Frame 24 end
Average processing time of GrabImageRGBD(): 19.9416ms
Frame 25 end
Average processing time of GrabImageRGBD(): 19.7023ms
Frame 26 end
Average processing time of GrabImageRGBD(): 20.0775ms
Frame 27 end
Average processing time of GrabImageRGBD(): 20.4528ms
Frame 28 end
Average processing time of GrabImageRGBD(): 20.7787ms
Frame 29 end
Average processing time of GrabImageRGBD(): 21.4627ms
Frame 30 end
Average processing time of GrabImageRGBD(): 21.2574ms
Frame 31 end
Average processing time of GrabImageRGBD(): 21.5421ms
Frame 32 end
Average processing time of GrabImageRGBD(): 21.3533ms
Frame 33 end
Average processing time of GrabImageRGBD(): 21.2649ms
Frame 34 end
Average processing time of GrabImageRGBD(): 21.5103ms
Frame 35 end
Average processing time of GrabImageRGBD(): 21.4766ms
Frame 36 end
Average processing time of GrabImageRGBD(): 21.7729ms
Frame 37 end
Average processing time of GrabImageRGBD(): 21.6751ms
Frame 38 end
Average processing time of GrabImageRGBD(): 21.8951ms
Frame 39 end
Average processing time of GrabImageRGBD(): 21.7949ms
Frame 40 end
Average processing time of GrabImageRGBD(): 21.6302ms
Frame 41 end
Average processing time of GrabImageRGBD(): 21.888ms
Frame 42 end
Average processing time of GrabImageRGBD(): 22.1104ms
Frame 43 end
Average processing time of GrabImageRGBD(): 22.3157ms
Frame 44 end
Average processing time of GrabImageRGBD(): 22.1513ms
Frame 45 end
Average processing time of GrabImageRGBD(): 22.033ms
Frame 46 end
Average processing time of GrabImageRGBD(): 21.8319ms
Frame 47 end
Average processing time of GrabImageRGBD(): 21.6787ms
Frame 48 end
Average processing time of GrabImageRGBD(): 21.8448ms
Frame 49 end
Average processing time of GrabImageRGBD(): 21.6505ms
Frame 50 end
Average processing time of GrabImageRGBD(): 21.4428ms
Frame 51 end
Average processing time of GrabImageRGBD(): 21.3611ms
Frame 52 end
Average processing time of GrabImageRGBD(): 21.2562ms
Frame 53 end
Average processing time of GrabImageRGBD(): 21.0983ms
Frame 54 end
Average processing time of GrabImageRGBD(): 21.0026ms
Frame 55 end
Average processing time of GrabImageRGBD(): 20.8747ms
Frame 56 end
Average processing time of GrabImageRGBD(): 20.7489ms
Frame 57 end
Average processing time of GrabImageRGBD(): 20.6662ms
Frame 58 end
Average processing time of GrabImageRGBD(): 20.5983ms
Frame 59 end
Average processing time of GrabImageRGBD(): 20.7308ms
Frame 60 end
Average processing time of GrabImageRGBD(): 20.6465ms
Frame 61 end
Average processing time of GrabImageRGBD(): 20.7743ms
Frame 62 end
Average processing time of GrabImageRGBD(): 20.7024ms
Frame 63 end
Average processing time of GrabImageRGBD(): 20.5571ms
Frame 64 end
Average processing time of GrabImageRGBD(): 20.4808ms
Frame 65 end
Average processing time of GrabImageRGBD(): 20.7041ms
Frame 66 end
Average processing time of GrabImageRGBD(): 20.6071ms
Frame 67 end
Average processing time of GrabImageRGBD(): 20.7989ms
Frame 68 end
Average processing time of GrabImageRGBD(): 20.6899ms
Frame 69 end
Average processing time of GrabImageRGBD(): 20.5584ms
Frame 70 end
Average processing time of GrabImageRGBD(): 20.4868ms
Frame 71 end
Average processing time of GrabImageRGBD(): 20.3924ms
Frame 72 end
Average processing time of GrabImageRGBD(): 20.2846ms
Frame 73 end
Average processing time of GrabImageRGBD(): 20.1434ms
Frame 74 end
Average processing time of GrabImageRGBD(): 20.3341ms
Frame 75 end
Average processing time of GrabImageRGBD(): 20.3056ms
Frame 76 end
Average processing time of GrabImageRGBD(): 20.4769ms
Frame 77 end
Average processing time of GrabImageRGBD(): 20.4237ms
Frame 78 end
Average processing time of GrabImageRGBD(): 20.3661ms
Frame 79 end
Average processing time of GrabImageRGBD(): 20.2728ms
Frame 80 end
Average processing time of GrabImageRGBD(): 20.2082ms
Frame 81 end
Average processing time of GrabImageRGBD(): 20.1529ms
Frame 82 end
Average processing time of GrabImageRGBD(): 20.0771ms
Frame 83 end
Average processing time of GrabImageRGBD(): 20.0004ms
Frame 84 end
Average processing time of GrabImageRGBD(): 19.9084ms
Frame 85 end
Average processing time of GrabImageRGBD(): 19.8588ms
Frame 86 end
Average processing time of GrabImageRGBD(): 19.7778ms
Frame 87 end
Average processing time of GrabImageRGBD(): 19.912ms
Frame 88 end
Average processing time of GrabImageRGBD(): 19.8688ms
Frame 89 end
Average processing time of GrabImageRGBD(): 19.8232ms
Frame 90 end
Average processing time of GrabImageRGBD(): 19.7507ms
Frame 91 end
Average processing time of GrabImageRGBD(): 19.6575ms
Frame 92 end
Average processing time of GrabImageRGBD(): 19.6158ms
Frame 93 end
Average processing time of GrabImageRGBD(): 19.5167ms
Frame 94 end
Average processing time of GrabImageRGBD(): 19.4463ms
Frame 95 end
Average processing time of GrabImageRGBD(): 19.3547ms
Frame 96 end
Average processing time of GrabImageRGBD(): 19.2925ms
Frame 97 end
Average processing time of GrabImageRGBD(): 19.2654ms
Frame 98 end
Average processing time of GrabImageRGBD(): 19.1838ms
Frame 99 end
Average processing time of GrabImageRGBD(): 19.1291ms
Frame 100 end
Average processing time of GrabImageRGBD(): 19.0666ms
Frame 101 end
Average processing time of GrabImageRGBD(): 19.024ms
Frame 102 end
Average processing time of GrabImageRGBD(): 18.9633ms
Frame 103 end
Average processing time of GrabImageRGBD(): 18.9149ms
Frame 104 end
Average processing time of GrabImageRGBD(): 18.8544ms
Frame 105 end
Average processing time of GrabImageRGBD(): 18.7695ms
Frame 106 end
Average processing time of GrabImageRGBD(): 18.7063ms
Frame 107 end
Average processing time of GrabImageRGBD(): 18.6457ms
Frame 108 end
Average processing time of GrabImageRGBD(): 18.5684ms
Frame 109 end
Average processing time of GrabImageRGBD(): 18.5023ms
Frame 110 end
Average processing time of GrabImageRGBD(): 18.4479ms
Frame 111 end
Average processing time of GrabImageRGBD(): 18.361ms
Frame 112 end
Average processing time of GrabImageRGBD(): 18.3027ms
Frame 113 end
Average processing time of GrabImageRGBD(): 18.2307ms
Frame 114 end
Average processing time of GrabImageRGBD(): 18.1695ms
Frame 115 end
Average processing time of GrabImageRGBD(): 18.1134ms
Frame 116 end
Average processing time of GrabImageRGBD(): 18.0373ms
Frame 117 end
Average processing time of GrabImageRGBD(): 17.9894ms
Frame 118 end
Average processing time of GrabImageRGBD(): 17.9052ms
Frame 119 end
Average processing time of GrabImageRGBD(): 17.8632ms
Frame 120 end
Average processing time of GrabImageRGBD(): 17.7564ms
Frame 121 end
Average processing time of GrabImageRGBD(): 17.7072ms
Frame 122 end
Average processing time of GrabImageRGBD(): 17.6606ms
Frame 123 end
Average processing time of GrabImageRGBD(): 17.617ms
Frame 124 end
Average processing time of GrabImageRGBD(): 17.5533ms
Frame 125 end
Average processing time of GrabImageRGBD(): 17.4926ms
Frame 126 end
Average processing time of GrabImageRGBD(): 17.4221ms
Frame 127 end
Average processing time of GrabImageRGBD(): 17.3798ms
Frame 128 end
Average processing time of GrabImageRGBD(): 17.3114ms
Frame 129 end
Average processing time of GrabImageRGBD(): 17.2535ms
Frame 130 end
Average processing time of GrabImageRGBD(): 17.2167ms
Frame 131 end
Average processing time of GrabImageRGBD(): 17.1807ms
Frame 132 end
Average processing time of GrabImageRGBD(): 17.1263ms
Frame 133 end
Average processing time of GrabImageRGBD(): 17.0878ms
Frame 134 end
Average processing time of GrabImageRGBD(): 17.0406ms
Frame 135 end
Average processing time of GrabImageRGBD(): 16.9983ms
Frame 136 end
Average processing time of GrabImageRGBD(): 16.9495ms
Frame 137 end
Average processing time of GrabImageRGBD(): 16.9153ms
Frame 138 end
Average processing time of GrabImageRGBD(): 16.8906ms
Frame 139 end
Average processing time of GrabImageRGBD(): 16.8452ms
Frame 140 end
Average processing time of GrabImageRGBD(): 16.8035ms
Frame 141 end
Average processing time of GrabImageRGBD(): 16.7825ms
Frame 142 end
Average processing time of GrabImageRGBD(): 16.7664ms
Frame 143 end
Average processing time of GrabImageRGBD(): 16.7352ms
Frame 144 end
Average processing time of GrabImageRGBD(): 16.742ms
Frame 145 end
Average processing time of GrabImageRGBD(): 16.7152ms
Frame 146 end
Average processing time of GrabImageRGBD(): 16.6895ms
Frame 147 end
Average processing time of GrabImageRGBD(): 16.6479ms
Frame 148 end
Average processing time of GrabImageRGBD(): 16.641ms
Frame 149 end
Average processing time of GrabImageRGBD(): 16.6165ms
Frame 150 end
Average processing time of GrabImageRGBD(): 16.5903ms
Frame 151 end
Average processing time of GrabImageRGBD(): 16.5547ms
Frame 152 end
Average processing time of GrabImageRGBD(): 16.5261ms
Frame 153 end
Average processing time of GrabImageRGBD(): 16.4917ms
Frame 154 end
Average processing time of GrabImageRGBD(): 16.4842ms
Frame 155 end
Average processing time of GrabImageRGBD(): 16.4712ms
Frame 156 end
Average processing time of GrabImageRGBD(): 16.469ms
Frame 157 end
Average processing time of GrabImageRGBD(): 16.4477ms
Frame 158 end
Average processing time of GrabImageRGBD(): 16.4271ms
Frame 159 end
Average processing time of GrabImageRGBD(): 16.4035ms
Frame 160 end
Average processing time of GrabImageRGBD(): 16.4259ms
Frame 161 end
Average processing time of GrabImageRGBD(): 16.4044ms
Frame 162 end
Average processing time of GrabImageRGBD(): 16.4003ms
Frame 163 end
Average processing time of GrabImageRGBD(): 16.3701ms
Frame 164 end
Average processing time of GrabImageRGBD(): 16.3615ms
Frame 165 end
Average processing time of GrabImageRGBD(): 16.3307ms
Frame 166 end
Average processing time of GrabImageRGBD(): 16.3211ms
Frame 167 end
Average processing time of GrabImageRGBD(): 16.2977ms
Frame 168 end
Average processing time of GrabImageRGBD(): 16.2903ms
Frame 169 end
Average processing time of GrabImageRGBD(): 16.2762ms
Frame 170 end
Average processing time of GrabImageRGBD(): 16.2748ms
Frame 171 end
Average processing time of GrabImageRGBD(): 16.2704ms
Frame 172 end
Average processing time of GrabImageRGBD(): 16.2479ms
Frame 173 end
Average processing time of GrabImageRGBD(): 16.3424ms
Frame 174 end
Average processing time of GrabImageRGBD(): 16.321ms
Frame 175 end
Average processing time of GrabImageRGBD(): 16.3302ms
Frame 176 end
Average processing time of GrabImageRGBD(): 16.3223ms
Frame 177 end
Average processing time of GrabImageRGBD(): 16.3187ms
Frame 178 end
Average processing time of GrabImageRGBD(): 16.3155ms
Frame 179 end
Average processing time of GrabImageRGBD(): 16.2955ms
Frame 180 end
Average processing time of GrabImageRGBD(): 16.2785ms
Frame 181 end
Average processing time of GrabImageRGBD(): 16.2658ms
Frame 182 end
Average processing time of GrabImageRGBD(): 16.3775ms
Frame 183 end
Average processing time of GrabImageRGBD(): 16.3639ms
Frame 184 end
Average processing time of GrabImageRGBD(): 16.3657ms
Frame 185 end
Average processing time of GrabImageRGBD(): 16.3487ms
Frame 186 end
Average processing time of GrabImageRGBD(): 16.442ms
Frame 187 end
Average processing time of GrabImageRGBD(): 16.4273ms
Frame 188 end
Average processing time of GrabImageRGBD(): 16.4253ms
Frame 189 end
Average processing time of GrabImageRGBD(): 16.4188ms
Frame 190 end
Average processing time of GrabImageRGBD(): 16.4067ms
Frame 191 end
Average processing time of GrabImageRGBD(): 16.3941ms
Frame 192 end
Average processing time of GrabImageRGBD(): 16.4748ms
Frame 193 end
Average processing time of GrabImageRGBD(): 16.4592ms
Frame 194 end
Average processing time of GrabImageRGBD(): 16.4548ms
Frame 195 end
Average processing time of GrabImageRGBD(): 16.446ms
Frame 196 end
Average processing time of GrabImageRGBD(): 16.4331ms
Frame 197 end
Average processing time of GrabImageRGBD(): 16.4262ms
Frame 198 end
Average processing time of GrabImageRGBD(): 16.4321ms
Frame 199 end
Average processing time of GrabImageRGBD(): 16.4574ms
Frame 200 end
Average processing time of GrabImageRGBD(): 16.463ms
Frame 201 end
Average processing time of GrabImageRGBD(): 16.4501ms
Frame 202 end
Average processing time of GrabImageRGBD(): 16.4382ms
Frame 203 end
Average processing time of GrabImageRGBD(): 16.4293ms
Frame 204 end
Average processing time of GrabImageRGBD(): 16.5003ms
Frame 205 end
Average processing time of GrabImageRGBD(): 16.4849ms
Frame 206 end
Average processing time of GrabImageRGBD(): 16.4865ms
Frame 207 end
Average processing time of GrabImageRGBD(): 16.484ms
Frame 208 end
Average processing time of GrabImageRGBD(): 16.4804ms
Frame 209 end
Average processing time of GrabImageRGBD(): 16.5976ms
Frame 210 end
Average processing time of GrabImageRGBD(): 16.604ms
Frame 211 end
Average processing time of GrabImageRGBD(): 16.6163ms
Frame 212 end
Average processing time of GrabImageRGBD(): 16.7052ms
Frame 213 end
Average processing time of GrabImageRGBD(): 16.6996ms
Frame 214 end
Average processing time of GrabImageRGBD(): 16.6993ms
Frame 215 end
Average processing time of GrabImageRGBD(): 16.7803ms
Frame 216 end
Average processing time of GrabImageRGBD(): 16.7742ms
Frame 217 end
Average processing time of GrabImageRGBD(): 16.7785ms
Frame 218 end
Average processing time of GrabImageRGBD(): 16.8865ms
Frame 219 end
Average processing time of GrabImageRGBD(): 16.8902ms
Frame 220 end
Average processing time of GrabImageRGBD(): 16.9528ms
Frame 221 end
Average processing time of GrabImageRGBD(): 16.9577ms
Frame 222 end
Average processing time of GrabImageRGBD(): 17.0361ms
Frame 223 end
Average processing time of GrabImageRGBD(): 17.0426ms
Frame 224 end
Average processing time of GrabImageRGBD(): 17.1005ms
Frame 225 end
Average processing time of GrabImageRGBD(): 17.1032ms
Frame 226 end
Average processing time of GrabImageRGBD(): 17.0816ms
Frame 227 end
Average processing time of GrabImageRGBD(): 17.1449ms
Frame 228 end
Average processing time of GrabImageRGBD(): 17.144ms
Frame 229 end
Average processing time of GrabImageRGBD(): 17.1372ms
Frame 230 end
Average processing time of GrabImageRGBD(): 17.1378ms
Frame 231 end
Average processing time of GrabImageRGBD(): 17.1288ms
Frame 232 end
Average processing time of GrabImageRGBD(): 17.1317ms
Frame 233 end
Average processing time of GrabImageRGBD(): 17.1178ms
Frame 234 end
Average processing time of GrabImageRGBD(): 17.1091ms
Frame 235 end
Average processing time of GrabImageRGBD(): 17.0919ms
Frame 236 end
Average processing time of GrabImageRGBD(): 17.0915ms
Frame 237 end
Average processing time of GrabImageRGBD(): 17.0902ms
Frame 238 end
Average processing time of GrabImageRGBD(): 17.0923ms
Frame 239 end
Average processing time of GrabImageRGBD(): 17.0892ms
Frame 240 end
Average processing time of GrabImageRGBD(): 17.0898ms
Frame 241 end
Average processing time of GrabImageRGBD(): 17.0754ms
Frame 242 end
Average processing time of GrabImageRGBD(): 17.0607ms
Frame 243 end
Average processing time of GrabImageRGBD(): 17.0573ms
Frame 244 end
Average processing time of GrabImageRGBD(): 17.0454ms
Frame 245 end
Average processing time of GrabImageRGBD(): 17.0354ms
Frame 246 end
Average processing time of GrabImageRGBD(): 17.0129ms
Frame 247 end
Average processing time of GrabImageRGBD(): 16.997ms
Frame 248 end
Average processing time of GrabImageRGBD(): 16.9953ms
Frame 249 end
Average processing time of GrabImageRGBD(): 16.9875ms
Frame 250 end
Average processing time of GrabImageRGBD(): 17.0524ms
Frame 251 end
Average processing time of GrabImageRGBD(): 17.0342ms
Frame 252 end
Average processing time of GrabImageRGBD(): 17.0387ms
Frame 253 end
Average processing time of GrabImageRGBD(): 17.0301ms
Frame 254 end
Average processing time of GrabImageRGBD(): 17.0228ms
Frame 255 end
Average processing time of GrabImageRGBD(): 17.1251ms
Frame 256 end
Average processing time of GrabImageRGBD(): 17.1126ms
Frame 257 end
Average processing time of GrabImageRGBD(): 17.1067ms
Frame 258 end
Average processing time of GrabImageRGBD(): 17.0887ms
Frame 259 end
Average processing time of GrabImageRGBD(): 17.0809ms
Frame 260 end
Average processing time of GrabImageRGBD(): 17.0675ms
Frame 261 end
Average processing time of GrabImageRGBD(): 17.0497ms
Frame 262 end
Average processing time of GrabImageRGBD(): 17.0352ms
Frame 263 end
Average processing time of GrabImageRGBD(): 17.017ms
Frame 264 end
Average processing time of GrabImageRGBD(): 17.0034ms
Frame 265 end
Average processing time of GrabImageRGBD(): 16.9815ms
Frame 266 end
Average processing time of GrabImageRGBD(): 16.9666ms
Frame 267 end
Average processing time of GrabImageRGBD(): 16.9523ms
Frame 268 end
Average processing time of GrabImageRGBD(): 16.9206ms
Frame 269 end
Average processing time of GrabImageRGBD(): 16.9029ms
Frame 270 end
Average processing time of GrabImageRGBD(): 16.8852ms
Frame 271 end
Average processing time of GrabImageRGBD(): 16.8628ms
Frame 272 end
Average processing time of GrabImageRGBD(): 16.8463ms
Frame 273 end
Average processing time of GrabImageRGBD(): 16.8326ms
Frame 274 end
Average processing time of GrabImageRGBD(): 16.8197ms
Frame 275 end
Average processing time of GrabImageRGBD(): 16.8074ms
Frame 276 end
Average processing time of GrabImageRGBD(): 16.7838ms
Frame 277 end
Average processing time of GrabImageRGBD(): 16.7697ms
Frame 278 end
Average processing time of GrabImageRGBD(): 16.7577ms
Frame 279 end
Average processing time of GrabImageRGBD(): 16.7412ms
Frame 280 end
Average processing time of GrabImageRGBD(): 16.7244ms
Frame 281 end
Average processing time of GrabImageRGBD(): 16.7002ms
Frame 282 end
Average processing time of GrabImageRGBD(): 16.6954ms
Frame 283 end
Average processing time of GrabImageRGBD(): 16.6854ms
Frame 284 end
Average processing time of GrabImageRGBD(): 16.6864ms
Frame 285 end
Average processing time of GrabImageRGBD(): 16.6869ms
Frame 286 end
Average processing time of GrabImageRGBD(): 16.7677ms
Frame 287 end
Average processing time of GrabImageRGBD(): 16.7604ms
Frame 288 end
Average processing time of GrabImageRGBD(): 16.7535ms
Frame 289 end
Average processing time of GrabImageRGBD(): 16.7437ms
Frame 290 end
Average processing time of GrabImageRGBD(): 16.7299ms
Frame 291 end
Average processing time of GrabImageRGBD(): 16.7241ms
Frame 292 end
Average processing time of GrabImageRGBD(): 16.7093ms
Frame 293 end
Average processing time of GrabImageRGBD(): 16.6955ms
Frame 294 end
Average processing time of GrabImageRGBD(): 16.6728ms
Frame 295 end
Average processing time of GrabImageRGBD(): 16.6573ms
Frame 296 end
Average processing time of GrabImageRGBD(): 16.6441ms
Frame 297 end
Average processing time of GrabImageRGBD(): 16.6212ms
Frame 298 end
Average processing time of GrabImageRGBD(): 16.601ms
Frame 299 end
Average processing time of GrabImageRGBD(): 16.5838ms
Frame 300 end
Average processing time of GrabImageRGBD(): 16.5626ms
Frame 301 end
Average processing time of GrabImageRGBD(): 16.5372ms
Frame 302 end
Average processing time of GrabImageRGBD(): 16.5221ms
Frame 303 end
Average processing time of GrabImageRGBD(): 16.5101ms
Frame 304 end
Average processing time of GrabImageRGBD(): 16.4887ms
Frame 305 end
Average processing time of GrabImageRGBD(): 16.4668ms
Frame 306 end
Average processing time of GrabImageRGBD(): 16.4514ms
Frame 307 end
Average processing time of GrabImageRGBD(): 16.4363ms
Frame 308 end
Average processing time of GrabImageRGBD(): 16.4158ms
Frame 309 end
Average processing time of GrabImageRGBD(): 16.3928ms
Frame 310 end
Average processing time of GrabImageRGBD(): 16.3713ms
Frame 311 end
Average processing time of GrabImageRGBD(): 16.3603ms
Frame 312 end
Average processing time of GrabImageRGBD(): 16.3482ms
Frame 313 end
Average processing time of GrabImageRGBD(): 16.3202ms
Frame 314 end
Average processing time of GrabImageRGBD(): 16.2952ms
Frame 315 end
Average processing time of GrabImageRGBD(): 16.2736ms
Frame 316 end
Average processing time of GrabImageRGBD(): 16.2607ms
Frame 317 end
Average processing time of GrabImageRGBD(): 16.2393ms
Frame 318 end
Average processing time of GrabImageRGBD(): 16.225ms
Frame 319 end
Average processing time of GrabImageRGBD(): 16.2111ms
Frame 320 end
Average processing time of GrabImageRGBD(): 16.1958ms
Frame 321 end
Average processing time of GrabImageRGBD(): 16.1818ms
Frame 322 end
Average processing time of GrabImageRGBD(): 16.1563ms
Frame 323 end
Average processing time of GrabImageRGBD(): 16.1356ms
Frame 324 end
Average processing time of GrabImageRGBD(): 16.1229ms
Frame 325 end
Average processing time of GrabImageRGBD(): 16.1033ms
Frame 326 end
Average processing time of GrabImageRGBD(): 16.0955ms
Frame 327 end
Average processing time of GrabImageRGBD(): 16.0849ms
Frame 328 end
Average processing time of GrabImageRGBD(): 16.0684ms
Frame 329 end
Average processing time of GrabImageRGBD(): 16.0534ms
Frame 330 end
Average processing time of GrabImageRGBD(): 16.0412ms
Frame 331 end
Shutdown
-------

median tracking time: 0.014513
mean tracking time: 0.0168208

Saving camera trajectory to CameraTrajectory.txt ...

Saving keyframe trajectory to KeyFrameTrajectory.txt ...
