
ORB-SLAM3 Copyright (C) 2017-2020 Carlos Campos, Richard Elvira, Juan J. Gómez, José M.M. Montiel and Juan D. Tardós, University of Zaragoza.
ORB-SLAM2 Copyright (C) 2014-2016 Raúl Mur-Artal, José M.M. Montiel and Juan D. Tardós, University of Zaragoza.
This program comes with ABSOLUTELY NO WARRANTY;
This is free software, and you are welcome to redistribute it
under certain conditions. See LICENSE.txt.

Input sensor was set to: RGB-D
Loading settings from /home/bingxin/Downloads/NGD-SLAM/Examples/RGB-D/Bonn.yaml
Camera1.k3 optional parameter does not exist...
	-Loaded camera 1
Camera.newHeight optional parameter does not exist...
Camera.newWidth optional parameter does not exist...
	-Loaded image info
	-Loaded RGB-D calibration
	-Loaded ORB settings
Viewer.imageViewScale optional parameter does not exist...
	-Loaded viewer settings
System.LoadAtlasFromFile optional parameter does not exist...
System.SaveAtlasToFile optional parameter does not exist...
	-Loaded Atlas settings
System.thFarPoints optional parameter does not exist...
	-Loaded misc parameters
----------------------------------
SLAM settings: 
	-Camera 1 parameters (Pinhole): [ 542.823 542.577 315.594 237.756 ]
	-Camera 1 distortion parameters: [  0.039903 -0.099343 -0.00073 -0.000144 ]
	-Original image size: [ 640 , 480 ]
	-Current image size: [ 640 , 480 ]
	-Sequence FPS: 30
	-RGB-D depth map factor: 5000
	-Features per image: 1000
	-ORB scale factor: 1.2
	-ORB number of scales: 8
	-Initial FAST threshold: 20
	-Min FAST threshold: 7


Loading ORB Vocabulary. This could take a while...
Vocabulary loaded!

Initialization of Atlas from scratch 
Creation of new map with id: 0
Creation of new map with last KF id: 0
Seq. Name: 
There are 1 cameras in the atlas
Camera 0 is pinhole
Net use yolo-fastest

-------
Start processing sequence ...
Images in the sequence: 1091

First KF:0; Map init KF:0
New Map created with 936 points
Average processing time of GrabImageRGBD(): 46.0359ms
Frame 0 end
Average processing time of GrabImageRGBD(): 36.7909ms
Frame 1 end
Average processing time of GrabImageRGBD(): 33.1795ms
Frame 2 end
Average processing time of GrabImageRGBD(): 27.8579ms
Frame 3 end
Average processing time of GrabImageRGBD(): 24.6037ms
Frame 4 end
Average processing time of GrabImageRGBD(): 21.1784ms
Frame 5 end
Average processing time of GrabImageRGBD(): 18.7006ms
Frame 6 end
Starting the Viewer
Average processing time of GrabImageRGBD(): 17.7414ms
Frame 7 end
Average processing time of GrabImageRGBD(): 16.5701ms
Frame 8 end
Average processing time of GrabImageRGBD(): 15.9365ms
Frame 9 end
Average processing time of GrabImageRGBD(): 15.4211ms
Frame 10 end
Average processing time of GrabImageRGBD(): 14.9921ms
Frame 11 end
Average processing time of GrabImageRGBD(): 14.513ms
Frame 12 end
Average processing time of GrabImageRGBD(): 15.6276ms
Frame 13 end
Average processing time of GrabImageRGBD(): 15.199ms
Frame 14 end
Average processing time of GrabImageRGBD(): 14.4441ms
Frame 15 end
Average processing time of GrabImageRGBD(): 14.0846ms
Frame 16 end
Average processing time of GrabImageRGBD(): 13.5902ms
Frame 17 end
Average processing time of GrabImageRGBD(): 13.2972ms
Frame 18 end
Average processing time of GrabImageRGBD(): 12.9199ms
Frame 19 end
Average processing time of GrabImageRGBD(): 12.6829ms
Frame 20 end
Average processing time of GrabImageRGBD(): 12.2581ms
Frame 21 end
Average processing time of GrabImageRGBD(): 12.0839ms
Frame 22 end
Average processing time of GrabImageRGBD(): 11.8946ms
Frame 23 end
Average processing time of GrabImageRGBD(): 12.5259ms
Frame 24 end
Average processing time of GrabImageRGBD(): 12.3889ms
Frame 25 end
Average processing time of GrabImageRGBD(): 13.0249ms
Frame 26 end
Average processing time of GrabImageRGBD(): 12.6967ms
Frame 27 end
Average processing time of GrabImageRGBD(): 12.3502ms
Frame 28 end
Average processing time of GrabImageRGBD(): 12.2771ms
Frame 29 end
Average processing time of GrabImageRGBD(): 12.1171ms
Frame 30 end
Average processing time of GrabImageRGBD(): 12.027ms
Frame 31 end
Average processing time of GrabImageRGBD(): 11.8458ms
Frame 32 end
Average processing time of GrabImageRGBD(): 12.2635ms
Frame 33 end
Average processing time of GrabImageRGBD(): 12.0213ms
Frame 34 end
Average processing time of GrabImageRGBD(): 11.7775ms
Frame 35 end
Average processing time of GrabImageRGBD(): 12.1598ms
Frame 36 end
Average processing time of GrabImageRGBD(): 11.9409ms
Frame 37 end
Average processing time of GrabImageRGBD(): 11.7132ms
Frame 38 end
Average processing time of GrabImageRGBD(): 11.508ms
Frame 39 end
Average processing time of GrabImageRGBD(): 11.441ms
Frame 40 end
Average processing time of GrabImageRGBD(): 11.3912ms
Frame 41 end
Average processing time of GrabImageRGBD(): 12.071ms
Frame 42 end
Average processing time of GrabImageRGBD(): 11.8773ms
Frame 43 end
Average processing time of GrabImageRGBD(): 12.179ms
Frame 44 end
Average processing time of GrabImageRGBD(): 12.1463ms
Frame 45 end
Average processing time of GrabImageRGBD(): 12.4382ms
Frame 46 end
Average processing time of GrabImageRGBD(): 12.259ms
Frame 47 end
Average processing time of GrabImageRGBD(): 12.0803ms
Frame 48 end
Average processing time of GrabImageRGBD(): 11.9029ms
Frame 49 end
Average processing time of GrabImageRGBD(): 12.2302ms
Frame 50 end
Average processing time of GrabImageRGBD(): 12.1914ms
Frame 51 end
Average processing time of GrabImageRGBD(): 12.0188ms
Frame 52 end
Average processing time of GrabImageRGBD(): 11.8635ms
Frame 53 end
Average processing time of GrabImageRGBD(): 11.7138ms
Frame 54 end
Average processing time of GrabImageRGBD(): 11.5974ms
Frame 55 end
Average processing time of GrabImageRGBD(): 11.5545ms
Frame 56 end
Average processing time of GrabImageRGBD(): 11.4153ms
Frame 57 end
Average processing time of GrabImageRGBD(): 11.3715ms
Frame 58 end
Average processing time of GrabImageRGBD(): 11.3313ms
Frame 59 end
Average processing time of GrabImageRGBD(): 11.2004ms
Frame 60 end
Average processing time of GrabImageRGBD(): 11.1479ms
Frame 61 end
Average processing time of GrabImageRGBD(): 11.1101ms
Frame 62 end
Average processing time of GrabImageRGBD(): 10.9806ms
Frame 63 end
Average processing time of GrabImageRGBD(): 10.9443ms
Frame 64 end
Average processing time of GrabImageRGBD(): 10.8964ms
Frame 65 end
Average processing time of GrabImageRGBD(): 10.8648ms
Frame 66 end
Average processing time of GrabImageRGBD(): 10.8063ms
Frame 67 end
Average processing time of GrabImageRGBD(): 10.7031ms
Frame 68 end
Average processing time of GrabImageRGBD(): 10.5951ms
Frame 69 end
Average processing time of GrabImageRGBD(): 10.498ms
Frame 70 end
Average processing time of GrabImageRGBD(): 10.3998ms
Frame 71 end
Average processing time of GrabImageRGBD(): 10.3701ms
Frame 72 end
Average processing time of GrabImageRGBD(): 10.2907ms
Frame 73 end
Average processing time of GrabImageRGBD(): 10.2493ms
Frame 74 end
Average processing time of GrabImageRGBD(): 10.1626ms
Frame 75 end
Average processing time of GrabImageRGBD(): 10.0866ms
Frame 76 end
Average processing time of GrabImageRGBD(): 10.0462ms
Frame 77 end
Average processing time of GrabImageRGBD(): 10.0273ms
Frame 78 end
Average processing time of GrabImageRGBD(): 10.0058ms
Frame 79 end
Average processing time of GrabImageRGBD(): 9.98343ms
Frame 80 end
Average processing time of GrabImageRGBD(): 9.90099ms
Frame 81 end
Average processing time of GrabImageRGBD(): 10.1483ms
Frame 82 end
Average processing time of GrabImageRGBD(): 10.1497ms
Frame 83 end
Average processing time of GrabImageRGBD(): 10.0654ms
Frame 84 end
Average processing time of GrabImageRGBD(): 10.318ms
Frame 85 end
Average processing time of GrabImageRGBD(): 10.2519ms
Frame 86 end
Average processing time of GrabImageRGBD(): 10.1763ms
Frame 87 end
Average processing time of GrabImageRGBD(): 10.1184ms
Frame 88 end
Average processing time of GrabImageRGBD(): 10.1095ms
Frame 89 end
Average processing time of GrabImageRGBD(): 10.0335ms
Frame 90 end
Average processing time of GrabImageRGBD(): 10.0086ms
Frame 91 end
Average processing time of GrabImageRGBD(): 10.0005ms
Frame 92 end
Average processing time of GrabImageRGBD(): 9.97128ms
Frame 93 end
Average processing time of GrabImageRGBD(): 9.89968ms
Frame 94 end
Average processing time of GrabImageRGBD(): 9.84951ms
Frame 95 end
Average processing time of GrabImageRGBD(): 9.84161ms
Frame 96 end
Average processing time of GrabImageRGBD(): 9.77641ms
Frame 97 end
Average processing time of GrabImageRGBD(): 9.76688ms
Frame 98 end
Average processing time of GrabImageRGBD(): 9.73736ms
Frame 99 end
Average processing time of GrabImageRGBD(): 9.67573ms
Frame 100 end
Average processing time of GrabImageRGBD(): 9.87671ms
Frame 101 end
Average processing time of GrabImageRGBD(): 9.82007ms
Frame 102 end
Average processing time of GrabImageRGBD(): 9.82113ms
Frame 103 end
Average processing time of GrabImageRGBD(): 9.78331ms
Frame 104 end
Average processing time of GrabImageRGBD(): 9.72664ms
Frame 105 end
Average processing time of GrabImageRGBD(): 9.67752ms
Frame 106 end
Average processing time of GrabImageRGBD(): 9.68316ms
Frame 107 end
Average processing time of GrabImageRGBD(): 9.67784ms
Frame 108 end
Average processing time of GrabImageRGBD(): 9.62197ms
Frame 109 end
Average processing time of GrabImageRGBD(): 9.60202ms
Frame 110 end
Average processing time of GrabImageRGBD(): 9.59647ms
Frame 111 end
Average processing time of GrabImageRGBD(): 9.74293ms
Frame 112 end
Average processing time of GrabImageRGBD(): 9.69591ms
Frame 113 end
Average processing time of GrabImageRGBD(): 9.64222ms
Frame 114 end
Average processing time of GrabImageRGBD(): 9.6399ms
Frame 115 end
Average processing time of GrabImageRGBD(): 9.63998ms
Frame 116 end
Average processing time of GrabImageRGBD(): 9.5855ms
Frame 117 end
Average processing time of GrabImageRGBD(): 9.5342ms
Frame 118 end
Average processing time of GrabImageRGBD(): 9.53392ms
Frame 119 end
Average processing time of GrabImageRGBD(): 9.52901ms
Frame 120 end
Average processing time of GrabImageRGBD(): 9.47722ms
Frame 121 end
Average processing time of GrabImageRGBD(): 9.47651ms
Frame 122 end
Average processing time of GrabImageRGBD(): 9.63205ms
Frame 123 end
Average processing time of GrabImageRGBD(): 9.58689ms
Frame 124 end
Average processing time of GrabImageRGBD(): 9.57654ms
Frame 125 end
Average processing time of GrabImageRGBD(): 9.53204ms
Frame 126 end
Average processing time of GrabImageRGBD(): 9.49684ms
Frame 127 end
Average processing time of GrabImageRGBD(): 9.47048ms
Frame 128 end
Average processing time of GrabImageRGBD(): 9.70455ms
Frame 129 end
Average processing time of GrabImageRGBD(): 9.71359ms
Frame 130 end
Average processing time of GrabImageRGBD(): 9.66386ms
Frame 131 end
Average processing time of GrabImageRGBD(): 9.64152ms
Frame 132 end
Average processing time of GrabImageRGBD(): 9.60338ms
Frame 133 end
Average processing time of GrabImageRGBD(): 9.58951ms
Frame 134 end
Average processing time of GrabImageRGBD(): 9.54232ms
Frame 135 end
Average processing time of GrabImageRGBD(): 9.52912ms
Frame 136 end
Average processing time of GrabImageRGBD(): 9.51848ms
Frame 137 end
Average processing time of GrabImageRGBD(): 9.48317ms
Frame 138 end
Average processing time of GrabImageRGBD(): 9.62285ms
Frame 139 end
Average processing time of GrabImageRGBD(): 9.62319ms
Frame 140 end
Average processing time of GrabImageRGBD(): 9.58135ms
Frame 141 end
Average processing time of GrabImageRGBD(): 9.576ms
Frame 142 end
Average processing time of GrabImageRGBD(): 9.57052ms
Frame 143 end
Average processing time of GrabImageRGBD(): 9.52933ms
Frame 144 end
Average processing time of GrabImageRGBD(): 9.52677ms
Frame 145 end
Average processing time of GrabImageRGBD(): 9.66444ms
Frame 146 end
Average processing time of GrabImageRGBD(): 9.67214ms
Frame 147 end
Average processing time of GrabImageRGBD(): 9.67313ms
Frame 148 end
Average processing time of GrabImageRGBD(): 9.78907ms
Frame 149 end
Average processing time of GrabImageRGBD(): 9.80083ms
Frame 150 end
Average processing time of GrabImageRGBD(): 9.75971ms
Frame 151 end
Average processing time of GrabImageRGBD(): 9.7546ms
Frame 152 end
Average processing time of GrabImageRGBD(): 9.75332ms
Frame 153 end
Average processing time of GrabImageRGBD(): 9.87726ms
Frame 154 end
Average processing time of GrabImageRGBD(): 9.84071ms
Frame 155 end
Average processing time of GrabImageRGBD(): 9.84103ms
Frame 156 end
Average processing time of GrabImageRGBD(): 9.83656ms
Frame 157 end
Average processing time of GrabImageRGBD(): 9.83383ms
Frame 158 end
Average processing time of GrabImageRGBD(): 9.81053ms
Frame 159 end
Average processing time of GrabImageRGBD(): 9.81369ms
Frame 160 end
Average processing time of GrabImageRGBD(): 9.77422ms
Frame 161 end
Average processing time of GrabImageRGBD(): 9.7363ms
Frame 162 end
Average processing time of GrabImageRGBD(): 9.86183ms
Frame 163 end
Average processing time of GrabImageRGBD(): 9.83588ms
Frame 164 end
Average processing time of GrabImageRGBD(): 9.79511ms
Frame 165 end
Average processing time of GrabImageRGBD(): 9.77226ms
Frame 166 end
Average processing time of GrabImageRGBD(): 9.87953ms
Frame 167 end
Average processing time of GrabImageRGBD(): 9.85381ms
Frame 168 end
Average processing time of GrabImageRGBD(): 9.81309ms
Frame 169 end
Average processing time of GrabImageRGBD(): 9.78491ms
Frame 170 end
Average processing time of GrabImageRGBD(): 9.88899ms
Frame 171 end
Average processing time of GrabImageRGBD(): 9.88842ms
Frame 172 end
Average processing time of GrabImageRGBD(): 9.84841ms
Frame 173 end
Average processing time of GrabImageRGBD(): 9.95774ms
Frame 174 end
Average processing time of GrabImageRGBD(): 9.92426ms
Frame 175 end
Average processing time of GrabImageRGBD(): 9.89006ms
Frame 176 end
Average processing time of GrabImageRGBD(): 9.85568ms
Frame 177 end
Average processing time of GrabImageRGBD(): 9.85241ms
Frame 178 end
Average processing time of GrabImageRGBD(): 9.84403ms
Frame 179 end
Average processing time of GrabImageRGBD(): 9.83772ms
Frame 180 end
Average processing time of GrabImageRGBD(): 9.8284ms
Frame 181 end
Average processing time of GrabImageRGBD(): 9.79301ms
Frame 182 end
Average processing time of GrabImageRGBD(): 9.94397ms
Frame 183 end
Average processing time of GrabImageRGBD(): 9.93898ms
Frame 184 end
Average processing time of GrabImageRGBD(): 9.91655ms
Frame 185 end
Average processing time of GrabImageRGBD(): 9.88262ms
Frame 186 end
Average processing time of GrabImageRGBD(): 9.87485ms
Frame 187 end
Average processing time of GrabImageRGBD(): 9.84687ms
Frame 188 end
Average processing time of GrabImageRGBD(): 9.95065ms
Frame 189 end
Average processing time of GrabImageRGBD(): 9.93909ms
Frame 190 end
Average processing time of GrabImageRGBD(): 9.93234ms
Frame 191 end
Average processing time of GrabImageRGBD(): 9.90605ms
Frame 192 end
Average processing time of GrabImageRGBD(): 9.87165ms
Frame 193 end
Average processing time of GrabImageRGBD(): 9.84816ms
Frame 194 end
Average processing time of GrabImageRGBD(): 9.82133ms
Frame 195 end
Average processing time of GrabImageRGBD(): 9.81289ms
Frame 196 end
Average processing time of GrabImageRGBD(): 9.80518ms
Frame 197 end
Average processing time of GrabImageRGBD(): 9.7938ms
Frame 198 end
Average processing time of GrabImageRGBD(): 9.78157ms
Frame 199 end
Average processing time of GrabImageRGBD(): 9.76004ms
Frame 200 end
Average processing time of GrabImageRGBD(): 9.83955ms
Frame 201 end
Average processing time of GrabImageRGBD(): 9.83991ms
Frame 202 end
Average processing time of GrabImageRGBD(): 9.80839ms
Frame 203 end
Average processing time of GrabImageRGBD(): 9.79104ms
Frame 204 end
Average processing time of GrabImageRGBD(): 9.76088ms
Frame 205 end
Average processing time of GrabImageRGBD(): 9.7316ms
Frame 206 end
Average processing time of GrabImageRGBD(): 9.70104ms
Frame 207 end
Average processing time of GrabImageRGBD(): 9.67292ms
Frame 208 end
Average processing time of GrabImageRGBD(): 9.6434ms
Frame 209 end
Average processing time of GrabImageRGBD(): 9.63393ms
Frame 210 end
Average processing time of GrabImageRGBD(): 9.72146ms
Frame 211 end
Average processing time of GrabImageRGBD(): 9.71598ms
Frame 212 end
Average processing time of GrabImageRGBD(): 9.68372ms
Frame 213 end
Average processing time of GrabImageRGBD(): 9.66953ms
Frame 214 end
Average processing time of GrabImageRGBD(): 9.74591ms
Frame 215 end
Average processing time of GrabImageRGBD(): 9.7212ms
Frame 216 end
Average processing time of GrabImageRGBD(): 9.6892ms
Frame 217 end
Average processing time of GrabImageRGBD(): 9.68138ms
Frame 218 end
Average processing time of GrabImageRGBD(): 9.67309ms
Frame 219 end
Average processing time of GrabImageRGBD(): 9.66564ms
Frame 220 end
Average processing time of GrabImageRGBD(): 9.65608ms
Frame 221 end
Average processing time of GrabImageRGBD(): 9.6282ms
Frame 222 end
Average processing time of GrabImageRGBD(): 9.71902ms
Frame 223 end
Average processing time of GrabImageRGBD(): 9.71235ms
Frame 224 end
Average processing time of GrabImageRGBD(): 9.68259ms
Frame 225 end
Average processing time of GrabImageRGBD(): 9.655ms
Frame 226 end
Average processing time of GrabImageRGBD(): 9.62901ms
Frame 227 end
Average processing time of GrabImageRGBD(): 9.61052ms
Frame 228 end
Average processing time of GrabImageRGBD(): 9.58554ms
Frame 229 end
Average processing time of GrabImageRGBD(): 9.67982ms
Frame 230 end
Average processing time of GrabImageRGBD(): 9.66357ms
Frame 231 end
Average processing time of GrabImageRGBD(): 9.63733ms
Frame 232 end
Average processing time of GrabImageRGBD(): 9.63699ms
Frame 233 end
Average processing time of GrabImageRGBD(): 9.72586ms
Frame 234 end
Average processing time of GrabImageRGBD(): 9.70577ms
Frame 235 end
Average processing time of GrabImageRGBD(): 9.67892ms
Frame 236 end
Average processing time of GrabImageRGBD(): 9.66933ms
Frame 237 end
Average processing time of GrabImageRGBD(): 9.73979ms
Frame 238 end
Average processing time of GrabImageRGBD(): 9.72209ms
Frame 239 end
Average processing time of GrabImageRGBD(): 9.69584ms
Frame 240 end
Average processing time of GrabImageRGBD(): 9.69228ms
Frame 241 end
Average processing time of GrabImageRGBD(): 9.68726ms
Frame 242 end
Average processing time of GrabImageRGBD(): 9.66532ms
Frame 243 end
Average processing time of GrabImageRGBD(): 9.75147ms
Frame 244 end
Average processing time of GrabImageRGBD(): 9.75816ms
Frame 245 end
Average processing time of GrabImageRGBD(): 9.73134ms
Frame 246 end
Average processing time of GrabImageRGBD(): 9.71337ms
Frame 247 end
Average processing time of GrabImageRGBD(): 9.69587ms
Frame 248 end
Average processing time of GrabImageRGBD(): 9.69304ms
Frame 249 end
Average processing time of GrabImageRGBD(): 9.67042ms
Frame 250 end
Average processing time of GrabImageRGBD(): 9.65048ms
Frame 251 end
Average processing time of GrabImageRGBD(): 9.64737ms
Frame 252 end
Average processing time of GrabImageRGBD(): 9.64554ms
Frame 253 end
Average processing time of GrabImageRGBD(): 9.62029ms
Frame 254 end
Average processing time of GrabImageRGBD(): 9.61668ms
Frame 255 end
Average processing time of GrabImageRGBD(): 9.68638ms
Frame 256 end
Average processing time of GrabImageRGBD(): 9.6861ms
Frame 257 end
Average processing time of GrabImageRGBD(): 9.66105ms
Frame 258 end
Average processing time of GrabImageRGBD(): 9.65794ms
Frame 259 end
Average processing time of GrabImageRGBD(): 9.65487ms
Frame 260 end
Average processing time of GrabImageRGBD(): 9.7361ms
Frame 261 end
Average processing time of GrabImageRGBD(): 9.73361ms
Frame 262 end
Average processing time of GrabImageRGBD(): 9.70963ms
Frame 263 end
Average processing time of GrabImageRGBD(): 9.70999ms
Frame 264 end
Average processing time of GrabImageRGBD(): 9.70395ms
Frame 265 end
Average processing time of GrabImageRGBD(): 9.78231ms
Frame 266 end
Average processing time of GrabImageRGBD(): 9.78973ms
Frame 267 end
Average processing time of GrabImageRGBD(): 9.76566ms
Frame 268 end
Average processing time of GrabImageRGBD(): 9.7672ms
Frame 269 end
Average processing time of GrabImageRGBD(): 9.76725ms
Frame 270 end
Average processing time of GrabImageRGBD(): 9.74413ms
Frame 271 end
Average processing time of GrabImageRGBD(): 9.74277ms
Frame 272 end
Average processing time of GrabImageRGBD(): 9.7431ms
Frame 273 end
Average processing time of GrabImageRGBD(): 9.83093ms
Frame 274 end
Average processing time of GrabImageRGBD(): 9.83782ms
Frame 275 end
Average processing time of GrabImageRGBD(): 9.8131ms
Frame 276 end
Average processing time of GrabImageRGBD(): 9.81215ms
Frame 277 end
Average processing time of GrabImageRGBD(): 9.8065ms
Frame 278 end
Average processing time of GrabImageRGBD(): 9.87917ms
Frame 279 end
Average processing time of GrabImageRGBD(): 9.86972ms
Frame 280 end
Average processing time of GrabImageRGBD(): 9.85916ms
Frame 281 end
Average processing time of GrabImageRGBD(): 9.8498ms
Frame 282 end
Average processing time of GrabImageRGBD(): 9.84865ms
Frame 283 end
Average processing time of GrabImageRGBD(): 9.8256ms
Frame 284 end
Average processing time of GrabImageRGBD(): 9.82363ms
Frame 285 end
Average processing time of GrabImageRGBD(): 9.82113ms
Frame 286 end
Average processing time of GrabImageRGBD(): 9.81725ms
Frame 287 end
Average processing time of GrabImageRGBD(): 9.79638ms
Frame 288 end
Average processing time of GrabImageRGBD(): 9.79597ms
Frame 289 end
Average processing time of GrabImageRGBD(): 9.78751ms
Frame 290 end
Average processing time of GrabImageRGBD(): 9.78573ms
Frame 291 end
Average processing time of GrabImageRGBD(): 9.85652ms
Frame 292 end
Average processing time of GrabImageRGBD(): 9.8594ms
Frame 293 end
Average processing time of GrabImageRGBD(): 9.83604ms
Frame 294 end
Average processing time of GrabImageRGBD(): 9.8327ms
Frame 295 end
Average processing time of GrabImageRGBD(): 9.82718ms
Frame 296 end
Average processing time of GrabImageRGBD(): 9.89518ms
Frame 297 end
Average processing time of GrabImageRGBD(): 9.89153ms
Frame 298 end
Average processing time of GrabImageRGBD(): 9.86745ms
Frame 299 end
Average processing time of GrabImageRGBD(): 9.85979ms
Frame 300 end
Average processing time of GrabImageRGBD(): 9.83887ms
Frame 301 end
Average processing time of GrabImageRGBD(): 9.89651ms
Frame 302 end
Average processing time of GrabImageRGBD(): 9.89943ms
Frame 303 end
Average processing time of GrabImageRGBD(): 9.87943ms
Frame 304 end
Average processing time of GrabImageRGBD(): 9.8618ms
Frame 305 end
Average processing time of GrabImageRGBD(): 9.84189ms
Frame 306 end
Average processing time of GrabImageRGBD(): 9.83252ms
Frame 307 end
Average processing time of GrabImageRGBD(): 9.83015ms
Frame 308 end
Average processing time of GrabImageRGBD(): 9.8213ms
Frame 309 end
Average processing time of GrabImageRGBD(): 9.87918ms
Frame 310 end
Average processing time of GrabImageRGBD(): 9.87712ms
Frame 311 end
Average processing time of GrabImageRGBD(): 9.86638ms
Frame 312 end
Average processing time of GrabImageRGBD(): 9.8629ms
Frame 313 end
Average processing time of GrabImageRGBD(): 9.86212ms
Frame 314 end
Average processing time of GrabImageRGBD(): 9.94646ms
Frame 315 end
Average processing time of GrabImageRGBD(): 9.93052ms
Frame 316 end
Average processing time of GrabImageRGBD(): 9.9113ms
Frame 317 end
Average processing time of GrabImageRGBD(): 9.90258ms
Frame 318 end
Average processing time of GrabImageRGBD(): 9.90227ms
Frame 319 end
Average processing time of GrabImageRGBD(): 9.97714ms
Frame 320 end
Average processing time of GrabImageRGBD(): 9.96027ms
Frame 321 end
Average processing time of GrabImageRGBD(): 9.9399ms
Frame 322 end
Average processing time of GrabImageRGBD(): 9.93372ms
Frame 323 end
Average processing time of GrabImageRGBD(): 9.91942ms
Frame 324 end
Average processing time of GrabImageRGBD(): 9.89833ms
Frame 325 end
Average processing time of GrabImageRGBD(): 9.96036ms
Frame 326 end
Average processing time of GrabImageRGBD(): 9.94283ms
Frame 327 end
Average processing time of GrabImageRGBD(): 9.92246ms
Frame 328 end
Average processing time of GrabImageRGBD(): 9.91999ms
Frame 329 end
Average processing time of GrabImageRGBD(): 9.90333ms
Frame 330 end
Average processing time of GrabImageRGBD(): 9.89539ms
Frame 331 end
Average processing time of GrabImageRGBD(): 9.96152ms
Frame 332 end
Average processing time of GrabImageRGBD(): 9.94548ms
Frame 333 end
Average processing time of GrabImageRGBD(): 9.93601ms
Frame 334 end
Average processing time of GrabImageRGBD(): 9.93389ms
Frame 335 end
Average processing time of GrabImageRGBD(): 9.92767ms
Frame 336 end
Average processing time of GrabImageRGBD(): 9.90911ms
Frame 337 end
Average processing time of GrabImageRGBD(): 9.97158ms
Frame 338 end
Average processing time of GrabImageRGBD(): 9.95561ms
Frame 339 end
Average processing time of GrabImageRGBD(): 9.9353ms
Frame 340 end
Average processing time of GrabImageRGBD(): 9.91601ms
Frame 341 end
Average processing time of GrabImageRGBD(): 9.89553ms
Frame 342 end
Average processing time of GrabImageRGBD(): 9.87681ms
Frame 343 end
Average processing time of GrabImageRGBD(): 9.8637ms
Frame 344 end
Average processing time of GrabImageRGBD(): 9.92048ms
Frame 345 end
Average processing time of GrabImageRGBD(): 9.92176ms
Frame 346 end
Average processing time of GrabImageRGBD(): 9.90342ms
Frame 347 end
Average processing time of GrabImageRGBD(): 9.90088ms
Frame 348 end
Average processing time of GrabImageRGBD(): 9.89824ms
Frame 349 end
Average processing time of GrabImageRGBD(): 9.89372ms
Frame 350 end
Average processing time of GrabImageRGBD(): 9.8897ms
Frame 351 end
Average processing time of GrabImageRGBD(): 9.95146ms
Frame 352 end
Average processing time of GrabImageRGBD(): 9.95247ms
Frame 353 end
Average processing time of GrabImageRGBD(): 9.93499ms
Frame 354 end
Average processing time of GrabImageRGBD(): 9.91635ms
Frame 355 end
Average processing time of GrabImageRGBD(): 9.91256ms
Frame 356 end
Average processing time of GrabImageRGBD(): 9.89477ms
Frame 357 end
Average processing time of GrabImageRGBD(): 9.88666ms
Frame 358 end
Average processing time of GrabImageRGBD(): 9.94446ms
Frame 359 end
Average processing time of GrabImageRGBD(): 9.93028ms
Frame 360 end
Average processing time of GrabImageRGBD(): 9.90997ms
Frame 361 end
Average processing time of GrabImageRGBD(): 9.90033ms
Frame 362 end
Average processing time of GrabImageRGBD(): 9.89736ms
Frame 363 end
Average processing time of GrabImageRGBD(): 9.89616ms
Frame 364 end
Average processing time of GrabImageRGBD(): 9.89212ms
Frame 365 end
Average processing time of GrabImageRGBD(): 9.9524ms
Frame 366 end
Average processing time of GrabImageRGBD(): 9.9561ms
Frame 367 end
Average processing time of GrabImageRGBD(): 9.93808ms
Frame 368 end
Average processing time of GrabImageRGBD(): 9.92088ms
Frame 369 end
Average processing time of GrabImageRGBD(): 9.91254ms
Frame 370 end
Average processing time of GrabImageRGBD(): 9.91391ms
Frame 371 end
Average processing time of GrabImageRGBD(): 9.91462ms
Frame 372 end
Average processing time of GrabImageRGBD(): 9.90287ms
Frame 373 end
Average processing time of GrabImageRGBD(): 9.88589ms
Frame 374 end
Average processing time of GrabImageRGBD(): 9.9494ms
Frame 375 end
Average processing time of GrabImageRGBD(): 9.95202ms
Frame 376 end
Average processing time of GrabImageRGBD(): 9.93387ms
Frame 377 end
Average processing time of GrabImageRGBD(): 9.92973ms
Frame 378 end
Average processing time of GrabImageRGBD(): 9.92699ms
Frame 379 end
Average processing time of GrabImageRGBD(): 9.911ms
Frame 380 end
Average processing time of GrabImageRGBD(): 9.89375ms
Frame 381 end
Average processing time of GrabImageRGBD(): 9.95202ms
Frame 382 end
Average processing time of GrabImageRGBD(): 9.95463ms
Frame 383 end
Average processing time of GrabImageRGBD(): 9.95546ms
Frame 384 end
Average processing time of GrabImageRGBD(): 9.9547ms
Frame 385 end
Average processing time of GrabImageRGBD(): 9.9559ms
Frame 386 end
Average processing time of GrabImageRGBD(): 9.9418ms
Frame 387 end
Average processing time of GrabImageRGBD(): 9.94144ms
Frame 388 end
Average processing time of GrabImageRGBD(): 9.94031ms
Frame 389 end
Average processing time of GrabImageRGBD(): 9.92297ms
Frame 390 end
Average processing time of GrabImageRGBD(): 9.98031ms
Frame 391 end
Average processing time of GrabImageRGBD(): 9.96757ms
Frame 392 end
Average processing time of GrabImageRGBD(): 9.95063ms
Frame 393 end
Average processing time of GrabImageRGBD(): 9.94832ms
Frame 394 end
Average processing time of GrabImageRGBD(): 9.95159ms
Frame 395 end
Average processing time of GrabImageRGBD(): 9.94582ms
Frame 396 end
Average processing time of GrabImageRGBD(): 9.92806ms
Frame 397 end
Average processing time of GrabImageRGBD(): 9.92027ms
Frame 398 end
Average processing time of GrabImageRGBD(): 9.96561ms
Frame 399 end
Average processing time of GrabImageRGBD(): 9.96251ms
Frame 400 end
Average processing time of GrabImageRGBD(): 9.96282ms
Frame 401 end
Average processing time of GrabImageRGBD(): 9.9622ms
Frame 402 end
Average processing time of GrabImageRGBD(): 9.94675ms
Frame 403 end
Average processing time of GrabImageRGBD(): 9.94228ms
Frame 404 end
Average processing time of GrabImageRGBD(): 9.94096ms
Frame 405 end
Average processing time of GrabImageRGBD(): 9.98546ms
Frame 406 end
Average processing time of GrabImageRGBD(): 9.98837ms
Frame 407 end
Average processing time of GrabImageRGBD(): 9.97374ms
Frame 408 end
Average processing time of GrabImageRGBD(): 9.95918ms
Frame 409 end
Average processing time of GrabImageRGBD(): 9.95421ms
Frame 410 end
Average processing time of GrabImageRGBD(): 9.9493ms
Frame 411 end
Average processing time of GrabImageRGBD(): 9.94459ms
Frame 412 end
Average processing time of GrabImageRGBD(): 9.99329ms
Frame 413 end
Average processing time of GrabImageRGBD(): 9.9913ms
Frame 414 end
Average processing time of GrabImageRGBD(): 9.98726ms
Frame 415 end
Average processing time of GrabImageRGBD(): 9.97559ms
Frame 416 end
Average processing time of GrabImageRGBD(): 9.95943ms
Frame 417 end
Average processing time of GrabImageRGBD(): 9.95322ms
Frame 418 end
Average processing time of GrabImageRGBD(): 9.94401ms
Frame 419 end
Average processing time of GrabImageRGBD(): 9.93095ms
Frame 420 end
Average processing time of GrabImageRGBD(): 9.92248ms
Frame 421 end
Average processing time of GrabImageRGBD(): 9.96881ms
Frame 422 end
Average processing time of GrabImageRGBD(): 9.96004ms
Frame 423 end
Average processing time of GrabImageRGBD(): 9.96066ms
Frame 424 end
Average processing time of GrabImageRGBD(): 9.96054ms
Frame 425 end
Average processing time of GrabImageRGBD(): 9.9615ms
Frame 426 end
Average processing time of GrabImageRGBD(): 9.94812ms
Frame 427 end
Average processing time of GrabImageRGBD(): 9.93182ms
Frame 428 end
Average processing time of GrabImageRGBD(): 9.93021ms
Frame 429 end
Average processing time of GrabImageRGBD(): 9.91538ms
Frame 430 end
Average processing time of GrabImageRGBD(): 9.9089ms
Frame 431 end
Average processing time of GrabImageRGBD(): 9.90746ms
Frame 432 end
Average processing time of GrabImageRGBD(): 9.90528ms
Frame 433 end
Average processing time of GrabImageRGBD(): 9.95713ms
Frame 434 end
Average processing time of GrabImageRGBD(): 9.95646ms
Frame 435 end
Average processing time of GrabImageRGBD(): 9.95465ms
Frame 436 end
Average processing time of GrabImageRGBD(): 9.93984ms
Frame 437 end
Average processing time of GrabImageRGBD(): 9.92879ms
Frame 438 end
Average processing time of GrabImageRGBD(): 9.91443ms
Frame 439 end
Average processing time of GrabImageRGBD(): 9.90801ms
Frame 440 end
Average processing time of GrabImageRGBD(): 9.95521ms
Frame 441 end
Average processing time of GrabImageRGBD(): 9.9533ms
Frame 442 end
Average processing time of GrabImageRGBD(): 9.9379ms
Frame 443 end
Average processing time of GrabImageRGBD(): 9.93919ms
Frame 444 end
Average processing time of GrabImageRGBD(): 9.92257ms
Frame 445 end
Average processing time of GrabImageRGBD(): 9.91622ms
Frame 446 end
Average processing time of GrabImageRGBD(): 9.90986ms
Frame 447 end
Average processing time of GrabImageRGBD(): 9.95246ms
Frame 448 end
Average processing time of GrabImageRGBD(): 9.95384ms
Frame 449 end
Average processing time of GrabImageRGBD(): 9.93911ms
Frame 450 end
Average processing time of GrabImageRGBD(): 9.93721ms
Frame 451 end
Average processing time of GrabImageRGBD(): 9.92409ms
Frame 452 end
Average processing time of GrabImageRGBD(): 9.9108ms
Frame 453 end
Average processing time of GrabImageRGBD(): 9.90079ms
Frame 454 end
Average processing time of GrabImageRGBD(): 9.8979ms
Frame 455 end
Average processing time of GrabImageRGBD(): 9.94339ms
Frame 456 end
Average processing time of GrabImageRGBD(): 9.93087ms
Frame 457 end
Average processing time of GrabImageRGBD(): 9.92784ms
Frame 458 end
Average processing time of GrabImageRGBD(): 9.92522ms
Frame 459 end
Average processing time of GrabImageRGBD(): 9.92187ms
Frame 460 end
Average processing time of GrabImageRGBD(): 9.91655ms
Frame 461 end
Average processing time of GrabImageRGBD(): 9.95528ms
Frame 462 end
Average processing time of GrabImageRGBD(): 9.95812ms
Frame 463 end
Average processing time of GrabImageRGBD(): 9.94423ms
Frame 464 end
Average processing time of GrabImageRGBD(): 9.93188ms
Frame 465 end
Average processing time of GrabImageRGBD(): 9.92534ms
Frame 466 end
Average processing time of GrabImageRGBD(): 9.91517ms
Frame 467 end
Average processing time of GrabImageRGBD(): 9.90863ms
Frame 468 end
Average processing time of GrabImageRGBD(): 9.89532ms
Frame 469 end
Average processing time of GrabImageRGBD(): 9.89364ms
Frame 470 end
Average processing time of GrabImageRGBD(): 9.89084ms
Frame 471 end
Average processing time of GrabImageRGBD(): 9.87683ms
Frame 472 end
Average processing time of GrabImageRGBD(): 9.87428ms
Frame 473 end
Average processing time of GrabImageRGBD(): 9.87144ms
Frame 474 end
Average processing time of GrabImageRGBD(): 9.86901ms
Frame 475 end
Average processing time of GrabImageRGBD(): 9.8649ms
Frame 476 end
Average processing time of GrabImageRGBD(): 9.86256ms
Frame 477 end
Average processing time of GrabImageRGBD(): 9.84928ms
Frame 478 end
Average processing time of GrabImageRGBD(): 9.8354ms
Frame 479 end
Average processing time of GrabImageRGBD(): 9.8219ms
Frame 480 end
Average processing time of GrabImageRGBD(): 9.85689ms
Frame 481 end
Average processing time of GrabImageRGBD(): 9.85853ms
Frame 482 end
Average processing time of GrabImageRGBD(): 9.84538ms
Frame 483 end
Average processing time of GrabImageRGBD(): 9.84466ms
Frame 484 end
Average processing time of GrabImageRGBD(): 9.83809ms
Frame 485 end
Average processing time of GrabImageRGBD(): 9.83615ms
Frame 486 end
Average processing time of GrabImageRGBD(): 9.83457ms
Frame 487 end
Average processing time of GrabImageRGBD(): 9.83179ms
Frame 488 end
Average processing time of GrabImageRGBD(): 9.82228ms
Frame 489 end
Average processing time of GrabImageRGBD(): 9.80906ms
Frame 490 end
Average processing time of GrabImageRGBD(): 9.7986ms
Frame 491 end
Average processing time of GrabImageRGBD(): 9.79784ms
Frame 492 end
Average processing time of GrabImageRGBD(): 9.79001ms
Frame 493 end
Average processing time of GrabImageRGBD(): 9.77785ms
Frame 494 end
Average processing time of GrabImageRGBD(): 9.77545ms
Frame 495 end
Average processing time of GrabImageRGBD(): 9.7741ms
Frame 496 end
Average processing time of GrabImageRGBD(): 9.77277ms
Frame 497 end
Average processing time of GrabImageRGBD(): 9.75914ms
Frame 498 end
Average processing time of GrabImageRGBD(): 9.75732ms
Frame 499 end
Average processing time of GrabImageRGBD(): 9.75661ms
Frame 500 end
Average processing time of GrabImageRGBD(): 9.75547ms
Frame 501 end
Average processing time of GrabImageRGBD(): 9.74211ms
Frame 502 end
Average processing time of GrabImageRGBD(): 9.74073ms
Frame 503 end
Average processing time of GrabImageRGBD(): 9.77381ms
Frame 504 end
Average processing time of GrabImageRGBD(): 9.76836ms
Frame 505 end
Average processing time of GrabImageRGBD(): 9.75541ms
Frame 506 end
Average processing time of GrabImageRGBD(): 9.75096ms
Frame 507 end
Average processing time of GrabImageRGBD(): 9.74586ms
Frame 508 end
Average processing time of GrabImageRGBD(): 9.73575ms
Frame 509 end
Average processing time of GrabImageRGBD(): 9.7716ms
Frame 510 end
Average processing time of GrabImageRGBD(): 9.76056ms
Frame 511 end
Average processing time of GrabImageRGBD(): 9.75037ms
Frame 512 end
Average processing time of GrabImageRGBD(): 9.74875ms
Frame 513 end
Average processing time of GrabImageRGBD(): 9.74705ms
Frame 514 end
Average processing time of GrabImageRGBD(): 9.73669ms
Frame 515 end
Average processing time of GrabImageRGBD(): 9.73448ms
Frame 516 end
Average processing time of GrabImageRGBD(): 9.7341ms
Frame 517 end
Average processing time of GrabImageRGBD(): 9.77527ms
Frame 518 end
Average processing time of GrabImageRGBD(): 9.77519ms
Frame 519 end
Average processing time of GrabImageRGBD(): 9.76852ms
Frame 520 end
Average processing time of GrabImageRGBD(): 9.76686ms
Frame 521 end
Average processing time of GrabImageRGBD(): 9.75898ms
Frame 522 end
Average processing time of GrabImageRGBD(): 9.75496ms
Frame 523 end
Average processing time of GrabImageRGBD(): 9.79312ms
Frame 524 end
Average processing time of GrabImageRGBD(): 9.79184ms
Frame 525 end
Average processing time of GrabImageRGBD(): 9.77979ms
Frame 526 end
Average processing time of GrabImageRGBD(): 9.77737ms
Frame 527 end
Average processing time of GrabImageRGBD(): 9.77283ms
Frame 528 end
Average processing time of GrabImageRGBD(): 9.8104ms
Frame 529 end
Average processing time of GrabImageRGBD(): 9.81018ms
Frame 530 end
Average processing time of GrabImageRGBD(): 9.79685ms
Frame 531 end
Average processing time of GrabImageRGBD(): 9.79179ms
Frame 532 end
Average processing time of GrabImageRGBD(): 9.78011ms
Frame 533 end
Average processing time of GrabImageRGBD(): 9.77686ms
Frame 534 end
Average processing time of GrabImageRGBD(): 9.80874ms
Frame 535 end
Average processing time of GrabImageRGBD(): 9.80825ms
Frame 536 end
Average processing time of GrabImageRGBD(): 9.80544ms
Frame 537 end
Average processing time of GrabImageRGBD(): 9.8035ms
Frame 538 end
Average processing time of GrabImageRGBD(): 9.84202ms
Frame 539 end
Average processing time of GrabImageRGBD(): 9.8324ms
Frame 540 end
Average processing time of GrabImageRGBD(): 9.8207ms
Frame 541 end
Average processing time of GrabImageRGBD(): 9.8174ms
Frame 542 end
Average processing time of GrabImageRGBD(): 9.85484ms
Frame 543 end
Average processing time of GrabImageRGBD(): 9.8541ms
Frame 544 end
Average processing time of GrabImageRGBD(): 9.84337ms
Frame 545 end
Average processing time of GrabImageRGBD(): 9.83915ms
Frame 546 end
Average processing time of GrabImageRGBD(): 9.82734ms
Frame 547 end
Average processing time of GrabImageRGBD(): 9.85991ms
Frame 548 end
Average processing time of GrabImageRGBD(): 9.86432ms
Frame 549 end
Average processing time of GrabImageRGBD(): 9.85255ms
Frame 550 end
Average processing time of GrabImageRGBD(): 9.84772ms
Frame 551 end
Average processing time of GrabImageRGBD(): 9.84411ms
Frame 552 end
Average processing time of GrabImageRGBD(): 9.89796ms
Frame 553 end
Average processing time of GrabImageRGBD(): 9.89513ms
Frame 554 end
Average processing time of GrabImageRGBD(): 9.89354ms
Frame 555 end
Average processing time of GrabImageRGBD(): 9.88942ms
Frame 556 end
Average processing time of GrabImageRGBD(): 9.87836ms
Frame 557 end
Average processing time of GrabImageRGBD(): 9.87594ms
Frame 558 end
Average processing time of GrabImageRGBD(): 9.91435ms
Frame 559 end
Average processing time of GrabImageRGBD(): 9.90497ms
Frame 560 end
Average processing time of GrabImageRGBD(): 9.89664ms
Frame 561 end
Average processing time of GrabImageRGBD(): 9.89614ms
Frame 562 end
Average processing time of GrabImageRGBD(): 9.88561ms
Frame 563 end
Average processing time of GrabImageRGBD(): 9.8835ms
Frame 564 end
Average processing time of GrabImageRGBD(): 9.87206ms
Frame 565 end
Average processing time of GrabImageRGBD(): 9.9064ms
Frame 566 end
Average processing time of GrabImageRGBD(): 9.909ms
Frame 567 end
Average processing time of GrabImageRGBD(): 9.90806ms
Frame 568 end
Average processing time of GrabImageRGBD(): 9.90742ms
Frame 569 end
Average processing time of GrabImageRGBD(): 9.90632ms
Frame 570 end
Average processing time of GrabImageRGBD(): 9.90319ms
Frame 571 end
Average processing time of GrabImageRGBD(): 9.93728ms
Frame 572 end
Average processing time of GrabImageRGBD(): 9.93004ms
Frame 573 end
Average processing time of GrabImageRGBD(): 9.91902ms
Frame 574 end
Average processing time of GrabImageRGBD(): 9.9146ms
Frame 575 end
Average processing time of GrabImageRGBD(): 9.90365ms
Frame 576 end
Average processing time of GrabImageRGBD(): 9.89321ms
Frame 577 end
Average processing time of GrabImageRGBD(): 9.88455ms
Frame 578 end
Average processing time of GrabImageRGBD(): 9.91892ms
Frame 579 end
Average processing time of GrabImageRGBD(): 9.92112ms
Frame 580 end
Average processing time of GrabImageRGBD(): 9.91047ms
Frame 581 end
Average processing time of GrabImageRGBD(): 9.89976ms
Frame 582 end
Average processing time of GrabImageRGBD(): 9.89827ms
Frame 583 end
Average processing time of GrabImageRGBD(): 9.88773ms
Frame 584 end
Average processing time of GrabImageRGBD(): 9.88332ms
Frame 585 end
Average processing time of GrabImageRGBD(): 9.87289ms
Frame 586 end
Average processing time of GrabImageRGBD(): 9.86829ms
Frame 587 end
Average processing time of GrabImageRGBD(): 9.90173ms
Frame 588 end
Average processing time of GrabImageRGBD(): 9.8937ms
Frame 589 end
Average processing time of GrabImageRGBD(): 9.89798ms
Frame 590 end
Average processing time of GrabImageRGBD(): 9.89007ms
Frame 591 end
Average processing time of GrabImageRGBD(): 9.88796ms
Frame 592 end
Average processing time of GrabImageRGBD(): 9.87785ms
Frame 593 end
Average processing time of GrabImageRGBD(): 9.87449ms
Frame 594 end
Average processing time of GrabImageRGBD(): 9.8638ms
Frame 595 end
Average processing time of GrabImageRGBD(): 9.90823ms
Frame 596 end
Average processing time of GrabImageRGBD(): 9.90911ms
Frame 597 end
Average processing time of GrabImageRGBD(): 9.90854ms
Frame 598 end
Average processing time of GrabImageRGBD(): 9.90799ms
Frame 599 end
Average processing time of GrabImageRGBD(): 9.89769ms
Frame 600 end
Average processing time of GrabImageRGBD(): 9.90126ms
Frame 601 end
Average processing time of GrabImageRGBD(): 9.89046ms
Frame 602 end
Average processing time of GrabImageRGBD(): 9.88354ms
Frame 603 end
Average processing time of GrabImageRGBD(): 9.91839ms
Frame 604 end
Average processing time of GrabImageRGBD(): 9.90927ms
Frame 605 end
Average processing time of GrabImageRGBD(): 9.90064ms
Frame 606 end
Average processing time of GrabImageRGBD(): 9.8904ms
Frame 607 end
Average processing time of GrabImageRGBD(): 9.87979ms
Frame 608 end
Average processing time of GrabImageRGBD(): 9.86901ms
Frame 609 end
Average processing time of GrabImageRGBD(): 9.86731ms
Frame 610 end
Average processing time of GrabImageRGBD(): 9.86525ms
Frame 611 end
Average processing time of GrabImageRGBD(): 9.90132ms
Frame 612 end
Average processing time of GrabImageRGBD(): 9.89688ms
Frame 613 end
Average processing time of GrabImageRGBD(): 9.88612ms
Frame 614 end
Average processing time of GrabImageRGBD(): 9.87534ms
Frame 615 end
Average processing time of GrabImageRGBD(): 9.86958ms
Frame 616 end
Average processing time of GrabImageRGBD(): 9.85861ms
Frame 617 end
Average processing time of GrabImageRGBD(): 9.85242ms
Frame 618 end
Average processing time of GrabImageRGBD(): 9.84654ms
Frame 619 end
Average processing time of GrabImageRGBD(): 9.87948ms
Frame 620 end
Average processing time of GrabImageRGBD(): 9.88323ms
Frame 621 end
Average processing time of GrabImageRGBD(): 9.8803ms
Frame 622 end
Average processing time of GrabImageRGBD(): 9.86945ms
Frame 623 end
Average processing time of GrabImageRGBD(): 9.85874ms
Frame 624 end
Average processing time of GrabImageRGBD(): 9.85615ms
Frame 625 end
Average processing time of GrabImageRGBD(): 9.84882ms
Frame 626 end
Average processing time of GrabImageRGBD(): 9.88111ms
Frame 627 end
Average processing time of GrabImageRGBD(): 9.88349ms
Frame 628 end
Average processing time of GrabImageRGBD(): 9.87418ms
Frame 629 end
Average processing time of GrabImageRGBD(): 9.87512ms
Frame 630 end
Average processing time of GrabImageRGBD(): 9.87572ms
Frame 631 end
Average processing time of GrabImageRGBD(): 9.87323ms
Frame 632 end
Average processing time of GrabImageRGBD(): 9.87301ms
Frame 633 end
Average processing time of GrabImageRGBD(): 9.87266ms
Frame 634 end
Average processing time of GrabImageRGBD(): 9.86285ms
Frame 635 end
Average processing time of GrabImageRGBD(): 9.89257ms
Frame 636 end
Average processing time of GrabImageRGBD(): 9.89503ms
Frame 637 end
Average processing time of GrabImageRGBD(): 9.88851ms
Frame 638 end
Average processing time of GrabImageRGBD(): 9.88882ms
Frame 639 end
Average processing time of GrabImageRGBD(): 9.88516ms
Frame 640 end
Average processing time of GrabImageRGBD(): 9.88473ms
Frame 641 end
Average processing time of GrabImageRGBD(): 9.87589ms
Frame 642 end
Average processing time of GrabImageRGBD(): 9.87497ms
Frame 643 end
Average processing time of GrabImageRGBD(): 9.87351ms
Frame 644 end
Average processing time of GrabImageRGBD(): 9.86403ms
Frame 645 end
Average processing time of GrabImageRGBD(): 9.85431ms
Frame 646 end
Average processing time of GrabImageRGBD(): 9.88984ms
Frame 647 end
Average processing time of GrabImageRGBD(): 9.88766ms
Frame 648 end
Average processing time of GrabImageRGBD(): 9.88352ms
Frame 649 end
Average processing time of GrabImageRGBD(): 9.87969ms
Frame 650 end
Average processing time of GrabImageRGBD(): 9.87702ms
Frame 651 end
Average processing time of GrabImageRGBD(): 9.87302ms
Frame 652 end
Average processing time of GrabImageRGBD(): 9.87399ms
Frame 653 end
Average processing time of GrabImageRGBD(): 9.87403ms
Frame 654 end
Average processing time of GrabImageRGBD(): 9.90907ms
Frame 655 end
Average processing time of GrabImageRGBD(): 9.91369ms
Frame 656 end
Average processing time of GrabImageRGBD(): 9.91467ms
Frame 657 end
Average processing time of GrabImageRGBD(): 9.9103ms
Frame 658 end
Average processing time of GrabImageRGBD(): 9.90611ms
Frame 659 end
Average processing time of GrabImageRGBD(): 9.90495ms
Frame 660 end
Average processing time of GrabImageRGBD(): 9.90489ms
Frame 661 end
Average processing time of GrabImageRGBD(): 9.90823ms
Frame 662 end
Average processing time of GrabImageRGBD(): 9.90624ms
Frame 663 end
Average processing time of GrabImageRGBD(): 9.94496ms
Frame 664 end
Average processing time of GrabImageRGBD(): 9.95316ms
Frame 665 end
Average processing time of GrabImageRGBD(): 9.9561ms
Frame 666 end
Average processing time of GrabImageRGBD(): 9.95856ms
Frame 667 end
Average processing time of GrabImageRGBD(): 9.9604ms
Frame 668 end
Average processing time of GrabImageRGBD(): 9.96464ms
Frame 669 end
Average processing time of GrabImageRGBD(): 9.96795ms
Frame 670 end
Average processing time of GrabImageRGBD(): 9.96666ms
Frame 671 end
Average processing time of GrabImageRGBD(): 9.96791ms
Frame 672 end
Average processing time of GrabImageRGBD(): 9.97089ms
Frame 673 end
Average processing time of GrabImageRGBD(): 10.0092ms
Frame 674 end
Average processing time of GrabImageRGBD(): 10.0113ms
Frame 675 end
Average processing time of GrabImageRGBD(): 10.0152ms
Frame 676 end
Average processing time of GrabImageRGBD(): 10.0157ms
Frame 677 end
Average processing time of GrabImageRGBD(): 10.0202ms
Frame 678 end
Average processing time of GrabImageRGBD(): 10.0219ms
Frame 679 end
Average processing time of GrabImageRGBD(): 10.0249ms
Frame 680 end
Average processing time of GrabImageRGBD(): 10.0267ms
Frame 681 end
Average processing time of GrabImageRGBD(): 10.0301ms
Frame 682 end
Average processing time of GrabImageRGBD(): 10.0709ms
Frame 683 end
Average processing time of GrabImageRGBD(): 10.0739ms
Frame 684 end
Average processing time of GrabImageRGBD(): 10.0749ms
Frame 685 end
Average processing time of GrabImageRGBD(): 10.0762ms
Frame 686 end
Average processing time of GrabImageRGBD(): 10.0727ms
Frame 687 end
Average processing time of GrabImageRGBD(): 10.0751ms
Frame 688 end
Average processing time of GrabImageRGBD(): 10.0767ms
Frame 689 end
Average processing time of GrabImageRGBD(): 10.0788ms
Frame 690 end
Average processing time of GrabImageRGBD(): 10.0724ms
Frame 691 end
Average processing time of GrabImageRGBD(): 10.1127ms
Frame 692 end
Average processing time of GrabImageRGBD(): 10.1141ms
Frame 693 end
Average processing time of GrabImageRGBD(): 10.1202ms
Frame 694 end
Average processing time of GrabImageRGBD(): 10.122ms
Frame 695 end
Average processing time of GrabImageRGBD(): 10.1205ms
Frame 696 end
Average processing time of GrabImageRGBD(): 10.1219ms
Frame 697 end
Average processing time of GrabImageRGBD(): 10.1193ms
Frame 698 end
Average processing time of GrabImageRGBD(): 10.1203ms
Frame 699 end
Average processing time of GrabImageRGBD(): 10.1219ms
Frame 700 end
Average processing time of GrabImageRGBD(): 10.1247ms
Frame 701 end
Average processing time of GrabImageRGBD(): 10.1643ms
Frame 702 end
Average processing time of GrabImageRGBD(): 10.1663ms
Frame 703 end
Average processing time of GrabImageRGBD(): 10.1618ms
Frame 704 end
Average processing time of GrabImageRGBD(): 10.1648ms
Frame 705 end
Average processing time of GrabImageRGBD(): 10.1705ms
Frame 706 end
Average processing time of GrabImageRGBD(): 10.1686ms
Frame 707 end
Average processing time of GrabImageRGBD(): 10.1702ms
Frame 708 end
Average processing time of GrabImageRGBD(): 10.1642ms
Frame 709 end
Average processing time of GrabImageRGBD(): 10.1662ms
Frame 710 end
Average processing time of GrabImageRGBD(): 10.1597ms
Frame 711 end
Average processing time of GrabImageRGBD(): 10.1869ms
Frame 712 end
Average processing time of GrabImageRGBD(): 10.1829ms
Frame 713 end
Average processing time of GrabImageRGBD(): 10.1753ms
Frame 714 end
Average processing time of GrabImageRGBD(): 10.1655ms
Frame 715 end
Average processing time of GrabImageRGBD(): 10.1959ms
Frame 716 end
Average processing time of GrabImageRGBD(): 10.188ms
Frame 717 end
Average processing time of GrabImageRGBD(): 10.2173ms
Frame 718 end
Average processing time of GrabImageRGBD(): 10.2161ms
Frame 719 end
Average processing time of GrabImageRGBD(): 10.2064ms
Frame 720 end
Average processing time of GrabImageRGBD(): 10.1969ms
Frame 721 end
Average processing time of GrabImageRGBD(): 10.193ms
Frame 722 end
Average processing time of GrabImageRGBD(): 10.1839ms
Frame 723 end
Average processing time of GrabImageRGBD(): 10.1785ms
Frame 724 end
Average processing time of GrabImageRGBD(): 10.1725ms
Frame 725 end
Average processing time of GrabImageRGBD(): 10.2058ms
Frame 726 end
Average processing time of GrabImageRGBD(): 10.2081ms
Frame 727 end
Average processing time of GrabImageRGBD(): 10.2036ms
Frame 728 end
Average processing time of GrabImageRGBD(): 10.194ms
Frame 729 end
Average processing time of GrabImageRGBD(): 10.1844ms
Frame 730 end
Average processing time of GrabImageRGBD(): 10.1796ms
Frame 731 end
Average processing time of GrabImageRGBD(): 10.175ms
Frame 732 end
Average processing time of GrabImageRGBD(): 10.1701ms
Frame 733 end
Average processing time of GrabImageRGBD(): 10.1643ms
Frame 734 end
Average processing time of GrabImageRGBD(): 10.1547ms
Frame 735 end
Average processing time of GrabImageRGBD(): 10.1493ms
Frame 736 end
Average processing time of GrabImageRGBD(): 10.1397ms
Frame 737 end
Average processing time of GrabImageRGBD(): 10.131ms
Frame 738 end
Average processing time of GrabImageRGBD(): 10.1246ms
Frame 739 end
Average processing time of GrabImageRGBD(): 10.1503ms
Frame 740 end
Average processing time of GrabImageRGBD(): 10.1431ms
Frame 741 end
Average processing time of GrabImageRGBD(): 10.1403ms
Frame 742 end
Average processing time of GrabImageRGBD(): 10.1373ms
Frame 743 end
Average processing time of GrabImageRGBD(): 10.1283ms
Frame 744 end
Average processing time of GrabImageRGBD(): 10.1196ms
Frame 745 end
Average processing time of GrabImageRGBD(): 10.1124ms
Frame 746 end
Average processing time of GrabImageRGBD(): 10.1054ms
Frame 747 end
Average processing time of GrabImageRGBD(): 10.0963ms
Frame 748 end
Average processing time of GrabImageRGBD(): 10.0873ms
Frame 749 end
Average processing time of GrabImageRGBD(): 10.079ms
Frame 750 end
Average processing time of GrabImageRGBD(): 10.072ms
Frame 751 end
Average processing time of GrabImageRGBD(): 10.0666ms
Frame 752 end
Average processing time of GrabImageRGBD(): 10.0611ms
Frame 753 end
Average processing time of GrabImageRGBD(): 10.0867ms
Frame 754 end
Average processing time of GrabImageRGBD(): 10.0848ms
Frame 755 end
Average processing time of GrabImageRGBD(): 10.0764ms
Frame 756 end
Average processing time of GrabImageRGBD(): 10.0708ms
Frame 757 end
Average processing time of GrabImageRGBD(): 10.0623ms
Frame 758 end
Average processing time of GrabImageRGBD(): 10.0886ms
Frame 759 end
Average processing time of GrabImageRGBD(): 10.086ms
Frame 760 end
Average processing time of GrabImageRGBD(): 10.0773ms
Frame 761 end
Average processing time of GrabImageRGBD(): 10.0725ms
Frame 762 end
Average processing time of GrabImageRGBD(): 10.0677ms
Frame 763 end
Average processing time of GrabImageRGBD(): 10.0578ms
Frame 764 end
Average processing time of GrabImageRGBD(): 10.0517ms
Frame 765 end
Average processing time of GrabImageRGBD(): 10.0455ms
Frame 766 end
Average processing time of GrabImageRGBD(): 10.0362ms
Frame 767 end
Average processing time of GrabImageRGBD(): 10.0269ms
Frame 768 end
Average processing time of GrabImageRGBD(): 10.0513ms
Frame 769 end
Average processing time of GrabImageRGBD(): 10.0495ms
Frame 770 end
Average processing time of GrabImageRGBD(): 10.0444ms
Frame 771 end
Average processing time of GrabImageRGBD(): 10.0355ms
Frame 772 end
Average processing time of GrabImageRGBD(): 10.0269ms
Frame 773 end
Average processing time of GrabImageRGBD(): 10.0228ms
Frame 774 end
Average processing time of GrabImageRGBD(): 10.0189ms
Frame 775 end
Average processing time of GrabImageRGBD(): 10.0101ms
Frame 776 end
Average processing time of GrabImageRGBD(): 10.0056ms
Frame 777 end
Average processing time of GrabImageRGBD(): 9.99713ms
Frame 778 end
Average processing time of GrabImageRGBD(): 9.99307ms
Frame 779 end
Average processing time of GrabImageRGBD(): 9.98472ms
Frame 780 end
Average processing time of GrabImageRGBD(): 10.011ms
Frame 781 end
Average processing time of GrabImageRGBD(): 10.0123ms
Frame 782 end
Average processing time of GrabImageRGBD(): 10.0046ms
Frame 783 end
Average processing time of GrabImageRGBD(): 9.99809ms
Frame 784 end
Average processing time of GrabImageRGBD(): 9.99695ms
Frame 785 end
Average processing time of GrabImageRGBD(): 9.99585ms
Frame 786 end
Average processing time of GrabImageRGBD(): 9.99411ms
Frame 787 end
Average processing time of GrabImageRGBD(): 9.9925ms
Frame 788 end
Average processing time of GrabImageRGBD(): 9.99109ms
Frame 789 end
Average processing time of GrabImageRGBD(): 9.9832ms
Frame 790 end
Average processing time of GrabImageRGBD(): 10.0096ms
Frame 791 end
Average processing time of GrabImageRGBD(): 10.0046ms
Frame 792 end
Average processing time of GrabImageRGBD(): 10.0046ms
Frame 793 end
Average processing time of GrabImageRGBD(): 9.99717ms
Frame 794 end
Average processing time of GrabImageRGBD(): 9.99071ms
Frame 795 end
Average processing time of GrabImageRGBD(): 10.0132ms
Frame 796 end
Average processing time of GrabImageRGBD(): 10.0098ms
Frame 797 end
Average processing time of GrabImageRGBD(): 10.0009ms
Frame 798 end
Average processing time of GrabImageRGBD(): 9.99408ms
Frame 799 end
Average processing time of GrabImageRGBD(): 9.98993ms
Frame 800 end
Average processing time of GrabImageRGBD(): 9.98598ms
Frame 801 end
Average processing time of GrabImageRGBD(): 9.97782ms
Frame 802 end
Average processing time of GrabImageRGBD(): 9.96931ms
Frame 803 end
Average processing time of GrabImageRGBD(): 9.96456ms
Frame 804 end
Average processing time of GrabImageRGBD(): 9.95992ms
Frame 805 end
Average processing time of GrabImageRGBD(): 9.95451ms
Frame 806 end
Average processing time of GrabImageRGBD(): 9.94825ms
Frame 807 end
Average processing time of GrabImageRGBD(): 9.97302ms
Frame 808 end
Average processing time of GrabImageRGBD(): 9.96641ms
Frame 809 end
Average processing time of GrabImageRGBD(): 9.96046ms
Frame 810 end
Average processing time of GrabImageRGBD(): 9.95263ms
Frame 811 end
Average processing time of GrabImageRGBD(): 9.95273ms
Frame 812 end
Average processing time of GrabImageRGBD(): 9.95101ms
Frame 813 end
Average processing time of GrabImageRGBD(): 9.94313ms
Frame 814 end
Average processing time of GrabImageRGBD(): 9.93839ms
Frame 815 end
Average processing time of GrabImageRGBD(): 9.93241ms
Frame 816 end
Average processing time of GrabImageRGBD(): 9.92508ms
Frame 817 end
Average processing time of GrabImageRGBD(): 9.95058ms
Frame 818 end
Average processing time of GrabImageRGBD(): 9.94339ms
Frame 819 end
Average processing time of GrabImageRGBD(): 9.93979ms
Frame 820 end
Average processing time of GrabImageRGBD(): 9.937ms
Frame 821 end
Average processing time of GrabImageRGBD(): 9.93019ms
Frame 822 end
Average processing time of GrabImageRGBD(): 9.92387ms
Frame 823 end
Average processing time of GrabImageRGBD(): 9.92115ms
Frame 824 end
Average processing time of GrabImageRGBD(): 9.91344ms
Frame 825 end
Average processing time of GrabImageRGBD(): 9.90846ms
Frame 826 end
Average processing time of GrabImageRGBD(): 9.90016ms
Frame 827 end
Average processing time of GrabImageRGBD(): 9.92467ms
Frame 828 end
Average processing time of GrabImageRGBD(): 9.9204ms
Frame 829 end
Average processing time of GrabImageRGBD(): 9.91823ms
Frame 830 end
Average processing time of GrabImageRGBD(): 9.91025ms
Frame 831 end
Average processing time of GrabImageRGBD(): 9.90271ms
Frame 832 end
Average processing time of GrabImageRGBD(): 9.90005ms
Frame 833 end
Average processing time of GrabImageRGBD(): 9.89223ms
Frame 834 end
Average processing time of GrabImageRGBD(): 9.88759ms
Frame 835 end
Average processing time of GrabImageRGBD(): 9.88349ms
Frame 836 end
Average processing time of GrabImageRGBD(): 9.90497ms
Frame 837 end
Average processing time of GrabImageRGBD(): 9.90392ms
Frame 838 end
Average processing time of GrabImageRGBD(): 9.90251ms
Frame 839 end
Average processing time of GrabImageRGBD(): 9.90289ms
Frame 840 end
Average processing time of GrabImageRGBD(): 9.9032ms
Frame 841 end
Average processing time of GrabImageRGBD(): 9.90364ms
Frame 842 end
Average processing time of GrabImageRGBD(): 9.90336ms
Frame 843 end
Average processing time of GrabImageRGBD(): 9.90181ms
Frame 844 end
Average processing time of GrabImageRGBD(): 9.92713ms
Frame 845 end
Average processing time of GrabImageRGBD(): 9.92403ms
Frame 846 end
Average processing time of GrabImageRGBD(): 9.91627ms
Frame 847 end
Average processing time of GrabImageRGBD(): 9.91386ms
Frame 848 end
Average processing time of GrabImageRGBD(): 9.90799ms
Frame 849 end
Average processing time of GrabImageRGBD(): 9.90615ms
Frame 850 end
Average processing time of GrabImageRGBD(): 9.90323ms
Frame 851 end
Average processing time of GrabImageRGBD(): 9.89782ms
Frame 852 end
Average processing time of GrabImageRGBD(): 9.89505ms
Frame 853 end
Average processing time of GrabImageRGBD(): 9.89202ms
Frame 854 end
Average processing time of GrabImageRGBD(): 9.91326ms
Frame 855 end
Average processing time of GrabImageRGBD(): 9.90626ms
Frame 856 end
Average processing time of GrabImageRGBD(): 9.9041ms
Frame 857 end
Average processing time of GrabImageRGBD(): 9.9026ms
Frame 858 end
Average processing time of GrabImageRGBD(): 9.89442ms
Frame 859 end
Average processing time of GrabImageRGBD(): 9.89241ms
Frame 860 end
Average processing time of GrabImageRGBD(): 9.88447ms
Frame 861 end
Average processing time of GrabImageRGBD(): 9.87821ms
Frame 862 end
Average processing time of GrabImageRGBD(): 9.87437ms
Frame 863 end
Average processing time of GrabImageRGBD(): 9.87154ms
Frame 864 end
Average processing time of GrabImageRGBD(): 9.86402ms
Frame 865 end
Average processing time of GrabImageRGBD(): 9.85687ms
Frame 866 end
Average processing time of GrabImageRGBD(): 9.87993ms
Frame 867 end
Average processing time of GrabImageRGBD(): 9.87976ms
Frame 868 end
Average processing time of GrabImageRGBD(): 9.87667ms
Frame 869 end
Average processing time of GrabImageRGBD(): 9.87047ms
Frame 870 end
Average processing time of GrabImageRGBD(): 9.86847ms
Frame 871 end
Average processing time of GrabImageRGBD(): 9.86307ms
Frame 872 end
Average processing time of GrabImageRGBD(): 9.85986ms
Frame 873 end
Average processing time of GrabImageRGBD(): 9.88442ms
Frame 874 end
Average processing time of GrabImageRGBD(): 9.87902ms
Frame 875 end
Average processing time of GrabImageRGBD(): 9.87746ms
Frame 876 end
Average processing time of GrabImageRGBD(): 9.87535ms
Frame 877 end
Average processing time of GrabImageRGBD(): 9.87316ms
Frame 878 end
Average processing time of GrabImageRGBD(): 9.86755ms
Frame 879 end
Average processing time of GrabImageRGBD(): 9.86293ms
Frame 880 end
Average processing time of GrabImageRGBD(): 9.85711ms
Frame 881 end
Average processing time of GrabImageRGBD(): 9.88013ms
Frame 882 end
Average processing time of GrabImageRGBD(): 9.87351ms
Frame 883 end
Average processing time of GrabImageRGBD(): 9.86976ms
Frame 884 end
Average processing time of GrabImageRGBD(): 9.86257ms
Frame 885 end
Average processing time of GrabImageRGBD(): 9.86152ms
Frame 886 end
Average processing time of GrabImageRGBD(): 9.85685ms
Frame 887 end
Average processing time of GrabImageRGBD(): 9.851ms
Frame 888 end
Average processing time of GrabImageRGBD(): 9.84796ms
Frame 889 end
Average processing time of GrabImageRGBD(): 9.84061ms
Frame 890 end
Average processing time of GrabImageRGBD(): 9.83446ms
Frame 891 end
Average processing time of GrabImageRGBD(): 9.83153ms
Frame 892 end
Average processing time of GrabImageRGBD(): 9.8641ms
Frame 893 end
Average processing time of GrabImageRGBD(): 9.86461ms
Frame 894 end
Average processing time of GrabImageRGBD(): 9.86327ms
Frame 895 end
Average processing time of GrabImageRGBD(): 9.8583ms
Frame 896 end
Average processing time of GrabImageRGBD(): 9.85494ms
Frame 897 end
Average processing time of GrabImageRGBD(): 9.84913ms
Frame 898 end
Average processing time of GrabImageRGBD(): 9.84185ms
Frame 899 end
Average processing time of GrabImageRGBD(): 9.83582ms
Frame 900 end
Average processing time of GrabImageRGBD(): 9.83344ms
Frame 901 end
Average processing time of GrabImageRGBD(): 9.83083ms
Frame 902 end
Average processing time of GrabImageRGBD(): 9.85406ms
Frame 903 end
Average processing time of GrabImageRGBD(): 9.84926ms
Frame 904 end
Average processing time of GrabImageRGBD(): 9.84312ms
Frame 905 end
Average processing time of GrabImageRGBD(): 9.83606ms
Frame 906 end
Average processing time of GrabImageRGBD(): 9.82904ms
Frame 907 end
Average processing time of GrabImageRGBD(): 9.82531ms
Frame 908 end
Average processing time of GrabImageRGBD(): 9.81808ms
Frame 909 end
Average processing time of GrabImageRGBD(): 9.815ms
Frame 910 end
Average processing time of GrabImageRGBD(): 9.80969ms
Frame 911 end
Average processing time of GrabImageRGBD(): 9.8065ms
Frame 912 end
Average processing time of GrabImageRGBD(): 9.79973ms
Frame 913 end
Average processing time of GrabImageRGBD(): 9.81949ms
Frame 914 end
Average processing time of GrabImageRGBD(): 9.81488ms
Frame 915 end
Average processing time of GrabImageRGBD(): 9.80795ms
Frame 916 end
Average processing time of GrabImageRGBD(): 9.80592ms
Frame 917 end
Average processing time of GrabImageRGBD(): 9.80006ms
Frame 918 end
Average processing time of GrabImageRGBD(): 9.79359ms
Frame 919 end
Average processing time of GrabImageRGBD(): 9.79044ms
Frame 920 end
Average processing time of GrabImageRGBD(): 9.78394ms
Frame 921 end
Average processing time of GrabImageRGBD(): 9.77871ms
Frame 922 end
Average processing time of GrabImageRGBD(): 9.77341ms
Frame 923 end
Average processing time of GrabImageRGBD(): 9.76868ms
Frame 924 end
Average processing time of GrabImageRGBD(): 9.7897ms
Frame 925 end
Average processing time of GrabImageRGBD(): 9.78876ms
Frame 926 end
Average processing time of GrabImageRGBD(): 9.78197ms
Frame 927 end
Average processing time of GrabImageRGBD(): 9.77886ms
Frame 928 end
Average processing time of GrabImageRGBD(): 9.77688ms
Frame 929 end
Average processing time of GrabImageRGBD(): 9.76992ms
Frame 930 end
Average processing time of GrabImageRGBD(): 9.7679ms
Frame 931 end
Average processing time of GrabImageRGBD(): 9.76421ms
Frame 932 end
Average processing time of GrabImageRGBD(): 9.76047ms
Frame 933 end
Average processing time of GrabImageRGBD(): 9.75416ms
Frame 934 end
Average processing time of GrabImageRGBD(): 9.74936ms
Frame 935 end
Average processing time of GrabImageRGBD(): 9.74211ms
Frame 936 end
Average processing time of GrabImageRGBD(): 9.76284ms
Frame 937 end
Average processing time of GrabImageRGBD(): 9.76222ms
Frame 938 end
Average processing time of GrabImageRGBD(): 9.75558ms
Frame 939 end
Average processing time of GrabImageRGBD(): 9.75299ms
Frame 940 end
Average processing time of GrabImageRGBD(): 9.75025ms
Frame 941 end
Average processing time of GrabImageRGBD(): 9.74628ms
Frame 942 end
Average processing time of GrabImageRGBD(): 9.74308ms
Frame 943 end
Average processing time of GrabImageRGBD(): 9.73953ms
Frame 944 end
Average processing time of GrabImageRGBD(): 9.73253ms
Frame 945 end
Average processing time of GrabImageRGBD(): 9.72886ms
Frame 946 end
Average processing time of GrabImageRGBD(): 9.72416ms
Frame 947 end
Average processing time of GrabImageRGBD(): 9.72046ms
Frame 948 end
Average processing time of GrabImageRGBD(): 9.74266ms
Frame 949 end
Average processing time of GrabImageRGBD(): 9.73935ms
Frame 950 end
Average processing time of GrabImageRGBD(): 9.73391ms
Frame 951 end
Average processing time of GrabImageRGBD(): 9.72965ms
Frame 952 end
Average processing time of GrabImageRGBD(): 9.75545ms
Frame 953 end
Average processing time of GrabImageRGBD(): 9.75541ms
Frame 954 end
Average processing time of GrabImageRGBD(): 9.77543ms
Frame 955 end
Average processing time of GrabImageRGBD(): 9.77206ms
Frame 956 end
Average processing time of GrabImageRGBD(): 9.76525ms
Frame 957 end
Average processing time of GrabImageRGBD(): 9.761ms
Frame 958 end
Average processing time of GrabImageRGBD(): 9.7816ms
Frame 959 end
Average processing time of GrabImageRGBD(): 9.78046ms
Frame 960 end
Average processing time of GrabImageRGBD(): 9.77358ms
Frame 961 end
Average processing time of GrabImageRGBD(): 9.76689ms
Frame 962 end
Average processing time of GrabImageRGBD(): 9.79166ms
Frame 963 end
Average processing time of GrabImageRGBD(): 9.788ms
Frame 964 end
Average processing time of GrabImageRGBD(): 9.81021ms
Frame 965 end
Average processing time of GrabImageRGBD(): 9.80604ms
Frame 966 end
Average processing time of GrabImageRGBD(): 9.80202ms
Frame 967 end
Average processing time of GrabImageRGBD(): 9.79642ms
Frame 968 end
Average processing time of GrabImageRGBD(): 9.81699ms
Frame 969 end
Average processing time of GrabImageRGBD(): 9.84168ms
Frame 970 end
Average processing time of GrabImageRGBD(): 9.86771ms
Frame 971 end
Average processing time of GrabImageRGBD(): 9.86666ms
Frame 972 end
Average processing time of GrabImageRGBD(): 9.86384ms
Frame 973 end
Average processing time of GrabImageRGBD(): 9.85776ms
Frame 974 end
Average processing time of GrabImageRGBD(): 9.87843ms
Frame 975 end
Average processing time of GrabImageRGBD(): 9.87701ms
Frame 976 end
Average processing time of GrabImageRGBD(): 9.87267ms
Frame 977 end
Average processing time of GrabImageRGBD(): 9.8702ms
Frame 978 end
Average processing time of GrabImageRGBD(): 9.86529ms
Frame 979 end
Average processing time of GrabImageRGBD(): 9.85844ms
Frame 980 end
Average processing time of GrabImageRGBD(): 9.85453ms
Frame 981 end
Average processing time of GrabImageRGBD(): 9.85087ms
Frame 982 end
Average processing time of GrabImageRGBD(): 9.87241ms
Frame 983 end
Average processing time of GrabImageRGBD(): 9.86808ms
Frame 984 end
Average processing time of GrabImageRGBD(): 9.86155ms
Frame 985 end
Average processing time of GrabImageRGBD(): 9.85585ms
Frame 986 end
Average processing time of GrabImageRGBD(): 9.85212ms
Frame 987 end
Average processing time of GrabImageRGBD(): 9.84533ms
Frame 988 end
Average processing time of GrabImageRGBD(): 9.84079ms
Frame 989 end
Average processing time of GrabImageRGBD(): 9.83449ms
Frame 990 end
Average processing time of GrabImageRGBD(): 9.83037ms
Frame 991 end
Average processing time of GrabImageRGBD(): 9.82608ms
Frame 992 end
Average processing time of GrabImageRGBD(): 9.82037ms
Frame 993 end
Average processing time of GrabImageRGBD(): 9.84174ms
Frame 994 end
Average processing time of GrabImageRGBD(): 9.83997ms
Frame 995 end
Average processing time of GrabImageRGBD(): 9.83317ms
Frame 996 end
Average processing time of GrabImageRGBD(): 9.82972ms
Frame 997 end
Average processing time of GrabImageRGBD(): 9.8229ms
Frame 998 end
Average processing time of GrabImageRGBD(): 9.81766ms
Frame 999 end
Average processing time of GrabImageRGBD(): 9.81346ms
Frame 1000 end
Average processing time of GrabImageRGBD(): 9.80711ms
Frame 1001 end
Average processing time of GrabImageRGBD(): 9.80344ms
Frame 1002 end
Average processing time of GrabImageRGBD(): 9.79852ms
Frame 1003 end
Average processing time of GrabImageRGBD(): 9.79337ms
Frame 1004 end
Average processing time of GrabImageRGBD(): 9.78916ms
Frame 1005 end
Average processing time of GrabImageRGBD(): 9.78467ms
Frame 1006 end
Average processing time of GrabImageRGBD(): 9.77876ms
Frame 1007 end
Average processing time of GrabImageRGBD(): 9.79915ms
Frame 1008 end
Average processing time of GrabImageRGBD(): 9.79815ms
Frame 1009 end
Average processing time of GrabImageRGBD(): 9.79589ms
Frame 1010 end
Average processing time of GrabImageRGBD(): 9.79086ms
Frame 1011 end
Average processing time of GrabImageRGBD(): 9.78663ms
Frame 1012 end
Average processing time of GrabImageRGBD(): 9.78399ms
Frame 1013 end
Average processing time of GrabImageRGBD(): 9.78158ms
Frame 1014 end
Average processing time of GrabImageRGBD(): 9.77922ms
Frame 1015 end
Average processing time of GrabImageRGBD(): 9.77512ms
Frame 1016 end
Average processing time of GrabImageRGBD(): 9.76967ms
Frame 1017 end
Average processing time of GrabImageRGBD(): 9.76666ms
Frame 1018 end
Average processing time of GrabImageRGBD(): 9.76014ms
Frame 1019 end
Average processing time of GrabImageRGBD(): 9.75496ms
Frame 1020 end
Average processing time of GrabImageRGBD(): 9.77641ms
Frame 1021 end
Average processing time of GrabImageRGBD(): 9.77575ms
Frame 1022 end
Average processing time of GrabImageRGBD(): 9.77146ms
Frame 1023 end
Average processing time of GrabImageRGBD(): 9.76696ms
Frame 1024 end
Average processing time of GrabImageRGBD(): 9.76063ms
Frame 1025 end
Average processing time of GrabImageRGBD(): 9.75749ms
Frame 1026 end
Average processing time of GrabImageRGBD(): 9.75079ms
Frame 1027 end
Average processing time of GrabImageRGBD(): 9.74442ms
Frame 1028 end
Average processing time of GrabImageRGBD(): 9.74197ms
Frame 1029 end
Average processing time of GrabImageRGBD(): 9.73901ms
Frame 1030 end
Average processing time of GrabImageRGBD(): 9.73257ms
Frame 1031 end
Average processing time of GrabImageRGBD(): 9.7264ms
Frame 1032 end
Average processing time of GrabImageRGBD(): 9.71979ms
Frame 1033 end
Average processing time of GrabImageRGBD(): 9.73838ms
Frame 1034 end
Average processing time of GrabImageRGBD(): 9.73753ms
Frame 1035 end
Average processing time of GrabImageRGBD(): 9.7309ms
Frame 1036 end
Average processing time of GrabImageRGBD(): 9.72882ms
Frame 1037 end
Average processing time of GrabImageRGBD(): 9.7264ms
Frame 1038 end
Average processing time of GrabImageRGBD(): 9.72039ms
Frame 1039 end
Average processing time of GrabImageRGBD(): 9.71718ms
Frame 1040 end
Average processing time of GrabImageRGBD(): 9.71173ms
Frame 1041 end
Average processing time of GrabImageRGBD(): 9.70536ms
Frame 1042 end
Average processing time of GrabImageRGBD(): 9.69916ms
Frame 1043 end
Average processing time of GrabImageRGBD(): 9.69582ms
Frame 1044 end
Average processing time of GrabImageRGBD(): 9.68941ms
Frame 1045 end
Average processing time of GrabImageRGBD(): 9.68569ms
Frame 1046 end
Average processing time of GrabImageRGBD(): 9.70638ms
Frame 1047 end
Average processing time of GrabImageRGBD(): 9.70435ms
Frame 1048 end
Average processing time of GrabImageRGBD(): 9.70299ms
Frame 1049 end
Average processing time of GrabImageRGBD(): 9.70132ms
Frame 1050 end
Average processing time of GrabImageRGBD(): 9.69975ms
Frame 1051 end
Average processing time of GrabImageRGBD(): 9.69803ms
Frame 1052 end
Average processing time of GrabImageRGBD(): 9.69579ms
Frame 1053 end
Average processing time of GrabImageRGBD(): 9.69258ms
Frame 1054 end
Average processing time of GrabImageRGBD(): 9.68962ms
Frame 1055 end
Average processing time of GrabImageRGBD(): 9.68365ms
Frame 1056 end
Average processing time of GrabImageRGBD(): 9.68143ms
Frame 1057 end
Average processing time of GrabImageRGBD(): 9.67942ms
Frame 1058 end
Average processing time of GrabImageRGBD(): 9.67678ms
Frame 1059 end
Average processing time of GrabImageRGBD(): 9.69678ms
Frame 1060 end
Average processing time of GrabImageRGBD(): 9.69645ms
Frame 1061 end
Average processing time of GrabImageRGBD(): 9.69237ms
Frame 1062 end
Average processing time of GrabImageRGBD(): 9.68683ms
Frame 1063 end
Average processing time of GrabImageRGBD(): 9.68142ms
Frame 1064 end
Average processing time of GrabImageRGBD(): 9.67649ms
Frame 1065 end
Average processing time of GrabImageRGBD(): 9.67147ms
Frame 1066 end
Average processing time of GrabImageRGBD(): 9.66976ms
Frame 1067 end
Average processing time of GrabImageRGBD(): 9.66814ms
Frame 1068 end
Average processing time of GrabImageRGBD(): 9.66619ms
Frame 1069 end
Average processing time of GrabImageRGBD(): 9.66012ms
Frame 1070 end
Average processing time of GrabImageRGBD(): 9.65451ms
Frame 1071 end
Average processing time of GrabImageRGBD(): 9.64943ms
Frame 1072 end
Average processing time of GrabImageRGBD(): 9.67045ms
Frame 1073 end
Average processing time of GrabImageRGBD(): 9.6712ms
Frame 1074 end
Average processing time of GrabImageRGBD(): 9.67019ms
Frame 1075 end
Average processing time of GrabImageRGBD(): 9.66904ms
Frame 1076 end
Average processing time of GrabImageRGBD(): 9.66493ms
Frame 1077 end
Average processing time of GrabImageRGBD(): 9.65925ms
Frame 1078 end
Average processing time of GrabImageRGBD(): 9.65848ms
Frame 1079 end
Average processing time of GrabImageRGBD(): 9.6559ms
Frame 1080 end
Average processing time of GrabImageRGBD(): 9.65525ms
Frame 1081 end
Average processing time of GrabImageRGBD(): 9.65032ms
Frame 1082 end
Average processing time of GrabImageRGBD(): 9.6446ms
Frame 1083 end
Average processing time of GrabImageRGBD(): 9.63882ms
Frame 1084 end
Average processing time of GrabImageRGBD(): 9.63318ms
Frame 1085 end
Average processing time of GrabImageRGBD(): 9.62833ms
Frame 1086 end
Average processing time of GrabImageRGBD(): 9.62739ms
Frame 1087 end
Average processing time of GrabImageRGBD(): 9.64968ms
Frame 1088 end
Average processing time of GrabImageRGBD(): 9.64489ms
Frame 1089 end
Average processing time of GrabImageRGBD(): 9.64154ms
Frame 1090 end
Shutdown
-------

median tracking time: 0.00791577
mean tracking time: 0.0103791

Saving camera trajectory to CameraTrajectory.txt ...

Saving keyframe trajectory to KeyFrameTrajectory.txt ...
