
ORB-SLAM3 Copyright (C) 2017-2020 Carlos Campos, Richard Elvira, Juan J. Gómez, José M.M. Montiel and Juan D. Tardós, University of Zaragoza.
ORB-SLAM2 Copyright (C) 2014-2016 Raúl Mur-Artal, José M.M. Montiel and Juan D. Tardós, University of Zaragoza.
This program comes with ABSOLUTELY NO WARRANTY;
This is free software, and you are welcome to redistribute it
under certain conditions. See LICENSE.txt.

Input sensor was set to: RGB-D
Loading settings from /home/bingxin/Downloads/NGD-SLAM/Examples/RGB-D/Bonn.yaml
Camera1.k3 optional parameter does not exist...
	-Loaded camera 1
Camera.newHeight optional parameter does not exist...
Camera.newWidth optional parameter does not exist...
	-Loaded image info
	-Loaded RGB-D calibration
	-Loaded ORB settings
Viewer.imageViewScale optional parameter does not exist...
	-Loaded viewer settings
System.LoadAtlasFromFile optional parameter does not exist...
System.SaveAtlasToFile optional parameter does not exist...
	-Loaded Atlas settings
System.thFarPoints optional parameter does not exist...
	-Loaded misc parameters
----------------------------------
SLAM settings: 
	-Camera 1 parameters (Pinhole): [ 542.823 542.577 315.594 237.756 ]
	-Camera 1 distortion parameters: [  0.039903 -0.099343 -0.00073 -0.000144 ]
	-Original image size: [ 640 , 480 ]
	-Current image size: [ 640 , 480 ]
	-Sequence FPS: 30
	-RGB-D depth map factor: 5000
	-Features per image: 1000
	-ORB scale factor: 1.2
	-ORB number of scales: 8
	-Initial FAST threshold: 20
	-Min FAST threshold: 7


Loading ORB Vocabulary. This could take a while...
Vocabulary loaded!

Initialization of Atlas from scratch 
Creation of new map with id: 0
Creation of new map with last KF id: 0
Seq. Name: 
There are 1 cameras in the atlas
Camera 0 is pinhole
Net use yolo-fastest

-------
Start processing sequence ...
Images in the sequence: 1091

First KF:0; Map init KF:0
New Map created with 936 points
Average processing time of GrabImageRGBD(): 44.74ms
Frame 0 end
Average processing time of GrabImageRGBD(): 35.43ms
Frame 1 end
Average processing time of GrabImageRGBD(): 32.7512ms
Frame 2 end
Average processing time of GrabImageRGBD(): 27.7369ms
Frame 3 end
Average processing time of GrabImageRGBD(): 23.671ms
Frame 4 end
Average processing time of GrabImageRGBD(): 20.3146ms
Frame 5 end
Starting the Viewer
Average processing time of GrabImageRGBD(): 17.9487ms
Frame 6 end
Average processing time of GrabImageRGBD(): 17.0104ms
Frame 7 end
Average processing time of GrabImageRGBD(): 16.4001ms
Frame 8 end
Average processing time of GrabImageRGBD(): 15.1302ms
Frame 9 end
Average processing time of GrabImageRGBD(): 14.6458ms
Frame 10 end
Average processing time of GrabImageRGBD(): 14.2898ms
Frame 11 end
Average processing time of GrabImageRGBD(): 13.4705ms
Frame 12 end
Average processing time of GrabImageRGBD(): 14.5115ms
Frame 13 end
Average processing time of GrabImageRGBD(): 13.8043ms
Frame 14 end
Average processing time of GrabImageRGBD(): 13.1254ms
Frame 15 end
Average processing time of GrabImageRGBD(): 12.8563ms
Frame 16 end
Average processing time of GrabImageRGBD(): 12.5698ms
Frame 17 end
Average processing time of GrabImageRGBD(): 12.1932ms
Frame 18 end
Average processing time of GrabImageRGBD(): 11.9828ms
Frame 19 end
Average processing time of GrabImageRGBD(): 11.815ms
Frame 20 end
Average processing time of GrabImageRGBD(): 11.6393ms
Frame 21 end
Average processing time of GrabImageRGBD(): 11.4726ms
Frame 22 end
Average processing time of GrabImageRGBD(): 11.3025ms
Frame 23 end
Average processing time of GrabImageRGBD(): 12.2689ms
Frame 24 end
Average processing time of GrabImageRGBD(): 12.0216ms
Frame 25 end
Average processing time of GrabImageRGBD(): 12.5241ms
Frame 26 end
Average processing time of GrabImageRGBD(): 12.3947ms
Frame 27 end
Average processing time of GrabImageRGBD(): 12.0706ms
Frame 28 end
Average processing time of GrabImageRGBD(): 11.9968ms
Frame 29 end
Average processing time of GrabImageRGBD(): 11.9091ms
Frame 30 end
Average processing time of GrabImageRGBD(): 12.5332ms
Frame 31 end
Average processing time of GrabImageRGBD(): 12.419ms
Frame 32 end
Average processing time of GrabImageRGBD(): 12.1438ms
Frame 33 end
Average processing time of GrabImageRGBD(): 12.0814ms
Frame 34 end
Average processing time of GrabImageRGBD(): 12.0035ms
Frame 35 end
Average processing time of GrabImageRGBD(): 11.7573ms
Frame 36 end
Average processing time of GrabImageRGBD(): 11.6131ms
Frame 37 end
Average processing time of GrabImageRGBD(): 11.4401ms
Frame 38 end
Average processing time of GrabImageRGBD(): 11.8755ms
Frame 39 end
Average processing time of GrabImageRGBD(): 11.8306ms
Frame 40 end
Average processing time of GrabImageRGBD(): 11.6238ms
Frame 41 end
Average processing time of GrabImageRGBD(): 11.9648ms
Frame 42 end
Average processing time of GrabImageRGBD(): 11.7804ms
Frame 43 end
Average processing time of GrabImageRGBD(): 12.084ms
Frame 44 end
Average processing time of GrabImageRGBD(): 12.0556ms
Frame 45 end
Average processing time of GrabImageRGBD(): 11.8788ms
Frame 46 end
Average processing time of GrabImageRGBD(): 11.8265ms
Frame 47 end
Average processing time of GrabImageRGBD(): 12.1132ms
Frame 48 end
Average processing time of GrabImageRGBD(): 11.9483ms
Frame 49 end
Average processing time of GrabImageRGBD(): 12.2257ms
Frame 50 end
Average processing time of GrabImageRGBD(): 12.1822ms
Frame 51 end
Average processing time of GrabImageRGBD(): 12.1481ms
Frame 52 end
Average processing time of GrabImageRGBD(): 11.9825ms
Frame 53 end
Average processing time of GrabImageRGBD(): 11.8783ms
Frame 54 end
Average processing time of GrabImageRGBD(): 11.7383ms
Frame 55 end
Average processing time of GrabImageRGBD(): 11.7046ms
Frame 56 end
Average processing time of GrabImageRGBD(): 11.5911ms
Frame 57 end
Average processing time of GrabImageRGBD(): 11.4427ms
Frame 58 end
Average processing time of GrabImageRGBD(): 11.404ms
Frame 59 end
Average processing time of GrabImageRGBD(): 11.3703ms
Frame 60 end
Average processing time of GrabImageRGBD(): 11.3333ms
Frame 61 end
Average processing time of GrabImageRGBD(): 11.2971ms
Frame 62 end
Average processing time of GrabImageRGBD(): 11.1629ms
Frame 63 end
Average processing time of GrabImageRGBD(): 11.0448ms
Frame 64 end
Average processing time of GrabImageRGBD(): 11.0054ms
Frame 65 end
Average processing time of GrabImageRGBD(): 10.9668ms
Frame 66 end
Average processing time of GrabImageRGBD(): 10.9372ms
Frame 67 end
Average processing time of GrabImageRGBD(): 10.8274ms
Frame 68 end
Average processing time of GrabImageRGBD(): 10.7855ms
Frame 69 end
Average processing time of GrabImageRGBD(): 10.6862ms
Frame 70 end
Average processing time of GrabImageRGBD(): 10.6272ms
Frame 71 end
Average processing time of GrabImageRGBD(): 10.5431ms
Frame 72 end
Average processing time of GrabImageRGBD(): 10.5159ms
Frame 73 end
Average processing time of GrabImageRGBD(): 10.7459ms
Frame 74 end
Average processing time of GrabImageRGBD(): 10.6577ms
Frame 75 end
Average processing time of GrabImageRGBD(): 10.5612ms
Frame 76 end
Average processing time of GrabImageRGBD(): 10.5528ms
Frame 77 end
Average processing time of GrabImageRGBD(): 10.5281ms
Frame 78 end
Average processing time of GrabImageRGBD(): 10.4393ms
Frame 79 end
Average processing time of GrabImageRGBD(): 10.3533ms
Frame 80 end
Average processing time of GrabImageRGBD(): 10.3068ms
Frame 81 end
Average processing time of GrabImageRGBD(): 10.5298ms
Frame 82 end
Average processing time of GrabImageRGBD(): 10.5515ms
Frame 83 end
Average processing time of GrabImageRGBD(): 10.4788ms
Frame 84 end
Average processing time of GrabImageRGBD(): 10.3886ms
Frame 85 end
Average processing time of GrabImageRGBD(): 10.607ms
Frame 86 end
Average processing time of GrabImageRGBD(): 10.6117ms
Frame 87 end
Average processing time of GrabImageRGBD(): 10.5293ms
Frame 88 end
Average processing time of GrabImageRGBD(): 10.5226ms
Frame 89 end
Average processing time of GrabImageRGBD(): 10.4478ms
Frame 90 end
Average processing time of GrabImageRGBD(): 10.3743ms
Frame 91 end
Average processing time of GrabImageRGBD(): 10.3656ms
Frame 92 end
Average processing time of GrabImageRGBD(): 10.2975ms
Frame 93 end
Average processing time of GrabImageRGBD(): 10.225ms
Frame 94 end
Average processing time of GrabImageRGBD(): 10.2006ms
Frame 95 end
Average processing time of GrabImageRGBD(): 10.186ms
Frame 96 end
Average processing time of GrabImageRGBD(): 10.1698ms
Frame 97 end
Average processing time of GrabImageRGBD(): 10.1014ms
Frame 98 end
Average processing time of GrabImageRGBD(): 10.0383ms
Frame 99 end
Average processing time of GrabImageRGBD(): 9.97459ms
Frame 100 end
Average processing time of GrabImageRGBD(): 10.153ms
Frame 101 end
Average processing time of GrabImageRGBD(): 10.1736ms
Frame 102 end
Average processing time of GrabImageRGBD(): 10.1062ms
Frame 103 end
Average processing time of GrabImageRGBD(): 10.0558ms
Frame 104 end
Average processing time of GrabImageRGBD(): 10.0459ms
Frame 105 end
Average processing time of GrabImageRGBD(): 9.97625ms
Frame 106 end
Average processing time of GrabImageRGBD(): 9.97184ms
Frame 107 end
Average processing time of GrabImageRGBD(): 10.1595ms
Frame 108 end
Average processing time of GrabImageRGBD(): 10.1071ms
Frame 109 end
Average processing time of GrabImageRGBD(): 10.1103ms
Frame 110 end
Average processing time of GrabImageRGBD(): 10.0935ms
Frame 111 end
Average processing time of GrabImageRGBD(): 10.0889ms
Frame 112 end
Average processing time of GrabImageRGBD(): 10.0441ms
Frame 113 end
Average processing time of GrabImageRGBD(): 9.98606ms
Frame 114 end
Average processing time of GrabImageRGBD(): 10.1227ms
Frame 115 end
Average processing time of GrabImageRGBD(): 10.0988ms
Frame 116 end
Average processing time of GrabImageRGBD(): 10.0402ms
Frame 117 end
Average processing time of GrabImageRGBD(): 10.0443ms
Frame 118 end
Average processing time of GrabImageRGBD(): 10.0424ms
Frame 119 end
Average processing time of GrabImageRGBD(): 10.037ms
Frame 120 end
Average processing time of GrabImageRGBD(): 10.0184ms
Frame 121 end
Average processing time of GrabImageRGBD(): 10.0011ms
Frame 122 end
Average processing time of GrabImageRGBD(): 10.1443ms
Frame 123 end
Average processing time of GrabImageRGBD(): 10.1522ms
Frame 124 end
Average processing time of GrabImageRGBD(): 10.1045ms
Frame 125 end
Average processing time of GrabImageRGBD(): 10.0715ms
Frame 126 end
Average processing time of GrabImageRGBD(): 10.0671ms
Frame 127 end
Average processing time of GrabImageRGBD(): 10.0643ms
Frame 128 end
Average processing time of GrabImageRGBD(): 10.0634ms
Frame 129 end
Average processing time of GrabImageRGBD(): 10.2185ms
Frame 130 end
Average processing time of GrabImageRGBD(): 10.2246ms
Frame 131 end
Average processing time of GrabImageRGBD(): 10.2271ms
Frame 132 end
Average processing time of GrabImageRGBD(): 10.2237ms
Frame 133 end
Average processing time of GrabImageRGBD(): 10.2202ms
Frame 134 end
Average processing time of GrabImageRGBD(): 10.1667ms
Frame 135 end
Average processing time of GrabImageRGBD(): 10.1648ms
Frame 136 end
Average processing time of GrabImageRGBD(): 10.1589ms
Frame 137 end
Average processing time of GrabImageRGBD(): 10.1093ms
Frame 138 end
Average processing time of GrabImageRGBD(): 10.062ms
Frame 139 end
Average processing time of GrabImageRGBD(): 10.0596ms
Frame 140 end
Average processing time of GrabImageRGBD(): 10.0166ms
Frame 141 end
Average processing time of GrabImageRGBD(): 10.0121ms
Frame 142 end
Average processing time of GrabImageRGBD(): 9.99669ms
Frame 143 end
Average processing time of GrabImageRGBD(): 10.1174ms
Frame 144 end
Average processing time of GrabImageRGBD(): 10.1004ms
Frame 145 end
Average processing time of GrabImageRGBD(): 10.0564ms
Frame 146 end
Average processing time of GrabImageRGBD(): 10.1683ms
Frame 147 end
Average processing time of GrabImageRGBD(): 10.1325ms
Frame 148 end
Average processing time of GrabImageRGBD(): 10.0866ms
Frame 149 end
Average processing time of GrabImageRGBD(): 10.0746ms
Frame 150 end
Average processing time of GrabImageRGBD(): 10.0713ms
Frame 151 end
Average processing time of GrabImageRGBD(): 10.0649ms
Frame 152 end
Average processing time of GrabImageRGBD(): 10.0179ms
Frame 153 end
Average processing time of GrabImageRGBD(): 9.98459ms
Frame 154 end
Average processing time of GrabImageRGBD(): 9.98666ms
Frame 155 end
Average processing time of GrabImageRGBD(): 10.1125ms
Frame 156 end
Average processing time of GrabImageRGBD(): 10.113ms
Frame 157 end
Average processing time of GrabImageRGBD(): 10.1136ms
Frame 158 end
Average processing time of GrabImageRGBD(): 10.0955ms
Frame 159 end
Average processing time of GrabImageRGBD(): 10.0536ms
Frame 160 end
Average processing time of GrabImageRGBD(): 10.1725ms
Frame 161 end
Average processing time of GrabImageRGBD(): 10.1359ms
Frame 162 end
Average processing time of GrabImageRGBD(): 10.11ms
Frame 163 end
Average processing time of GrabImageRGBD(): 10.0844ms
Frame 164 end
Average processing time of GrabImageRGBD(): 10.1928ms
Frame 165 end
Average processing time of GrabImageRGBD(): 10.1903ms
Frame 166 end
Average processing time of GrabImageRGBD(): 10.1508ms
Frame 167 end
Average processing time of GrabImageRGBD(): 10.1124ms
Frame 168 end
Average processing time of GrabImageRGBD(): 10.0717ms
Frame 169 end
Average processing time of GrabImageRGBD(): 10.1853ms
Frame 170 end
Average processing time of GrabImageRGBD(): 10.1636ms
Frame 171 end
Average processing time of GrabImageRGBD(): 10.1367ms
Frame 172 end
Average processing time of GrabImageRGBD(): 10.119ms
Frame 173 end
Average processing time of GrabImageRGBD(): 10.2141ms
Frame 174 end
Average processing time of GrabImageRGBD(): 10.1906ms
Frame 175 end
Average processing time of GrabImageRGBD(): 10.1498ms
Frame 176 end
Average processing time of GrabImageRGBD(): 10.1417ms
Frame 177 end
Average processing time of GrabImageRGBD(): 10.1047ms
Frame 178 end
Average processing time of GrabImageRGBD(): 10.0816ms
Frame 179 end
Average processing time of GrabImageRGBD(): 10.1661ms
Frame 180 end
Average processing time of GrabImageRGBD(): 10.1595ms
Frame 181 end
Average processing time of GrabImageRGBD(): 10.1524ms
Frame 182 end
Average processing time of GrabImageRGBD(): 10.146ms
Frame 183 end
Average processing time of GrabImageRGBD(): 10.2467ms
Frame 184 end
Average processing time of GrabImageRGBD(): 10.2427ms
Frame 185 end
Average processing time of GrabImageRGBD(): 10.211ms
Frame 186 end
Average processing time of GrabImageRGBD(): 10.2103ms
Frame 187 end
Average processing time of GrabImageRGBD(): 10.1835ms
Frame 188 end
Average processing time of GrabImageRGBD(): 10.267ms
Frame 189 end
Average processing time of GrabImageRGBD(): 10.2663ms
Frame 190 end
Average processing time of GrabImageRGBD(): 10.2761ms
Frame 191 end
Average processing time of GrabImageRGBD(): 10.2705ms
Frame 192 end
Average processing time of GrabImageRGBD(): 10.2622ms
Frame 193 end
Average processing time of GrabImageRGBD(): 10.2454ms
Frame 194 end
Average processing time of GrabImageRGBD(): 10.2102ms
Frame 195 end
Average processing time of GrabImageRGBD(): 10.2026ms
Frame 196 end
Average processing time of GrabImageRGBD(): 10.1947ms
Frame 197 end
Average processing time of GrabImageRGBD(): 10.1842ms
Frame 198 end
Average processing time of GrabImageRGBD(): 10.1501ms
Frame 199 end
Average processing time of GrabImageRGBD(): 10.1233ms
Frame 200 end
Average processing time of GrabImageRGBD(): 10.0897ms
Frame 201 end
Average processing time of GrabImageRGBD(): 10.1822ms
Frame 202 end
Average processing time of GrabImageRGBD(): 10.1713ms
Frame 203 end
Average processing time of GrabImageRGBD(): 10.1373ms
Frame 204 end
Average processing time of GrabImageRGBD(): 10.1235ms
Frame 205 end
Average processing time of GrabImageRGBD(): 10.1208ms
Frame 206 end
Average processing time of GrabImageRGBD(): 10.0943ms
Frame 207 end
Average processing time of GrabImageRGBD(): 10.0713ms
Frame 208 end
Average processing time of GrabImageRGBD(): 10.07ms
Frame 209 end
Average processing time of GrabImageRGBD(): 10.0357ms
Frame 210 end
Average processing time of GrabImageRGBD(): 10.1206ms
Frame 211 end
Average processing time of GrabImageRGBD(): 10.0923ms
Frame 212 end
Average processing time of GrabImageRGBD(): 10.0671ms
Frame 213 end
Average processing time of GrabImageRGBD(): 10.0424ms
Frame 214 end
Average processing time of GrabImageRGBD(): 10.1303ms
Frame 215 end
Average processing time of GrabImageRGBD(): 10.1193ms
Frame 216 end
Average processing time of GrabImageRGBD(): 10.1132ms
Frame 217 end
Average processing time of GrabImageRGBD(): 10.1056ms
Frame 218 end
Average processing time of GrabImageRGBD(): 10.0963ms
Frame 219 end
Average processing time of GrabImageRGBD(): 10.0871ms
Frame 220 end
Average processing time of GrabImageRGBD(): 10.0777ms
Frame 221 end
Average processing time of GrabImageRGBD(): 10.069ms
Frame 222 end
Average processing time of GrabImageRGBD(): 10.0397ms
Frame 223 end
Average processing time of GrabImageRGBD(): 10.0184ms
Frame 224 end
Average processing time of GrabImageRGBD(): 10.0996ms
Frame 225 end
Average processing time of GrabImageRGBD(): 10.1019ms
Frame 226 end
Average processing time of GrabImageRGBD(): 10.073ms
Frame 227 end
Average processing time of GrabImageRGBD(): 10.0566ms
Frame 228 end
Average processing time of GrabImageRGBD(): 10.0505ms
Frame 229 end
Average processing time of GrabImageRGBD(): 10.1395ms
Frame 230 end
Average processing time of GrabImageRGBD(): 10.1349ms
Frame 231 end
Average processing time of GrabImageRGBD(): 10.1069ms
Frame 232 end
Average processing time of GrabImageRGBD(): 10.0992ms
Frame 233 end
Average processing time of GrabImageRGBD(): 10.1838ms
Frame 234 end
Average processing time of GrabImageRGBD(): 10.1707ms
Frame 235 end
Average processing time of GrabImageRGBD(): 10.1617ms
Frame 236 end
Average processing time of GrabImageRGBD(): 10.134ms
Frame 237 end
Average processing time of GrabImageRGBD(): 10.1172ms
Frame 238 end
Average processing time of GrabImageRGBD(): 10.1992ms
Frame 239 end
Average processing time of GrabImageRGBD(): 10.1909ms
Frame 240 end
Average processing time of GrabImageRGBD(): 10.1619ms
Frame 241 end
Average processing time of GrabImageRGBD(): 10.1452ms
Frame 242 end
Average processing time of GrabImageRGBD(): 10.1193ms
Frame 243 end
Average processing time of GrabImageRGBD(): 10.1134ms
Frame 244 end
Average processing time of GrabImageRGBD(): 10.0951ms
Frame 245 end
Average processing time of GrabImageRGBD(): 10.1931ms
Frame 246 end
Average processing time of GrabImageRGBD(): 10.1694ms
Frame 247 end
Average processing time of GrabImageRGBD(): 10.1665ms
Frame 248 end
Average processing time of GrabImageRGBD(): 10.1562ms
Frame 249 end
Average processing time of GrabImageRGBD(): 10.1398ms
Frame 250 end
Average processing time of GrabImageRGBD(): 10.1344ms
Frame 251 end
Average processing time of GrabImageRGBD(): 10.13ms
Frame 252 end
Average processing time of GrabImageRGBD(): 10.1135ms
Frame 253 end
Average processing time of GrabImageRGBD(): 10.0871ms
Frame 254 end
Average processing time of GrabImageRGBD(): 10.0814ms
Frame 255 end
Average processing time of GrabImageRGBD(): 10.1632ms
Frame 256 end
Average processing time of GrabImageRGBD(): 10.1663ms
Frame 257 end
Average processing time of GrabImageRGBD(): 10.139ms
Frame 258 end
Average processing time of GrabImageRGBD(): 10.1147ms
Frame 259 end
Average processing time of GrabImageRGBD(): 10.0919ms
Frame 260 end
Average processing time of GrabImageRGBD(): 10.0871ms
Frame 261 end
Average processing time of GrabImageRGBD(): 10.0829ms
Frame 262 end
Average processing time of GrabImageRGBD(): 10.18ms
Frame 263 end
Average processing time of GrabImageRGBD(): 10.1901ms
Frame 264 end
Average processing time of GrabImageRGBD(): 10.1618ms
Frame 265 end
Average processing time of GrabImageRGBD(): 10.1377ms
Frame 266 end
Average processing time of GrabImageRGBD(): 10.1321ms
Frame 267 end
Average processing time of GrabImageRGBD(): 10.2402ms
Frame 268 end
Average processing time of GrabImageRGBD(): 10.2311ms
Frame 269 end
Average processing time of GrabImageRGBD(): 10.2042ms
Frame 270 end
Average processing time of GrabImageRGBD(): 10.1944ms
Frame 271 end
Average processing time of GrabImageRGBD(): 10.1859ms
Frame 272 end
Average processing time of GrabImageRGBD(): 10.1628ms
Frame 273 end
Average processing time of GrabImageRGBD(): 10.2454ms
Frame 274 end
Average processing time of GrabImageRGBD(): 10.2314ms
Frame 275 end
Average processing time of GrabImageRGBD(): 10.2078ms
Frame 276 end
Average processing time of GrabImageRGBD(): 10.187ms
Frame 277 end
Average processing time of GrabImageRGBD(): 10.1788ms
Frame 278 end
Average processing time of GrabImageRGBD(): 10.2512ms
Frame 279 end
Average processing time of GrabImageRGBD(): 10.2529ms
Frame 280 end
Average processing time of GrabImageRGBD(): 10.2283ms
Frame 281 end
Average processing time of GrabImageRGBD(): 10.2263ms
Frame 282 end
Average processing time of GrabImageRGBD(): 10.2014ms
Frame 283 end
Average processing time of GrabImageRGBD(): 10.1885ms
Frame 284 end
Average processing time of GrabImageRGBD(): 10.1854ms
Frame 285 end
Average processing time of GrabImageRGBD(): 10.1826ms
Frame 286 end
Average processing time of GrabImageRGBD(): 10.1791ms
Frame 287 end
Average processing time of GrabImageRGBD(): 10.1724ms
Frame 288 end
Average processing time of GrabImageRGBD(): 10.1659ms
Frame 289 end
Average processing time of GrabImageRGBD(): 10.1526ms
Frame 290 end
Average processing time of GrabImageRGBD(): 10.2132ms
Frame 291 end
Average processing time of GrabImageRGBD(): 10.2119ms
Frame 292 end
Average processing time of GrabImageRGBD(): 10.189ms
Frame 293 end
Average processing time of GrabImageRGBD(): 10.1848ms
Frame 294 end
Average processing time of GrabImageRGBD(): 10.1824ms
Frame 295 end
Average processing time of GrabImageRGBD(): 10.176ms
Frame 296 end
Average processing time of GrabImageRGBD(): 10.234ms
Frame 297 end
Average processing time of GrabImageRGBD(): 10.2332ms
Frame 298 end
Average processing time of GrabImageRGBD(): 10.2083ms
Frame 299 end
Average processing time of GrabImageRGBD(): 10.1927ms
Frame 300 end
Average processing time of GrabImageRGBD(): 10.1718ms
Frame 301 end
Average processing time of GrabImageRGBD(): 10.237ms
Frame 302 end
Average processing time of GrabImageRGBD(): 10.2174ms
Frame 303 end
Average processing time of GrabImageRGBD(): 10.1952ms
Frame 304 end
Average processing time of GrabImageRGBD(): 10.1879ms
Frame 305 end
Average processing time of GrabImageRGBD(): 10.1844ms
Frame 306 end
Average processing time of GrabImageRGBD(): 10.2439ms
Frame 307 end
Average processing time of GrabImageRGBD(): 10.2469ms
Frame 308 end
Average processing time of GrabImageRGBD(): 10.2252ms
Frame 309 end
Average processing time of GrabImageRGBD(): 10.2229ms
Frame 310 end
Average processing time of GrabImageRGBD(): 10.2003ms
Frame 311 end
Average processing time of GrabImageRGBD(): 10.1995ms
Frame 312 end
Average processing time of GrabImageRGBD(): 10.1973ms
Frame 313 end
Average processing time of GrabImageRGBD(): 10.174ms
Frame 314 end
Average processing time of GrabImageRGBD(): 10.1591ms
Frame 315 end
Average processing time of GrabImageRGBD(): 10.223ms
Frame 316 end
Average processing time of GrabImageRGBD(): 10.2047ms
Frame 317 end
Average processing time of GrabImageRGBD(): 10.2007ms
Frame 318 end
Average processing time of GrabImageRGBD(): 10.1967ms
Frame 319 end
Average processing time of GrabImageRGBD(): 10.1791ms
Frame 320 end
Average processing time of GrabImageRGBD(): 10.1634ms
Frame 321 end
Average processing time of GrabImageRGBD(): 10.2303ms
Frame 322 end
Average processing time of GrabImageRGBD(): 10.2157ms
Frame 323 end
Average processing time of GrabImageRGBD(): 10.1933ms
Frame 324 end
Average processing time of GrabImageRGBD(): 10.1863ms
Frame 325 end
Average processing time of GrabImageRGBD(): 10.1795ms
Frame 326 end
Average processing time of GrabImageRGBD(): 10.1594ms
Frame 327 end
Average processing time of GrabImageRGBD(): 10.221ms
Frame 328 end
Average processing time of GrabImageRGBD(): 10.2281ms
Frame 329 end
Average processing time of GrabImageRGBD(): 10.2073ms
Frame 330 end
Average processing time of GrabImageRGBD(): 10.2065ms
Frame 331 end
Average processing time of GrabImageRGBD(): 10.2037ms
Frame 332 end
Average processing time of GrabImageRGBD(): 10.2003ms
Frame 333 end
Average processing time of GrabImageRGBD(): 10.1815ms
Frame 334 end
Average processing time of GrabImageRGBD(): 10.2343ms
Frame 335 end
Average processing time of GrabImageRGBD(): 10.2181ms
Frame 336 end
Average processing time of GrabImageRGBD(): 10.2006ms
Frame 337 end
Average processing time of GrabImageRGBD(): 10.2013ms
Frame 338 end
Average processing time of GrabImageRGBD(): 10.188ms
Frame 339 end
Average processing time of GrabImageRGBD(): 10.175ms
Frame 340 end
Average processing time of GrabImageRGBD(): 10.1689ms
Frame 341 end
Average processing time of GrabImageRGBD(): 10.2294ms
Frame 342 end
Average processing time of GrabImageRGBD(): 10.2156ms
Frame 343 end
Average processing time of GrabImageRGBD(): 10.1941ms
Frame 344 end
Average processing time of GrabImageRGBD(): 10.1836ms
Frame 345 end
Average processing time of GrabImageRGBD(): 10.1715ms
Frame 346 end
Average processing time of GrabImageRGBD(): 10.1609ms
Frame 347 end
Average processing time of GrabImageRGBD(): 10.1474ms
Frame 348 end
Average processing time of GrabImageRGBD(): 10.2011ms
Frame 349 end
Average processing time of GrabImageRGBD(): 10.1843ms
Frame 350 end
Average processing time of GrabImageRGBD(): 10.164ms
Frame 351 end
Average processing time of GrabImageRGBD(): 10.1589ms
Frame 352 end
Average processing time of GrabImageRGBD(): 10.1467ms
Frame 353 end
Average processing time of GrabImageRGBD(): 10.128ms
Frame 354 end
Average processing time of GrabImageRGBD(): 10.1208ms
Frame 355 end
Average processing time of GrabImageRGBD(): 10.1713ms
Frame 356 end
Average processing time of GrabImageRGBD(): 10.1565ms
Frame 357 end
Average processing time of GrabImageRGBD(): 10.1369ms
Frame 358 end
Average processing time of GrabImageRGBD(): 10.1342ms
Frame 359 end
Average processing time of GrabImageRGBD(): 10.1323ms
Frame 360 end
Average processing time of GrabImageRGBD(): 10.1293ms
Frame 361 end
Average processing time of GrabImageRGBD(): 10.1232ms
Frame 362 end
Average processing time of GrabImageRGBD(): 10.1776ms
Frame 363 end
Average processing time of GrabImageRGBD(): 10.1778ms
Frame 364 end
Average processing time of GrabImageRGBD(): 10.1568ms
Frame 365 end
Average processing time of GrabImageRGBD(): 10.1508ms
Frame 366 end
Average processing time of GrabImageRGBD(): 10.1332ms
Frame 367 end
Average processing time of GrabImageRGBD(): 10.1188ms
Frame 368 end
Average processing time of GrabImageRGBD(): 10.1002ms
Frame 369 end
Average processing time of GrabImageRGBD(): 10.0863ms
Frame 370 end
Average processing time of GrabImageRGBD(): 10.1366ms
Frame 371 end
Average processing time of GrabImageRGBD(): 10.1224ms
Frame 372 end
Average processing time of GrabImageRGBD(): 10.1047ms
Frame 373 end
Average processing time of GrabImageRGBD(): 10.1049ms
Frame 374 end
Average processing time of GrabImageRGBD(): 10.1053ms
Frame 375 end
Average processing time of GrabImageRGBD(): 10.0874ms
Frame 376 end
Average processing time of GrabImageRGBD(): 10.0701ms
Frame 377 end
Average processing time of GrabImageRGBD(): 10.1248ms
Frame 378 end
Average processing time of GrabImageRGBD(): 10.1278ms
Frame 379 end
Average processing time of GrabImageRGBD(): 10.1319ms
Frame 380 end
Average processing time of GrabImageRGBD(): 10.1368ms
Frame 381 end
Average processing time of GrabImageRGBD(): 10.137ms
Frame 382 end
Average processing time of GrabImageRGBD(): 10.1204ms
Frame 383 end
Average processing time of GrabImageRGBD(): 10.1099ms
Frame 384 end
Average processing time of GrabImageRGBD(): 10.1117ms
Frame 385 end
Average processing time of GrabImageRGBD(): 10.1093ms
Frame 386 end
Average processing time of GrabImageRGBD(): 10.1563ms
Frame 387 end
Average processing time of GrabImageRGBD(): 10.1424ms
Frame 388 end
Average processing time of GrabImageRGBD(): 10.1239ms
Frame 389 end
Average processing time of GrabImageRGBD(): 10.1091ms
Frame 390 end
Average processing time of GrabImageRGBD(): 10.1068ms
Frame 391 end
Average processing time of GrabImageRGBD(): 10.1061ms
Frame 392 end
Average processing time of GrabImageRGBD(): 10.1043ms
Frame 393 end
Average processing time of GrabImageRGBD(): 10.0876ms
Frame 394 end
Average processing time of GrabImageRGBD(): 10.1484ms
Frame 395 end
Average processing time of GrabImageRGBD(): 10.1431ms
Frame 396 end
Average processing time of GrabImageRGBD(): 10.1268ms
Frame 397 end
Average processing time of GrabImageRGBD(): 10.1113ms
Frame 398 end
Average processing time of GrabImageRGBD(): 10.1076ms
Frame 399 end
Average processing time of GrabImageRGBD(): 10.0915ms
Frame 400 end
Average processing time of GrabImageRGBD(): 10.0781ms
Frame 401 end
Average processing time of GrabImageRGBD(): 10.0649ms
Frame 402 end
Average processing time of GrabImageRGBD(): 10.1125ms
Frame 403 end
Average processing time of GrabImageRGBD(): 10.0991ms
Frame 404 end
Average processing time of GrabImageRGBD(): 10.0913ms
Frame 405 end
Average processing time of GrabImageRGBD(): 10.0904ms
Frame 406 end
Average processing time of GrabImageRGBD(): 10.0884ms
Frame 407 end
Average processing time of GrabImageRGBD(): 10.0861ms
Frame 408 end
Average processing time of GrabImageRGBD(): 10.0806ms
Frame 409 end
Average processing time of GrabImageRGBD(): 10.0646ms
Frame 410 end
Average processing time of GrabImageRGBD(): 10.1144ms
Frame 411 end
Average processing time of GrabImageRGBD(): 10.1123ms
Frame 412 end
Average processing time of GrabImageRGBD(): 10.0963ms
Frame 413 end
Average processing time of GrabImageRGBD(): 10.088ms
Frame 414 end
Average processing time of GrabImageRGBD(): 10.0761ms
Frame 415 end
Average processing time of GrabImageRGBD(): 10.06ms
Frame 416 end
Average processing time of GrabImageRGBD(): 10.0439ms
Frame 417 end
Average processing time of GrabImageRGBD(): 10.0363ms
Frame 418 end
Average processing time of GrabImageRGBD(): 10.0788ms
Frame 419 end
Average processing time of GrabImageRGBD(): 10.079ms
Frame 420 end
Average processing time of GrabImageRGBD(): 10.0637ms
Frame 421 end
Average processing time of GrabImageRGBD(): 10.0641ms
Frame 422 end
Average processing time of GrabImageRGBD(): 10.0492ms
Frame 423 end
Average processing time of GrabImageRGBD(): 10.0509ms
Frame 424 end
Average processing time of GrabImageRGBD(): 10.0377ms
Frame 425 end
Average processing time of GrabImageRGBD(): 10.0215ms
Frame 426 end
Average processing time of GrabImageRGBD(): 10.0198ms
Frame 427 end
Average processing time of GrabImageRGBD(): 10.0108ms
Frame 428 end
Average processing time of GrabImageRGBD(): 9.99446ms
Frame 429 end
Average processing time of GrabImageRGBD(): 9.992ms
Frame 430 end
Average processing time of GrabImageRGBD(): 9.98149ms
Frame 431 end
Average processing time of GrabImageRGBD(): 9.97948ms
Frame 432 end
Average processing time of GrabImageRGBD(): 9.96642ms
Frame 433 end
Average processing time of GrabImageRGBD(): 10.0089ms
Frame 434 end
Average processing time of GrabImageRGBD(): 9.99646ms
Frame 435 end
Average processing time of GrabImageRGBD(): 9.98094ms
Frame 436 end
Average processing time of GrabImageRGBD(): 9.97137ms
Frame 437 end
Average processing time of GrabImageRGBD(): 9.95966ms
Frame 438 end
Average processing time of GrabImageRGBD(): 9.94478ms
Frame 439 end
Average processing time of GrabImageRGBD(): 9.93042ms
Frame 440 end
Average processing time of GrabImageRGBD(): 9.97948ms
Frame 441 end
Average processing time of GrabImageRGBD(): 9.9692ms
Frame 442 end
Average processing time of GrabImageRGBD(): 9.95406ms
Frame 443 end
Average processing time of GrabImageRGBD(): 9.95262ms
Frame 444 end
Average processing time of GrabImageRGBD(): 9.94347ms
Frame 445 end
Average processing time of GrabImageRGBD(): 9.92915ms
Frame 446 end
Average processing time of GrabImageRGBD(): 9.92392ms
Frame 447 end
Average processing time of GrabImageRGBD(): 9.9649ms
Frame 448 end
Average processing time of GrabImageRGBD(): 9.96502ms
Frame 449 end
Average processing time of GrabImageRGBD(): 9.94979ms
Frame 450 end
Average processing time of GrabImageRGBD(): 9.93601ms
Frame 451 end
Average processing time of GrabImageRGBD(): 9.9227ms
Frame 452 end
Average processing time of GrabImageRGBD(): 9.92092ms
Frame 453 end
Average processing time of GrabImageRGBD(): 9.90625ms
Frame 454 end
Average processing time of GrabImageRGBD(): 9.95366ms
Frame 455 end
Average processing time of GrabImageRGBD(): 9.94828ms
Frame 456 end
Average processing time of GrabImageRGBD(): 9.93243ms
Frame 457 end
Average processing time of GrabImageRGBD(): 9.92875ms
Frame 458 end
Average processing time of GrabImageRGBD(): 9.9181ms
Frame 459 end
Average processing time of GrabImageRGBD(): 9.91262ms
Frame 460 end
Average processing time of GrabImageRGBD(): 9.90607ms
Frame 461 end
Average processing time of GrabImageRGBD(): 9.9507ms
Frame 462 end
Average processing time of GrabImageRGBD(): 9.9465ms
Frame 463 end
Average processing time of GrabImageRGBD(): 9.93201ms
Frame 464 end
Average processing time of GrabImageRGBD(): 9.92967ms
Frame 465 end
Average processing time of GrabImageRGBD(): 9.92822ms
Frame 466 end
Average processing time of GrabImageRGBD(): 9.91489ms
Frame 467 end
Average processing time of GrabImageRGBD(): 9.9117ms
Frame 468 end
Average processing time of GrabImageRGBD(): 9.94946ms
Frame 469 end
Average processing time of GrabImageRGBD(): 9.95222ms
Frame 470 end
Average processing time of GrabImageRGBD(): 9.93834ms
Frame 471 end
Average processing time of GrabImageRGBD(): 9.92516ms
Frame 472 end
Average processing time of GrabImageRGBD(): 9.91195ms
Frame 473 end
Average processing time of GrabImageRGBD(): 9.89976ms
Frame 474 end
Average processing time of GrabImageRGBD(): 9.89678ms
Frame 475 end
Average processing time of GrabImageRGBD(): 9.89281ms
Frame 476 end
Average processing time of GrabImageRGBD(): 9.89276ms
Frame 477 end
Average processing time of GrabImageRGBD(): 9.87986ms
Frame 478 end
Average processing time of GrabImageRGBD(): 9.87776ms
Frame 479 end
Average processing time of GrabImageRGBD(): 9.86463ms
Frame 480 end
Average processing time of GrabImageRGBD(): 9.86334ms
Frame 481 end
Average processing time of GrabImageRGBD(): 9.86181ms
Frame 482 end
Average processing time of GrabImageRGBD(): 9.84879ms
Frame 483 end
Average processing time of GrabImageRGBD(): 9.83815ms
Frame 484 end
Average processing time of GrabImageRGBD(): 9.82505ms
Frame 485 end
Average processing time of GrabImageRGBD(): 9.81411ms
Frame 486 end
Average processing time of GrabImageRGBD(): 9.87546ms
Frame 487 end
Average processing time of GrabImageRGBD(): 9.86466ms
Frame 488 end
Average processing time of GrabImageRGBD(): 9.85069ms
Frame 489 end
Average processing time of GrabImageRGBD(): 9.849ms
Frame 490 end
Average processing time of GrabImageRGBD(): 9.84698ms
Frame 491 end
Average processing time of GrabImageRGBD(): 9.83804ms
Frame 492 end
Average processing time of GrabImageRGBD(): 9.82564ms
Frame 493 end
Average processing time of GrabImageRGBD(): 9.82355ms
Frame 494 end
Average processing time of GrabImageRGBD(): 9.81246ms
Frame 495 end
Average processing time of GrabImageRGBD(): 9.80376ms
Frame 496 end
Average processing time of GrabImageRGBD(): 9.80191ms
Frame 497 end
Average processing time of GrabImageRGBD(): 9.78804ms
Frame 498 end
Average processing time of GrabImageRGBD(): 9.78604ms
Frame 499 end
Average processing time of GrabImageRGBD(): 9.77326ms
Frame 500 end
Average processing time of GrabImageRGBD(): 9.76896ms
Frame 501 end
Average processing time of GrabImageRGBD(): 9.76183ms
Frame 502 end
Average processing time of GrabImageRGBD(): 9.7604ms
Frame 503 end
Average processing time of GrabImageRGBD(): 9.79356ms
Frame 504 end
Average processing time of GrabImageRGBD(): 9.79325ms
Frame 505 end
Average processing time of GrabImageRGBD(): 9.77976ms
Frame 506 end
Average processing time of GrabImageRGBD(): 9.7749ms
Frame 507 end
Average processing time of GrabImageRGBD(): 9.76239ms
Frame 508 end
Average processing time of GrabImageRGBD(): 9.75177ms
Frame 509 end
Average processing time of GrabImageRGBD(): 9.78915ms
Frame 510 end
Average processing time of GrabImageRGBD(): 9.78974ms
Frame 511 end
Average processing time of GrabImageRGBD(): 9.7781ms
Frame 512 end
Average processing time of GrabImageRGBD(): 9.77635ms
Frame 513 end
Average processing time of GrabImageRGBD(): 9.77402ms
Frame 514 end
Average processing time of GrabImageRGBD(): 9.77239ms
Frame 515 end
Average processing time of GrabImageRGBD(): 9.7711ms
Frame 516 end
Average processing time of GrabImageRGBD(): 9.75755ms
Frame 517 end
Average processing time of GrabImageRGBD(): 9.7993ms
Frame 518 end
Average processing time of GrabImageRGBD(): 9.79686ms
Frame 519 end
Average processing time of GrabImageRGBD(): 9.78367ms
Frame 520 end
Average processing time of GrabImageRGBD(): 9.78237ms
Frame 521 end
Average processing time of GrabImageRGBD(): 9.77247ms
Frame 522 end
Average processing time of GrabImageRGBD(): 9.76045ms
Frame 523 end
Average processing time of GrabImageRGBD(): 9.79762ms
Frame 524 end
Average processing time of GrabImageRGBD(): 9.79658ms
Frame 525 end
Average processing time of GrabImageRGBD(): 9.78434ms
Frame 526 end
Average processing time of GrabImageRGBD(): 9.78147ms
Frame 527 end
Average processing time of GrabImageRGBD(): 9.77764ms
Frame 528 end
Average processing time of GrabImageRGBD(): 9.81152ms
Frame 529 end
Average processing time of GrabImageRGBD(): 9.80118ms
Frame 530 end
Average processing time of GrabImageRGBD(): 9.79008ms
Frame 531 end
Average processing time of GrabImageRGBD(): 9.78108ms
Frame 532 end
Average processing time of GrabImageRGBD(): 9.7792ms
Frame 533 end
Average processing time of GrabImageRGBD(): 9.77654ms
Frame 534 end
Average processing time of GrabImageRGBD(): 9.77417ms
Frame 535 end
Average processing time of GrabImageRGBD(): 9.77196ms
Frame 536 end
Average processing time of GrabImageRGBD(): 9.75973ms
Frame 537 end
Average processing time of GrabImageRGBD(): 9.79259ms
Frame 538 end
Average processing time of GrabImageRGBD(): 9.79009ms
Frame 539 end
Average processing time of GrabImageRGBD(): 9.78858ms
Frame 540 end
Average processing time of GrabImageRGBD(): 9.7812ms
Frame 541 end
Average processing time of GrabImageRGBD(): 9.76919ms
Frame 542 end
Average processing time of GrabImageRGBD(): 9.80646ms
Frame 543 end
Average processing time of GrabImageRGBD(): 9.80891ms
Frame 544 end
Average processing time of GrabImageRGBD(): 9.79682ms
Frame 545 end
Average processing time of GrabImageRGBD(): 9.79038ms
Frame 546 end
Average processing time of GrabImageRGBD(): 9.7885ms
Frame 547 end
Average processing time of GrabImageRGBD(): 9.82138ms
Frame 548 end
Average processing time of GrabImageRGBD(): 9.82241ms
Frame 549 end
Average processing time of GrabImageRGBD(): 9.81848ms
Frame 550 end
Average processing time of GrabImageRGBD(): 9.80685ms
Frame 551 end
Average processing time of GrabImageRGBD(): 9.79496ms
Frame 552 end
Average processing time of GrabImageRGBD(): 9.78813ms
Frame 553 end
Average processing time of GrabImageRGBD(): 9.82158ms
Frame 554 end
Average processing time of GrabImageRGBD(): 9.82318ms
Frame 555 end
Average processing time of GrabImageRGBD(): 9.81245ms
Frame 556 end
Average processing time of GrabImageRGBD(): 9.80561ms
Frame 557 end
Average processing time of GrabImageRGBD(): 9.79424ms
Frame 558 end
Average processing time of GrabImageRGBD(): 9.79282ms
Frame 559 end
Average processing time of GrabImageRGBD(): 9.78318ms
Frame 560 end
Average processing time of GrabImageRGBD(): 9.82325ms
Frame 561 end
Average processing time of GrabImageRGBD(): 9.82476ms
Frame 562 end
Average processing time of GrabImageRGBD(): 9.81743ms
Frame 563 end
Average processing time of GrabImageRGBD(): 9.81691ms
Frame 564 end
Average processing time of GrabImageRGBD(): 9.81133ms
Frame 565 end
Average processing time of GrabImageRGBD(): 9.80853ms
Frame 566 end
Average processing time of GrabImageRGBD(): 9.8065ms
Frame 567 end
Average processing time of GrabImageRGBD(): 9.84057ms
Frame 568 end
Average processing time of GrabImageRGBD(): 9.84278ms
Frame 569 end
Average processing time of GrabImageRGBD(): 9.83187ms
Frame 570 end
Average processing time of GrabImageRGBD(): 9.82444ms
Frame 571 end
Average processing time of GrabImageRGBD(): 9.81805ms
Frame 572 end
Average processing time of GrabImageRGBD(): 9.81436ms
Frame 573 end
Average processing time of GrabImageRGBD(): 9.80915ms
Frame 574 end
Average processing time of GrabImageRGBD(): 9.84369ms
Frame 575 end
Average processing time of GrabImageRGBD(): 9.84027ms
Frame 576 end
Average processing time of GrabImageRGBD(): 9.84016ms
Frame 577 end
Average processing time of GrabImageRGBD(): 9.82949ms
Frame 578 end
Average processing time of GrabImageRGBD(): 9.81939ms
Frame 579 end
Average processing time of GrabImageRGBD(): 9.81534ms
Frame 580 end
Average processing time of GrabImageRGBD(): 9.80453ms
Frame 581 end
Average processing time of GrabImageRGBD(): 9.79363ms
Frame 582 end
Average processing time of GrabImageRGBD(): 9.78877ms
Frame 583 end
Average processing time of GrabImageRGBD(): 9.78664ms
Frame 584 end
Average processing time of GrabImageRGBD(): 9.78464ms
Frame 585 end
Average processing time of GrabImageRGBD(): 9.77371ms
Frame 586 end
Average processing time of GrabImageRGBD(): 9.77279ms
Frame 587 end
Average processing time of GrabImageRGBD(): 9.80434ms
Frame 588 end
Average processing time of GrabImageRGBD(): 9.80601ms
Frame 589 end
Average processing time of GrabImageRGBD(): 9.81019ms
Frame 590 end
Average processing time of GrabImageRGBD(): 9.80783ms
Frame 591 end
Average processing time of GrabImageRGBD(): 9.80515ms
Frame 592 end
Average processing time of GrabImageRGBD(): 9.79507ms
Frame 593 end
Average processing time of GrabImageRGBD(): 9.79282ms
Frame 594 end
Average processing time of GrabImageRGBD(): 9.79051ms
Frame 595 end
Average processing time of GrabImageRGBD(): 9.82384ms
Frame 596 end
Average processing time of GrabImageRGBD(): 9.82275ms
Frame 597 end
Average processing time of GrabImageRGBD(): 9.82383ms
Frame 598 end
Average processing time of GrabImageRGBD(): 9.82413ms
Frame 599 end
Average processing time of GrabImageRGBD(): 9.82464ms
Frame 600 end
Average processing time of GrabImageRGBD(): 9.82486ms
Frame 601 end
Average processing time of GrabImageRGBD(): 9.81417ms
Frame 602 end
Average processing time of GrabImageRGBD(): 9.80318ms
Frame 603 end
Average processing time of GrabImageRGBD(): 9.83815ms
Frame 604 end
Average processing time of GrabImageRGBD(): 9.83766ms
Frame 605 end
Average processing time of GrabImageRGBD(): 9.83128ms
Frame 606 end
Average processing time of GrabImageRGBD(): 9.82059ms
Frame 607 end
Average processing time of GrabImageRGBD(): 9.81995ms
Frame 608 end
Average processing time of GrabImageRGBD(): 9.81854ms
Frame 609 end
Average processing time of GrabImageRGBD(): 9.81475ms
Frame 610 end
Average processing time of GrabImageRGBD(): 9.80748ms
Frame 611 end
Average processing time of GrabImageRGBD(): 9.84184ms
Frame 612 end
Average processing time of GrabImageRGBD(): 9.83552ms
Frame 613 end
Average processing time of GrabImageRGBD(): 9.82848ms
Frame 614 end
Average processing time of GrabImageRGBD(): 9.82449ms
Frame 615 end
Average processing time of GrabImageRGBD(): 9.81632ms
Frame 616 end
Average processing time of GrabImageRGBD(): 9.80572ms
Frame 617 end
Average processing time of GrabImageRGBD(): 9.79548ms
Frame 618 end
Average processing time of GrabImageRGBD(): 9.78513ms
Frame 619 end
Average processing time of GrabImageRGBD(): 9.81391ms
Frame 620 end
Average processing time of GrabImageRGBD(): 9.81914ms
Frame 621 end
Average processing time of GrabImageRGBD(): 9.80904ms
Frame 622 end
Average processing time of GrabImageRGBD(): 9.79882ms
Frame 623 end
Average processing time of GrabImageRGBD(): 9.78871ms
Frame 624 end
Average processing time of GrabImageRGBD(): 9.77855ms
Frame 625 end
Average processing time of GrabImageRGBD(): 9.77091ms
Frame 626 end
Average processing time of GrabImageRGBD(): 9.76048ms
Frame 627 end
Average processing time of GrabImageRGBD(): 9.79151ms
Frame 628 end
Average processing time of GrabImageRGBD(): 9.79332ms
Frame 629 end
Average processing time of GrabImageRGBD(): 9.78985ms
Frame 630 end
Average processing time of GrabImageRGBD(): 9.78778ms
Frame 631 end
Average processing time of GrabImageRGBD(): 9.779ms
Frame 632 end
Average processing time of GrabImageRGBD(): 9.78164ms
Frame 633 end
Average processing time of GrabImageRGBD(): 9.77245ms
Frame 634 end
Average processing time of GrabImageRGBD(): 9.77778ms
Frame 635 end
Average processing time of GrabImageRGBD(): 9.7775ms
Frame 636 end
Average processing time of GrabImageRGBD(): 9.8082ms
Frame 637 end
Average processing time of GrabImageRGBD(): 9.80714ms
Frame 638 end
Average processing time of GrabImageRGBD(): 9.80596ms
Frame 639 end
Average processing time of GrabImageRGBD(): 9.80696ms
Frame 640 end
Average processing time of GrabImageRGBD(): 9.80688ms
Frame 641 end
Average processing time of GrabImageRGBD(): 9.79764ms
Frame 642 end
Average processing time of GrabImageRGBD(): 9.79449ms
Frame 643 end
Average processing time of GrabImageRGBD(): 9.79464ms
Frame 644 end
Average processing time of GrabImageRGBD(): 9.79347ms
Frame 645 end
Average processing time of GrabImageRGBD(): 9.78352ms
Frame 646 end
Average processing time of GrabImageRGBD(): 9.82609ms
Frame 647 end
Average processing time of GrabImageRGBD(): 9.83064ms
Frame 648 end
Average processing time of GrabImageRGBD(): 9.83335ms
Frame 649 end
Average processing time of GrabImageRGBD(): 9.83305ms
Frame 650 end
Average processing time of GrabImageRGBD(): 9.83251ms
Frame 651 end
Average processing time of GrabImageRGBD(): 9.83245ms
Frame 652 end
Average processing time of GrabImageRGBD(): 9.82494ms
Frame 653 end
Average processing time of GrabImageRGBD(): 9.8255ms
Frame 654 end
Average processing time of GrabImageRGBD(): 9.8632ms
Frame 655 end
Average processing time of GrabImageRGBD(): 9.86762ms
Frame 656 end
Average processing time of GrabImageRGBD(): 9.86414ms
Frame 657 end
Average processing time of GrabImageRGBD(): 9.8613ms
Frame 658 end
Average processing time of GrabImageRGBD(): 9.86366ms
Frame 659 end
Average processing time of GrabImageRGBD(): 9.86639ms
Frame 660 end
Average processing time of GrabImageRGBD(): 9.86461ms
Frame 661 end
Average processing time of GrabImageRGBD(): 9.86373ms
Frame 662 end
Average processing time of GrabImageRGBD(): 9.8655ms
Frame 663 end
Average processing time of GrabImageRGBD(): 9.92455ms
Frame 664 end
Average processing time of GrabImageRGBD(): 9.92854ms
Frame 665 end
Average processing time of GrabImageRGBD(): 9.92622ms
Frame 666 end
Average processing time of GrabImageRGBD(): 9.92478ms
Frame 667 end
Average processing time of GrabImageRGBD(): 9.92642ms
Frame 668 end
Average processing time of GrabImageRGBD(): 9.92769ms
Frame 669 end
Average processing time of GrabImageRGBD(): 9.93002ms
Frame 670 end
Average processing time of GrabImageRGBD(): 9.93255ms
Frame 671 end
Average processing time of GrabImageRGBD(): 9.92981ms
Frame 672 end
Average processing time of GrabImageRGBD(): 9.9266ms
Frame 673 end
Average processing time of GrabImageRGBD(): 9.96322ms
Frame 674 end
Average processing time of GrabImageRGBD(): 9.96067ms
Frame 675 end
Average processing time of GrabImageRGBD(): 9.96165ms
Frame 676 end
Average processing time of GrabImageRGBD(): 9.96447ms
Frame 677 end
Average processing time of GrabImageRGBD(): 9.96839ms
Frame 678 end
Average processing time of GrabImageRGBD(): 9.96693ms
Frame 679 end
Average processing time of GrabImageRGBD(): 9.97034ms
Frame 680 end
Average processing time of GrabImageRGBD(): 9.97249ms
Frame 681 end
Average processing time of GrabImageRGBD(): 9.97151ms
Frame 682 end
Average processing time of GrabImageRGBD(): 10.0129ms
Frame 683 end
Average processing time of GrabImageRGBD(): 10.0196ms
Frame 684 end
Average processing time of GrabImageRGBD(): 10.0219ms
Frame 685 end
Average processing time of GrabImageRGBD(): 10.0206ms
Frame 686 end
Average processing time of GrabImageRGBD(): 10.0238ms
Frame 687 end
Average processing time of GrabImageRGBD(): 10.0262ms
Frame 688 end
Average processing time of GrabImageRGBD(): 10.0282ms
Frame 689 end
Average processing time of GrabImageRGBD(): 10.0273ms
Frame 690 end
Average processing time of GrabImageRGBD(): 10.0312ms
Frame 691 end
Average processing time of GrabImageRGBD(): 10.0698ms
Frame 692 end
Average processing time of GrabImageRGBD(): 10.0737ms
Frame 693 end
Average processing time of GrabImageRGBD(): 10.0755ms
Frame 694 end
Average processing time of GrabImageRGBD(): 10.0779ms
Frame 695 end
Average processing time of GrabImageRGBD(): 10.0719ms
Frame 696 end
Average processing time of GrabImageRGBD(): 10.073ms
Frame 697 end
Average processing time of GrabImageRGBD(): 10.0702ms
Frame 698 end
Average processing time of GrabImageRGBD(): 10.0688ms
Frame 699 end
Average processing time of GrabImageRGBD(): 10.0693ms
Frame 700 end
Average processing time of GrabImageRGBD(): 10.0708ms
Frame 701 end
Average processing time of GrabImageRGBD(): 10.1112ms
Frame 702 end
Average processing time of GrabImageRGBD(): 10.1096ms
Frame 703 end
Average processing time of GrabImageRGBD(): 10.103ms
Frame 704 end
Average processing time of GrabImageRGBD(): 10.0963ms
Frame 705 end
Average processing time of GrabImageRGBD(): 10.0981ms
Frame 706 end
Average processing time of GrabImageRGBD(): 10.0946ms
Frame 707 end
Average processing time of GrabImageRGBD(): 10.0948ms
Frame 708 end
Average processing time of GrabImageRGBD(): 10.098ms
Frame 709 end
Average processing time of GrabImageRGBD(): 10.0998ms
Frame 710 end
Average processing time of GrabImageRGBD(): 10.0987ms
Frame 711 end
Average processing time of GrabImageRGBD(): 10.0939ms
Frame 712 end
Average processing time of GrabImageRGBD(): 10.1329ms
Frame 713 end
Average processing time of GrabImageRGBD(): 10.1309ms
Frame 714 end
Average processing time of GrabImageRGBD(): 10.1212ms
Frame 715 end
Average processing time of GrabImageRGBD(): 10.1554ms
Frame 716 end
Average processing time of GrabImageRGBD(): 10.1526ms
Frame 717 end
Average processing time of GrabImageRGBD(): 10.143ms
Frame 718 end
Average processing time of GrabImageRGBD(): 10.137ms
Frame 719 end
Average processing time of GrabImageRGBD(): 10.1273ms
Frame 720 end
Average processing time of GrabImageRGBD(): 10.1177ms
Frame 721 end
Average processing time of GrabImageRGBD(): 10.1119ms
Frame 722 end
Average processing time of GrabImageRGBD(): 10.1024ms
Frame 723 end
Average processing time of GrabImageRGBD(): 10.0964ms
Frame 724 end
Average processing time of GrabImageRGBD(): 10.0905ms
Frame 725 end
Average processing time of GrabImageRGBD(): 10.0847ms
Frame 726 end
Average processing time of GrabImageRGBD(): 10.079ms
Frame 727 end
Average processing time of GrabImageRGBD(): 10.1051ms
Frame 728 end
Average processing time of GrabImageRGBD(): 10.0977ms
Frame 729 end
Average processing time of GrabImageRGBD(): 10.0933ms
Frame 730 end
Average processing time of GrabImageRGBD(): 10.09ms
Frame 731 end
Average processing time of GrabImageRGBD(): 10.0848ms
Frame 732 end
Average processing time of GrabImageRGBD(): 10.0772ms
Frame 733 end
Average processing time of GrabImageRGBD(): 10.0738ms
Frame 734 end
Average processing time of GrabImageRGBD(): 10.0646ms
Frame 735 end
Average processing time of GrabImageRGBD(): 10.0554ms
Frame 736 end
Average processing time of GrabImageRGBD(): 10.0471ms
Frame 737 end
Average processing time of GrabImageRGBD(): 10.0398ms
Frame 738 end
Average processing time of GrabImageRGBD(): 10.0311ms
Frame 739 end
Average processing time of GrabImageRGBD(): 10.0258ms
Frame 740 end
Average processing time of GrabImageRGBD(): 10.0212ms
Frame 741 end
Average processing time of GrabImageRGBD(): 10.0476ms
Frame 742 end
Average processing time of GrabImageRGBD(): 10.0401ms
Frame 743 end
Average processing time of GrabImageRGBD(): 10.0311ms
Frame 744 end
Average processing time of GrabImageRGBD(): 10.0275ms
Frame 745 end
Average processing time of GrabImageRGBD(): 10.0185ms
Frame 746 end
Average processing time of GrabImageRGBD(): 10.0094ms
Frame 747 end
Average processing time of GrabImageRGBD(): 10.0056ms
Frame 748 end
Average processing time of GrabImageRGBD(): 10.0016ms
Frame 749 end
Average processing time of GrabImageRGBD(): 9.99718ms
Frame 750 end
Average processing time of GrabImageRGBD(): 9.9897ms
Frame 751 end
Average processing time of GrabImageRGBD(): 9.98454ms
Frame 752 end
Average processing time of GrabImageRGBD(): 9.97563ms
Frame 753 end
Average processing time of GrabImageRGBD(): 9.97096ms
Frame 754 end
Average processing time of GrabImageRGBD(): 10.0082ms
Frame 755 end
Average processing time of GrabImageRGBD(): 10.0013ms
Frame 756 end
Average processing time of GrabImageRGBD(): 9.99477ms
Frame 757 end
Average processing time of GrabImageRGBD(): 9.98938ms
Frame 758 end
Average processing time of GrabImageRGBD(): 9.98626ms
Frame 759 end
Average processing time of GrabImageRGBD(): 9.98032ms
Frame 760 end
Average processing time of GrabImageRGBD(): 10.0078ms
Frame 761 end
Average processing time of GrabImageRGBD(): 10.004ms
Frame 762 end
Average processing time of GrabImageRGBD(): 10.0301ms
Frame 763 end
Average processing time of GrabImageRGBD(): 10.0228ms
Frame 764 end
Average processing time of GrabImageRGBD(): 10.0138ms
Frame 765 end
Average processing time of GrabImageRGBD(): 10.0066ms
Frame 766 end
Average processing time of GrabImageRGBD(): 9.99761ms
Frame 767 end
Average processing time of GrabImageRGBD(): 9.98894ms
Frame 768 end
Average processing time of GrabImageRGBD(): 9.98155ms
Frame 769 end
Average processing time of GrabImageRGBD(): 9.97272ms
Frame 770 end
Average processing time of GrabImageRGBD(): 9.96374ms
Frame 771 end
Average processing time of GrabImageRGBD(): 9.95504ms
Frame 772 end
Average processing time of GrabImageRGBD(): 9.94974ms
Frame 773 end
Average processing time of GrabImageRGBD(): 9.9419ms
Frame 774 end
Average processing time of GrabImageRGBD(): 9.96913ms
Frame 775 end
Average processing time of GrabImageRGBD(): 9.96309ms
Frame 776 end
Average processing time of GrabImageRGBD(): 9.96184ms
Frame 777 end
Average processing time of GrabImageRGBD(): 9.95337ms
Frame 778 end
Average processing time of GrabImageRGBD(): 9.95139ms
Frame 779 end
Average processing time of GrabImageRGBD(): 9.94978ms
Frame 780 end
Average processing time of GrabImageRGBD(): 9.94135ms
Frame 781 end
Average processing time of GrabImageRGBD(): 9.93714ms
Frame 782 end
Average processing time of GrabImageRGBD(): 9.93457ms
Frame 783 end
Average processing time of GrabImageRGBD(): 9.93206ms
Frame 784 end
Average processing time of GrabImageRGBD(): 9.92946ms
Frame 785 end
Average processing time of GrabImageRGBD(): 9.92123ms
Frame 786 end
Average processing time of GrabImageRGBD(): 9.91439ms
Frame 787 end
Average processing time of GrabImageRGBD(): 9.94314ms
Frame 788 end
Average processing time of GrabImageRGBD(): 9.9428ms
Frame 789 end
Average processing time of GrabImageRGBD(): 9.94019ms
Frame 790 end
Average processing time of GrabImageRGBD(): 9.93933ms
Frame 791 end
Average processing time of GrabImageRGBD(): 9.93595ms
Frame 792 end
Average processing time of GrabImageRGBD(): 9.9354ms
Frame 793 end
Average processing time of GrabImageRGBD(): 9.92952ms
Frame 794 end
Average processing time of GrabImageRGBD(): 9.92127ms
Frame 795 end
Average processing time of GrabImageRGBD(): 9.91577ms
Frame 796 end
Average processing time of GrabImageRGBD(): 9.91029ms
Frame 797 end
Average processing time of GrabImageRGBD(): 9.9349ms
Frame 798 end
Average processing time of GrabImageRGBD(): 9.93535ms
Frame 799 end
Average processing time of GrabImageRGBD(): 9.93362ms
Frame 800 end
Average processing time of GrabImageRGBD(): 9.92569ms
Frame 801 end
Average processing time of GrabImageRGBD(): 9.9243ms
Frame 802 end
Average processing time of GrabImageRGBD(): 9.92036ms
Frame 803 end
Average processing time of GrabImageRGBD(): 9.91841ms
Frame 804 end
Average processing time of GrabImageRGBD(): 9.91674ms
Frame 805 end
Average processing time of GrabImageRGBD(): 9.91244ms
Frame 806 end
Average processing time of GrabImageRGBD(): 9.90972ms
Frame 807 end
Average processing time of GrabImageRGBD(): 9.933ms
Frame 808 end
Average processing time of GrabImageRGBD(): 9.93391ms
Frame 809 end
Average processing time of GrabImageRGBD(): 9.93419ms
Frame 810 end
Average processing time of GrabImageRGBD(): 9.93426ms
Frame 811 end
Average processing time of GrabImageRGBD(): 9.92701ms
Frame 812 end
Average processing time of GrabImageRGBD(): 9.92599ms
Frame 813 end
Average processing time of GrabImageRGBD(): 9.92407ms
Frame 814 end
Average processing time of GrabImageRGBD(): 9.92227ms
Frame 815 end
Average processing time of GrabImageRGBD(): 9.91896ms
Frame 816 end
Average processing time of GrabImageRGBD(): 9.94467ms
Frame 817 end
Average processing time of GrabImageRGBD(): 9.93987ms
Frame 818 end
Average processing time of GrabImageRGBD(): 9.93258ms
Frame 819 end
Average processing time of GrabImageRGBD(): 9.92447ms
Frame 820 end
Average processing time of GrabImageRGBD(): 9.92199ms
Frame 821 end
Average processing time of GrabImageRGBD(): 9.918ms
Frame 822 end
Average processing time of GrabImageRGBD(): 9.90965ms
Frame 823 end
Average processing time of GrabImageRGBD(): 9.90219ms
Frame 824 end
Average processing time of GrabImageRGBD(): 9.92397ms
Frame 825 end
Average processing time of GrabImageRGBD(): 9.92213ms
Frame 826 end
Average processing time of GrabImageRGBD(): 9.92049ms
Frame 827 end
Average processing time of GrabImageRGBD(): 9.92001ms
Frame 828 end
Average processing time of GrabImageRGBD(): 9.91679ms
Frame 829 end
Average processing time of GrabImageRGBD(): 9.91017ms
Frame 830 end
Average processing time of GrabImageRGBD(): 9.90212ms
Frame 831 end
Average processing time of GrabImageRGBD(): 9.89983ms
Frame 832 end
Average processing time of GrabImageRGBD(): 9.92431ms
Frame 833 end
Average processing time of GrabImageRGBD(): 9.92354ms
Frame 834 end
Average processing time of GrabImageRGBD(): 9.91775ms
Frame 835 end
Average processing time of GrabImageRGBD(): 9.91564ms
Frame 836 end
Average processing time of GrabImageRGBD(): 9.90769ms
Frame 837 end
Average processing time of GrabImageRGBD(): 9.90536ms
Frame 838 end
Average processing time of GrabImageRGBD(): 9.89756ms
Frame 839 end
Average processing time of GrabImageRGBD(): 9.89098ms
Frame 840 end
Average processing time of GrabImageRGBD(): 9.88853ms
Frame 841 end
Average processing time of GrabImageRGBD(): 9.88018ms
Frame 842 end
Average processing time of GrabImageRGBD(): 9.90159ms
Frame 843 end
Average processing time of GrabImageRGBD(): 9.89794ms
Frame 844 end
Average processing time of GrabImageRGBD(): 9.89705ms
Frame 845 end
Average processing time of GrabImageRGBD(): 9.89487ms
Frame 846 end
Average processing time of GrabImageRGBD(): 9.88869ms
Frame 847 end
Average processing time of GrabImageRGBD(): 9.88144ms
Frame 848 end
Average processing time of GrabImageRGBD(): 9.87713ms
Frame 849 end
Average processing time of GrabImageRGBD(): 9.87471ms
Frame 850 end
Average processing time of GrabImageRGBD(): 9.86822ms
Frame 851 end
Average processing time of GrabImageRGBD(): 9.89061ms
Frame 852 end
Average processing time of GrabImageRGBD(): 9.89029ms
Frame 853 end
Average processing time of GrabImageRGBD(): 9.88447ms
Frame 854 end
Average processing time of GrabImageRGBD(): 9.87773ms
Frame 855 end
Average processing time of GrabImageRGBD(): 9.87649ms
Frame 856 end
Average processing time of GrabImageRGBD(): 9.87483ms
Frame 857 end
Average processing time of GrabImageRGBD(): 9.87052ms
Frame 858 end
Average processing time of GrabImageRGBD(): 9.8632ms
Frame 859 end
Average processing time of GrabImageRGBD(): 9.89639ms
Frame 860 end
Average processing time of GrabImageRGBD(): 9.89256ms
Frame 861 end
Average processing time of GrabImageRGBD(): 9.89073ms
Frame 862 end
Average processing time of GrabImageRGBD(): 9.88867ms
Frame 863 end
Average processing time of GrabImageRGBD(): 9.88302ms
Frame 864 end
Average processing time of GrabImageRGBD(): 9.88039ms
Frame 865 end
Average processing time of GrabImageRGBD(): 9.87773ms
Frame 866 end
Average processing time of GrabImageRGBD(): 9.90121ms
Frame 867 end
Average processing time of GrabImageRGBD(): 9.8953ms
Frame 868 end
Average processing time of GrabImageRGBD(): 9.89032ms
Frame 869 end
Average processing time of GrabImageRGBD(): 9.88304ms
Frame 870 end
Average processing time of GrabImageRGBD(): 9.87795ms
Frame 871 end
Average processing time of GrabImageRGBD(): 9.87326ms
Frame 872 end
Average processing time of GrabImageRGBD(): 9.86555ms
Frame 873 end
Average processing time of GrabImageRGBD(): 9.89714ms
Frame 874 end
Average processing time of GrabImageRGBD(): 9.89665ms
Frame 875 end
Average processing time of GrabImageRGBD(): 9.8896ms
Frame 876 end
Average processing time of GrabImageRGBD(): 9.88806ms
Frame 877 end
Average processing time of GrabImageRGBD(): 9.88262ms
Frame 878 end
Average processing time of GrabImageRGBD(): 9.8813ms
Frame 879 end
Average processing time of GrabImageRGBD(): 9.87871ms
Frame 880 end
Average processing time of GrabImageRGBD(): 9.87566ms
Frame 881 end
Average processing time of GrabImageRGBD(): 9.90007ms
Frame 882 end
Average processing time of GrabImageRGBD(): 9.89967ms
Frame 883 end
Average processing time of GrabImageRGBD(): 9.89259ms
Frame 884 end
Average processing time of GrabImageRGBD(): 9.89183ms
Frame 885 end
Average processing time of GrabImageRGBD(): 9.89128ms
Frame 886 end
Average processing time of GrabImageRGBD(): 9.88607ms
Frame 887 end
Average processing time of GrabImageRGBD(): 9.88397ms
Frame 888 end
Average processing time of GrabImageRGBD(): 9.88174ms
Frame 889 end
Average processing time of GrabImageRGBD(): 9.8771ms
Frame 890 end
Average processing time of GrabImageRGBD(): 9.90053ms
Frame 891 end
Average processing time of GrabImageRGBD(): 9.90137ms
Frame 892 end
Average processing time of GrabImageRGBD(): 9.90144ms
Frame 893 end
Average processing time of GrabImageRGBD(): 9.89613ms
Frame 894 end
Average processing time of GrabImageRGBD(): 9.8952ms
Frame 895 end
Average processing time of GrabImageRGBD(): 9.89432ms
Frame 896 end
Average processing time of GrabImageRGBD(): 9.89266ms
Frame 897 end
Average processing time of GrabImageRGBD(): 9.88872ms
Frame 898 end
Average processing time of GrabImageRGBD(): 9.88169ms
Frame 899 end
Average processing time of GrabImageRGBD(): 9.90284ms
Frame 900 end
Average processing time of GrabImageRGBD(): 9.90247ms
Frame 901 end
Average processing time of GrabImageRGBD(): 9.90131ms
Frame 902 end
Average processing time of GrabImageRGBD(): 9.89959ms
Frame 903 end
Average processing time of GrabImageRGBD(): 9.89225ms
Frame 904 end
Average processing time of GrabImageRGBD(): 9.88936ms
Frame 905 end
Average processing time of GrabImageRGBD(): 9.88291ms
Frame 906 end
Average processing time of GrabImageRGBD(): 9.88099ms
Frame 907 end
Average processing time of GrabImageRGBD(): 9.87403ms
Frame 908 end
Average processing time of GrabImageRGBD(): 9.86771ms
Frame 909 end
Average processing time of GrabImageRGBD(): 9.88848ms
Frame 910 end
Average processing time of GrabImageRGBD(): 9.8826ms
Frame 911 end
Average processing time of GrabImageRGBD(): 9.87593ms
Frame 912 end
Average processing time of GrabImageRGBD(): 9.87659ms
Frame 913 end
Average processing time of GrabImageRGBD(): 9.86976ms
Frame 914 end
Average processing time of GrabImageRGBD(): 9.86564ms
Frame 915 end
Average processing time of GrabImageRGBD(): 9.86271ms
Frame 916 end
Average processing time of GrabImageRGBD(): 9.85685ms
Frame 917 end
Average processing time of GrabImageRGBD(): 9.85415ms
Frame 918 end
Average processing time of GrabImageRGBD(): 9.84812ms
Frame 919 end
Average processing time of GrabImageRGBD(): 9.86814ms
Frame 920 end
Average processing time of GrabImageRGBD(): 9.86594ms
Frame 921 end
Average processing time of GrabImageRGBD(): 9.8608ms
Frame 922 end
Average processing time of GrabImageRGBD(): 9.85852ms
Frame 923 end
Average processing time of GrabImageRGBD(): 9.85375ms
Frame 924 end
Average processing time of GrabImageRGBD(): 9.84904ms
Frame 925 end
Average processing time of GrabImageRGBD(): 9.84163ms
Frame 926 end
Average processing time of GrabImageRGBD(): 9.8365ms
Frame 927 end
Average processing time of GrabImageRGBD(): 9.82898ms
Frame 928 end
Average processing time of GrabImageRGBD(): 9.82138ms
Frame 929 end
Average processing time of GrabImageRGBD(): 9.81469ms
Frame 930 end
Average processing time of GrabImageRGBD(): 9.83419ms
Frame 931 end
Average processing time of GrabImageRGBD(): 9.83261ms
Frame 932 end
Average processing time of GrabImageRGBD(): 9.82552ms
Frame 933 end
Average processing time of GrabImageRGBD(): 9.81996ms
Frame 934 end
Average processing time of GrabImageRGBD(): 9.81657ms
Frame 935 end
Average processing time of GrabImageRGBD(): 9.81101ms
Frame 936 end
Average processing time of GrabImageRGBD(): 9.8068ms
Frame 937 end
Average processing time of GrabImageRGBD(): 9.80222ms
Frame 938 end
Average processing time of GrabImageRGBD(): 9.7962ms
Frame 939 end
Average processing time of GrabImageRGBD(): 9.79092ms
Frame 940 end
Average processing time of GrabImageRGBD(): 9.78366ms
Frame 941 end
Average processing time of GrabImageRGBD(): 9.77777ms
Frame 942 end
Average processing time of GrabImageRGBD(): 9.7974ms
Frame 943 end
Average processing time of GrabImageRGBD(): 9.7966ms
Frame 944 end
Average processing time of GrabImageRGBD(): 9.7941ms
Frame 945 end
Average processing time of GrabImageRGBD(): 9.79182ms
Frame 946 end
Average processing time of GrabImageRGBD(): 9.78845ms
Frame 947 end
Average processing time of GrabImageRGBD(): 9.78133ms
Frame 948 end
Average processing time of GrabImageRGBD(): 9.80257ms
Frame 949 end
Average processing time of GrabImageRGBD(): 9.801ms
Frame 950 end
Average processing time of GrabImageRGBD(): 9.82319ms
Frame 951 end
Average processing time of GrabImageRGBD(): 9.82186ms
Frame 952 end
Average processing time of GrabImageRGBD(): 9.8193ms
Frame 953 end
Average processing time of GrabImageRGBD(): 9.81589ms
Frame 954 end
Average processing time of GrabImageRGBD(): 9.8126ms
Frame 955 end
Average processing time of GrabImageRGBD(): 9.83688ms
Frame 956 end
Average processing time of GrabImageRGBD(): 9.83524ms
Frame 957 end
Average processing time of GrabImageRGBD(): 9.83113ms
Frame 958 end
Average processing time of GrabImageRGBD(): 9.8249ms
Frame 959 end
Average processing time of GrabImageRGBD(): 9.8471ms
Frame 960 end
Average processing time of GrabImageRGBD(): 9.84302ms
Frame 961 end
Average processing time of GrabImageRGBD(): 9.8631ms
Frame 962 end
Average processing time of GrabImageRGBD(): 9.86258ms
Frame 963 end
Average processing time of GrabImageRGBD(): 9.85974ms
Frame 964 end
Average processing time of GrabImageRGBD(): 9.85462ms
Frame 965 end
Average processing time of GrabImageRGBD(): 9.85218ms
Frame 966 end
Average processing time of GrabImageRGBD(): 9.872ms
Frame 967 end
Average processing time of GrabImageRGBD(): 9.86993ms
Frame 968 end
Average processing time of GrabImageRGBD(): 9.86658ms
Frame 969 end
Average processing time of GrabImageRGBD(): 9.86013ms
Frame 970 end
Average processing time of GrabImageRGBD(): 9.85596ms
Frame 971 end
Average processing time of GrabImageRGBD(): 9.87762ms
Frame 972 end
Average processing time of GrabImageRGBD(): 9.87625ms
Frame 973 end
Average processing time of GrabImageRGBD(): 9.87229ms
Frame 974 end
Average processing time of GrabImageRGBD(): 9.86767ms
Frame 975 end
Average processing time of GrabImageRGBD(): 9.86073ms
Frame 976 end
Average processing time of GrabImageRGBD(): 9.85634ms
Frame 977 end
Average processing time of GrabImageRGBD(): 9.84922ms
Frame 978 end
Average processing time of GrabImageRGBD(): 9.84456ms
Frame 979 end
Average processing time of GrabImageRGBD(): 9.86399ms
Frame 980 end
Average processing time of GrabImageRGBD(): 9.85826ms
Frame 981 end
Average processing time of GrabImageRGBD(): 9.8537ms
Frame 982 end
Average processing time of GrabImageRGBD(): 9.85025ms
Frame 983 end
Average processing time of GrabImageRGBD(): 9.84675ms
Frame 984 end
Average processing time of GrabImageRGBD(): 9.84331ms
Frame 985 end
Average processing time of GrabImageRGBD(): 9.83887ms
Frame 986 end
Average processing time of GrabImageRGBD(): 9.83202ms
Frame 987 end
Average processing time of GrabImageRGBD(): 9.82721ms
Frame 988 end
Average processing time of GrabImageRGBD(): 9.82311ms
Frame 989 end
Average processing time of GrabImageRGBD(): 9.81849ms
Frame 990 end
Average processing time of GrabImageRGBD(): 9.8126ms
Frame 991 end
Average processing time of GrabImageRGBD(): 9.83152ms
Frame 992 end
Average processing time of GrabImageRGBD(): 9.82694ms
Frame 993 end
Average processing time of GrabImageRGBD(): 9.82371ms
Frame 994 end
Average processing time of GrabImageRGBD(): 9.82089ms
Frame 995 end
Average processing time of GrabImageRGBD(): 9.81547ms
Frame 996 end
Average processing time of GrabImageRGBD(): 9.81331ms
Frame 997 end
Average processing time of GrabImageRGBD(): 9.80787ms
Frame 998 end
Average processing time of GrabImageRGBD(): 9.80513ms
Frame 999 end
Average processing time of GrabImageRGBD(): 9.80187ms
Frame 1000 end
Average processing time of GrabImageRGBD(): 9.79532ms
Frame 1001 end
Average processing time of GrabImageRGBD(): 9.79239ms
Frame 1002 end
Average processing time of GrabImageRGBD(): 9.78574ms
Frame 1003 end
Average processing time of GrabImageRGBD(): 9.78258ms
Frame 1004 end
Average processing time of GrabImageRGBD(): 9.80317ms
Frame 1005 end
Average processing time of GrabImageRGBD(): 9.80178ms
Frame 1006 end
Average processing time of GrabImageRGBD(): 9.79918ms
Frame 1007 end
Average processing time of GrabImageRGBD(): 9.79662ms
Frame 1008 end
Average processing time of GrabImageRGBD(): 9.79363ms
Frame 1009 end
Average processing time of GrabImageRGBD(): 9.79092ms
Frame 1010 end
Average processing time of GrabImageRGBD(): 9.78707ms
Frame 1011 end
Average processing time of GrabImageRGBD(): 9.7841ms
Frame 1012 end
Average processing time of GrabImageRGBD(): 9.77752ms
Frame 1013 end
Average processing time of GrabImageRGBD(): 9.77441ms
Frame 1014 end
Average processing time of GrabImageRGBD(): 9.76886ms
Frame 1015 end
Average processing time of GrabImageRGBD(): 9.76554ms
Frame 1016 end
Average processing time of GrabImageRGBD(): 9.76224ms
Frame 1017 end
Average processing time of GrabImageRGBD(): 9.75938ms
Frame 1018 end
Average processing time of GrabImageRGBD(): 9.77948ms
Frame 1019 end
Average processing time of GrabImageRGBD(): 9.77815ms
Frame 1020 end
Average processing time of GrabImageRGBD(): 9.77672ms
Frame 1021 end
Average processing time of GrabImageRGBD(): 9.77061ms
Frame 1022 end
Average processing time of GrabImageRGBD(): 9.76506ms
Frame 1023 end
Average processing time of GrabImageRGBD(): 9.75871ms
Frame 1024 end
Average processing time of GrabImageRGBD(): 9.75246ms
Frame 1025 end
Average processing time of GrabImageRGBD(): 9.74622ms
Frame 1026 end
Average processing time of GrabImageRGBD(): 9.74222ms
Frame 1027 end
Average processing time of GrabImageRGBD(): 9.73896ms
Frame 1028 end
Average processing time of GrabImageRGBD(): 9.73587ms
Frame 1029 end
Average processing time of GrabImageRGBD(): 9.72926ms
Frame 1030 end
Average processing time of GrabImageRGBD(): 9.7497ms
Frame 1031 end
Average processing time of GrabImageRGBD(): 9.75098ms
Frame 1032 end
Average processing time of GrabImageRGBD(): 9.74889ms
Frame 1033 end
Average processing time of GrabImageRGBD(): 9.74291ms
Frame 1034 end
Average processing time of GrabImageRGBD(): 9.7393ms
Frame 1035 end
Average processing time of GrabImageRGBD(): 9.733ms
Frame 1036 end
Average processing time of GrabImageRGBD(): 9.72634ms
Frame 1037 end
Average processing time of GrabImageRGBD(): 9.72319ms
Frame 1038 end
Average processing time of GrabImageRGBD(): 9.71933ms
Frame 1039 end
Average processing time of GrabImageRGBD(): 9.71402ms
Frame 1040 end
Average processing time of GrabImageRGBD(): 9.71101ms
Frame 1041 end
Average processing time of GrabImageRGBD(): 9.70741ms
Frame 1042 end
Average processing time of GrabImageRGBD(): 9.70086ms
Frame 1043 end
Average processing time of GrabImageRGBD(): 9.72009ms
Frame 1044 end
Average processing time of GrabImageRGBD(): 9.71847ms
Frame 1045 end
Average processing time of GrabImageRGBD(): 9.71748ms
Frame 1046 end
Average processing time of GrabImageRGBD(): 9.71607ms
Frame 1047 end
Average processing time of GrabImageRGBD(): 9.71048ms
Frame 1048 end
Average processing time of GrabImageRGBD(): 9.70878ms
Frame 1049 end
Average processing time of GrabImageRGBD(): 9.70266ms
Frame 1050 end
Average processing time of GrabImageRGBD(): 9.69921ms
Frame 1051 end
Average processing time of GrabImageRGBD(): 9.69296ms
Frame 1052 end
Average processing time of GrabImageRGBD(): 9.68869ms
Frame 1053 end
Average processing time of GrabImageRGBD(): 9.68462ms
Frame 1054 end
Average processing time of GrabImageRGBD(): 9.67843ms
Frame 1055 end
Average processing time of GrabImageRGBD(): 9.70517ms
Frame 1056 end
Average processing time of GrabImageRGBD(): 9.70515ms
Frame 1057 end
Average processing time of GrabImageRGBD(): 9.70139ms
Frame 1058 end
Average processing time of GrabImageRGBD(): 9.69966ms
Frame 1059 end
Average processing time of GrabImageRGBD(): 9.69477ms
Frame 1060 end
Average processing time of GrabImageRGBD(): 9.68882ms
Frame 1061 end
Average processing time of GrabImageRGBD(): 9.68696ms
Frame 1062 end
Average processing time of GrabImageRGBD(): 9.68552ms
Frame 1063 end
Average processing time of GrabImageRGBD(): 9.68418ms
Frame 1064 end
Average processing time of GrabImageRGBD(): 9.67818ms
Frame 1065 end
Average processing time of GrabImageRGBD(): 9.6764ms
Frame 1066 end
Average processing time of GrabImageRGBD(): 9.67428ms
Frame 1067 end
Average processing time of GrabImageRGBD(): 9.69599ms
Frame 1068 end
Average processing time of GrabImageRGBD(): 9.6965ms
Frame 1069 end
Average processing time of GrabImageRGBD(): 9.69193ms
Frame 1070 end
Average processing time of GrabImageRGBD(): 9.68619ms
Frame 1071 end
Average processing time of GrabImageRGBD(): 9.68206ms
Frame 1072 end
Average processing time of GrabImageRGBD(): 9.67653ms
Frame 1073 end
Average processing time of GrabImageRGBD(): 9.67582ms
Frame 1074 end
Average processing time of GrabImageRGBD(): 9.6747ms
Frame 1075 end
Average processing time of GrabImageRGBD(): 9.66887ms
Frame 1076 end
Average processing time of GrabImageRGBD(): 9.66806ms
Frame 1077 end
Average processing time of GrabImageRGBD(): 9.66354ms
Frame 1078 end
Average processing time of GrabImageRGBD(): 9.65757ms
Frame 1079 end
Average processing time of GrabImageRGBD(): 9.65296ms
Frame 1080 end
Average processing time of GrabImageRGBD(): 9.6519ms
Frame 1081 end
Average processing time of GrabImageRGBD(): 9.67129ms
Frame 1082 end
Average processing time of GrabImageRGBD(): 9.67196ms
Frame 1083 end
Average processing time of GrabImageRGBD(): 9.67114ms
Frame 1084 end
Average processing time of GrabImageRGBD(): 9.66517ms
Frame 1085 end
Average processing time of GrabImageRGBD(): 9.66179ms
Frame 1086 end
Average processing time of GrabImageRGBD(): 9.66104ms
Frame 1087 end
Average processing time of GrabImageRGBD(): 9.65628ms
Frame 1088 end
Average processing time of GrabImageRGBD(): 9.65729ms
Frame 1089 end
Average processing time of GrabImageRGBD(): 9.65844ms
Frame 1090 end
Shutdown
-------

median tracking time: 0.00830119
mean tracking time: 0.0104414

Saving camera trajectory to CameraTrajectory.txt ...

Saving keyframe trajectory to KeyFrameTrajectory.txt ...
