
ORB-SLAM3 Copyright (C) 2017-2020 Carlos Campos, Richard Elvira, Juan J. Gómez, José M.M. Montiel and Juan D. Tardós, University of Zaragoza.
ORB-SLAM2 Copyright (C) 2014-2016 Raúl Mur-Artal, José M.M. Montiel and Juan D. Tardós, University of Zaragoza.
This program comes with ABSOLUTELY NO WARRANTY;
This is free software, and you are welcome to redistribute it
under certain conditions. See LICENSE.txt.

Input sensor was set to: RGB-D
Loading settings from /home/bingxin/Downloads/NGD-SLAM/Examples/RGB-D/Bonn.yaml
Camera1.k3 optional parameter does not exist...
	-Loaded camera 1
Camera.newHeight optional parameter does not exist...
Camera.newWidth optional parameter does not exist...
	-Loaded image info
	-Loaded RGB-D calibration
	-Loaded ORB settings
Viewer.imageViewScale optional parameter does not exist...
	-Loaded viewer settings
System.LoadAtlasFromFile optional parameter does not exist...
System.SaveAtlasToFile optional parameter does not exist...
	-Loaded Atlas settings
System.thFarPoints optional parameter does not exist...
	-Loaded misc parameters
----------------------------------
SLAM settings: 
	-Camera 1 parameters (Pinhole): [ 542.823 542.577 315.594 237.756 ]
	-Camera 1 distortion parameters: [  0.039903 -0.099343 -0.00073 -0.000144 ]
	-Original image size: [ 640 , 480 ]
	-Current image size: [ 640 , 480 ]
	-Sequence FPS: 30
	-RGB-D depth map factor: 5000
	-Features per image: 1000
	-ORB scale factor: 1.2
	-ORB number of scales: 8
	-Initial FAST threshold: 20
	-Min FAST threshold: 7


Loading ORB Vocabulary. This could take a while...
Vocabulary loaded!

Initialization of Atlas from scratch 
Creation of new map with id: 0
Creation of new map with last KF id: 0
Seq. Name: 
There are 1 cameras in the atlas
Camera 0 is pinhole
Net use yolo-fastest

-------
Start processing sequence ...
Images in the sequence: 438

First KF:0; Map init KF:0
New Map created with 1125 points
Average processing time of GrabImageRGBD(): 50.0429ms
Frame 0 end
Average processing time of GrabImageRGBD(): 41.2263ms
Frame 1 end
Average processing time of GrabImageRGBD(): 37.8443ms
Frame 2 end
Average processing time of GrabImageRGBD(): 31.358ms
Frame 3 end
Average processing time of GrabImageRGBD(): 28.0036ms
Frame 4 end
Average processing time of GrabImageRGBD(): 25.9457ms
Frame 5 end
Starting the Viewer
Average processing time of GrabImageRGBD(): 24.1078ms
Frame 6 end
Average processing time of GrabImageRGBD(): 22.2906ms
Frame 7 end
Average processing time of GrabImageRGBD(): 21.1256ms
Frame 8 end
Average processing time of GrabImageRGBD(): 20.3059ms
Frame 9 end
Average processing time of GrabImageRGBD(): 21.3783ms
Frame 10 end
Average processing time of GrabImageRGBD(): 20.6846ms
Frame 11 end
Average processing time of GrabImageRGBD(): 20.045ms
Frame 12 end
Average processing time of GrabImageRGBD(): 19.3581ms
Frame 13 end
Average processing time of GrabImageRGBD(): 18.8875ms
Frame 14 end
Average processing time of GrabImageRGBD(): 18.4724ms
Frame 15 end
Average processing time of GrabImageRGBD(): 17.7875ms
Frame 16 end
Average processing time of GrabImageRGBD(): 17.4623ms
Frame 17 end
Average processing time of GrabImageRGBD(): 17.2014ms
Frame 18 end
Average processing time of GrabImageRGBD(): 16.8713ms
Frame 19 end
Average processing time of GrabImageRGBD(): 16.6963ms
Frame 20 end
Average processing time of GrabImageRGBD(): 16.3879ms
Frame 21 end
Average processing time of GrabImageRGBD(): 16.2116ms
Frame 22 end
Average processing time of GrabImageRGBD(): 16.101ms
Frame 23 end
Average processing time of GrabImageRGBD(): 15.8784ms
Frame 24 end
Average processing time of GrabImageRGBD(): 15.6541ms
Frame 25 end
Average processing time of GrabImageRGBD(): 15.5316ms
Frame 26 end
Average processing time of GrabImageRGBD(): 15.3443ms
Frame 27 end
Average processing time of GrabImageRGBD(): 15.2647ms
Frame 28 end
Average processing time of GrabImageRGBD(): 15.191ms
Frame 29 end
Average processing time of GrabImageRGBD(): 15.0503ms
Frame 30 end
Average processing time of GrabImageRGBD(): 14.9968ms
Frame 31 end
Average processing time of GrabImageRGBD(): 14.9104ms
Frame 32 end
Average processing time of GrabImageRGBD(): 15.4412ms
Frame 33 end
Average processing time of GrabImageRGBD(): 15.3246ms
Frame 34 end
Average processing time of GrabImageRGBD(): 15.7711ms
Frame 35 end
Average processing time of GrabImageRGBD(): 15.7083ms
Frame 36 end
Average processing time of GrabImageRGBD(): 15.581ms
Frame 37 end
Average processing time of GrabImageRGBD(): 15.4859ms
Frame 38 end
Average processing time of GrabImageRGBD(): 15.9387ms
Frame 39 end
Average processing time of GrabImageRGBD(): 15.8435ms
Frame 40 end
Average processing time of GrabImageRGBD(): 15.7788ms
Frame 41 end
Average processing time of GrabImageRGBD(): 15.6023ms
Frame 42 end
Average processing time of GrabImageRGBD(): 15.5945ms
Frame 43 end
Average processing time of GrabImageRGBD(): 16.0075ms
Frame 44 end
Average processing time of GrabImageRGBD(): 15.9381ms
Frame 45 end
Average processing time of GrabImageRGBD(): 16.2976ms
Frame 46 end
Average processing time of GrabImageRGBD(): 16.2089ms
Frame 47 end
Average processing time of GrabImageRGBD(): 16.1399ms
Frame 48 end
Average processing time of GrabImageRGBD(): 16.4985ms
Frame 49 end
Average processing time of GrabImageRGBD(): 16.418ms
Frame 50 end
Average processing time of GrabImageRGBD(): 16.3128ms
Frame 51 end
Average processing time of GrabImageRGBD(): 16.2541ms
Frame 52 end
Average processing time of GrabImageRGBD(): 16.6065ms
Frame 53 end
Average processing time of GrabImageRGBD(): 16.5414ms
Frame 54 end
Average processing time of GrabImageRGBD(): 16.8987ms
Frame 55 end
Average processing time of GrabImageRGBD(): 16.9351ms
Frame 56 end
Average processing time of GrabImageRGBD(): 17.2255ms
Frame 57 end
Average processing time of GrabImageRGBD(): 17.1788ms
Frame 58 end
Average processing time of GrabImageRGBD(): 17.4642ms
Frame 59 end
Average processing time of GrabImageRGBD(): 17.4077ms
Frame 60 end
Average processing time of GrabImageRGBD(): 17.3427ms
Frame 61 end
Average processing time of GrabImageRGBD(): 17.6161ms
Frame 62 end
Average processing time of GrabImageRGBD(): 17.5507ms
Frame 63 end
Average processing time of GrabImageRGBD(): 17.497ms
Frame 64 end
Average processing time of GrabImageRGBD(): 17.4315ms
Frame 65 end
Average processing time of GrabImageRGBD(): 17.3761ms
Frame 66 end
Average processing time of GrabImageRGBD(): 17.3376ms
Frame 67 end
Average processing time of GrabImageRGBD(): 17.2636ms
Frame 68 end
Average processing time of GrabImageRGBD(): 17.2092ms
Frame 69 end
Average processing time of GrabImageRGBD(): 17.4279ms
Frame 70 end
Average processing time of GrabImageRGBD(): 17.3734ms
Frame 71 end
Average processing time of GrabImageRGBD(): 17.3307ms
Frame 72 end
Average processing time of GrabImageRGBD(): 17.2877ms
Frame 73 end
Average processing time of GrabImageRGBD(): 17.4941ms
Frame 74 end
Average processing time of GrabImageRGBD(): 17.4383ms
Frame 75 end
Average processing time of GrabImageRGBD(): 17.366ms
Frame 76 end
Average processing time of GrabImageRGBD(): 17.5802ms
Frame 77 end
Average processing time of GrabImageRGBD(): 17.5059ms
Frame 78 end
Average processing time of GrabImageRGBD(): 17.4671ms
Frame 79 end
Average processing time of GrabImageRGBD(): 17.4086ms
Frame 80 end
Average processing time of GrabImageRGBD(): 17.3779ms
Frame 81 end
Average processing time of GrabImageRGBD(): 17.5835ms
Frame 82 end
Average processing time of GrabImageRGBD(): 17.5082ms
Frame 83 end
Average processing time of GrabImageRGBD(): 17.4474ms
Frame 84 end
Average processing time of GrabImageRGBD(): 17.6194ms
Frame 85 end
Average processing time of GrabImageRGBD(): 17.5777ms
Frame 86 end
Average processing time of GrabImageRGBD(): 17.5487ms
Frame 87 end
Average processing time of GrabImageRGBD(): 17.4762ms
Frame 88 end
Average processing time of GrabImageRGBD(): 17.4174ms
Frame 89 end
Average processing time of GrabImageRGBD(): 17.3485ms
Frame 90 end
Average processing time of GrabImageRGBD(): 17.2824ms
Frame 91 end
Average processing time of GrabImageRGBD(): 17.235ms
Frame 92 end
Average processing time of GrabImageRGBD(): 17.415ms
Frame 93 end
Average processing time of GrabImageRGBD(): 17.3082ms
Frame 94 end
Average processing time of GrabImageRGBD(): 17.2471ms
Frame 95 end
Average processing time of GrabImageRGBD(): 17.5127ms
Frame 96 end
Average processing time of GrabImageRGBD(): 17.4501ms
Frame 97 end
Average processing time of GrabImageRGBD(): 17.3883ms
Frame 98 end
Average processing time of GrabImageRGBD(): 17.3439ms
Frame 99 end
Average processing time of GrabImageRGBD(): 17.2963ms
Frame 100 end
Average processing time of GrabImageRGBD(): 17.2484ms
Frame 101 end
Average processing time of GrabImageRGBD(): 17.1971ms
Frame 102 end
Average processing time of GrabImageRGBD(): 17.1121ms
Frame 103 end
Average processing time of GrabImageRGBD(): 17.05ms
Frame 104 end
Average processing time of GrabImageRGBD(): 17.0097ms
Frame 105 end
Average processing time of GrabImageRGBD(): 16.945ms
Frame 106 end
Average processing time of GrabImageRGBD(): 16.902ms
Frame 107 end
Average processing time of GrabImageRGBD(): 16.8311ms
Frame 108 end
Average processing time of GrabImageRGBD(): 16.7728ms
Frame 109 end
Average processing time of GrabImageRGBD(): 16.732ms
Frame 110 end
Average processing time of GrabImageRGBD(): 16.6895ms
Frame 111 end
Average processing time of GrabImageRGBD(): 16.9116ms
Frame 112 end
Average processing time of GrabImageRGBD(): 16.8838ms
Frame 113 end
Average processing time of GrabImageRGBD(): 16.852ms
Frame 114 end
Average processing time of GrabImageRGBD(): 16.9993ms
Frame 115 end
Average processing time of GrabImageRGBD(): 16.9551ms
Frame 116 end
Average processing time of GrabImageRGBD(): 16.9073ms
Frame 117 end
Average processing time of GrabImageRGBD(): 16.8592ms
Frame 118 end
Average processing time of GrabImageRGBD(): 16.9983ms
Frame 119 end
Average processing time of GrabImageRGBD(): 16.9711ms
Frame 120 end
Average processing time of GrabImageRGBD(): 16.9453ms
Frame 121 end
Average processing time of GrabImageRGBD(): 16.8994ms
Frame 122 end
Average processing time of GrabImageRGBD(): 16.8762ms
Frame 123 end
Average processing time of GrabImageRGBD(): 17.0239ms
Frame 124 end
Average processing time of GrabImageRGBD(): 16.9849ms
Frame 125 end
Average processing time of GrabImageRGBD(): 16.9595ms
Frame 126 end
Average processing time of GrabImageRGBD(): 16.9199ms
Frame 127 end
Average processing time of GrabImageRGBD(): 16.8829ms
Frame 128 end
Average processing time of GrabImageRGBD(): 16.8408ms
Frame 129 end
Average processing time of GrabImageRGBD(): 17.0523ms
Frame 130 end
Average processing time of GrabImageRGBD(): 17.0349ms
Frame 131 end
Average processing time of GrabImageRGBD(): 17.0092ms
Frame 132 end
Average processing time of GrabImageRGBD(): 16.9826ms
Frame 133 end
Average processing time of GrabImageRGBD(): 16.9423ms
Frame 134 end
Average processing time of GrabImageRGBD(): 16.9027ms
Frame 135 end
Average processing time of GrabImageRGBD(): 16.8696ms
Frame 136 end
Average processing time of GrabImageRGBD(): 16.8422ms
Frame 137 end
Average processing time of GrabImageRGBD(): 16.7992ms
Frame 138 end
Average processing time of GrabImageRGBD(): 16.9273ms
Frame 139 end
Average processing time of GrabImageRGBD(): 16.8859ms
Frame 140 end
Average processing time of GrabImageRGBD(): 16.8654ms
Frame 141 end
Average processing time of GrabImageRGBD(): 16.8531ms
Frame 142 end
Average processing time of GrabImageRGBD(): 16.982ms
Frame 143 end
Average processing time of GrabImageRGBD(): 16.9625ms
Frame 144 end
Average processing time of GrabImageRGBD(): 16.9377ms
Frame 145 end
Average processing time of GrabImageRGBD(): 16.9141ms
Frame 146 end
Average processing time of GrabImageRGBD(): 16.86ms
Frame 147 end
Average processing time of GrabImageRGBD(): 16.8404ms
Frame 148 end
Average processing time of GrabImageRGBD(): 16.8096ms
Frame 149 end
Average processing time of GrabImageRGBD(): 16.7844ms
Frame 150 end
Average processing time of GrabImageRGBD(): 16.9147ms
Frame 151 end
Average processing time of GrabImageRGBD(): 16.9005ms
Frame 152 end
Average processing time of GrabImageRGBD(): 16.8804ms
Frame 153 end
Average processing time of GrabImageRGBD(): 16.8634ms
Frame 154 end
Average processing time of GrabImageRGBD(): 16.8608ms
Frame 155 end
Average processing time of GrabImageRGBD(): 16.9954ms
Frame 156 end
Average processing time of GrabImageRGBD(): 17.006ms
Frame 157 end
Average processing time of GrabImageRGBD(): 16.9905ms
Frame 158 end
Average processing time of GrabImageRGBD(): 16.9616ms
Frame 159 end
Average processing time of GrabImageRGBD(): 16.9451ms
Frame 160 end
Average processing time of GrabImageRGBD(): 16.9242ms
Frame 161 end
Average processing time of GrabImageRGBD(): 16.8956ms
Frame 162 end
Average processing time of GrabImageRGBD(): 17.0103ms
Frame 163 end
Average processing time of GrabImageRGBD(): 16.9959ms
Frame 164 end
Average processing time of GrabImageRGBD(): 16.9804ms
Frame 165 end
Average processing time of GrabImageRGBD(): 16.9587ms
Frame 166 end
Average processing time of GrabImageRGBD(): 16.9435ms
Frame 167 end
Average processing time of GrabImageRGBD(): 16.9124ms
Frame 168 end
Average processing time of GrabImageRGBD(): 17.0349ms
Frame 169 end
Average processing time of GrabImageRGBD(): 17.0175ms
Frame 170 end
Average processing time of GrabImageRGBD(): 17.0031ms
Frame 171 end
Average processing time of GrabImageRGBD(): 16.9879ms
Frame 172 end
Average processing time of GrabImageRGBD(): 16.9642ms
Frame 173 end
Average processing time of GrabImageRGBD(): 17.0737ms
Frame 174 end
Average processing time of GrabImageRGBD(): 17.0706ms
Frame 175 end
Average processing time of GrabImageRGBD(): 17.0253ms
Frame 176 end
Average processing time of GrabImageRGBD(): 17.0131ms
Frame 177 end
Average processing time of GrabImageRGBD(): 17.0041ms
Frame 178 end
Average processing time of GrabImageRGBD(): 17.1098ms
Frame 179 end
Average processing time of GrabImageRGBD(): 17.097ms
Frame 180 end
Average processing time of GrabImageRGBD(): 17.0765ms
Frame 181 end
Average processing time of GrabImageRGBD(): 17.0672ms
Frame 182 end
Average processing time of GrabImageRGBD(): 17.0435ms
Frame 183 end
Average processing time of GrabImageRGBD(): 17.1553ms
Frame 184 end
Average processing time of GrabImageRGBD(): 17.1405ms
Frame 185 end
Average processing time of GrabImageRGBD(): 17.1222ms
Frame 186 end
Average processing time of GrabImageRGBD(): 17.1024ms
Frame 187 end
Average processing time of GrabImageRGBD(): 17.0975ms
Frame 188 end
Average processing time of GrabImageRGBD(): 17.2061ms
Frame 189 end
Average processing time of GrabImageRGBD(): 17.2022ms
Frame 190 end
Average processing time of GrabImageRGBD(): 17.1763ms
Frame 191 end
Average processing time of GrabImageRGBD(): 17.1592ms
Frame 192 end
Average processing time of GrabImageRGBD(): 17.136ms
Frame 193 end
Average processing time of GrabImageRGBD(): 17.1182ms
Frame 194 end
Average processing time of GrabImageRGBD(): 17.209ms
Frame 195 end
Average processing time of GrabImageRGBD(): 17.1946ms
Frame 196 end
Average processing time of GrabImageRGBD(): 17.1676ms
Frame 197 end
Average processing time of GrabImageRGBD(): 17.1514ms
Frame 198 end
Average processing time of GrabImageRGBD(): 17.1255ms
Frame 199 end
Average processing time of GrabImageRGBD(): 17.1052ms
Frame 200 end
Average processing time of GrabImageRGBD(): 17.1952ms
Frame 201 end
Average processing time of GrabImageRGBD(): 17.1721ms
Frame 202 end
Average processing time of GrabImageRGBD(): 17.1458ms
Frame 203 end
Average processing time of GrabImageRGBD(): 17.1233ms
Frame 204 end
Average processing time of GrabImageRGBD(): 17.104ms
Frame 205 end
Average processing time of GrabImageRGBD(): 17.0731ms
Frame 206 end
Average processing time of GrabImageRGBD(): 17.1534ms
Frame 207 end
Average processing time of GrabImageRGBD(): 17.1328ms
Frame 208 end
Average processing time of GrabImageRGBD(): 17.1127ms
Frame 209 end
Average processing time of GrabImageRGBD(): 17.0929ms
Frame 210 end
Average processing time of GrabImageRGBD(): 17.069ms
Frame 211 end
Average processing time of GrabImageRGBD(): 17.0466ms
Frame 212 end
Average processing time of GrabImageRGBD(): 17.1238ms
Frame 213 end
Average processing time of GrabImageRGBD(): 17.0978ms
Frame 214 end
Average processing time of GrabImageRGBD(): 17.0756ms
Frame 215 end
Average processing time of GrabImageRGBD(): 17.0459ms
Frame 216 end
Average processing time of GrabImageRGBD(): 17.027ms
Frame 217 end
Average processing time of GrabImageRGBD(): 17.0039ms
Frame 218 end
Average processing time of GrabImageRGBD(): 17.0801ms
Frame 219 end
Average processing time of GrabImageRGBD(): 17.0642ms
Frame 220 end
Average processing time of GrabImageRGBD(): 17.0408ms
Frame 221 end
Average processing time of GrabImageRGBD(): 17.0165ms
Frame 222 end
Average processing time of GrabImageRGBD(): 16.9967ms
Frame 223 end
Average processing time of GrabImageRGBD(): 16.9771ms
Frame 224 end
Average processing time of GrabImageRGBD(): 17.0473ms
Frame 225 end
Average processing time of GrabImageRGBD(): 17.0246ms
Frame 226 end
Average processing time of GrabImageRGBD(): 17.0058ms
Frame 227 end
Average processing time of GrabImageRGBD(): 16.9805ms
Frame 228 end
Average processing time of GrabImageRGBD(): 16.9606ms
Frame 229 end
Average processing time of GrabImageRGBD(): 16.9369ms
Frame 230 end
Average processing time of GrabImageRGBD(): 17.0092ms
Frame 231 end
Average processing time of GrabImageRGBD(): 16.9803ms
Frame 232 end
Average processing time of GrabImageRGBD(): 16.9598ms
Frame 233 end
Average processing time of GrabImageRGBD(): 16.9408ms
Frame 234 end
Average processing time of GrabImageRGBD(): 16.9228ms
Frame 235 end
Average processing time of GrabImageRGBD(): 16.9021ms
Frame 236 end
Average processing time of GrabImageRGBD(): 16.9727ms
Frame 237 end
Average processing time of GrabImageRGBD(): 16.9371ms
Frame 238 end
Average processing time of GrabImageRGBD(): 16.9067ms
Frame 239 end
Average processing time of GrabImageRGBD(): 16.8887ms
Frame 240 end
Average processing time of GrabImageRGBD(): 16.8691ms
Frame 241 end
Average processing time of GrabImageRGBD(): 16.8442ms
Frame 242 end
Average processing time of GrabImageRGBD(): 16.8272ms
Frame 243 end
Average processing time of GrabImageRGBD(): 16.7963ms
Frame 244 end
Average processing time of GrabImageRGBD(): 16.7672ms
Frame 245 end
Average processing time of GrabImageRGBD(): 16.843ms
Frame 246 end
Average processing time of GrabImageRGBD(): 16.8266ms
Frame 247 end
Average processing time of GrabImageRGBD(): 16.8075ms
Frame 248 end
Average processing time of GrabImageRGBD(): 16.7905ms
Frame 249 end
Average processing time of GrabImageRGBD(): 16.7648ms
Frame 250 end
Average processing time of GrabImageRGBD(): 16.7363ms
Frame 251 end
Average processing time of GrabImageRGBD(): 16.6919ms
Frame 252 end
Average processing time of GrabImageRGBD(): 16.7703ms
Frame 253 end
Average processing time of GrabImageRGBD(): 16.7589ms
Frame 254 end
Average processing time of GrabImageRGBD(): 16.7443ms
Frame 255 end
Average processing time of GrabImageRGBD(): 16.7331ms
Frame 256 end
Average processing time of GrabImageRGBD(): 16.7133ms
Frame 257 end
Average processing time of GrabImageRGBD(): 16.6889ms
Frame 258 end
Average processing time of GrabImageRGBD(): 16.6736ms
Frame 259 end
Average processing time of GrabImageRGBD(): 16.7829ms
Frame 260 end
Average processing time of GrabImageRGBD(): 16.7669ms
Frame 261 end
Average processing time of GrabImageRGBD(): 16.7572ms
Frame 262 end
Average processing time of GrabImageRGBD(): 16.7558ms
Frame 263 end
Average processing time of GrabImageRGBD(): 16.7388ms
Frame 264 end
Average processing time of GrabImageRGBD(): 16.7264ms
Frame 265 end
Average processing time of GrabImageRGBD(): 16.7086ms
Frame 266 end
Average processing time of GrabImageRGBD(): 16.78ms
Frame 267 end
Average processing time of GrabImageRGBD(): 16.7774ms
Frame 268 end
Average processing time of GrabImageRGBD(): 16.7635ms
Frame 269 end
Average processing time of GrabImageRGBD(): 16.7507ms
Frame 270 end
Average processing time of GrabImageRGBD(): 16.7272ms
Frame 271 end
Average processing time of GrabImageRGBD(): 16.7148ms
Frame 272 end
Average processing time of GrabImageRGBD(): 16.7006ms
Frame 273 end
Average processing time of GrabImageRGBD(): 16.7696ms
Frame 274 end
Average processing time of GrabImageRGBD(): 16.7657ms
Frame 275 end
Average processing time of GrabImageRGBD(): 16.7556ms
Frame 276 end
Average processing time of GrabImageRGBD(): 16.7487ms
Frame 277 end
Average processing time of GrabImageRGBD(): 16.7349ms
Frame 278 end
Average processing time of GrabImageRGBD(): 16.7284ms
Frame 279 end
Average processing time of GrabImageRGBD(): 16.712ms
Frame 280 end
Average processing time of GrabImageRGBD(): 16.7815ms
Frame 281 end
Average processing time of GrabImageRGBD(): 16.7673ms
Frame 282 end
Average processing time of GrabImageRGBD(): 16.7624ms
Frame 283 end
Average processing time of GrabImageRGBD(): 16.7484ms
Frame 284 end
Average processing time of GrabImageRGBD(): 16.7366ms
Frame 285 end
Average processing time of GrabImageRGBD(): 16.72ms
Frame 286 end
Average processing time of GrabImageRGBD(): 16.7081ms
Frame 287 end
Average processing time of GrabImageRGBD(): 16.7761ms
Frame 288 end
Average processing time of GrabImageRGBD(): 16.7623ms
Frame 289 end
Average processing time of GrabImageRGBD(): 16.7488ms
Frame 290 end
Average processing time of GrabImageRGBD(): 16.7366ms
Frame 291 end
Average processing time of GrabImageRGBD(): 16.7026ms
Frame 292 end
Average processing time of GrabImageRGBD(): 16.6894ms
Frame 293 end
Average processing time of GrabImageRGBD(): 16.749ms
Frame 294 end
Average processing time of GrabImageRGBD(): 16.7346ms
Frame 295 end
Average processing time of GrabImageRGBD(): 16.7242ms
Frame 296 end
Average processing time of GrabImageRGBD(): 16.7043ms
Frame 297 end
Average processing time of GrabImageRGBD(): 16.6921ms
Frame 298 end
Average processing time of GrabImageRGBD(): 16.6756ms
Frame 299 end
Average processing time of GrabImageRGBD(): 16.7399ms
Frame 300 end
Average processing time of GrabImageRGBD(): 16.7269ms
Frame 301 end
Average processing time of GrabImageRGBD(): 16.7139ms
Frame 302 end
Average processing time of GrabImageRGBD(): 16.7ms
Frame 303 end
Average processing time of GrabImageRGBD(): 16.6879ms
Frame 304 end
Average processing time of GrabImageRGBD(): 16.6735ms
Frame 305 end
Average processing time of GrabImageRGBD(): 16.6614ms
Frame 306 end
Average processing time of GrabImageRGBD(): 16.6536ms
Frame 307 end
Average processing time of GrabImageRGBD(): 16.6302ms
Frame 308 end
Average processing time of GrabImageRGBD(): 16.6927ms
Frame 309 end
Average processing time of GrabImageRGBD(): 16.6722ms
Frame 310 end
Average processing time of GrabImageRGBD(): 16.6461ms
Frame 311 end
Average processing time of GrabImageRGBD(): 16.6398ms
Frame 312 end
Average processing time of GrabImageRGBD(): 16.6199ms
Frame 313 end
Average processing time of GrabImageRGBD(): 16.6101ms
Frame 314 end
Average processing time of GrabImageRGBD(): 16.5838ms
Frame 315 end
Average processing time of GrabImageRGBD(): 16.5633ms
Frame 316 end
Average processing time of GrabImageRGBD(): 16.544ms
Frame 317 end
Average processing time of GrabImageRGBD(): 16.6009ms
Frame 318 end
Average processing time of GrabImageRGBD(): 16.579ms
Frame 319 end
Average processing time of GrabImageRGBD(): 16.538ms
Frame 320 end
Average processing time of GrabImageRGBD(): 16.519ms
Frame 321 end
Average processing time of GrabImageRGBD(): 16.4962ms
Frame 322 end
Average processing time of GrabImageRGBD(): 16.4565ms
Frame 323 end
Average processing time of GrabImageRGBD(): 16.4354ms
Frame 324 end
Average processing time of GrabImageRGBD(): 16.4133ms
Frame 325 end
Average processing time of GrabImageRGBD(): 16.4915ms
Frame 326 end
Average processing time of GrabImageRGBD(): 16.4742ms
Frame 327 end
Average processing time of GrabImageRGBD(): 16.4546ms
Frame 328 end
Average processing time of GrabImageRGBD(): 16.4165ms
Frame 329 end
Average processing time of GrabImageRGBD(): 16.3911ms
Frame 330 end
Average processing time of GrabImageRGBD(): 16.3628ms
Frame 331 end
Average processing time of GrabImageRGBD(): 16.3408ms
Frame 332 end
Average processing time of GrabImageRGBD(): 16.3195ms
Frame 333 end
Average processing time of GrabImageRGBD(): 16.3564ms
Frame 334 end
Average processing time of GrabImageRGBD(): 16.3334ms
Frame 335 end
Average processing time of GrabImageRGBD(): 16.2945ms
Frame 336 end
Average processing time of GrabImageRGBD(): 16.2622ms
Frame 337 end
Average processing time of GrabImageRGBD(): 16.2432ms
Frame 338 end
Average processing time of GrabImageRGBD(): 16.2064ms
Frame 339 end
Average processing time of GrabImageRGBD(): 16.1741ms
Frame 340 end
Average processing time of GrabImageRGBD(): 16.137ms
Frame 341 end
Average processing time of GrabImageRGBD(): 16.1805ms
Frame 342 end
Average processing time of GrabImageRGBD(): 16.1616ms
Frame 343 end
Average processing time of GrabImageRGBD(): 16.1243ms
Frame 344 end
Average processing time of GrabImageRGBD(): 16.1022ms
Frame 345 end
Average processing time of GrabImageRGBD(): 16.0813ms
Frame 346 end
Average processing time of GrabImageRGBD(): 16.0475ms
Frame 347 end
Average processing time of GrabImageRGBD(): 16.0262ms
Frame 348 end
Average processing time of GrabImageRGBD(): 16.0637ms
Frame 349 end
Average processing time of GrabImageRGBD(): 16.0339ms
Frame 350 end
Average processing time of GrabImageRGBD(): 15.9971ms
Frame 351 end
Average processing time of GrabImageRGBD(): 15.977ms
Frame 352 end
Average processing time of GrabImageRGBD(): 15.9426ms
Frame 353 end
Average processing time of GrabImageRGBD(): 15.9123ms
Frame 354 end
Average processing time of GrabImageRGBD(): 15.8779ms
Frame 355 end
Average processing time of GrabImageRGBD(): 15.9274ms
Frame 356 end
Average processing time of GrabImageRGBD(): 15.903ms
Frame 357 end
Average processing time of GrabImageRGBD(): 15.868ms
Frame 358 end
Average processing time of GrabImageRGBD(): 15.8401ms
Frame 359 end
Average processing time of GrabImageRGBD(): 15.8205ms
Frame 360 end
Average processing time of GrabImageRGBD(): 15.8001ms
Frame 361 end
Average processing time of GrabImageRGBD(): 15.7669ms
Frame 362 end
Average processing time of GrabImageRGBD(): 15.7356ms
Frame 363 end
Average processing time of GrabImageRGBD(): 15.7785ms
Frame 364 end
Average processing time of GrabImageRGBD(): 15.7634ms
Frame 365 end
Average processing time of GrabImageRGBD(): 15.7308ms
Frame 366 end
Average processing time of GrabImageRGBD(): 15.712ms
Frame 367 end
Average processing time of GrabImageRGBD(): 15.6925ms
Frame 368 end
Average processing time of GrabImageRGBD(): 15.662ms
Frame 369 end
Average processing time of GrabImageRGBD(): 15.6415ms
Frame 370 end
Average processing time of GrabImageRGBD(): 15.6192ms
Frame 371 end
Average processing time of GrabImageRGBD(): 15.6596ms
Frame 372 end
Average processing time of GrabImageRGBD(): 15.645ms
Frame 373 end
Average processing time of GrabImageRGBD(): 15.6116ms
Frame 374 end
Average processing time of GrabImageRGBD(): 15.5882ms
Frame 375 end
Average processing time of GrabImageRGBD(): 15.5619ms
Frame 376 end
Average processing time of GrabImageRGBD(): 15.5454ms
Frame 377 end
Average processing time of GrabImageRGBD(): 15.5149ms
Frame 378 end
Average processing time of GrabImageRGBD(): 15.4913ms
Frame 379 end
Average processing time of GrabImageRGBD(): 15.5253ms
Frame 380 end
Average processing time of GrabImageRGBD(): 15.4997ms
Frame 381 end
Average processing time of GrabImageRGBD(): 15.4846ms
Frame 382 end
Average processing time of GrabImageRGBD(): 15.4688ms
Frame 383 end
Average processing time of GrabImageRGBD(): 15.4535ms
Frame 384 end
Average processing time of GrabImageRGBD(): 15.4294ms
Frame 385 end
Average processing time of GrabImageRGBD(): 15.4135ms
Frame 386 end
Average processing time of GrabImageRGBD(): 15.389ms
Frame 387 end
Average processing time of GrabImageRGBD(): 15.4318ms
Frame 388 end
Average processing time of GrabImageRGBD(): 15.4115ms
Frame 389 end
Average processing time of GrabImageRGBD(): 15.396ms
Frame 390 end
Average processing time of GrabImageRGBD(): 15.3655ms
Frame 391 end
Average processing time of GrabImageRGBD(): 15.3525ms
Frame 392 end
Average processing time of GrabImageRGBD(): 15.3372ms
Frame 393 end
Average processing time of GrabImageRGBD(): 15.3124ms
Frame 394 end
Average processing time of GrabImageRGBD(): 15.2961ms
Frame 395 end
Average processing time of GrabImageRGBD(): 15.2687ms
Frame 396 end
Average processing time of GrabImageRGBD(): 15.3053ms
Frame 397 end
Average processing time of GrabImageRGBD(): 15.2962ms
Frame 398 end
Average processing time of GrabImageRGBD(): 15.2823ms
Frame 399 end
Average processing time of GrabImageRGBD(): 15.264ms
Frame 400 end
Average processing time of GrabImageRGBD(): 15.2491ms
Frame 401 end
Average processing time of GrabImageRGBD(): 15.22ms
Frame 402 end
Average processing time of GrabImageRGBD(): 15.2057ms
Frame 403 end
Average processing time of GrabImageRGBD(): 15.1772ms
Frame 404 end
Average processing time of GrabImageRGBD(): 15.1619ms
Frame 405 end
Average processing time of GrabImageRGBD(): 15.1445ms
Frame 406 end
Average processing time of GrabImageRGBD(): 15.1169ms
Frame 407 end
Average processing time of GrabImageRGBD(): 15.1025ms
Frame 408 end
Average processing time of GrabImageRGBD(): 15.0795ms
Frame 409 end
Average processing time of GrabImageRGBD(): 15.0649ms
Frame 410 end
Average processing time of GrabImageRGBD(): 15.0454ms
Frame 411 end
Average processing time of GrabImageRGBD(): 15.0178ms
Frame 412 end
Average processing time of GrabImageRGBD(): 14.9904ms
Frame 413 end
Average processing time of GrabImageRGBD(): 14.9629ms
Frame 414 end
Average processing time of GrabImageRGBD(): 14.9479ms
Frame 415 end
Average processing time of GrabImageRGBD(): 14.9196ms
Frame 416 end
Average processing time of GrabImageRGBD(): 14.9058ms
Frame 417 end
Average processing time of GrabImageRGBD(): 14.8904ms
Frame 418 end
Average processing time of GrabImageRGBD(): 14.8699ms
Frame 419 end
Average processing time of GrabImageRGBD(): 14.8538ms
Frame 420 end
Average processing time of GrabImageRGBD(): 14.8323ms
Frame 421 end
Average processing time of GrabImageRGBD(): 14.817ms
Frame 422 end
Average processing time of GrabImageRGBD(): 14.7899ms
Frame 423 end
Average processing time of GrabImageRGBD(): 14.7759ms
Frame 424 end
Average processing time of GrabImageRGBD(): 14.762ms
Frame 425 end
Average processing time of GrabImageRGBD(): 14.747ms
Frame 426 end
Average processing time of GrabImageRGBD(): 14.7202ms
Frame 427 end
Average processing time of GrabImageRGBD(): 14.7061ms
Frame 428 end
Average processing time of GrabImageRGBD(): 14.6919ms
Frame 429 end
Average processing time of GrabImageRGBD(): 14.6713ms
Frame 430 end
Average processing time of GrabImageRGBD(): 14.6576ms
Frame 431 end
Average processing time of GrabImageRGBD(): 14.643ms
Frame 432 end
Average processing time of GrabImageRGBD(): 14.6171ms
Frame 433 end
Average processing time of GrabImageRGBD(): 14.6036ms
Frame 434 end
Average processing time of GrabImageRGBD(): 14.5853ms
Frame 435 end
Average processing time of GrabImageRGBD(): 14.6205ms
Frame 436 end
Average processing time of GrabImageRGBD(): 14.6114ms
Frame 437 end
Shutdown
-------

median tracking time: 0.013247
mean tracking time: 0.0155485

Saving camera trajectory to CameraTrajectory.txt ...

Saving keyframe trajectory to KeyFrameTrajectory.txt ...
