
ORB-SLAM3 Copyright (C) 2017-2020 Carlos Campos, Richard Elvira, Juan J. Gómez, José M.M. Montiel and Juan D. Tardós, University of Zaragoza.
ORB-SLAM2 Copyright (C) 2014-2016 Raúl Mur-Artal, José M.M. Montiel and Juan D. Tardós, University of Zaragoza.
This program comes with ABSOLUTELY NO WARRANTY;
This is free software, and you are welcome to redistribute it
under certain conditions. See LICENSE.txt.

Input sensor was set to: RGB-D
Loading settings from /home/bingxin/Downloads/NGD-SLAM/Examples/RGB-D/Bonn.yaml
Camera1.k3 optional parameter does not exist...
	-Loaded camera 1
Camera.newHeight optional parameter does not exist...
Camera.newWidth optional parameter does not exist...
	-Loaded image info
	-Loaded RGB-D calibration
	-Loaded ORB settings
Viewer.imageViewScale optional parameter does not exist...
	-Loaded viewer settings
System.LoadAtlasFromFile optional parameter does not exist...
System.SaveAtlasToFile optional parameter does not exist...
	-Loaded Atlas settings
System.thFarPoints optional parameter does not exist...
	-Loaded misc parameters
----------------------------------
SLAM settings: 
	-Camera 1 parameters (Pinhole): [ 542.823 542.577 315.594 237.756 ]
	-Camera 1 distortion parameters: [  0.039903 -0.099343 -0.00073 -0.000144 ]
	-Original image size: [ 640 , 480 ]
	-Current image size: [ 640 , 480 ]
	-Sequence FPS: 30
	-RGB-D depth map factor: 5000
	-Features per image: 1000
	-ORB scale factor: 1.2
	-ORB number of scales: 8
	-Initial FAST threshold: 20
	-Min FAST threshold: 7


Loading ORB Vocabulary. This could take a while...
Vocabulary loaded!

Initialization of Atlas from scratch 
Creation of new map with id: 0
Creation of new map with last KF id: 0
Seq. Name: 
There are 1 cameras in the atlas
Camera 0 is pinhole
Net use yolo-fastest

-------
Start processing sequence ...
Images in the sequence: 494

First KF:0; Map init KF:0
New Map created with 974 points
Average processing time of GrabImageRGBD(): 49.5645ms
Frame 0 end
Average processing time of GrabImageRGBD(): 40.5978ms
Frame 1 end
Average processing time of GrabImageRGBD(): 38.1526ms
Frame 2 end
Average processing time of GrabImageRGBD(): 38.6944ms
Frame 3 end
Average processing time of GrabImageRGBD(): 33.362ms
Frame 4 end
Starting the Viewer
Average processing time of GrabImageRGBD(): 32.5433ms
Frame 5 end
Average processing time of GrabImageRGBD(): 28.5097ms
Frame 6 end
Average processing time of GrabImageRGBD(): 25.3572ms
Frame 7 end
Average processing time of GrabImageRGBD(): 22.9366ms
Frame 8 end
Average processing time of GrabImageRGBD(): 21.1553ms
Frame 9 end
Average processing time of GrabImageRGBD(): 19.577ms
Frame 10 end
Average processing time of GrabImageRGBD(): 20.1705ms
Frame 11 end
Average processing time of GrabImageRGBD(): 19.5111ms
Frame 12 end
Average processing time of GrabImageRGBD(): 18.3362ms
Frame 13 end
Average processing time of GrabImageRGBD(): 17.4579ms
Frame 14 end
Average processing time of GrabImageRGBD(): 16.6053ms
Frame 15 end
Average processing time of GrabImageRGBD(): 16.1086ms
Frame 16 end
Average processing time of GrabImageRGBD(): 16.8818ms
Frame 17 end
Average processing time of GrabImageRGBD(): 16.4991ms
Frame 18 end
Average processing time of GrabImageRGBD(): 15.8218ms
Frame 19 end
Average processing time of GrabImageRGBD(): 15.4691ms
Frame 20 end
Average processing time of GrabImageRGBD(): 14.9466ms
Frame 21 end
Average processing time of GrabImageRGBD(): 14.6684ms
Frame 22 end
Average processing time of GrabImageRGBD(): 14.4761ms
Frame 23 end
Average processing time of GrabImageRGBD(): 14.2094ms
Frame 24 end
Average processing time of GrabImageRGBD(): 14.9462ms
Frame 25 end
Average processing time of GrabImageRGBD(): 14.771ms
Frame 26 end
Average processing time of GrabImageRGBD(): 14.3471ms
Frame 27 end
Average processing time of GrabImageRGBD(): 14.1691ms
Frame 28 end
Average processing time of GrabImageRGBD(): 13.9751ms
Frame 29 end
Average processing time of GrabImageRGBD(): 13.8297ms
Frame 30 end
Average processing time of GrabImageRGBD(): 13.51ms
Frame 31 end
Average processing time of GrabImageRGBD(): 13.364ms
Frame 32 end
Average processing time of GrabImageRGBD(): 13.2198ms
Frame 33 end
Average processing time of GrabImageRGBD(): 13.0783ms
Frame 34 end
Average processing time of GrabImageRGBD(): 13.5507ms
Frame 35 end
Average processing time of GrabImageRGBD(): 13.2941ms
Frame 36 end
Average processing time of GrabImageRGBD(): 13.025ms
Frame 37 end
Average processing time of GrabImageRGBD(): 12.9104ms
Frame 38 end
Average processing time of GrabImageRGBD(): 12.7388ms
Frame 39 end
Average processing time of GrabImageRGBD(): 13.1992ms
Frame 40 end
Average processing time of GrabImageRGBD(): 13.1103ms
Frame 41 end
Average processing time of GrabImageRGBD(): 13.5043ms
Frame 42 end
Average processing time of GrabImageRGBD(): 13.3406ms
Frame 43 end
Average processing time of GrabImageRGBD(): 13.2464ms
Frame 44 end
Average processing time of GrabImageRGBD(): 13.0564ms
Frame 45 end
Average processing time of GrabImageRGBD(): 13.0063ms
Frame 46 end
Average processing time of GrabImageRGBD(): 12.921ms
Frame 47 end
Average processing time of GrabImageRGBD(): 12.9049ms
Frame 48 end
Average processing time of GrabImageRGBD(): 12.9134ms
Frame 49 end
Average processing time of GrabImageRGBD(): 12.7538ms
Frame 50 end
Average processing time of GrabImageRGBD(): 12.6804ms
Frame 51 end
Average processing time of GrabImageRGBD(): 12.5771ms
Frame 52 end
Average processing time of GrabImageRGBD(): 12.4134ms
Frame 53 end
Average processing time of GrabImageRGBD(): 12.2504ms
Frame 54 end
Average processing time of GrabImageRGBD(): 12.1197ms
Frame 55 end
Average processing time of GrabImageRGBD(): 12.4478ms
Frame 56 end
Average processing time of GrabImageRGBD(): 12.4108ms
Frame 57 end
Average processing time of GrabImageRGBD(): 12.2658ms
Frame 58 end
Average processing time of GrabImageRGBD(): 12.7447ms
Frame 59 end
Average processing time of GrabImageRGBD(): 12.7292ms
Frame 60 end
Average processing time of GrabImageRGBD(): 12.7098ms
Frame 61 end
Average processing time of GrabImageRGBD(): 13.0459ms
Frame 62 end
Average processing time of GrabImageRGBD(): 12.9786ms
Frame 63 end
Average processing time of GrabImageRGBD(): 12.8577ms
Frame 64 end
Average processing time of GrabImageRGBD(): 12.8096ms
Frame 65 end
Average processing time of GrabImageRGBD(): 12.7412ms
Frame 66 end
Average processing time of GrabImageRGBD(): 12.6094ms
Frame 67 end
Average processing time of GrabImageRGBD(): 12.4981ms
Frame 68 end
Average processing time of GrabImageRGBD(): 12.784ms
Frame 69 end
Average processing time of GrabImageRGBD(): 12.6919ms
Frame 70 end
Average processing time of GrabImageRGBD(): 12.5603ms
Frame 71 end
Average processing time of GrabImageRGBD(): 12.5282ms
Frame 72 end
Average processing time of GrabImageRGBD(): 12.4493ms
Frame 73 end
Average processing time of GrabImageRGBD(): 12.4364ms
Frame 74 end
Average processing time of GrabImageRGBD(): 12.43ms
Frame 75 end
Average processing time of GrabImageRGBD(): 12.3888ms
Frame 76 end
Average processing time of GrabImageRGBD(): 12.2866ms
Frame 77 end
Average processing time of GrabImageRGBD(): 12.1775ms
Frame 78 end
Average processing time of GrabImageRGBD(): 12.0709ms
Frame 79 end
Average processing time of GrabImageRGBD(): 12.0352ms
Frame 80 end
Average processing time of GrabImageRGBD(): 12.0001ms
Frame 81 end
Average processing time of GrabImageRGBD(): 11.965ms
Frame 82 end
Average processing time of GrabImageRGBD(): 11.8655ms
Frame 83 end
Average processing time of GrabImageRGBD(): 11.7708ms
Frame 84 end
Average processing time of GrabImageRGBD(): 11.7405ms
Frame 85 end
Average processing time of GrabImageRGBD(): 11.6674ms
Frame 86 end
Average processing time of GrabImageRGBD(): 11.5912ms
Frame 87 end
Average processing time of GrabImageRGBD(): 11.5561ms
Frame 88 end
Average processing time of GrabImageRGBD(): 11.4792ms
Frame 89 end
Average processing time of GrabImageRGBD(): 11.3952ms
Frame 90 end
Average processing time of GrabImageRGBD(): 11.3712ms
Frame 91 end
Average processing time of GrabImageRGBD(): 11.3155ms
Frame 92 end
Average processing time of GrabImageRGBD(): 11.3013ms
Frame 93 end
Average processing time of GrabImageRGBD(): 11.278ms
Frame 94 end
Average processing time of GrabImageRGBD(): 11.2239ms
Frame 95 end
Average processing time of GrabImageRGBD(): 11.1943ms
Frame 96 end
Average processing time of GrabImageRGBD(): 11.1135ms
Frame 97 end
Average processing time of GrabImageRGBD(): 11.091ms
Frame 98 end
Average processing time of GrabImageRGBD(): 11.0174ms
Frame 99 end
Average processing time of GrabImageRGBD(): 10.9985ms
Frame 100 end
Average processing time of GrabImageRGBD(): 10.9254ms
Frame 101 end
Average processing time of GrabImageRGBD(): 10.9052ms
Frame 102 end
Average processing time of GrabImageRGBD(): 10.8335ms
Frame 103 end
Average processing time of GrabImageRGBD(): 11.0359ms
Frame 104 end
Average processing time of GrabImageRGBD(): 10.9874ms
Frame 105 end
Average processing time of GrabImageRGBD(): 10.918ms
Frame 106 end
Average processing time of GrabImageRGBD(): 10.916ms
Frame 107 end
Average processing time of GrabImageRGBD(): 10.9007ms
Frame 108 end
Average processing time of GrabImageRGBD(): 10.8364ms
Frame 109 end
Average processing time of GrabImageRGBD(): 10.7774ms
Frame 110 end
Average processing time of GrabImageRGBD(): 10.7136ms
Frame 111 end
Average processing time of GrabImageRGBD(): 10.7049ms
Frame 112 end
Average processing time of GrabImageRGBD(): 10.6538ms
Frame 113 end
Average processing time of GrabImageRGBD(): 10.5925ms
Frame 114 end
Average processing time of GrabImageRGBD(): 10.5791ms
Frame 115 end
Average processing time of GrabImageRGBD(): 10.5129ms
Frame 116 end
Average processing time of GrabImageRGBD(): 10.45ms
Frame 117 end
Average processing time of GrabImageRGBD(): 10.442ms
Frame 118 end
Average processing time of GrabImageRGBD(): 10.4332ms
Frame 119 end
Average processing time of GrabImageRGBD(): 10.4199ms
Frame 120 end
Average processing time of GrabImageRGBD(): 10.4051ms
Frame 121 end
Average processing time of GrabImageRGBD(): 10.3454ms
Frame 122 end
Average processing time of GrabImageRGBD(): 10.3246ms
Frame 123 end
Average processing time of GrabImageRGBD(): 10.4697ms
Frame 124 end
Average processing time of GrabImageRGBD(): 10.4546ms
Frame 125 end
Average processing time of GrabImageRGBD(): 10.3975ms
Frame 126 end
Average processing time of GrabImageRGBD(): 10.3437ms
Frame 127 end
Average processing time of GrabImageRGBD(): 10.3395ms
Frame 128 end
Average processing time of GrabImageRGBD(): 10.3303ms
Frame 129 end
Average processing time of GrabImageRGBD(): 10.2748ms
Frame 130 end
Average processing time of GrabImageRGBD(): 10.2634ms
Frame 131 end
Average processing time of GrabImageRGBD(): 10.2545ms
Frame 132 end
Average processing time of GrabImageRGBD(): 10.2536ms
Frame 133 end
Average processing time of GrabImageRGBD(): 10.2003ms
Frame 134 end
Average processing time of GrabImageRGBD(): 10.3557ms
Frame 135 end
Average processing time of GrabImageRGBD(): 10.3437ms
Frame 136 end
Average processing time of GrabImageRGBD(): 10.2989ms
Frame 137 end
Average processing time of GrabImageRGBD(): 10.3018ms
Frame 138 end
Average processing time of GrabImageRGBD(): 10.305ms
Frame 139 end
Average processing time of GrabImageRGBD(): 10.2523ms
Frame 140 end
Average processing time of GrabImageRGBD(): 10.2543ms
Frame 141 end
Average processing time of GrabImageRGBD(): 10.2486ms
Frame 142 end
Average processing time of GrabImageRGBD(): 10.1995ms
Frame 143 end
Average processing time of GrabImageRGBD(): 10.1553ms
Frame 144 end
Average processing time of GrabImageRGBD(): 10.1488ms
Frame 145 end
Average processing time of GrabImageRGBD(): 10.1161ms
Frame 146 end
Average processing time of GrabImageRGBD(): 10.0728ms
Frame 147 end
Average processing time of GrabImageRGBD(): 10.0676ms
Frame 148 end
Average processing time of GrabImageRGBD(): 10.0669ms
Frame 149 end
Average processing time of GrabImageRGBD(): 10.0212ms
Frame 150 end
Average processing time of GrabImageRGBD(): 9.98867ms
Frame 151 end
Average processing time of GrabImageRGBD(): 9.98835ms
Frame 152 end
Average processing time of GrabImageRGBD(): 9.98501ms
Frame 153 end
Average processing time of GrabImageRGBD(): 9.97476ms
Frame 154 end
Average processing time of GrabImageRGBD(): 9.94241ms
Frame 155 end
Average processing time of GrabImageRGBD(): 9.93699ms
Frame 156 end
Average processing time of GrabImageRGBD(): 9.93568ms
Frame 157 end
Average processing time of GrabImageRGBD(): 9.92107ms
Frame 158 end
Average processing time of GrabImageRGBD(): 9.8984ms
Frame 159 end
Average processing time of GrabImageRGBD(): 10.0346ms
Frame 160 end
Average processing time of GrabImageRGBD(): 9.99773ms
Frame 161 end
Average processing time of GrabImageRGBD(): 10.0226ms
Frame 162 end
Average processing time of GrabImageRGBD(): 10.1865ms
Frame 163 end
Average processing time of GrabImageRGBD(): 10.1878ms
Frame 164 end
Average processing time of GrabImageRGBD(): 10.2227ms
Frame 165 end
Average processing time of GrabImageRGBD(): 10.3886ms
Frame 166 end
Average processing time of GrabImageRGBD(): 10.4138ms
Frame 167 end
Average processing time of GrabImageRGBD(): 10.4323ms
Frame 168 end
Average processing time of GrabImageRGBD(): 10.5953ms
Frame 169 end
Average processing time of GrabImageRGBD(): 10.6448ms
Frame 170 end
Average processing time of GrabImageRGBD(): 10.6891ms
Frame 171 end
Average processing time of GrabImageRGBD(): 10.7473ms
Frame 172 end
Average processing time of GrabImageRGBD(): 10.769ms
Frame 173 end
Average processing time of GrabImageRGBD(): 10.8082ms
Frame 174 end
Average processing time of GrabImageRGBD(): 10.816ms
Frame 175 end
Average processing time of GrabImageRGBD(): 10.8302ms
Frame 176 end
Average processing time of GrabImageRGBD(): 10.8503ms
Frame 177 end
Average processing time of GrabImageRGBD(): 10.8587ms
Frame 178 end
Average processing time of GrabImageRGBD(): 10.8741ms
Frame 179 end
Average processing time of GrabImageRGBD(): 10.8774ms
Frame 180 end
Average processing time of GrabImageRGBD(): 11.0291ms
Frame 181 end
Average processing time of GrabImageRGBD(): 11.0654ms
Frame 182 end
Average processing time of GrabImageRGBD(): 11.0902ms
Frame 183 end
Average processing time of GrabImageRGBD(): 11.1095ms
Frame 184 end
Average processing time of GrabImageRGBD(): 11.1357ms
Frame 185 end
Average processing time of GrabImageRGBD(): 11.1609ms
Frame 186 end
Average processing time of GrabImageRGBD(): 11.3086ms
Frame 187 end
Average processing time of GrabImageRGBD(): 11.3288ms
Frame 188 end
Average processing time of GrabImageRGBD(): 11.3347ms
Frame 189 end
Average processing time of GrabImageRGBD(): 11.3445ms
Frame 190 end
Average processing time of GrabImageRGBD(): 11.3434ms
Frame 191 end
Average processing time of GrabImageRGBD(): 11.3538ms
Frame 192 end
Average processing time of GrabImageRGBD(): 11.3621ms
Frame 193 end
Average processing time of GrabImageRGBD(): 11.3679ms
Frame 194 end
Average processing time of GrabImageRGBD(): 11.3788ms
Frame 195 end
Average processing time of GrabImageRGBD(): 11.3855ms
Frame 196 end
Average processing time of GrabImageRGBD(): 11.5064ms
Frame 197 end
Average processing time of GrabImageRGBD(): 11.5124ms
Frame 198 end
Average processing time of GrabImageRGBD(): 11.4959ms
Frame 199 end
Average processing time of GrabImageRGBD(): 11.5055ms
Frame 200 end
Average processing time of GrabImageRGBD(): 11.5129ms
Frame 201 end
Average processing time of GrabImageRGBD(): 11.4984ms
Frame 202 end
Average processing time of GrabImageRGBD(): 11.5111ms
Frame 203 end
Average processing time of GrabImageRGBD(): 11.5196ms
Frame 204 end
Average processing time of GrabImageRGBD(): 11.5154ms
Frame 205 end
Average processing time of GrabImageRGBD(): 11.5233ms
Frame 206 end
Average processing time of GrabImageRGBD(): 11.5325ms
Frame 207 end
Average processing time of GrabImageRGBD(): 11.542ms
Frame 208 end
Average processing time of GrabImageRGBD(): 11.5524ms
Frame 209 end
Average processing time of GrabImageRGBD(): 11.5597ms
Frame 210 end
Average processing time of GrabImageRGBD(): 11.6738ms
Frame 211 end
Average processing time of GrabImageRGBD(): 11.6788ms
Frame 212 end
Average processing time of GrabImageRGBD(): 11.6897ms
Frame 213 end
Average processing time of GrabImageRGBD(): 11.6881ms
Frame 214 end
Average processing time of GrabImageRGBD(): 11.6949ms
Frame 215 end
Average processing time of GrabImageRGBD(): 11.8041ms
Frame 216 end
Average processing time of GrabImageRGBD(): 11.8086ms
Frame 217 end
Average processing time of GrabImageRGBD(): 11.8189ms
Frame 218 end
Average processing time of GrabImageRGBD(): 11.8312ms
Frame 219 end
Average processing time of GrabImageRGBD(): 11.8149ms
Frame 220 end
Average processing time of GrabImageRGBD(): 11.9232ms
Frame 221 end
Average processing time of GrabImageRGBD(): 11.9258ms
Frame 222 end
Average processing time of GrabImageRGBD(): 11.9448ms
Frame 223 end
Average processing time of GrabImageRGBD(): 11.948ms
Frame 224 end
Average processing time of GrabImageRGBD(): 11.9397ms
Frame 225 end
Average processing time of GrabImageRGBD(): 11.9316ms
Frame 226 end
Average processing time of GrabImageRGBD(): 11.934ms
Frame 227 end
Average processing time of GrabImageRGBD(): 11.9354ms
Frame 228 end
Average processing time of GrabImageRGBD(): 12.0229ms
Frame 229 end
Average processing time of GrabImageRGBD(): 12.0316ms
Frame 230 end
Average processing time of GrabImageRGBD(): 12.0395ms
Frame 231 end
Average processing time of GrabImageRGBD(): 12.0441ms
Frame 232 end
Average processing time of GrabImageRGBD(): 12.0458ms
Frame 233 end
Average processing time of GrabImageRGBD(): 12.0518ms
Frame 234 end
Average processing time of GrabImageRGBD(): 12.0631ms
Frame 235 end
Average processing time of GrabImageRGBD(): 12.0651ms
Frame 236 end
Average processing time of GrabImageRGBD(): 12.0662ms
Frame 237 end
Average processing time of GrabImageRGBD(): 12.0695ms
Frame 238 end
Average processing time of GrabImageRGBD(): 12.0635ms
Frame 239 end
Average processing time of GrabImageRGBD(): 12.1477ms
Frame 240 end
Average processing time of GrabImageRGBD(): 12.1592ms
Frame 241 end
Average processing time of GrabImageRGBD(): 12.1691ms
Frame 242 end
Average processing time of GrabImageRGBD(): 12.1777ms
Frame 243 end
Average processing time of GrabImageRGBD(): 12.1813ms
Frame 244 end
Average processing time of GrabImageRGBD(): 12.1837ms
Frame 245 end
Average processing time of GrabImageRGBD(): 12.1877ms
Frame 246 end
Average processing time of GrabImageRGBD(): 12.197ms
Frame 247 end
Average processing time of GrabImageRGBD(): 12.1918ms
Frame 248 end
Average processing time of GrabImageRGBD(): 12.2017ms
Frame 249 end
Average processing time of GrabImageRGBD(): 12.2058ms
Frame 250 end
Average processing time of GrabImageRGBD(): 12.3148ms
Frame 251 end
Average processing time of GrabImageRGBD(): 12.3259ms
Frame 252 end
Average processing time of GrabImageRGBD(): 12.3341ms
Frame 253 end
Average processing time of GrabImageRGBD(): 12.3525ms
Frame 254 end
Average processing time of GrabImageRGBD(): 12.3561ms
Frame 255 end
Average processing time of GrabImageRGBD(): 12.3607ms
Frame 256 end
Average processing time of GrabImageRGBD(): 12.3647ms
Frame 257 end
Average processing time of GrabImageRGBD(): 12.4226ms
Frame 258 end
Average processing time of GrabImageRGBD(): 12.4137ms
Frame 259 end
Average processing time of GrabImageRGBD(): 12.3794ms
Frame 260 end
Average processing time of GrabImageRGBD(): 12.3452ms
Frame 261 end
Average processing time of GrabImageRGBD(): 12.316ms
Frame 262 end
Average processing time of GrabImageRGBD(): 12.3818ms
Frame 263 end
Average processing time of GrabImageRGBD(): 12.3839ms
Frame 264 end
Average processing time of GrabImageRGBD(): 12.3814ms
Frame 265 end
Average processing time of GrabImageRGBD(): 12.3763ms
Frame 266 end
Average processing time of GrabImageRGBD(): 12.377ms
Frame 267 end
Average processing time of GrabImageRGBD(): 12.4641ms
Frame 268 end
Average processing time of GrabImageRGBD(): 12.4652ms
Frame 269 end
Average processing time of GrabImageRGBD(): 12.4667ms
Frame 270 end
Average processing time of GrabImageRGBD(): 12.4696ms
Frame 271 end
Average processing time of GrabImageRGBD(): 12.458ms
Frame 272 end
Average processing time of GrabImageRGBD(): 12.4579ms
Frame 273 end
Average processing time of GrabImageRGBD(): 12.4408ms
Frame 274 end
Average processing time of GrabImageRGBD(): 12.5151ms
Frame 275 end
Average processing time of GrabImageRGBD(): 12.5252ms
Frame 276 end
Average processing time of GrabImageRGBD(): 12.5153ms
Frame 277 end
Average processing time of GrabImageRGBD(): 12.5122ms
Frame 278 end
Average processing time of GrabImageRGBD(): 12.5084ms
Frame 279 end
Average processing time of GrabImageRGBD(): 12.4769ms
Frame 280 end
Average processing time of GrabImageRGBD(): 12.4468ms
Frame 281 end
Average processing time of GrabImageRGBD(): 12.4343ms
Frame 282 end
Average processing time of GrabImageRGBD(): 12.5046ms
Frame 283 end
Average processing time of GrabImageRGBD(): 12.5012ms
Frame 284 end
Average processing time of GrabImageRGBD(): 12.4685ms
Frame 285 end
Average processing time of GrabImageRGBD(): 12.4492ms
Frame 286 end
Average processing time of GrabImageRGBD(): 12.4403ms
Frame 287 end
Average processing time of GrabImageRGBD(): 12.4079ms
Frame 288 end
Average processing time of GrabImageRGBD(): 12.392ms
Frame 289 end
Average processing time of GrabImageRGBD(): 12.4524ms
Frame 290 end
Average processing time of GrabImageRGBD(): 12.4436ms
Frame 291 end
Average processing time of GrabImageRGBD(): 12.4137ms
Frame 292 end
Average processing time of GrabImageRGBD(): 12.4086ms
Frame 293 end
Average processing time of GrabImageRGBD(): 12.3981ms
Frame 294 end
Average processing time of GrabImageRGBD(): 12.3679ms
Frame 295 end
Average processing time of GrabImageRGBD(): 12.437ms
Frame 296 end
Average processing time of GrabImageRGBD(): 12.4317ms
Frame 297 end
Average processing time of GrabImageRGBD(): 12.3997ms
Frame 298 end
Average processing time of GrabImageRGBD(): 12.3745ms
Frame 299 end
Average processing time of GrabImageRGBD(): 12.3587ms
Frame 300 end
Average processing time of GrabImageRGBD(): 12.4234ms
Frame 301 end
Average processing time of GrabImageRGBD(): 12.4179ms
Frame 302 end
Average processing time of GrabImageRGBD(): 12.4062ms
Frame 303 end
Average processing time of GrabImageRGBD(): 12.3927ms
Frame 304 end
Average processing time of GrabImageRGBD(): 12.3814ms
Frame 305 end
Average processing time of GrabImageRGBD(): 12.3678ms
Frame 306 end
Average processing time of GrabImageRGBD(): 12.3503ms
Frame 307 end
Average processing time of GrabImageRGBD(): 12.3368ms
Frame 308 end
Average processing time of GrabImageRGBD(): 12.3895ms
Frame 309 end
Average processing time of GrabImageRGBD(): 12.3845ms
Frame 310 end
Average processing time of GrabImageRGBD(): 12.355ms
Frame 311 end
Average processing time of GrabImageRGBD(): 12.3476ms
Frame 312 end
Average processing time of GrabImageRGBD(): 12.3186ms
Frame 313 end
Average processing time of GrabImageRGBD(): 12.3067ms
Frame 314 end
Average processing time of GrabImageRGBD(): 12.2784ms
Frame 315 end
Average processing time of GrabImageRGBD(): 12.2569ms
Frame 316 end
Average processing time of GrabImageRGBD(): 12.2489ms
Frame 317 end
Average processing time of GrabImageRGBD(): 12.2234ms
Frame 318 end
Average processing time of GrabImageRGBD(): 12.1976ms
Frame 319 end
Average processing time of GrabImageRGBD(): 12.1882ms
Frame 320 end
Average processing time of GrabImageRGBD(): 12.1623ms
Frame 321 end
Average processing time of GrabImageRGBD(): 12.1534ms
Frame 322 end
Average processing time of GrabImageRGBD(): 12.1277ms
Frame 323 end
Average processing time of GrabImageRGBD(): 12.1169ms
Frame 324 end
Average processing time of GrabImageRGBD(): 12.0897ms
Frame 325 end
Average processing time of GrabImageRGBD(): 12.1825ms
Frame 326 end
Average processing time of GrabImageRGBD(): 12.177ms
Frame 327 end
Average processing time of GrabImageRGBD(): 12.151ms
Frame 328 end
Average processing time of GrabImageRGBD(): 12.142ms
Frame 329 end
Average processing time of GrabImageRGBD(): 12.203ms
Frame 330 end
Average processing time of GrabImageRGBD(): 12.1804ms
Frame 331 end
Average processing time of GrabImageRGBD(): 12.1531ms
Frame 332 end
Average processing time of GrabImageRGBD(): 12.1289ms
Frame 333 end
Average processing time of GrabImageRGBD(): 12.1187ms
Frame 334 end
Average processing time of GrabImageRGBD(): 12.0925ms
Frame 335 end
Average processing time of GrabImageRGBD(): 12.1422ms
Frame 336 end
Average processing time of GrabImageRGBD(): 12.1377ms
Frame 337 end
Average processing time of GrabImageRGBD(): 12.1114ms
Frame 338 end
Average processing time of GrabImageRGBD(): 12.0983ms
Frame 339 end
Average processing time of GrabImageRGBD(): 12.0747ms
Frame 340 end
Average processing time of GrabImageRGBD(): 12.0491ms
Frame 341 end
Average processing time of GrabImageRGBD(): 12.1023ms
Frame 342 end
Average processing time of GrabImageRGBD(): 12.081ms
Frame 343 end
Average processing time of GrabImageRGBD(): 12.0553ms
Frame 344 end
Average processing time of GrabImageRGBD(): 12.0312ms
Frame 345 end
Average processing time of GrabImageRGBD(): 12.0219ms
Frame 346 end
Average processing time of GrabImageRGBD(): 12.012ms
Frame 347 end
Average processing time of GrabImageRGBD(): 11.9944ms
Frame 348 end
Average processing time of GrabImageRGBD(): 11.9759ms
Frame 349 end
Average processing time of GrabImageRGBD(): 11.9507ms
Frame 350 end
Average processing time of GrabImageRGBD(): 11.9404ms
Frame 351 end
Average processing time of GrabImageRGBD(): 11.9962ms
Frame 352 end
Average processing time of GrabImageRGBD(): 11.99ms
Frame 353 end
Average processing time of GrabImageRGBD(): 11.9647ms
Frame 354 end
Average processing time of GrabImageRGBD(): 11.9415ms
Frame 355 end
Average processing time of GrabImageRGBD(): 11.9267ms
Frame 356 end
Average processing time of GrabImageRGBD(): 11.9119ms
Frame 357 end
Average processing time of GrabImageRGBD(): 11.9624ms
Frame 358 end
Average processing time of GrabImageRGBD(): 11.9602ms
Frame 359 end
Average processing time of GrabImageRGBD(): 11.9384ms
Frame 360 end
Average processing time of GrabImageRGBD(): 11.9272ms
Frame 361 end
Average processing time of GrabImageRGBD(): 11.9198ms
Frame 362 end
Average processing time of GrabImageRGBD(): 11.9023ms
Frame 363 end
Average processing time of GrabImageRGBD(): 11.8847ms
Frame 364 end
Average processing time of GrabImageRGBD(): 11.8618ms
Frame 365 end
Average processing time of GrabImageRGBD(): 11.854ms
Frame 366 end
Average processing time of GrabImageRGBD(): 11.8464ms
Frame 367 end
Average processing time of GrabImageRGBD(): 11.8251ms
Frame 368 end
Average processing time of GrabImageRGBD(): 11.8744ms
Frame 369 end
Average processing time of GrabImageRGBD(): 11.861ms
Frame 370 end
Average processing time of GrabImageRGBD(): 11.8373ms
Frame 371 end
Average processing time of GrabImageRGBD(): 11.8165ms
Frame 372 end
Average processing time of GrabImageRGBD(): 11.8096ms
Frame 373 end
Average processing time of GrabImageRGBD(): 11.7872ms
Frame 374 end
Average processing time of GrabImageRGBD(): 11.7697ms
Frame 375 end
Average processing time of GrabImageRGBD(): 11.8146ms
Frame 376 end
Average processing time of GrabImageRGBD(): 11.8103ms
Frame 377 end
Average processing time of GrabImageRGBD(): 11.804ms
Frame 378 end
Average processing time of GrabImageRGBD(): 11.7928ms
Frame 379 end
Average processing time of GrabImageRGBD(): 11.78ms
Frame 380 end
Average processing time of GrabImageRGBD(): 11.7588ms
Frame 381 end
Average processing time of GrabImageRGBD(): 11.8047ms
Frame 382 end
Average processing time of GrabImageRGBD(): 11.7886ms
Frame 383 end
Average processing time of GrabImageRGBD(): 11.7892ms
Frame 384 end
Average processing time of GrabImageRGBD(): 11.791ms
Frame 385 end
Average processing time of GrabImageRGBD(): 11.7849ms
Frame 386 end
Average processing time of GrabImageRGBD(): 11.7843ms
Frame 387 end
Average processing time of GrabImageRGBD(): 11.7806ms
Frame 388 end
Average processing time of GrabImageRGBD(): 11.7573ms
Frame 389 end
Average processing time of GrabImageRGBD(): 11.7359ms
Frame 390 end
Average processing time of GrabImageRGBD(): 11.7784ms
Frame 391 end
Average processing time of GrabImageRGBD(): 11.7825ms
Frame 392 end
Average processing time of GrabImageRGBD(): 11.7713ms
Frame 393 end
Average processing time of GrabImageRGBD(): 11.7503ms
Frame 394 end
Average processing time of GrabImageRGBD(): 11.7342ms
Frame 395 end
Average processing time of GrabImageRGBD(): 11.716ms
Frame 396 end
Average processing time of GrabImageRGBD(): 11.7838ms
Frame 397 end
Average processing time of GrabImageRGBD(): 11.7693ms
Frame 398 end
Average processing time of GrabImageRGBD(): 11.7486ms
Frame 399 end
Average processing time of GrabImageRGBD(): 11.7291ms
Frame 400 end
Average processing time of GrabImageRGBD(): 11.7206ms
Frame 401 end
Average processing time of GrabImageRGBD(): 11.7098ms
Frame 402 end
Average processing time of GrabImageRGBD(): 11.701ms
Frame 403 end
Average processing time of GrabImageRGBD(): 11.7489ms
Frame 404 end
Average processing time of GrabImageRGBD(): 11.7487ms
Frame 405 end
Average processing time of GrabImageRGBD(): 11.7521ms
Frame 406 end
Average processing time of GrabImageRGBD(): 11.7457ms
Frame 407 end
Average processing time of GrabImageRGBD(): 11.7233ms
Frame 408 end
Average processing time of GrabImageRGBD(): 11.7152ms
Frame 409 end
Average processing time of GrabImageRGBD(): 11.7068ms
Frame 410 end
Average processing time of GrabImageRGBD(): 11.7524ms
Frame 411 end
Average processing time of GrabImageRGBD(): 11.7375ms
Frame 412 end
Average processing time of GrabImageRGBD(): 11.7181ms
Frame 413 end
Average processing time of GrabImageRGBD(): 11.7092ms
Frame 414 end
Average processing time of GrabImageRGBD(): 11.7007ms
Frame 415 end
Average processing time of GrabImageRGBD(): 11.6924ms
Frame 416 end
Average processing time of GrabImageRGBD(): 11.6833ms
Frame 417 end
Average processing time of GrabImageRGBD(): 11.6718ms
Frame 418 end
Average processing time of GrabImageRGBD(): 11.7137ms
Frame 419 end
Average processing time of GrabImageRGBD(): 11.6967ms
Frame 420 end
Average processing time of GrabImageRGBD(): 11.6766ms
Frame 421 end
Average processing time of GrabImageRGBD(): 11.662ms
Frame 422 end
Average processing time of GrabImageRGBD(): 11.6544ms
Frame 423 end
Average processing time of GrabImageRGBD(): 11.638ms
Frame 424 end
Average processing time of GrabImageRGBD(): 11.6295ms
Frame 425 end
Average processing time of GrabImageRGBD(): 11.6725ms
Frame 426 end
Average processing time of GrabImageRGBD(): 11.6635ms
Frame 427 end
Average processing time of GrabImageRGBD(): 11.644ms
Frame 428 end
Average processing time of GrabImageRGBD(): 11.6325ms
Frame 429 end
Average processing time of GrabImageRGBD(): 11.6137ms
Frame 430 end
Average processing time of GrabImageRGBD(): 11.5955ms
Frame 431 end
Average processing time of GrabImageRGBD(): 11.5879ms
Frame 432 end
Average processing time of GrabImageRGBD(): 11.6269ms
Frame 433 end
Average processing time of GrabImageRGBD(): 11.6212ms
Frame 434 end
Average processing time of GrabImageRGBD(): 11.6172ms
Frame 435 end
Average processing time of GrabImageRGBD(): 11.5994ms
Frame 436 end
Average processing time of GrabImageRGBD(): 11.5957ms
Frame 437 end
Average processing time of GrabImageRGBD(): 11.5899ms
Frame 438 end
Average processing time of GrabImageRGBD(): 11.5818ms
Frame 439 end
Average processing time of GrabImageRGBD(): 11.5637ms
Frame 440 end
Average processing time of GrabImageRGBD(): 11.6031ms
Frame 441 end
Average processing time of GrabImageRGBD(): 11.6001ms
Frame 442 end
Average processing time of GrabImageRGBD(): 11.581ms
Frame 443 end
Average processing time of GrabImageRGBD(): 11.5661ms
Frame 444 end
Average processing time of GrabImageRGBD(): 11.5569ms
Frame 445 end
Average processing time of GrabImageRGBD(): 11.5391ms
Frame 446 end
Average processing time of GrabImageRGBD(): 11.5203ms
Frame 447 end
Average processing time of GrabImageRGBD(): 11.5672ms
Frame 448 end
Average processing time of GrabImageRGBD(): 11.554ms
Frame 449 end
Average processing time of GrabImageRGBD(): 11.5542ms
Frame 450 end
Average processing time of GrabImageRGBD(): 11.5496ms
Frame 451 end
Average processing time of GrabImageRGBD(): 11.5387ms
Frame 452 end
Average processing time of GrabImageRGBD(): 11.5242ms
Frame 453 end
Average processing time of GrabImageRGBD(): 11.5201ms
Frame 454 end
Average processing time of GrabImageRGBD(): 11.5161ms
Frame 455 end
Average processing time of GrabImageRGBD(): 11.5012ms
Frame 456 end
Average processing time of GrabImageRGBD(): 11.5441ms
Frame 457 end
Average processing time of GrabImageRGBD(): 11.5415ms
Frame 458 end
Average processing time of GrabImageRGBD(): 11.5231ms
Frame 459 end
Average processing time of GrabImageRGBD(): 11.5185ms
Frame 460 end
Average processing time of GrabImageRGBD(): 11.5131ms
Frame 461 end
Average processing time of GrabImageRGBD(): 11.5075ms
Frame 462 end
Average processing time of GrabImageRGBD(): 11.5022ms
Frame 463 end
Average processing time of GrabImageRGBD(): 11.4968ms
Frame 464 end
Average processing time of GrabImageRGBD(): 11.491ms
Frame 465 end
Average processing time of GrabImageRGBD(): 11.4859ms
Frame 466 end
Average processing time of GrabImageRGBD(): 11.4686ms
Frame 467 end
Average processing time of GrabImageRGBD(): 11.4599ms
Frame 468 end
Average processing time of GrabImageRGBD(): 11.4423ms
Frame 469 end
Average processing time of GrabImageRGBD(): 11.4887ms
Frame 470 end
Average processing time of GrabImageRGBD(): 11.4856ms
Frame 471 end
Average processing time of GrabImageRGBD(): 11.4811ms
Frame 472 end
Average processing time of GrabImageRGBD(): 11.4683ms
Frame 473 end
Average processing time of GrabImageRGBD(): 11.4632ms
Frame 474 end
Average processing time of GrabImageRGBD(): 11.4627ms
Frame 475 end
Average processing time of GrabImageRGBD(): 11.4564ms
Frame 476 end
Average processing time of GrabImageRGBD(): 11.4544ms
Frame 477 end
Average processing time of GrabImageRGBD(): 11.4506ms
Frame 478 end
Average processing time of GrabImageRGBD(): 11.4341ms
Frame 479 end
Average processing time of GrabImageRGBD(): 11.4172ms
Frame 480 end
Average processing time of GrabImageRGBD(): 11.4593ms
Frame 481 end
Average processing time of GrabImageRGBD(): 11.4483ms
Frame 482 end
Average processing time of GrabImageRGBD(): 11.4315ms
Frame 483 end
Average processing time of GrabImageRGBD(): 11.4206ms
Frame 484 end
Average processing time of GrabImageRGBD(): 11.4157ms
Frame 485 end
Average processing time of GrabImageRGBD(): 11.4107ms
Frame 486 end
Average processing time of GrabImageRGBD(): 11.4007ms
Frame 487 end
Average processing time of GrabImageRGBD(): 11.3953ms
Frame 488 end
Average processing time of GrabImageRGBD(): 11.3819ms
Frame 489 end
Average processing time of GrabImageRGBD(): 11.3751ms
Frame 490 end
Average processing time of GrabImageRGBD(): 11.3612ms
Frame 491 end
Average processing time of GrabImageRGBD(): 11.348ms
Frame 492 end
Average processing time of GrabImageRGBD(): 11.3423ms
Frame 493 end
Shutdown
-------

median tracking time: 0.0098974
mean tracking time: 0.0122409

Saving camera trajectory to CameraTrajectory.txt ...

Saving keyframe trajectory to KeyFrameTrajectory.txt ...
