
ORB-SLAM3 Copyright (C) 2017-2020 Carlos Campos, Richard Elvira, Juan J. Gómez, José M.M. Montiel and Juan D. Tardós, University of Zaragoza.
ORB-SLAM2 Copyright (C) 2014-2016 Raúl Mur-Artal, José M.M. Montiel and Juan D. Tardós, University of Zaragoza.
This program comes with ABSOLUTELY NO WARRANTY;
This is free software, and you are welcome to redistribute it
under certain conditions. See LICENSE.txt.

Input sensor was set to: RGB-D
Loading settings from /home/bingxin/Downloads/NGD-SLAM/Examples/RGB-D/Bonn.yaml
Camera1.k3 optional parameter does not exist...
	-Loaded camera 1
Camera.newHeight optional parameter does not exist...
Camera.newWidth optional parameter does not exist...
	-Loaded image info
	-Loaded RGB-D calibration
	-Loaded ORB settings
Viewer.imageViewScale optional parameter does not exist...
	-Loaded viewer settings
System.LoadAtlasFromFile optional parameter does not exist...
System.SaveAtlasToFile optional parameter does not exist...
	-Loaded Atlas settings
System.thFarPoints optional parameter does not exist...
	-Loaded misc parameters
----------------------------------
SLAM settings: 
	-Camera 1 parameters (Pinhole): [ 542.823 542.577 315.594 237.756 ]
	-Camera 1 distortion parameters: [  0.039903 -0.099343 -0.00073 -0.000144 ]
	-Original image size: [ 640 , 480 ]
	-Current image size: [ 640 , 480 ]
	-Sequence FPS: 30
	-RGB-D depth map factor: 5000
	-Features per image: 1000
	-ORB scale factor: 1.2
	-ORB number of scales: 8
	-Initial FAST threshold: 20
	-Min FAST threshold: 7


Loading ORB Vocabulary. This could take a while...
Vocabulary loaded!

Initialization of Atlas from scratch 
Creation of new map with id: 0
Creation of new map with last KF id: 0
Seq. Name: 
There are 1 cameras in the atlas
Camera 0 is pinhole
Net use yolo-fastest

-------
Start processing sequence ...
Images in the sequence: 494

First KF:0; Map init KF:0
New Map created with 974 points
Average processing time of GrabImageRGBD(): 49.7172ms
Frame 0 end
Average processing time of GrabImageRGBD(): 39.5822ms
Frame 1 end
Average processing time of GrabImageRGBD(): 34.7694ms
Frame 2 end
Average processing time of GrabImageRGBD(): 33.5859ms
Frame 3 end
Average processing time of GrabImageRGBD(): 27.8242ms
Frame 4 end
Average processing time of GrabImageRGBD(): 28.2665ms
Frame 5 end
Average processing time of GrabImageRGBD(): 24.9131ms
Frame 6 end
Starting the Viewer
Average processing time of GrabImageRGBD(): 22.2371ms
Frame 7 end
Average processing time of GrabImageRGBD(): 20.7537ms
Frame 8 end
Average processing time of GrabImageRGBD(): 21.6975ms
Frame 9 end
Average processing time of GrabImageRGBD(): 20.7129ms
Frame 10 end
Average processing time of GrabImageRGBD(): 21.2283ms
Frame 11 end
Average processing time of GrabImageRGBD(): 20.5579ms
Frame 12 end
Average processing time of GrabImageRGBD(): 19.3419ms
Frame 13 end
Average processing time of GrabImageRGBD(): 18.6475ms
Frame 14 end
Average processing time of GrabImageRGBD(): 17.6777ms
Frame 15 end
Average processing time of GrabImageRGBD(): 17.2148ms
Frame 16 end
Average processing time of GrabImageRGBD(): 16.8007ms
Frame 17 end
Average processing time of GrabImageRGBD(): 16.0857ms
Frame 18 end
Average processing time of GrabImageRGBD(): 15.6719ms
Frame 19 end
Average processing time of GrabImageRGBD(): 16.4869ms
Frame 20 end
Average processing time of GrabImageRGBD(): 15.9261ms
Frame 21 end
Average processing time of GrabImageRGBD(): 15.3577ms
Frame 22 end
Average processing time of GrabImageRGBD(): 15.813ms
Frame 23 end
Average processing time of GrabImageRGBD(): 15.5547ms
Frame 24 end
Average processing time of GrabImageRGBD(): 15.0735ms
Frame 25 end
Average processing time of GrabImageRGBD(): 14.7723ms
Frame 26 end
Average processing time of GrabImageRGBD(): 15.31ms
Frame 27 end
Average processing time of GrabImageRGBD(): 15.1555ms
Frame 28 end
Average processing time of GrabImageRGBD(): 14.7558ms
Frame 29 end
Average processing time of GrabImageRGBD(): 14.5701ms
Frame 30 end
Average processing time of GrabImageRGBD(): 14.3872ms
Frame 31 end
Average processing time of GrabImageRGBD(): 14.0522ms
Frame 32 end
Average processing time of GrabImageRGBD(): 13.8992ms
Frame 33 end
Average processing time of GrabImageRGBD(): 14.2532ms
Frame 34 end
Average processing time of GrabImageRGBD(): 13.9704ms
Frame 35 end
Average processing time of GrabImageRGBD(): 13.6842ms
Frame 36 end
Average processing time of GrabImageRGBD(): 13.5613ms
Frame 37 end
Average processing time of GrabImageRGBD(): 13.3692ms
Frame 38 end
Average processing time of GrabImageRGBD(): 13.2099ms
Frame 39 end
Average processing time of GrabImageRGBD(): 13.6218ms
Frame 40 end
Average processing time of GrabImageRGBD(): 13.5396ms
Frame 41 end
Average processing time of GrabImageRGBD(): 13.2954ms
Frame 42 end
Average processing time of GrabImageRGBD(): 13.0686ms
Frame 43 end
Average processing time of GrabImageRGBD(): 12.9471ms
Frame 44 end
Average processing time of GrabImageRGBD(): 12.7368ms
Frame 45 end
Average processing time of GrabImageRGBD(): 13.0592ms
Frame 46 end
Average processing time of GrabImageRGBD(): 13.009ms
Frame 47 end
Average processing time of GrabImageRGBD(): 12.7997ms
Frame 48 end
Average processing time of GrabImageRGBD(): 13.0848ms
Frame 49 end
Average processing time of GrabImageRGBD(): 13.031ms
Frame 50 end
Average processing time of GrabImageRGBD(): 12.835ms
Frame 51 end
Average processing time of GrabImageRGBD(): 12.7499ms
Frame 52 end
Average processing time of GrabImageRGBD(): 12.6719ms
Frame 53 end
Average processing time of GrabImageRGBD(): 12.5066ms
Frame 54 end
Average processing time of GrabImageRGBD(): 12.4078ms
Frame 55 end
Average processing time of GrabImageRGBD(): 12.7087ms
Frame 56 end
Average processing time of GrabImageRGBD(): 12.5634ms
Frame 57 end
Average processing time of GrabImageRGBD(): 12.9175ms
Frame 58 end
Average processing time of GrabImageRGBD(): 12.9667ms
Frame 59 end
Average processing time of GrabImageRGBD(): 12.9312ms
Frame 60 end
Average processing time of GrabImageRGBD(): 12.7855ms
Frame 61 end
Average processing time of GrabImageRGBD(): 12.7094ms
Frame 62 end
Average processing time of GrabImageRGBD(): 13.0089ms
Frame 63 end
Average processing time of GrabImageRGBD(): 12.9799ms
Frame 64 end
Average processing time of GrabImageRGBD(): 12.8294ms
Frame 65 end
Average processing time of GrabImageRGBD(): 12.7775ms
Frame 66 end
Average processing time of GrabImageRGBD(): 12.7153ms
Frame 67 end
Average processing time of GrabImageRGBD(): 12.5721ms
Frame 68 end
Average processing time of GrabImageRGBD(): 12.4383ms
Frame 69 end
Average processing time of GrabImageRGBD(): 12.3891ms
Frame 70 end
Average processing time of GrabImageRGBD(): 12.5957ms
Frame 71 end
Average processing time of GrabImageRGBD(): 12.4813ms
Frame 72 end
Average processing time of GrabImageRGBD(): 12.4494ms
Frame 73 end
Average processing time of GrabImageRGBD(): 12.3947ms
Frame 74 end
Average processing time of GrabImageRGBD(): 12.3611ms
Frame 75 end
Average processing time of GrabImageRGBD(): 12.2495ms
Frame 76 end
Average processing time of GrabImageRGBD(): 12.131ms
Frame 77 end
Average processing time of GrabImageRGBD(): 12.0205ms
Frame 78 end
Average processing time of GrabImageRGBD(): 11.9116ms
Frame 79 end
Average processing time of GrabImageRGBD(): 11.8302ms
Frame 80 end
Average processing time of GrabImageRGBD(): 11.8024ms
Frame 81 end
Average processing time of GrabImageRGBD(): 11.7704ms
Frame 82 end
Average processing time of GrabImageRGBD(): 11.6662ms
Frame 83 end
Average processing time of GrabImageRGBD(): 11.6307ms
Frame 84 end
Average processing time of GrabImageRGBD(): 11.5333ms
Frame 85 end
Average processing time of GrabImageRGBD(): 11.7159ms
Frame 86 end
Average processing time of GrabImageRGBD(): 11.6819ms
Frame 87 end
Average processing time of GrabImageRGBD(): 11.5906ms
Frame 88 end
Average processing time of GrabImageRGBD(): 11.5241ms
Frame 89 end
Average processing time of GrabImageRGBD(): 11.5032ms
Frame 90 end
Average processing time of GrabImageRGBD(): 11.4814ms
Frame 91 end
Average processing time of GrabImageRGBD(): 11.3893ms
Frame 92 end
Average processing time of GrabImageRGBD(): 11.3675ms
Frame 93 end
Average processing time of GrabImageRGBD(): 11.3195ms
Frame 94 end
Average processing time of GrabImageRGBD(): 11.2414ms
Frame 95 end
Average processing time of GrabImageRGBD(): 11.2168ms
Frame 96 end
Average processing time of GrabImageRGBD(): 11.1319ms
Frame 97 end
Average processing time of GrabImageRGBD(): 11.0587ms
Frame 98 end
Average processing time of GrabImageRGBD(): 11.0428ms
Frame 99 end
Average processing time of GrabImageRGBD(): 11.0257ms
Frame 100 end
Average processing time of GrabImageRGBD(): 10.9499ms
Frame 101 end
Average processing time of GrabImageRGBD(): 10.9253ms
Frame 102 end
Average processing time of GrabImageRGBD(): 10.9028ms
Frame 103 end
Average processing time of GrabImageRGBD(): 10.8465ms
Frame 104 end
Average processing time of GrabImageRGBD(): 10.7775ms
Frame 105 end
Average processing time of GrabImageRGBD(): 10.9486ms
Frame 106 end
Average processing time of GrabImageRGBD(): 10.9531ms
Frame 107 end
Average processing time of GrabImageRGBD(): 10.8878ms
Frame 108 end
Average processing time of GrabImageRGBD(): 10.884ms
Frame 109 end
Average processing time of GrabImageRGBD(): 10.8184ms
Frame 110 end
Average processing time of GrabImageRGBD(): 10.7492ms
Frame 111 end
Average processing time of GrabImageRGBD(): 10.739ms
Frame 112 end
Average processing time of GrabImageRGBD(): 10.6812ms
Frame 113 end
Average processing time of GrabImageRGBD(): 10.6153ms
Frame 114 end
Average processing time of GrabImageRGBD(): 10.5915ms
Frame 115 end
Average processing time of GrabImageRGBD(): 10.556ms
Frame 116 end
Average processing time of GrabImageRGBD(): 10.5067ms
Frame 117 end
Average processing time of GrabImageRGBD(): 10.4993ms
Frame 118 end
Average processing time of GrabImageRGBD(): 10.4983ms
Frame 119 end
Average processing time of GrabImageRGBD(): 10.4403ms
Frame 120 end
Average processing time of GrabImageRGBD(): 10.384ms
Frame 121 end
Average processing time of GrabImageRGBD(): 10.3333ms
Frame 122 end
Average processing time of GrabImageRGBD(): 10.3351ms
Frame 123 end
Average processing time of GrabImageRGBD(): 10.3194ms
Frame 124 end
Average processing time of GrabImageRGBD(): 10.2588ms
Frame 125 end
Average processing time of GrabImageRGBD(): 10.2604ms
Frame 126 end
Average processing time of GrabImageRGBD(): 10.2627ms
Frame 127 end
Average processing time of GrabImageRGBD(): 10.2065ms
Frame 128 end
Average processing time of GrabImageRGBD(): 10.3402ms
Frame 129 end
Average processing time of GrabImageRGBD(): 10.2949ms
Frame 130 end
Average processing time of GrabImageRGBD(): 10.2411ms
Frame 131 end
Average processing time of GrabImageRGBD(): 10.2119ms
Frame 132 end
Average processing time of GrabImageRGBD(): 10.2089ms
Frame 133 end
Average processing time of GrabImageRGBD(): 10.155ms
Frame 134 end
Average processing time of GrabImageRGBD(): 10.1072ms
Frame 135 end
Average processing time of GrabImageRGBD(): 10.0598ms
Frame 136 end
Average processing time of GrabImageRGBD(): 10.0118ms
Frame 137 end
Average processing time of GrabImageRGBD(): 9.99571ms
Frame 138 end
Average processing time of GrabImageRGBD(): 9.94632ms
Frame 139 end
Average processing time of GrabImageRGBD(): 9.89956ms
Frame 140 end
Average processing time of GrabImageRGBD(): 9.86306ms
Frame 141 end
Average processing time of GrabImageRGBD(): 9.83335ms
Frame 142 end
Average processing time of GrabImageRGBD(): 9.82368ms
Frame 143 end
Average processing time of GrabImageRGBD(): 9.81567ms
Frame 144 end
Average processing time of GrabImageRGBD(): 9.8053ms
Frame 145 end
Average processing time of GrabImageRGBD(): 9.759ms
Frame 146 end
Average processing time of GrabImageRGBD(): 9.72713ms
Frame 147 end
Average processing time of GrabImageRGBD(): 9.71771ms
Frame 148 end
Average processing time of GrabImageRGBD(): 9.6772ms
Frame 149 end
Average processing time of GrabImageRGBD(): 9.66737ms
Frame 150 end
Average processing time of GrabImageRGBD(): 9.62434ms
Frame 151 end
Average processing time of GrabImageRGBD(): 9.7909ms
Frame 152 end
Average processing time of GrabImageRGBD(): 9.79109ms
Frame 153 end
Average processing time of GrabImageRGBD(): 9.75298ms
Frame 154 end
Average processing time of GrabImageRGBD(): 9.71426ms
Frame 155 end
Average processing time of GrabImageRGBD(): 9.69966ms
Frame 156 end
Average processing time of GrabImageRGBD(): 9.66091ms
Frame 157 end
Average processing time of GrabImageRGBD(): 9.66465ms
Frame 158 end
Average processing time of GrabImageRGBD(): 9.66779ms
Frame 159 end
Average processing time of GrabImageRGBD(): 9.62687ms
Frame 160 end
Average processing time of GrabImageRGBD(): 9.5889ms
Frame 161 end
Average processing time of GrabImageRGBD(): 9.74937ms
Frame 162 end
Average processing time of GrabImageRGBD(): 9.78375ms
Frame 163 end
Average processing time of GrabImageRGBD(): 9.80243ms
Frame 164 end
Average processing time of GrabImageRGBD(): 9.97914ms
Frame 165 end
Average processing time of GrabImageRGBD(): 10.0195ms
Frame 166 end
Average processing time of GrabImageRGBD(): 10.0599ms
Frame 167 end
Average processing time of GrabImageRGBD(): 10.2357ms
Frame 168 end
Average processing time of GrabImageRGBD(): 10.2718ms
Frame 169 end
Average processing time of GrabImageRGBD(): 10.3142ms
Frame 170 end
Average processing time of GrabImageRGBD(): 10.3392ms
Frame 171 end
Average processing time of GrabImageRGBD(): 10.3771ms
Frame 172 end
Average processing time of GrabImageRGBD(): 10.4134ms
Frame 173 end
Average processing time of GrabImageRGBD(): 10.4292ms
Frame 174 end
Average processing time of GrabImageRGBD(): 10.4328ms
Frame 175 end
Average processing time of GrabImageRGBD(): 10.4618ms
Frame 176 end
Average processing time of GrabImageRGBD(): 10.494ms
Frame 177 end
Average processing time of GrabImageRGBD(): 10.6559ms
Frame 178 end
Average processing time of GrabImageRGBD(): 10.6871ms
Frame 179 end
Average processing time of GrabImageRGBD(): 10.696ms
Frame 180 end
Average processing time of GrabImageRGBD(): 10.7153ms
Frame 181 end
Average processing time of GrabImageRGBD(): 10.7399ms
Frame 182 end
Average processing time of GrabImageRGBD(): 10.7681ms
Frame 183 end
Average processing time of GrabImageRGBD(): 10.7758ms
Frame 184 end
Average processing time of GrabImageRGBD(): 10.7897ms
Frame 185 end
Average processing time of GrabImageRGBD(): 10.9375ms
Frame 186 end
Average processing time of GrabImageRGBD(): 10.9509ms
Frame 187 end
Average processing time of GrabImageRGBD(): 10.9738ms
Frame 188 end
Average processing time of GrabImageRGBD(): 10.9812ms
Frame 189 end
Average processing time of GrabImageRGBD(): 10.9942ms
Frame 190 end
Average processing time of GrabImageRGBD(): 11.0085ms
Frame 191 end
Average processing time of GrabImageRGBD(): 11.0192ms
Frame 192 end
Average processing time of GrabImageRGBD(): 11.0299ms
Frame 193 end
Average processing time of GrabImageRGBD(): 11.0421ms
Frame 194 end
Average processing time of GrabImageRGBD(): 11.0505ms
Frame 195 end
Average processing time of GrabImageRGBD(): 11.0407ms
Frame 196 end
Average processing time of GrabImageRGBD(): 11.1712ms
Frame 197 end
Average processing time of GrabImageRGBD(): 11.1877ms
Frame 198 end
Average processing time of GrabImageRGBD(): 11.1982ms
Frame 199 end
Average processing time of GrabImageRGBD(): 11.2112ms
Frame 200 end
Average processing time of GrabImageRGBD(): 11.2195ms
Frame 201 end
Average processing time of GrabImageRGBD(): 11.2317ms
Frame 202 end
Average processing time of GrabImageRGBD(): 11.2361ms
Frame 203 end
Average processing time of GrabImageRGBD(): 11.2456ms
Frame 204 end
Average processing time of GrabImageRGBD(): 11.2473ms
Frame 205 end
Average processing time of GrabImageRGBD(): 11.2582ms
Frame 206 end
Average processing time of GrabImageRGBD(): 11.2661ms
Frame 207 end
Average processing time of GrabImageRGBD(): 11.2649ms
Frame 208 end
Average processing time of GrabImageRGBD(): 11.2758ms
Frame 209 end
Average processing time of GrabImageRGBD(): 11.3925ms
Frame 210 end
Average processing time of GrabImageRGBD(): 11.4139ms
Frame 211 end
Average processing time of GrabImageRGBD(): 11.4344ms
Frame 212 end
Average processing time of GrabImageRGBD(): 11.447ms
Frame 213 end
Average processing time of GrabImageRGBD(): 11.4683ms
Frame 214 end
Average processing time of GrabImageRGBD(): 11.5864ms
Frame 215 end
Average processing time of GrabImageRGBD(): 11.6053ms
Frame 216 end
Average processing time of GrabImageRGBD(): 11.6199ms
Frame 217 end
Average processing time of GrabImageRGBD(): 11.6336ms
Frame 218 end
Average processing time of GrabImageRGBD(): 11.644ms
Frame 219 end
Average processing time of GrabImageRGBD(): 11.7462ms
Frame 220 end
Average processing time of GrabImageRGBD(): 11.7587ms
Frame 221 end
Average processing time of GrabImageRGBD(): 11.7591ms
Frame 222 end
Average processing time of GrabImageRGBD(): 11.778ms
Frame 223 end
Average processing time of GrabImageRGBD(): 11.7795ms
Frame 224 end
Average processing time of GrabImageRGBD(): 11.7937ms
Frame 225 end
Average processing time of GrabImageRGBD(): 11.8037ms
Frame 226 end
Average processing time of GrabImageRGBD(): 11.8138ms
Frame 227 end
Average processing time of GrabImageRGBD(): 11.9191ms
Frame 228 end
Average processing time of GrabImageRGBD(): 11.9358ms
Frame 229 end
Average processing time of GrabImageRGBD(): 11.9449ms
Frame 230 end
Average processing time of GrabImageRGBD(): 11.9282ms
Frame 231 end
Average processing time of GrabImageRGBD(): 11.9176ms
Frame 232 end
Average processing time of GrabImageRGBD(): 11.9194ms
Frame 233 end
Average processing time of GrabImageRGBD(): 11.9254ms
Frame 234 end
Average processing time of GrabImageRGBD(): 11.9255ms
Frame 235 end
Average processing time of GrabImageRGBD(): 11.9253ms
Frame 236 end
Average processing time of GrabImageRGBD(): 11.9325ms
Frame 237 end
Average processing time of GrabImageRGBD(): 11.9397ms
Frame 238 end
Average processing time of GrabImageRGBD(): 12.0383ms
Frame 239 end
Average processing time of GrabImageRGBD(): 12.0509ms
Frame 240 end
Average processing time of GrabImageRGBD(): 12.0518ms
Frame 241 end
Average processing time of GrabImageRGBD(): 12.0557ms
Frame 242 end
Average processing time of GrabImageRGBD(): 12.0607ms
Frame 243 end
Average processing time of GrabImageRGBD(): 12.0549ms
Frame 244 end
Average processing time of GrabImageRGBD(): 12.0525ms
Frame 245 end
Average processing time of GrabImageRGBD(): 12.0574ms
Frame 246 end
Average processing time of GrabImageRGBD(): 12.1582ms
Frame 247 end
Average processing time of GrabImageRGBD(): 12.164ms
Frame 248 end
Average processing time of GrabImageRGBD(): 12.1757ms
Frame 249 end
Average processing time of GrabImageRGBD(): 12.1847ms
Frame 250 end
Average processing time of GrabImageRGBD(): 12.1924ms
Frame 251 end
Average processing time of GrabImageRGBD(): 12.1816ms
Frame 252 end
Average processing time of GrabImageRGBD(): 12.1837ms
Frame 253 end
Average processing time of GrabImageRGBD(): 12.1919ms
Frame 254 end
Average processing time of GrabImageRGBD(): 12.1911ms
Frame 255 end
Average processing time of GrabImageRGBD(): 12.2108ms
Frame 256 end
Average processing time of GrabImageRGBD(): 12.2289ms
Frame 257 end
Average processing time of GrabImageRGBD(): 12.2122ms
Frame 258 end
Average processing time of GrabImageRGBD(): 12.1967ms
Frame 259 end
Average processing time of GrabImageRGBD(): 12.162ms
Frame 260 end
Average processing time of GrabImageRGBD(): 12.2287ms
Frame 261 end
Average processing time of GrabImageRGBD(): 12.2098ms
Frame 262 end
Average processing time of GrabImageRGBD(): 12.1747ms
Frame 263 end
Average processing time of GrabImageRGBD(): 12.1559ms
Frame 264 end
Average processing time of GrabImageRGBD(): 12.1563ms
Frame 265 end
Average processing time of GrabImageRGBD(): 12.146ms
Frame 266 end
Average processing time of GrabImageRGBD(): 12.1443ms
Frame 267 end
Average processing time of GrabImageRGBD(): 12.1428ms
Frame 268 end
Average processing time of GrabImageRGBD(): 12.1372ms
Frame 269 end
Average processing time of GrabImageRGBD(): 12.137ms
Frame 270 end
Average processing time of GrabImageRGBD(): 12.1224ms
Frame 271 end
Average processing time of GrabImageRGBD(): 12.1191ms
Frame 272 end
Average processing time of GrabImageRGBD(): 12.1166ms
Frame 273 end
Average processing time of GrabImageRGBD(): 12.1031ms
Frame 274 end
Average processing time of GrabImageRGBD(): 12.0777ms
Frame 275 end
Average processing time of GrabImageRGBD(): 12.0621ms
Frame 276 end
Average processing time of GrabImageRGBD(): 12.0385ms
Frame 277 end
Average processing time of GrabImageRGBD(): 12.0109ms
Frame 278 end
Average processing time of GrabImageRGBD(): 11.9898ms
Frame 279 end
Average processing time of GrabImageRGBD(): 11.9575ms
Frame 280 end
Average processing time of GrabImageRGBD(): 11.9252ms
Frame 281 end
Average processing time of GrabImageRGBD(): 11.9044ms
Frame 282 end
Average processing time of GrabImageRGBD(): 11.965ms
Frame 283 end
Average processing time of GrabImageRGBD(): 11.9622ms
Frame 284 end
Average processing time of GrabImageRGBD(): 11.9319ms
Frame 285 end
Average processing time of GrabImageRGBD(): 11.9241ms
Frame 286 end
Average processing time of GrabImageRGBD(): 11.8959ms
Frame 287 end
Average processing time of GrabImageRGBD(): 11.8777ms
Frame 288 end
Average processing time of GrabImageRGBD(): 11.868ms
Frame 289 end
Average processing time of GrabImageRGBD(): 11.8595ms
Frame 290 end
Average processing time of GrabImageRGBD(): 11.8474ms
Frame 291 end
Average processing time of GrabImageRGBD(): 11.8203ms
Frame 292 end
Average processing time of GrabImageRGBD(): 11.812ms
Frame 293 end
Average processing time of GrabImageRGBD(): 11.7833ms
Frame 294 end
Average processing time of GrabImageRGBD(): 11.8388ms
Frame 295 end
Average processing time of GrabImageRGBD(): 11.8302ms
Frame 296 end
Average processing time of GrabImageRGBD(): 11.8004ms
Frame 297 end
Average processing time of GrabImageRGBD(): 11.773ms
Frame 298 end
Average processing time of GrabImageRGBD(): 11.7471ms
Frame 299 end
Average processing time of GrabImageRGBD(): 11.8085ms
Frame 300 end
Average processing time of GrabImageRGBD(): 11.7865ms
Frame 301 end
Average processing time of GrabImageRGBD(): 11.7608ms
Frame 302 end
Average processing time of GrabImageRGBD(): 11.7524ms
Frame 303 end
Average processing time of GrabImageRGBD(): 11.7439ms
Frame 304 end
Average processing time of GrabImageRGBD(): 11.7299ms
Frame 305 end
Average processing time of GrabImageRGBD(): 11.7917ms
Frame 306 end
Average processing time of GrabImageRGBD(): 11.7783ms
Frame 307 end
Average processing time of GrabImageRGBD(): 11.7509ms
Frame 308 end
Average processing time of GrabImageRGBD(): 11.7326ms
Frame 309 end
Average processing time of GrabImageRGBD(): 11.7118ms
Frame 310 end
Average processing time of GrabImageRGBD(): 11.6875ms
Frame 311 end
Average processing time of GrabImageRGBD(): 11.6628ms
Frame 312 end
Average processing time of GrabImageRGBD(): 11.6357ms
Frame 313 end
Average processing time of GrabImageRGBD(): 11.6897ms
Frame 314 end
Average processing time of GrabImageRGBD(): 11.6673ms
Frame 315 end
Average processing time of GrabImageRGBD(): 11.6434ms
Frame 316 end
Average processing time of GrabImageRGBD(): 11.6389ms
Frame 317 end
Average processing time of GrabImageRGBD(): 11.6201ms
Frame 318 end
Average processing time of GrabImageRGBD(): 11.5926ms
Frame 319 end
Average processing time of GrabImageRGBD(): 11.5714ms
Frame 320 end
Average processing time of GrabImageRGBD(): 11.5505ms
Frame 321 end
Average processing time of GrabImageRGBD(): 11.5337ms
Frame 322 end
Average processing time of GrabImageRGBD(): 11.5246ms
Frame 323 end
Average processing time of GrabImageRGBD(): 11.5041ms
Frame 324 end
Average processing time of GrabImageRGBD(): 11.4965ms
Frame 325 end
Average processing time of GrabImageRGBD(): 11.5513ms
Frame 326 end
Average processing time of GrabImageRGBD(): 11.5461ms
Frame 327 end
Average processing time of GrabImageRGBD(): 11.5227ms
Frame 328 end
Average processing time of GrabImageRGBD(): 11.5093ms
Frame 329 end
Average processing time of GrabImageRGBD(): 11.491ms
Frame 330 end
Average processing time of GrabImageRGBD(): 11.4773ms
Frame 331 end
Average processing time of GrabImageRGBD(): 11.5376ms
Frame 332 end
Average processing time of GrabImageRGBD(): 11.5361ms
Frame 333 end
Average processing time of GrabImageRGBD(): 11.5373ms
Frame 334 end
Average processing time of GrabImageRGBD(): 11.533ms
Frame 335 end
Average processing time of GrabImageRGBD(): 11.5086ms
Frame 336 end
Average processing time of GrabImageRGBD(): 11.4906ms
Frame 337 end
Average processing time of GrabImageRGBD(): 11.5411ms
Frame 338 end
Average processing time of GrabImageRGBD(): 11.5349ms
Frame 339 end
Average processing time of GrabImageRGBD(): 11.51ms
Frame 340 end
Average processing time of GrabImageRGBD(): 11.4955ms
Frame 341 end
Average processing time of GrabImageRGBD(): 11.4851ms
Frame 342 end
Average processing time of GrabImageRGBD(): 11.4749ms
Frame 343 end
Average processing time of GrabImageRGBD(): 11.5309ms
Frame 344 end
Average processing time of GrabImageRGBD(): 11.5228ms
Frame 345 end
Average processing time of GrabImageRGBD(): 11.4994ms
Frame 346 end
Average processing time of GrabImageRGBD(): 11.4787ms
Frame 347 end
Average processing time of GrabImageRGBD(): 11.4716ms
Frame 348 end
Average processing time of GrabImageRGBD(): 11.4603ms
Frame 349 end
Average processing time of GrabImageRGBD(): 11.5182ms
Frame 350 end
Average processing time of GrabImageRGBD(): 11.5154ms
Frame 351 end
Average processing time of GrabImageRGBD(): 11.4923ms
Frame 352 end
Average processing time of GrabImageRGBD(): 11.4707ms
Frame 353 end
Average processing time of GrabImageRGBD(): 11.4629ms
Frame 354 end
Average processing time of GrabImageRGBD(): 11.4544ms
Frame 355 end
Average processing time of GrabImageRGBD(): 11.4449ms
Frame 356 end
Average processing time of GrabImageRGBD(): 11.5011ms
Frame 357 end
Average processing time of GrabImageRGBD(): 11.4863ms
Frame 358 end
Average processing time of GrabImageRGBD(): 11.4629ms
Frame 359 end
Average processing time of GrabImageRGBD(): 11.4585ms
Frame 360 end
Average processing time of GrabImageRGBD(): 11.4577ms
Frame 361 end
Average processing time of GrabImageRGBD(): 11.4374ms
Frame 362 end
Average processing time of GrabImageRGBD(): 11.4147ms
Frame 363 end
Average processing time of GrabImageRGBD(): 11.3932ms
Frame 364 end
Average processing time of GrabImageRGBD(): 11.3717ms
Frame 365 end
Average processing time of GrabImageRGBD(): 11.3515ms
Frame 366 end
Average processing time of GrabImageRGBD(): 11.3442ms
Frame 367 end
Average processing time of GrabImageRGBD(): 11.3286ms
Frame 368 end
Average processing time of GrabImageRGBD(): 11.3219ms
Frame 369 end
Average processing time of GrabImageRGBD(): 11.3791ms
Frame 370 end
Average processing time of GrabImageRGBD(): 11.3775ms
Frame 371 end
Average processing time of GrabImageRGBD(): 11.3555ms
Frame 372 end
Average processing time of GrabImageRGBD(): 11.3514ms
Frame 373 end
Average processing time of GrabImageRGBD(): 11.3299ms
Frame 374 end
Average processing time of GrabImageRGBD(): 11.3271ms
Frame 375 end
Average processing time of GrabImageRGBD(): 11.3833ms
Frame 376 end
Average processing time of GrabImageRGBD(): 11.3756ms
Frame 377 end
Average processing time of GrabImageRGBD(): 11.3712ms
Frame 378 end
Average processing time of GrabImageRGBD(): 11.3513ms
Frame 379 end
Average processing time of GrabImageRGBD(): 11.341ms
Frame 380 end
Average processing time of GrabImageRGBD(): 11.3348ms
Frame 381 end
Average processing time of GrabImageRGBD(): 11.3241ms
Frame 382 end
Average processing time of GrabImageRGBD(): 11.3702ms
Frame 383 end
Average processing time of GrabImageRGBD(): 11.3591ms
Frame 384 end
Average processing time of GrabImageRGBD(): 11.3383ms
Frame 385 end
Average processing time of GrabImageRGBD(): 11.3332ms
Frame 386 end
Average processing time of GrabImageRGBD(): 11.3132ms
Frame 387 end
Average processing time of GrabImageRGBD(): 11.3104ms
Frame 388 end
Average processing time of GrabImageRGBD(): 11.3544ms
Frame 389 end
Average processing time of GrabImageRGBD(): 11.3639ms
Frame 390 end
Average processing time of GrabImageRGBD(): 11.3559ms
Frame 391 end
Average processing time of GrabImageRGBD(): 11.3454ms
Frame 392 end
Average processing time of GrabImageRGBD(): 11.3344ms
Frame 393 end
Average processing time of GrabImageRGBD(): 11.3198ms
Frame 394 end
Average processing time of GrabImageRGBD(): 11.3053ms
Frame 395 end
Average processing time of GrabImageRGBD(): 11.355ms
Frame 396 end
Average processing time of GrabImageRGBD(): 11.3544ms
Frame 397 end
Average processing time of GrabImageRGBD(): 11.3342ms
Frame 398 end
Average processing time of GrabImageRGBD(): 11.3244ms
Frame 399 end
Average processing time of GrabImageRGBD(): 11.316ms
Frame 400 end
Average processing time of GrabImageRGBD(): 11.3026ms
Frame 401 end
Average processing time of GrabImageRGBD(): 11.282ms
Frame 402 end
Average processing time of GrabImageRGBD(): 11.3238ms
Frame 403 end
Average processing time of GrabImageRGBD(): 11.3214ms
Frame 404 end
Average processing time of GrabImageRGBD(): 11.3012ms
Frame 405 end
Average processing time of GrabImageRGBD(): 11.3777ms
Frame 406 end
Average processing time of GrabImageRGBD(): 11.3789ms
Frame 407 end
Average processing time of GrabImageRGBD(): 11.366ms
Frame 408 end
Average processing time of GrabImageRGBD(): 11.3551ms
Frame 409 end
Average processing time of GrabImageRGBD(): 11.3407ms
Frame 410 end
Average processing time of GrabImageRGBD(): 11.3263ms
Frame 411 end
Average processing time of GrabImageRGBD(): 11.3083ms
Frame 412 end
Average processing time of GrabImageRGBD(): 11.2939ms
Frame 413 end
Average processing time of GrabImageRGBD(): 11.337ms
Frame 414 end
Average processing time of GrabImageRGBD(): 11.326ms
Frame 415 end
Average processing time of GrabImageRGBD(): 11.3156ms
Frame 416 end
Average processing time of GrabImageRGBD(): 11.2974ms
Frame 417 end
Average processing time of GrabImageRGBD(): 11.2877ms
Frame 418 end
Average processing time of GrabImageRGBD(): 11.2693ms
Frame 419 end
Average processing time of GrabImageRGBD(): 11.2575ms
Frame 420 end
Average processing time of GrabImageRGBD(): 11.2464ms
Frame 421 end
Average processing time of GrabImageRGBD(): 11.2918ms
Frame 422 end
Average processing time of GrabImageRGBD(): 11.2764ms
Frame 423 end
Average processing time of GrabImageRGBD(): 11.2573ms
Frame 424 end
Average processing time of GrabImageRGBD(): 11.2518ms
Frame 425 end
Average processing time of GrabImageRGBD(): 11.2342ms
Frame 426 end
Average processing time of GrabImageRGBD(): 11.2264ms
Frame 427 end
Average processing time of GrabImageRGBD(): 11.2088ms
Frame 428 end
Average processing time of GrabImageRGBD(): 11.1898ms
Frame 429 end
Average processing time of GrabImageRGBD(): 11.2302ms
Frame 430 end
Average processing time of GrabImageRGBD(): 11.2159ms
Frame 431 end
Average processing time of GrabImageRGBD(): 11.1984ms
Frame 432 end
Average processing time of GrabImageRGBD(): 11.1868ms
Frame 433 end
Average processing time of GrabImageRGBD(): 11.1754ms
Frame 434 end
Average processing time of GrabImageRGBD(): 11.162ms
Frame 435 end
Average processing time of GrabImageRGBD(): 11.1553ms
Frame 436 end
Average processing time of GrabImageRGBD(): 11.1994ms
Frame 437 end
Average processing time of GrabImageRGBD(): 11.1927ms
Frame 438 end
Average processing time of GrabImageRGBD(): 11.1742ms
Frame 439 end
Average processing time of GrabImageRGBD(): 11.1628ms
Frame 440 end
Average processing time of GrabImageRGBD(): 11.1482ms
Frame 441 end
Average processing time of GrabImageRGBD(): 11.133ms
Frame 442 end
Average processing time of GrabImageRGBD(): 11.1242ms
Frame 443 end
Average processing time of GrabImageRGBD(): 11.1905ms
Frame 444 end
Average processing time of GrabImageRGBD(): 11.1877ms
Frame 445 end
Average processing time of GrabImageRGBD(): 11.1709ms
Frame 446 end
Average processing time of GrabImageRGBD(): 11.1541ms
Frame 447 end
Average processing time of GrabImageRGBD(): 11.1486ms
Frame 448 end
Average processing time of GrabImageRGBD(): 11.1346ms
Frame 449 end
Average processing time of GrabImageRGBD(): 11.129ms
Frame 450 end
Average processing time of GrabImageRGBD(): 11.1979ms
Frame 451 end
Average processing time of GrabImageRGBD(): 11.1966ms
Frame 452 end
Average processing time of GrabImageRGBD(): 11.1782ms
Frame 453 end
Average processing time of GrabImageRGBD(): 11.1747ms
Frame 454 end
Average processing time of GrabImageRGBD(): 11.1579ms
Frame 455 end
Average processing time of GrabImageRGBD(): 11.1408ms
Frame 456 end
Average processing time of GrabImageRGBD(): 11.1359ms
Frame 457 end
Average processing time of GrabImageRGBD(): 11.1283ms
Frame 458 end
Average processing time of GrabImageRGBD(): 11.1748ms
Frame 459 end
Average processing time of GrabImageRGBD(): 11.1639ms
Frame 460 end
Average processing time of GrabImageRGBD(): 11.1474ms
Frame 461 end
Average processing time of GrabImageRGBD(): 11.144ms
Frame 462 end
Average processing time of GrabImageRGBD(): 11.1269ms
Frame 463 end
Average processing time of GrabImageRGBD(): 11.1233ms
Frame 464 end
Average processing time of GrabImageRGBD(): 11.1073ms
Frame 465 end
Average processing time of GrabImageRGBD(): 11.1038ms
Frame 466 end
Average processing time of GrabImageRGBD(): 11.1007ms
Frame 467 end
Average processing time of GrabImageRGBD(): 11.0861ms
Frame 468 end
Average processing time of GrabImageRGBD(): 11.0798ms
Frame 469 end
Average processing time of GrabImageRGBD(): 11.0767ms
Frame 470 end
Average processing time of GrabImageRGBD(): 11.0677ms
Frame 471 end
Average processing time of GrabImageRGBD(): 11.0628ms
Frame 472 end
Average processing time of GrabImageRGBD(): 11.059ms
Frame 473 end
Average processing time of GrabImageRGBD(): 11.0455ms
Frame 474 end
Average processing time of GrabImageRGBD(): 11.0287ms
Frame 475 end
Average processing time of GrabImageRGBD(): 11.0248ms
Frame 476 end
Average processing time of GrabImageRGBD(): 11.0071ms
Frame 477 end
Average processing time of GrabImageRGBD(): 11.0032ms
Frame 478 end
Average processing time of GrabImageRGBD(): 10.9925ms
Frame 479 end
Average processing time of GrabImageRGBD(): 11.0356ms
Frame 480 end
Average processing time of GrabImageRGBD(): 11.0236ms
Frame 481 end
Average processing time of GrabImageRGBD(): 11.0081ms
Frame 482 end
Average processing time of GrabImageRGBD(): 10.9967ms
Frame 483 end
Average processing time of GrabImageRGBD(): 10.985ms
Frame 484 end
Average processing time of GrabImageRGBD(): 10.9709ms
Frame 485 end
Average processing time of GrabImageRGBD(): 10.9647ms
Frame 486 end
Average processing time of GrabImageRGBD(): 10.9495ms
Frame 487 end
Average processing time of GrabImageRGBD(): 10.9451ms
Frame 488 end
Average processing time of GrabImageRGBD(): 10.936ms
Frame 489 end
Average processing time of GrabImageRGBD(): 10.93ms
Frame 490 end
Average processing time of GrabImageRGBD(): 10.9255ms
Frame 491 end
Average processing time of GrabImageRGBD(): 10.9198ms
Frame 492 end
Average processing time of GrabImageRGBD(): 10.9153ms
Frame 493 end
Shutdown
-------

median tracking time: 0.00936114
mean tracking time: 0.0117183

Saving camera trajectory to CameraTrajectory.txt ...

Saving keyframe trajectory to KeyFrameTrajectory.txt ...
