
ORB-SLAM3 Copyright (C) 2017-2020 Carlos Campos, Richard Elvira, Juan J. Gómez, José M.M. Montiel and Juan D. Tardós, University of Zaragoza.
ORB-SLAM2 Copyright (C) 2014-2016 Raúl Mur-Artal, José M.M. Montiel and Juan D. Tardós, University of Zaragoza.
This program comes with ABSOLUTELY NO WARRANTY;
This is free software, and you are welcome to redistribute it
under certain conditions. See LICENSE.txt.

Input sensor was set to: RGB-D
Loading settings from /home/bingxin/Downloads/NGD-SLAM/Examples/RGB-D/Bonn.yaml
Camera1.k3 optional parameter does not exist...
	-Loaded camera 1
Camera.newHeight optional parameter does not exist...
Camera.newWidth optional parameter does not exist...
	-Loaded image info
	-Loaded RGB-D calibration
	-Loaded ORB settings
Viewer.imageViewScale optional parameter does not exist...
	-Loaded viewer settings
System.LoadAtlasFromFile optional parameter does not exist...
System.SaveAtlasToFile optional parameter does not exist...
	-Loaded Atlas settings
System.thFarPoints optional parameter does not exist...
	-Loaded misc parameters
----------------------------------
SLAM settings: 
	-Camera 1 parameters (Pinhole): [ 542.823 542.577 315.594 237.756 ]
	-Camera 1 distortion parameters: [  0.039903 -0.099343 -0.00073 -0.000144 ]
	-Original image size: [ 640 , 480 ]
	-Current image size: [ 640 , 480 ]
	-Sequence FPS: 30
	-RGB-D depth map factor: 5000
	-Features per image: 1000
	-ORB scale factor: 1.2
	-ORB number of scales: 8
	-Initial FAST threshold: 20
	-Min FAST threshold: 7


Loading ORB Vocabulary. This could take a while...
Vocabulary loaded!

Initialization of Atlas from scratch 
Creation of new map with id: 0
Creation of new map with last KF id: 0
Seq. Name: 
There are 1 cameras in the atlas
Camera 0 is pinhole
Net use yolo-fastest

-------
Start processing sequence ...
Images in the sequence: 494

First KF:0; Map init KF:0
New Map created with 974 points
Average processing time of GrabImageRGBD(): 45.0949ms
Frame 0 end
Average processing time of GrabImageRGBD(): 36.4905ms
Frame 1 end
Average processing time of GrabImageRGBD(): 32.5007ms
Frame 2 end
Average processing time of GrabImageRGBD(): 32.17ms
Frame 3 end
Average processing time of GrabImageRGBD(): 28.043ms
Frame 4 end
Average processing time of GrabImageRGBD(): 24.949ms
Frame 5 end
Starting the Viewer
Average processing time of GrabImageRGBD(): 21.875ms
Frame 6 end
Average processing time of GrabImageRGBD(): 20.2827ms
Frame 7 end
Average processing time of GrabImageRGBD(): 19.0157ms
Frame 8 end
Average processing time of GrabImageRGBD(): 20.0001ms
Frame 9 end
Average processing time of GrabImageRGBD(): 18.5741ms
Frame 10 end
Average processing time of GrabImageRGBD(): 19.2571ms
Frame 11 end
Average processing time of GrabImageRGBD(): 18.322ms
Frame 12 end
Average processing time of GrabImageRGBD(): 18.9307ms
Frame 13 end
Average processing time of GrabImageRGBD(): 18.0489ms
Frame 14 end
Average processing time of GrabImageRGBD(): 17.3013ms
Frame 15 end
Average processing time of GrabImageRGBD(): 16.8455ms
Frame 16 end
Average processing time of GrabImageRGBD(): 16.4296ms
Frame 17 end
Average processing time of GrabImageRGBD(): 15.7025ms
Frame 18 end
Average processing time of GrabImageRGBD(): 15.3604ms
Frame 19 end
Average processing time of GrabImageRGBD(): 14.7551ms
Frame 20 end
Average processing time of GrabImageRGBD(): 14.3552ms
Frame 21 end
Average processing time of GrabImageRGBD(): 13.8877ms
Frame 22 end
Average processing time of GrabImageRGBD(): 14.6298ms
Frame 23 end
Average processing time of GrabImageRGBD(): 14.4314ms
Frame 24 end
Average processing time of GrabImageRGBD(): 14.0212ms
Frame 25 end
Average processing time of GrabImageRGBD(): 13.7338ms
Frame 26 end
Average processing time of GrabImageRGBD(): 14.1643ms
Frame 27 end
Average processing time of GrabImageRGBD(): 13.872ms
Frame 28 end
Average processing time of GrabImageRGBD(): 13.5168ms
Frame 29 end
Average processing time of GrabImageRGBD(): 13.309ms
Frame 30 end
Average processing time of GrabImageRGBD(): 13.1879ms
Frame 31 end
Average processing time of GrabImageRGBD(): 12.8774ms
Frame 32 end
Average processing time of GrabImageRGBD(): 12.7622ms
Frame 33 end
Average processing time of GrabImageRGBD(): 12.6544ms
Frame 34 end
Average processing time of GrabImageRGBD(): 12.4075ms
Frame 35 end
Average processing time of GrabImageRGBD(): 12.316ms
Frame 36 end
Average processing time of GrabImageRGBD(): 12.8523ms
Frame 37 end
Average processing time of GrabImageRGBD(): 12.6311ms
Frame 38 end
Average processing time of GrabImageRGBD(): 12.3799ms
Frame 39 end
Average processing time of GrabImageRGBD(): 12.7266ms
Frame 40 end
Average processing time of GrabImageRGBD(): 12.5238ms
Frame 41 end
Average processing time of GrabImageRGBD(): 12.3093ms
Frame 42 end
Average processing time of GrabImageRGBD(): 12.2316ms
Frame 43 end
Average processing time of GrabImageRGBD(): 12.1446ms
Frame 44 end
Average processing time of GrabImageRGBD(): 11.9526ms
Frame 45 end
Average processing time of GrabImageRGBD(): 12.4316ms
Frame 46 end
Average processing time of GrabImageRGBD(): 12.2613ms
Frame 47 end
Average processing time of GrabImageRGBD(): 12.0715ms
Frame 48 end
Average processing time of GrabImageRGBD(): 12.4075ms
Frame 49 end
Average processing time of GrabImageRGBD(): 12.2533ms
Frame 50 end
Average processing time of GrabImageRGBD(): 12.0731ms
Frame 51 end
Average processing time of GrabImageRGBD(): 11.9128ms
Frame 52 end
Average processing time of GrabImageRGBD(): 11.785ms
Frame 53 end
Average processing time of GrabImageRGBD(): 11.7302ms
Frame 54 end
Average processing time of GrabImageRGBD(): 11.672ms
Frame 55 end
Average processing time of GrabImageRGBD(): 11.5251ms
Frame 56 end
Average processing time of GrabImageRGBD(): 11.4791ms
Frame 57 end
Average processing time of GrabImageRGBD(): 11.3374ms
Frame 58 end
Average processing time of GrabImageRGBD(): 11.2917ms
Frame 59 end
Average processing time of GrabImageRGBD(): 11.2446ms
Frame 60 end
Average processing time of GrabImageRGBD(): 11.5248ms
Frame 61 end
Average processing time of GrabImageRGBD(): 11.5138ms
Frame 62 end
Average processing time of GrabImageRGBD(): 11.3852ms
Frame 63 end
Average processing time of GrabImageRGBD(): 11.3551ms
Frame 64 end
Average processing time of GrabImageRGBD(): 11.3193ms
Frame 65 end
Average processing time of GrabImageRGBD(): 11.1954ms
Frame 66 end
Average processing time of GrabImageRGBD(): 11.0842ms
Frame 67 end
Average processing time of GrabImageRGBD(): 10.9707ms
Frame 68 end
Average processing time of GrabImageRGBD(): 10.942ms
Frame 69 end
Average processing time of GrabImageRGBD(): 10.9144ms
Frame 70 end
Average processing time of GrabImageRGBD(): 11.1407ms
Frame 71 end
Average processing time of GrabImageRGBD(): 11.0427ms
Frame 72 end
Average processing time of GrabImageRGBD(): 10.9405ms
Frame 73 end
Average processing time of GrabImageRGBD(): 10.8857ms
Frame 74 end
Average processing time of GrabImageRGBD(): 10.8604ms
Frame 75 end
Average processing time of GrabImageRGBD(): 10.7596ms
Frame 76 end
Average processing time of GrabImageRGBD(): 10.7326ms
Frame 77 end
Average processing time of GrabImageRGBD(): 10.7086ms
Frame 78 end
Average processing time of GrabImageRGBD(): 10.6734ms
Frame 79 end
Average processing time of GrabImageRGBD(): 10.6102ms
Frame 80 end
Average processing time of GrabImageRGBD(): 10.5887ms
Frame 81 end
Average processing time of GrabImageRGBD(): 10.5757ms
Frame 82 end
Average processing time of GrabImageRGBD(): 10.5552ms
Frame 83 end
Average processing time of GrabImageRGBD(): 10.4983ms
Frame 84 end
Average processing time of GrabImageRGBD(): 10.7238ms
Frame 85 end
Average processing time of GrabImageRGBD(): 10.649ms
Frame 86 end
Average processing time of GrabImageRGBD(): 10.6295ms
Frame 87 end
Average processing time of GrabImageRGBD(): 10.5458ms
Frame 88 end
Average processing time of GrabImageRGBD(): 10.496ms
Frame 89 end
Average processing time of GrabImageRGBD(): 10.4785ms
Frame 90 end
Average processing time of GrabImageRGBD(): 10.4173ms
Frame 91 end
Average processing time of GrabImageRGBD(): 10.4005ms
Frame 92 end
Average processing time of GrabImageRGBD(): 10.3455ms
Frame 93 end
Average processing time of GrabImageRGBD(): 10.3304ms
Frame 94 end
Average processing time of GrabImageRGBD(): 10.2521ms
Frame 95 end
Average processing time of GrabImageRGBD(): 10.2365ms
Frame 96 end
Average processing time of GrabImageRGBD(): 10.1833ms
Frame 97 end
Average processing time of GrabImageRGBD(): 10.1134ms
Frame 98 end
Average processing time of GrabImageRGBD(): 10.0733ms
Frame 99 end
Average processing time of GrabImageRGBD(): 10.2449ms
Frame 100 end
Average processing time of GrabImageRGBD(): 10.2532ms
Frame 101 end
Average processing time of GrabImageRGBD(): 10.226ms
Frame 102 end
Average processing time of GrabImageRGBD(): 10.1605ms
Frame 103 end
Average processing time of GrabImageRGBD(): 10.1309ms
Frame 104 end
Average processing time of GrabImageRGBD(): 10.125ms
Frame 105 end
Average processing time of GrabImageRGBD(): 10.1231ms
Frame 106 end
Average processing time of GrabImageRGBD(): 10.0613ms
Frame 107 end
Average processing time of GrabImageRGBD(): 10.0616ms
Frame 108 end
Average processing time of GrabImageRGBD(): 10.0586ms
Frame 109 end
Average processing time of GrabImageRGBD(): 9.99422ms
Frame 110 end
Average processing time of GrabImageRGBD(): 9.98577ms
Frame 111 end
Average processing time of GrabImageRGBD(): 9.97929ms
Frame 112 end
Average processing time of GrabImageRGBD(): 9.97703ms
Frame 113 end
Average processing time of GrabImageRGBD(): 9.91841ms
Frame 114 end
Average processing time of GrabImageRGBD(): 9.86286ms
Frame 115 end
Average processing time of GrabImageRGBD(): 9.85799ms
Frame 116 end
Average processing time of GrabImageRGBD(): 9.8529ms
Frame 117 end
Average processing time of GrabImageRGBD(): 9.79583ms
Frame 118 end
Average processing time of GrabImageRGBD(): 9.77755ms
Frame 119 end
Average processing time of GrabImageRGBD(): 9.73634ms
Frame 120 end
Average processing time of GrabImageRGBD(): 9.72642ms
Frame 121 end
Average processing time of GrabImageRGBD(): 9.67456ms
Frame 122 end
Average processing time of GrabImageRGBD(): 9.85177ms
Frame 123 end
Average processing time of GrabImageRGBD(): 9.80859ms
Frame 124 end
Average processing time of GrabImageRGBD(): 9.75668ms
Frame 125 end
Average processing time of GrabImageRGBD(): 9.72253ms
Frame 126 end
Average processing time of GrabImageRGBD(): 9.72554ms
Frame 127 end
Average processing time of GrabImageRGBD(): 9.72987ms
Frame 128 end
Average processing time of GrabImageRGBD(): 9.68121ms
Frame 129 end
Average processing time of GrabImageRGBD(): 9.84827ms
Frame 130 end
Average processing time of GrabImageRGBD(): 9.85552ms
Frame 131 end
Average processing time of GrabImageRGBD(): 9.86303ms
Frame 132 end
Average processing time of GrabImageRGBD(): 9.81577ms
Frame 133 end
Average processing time of GrabImageRGBD(): 9.76994ms
Frame 134 end
Average processing time of GrabImageRGBD(): 9.72564ms
Frame 135 end
Average processing time of GrabImageRGBD(): 9.70598ms
Frame 136 end
Average processing time of GrabImageRGBD(): 9.65959ms
Frame 137 end
Average processing time of GrabImageRGBD(): 9.64736ms
Frame 138 end
Average processing time of GrabImageRGBD(): 9.63624ms
Frame 139 end
Average processing time of GrabImageRGBD(): 9.62455ms
Frame 140 end
Average processing time of GrabImageRGBD(): 9.58328ms
Frame 141 end
Average processing time of GrabImageRGBD(): 9.5702ms
Frame 142 end
Average processing time of GrabImageRGBD(): 9.5673ms
Frame 143 end
Average processing time of GrabImageRGBD(): 9.52532ms
Frame 144 end
Average processing time of GrabImageRGBD(): 9.52295ms
Frame 145 end
Average processing time of GrabImageRGBD(): 9.47736ms
Frame 146 end
Average processing time of GrabImageRGBD(): 9.44847ms
Frame 147 end
Average processing time of GrabImageRGBD(): 9.44798ms
Frame 148 end
Average processing time of GrabImageRGBD(): 9.40351ms
Frame 149 end
Average processing time of GrabImageRGBD(): 9.40153ms
Frame 150 end
Average processing time of GrabImageRGBD(): 9.40263ms
Frame 151 end
Average processing time of GrabImageRGBD(): 9.36154ms
Frame 152 end
Average processing time of GrabImageRGBD(): 9.36019ms
Frame 153 end
Average processing time of GrabImageRGBD(): 9.34677ms
Frame 154 end
Average processing time of GrabImageRGBD(): 9.30816ms
Frame 155 end
Average processing time of GrabImageRGBD(): 9.30546ms
Frame 156 end
Average processing time of GrabImageRGBD(): 9.2669ms
Frame 157 end
Average processing time of GrabImageRGBD(): 9.26965ms
Frame 158 end
Average processing time of GrabImageRGBD(): 9.27171ms
Frame 159 end
Average processing time of GrabImageRGBD(): 9.24077ms
Frame 160 end
Average processing time of GrabImageRGBD(): 9.20398ms
Frame 161 end
Average processing time of GrabImageRGBD(): 9.37319ms
Frame 162 end
Average processing time of GrabImageRGBD(): 9.40596ms
Frame 163 end
Average processing time of GrabImageRGBD(): 9.44975ms
Frame 164 end
Average processing time of GrabImageRGBD(): 9.63978ms
Frame 165 end
Average processing time of GrabImageRGBD(): 9.7075ms
Frame 166 end
Average processing time of GrabImageRGBD(): 9.73227ms
Frame 167 end
Average processing time of GrabImageRGBD(): 9.90626ms
Frame 168 end
Average processing time of GrabImageRGBD(): 9.94223ms
Frame 169 end
Average processing time of GrabImageRGBD(): 9.96522ms
Frame 170 end
Average processing time of GrabImageRGBD(): 10.0093ms
Frame 171 end
Average processing time of GrabImageRGBD(): 10.0216ms
Frame 172 end
Average processing time of GrabImageRGBD(): 10.0636ms
Frame 173 end
Average processing time of GrabImageRGBD(): 10.1047ms
Frame 174 end
Average processing time of GrabImageRGBD(): 10.1259ms
Frame 175 end
Average processing time of GrabImageRGBD(): 10.2896ms
Frame 176 end
Average processing time of GrabImageRGBD(): 10.284ms
Frame 177 end
Average processing time of GrabImageRGBD(): 10.3019ms
Frame 178 end
Average processing time of GrabImageRGBD(): 10.3059ms
Frame 179 end
Average processing time of GrabImageRGBD(): 10.3349ms
Frame 180 end
Average processing time of GrabImageRGBD(): 10.331ms
Frame 181 end
Average processing time of GrabImageRGBD(): 10.4559ms
Frame 182 end
Average processing time of GrabImageRGBD(): 10.4575ms
Frame 183 end
Average processing time of GrabImageRGBD(): 10.4737ms
Frame 184 end
Average processing time of GrabImageRGBD(): 10.4951ms
Frame 185 end
Average processing time of GrabImageRGBD(): 10.6157ms
Frame 186 end
Average processing time of GrabImageRGBD(): 10.6406ms
Frame 187 end
Average processing time of GrabImageRGBD(): 10.6472ms
Frame 188 end
Average processing time of GrabImageRGBD(): 10.6617ms
Frame 189 end
Average processing time of GrabImageRGBD(): 10.6766ms
Frame 190 end
Average processing time of GrabImageRGBD(): 10.6773ms
Frame 191 end
Average processing time of GrabImageRGBD(): 10.689ms
Frame 192 end
Average processing time of GrabImageRGBD(): 10.7077ms
Frame 193 end
Average processing time of GrabImageRGBD(): 10.7175ms
Frame 194 end
Average processing time of GrabImageRGBD(): 10.7309ms
Frame 195 end
Average processing time of GrabImageRGBD(): 10.7233ms
Frame 196 end
Average processing time of GrabImageRGBD(): 10.8494ms
Frame 197 end
Average processing time of GrabImageRGBD(): 10.8664ms
Frame 198 end
Average processing time of GrabImageRGBD(): 10.8786ms
Frame 199 end
Average processing time of GrabImageRGBD(): 10.8819ms
Frame 200 end
Average processing time of GrabImageRGBD(): 10.8921ms
Frame 201 end
Average processing time of GrabImageRGBD(): 10.8861ms
Frame 202 end
Average processing time of GrabImageRGBD(): 10.883ms
Frame 203 end
Average processing time of GrabImageRGBD(): 10.8915ms
Frame 204 end
Average processing time of GrabImageRGBD(): 10.9062ms
Frame 205 end
Average processing time of GrabImageRGBD(): 10.9239ms
Frame 206 end
Average processing time of GrabImageRGBD(): 10.9401ms
Frame 207 end
Average processing time of GrabImageRGBD(): 10.9417ms
Frame 208 end
Average processing time of GrabImageRGBD(): 10.9658ms
Frame 209 end
Average processing time of GrabImageRGBD(): 11.0845ms
Frame 210 end
Average processing time of GrabImageRGBD(): 11.1019ms
Frame 211 end
Average processing time of GrabImageRGBD(): 11.1358ms
Frame 212 end
Average processing time of GrabImageRGBD(): 11.1531ms
Frame 213 end
Average processing time of GrabImageRGBD(): 11.2701ms
Frame 214 end
Average processing time of GrabImageRGBD(): 11.2806ms
Frame 215 end
Average processing time of GrabImageRGBD(): 11.2981ms
Frame 216 end
Average processing time of GrabImageRGBD(): 11.2993ms
Frame 217 end
Average processing time of GrabImageRGBD(): 11.416ms
Frame 218 end
Average processing time of GrabImageRGBD(): 11.4347ms
Frame 219 end
Average processing time of GrabImageRGBD(): 11.4375ms
Frame 220 end
Average processing time of GrabImageRGBD(): 11.4415ms
Frame 221 end
Average processing time of GrabImageRGBD(): 11.4471ms
Frame 222 end
Average processing time of GrabImageRGBD(): 11.462ms
Frame 223 end
Average processing time of GrabImageRGBD(): 11.4708ms
Frame 224 end
Average processing time of GrabImageRGBD(): 11.5911ms
Frame 225 end
Average processing time of GrabImageRGBD(): 11.602ms
Frame 226 end
Average processing time of GrabImageRGBD(): 11.6118ms
Frame 227 end
Average processing time of GrabImageRGBD(): 11.6168ms
Frame 228 end
Average processing time of GrabImageRGBD(): 11.6156ms
Frame 229 end
Average processing time of GrabImageRGBD(): 11.623ms
Frame 230 end
Average processing time of GrabImageRGBD(): 11.7257ms
Frame 231 end
Average processing time of GrabImageRGBD(): 11.7358ms
Frame 232 end
Average processing time of GrabImageRGBD(): 11.7397ms
Frame 233 end
Average processing time of GrabImageRGBD(): 11.7443ms
Frame 234 end
Average processing time of GrabImageRGBD(): 11.7479ms
Frame 235 end
Average processing time of GrabImageRGBD(): 11.7444ms
Frame 236 end
Average processing time of GrabImageRGBD(): 11.7501ms
Frame 237 end
Average processing time of GrabImageRGBD(): 11.7452ms
Frame 238 end
Average processing time of GrabImageRGBD(): 11.7567ms
Frame 239 end
Average processing time of GrabImageRGBD(): 11.8612ms
Frame 240 end
Average processing time of GrabImageRGBD(): 11.8701ms
Frame 241 end
Average processing time of GrabImageRGBD(): 11.9076ms
Frame 242 end
Average processing time of GrabImageRGBD(): 11.9157ms
Frame 243 end
Average processing time of GrabImageRGBD(): 11.9237ms
Frame 244 end
Average processing time of GrabImageRGBD(): 11.9319ms
Frame 245 end
Average processing time of GrabImageRGBD(): 11.9372ms
Frame 246 end
Average processing time of GrabImageRGBD(): 11.9438ms
Frame 247 end
Average processing time of GrabImageRGBD(): 11.9413ms
Frame 248 end
Average processing time of GrabImageRGBD(): 12.0468ms
Frame 249 end
Average processing time of GrabImageRGBD(): 12.0791ms
Frame 250 end
Average processing time of GrabImageRGBD(): 12.1058ms
Frame 251 end
Average processing time of GrabImageRGBD(): 12.1321ms
Frame 252 end
Average processing time of GrabImageRGBD(): 12.143ms
Frame 253 end
Average processing time of GrabImageRGBD(): 12.1523ms
Frame 254 end
Average processing time of GrabImageRGBD(): 12.1596ms
Frame 255 end
Average processing time of GrabImageRGBD(): 12.168ms
Frame 256 end
Average processing time of GrabImageRGBD(): 12.1842ms
Frame 257 end
Average processing time of GrabImageRGBD(): 12.2558ms
Frame 258 end
Average processing time of GrabImageRGBD(): 12.2486ms
Frame 259 end
Average processing time of GrabImageRGBD(): 12.2161ms
Frame 260 end
Average processing time of GrabImageRGBD(): 12.1839ms
Frame 261 end
Average processing time of GrabImageRGBD(): 12.1546ms
Frame 262 end
Average processing time of GrabImageRGBD(): 12.2179ms
Frame 263 end
Average processing time of GrabImageRGBD(): 12.2155ms
Frame 264 end
Average processing time of GrabImageRGBD(): 12.1983ms
Frame 265 end
Average processing time of GrabImageRGBD(): 12.1942ms
Frame 266 end
Average processing time of GrabImageRGBD(): 12.1915ms
Frame 267 end
Average processing time of GrabImageRGBD(): 12.2783ms
Frame 268 end
Average processing time of GrabImageRGBD(): 12.2871ms
Frame 269 end
Average processing time of GrabImageRGBD(): 12.2815ms
Frame 270 end
Average processing time of GrabImageRGBD(): 12.279ms
Frame 271 end
Average processing time of GrabImageRGBD(): 12.2834ms
Frame 272 end
Average processing time of GrabImageRGBD(): 12.2751ms
Frame 273 end
Average processing time of GrabImageRGBD(): 12.3611ms
Frame 274 end
Average processing time of GrabImageRGBD(): 12.3554ms
Frame 275 end
Average processing time of GrabImageRGBD(): 12.33ms
Frame 276 end
Average processing time of GrabImageRGBD(): 12.3227ms
Frame 277 end
Average processing time of GrabImageRGBD(): 12.2946ms
Frame 278 end
Average processing time of GrabImageRGBD(): 12.2746ms
Frame 279 end
Average processing time of GrabImageRGBD(): 12.2446ms
Frame 280 end
Average processing time of GrabImageRGBD(): 12.2342ms
Frame 281 end
Average processing time of GrabImageRGBD(): 12.205ms
Frame 282 end
Average processing time of GrabImageRGBD(): 12.1762ms
Frame 283 end
Average processing time of GrabImageRGBD(): 12.1484ms
Frame 284 end
Average processing time of GrabImageRGBD(): 12.1259ms
Frame 285 end
Average processing time of GrabImageRGBD(): 12.201ms
Frame 286 end
Average processing time of GrabImageRGBD(): 12.197ms
Frame 287 end
Average processing time of GrabImageRGBD(): 12.1658ms
Frame 288 end
Average processing time of GrabImageRGBD(): 12.1364ms
Frame 289 end
Average processing time of GrabImageRGBD(): 12.1074ms
Frame 290 end
Average processing time of GrabImageRGBD(): 12.0776ms
Frame 291 end
Average processing time of GrabImageRGBD(): 12.1494ms
Frame 292 end
Average processing time of GrabImageRGBD(): 12.124ms
Frame 293 end
Average processing time of GrabImageRGBD(): 12.0927ms
Frame 294 end
Average processing time of GrabImageRGBD(): 12.0895ms
Frame 295 end
Average processing time of GrabImageRGBD(): 12.0809ms
Frame 296 end
Average processing time of GrabImageRGBD(): 12.1546ms
Frame 297 end
Average processing time of GrabImageRGBD(): 12.1468ms
Frame 298 end
Average processing time of GrabImageRGBD(): 12.1159ms
Frame 299 end
Average processing time of GrabImageRGBD(): 12.1067ms
Frame 300 end
Average processing time of GrabImageRGBD(): 12.0774ms
Frame 301 end
Average processing time of GrabImageRGBD(): 12.1483ms
Frame 302 end
Average processing time of GrabImageRGBD(): 12.14ms
Frame 303 end
Average processing time of GrabImageRGBD(): 12.1109ms
Frame 304 end
Average processing time of GrabImageRGBD(): 12.1025ms
Frame 305 end
Average processing time of GrabImageRGBD(): 12.075ms
Frame 306 end
Average processing time of GrabImageRGBD(): 12.0554ms
Frame 307 end
Average processing time of GrabImageRGBD(): 12.0364ms
Frame 308 end
Average processing time of GrabImageRGBD(): 12.0248ms
Frame 309 end
Average processing time of GrabImageRGBD(): 12.0134ms
Frame 310 end
Average processing time of GrabImageRGBD(): 12.0027ms
Frame 311 end
Average processing time of GrabImageRGBD(): 12.0678ms
Frame 312 end
Average processing time of GrabImageRGBD(): 12.0475ms
Frame 313 end
Average processing time of GrabImageRGBD(): 12.0205ms
Frame 314 end
Average processing time of GrabImageRGBD(): 12.0129ms
Frame 315 end
Average processing time of GrabImageRGBD(): 11.9864ms
Frame 316 end
Average processing time of GrabImageRGBD(): 11.9611ms
Frame 317 end
Average processing time of GrabImageRGBD(): 12.0135ms
Frame 318 end
Average processing time of GrabImageRGBD(): 12.0099ms
Frame 319 end
Average processing time of GrabImageRGBD(): 11.9827ms
Frame 320 end
Average processing time of GrabImageRGBD(): 11.9615ms
Frame 321 end
Average processing time of GrabImageRGBD(): 11.9519ms
Frame 322 end
Average processing time of GrabImageRGBD(): 11.9256ms
Frame 323 end
Average processing time of GrabImageRGBD(): 11.9874ms
Frame 324 end
Average processing time of GrabImageRGBD(): 11.9822ms
Frame 325 end
Average processing time of GrabImageRGBD(): 11.9571ms
Frame 326 end
Average processing time of GrabImageRGBD(): 11.9325ms
Frame 327 end
Average processing time of GrabImageRGBD(): 11.9187ms
Frame 328 end
Average processing time of GrabImageRGBD(): 11.9046ms
Frame 329 end
Average processing time of GrabImageRGBD(): 11.9574ms
Frame 330 end
Average processing time of GrabImageRGBD(): 11.9514ms
Frame 331 end
Average processing time of GrabImageRGBD(): 11.9259ms
Frame 332 end
Average processing time of GrabImageRGBD(): 11.9017ms
Frame 333 end
Average processing time of GrabImageRGBD(): 11.8766ms
Frame 334 end
Average processing time of GrabImageRGBD(): 11.8649ms
Frame 335 end
Average processing time of GrabImageRGBD(): 11.9133ms
Frame 336 end
Average processing time of GrabImageRGBD(): 11.9107ms
Frame 337 end
Average processing time of GrabImageRGBD(): 11.8842ms
Frame 338 end
Average processing time of GrabImageRGBD(): 11.869ms
Frame 339 end
Average processing time of GrabImageRGBD(): 11.8431ms
Frame 340 end
Average processing time of GrabImageRGBD(): 11.8287ms
Frame 341 end
Average processing time of GrabImageRGBD(): 11.8843ms
Frame 342 end
Average processing time of GrabImageRGBD(): 11.8634ms
Frame 343 end
Average processing time of GrabImageRGBD(): 11.8378ms
Frame 344 end
Average processing time of GrabImageRGBD(): 11.8184ms
Frame 345 end
Average processing time of GrabImageRGBD(): 11.8077ms
Frame 346 end
Average processing time of GrabImageRGBD(): 11.7852ms
Frame 347 end
Average processing time of GrabImageRGBD(): 11.7753ms
Frame 348 end
Average processing time of GrabImageRGBD(): 11.8327ms
Frame 349 end
Average processing time of GrabImageRGBD(): 11.8286ms
Frame 350 end
Average processing time of GrabImageRGBD(): 11.8037ms
Frame 351 end
Average processing time of GrabImageRGBD(): 11.7802ms
Frame 352 end
Average processing time of GrabImageRGBD(): 11.7603ms
Frame 353 end
Average processing time of GrabImageRGBD(): 11.7524ms
Frame 354 end
Average processing time of GrabImageRGBD(): 11.7444ms
Frame 355 end
Average processing time of GrabImageRGBD(): 11.7364ms
Frame 356 end
Average processing time of GrabImageRGBD(): 11.7264ms
Frame 357 end
Average processing time of GrabImageRGBD(): 11.7846ms
Frame 358 end
Average processing time of GrabImageRGBD(): 11.7643ms
Frame 359 end
Average processing time of GrabImageRGBD(): 11.7405ms
Frame 360 end
Average processing time of GrabImageRGBD(): 11.7327ms
Frame 361 end
Average processing time of GrabImageRGBD(): 11.7249ms
Frame 362 end
Average processing time of GrabImageRGBD(): 11.7009ms
Frame 363 end
Average processing time of GrabImageRGBD(): 11.6795ms
Frame 364 end
Average processing time of GrabImageRGBD(): 11.7374ms
Frame 365 end
Average processing time of GrabImageRGBD(): 11.7336ms
Frame 366 end
Average processing time of GrabImageRGBD(): 11.7101ms
Frame 367 end
Average processing time of GrabImageRGBD(): 11.6893ms
Frame 368 end
Average processing time of GrabImageRGBD(): 11.681ms
Frame 369 end
Average processing time of GrabImageRGBD(): 11.6645ms
Frame 370 end
Average processing time of GrabImageRGBD(): 11.6576ms
Frame 371 end
Average processing time of GrabImageRGBD(): 11.7143ms
Frame 372 end
Average processing time of GrabImageRGBD(): 11.7036ms
Frame 373 end
Average processing time of GrabImageRGBD(): 11.6806ms
Frame 374 end
Average processing time of GrabImageRGBD(): 11.6791ms
Frame 375 end
Average processing time of GrabImageRGBD(): 11.6736ms
Frame 376 end
Average processing time of GrabImageRGBD(): 11.6507ms
Frame 377 end
Average processing time of GrabImageRGBD(): 11.6456ms
Frame 378 end
Average processing time of GrabImageRGBD(): 11.6915ms
Frame 379 end
Average processing time of GrabImageRGBD(): 11.6774ms
Frame 380 end
Average processing time of GrabImageRGBD(): 11.6565ms
Frame 381 end
Average processing time of GrabImageRGBD(): 11.6502ms
Frame 382 end
Average processing time of GrabImageRGBD(): 11.6429ms
Frame 383 end
Average processing time of GrabImageRGBD(): 11.6357ms
Frame 384 end
Average processing time of GrabImageRGBD(): 11.623ms
Frame 385 end
Average processing time of GrabImageRGBD(): 11.615ms
Frame 386 end
Average processing time of GrabImageRGBD(): 11.6694ms
Frame 387 end
Average processing time of GrabImageRGBD(): 11.6558ms
Frame 388 end
Average processing time of GrabImageRGBD(): 11.65ms
Frame 389 end
Average processing time of GrabImageRGBD(): 11.6437ms
Frame 390 end
Average processing time of GrabImageRGBD(): 11.6369ms
Frame 391 end
Average processing time of GrabImageRGBD(): 11.6199ms
Frame 392 end
Average processing time of GrabImageRGBD(): 11.6127ms
Frame 393 end
Average processing time of GrabImageRGBD(): 11.5915ms
Frame 394 end
Average processing time of GrabImageRGBD(): 11.635ms
Frame 395 end
Average processing time of GrabImageRGBD(): 11.643ms
Frame 396 end
Average processing time of GrabImageRGBD(): 11.644ms
Frame 397 end
Average processing time of GrabImageRGBD(): 11.6312ms
Frame 398 end
Average processing time of GrabImageRGBD(): 11.6275ms
Frame 399 end
Average processing time of GrabImageRGBD(): 11.6075ms
Frame 400 end
Average processing time of GrabImageRGBD(): 11.6019ms
Frame 401 end
Average processing time of GrabImageRGBD(): 11.5929ms
Frame 402 end
Average processing time of GrabImageRGBD(): 11.6397ms
Frame 403 end
Average processing time of GrabImageRGBD(): 11.6942ms
Frame 404 end
Average processing time of GrabImageRGBD(): 11.6927ms
Frame 405 end
Average processing time of GrabImageRGBD(): 11.75ms
Frame 406 end
Average processing time of GrabImageRGBD(): 11.7442ms
Frame 407 end
Average processing time of GrabImageRGBD(): 11.7226ms
Frame 408 end
Average processing time of GrabImageRGBD(): 11.7743ms
Frame 409 end
Average processing time of GrabImageRGBD(): 11.82ms
Frame 410 end
Average processing time of GrabImageRGBD(): 11.8108ms
Frame 411 end
Average processing time of GrabImageRGBD(): 11.7896ms
Frame 412 end
Average processing time of GrabImageRGBD(): 11.7691ms
Frame 413 end
Average processing time of GrabImageRGBD(): 11.7495ms
Frame 414 end
Average processing time of GrabImageRGBD(): 11.7359ms
Frame 415 end
Average processing time of GrabImageRGBD(): 11.7248ms
Frame 416 end
Average processing time of GrabImageRGBD(): 11.7052ms
Frame 417 end
Average processing time of GrabImageRGBD(): 11.7521ms
Frame 418 end
Average processing time of GrabImageRGBD(): 11.7356ms
Frame 419 end
Average processing time of GrabImageRGBD(): 11.7266ms
Frame 420 end
Average processing time of GrabImageRGBD(): 11.7159ms
Frame 421 end
Average processing time of GrabImageRGBD(): 11.6977ms
Frame 422 end
Average processing time of GrabImageRGBD(): 11.6783ms
Frame 423 end
Average processing time of GrabImageRGBD(): 11.6698ms
Frame 424 end
Average processing time of GrabImageRGBD(): 11.6503ms
Frame 425 end
Average processing time of GrabImageRGBD(): 11.6964ms
Frame 426 end
Average processing time of GrabImageRGBD(): 11.6922ms
Frame 427 end
Average processing time of GrabImageRGBD(): 11.6717ms
Frame 428 end
Average processing time of GrabImageRGBD(): 11.6533ms
Frame 429 end
Average processing time of GrabImageRGBD(): 11.6338ms
Frame 430 end
Average processing time of GrabImageRGBD(): 11.6215ms
Frame 431 end
Average processing time of GrabImageRGBD(): 11.6054ms
Frame 432 end
Average processing time of GrabImageRGBD(): 11.594ms
Frame 433 end
Average processing time of GrabImageRGBD(): 11.6379ms
Frame 434 end
Average processing time of GrabImageRGBD(): 11.626ms
Frame 435 end
Average processing time of GrabImageRGBD(): 11.6169ms
Frame 436 end
Average processing time of GrabImageRGBD(): 11.6071ms
Frame 437 end
Average processing time of GrabImageRGBD(): 11.5997ms
Frame 438 end
Average processing time of GrabImageRGBD(): 11.5896ms
Frame 439 end
Average processing time of GrabImageRGBD(): 11.5747ms
Frame 440 end
Average processing time of GrabImageRGBD(): 11.6155ms
Frame 441 end
Average processing time of GrabImageRGBD(): 11.6107ms
Frame 442 end
Average processing time of GrabImageRGBD(): 11.591ms
Frame 443 end
Average processing time of GrabImageRGBD(): 11.5806ms
Frame 444 end
Average processing time of GrabImageRGBD(): 11.5617ms
Frame 445 end
Average processing time of GrabImageRGBD(): 11.5431ms
Frame 446 end
Average processing time of GrabImageRGBD(): 11.5322ms
Frame 447 end
Average processing time of GrabImageRGBD(): 11.524ms
Frame 448 end
Average processing time of GrabImageRGBD(): 11.5641ms
Frame 449 end
Average processing time of GrabImageRGBD(): 11.5625ms
Frame 450 end
Average processing time of GrabImageRGBD(): 11.5434ms
Frame 451 end
Average processing time of GrabImageRGBD(): 11.5269ms
Frame 452 end
Average processing time of GrabImageRGBD(): 11.5212ms
Frame 453 end
Average processing time of GrabImageRGBD(): 11.5174ms
Frame 454 end
Average processing time of GrabImageRGBD(): 11.5118ms
Frame 455 end
Average processing time of GrabImageRGBD(): 11.4947ms
Frame 456 end
Average processing time of GrabImageRGBD(): 11.4773ms
Frame 457 end
Average processing time of GrabImageRGBD(): 11.4714ms
Frame 458 end
Average processing time of GrabImageRGBD(): 11.463ms
Frame 459 end
Average processing time of GrabImageRGBD(): 11.4455ms
Frame 460 end
Average processing time of GrabImageRGBD(): 11.4277ms
Frame 461 end
Average processing time of GrabImageRGBD(): 11.4212ms
Frame 462 end
Average processing time of GrabImageRGBD(): 11.4153ms
Frame 463 end
Average processing time of GrabImageRGBD(): 11.4057ms
Frame 464 end
Average processing time of GrabImageRGBD(): 11.3998ms
Frame 465 end
Average processing time of GrabImageRGBD(): 11.4364ms
Frame 466 end
Average processing time of GrabImageRGBD(): 11.4336ms
Frame 467 end
Average processing time of GrabImageRGBD(): 11.416ms
Frame 468 end
Average processing time of GrabImageRGBD(): 11.4104ms
Frame 469 end
Average processing time of GrabImageRGBD(): 11.3985ms
Frame 470 end
Average processing time of GrabImageRGBD(): 11.3928ms
Frame 471 end
Average processing time of GrabImageRGBD(): 11.3868ms
Frame 472 end
Average processing time of GrabImageRGBD(): 11.3814ms
Frame 473 end
Average processing time of GrabImageRGBD(): 11.3724ms
Frame 474 end
Average processing time of GrabImageRGBD(): 11.3655ms
Frame 475 end
Average processing time of GrabImageRGBD(): 11.3589ms
Frame 476 end
Average processing time of GrabImageRGBD(): 11.3959ms
Frame 477 end
Average processing time of GrabImageRGBD(): 11.3828ms
Frame 478 end
Average processing time of GrabImageRGBD(): 11.3662ms
Frame 479 end
Average processing time of GrabImageRGBD(): 11.3499ms
Frame 480 end
Average processing time of GrabImageRGBD(): 11.3439ms
Frame 481 end
Average processing time of GrabImageRGBD(): 11.3313ms
Frame 482 end
Average processing time of GrabImageRGBD(): 11.3268ms
Frame 483 end
Average processing time of GrabImageRGBD(): 11.3103ms
Frame 484 end
Average processing time of GrabImageRGBD(): 11.2943ms
Frame 485 end
Average processing time of GrabImageRGBD(): 11.2774ms
Frame 486 end
Average processing time of GrabImageRGBD(): 11.2612ms
Frame 487 end
Average processing time of GrabImageRGBD(): 11.2499ms
Frame 488 end
Average processing time of GrabImageRGBD(): 11.2339ms
Frame 489 end
Average processing time of GrabImageRGBD(): 11.2283ms
Frame 490 end
Average processing time of GrabImageRGBD(): 11.2239ms
Frame 491 end
Average processing time of GrabImageRGBD(): 11.2086ms
Frame 492 end
Average processing time of GrabImageRGBD(): 11.1961ms
Frame 493 end
Shutdown
-------

median tracking time: 0.00962212
mean tracking time: 0.0120328

Saving camera trajectory to CameraTrajectory.txt ...

Saving keyframe trajectory to KeyFrameTrajectory.txt ...
