
ORB-SLAM3 Copyright (C) 2017-2020 Carlos Campos, Richard Elvira, Juan J. Gómez, José M.M. Montiel and Juan D. Tardós, University of Zaragoza.
ORB-SLAM2 Copyright (C) 2014-2016 Raúl Mur-Artal, José M.M. Montiel and Juan D. Tardós, University of Zaragoza.
This program comes with ABSOLUTELY NO WARRANTY;
This is free software, and you are welcome to redistribute it
under certain conditions. See LICENSE.txt.

Input sensor was set to: RGB-D
Loading settings from /home/bingxin/Downloads/NGD-SLAM/Examples/RGB-D/Bonn.yaml
Camera1.k3 optional parameter does not exist...
	-Loaded camera 1
Camera.newHeight optional parameter does not exist...
Camera.newWidth optional parameter does not exist...
	-Loaded image info
	-Loaded RGB-D calibration
	-Loaded ORB settings
Viewer.imageViewScale optional parameter does not exist...
	-Loaded viewer settings
System.LoadAtlasFromFile optional parameter does not exist...
System.SaveAtlasToFile optional parameter does not exist...
	-Loaded Atlas settings
System.thFarPoints optional parameter does not exist...
	-Loaded misc parameters
----------------------------------
SLAM settings: 
	-Camera 1 parameters (Pinhole): [ 542.823 542.577 315.594 237.756 ]
	-Camera 1 distortion parameters: [  0.039903 -0.099343 -0.00073 -0.000144 ]
	-Original image size: [ 640 , 480 ]
	-Current image size: [ 640 , 480 ]
	-Sequence FPS: 30
	-RGB-D depth map factor: 5000
	-Features per image: 1000
	-ORB scale factor: 1.2
	-ORB number of scales: 8
	-Initial FAST threshold: 20
	-Min FAST threshold: 7


Loading ORB Vocabulary. This could take a while...
Vocabulary loaded!

Initialization of Atlas from scratch 
Creation of new map with id: 0
Creation of new map with last KF id: 0
Seq. Name: 
There are 1 cameras in the atlas
Camera 0 is pinhole
Net use yolo-fastest

-------
Start processing sequence ...
Images in the sequence: 494

First KF:0; Map init KF:0
New Map created with 974 points
Average processing time of GrabImageRGBD(): 44.5734ms
Frame 0 end
Average processing time of GrabImageRGBD(): 34.7106ms
Frame 1 end
Average processing time of GrabImageRGBD(): 31.3957ms
Frame 2 end
Average processing time of GrabImageRGBD(): 31.1645ms
Frame 3 end
Average processing time of GrabImageRGBD(): 25.8114ms
Frame 4 end
Average processing time of GrabImageRGBD(): 22.0357ms
Frame 5 end
Average processing time of GrabImageRGBD(): 19.7176ms
Frame 6 end
Starting the Viewer
Average processing time of GrabImageRGBD(): 17.7015ms
Frame 7 end
Average processing time of GrabImageRGBD(): 19.0188ms
Frame 8 end
Average processing time of GrabImageRGBD(): 17.8444ms
Frame 9 end
Average processing time of GrabImageRGBD(): 18.5983ms
Frame 10 end
Average processing time of GrabImageRGBD(): 17.9721ms
Frame 11 end
Average processing time of GrabImageRGBD(): 18.9737ms
Frame 12 end
Average processing time of GrabImageRGBD(): 17.891ms
Frame 13 end
Average processing time of GrabImageRGBD(): 18.4559ms
Frame 14 end
Average processing time of GrabImageRGBD(): 17.751ms
Frame 15 end
Average processing time of GrabImageRGBD(): 16.9313ms
Frame 16 end
Average processing time of GrabImageRGBD(): 16.5242ms
Frame 17 end
Average processing time of GrabImageRGBD(): 16.1217ms
Frame 18 end
Average processing time of GrabImageRGBD(): 16.6507ms
Frame 19 end
Average processing time of GrabImageRGBD(): 16.3422ms
Frame 20 end
Average processing time of GrabImageRGBD(): 15.7557ms
Frame 21 end
Average processing time of GrabImageRGBD(): 15.3751ms
Frame 22 end
Average processing time of GrabImageRGBD(): 14.8968ms
Frame 23 end
Average processing time of GrabImageRGBD(): 14.6458ms
Frame 24 end
Average processing time of GrabImageRGBD(): 14.4263ms
Frame 25 end
Average processing time of GrabImageRGBD(): 14.1926ms
Frame 26 end
Average processing time of GrabImageRGBD(): 13.8131ms
Frame 27 end
Average processing time of GrabImageRGBD(): 13.6612ms
Frame 28 end
Average processing time of GrabImageRGBD(): 13.5104ms
Frame 29 end
Average processing time of GrabImageRGBD(): 13.1736ms
Frame 30 end
Average processing time of GrabImageRGBD(): 13.0607ms
Frame 31 end
Average processing time of GrabImageRGBD(): 12.8138ms
Frame 32 end
Average processing time of GrabImageRGBD(): 12.523ms
Frame 33 end
Average processing time of GrabImageRGBD(): 12.308ms
Frame 34 end
Average processing time of GrabImageRGBD(): 12.1576ms
Frame 35 end
Average processing time of GrabImageRGBD(): 12.6316ms
Frame 36 end
Average processing time of GrabImageRGBD(): 12.4099ms
Frame 37 end
Average processing time of GrabImageRGBD(): 12.1664ms
Frame 38 end
Average processing time of GrabImageRGBD(): 12.0739ms
Frame 39 end
Average processing time of GrabImageRGBD(): 12.4433ms
Frame 40 end
Average processing time of GrabImageRGBD(): 12.3832ms
Frame 41 end
Average processing time of GrabImageRGBD(): 12.719ms
Frame 42 end
Average processing time of GrabImageRGBD(): 12.6689ms
Frame 43 end
Average processing time of GrabImageRGBD(): 12.5048ms
Frame 44 end
Average processing time of GrabImageRGBD(): 12.3092ms
Frame 45 end
Average processing time of GrabImageRGBD(): 12.2001ms
Frame 46 end
Average processing time of GrabImageRGBD(): 12.0509ms
Frame 47 end
Average processing time of GrabImageRGBD(): 11.9885ms
Frame 48 end
Average processing time of GrabImageRGBD(): 11.8054ms
Frame 49 end
Average processing time of GrabImageRGBD(): 11.75ms
Frame 50 end
Average processing time of GrabImageRGBD(): 11.6132ms
Frame 51 end
Average processing time of GrabImageRGBD(): 11.5553ms
Frame 52 end
Average processing time of GrabImageRGBD(): 11.8961ms
Frame 53 end
Average processing time of GrabImageRGBD(): 11.7965ms
Frame 54 end
Average processing time of GrabImageRGBD(): 11.6394ms
Frame 55 end
Average processing time of GrabImageRGBD(): 11.5859ms
Frame 56 end
Average processing time of GrabImageRGBD(): 11.5408ms
Frame 57 end
Average processing time of GrabImageRGBD(): 11.4617ms
Frame 58 end
Average processing time of GrabImageRGBD(): 11.915ms
Frame 59 end
Average processing time of GrabImageRGBD(): 11.8938ms
Frame 60 end
Average processing time of GrabImageRGBD(): 11.7506ms
Frame 61 end
Average processing time of GrabImageRGBD(): 11.6243ms
Frame 62 end
Average processing time of GrabImageRGBD(): 11.8678ms
Frame 63 end
Average processing time of GrabImageRGBD(): 11.8561ms
Frame 64 end
Average processing time of GrabImageRGBD(): 11.736ms
Frame 65 end
Average processing time of GrabImageRGBD(): 11.6988ms
Frame 66 end
Average processing time of GrabImageRGBD(): 11.6477ms
Frame 67 end
Average processing time of GrabImageRGBD(): 11.6058ms
Frame 68 end
Average processing time of GrabImageRGBD(): 11.534ms
Frame 69 end
Average processing time of GrabImageRGBD(): 11.496ms
Frame 70 end
Average processing time of GrabImageRGBD(): 11.732ms
Frame 71 end
Average processing time of GrabImageRGBD(): 11.7233ms
Frame 72 end
Average processing time of GrabImageRGBD(): 11.6042ms
Frame 73 end
Average processing time of GrabImageRGBD(): 11.5776ms
Frame 74 end
Average processing time of GrabImageRGBD(): 11.5562ms
Frame 75 end
Average processing time of GrabImageRGBD(): 11.4461ms
Frame 76 end
Average processing time of GrabImageRGBD(): 11.3445ms
Frame 77 end
Average processing time of GrabImageRGBD(): 11.2447ms
Frame 78 end
Average processing time of GrabImageRGBD(): 11.1418ms
Frame 79 end
Average processing time of GrabImageRGBD(): 11.1192ms
Frame 80 end
Average processing time of GrabImageRGBD(): 11.0179ms
Frame 81 end
Average processing time of GrabImageRGBD(): 10.9512ms
Frame 82 end
Average processing time of GrabImageRGBD(): 10.9263ms
Frame 83 end
Average processing time of GrabImageRGBD(): 10.8875ms
Frame 84 end
Average processing time of GrabImageRGBD(): 10.8449ms
Frame 85 end
Average processing time of GrabImageRGBD(): 11.046ms
Frame 86 end
Average processing time of GrabImageRGBD(): 11.0424ms
Frame 87 end
Average processing time of GrabImageRGBD(): 10.9546ms
Frame 88 end
Average processing time of GrabImageRGBD(): 10.9381ms
Frame 89 end
Average processing time of GrabImageRGBD(): 10.877ms
Frame 90 end
Average processing time of GrabImageRGBD(): 10.8555ms
Frame 91 end
Average processing time of GrabImageRGBD(): 10.77ms
Frame 92 end
Average processing time of GrabImageRGBD(): 10.7352ms
Frame 93 end
Average processing time of GrabImageRGBD(): 10.715ms
Frame 94 end
Average processing time of GrabImageRGBD(): 10.632ms
Frame 95 end
Average processing time of GrabImageRGBD(): 10.6148ms
Frame 96 end
Average processing time of GrabImageRGBD(): 10.5944ms
Frame 97 end
Average processing time of GrabImageRGBD(): 10.5379ms
Frame 98 end
Average processing time of GrabImageRGBD(): 10.5196ms
Frame 99 end
Average processing time of GrabImageRGBD(): 10.4433ms
Frame 100 end
Average processing time of GrabImageRGBD(): 10.3716ms
Frame 101 end
Average processing time of GrabImageRGBD(): 10.621ms
Frame 102 end
Average processing time of GrabImageRGBD(): 10.6261ms
Frame 103 end
Average processing time of GrabImageRGBD(): 10.5544ms
Frame 104 end
Average processing time of GrabImageRGBD(): 10.5488ms
Frame 105 end
Average processing time of GrabImageRGBD(): 10.5264ms
Frame 106 end
Average processing time of GrabImageRGBD(): 10.4607ms
Frame 107 end
Average processing time of GrabImageRGBD(): 10.4579ms
Frame 108 end
Average processing time of GrabImageRGBD(): 10.4096ms
Frame 109 end
Average processing time of GrabImageRGBD(): 10.3467ms
Frame 110 end
Average processing time of GrabImageRGBD(): 10.2857ms
Frame 111 end
Average processing time of GrabImageRGBD(): 10.224ms
Frame 112 end
Average processing time of GrabImageRGBD(): 10.1731ms
Frame 113 end
Average processing time of GrabImageRGBD(): 10.1705ms
Frame 114 end
Average processing time of GrabImageRGBD(): 10.1373ms
Frame 115 end
Average processing time of GrabImageRGBD(): 10.0764ms
Frame 116 end
Average processing time of GrabImageRGBD(): 10.0703ms
Frame 117 end
Average processing time of GrabImageRGBD(): 10.0107ms
Frame 118 end
Average processing time of GrabImageRGBD(): 9.97157ms
Frame 119 end
Average processing time of GrabImageRGBD(): 9.9622ms
Frame 120 end
Average processing time of GrabImageRGBD(): 9.90439ms
Frame 121 end
Average processing time of GrabImageRGBD(): 9.89628ms
Frame 122 end
Average processing time of GrabImageRGBD(): 9.84479ms
Frame 123 end
Average processing time of GrabImageRGBD(): 9.8106ms
Frame 124 end
Average processing time of GrabImageRGBD(): 9.80876ms
Frame 125 end
Average processing time of GrabImageRGBD(): 9.94124ms
Frame 126 end
Average processing time of GrabImageRGBD(): 9.89874ms
Frame 127 end
Average processing time of GrabImageRGBD(): 9.86398ms
Frame 128 end
Average processing time of GrabImageRGBD(): 9.86259ms
Frame 129 end
Average processing time of GrabImageRGBD(): 9.86338ms
Frame 130 end
Average processing time of GrabImageRGBD(): 9.85739ms
Frame 131 end
Average processing time of GrabImageRGBD(): 9.80752ms
Frame 132 end
Average processing time of GrabImageRGBD(): 9.80472ms
Frame 133 end
Average processing time of GrabImageRGBD(): 9.78402ms
Frame 134 end
Average processing time of GrabImageRGBD(): 9.78206ms
Frame 135 end
Average processing time of GrabImageRGBD(): 9.7749ms
Frame 136 end
Average processing time of GrabImageRGBD(): 9.77109ms
Frame 137 end
Average processing time of GrabImageRGBD(): 9.72537ms
Frame 138 end
Average processing time of GrabImageRGBD(): 9.87602ms
Frame 139 end
Average processing time of GrabImageRGBD(): 9.85361ms
Frame 140 end
Average processing time of GrabImageRGBD(): 9.80647ms
Frame 141 end
Average processing time of GrabImageRGBD(): 9.79053ms
Frame 142 end
Average processing time of GrabImageRGBD(): 9.77907ms
Frame 143 end
Average processing time of GrabImageRGBD(): 9.76643ms
Frame 144 end
Average processing time of GrabImageRGBD(): 9.75828ms
Frame 145 end
Average processing time of GrabImageRGBD(): 9.75382ms
Frame 146 end
Average processing time of GrabImageRGBD(): 9.70806ms
Frame 147 end
Average processing time of GrabImageRGBD(): 9.68452ms
Frame 148 end
Average processing time of GrabImageRGBD(): 9.67059ms
Frame 149 end
Average processing time of GrabImageRGBD(): 9.64685ms
Frame 150 end
Average processing time of GrabImageRGBD(): 9.63428ms
Frame 151 end
Average processing time of GrabImageRGBD(): 9.6333ms
Frame 152 end
Average processing time of GrabImageRGBD(): 9.63064ms
Frame 153 end
Average processing time of GrabImageRGBD(): 9.58929ms
Frame 154 end
Average processing time of GrabImageRGBD(): 9.54882ms
Frame 155 end
Average processing time of GrabImageRGBD(): 9.52083ms
Frame 156 end
Average processing time of GrabImageRGBD(): 9.4827ms
Frame 157 end
Average processing time of GrabImageRGBD(): 9.47505ms
Frame 158 end
Average processing time of GrabImageRGBD(): 9.43728ms
Frame 159 end
Average processing time of GrabImageRGBD(): 9.57805ms
Frame 160 end
Average processing time of GrabImageRGBD(): 9.58702ms
Frame 161 end
Average processing time of GrabImageRGBD(): 9.6135ms
Frame 162 end
Average processing time of GrabImageRGBD(): 9.77607ms
Frame 163 end
Average processing time of GrabImageRGBD(): 9.81269ms
Frame 164 end
Average processing time of GrabImageRGBD(): 9.83663ms
Frame 165 end
Average processing time of GrabImageRGBD(): 9.99542ms
Frame 166 end
Average processing time of GrabImageRGBD(): 10.0321ms
Frame 167 end
Average processing time of GrabImageRGBD(): 10.0614ms
Frame 168 end
Average processing time of GrabImageRGBD(): 10.2353ms
Frame 169 end
Average processing time of GrabImageRGBD(): 10.2511ms
Frame 170 end
Average processing time of GrabImageRGBD(): 10.3138ms
Frame 171 end
Average processing time of GrabImageRGBD(): 10.3162ms
Frame 172 end
Average processing time of GrabImageRGBD(): 10.3279ms
Frame 173 end
Average processing time of GrabImageRGBD(): 10.3801ms
Frame 174 end
Average processing time of GrabImageRGBD(): 10.4141ms
Frame 175 end
Average processing time of GrabImageRGBD(): 10.429ms
Frame 176 end
Average processing time of GrabImageRGBD(): 10.4639ms
Frame 177 end
Average processing time of GrabImageRGBD(): 10.4759ms
Frame 178 end
Average processing time of GrabImageRGBD(): 10.5042ms
Frame 179 end
Average processing time of GrabImageRGBD(): 10.6468ms
Frame 180 end
Average processing time of GrabImageRGBD(): 10.6818ms
Frame 181 end
Average processing time of GrabImageRGBD(): 10.6959ms
Frame 182 end
Average processing time of GrabImageRGBD(): 10.7139ms
Frame 183 end
Average processing time of GrabImageRGBD(): 10.7178ms
Frame 184 end
Average processing time of GrabImageRGBD(): 10.7306ms
Frame 185 end
Average processing time of GrabImageRGBD(): 10.8845ms
Frame 186 end
Average processing time of GrabImageRGBD(): 10.8903ms
Frame 187 end
Average processing time of GrabImageRGBD(): 10.9105ms
Frame 188 end
Average processing time of GrabImageRGBD(): 10.9316ms
Frame 189 end
Average processing time of GrabImageRGBD(): 10.9505ms
Frame 190 end
Average processing time of GrabImageRGBD(): 10.9617ms
Frame 191 end
Average processing time of GrabImageRGBD(): 11.0906ms
Frame 192 end
Average processing time of GrabImageRGBD(): 11.1118ms
Frame 193 end
Average processing time of GrabImageRGBD(): 11.127ms
Frame 194 end
Average processing time of GrabImageRGBD(): 11.1362ms
Frame 195 end
Average processing time of GrabImageRGBD(): 11.1487ms
Frame 196 end
Average processing time of GrabImageRGBD(): 11.1606ms
Frame 197 end
Average processing time of GrabImageRGBD(): 11.1663ms
Frame 198 end
Average processing time of GrabImageRGBD(): 11.1735ms
Frame 199 end
Average processing time of GrabImageRGBD(): 11.178ms
Frame 200 end
Average processing time of GrabImageRGBD(): 11.182ms
Frame 201 end
Average processing time of GrabImageRGBD(): 11.1803ms
Frame 202 end
Average processing time of GrabImageRGBD(): 11.1929ms
Frame 203 end
Average processing time of GrabImageRGBD(): 11.1996ms
Frame 204 end
Average processing time of GrabImageRGBD(): 11.2015ms
Frame 205 end
Average processing time of GrabImageRGBD(): 11.323ms
Frame 206 end
Average processing time of GrabImageRGBD(): 11.3435ms
Frame 207 end
Average processing time of GrabImageRGBD(): 11.3405ms
Frame 208 end
Average processing time of GrabImageRGBD(): 11.3582ms
Frame 209 end
Average processing time of GrabImageRGBD(): 11.3493ms
Frame 210 end
Average processing time of GrabImageRGBD(): 11.3671ms
Frame 211 end
Average processing time of GrabImageRGBD(): 11.4891ms
Frame 212 end
Average processing time of GrabImageRGBD(): 11.4933ms
Frame 213 end
Average processing time of GrabImageRGBD(): 11.4832ms
Frame 214 end
Average processing time of GrabImageRGBD(): 11.473ms
Frame 215 end
Average processing time of GrabImageRGBD(): 11.6233ms
Frame 216 end
Average processing time of GrabImageRGBD(): 11.6278ms
Frame 217 end
Average processing time of GrabImageRGBD(): 11.6346ms
Frame 218 end
Average processing time of GrabImageRGBD(): 11.6507ms
Frame 219 end
Average processing time of GrabImageRGBD(): 11.762ms
Frame 220 end
Average processing time of GrabImageRGBD(): 11.762ms
Frame 221 end
Average processing time of GrabImageRGBD(): 11.7757ms
Frame 222 end
Average processing time of GrabImageRGBD(): 11.7813ms
Frame 223 end
Average processing time of GrabImageRGBD(): 11.7965ms
Frame 224 end
Average processing time of GrabImageRGBD(): 11.8086ms
Frame 225 end
Average processing time of GrabImageRGBD(): 11.8182ms
Frame 226 end
Average processing time of GrabImageRGBD(): 11.8312ms
Frame 227 end
Average processing time of GrabImageRGBD(): 11.94ms
Frame 228 end
Average processing time of GrabImageRGBD(): 11.9333ms
Frame 229 end
Average processing time of GrabImageRGBD(): 11.9243ms
Frame 230 end
Average processing time of GrabImageRGBD(): 11.9274ms
Frame 231 end
Average processing time of GrabImageRGBD(): 11.9274ms
Frame 232 end
Average processing time of GrabImageRGBD(): 11.9299ms
Frame 233 end
Average processing time of GrabImageRGBD(): 11.9325ms
Frame 234 end
Average processing time of GrabImageRGBD(): 11.9355ms
Frame 235 end
Average processing time of GrabImageRGBD(): 11.9254ms
Frame 236 end
Average processing time of GrabImageRGBD(): 12.0102ms
Frame 237 end
Average processing time of GrabImageRGBD(): 12.0168ms
Frame 238 end
Average processing time of GrabImageRGBD(): 12.0067ms
Frame 239 end
Average processing time of GrabImageRGBD(): 12.0181ms
Frame 240 end
Average processing time of GrabImageRGBD(): 12.1157ms
Frame 241 end
Average processing time of GrabImageRGBD(): 12.1269ms
Frame 242 end
Average processing time of GrabImageRGBD(): 12.1319ms
Frame 243 end
Average processing time of GrabImageRGBD(): 12.1386ms
Frame 244 end
Average processing time of GrabImageRGBD(): 12.1463ms
Frame 245 end
Average processing time of GrabImageRGBD(): 12.1325ms
Frame 246 end
Average processing time of GrabImageRGBD(): 12.1313ms
Frame 247 end
Average processing time of GrabImageRGBD(): 12.1324ms
Frame 248 end
Average processing time of GrabImageRGBD(): 12.1402ms
Frame 249 end
Average processing time of GrabImageRGBD(): 12.1477ms
Frame 250 end
Average processing time of GrabImageRGBD(): 12.1403ms
Frame 251 end
Average processing time of GrabImageRGBD(): 12.1308ms
Frame 252 end
Average processing time of GrabImageRGBD(): 12.2148ms
Frame 253 end
Average processing time of GrabImageRGBD(): 12.2283ms
Frame 254 end
Average processing time of GrabImageRGBD(): 12.2365ms
Frame 255 end
Average processing time of GrabImageRGBD(): 12.2466ms
Frame 256 end
Average processing time of GrabImageRGBD(): 12.245ms
Frame 257 end
Average processing time of GrabImageRGBD(): 12.2093ms
Frame 258 end
Average processing time of GrabImageRGBD(): 12.1964ms
Frame 259 end
Average processing time of GrabImageRGBD(): 12.1619ms
Frame 260 end
Average processing time of GrabImageRGBD(): 12.2304ms
Frame 261 end
Average processing time of GrabImageRGBD(): 12.2132ms
Frame 262 end
Average processing time of GrabImageRGBD(): 12.1828ms
Frame 263 end
Average processing time of GrabImageRGBD(): 12.1823ms
Frame 264 end
Average processing time of GrabImageRGBD(): 12.1763ms
Frame 265 end
Average processing time of GrabImageRGBD(): 12.2916ms
Frame 266 end
Average processing time of GrabImageRGBD(): 12.2969ms
Frame 267 end
Average processing time of GrabImageRGBD(): 12.3028ms
Frame 268 end
Average processing time of GrabImageRGBD(): 12.3069ms
Frame 269 end
Average processing time of GrabImageRGBD(): 12.3039ms
Frame 270 end
Average processing time of GrabImageRGBD(): 12.2936ms
Frame 271 end
Average processing time of GrabImageRGBD(): 12.2934ms
Frame 272 end
Average processing time of GrabImageRGBD(): 12.2811ms
Frame 273 end
Average processing time of GrabImageRGBD(): 12.256ms
Frame 274 end
Average processing time of GrabImageRGBD(): 12.2495ms
Frame 275 end
Average processing time of GrabImageRGBD(): 12.2438ms
Frame 276 end
Average processing time of GrabImageRGBD(): 12.2361ms
Frame 277 end
Average processing time of GrabImageRGBD(): 12.2254ms
Frame 278 end
Average processing time of GrabImageRGBD(): 12.2142ms
Frame 279 end
Average processing time of GrabImageRGBD(): 12.1903ms
Frame 280 end
Average processing time of GrabImageRGBD(): 12.1776ms
Frame 281 end
Average processing time of GrabImageRGBD(): 12.1468ms
Frame 282 end
Average processing time of GrabImageRGBD(): 12.1369ms
Frame 283 end
Average processing time of GrabImageRGBD(): 12.1072ms
Frame 284 end
Average processing time of GrabImageRGBD(): 12.0964ms
Frame 285 end
Average processing time of GrabImageRGBD(): 12.0669ms
Frame 286 end
Average processing time of GrabImageRGBD(): 12.0555ms
Frame 287 end
Average processing time of GrabImageRGBD(): 12.0255ms
Frame 288 end
Average processing time of GrabImageRGBD(): 12.0132ms
Frame 289 end
Average processing time of GrabImageRGBD(): 11.9967ms
Frame 290 end
Average processing time of GrabImageRGBD(): 12.0649ms
Frame 291 end
Average processing time of GrabImageRGBD(): 12.0495ms
Frame 292 end
Average processing time of GrabImageRGBD(): 12.0272ms
Frame 293 end
Average processing time of GrabImageRGBD(): 11.9981ms
Frame 294 end
Average processing time of GrabImageRGBD(): 11.9706ms
Frame 295 end
Average processing time of GrabImageRGBD(): 11.9426ms
Frame 296 end
Average processing time of GrabImageRGBD(): 12.003ms
Frame 297 end
Average processing time of GrabImageRGBD(): 12.0059ms
Frame 298 end
Average processing time of GrabImageRGBD(): 11.9763ms
Frame 299 end
Average processing time of GrabImageRGBD(): 11.9687ms
Frame 300 end
Average processing time of GrabImageRGBD(): 11.9659ms
Frame 301 end
Average processing time of GrabImageRGBD(): 11.9622ms
Frame 302 end
Average processing time of GrabImageRGBD(): 11.9403ms
Frame 303 end
Average processing time of GrabImageRGBD(): 11.9283ms
Frame 304 end
Average processing time of GrabImageRGBD(): 11.9899ms
Frame 305 end
Average processing time of GrabImageRGBD(): 11.9848ms
Frame 306 end
Average processing time of GrabImageRGBD(): 11.9726ms
Frame 307 end
Average processing time of GrabImageRGBD(): 11.945ms
Frame 308 end
Average processing time of GrabImageRGBD(): 11.9171ms
Frame 309 end
Average processing time of GrabImageRGBD(): 11.8887ms
Frame 310 end
Average processing time of GrabImageRGBD(): 11.8615ms
Frame 311 end
Average processing time of GrabImageRGBD(): 11.8352ms
Frame 312 end
Average processing time of GrabImageRGBD(): 11.824ms
Frame 313 end
Average processing time of GrabImageRGBD(): 11.8068ms
Frame 314 end
Average processing time of GrabImageRGBD(): 11.7882ms
Frame 315 end
Average processing time of GrabImageRGBD(): 11.7793ms
Frame 316 end
Average processing time of GrabImageRGBD(): 11.8431ms
Frame 317 end
Average processing time of GrabImageRGBD(): 11.8327ms
Frame 318 end
Average processing time of GrabImageRGBD(): 11.8057ms
Frame 319 end
Average processing time of GrabImageRGBD(): 11.7807ms
Frame 320 end
Average processing time of GrabImageRGBD(): 11.7706ms
Frame 321 end
Average processing time of GrabImageRGBD(): 11.826ms
Frame 322 end
Average processing time of GrabImageRGBD(): 11.8219ms
Frame 323 end
Average processing time of GrabImageRGBD(): 11.7957ms
Frame 324 end
Average processing time of GrabImageRGBD(): 11.7882ms
Frame 325 end
Average processing time of GrabImageRGBD(): 11.7647ms
Frame 326 end
Average processing time of GrabImageRGBD(): 11.8283ms
Frame 327 end
Average processing time of GrabImageRGBD(): 11.8298ms
Frame 328 end
Average processing time of GrabImageRGBD(): 11.8067ms
Frame 329 end
Average processing time of GrabImageRGBD(): 11.8663ms
Frame 330 end
Average processing time of GrabImageRGBD(): 11.8604ms
Frame 331 end
Average processing time of GrabImageRGBD(): 11.8362ms
Frame 332 end
Average processing time of GrabImageRGBD(): 11.8116ms
Frame 333 end
Average processing time of GrabImageRGBD(): 11.804ms
Frame 334 end
Average processing time of GrabImageRGBD(): 11.7909ms
Frame 335 end
Average processing time of GrabImageRGBD(): 11.8393ms
Frame 336 end
Average processing time of GrabImageRGBD(): 11.8371ms
Frame 337 end
Average processing time of GrabImageRGBD(): 11.8182ms
Frame 338 end
Average processing time of GrabImageRGBD(): 11.7939ms
Frame 339 end
Average processing time of GrabImageRGBD(): 11.7836ms
Frame 340 end
Average processing time of GrabImageRGBD(): 11.7675ms
Frame 341 end
Average processing time of GrabImageRGBD(): 11.8347ms
Frame 342 end
Average processing time of GrabImageRGBD(): 11.8304ms
Frame 343 end
Average processing time of GrabImageRGBD(): 11.8238ms
Frame 344 end
Average processing time of GrabImageRGBD(): 11.8161ms
Frame 345 end
Average processing time of GrabImageRGBD(): 11.7925ms
Frame 346 end
Average processing time of GrabImageRGBD(): 11.7834ms
Frame 347 end
Average processing time of GrabImageRGBD(): 11.7595ms
Frame 348 end
Average processing time of GrabImageRGBD(): 11.7354ms
Frame 349 end
Average processing time of GrabImageRGBD(): 11.7823ms
Frame 350 end
Average processing time of GrabImageRGBD(): 11.7713ms
Frame 351 end
Average processing time of GrabImageRGBD(): 11.7484ms
Frame 352 end
Average processing time of GrabImageRGBD(): 11.7353ms
Frame 353 end
Average processing time of GrabImageRGBD(): 11.7136ms
Frame 354 end
Average processing time of GrabImageRGBD(): 11.6913ms
Frame 355 end
Average processing time of GrabImageRGBD(): 11.6855ms
Frame 356 end
Average processing time of GrabImageRGBD(): 11.6636ms
Frame 357 end
Average processing time of GrabImageRGBD(): 11.6574ms
Frame 358 end
Average processing time of GrabImageRGBD(): 11.6513ms
Frame 359 end
Average processing time of GrabImageRGBD(): 11.6452ms
Frame 360 end
Average processing time of GrabImageRGBD(): 11.6375ms
Frame 361 end
Average processing time of GrabImageRGBD(): 11.6156ms
Frame 362 end
Average processing time of GrabImageRGBD(): 11.5941ms
Frame 363 end
Average processing time of GrabImageRGBD(): 11.5751ms
Frame 364 end
Average processing time of GrabImageRGBD(): 11.5668ms
Frame 365 end
Average processing time of GrabImageRGBD(): 11.5486ms
Frame 366 end
Average processing time of GrabImageRGBD(): 11.5412ms
Frame 367 end
Average processing time of GrabImageRGBD(): 11.5287ms
Frame 368 end
Average processing time of GrabImageRGBD(): 11.5232ms
Frame 369 end
Average processing time of GrabImageRGBD(): 11.5015ms
Frame 370 end
Average processing time of GrabImageRGBD(): 11.4811ms
Frame 371 end
Average processing time of GrabImageRGBD(): 11.4601ms
Frame 372 end
Average processing time of GrabImageRGBD(): 11.4534ms
Frame 373 end
Average processing time of GrabImageRGBD(): 11.4993ms
Frame 374 end
Average processing time of GrabImageRGBD(): 11.482ms
Frame 375 end
Average processing time of GrabImageRGBD(): 11.4601ms
Frame 376 end
Average processing time of GrabImageRGBD(): 11.4388ms
Frame 377 end
Average processing time of GrabImageRGBD(): 11.4324ms
Frame 378 end
Average processing time of GrabImageRGBD(): 11.4263ms
Frame 379 end
Average processing time of GrabImageRGBD(): 11.4183ms
Frame 380 end
Average processing time of GrabImageRGBD(): 11.4855ms
Frame 381 end
Average processing time of GrabImageRGBD(): 11.4823ms
Frame 382 end
Average processing time of GrabImageRGBD(): 11.4611ms
Frame 383 end
Average processing time of GrabImageRGBD(): 11.4455ms
Frame 384 end
Average processing time of GrabImageRGBD(): 11.4252ms
Frame 385 end
Average processing time of GrabImageRGBD(): 11.4048ms
Frame 386 end
Average processing time of GrabImageRGBD(): 11.396ms
Frame 387 end
Average processing time of GrabImageRGBD(): 11.4419ms
Frame 388 end
Average processing time of GrabImageRGBD(): 11.4457ms
Frame 389 end
Average processing time of GrabImageRGBD(): 11.4238ms
Frame 390 end
Average processing time of GrabImageRGBD(): 11.4138ms
Frame 391 end
Average processing time of GrabImageRGBD(): 11.3981ms
Frame 392 end
Average processing time of GrabImageRGBD(): 11.3861ms
Frame 393 end
Average processing time of GrabImageRGBD(): 11.3653ms
Frame 394 end
Average processing time of GrabImageRGBD(): 11.4107ms
Frame 395 end
Average processing time of GrabImageRGBD(): 11.4074ms
Frame 396 end
Average processing time of GrabImageRGBD(): 11.3881ms
Frame 397 end
Average processing time of GrabImageRGBD(): 11.3729ms
Frame 398 end
Average processing time of GrabImageRGBD(): 11.3698ms
Frame 399 end
Average processing time of GrabImageRGBD(): 11.3652ms
Frame 400 end
Average processing time of GrabImageRGBD(): 11.3446ms
Frame 401 end
Average processing time of GrabImageRGBD(): 11.3909ms
Frame 402 end
Average processing time of GrabImageRGBD(): 11.38ms
Frame 403 end
Average processing time of GrabImageRGBD(): 11.3757ms
Frame 404 end
Average processing time of GrabImageRGBD(): 11.3567ms
Frame 405 end
Average processing time of GrabImageRGBD(): 11.3396ms
Frame 406 end
Average processing time of GrabImageRGBD(): 11.3881ms
Frame 407 end
Average processing time of GrabImageRGBD(): 11.377ms
Frame 408 end
Average processing time of GrabImageRGBD(): 11.3786ms
Frame 409 end
Average processing time of GrabImageRGBD(): 11.3693ms
Frame 410 end
Average processing time of GrabImageRGBD(): 11.3511ms
Frame 411 end
Average processing time of GrabImageRGBD(): 11.3312ms
Frame 412 end
Average processing time of GrabImageRGBD(): 11.3223ms
Frame 413 end
Average processing time of GrabImageRGBD(): 11.3116ms
Frame 414 end
Average processing time of GrabImageRGBD(): 11.359ms
Frame 415 end
Average processing time of GrabImageRGBD(): 11.3546ms
Frame 416 end
Average processing time of GrabImageRGBD(): 11.3475ms
Frame 417 end
Average processing time of GrabImageRGBD(): 11.3393ms
Frame 418 end
Average processing time of GrabImageRGBD(): 11.3238ms
Frame 419 end
Average processing time of GrabImageRGBD(): 11.3049ms
Frame 420 end
Average processing time of GrabImageRGBD(): 11.2887ms
Frame 421 end
Average processing time of GrabImageRGBD(): 11.3593ms
Frame 422 end
Average processing time of GrabImageRGBD(): 11.3577ms
Frame 423 end
Average processing time of GrabImageRGBD(): 11.3385ms
Frame 424 end
Average processing time of GrabImageRGBD(): 11.3214ms
Frame 425 end
Average processing time of GrabImageRGBD(): 11.3032ms
Frame 426 end
Average processing time of GrabImageRGBD(): 11.2967ms
Frame 427 end
Average processing time of GrabImageRGBD(): 11.2786ms
Frame 428 end
Average processing time of GrabImageRGBD(): 11.3195ms
Frame 429 end
Average processing time of GrabImageRGBD(): 11.3047ms
Frame 430 end
Average processing time of GrabImageRGBD(): 11.2868ms
Frame 431 end
Average processing time of GrabImageRGBD(): 11.2829ms
Frame 432 end
Average processing time of GrabImageRGBD(): 11.2649ms
Frame 433 end
Average processing time of GrabImageRGBD(): 11.2475ms
Frame 434 end
Average processing time of GrabImageRGBD(): 11.2322ms
Frame 435 end
Average processing time of GrabImageRGBD(): 11.2728ms
Frame 436 end
Average processing time of GrabImageRGBD(): 11.2684ms
Frame 437 end
Average processing time of GrabImageRGBD(): 11.2527ms
Frame 438 end
Average processing time of GrabImageRGBD(): 11.2463ms
Frame 439 end
Average processing time of GrabImageRGBD(): 11.2287ms
Frame 440 end
Average processing time of GrabImageRGBD(): 11.2238ms
Frame 441 end
Average processing time of GrabImageRGBD(): 11.2171ms
Frame 442 end
Average processing time of GrabImageRGBD(): 11.256ms
Frame 443 end
Average processing time of GrabImageRGBD(): 11.2453ms
Frame 444 end
Average processing time of GrabImageRGBD(): 11.2273ms
Frame 445 end
Average processing time of GrabImageRGBD(): 11.225ms
Frame 446 end
Average processing time of GrabImageRGBD(): 11.2093ms
Frame 447 end
Average processing time of GrabImageRGBD(): 11.1952ms
Frame 448 end
Average processing time of GrabImageRGBD(): 11.1789ms
Frame 449 end
Average processing time of GrabImageRGBD(): 11.1648ms
Frame 450 end
Average processing time of GrabImageRGBD(): 11.1516ms
Frame 451 end
Average processing time of GrabImageRGBD(): 11.1484ms
Frame 452 end
Average processing time of GrabImageRGBD(): 11.1319ms
Frame 453 end
Average processing time of GrabImageRGBD(): 11.1268ms
Frame 454 end
Average processing time of GrabImageRGBD(): 11.1169ms
Frame 455 end
Average processing time of GrabImageRGBD(): 11.1115ms
Frame 456 end
Average processing time of GrabImageRGBD(): 11.1574ms
Frame 457 end
Average processing time of GrabImageRGBD(): 11.1436ms
Frame 458 end
Average processing time of GrabImageRGBD(): 11.1258ms
Frame 459 end
Average processing time of GrabImageRGBD(): 11.1166ms
Frame 460 end
Average processing time of GrabImageRGBD(): 11.1009ms
Frame 461 end
Average processing time of GrabImageRGBD(): 11.0932ms
Frame 462 end
Average processing time of GrabImageRGBD(): 11.088ms
Frame 463 end
Average processing time of GrabImageRGBD(): 11.0829ms
Frame 464 end
Average processing time of GrabImageRGBD(): 11.0666ms
Frame 465 end
Average processing time of GrabImageRGBD(): 11.0614ms
Frame 466 end
Average processing time of GrabImageRGBD(): 11.0558ms
Frame 467 end
Average processing time of GrabImageRGBD(): 11.1047ms
Frame 468 end
Average processing time of GrabImageRGBD(): 11.1039ms
Frame 469 end
Average processing time of GrabImageRGBD(): 11.0866ms
Frame 470 end
Average processing time of GrabImageRGBD(): 11.0819ms
Frame 471 end
Average processing time of GrabImageRGBD(): 11.0766ms
Frame 472 end
Average processing time of GrabImageRGBD(): 11.0684ms
Frame 473 end
Average processing time of GrabImageRGBD(): 11.0519ms
Frame 474 end
Average processing time of GrabImageRGBD(): 11.0467ms
Frame 475 end
Average processing time of GrabImageRGBD(): 11.0308ms
Frame 476 end
Average processing time of GrabImageRGBD(): 11.0263ms
Frame 477 end
Average processing time of GrabImageRGBD(): 11.0631ms
Frame 478 end
Average processing time of GrabImageRGBD(): 11.0511ms
Frame 479 end
Average processing time of GrabImageRGBD(): 11.0484ms
Frame 480 end
Average processing time of GrabImageRGBD(): 11.0463ms
Frame 481 end
Average processing time of GrabImageRGBD(): 11.0316ms
Frame 482 end
Average processing time of GrabImageRGBD(): 11.0159ms
Frame 483 end
Average processing time of GrabImageRGBD(): 11.0094ms
Frame 484 end
Average processing time of GrabImageRGBD(): 11ms
Frame 485 end
Average processing time of GrabImageRGBD(): 10.9967ms
Frame 486 end
Average processing time of GrabImageRGBD(): 10.9926ms
Frame 487 end
Average processing time of GrabImageRGBD(): 10.9772ms
Frame 488 end
Average processing time of GrabImageRGBD(): 10.9624ms
Frame 489 end
Average processing time of GrabImageRGBD(): 10.9471ms
Frame 490 end
Average processing time of GrabImageRGBD(): 10.9442ms
Frame 491 end
Average processing time of GrabImageRGBD(): 10.93ms
Frame 492 end
Average processing time of GrabImageRGBD(): 10.9136ms
Frame 493 end
Shutdown
-------

median tracking time: 0.00958079
mean tracking time: 0.0117936

Saving camera trajectory to CameraTrajectory.txt ...

Saving keyframe trajectory to KeyFrameTrajectory.txt ...
