
ORB-SLAM3 Copyright (C) 2017-2020 Carlos Campos, Richard Elvira, Juan J. Gómez, José M.M. Montiel and Juan D. Tardós, University of Zaragoza.
ORB-SLAM2 Copyright (C) 2014-2016 Raúl Mur-Artal, José M.M. Montiel and Juan D. Tardós, University of Zaragoza.
This program comes with ABSOLUTELY NO WARRANTY;
This is free software, and you are welcome to redistribute it
under certain conditions. See LICENSE.txt.

Input sensor was set to: RGB-D
Loading settings from /home/bingxin/Downloads/NGD-SLAM/Examples/RGB-D/Bonn.yaml
Camera1.k3 optional parameter does not exist...
	-Loaded camera 1
Camera.newHeight optional parameter does not exist...
Camera.newWidth optional parameter does not exist...
	-Loaded image info
	-Loaded RGB-D calibration
	-Loaded ORB settings
Viewer.imageViewScale optional parameter does not exist...
	-Loaded viewer settings
System.LoadAtlasFromFile optional parameter does not exist...
System.SaveAtlasToFile optional parameter does not exist...
	-Loaded Atlas settings
System.thFarPoints optional parameter does not exist...
	-Loaded misc parameters
----------------------------------
SLAM settings: 
	-Camera 1 parameters (Pinhole): [ 542.823 542.577 315.594 237.756 ]
	-Camera 1 distortion parameters: [  0.039903 -0.099343 -0.00073 -0.000144 ]
	-Original image size: [ 640 , 480 ]
	-Current image size: [ 640 , 480 ]
	-Sequence FPS: 30
	-RGB-D depth map factor: 5000
	-Features per image: 1000
	-ORB scale factor: 1.2
	-ORB number of scales: 8
	-Initial FAST threshold: 20
	-Min FAST threshold: 7


Loading ORB Vocabulary. This could take a while...
Vocabulary loaded!

Initialization of Atlas from scratch 
Creation of new map with id: 0
Creation of new map with last KF id: 0
Seq. Name: 
There are 1 cameras in the atlas
Camera 0 is pinhole
Net use yolo-fastest

-------
Start processing sequence ...
Images in the sequence: 494

First KF:0; Map init KF:0
New Map created with 974 points
Average processing time of GrabImageRGBD(): 44.2176ms
Frame 0 end
Average processing time of GrabImageRGBD(): 34.6554ms
Frame 1 end
Average processing time of GrabImageRGBD(): 31.5238ms
Frame 2 end
Average processing time of GrabImageRGBD(): 30.5635ms
Frame 3 end
Average processing time of GrabImageRGBD(): 26.8194ms
Frame 4 end
Average processing time of GrabImageRGBD(): 23.0355ms
Frame 5 end
Starting the Viewer
Average processing time of GrabImageRGBD(): 20.7071ms
Frame 6 end
Average processing time of GrabImageRGBD(): 19.2624ms
Frame 7 end
Average processing time of GrabImageRGBD(): 18.0418ms
Frame 8 end
Average processing time of GrabImageRGBD(): 16.5748ms
Frame 9 end
Average processing time of GrabImageRGBD(): 17.6947ms
Frame 10 end
Average processing time of GrabImageRGBD(): 16.5601ms
Frame 11 end
Average processing time of GrabImageRGBD(): 17.3564ms
Frame 12 end
Average processing time of GrabImageRGBD(): 16.621ms
Frame 13 end
Average processing time of GrabImageRGBD(): 17.3051ms
Frame 14 end
Average processing time of GrabImageRGBD(): 16.8574ms
Frame 15 end
Average processing time of GrabImageRGBD(): 16.4409ms
Frame 16 end
Average processing time of GrabImageRGBD(): 16.0277ms
Frame 17 end
Average processing time of GrabImageRGBD(): 15.4356ms
Frame 18 end
Average processing time of GrabImageRGBD(): 15.1302ms
Frame 19 end
Average processing time of GrabImageRGBD(): 14.5696ms
Frame 20 end
Average processing time of GrabImageRGBD(): 14.3447ms
Frame 21 end
Average processing time of GrabImageRGBD(): 13.878ms
Frame 22 end
Average processing time of GrabImageRGBD(): 14.422ms
Frame 23 end
Average processing time of GrabImageRGBD(): 14.129ms
Frame 24 end
Average processing time of GrabImageRGBD(): 13.7917ms
Frame 25 end
Average processing time of GrabImageRGBD(): 13.4049ms
Frame 26 end
Average processing time of GrabImageRGBD(): 13.1159ms
Frame 27 end
Average processing time of GrabImageRGBD(): 12.9706ms
Frame 28 end
Average processing time of GrabImageRGBD(): 12.7177ms
Frame 29 end
Average processing time of GrabImageRGBD(): 12.5911ms
Frame 30 end
Average processing time of GrabImageRGBD(): 12.4707ms
Frame 31 end
Average processing time of GrabImageRGBD(): 12.2362ms
Frame 32 end
Average processing time of GrabImageRGBD(): 11.9745ms
Frame 33 end
Average processing time of GrabImageRGBD(): 11.731ms
Frame 34 end
Average processing time of GrabImageRGBD(): 11.6144ms
Frame 35 end
Average processing time of GrabImageRGBD(): 12.1186ms
Frame 36 end
Average processing time of GrabImageRGBD(): 11.9001ms
Frame 37 end
Average processing time of GrabImageRGBD(): 11.6694ms
Frame 38 end
Average processing time of GrabImageRGBD(): 11.5927ms
Frame 39 end
Average processing time of GrabImageRGBD(): 11.9855ms
Frame 40 end
Average processing time of GrabImageRGBD(): 11.8921ms
Frame 41 end
Average processing time of GrabImageRGBD(): 12.2361ms
Frame 42 end
Average processing time of GrabImageRGBD(): 12.0516ms
Frame 43 end
Average processing time of GrabImageRGBD(): 11.8522ms
Frame 44 end
Average processing time of GrabImageRGBD(): 11.7308ms
Frame 45 end
Average processing time of GrabImageRGBD(): 11.5429ms
Frame 46 end
Average processing time of GrabImageRGBD(): 11.3687ms
Frame 47 end
Average processing time of GrabImageRGBD(): 11.7587ms
Frame 48 end
Average processing time of GrabImageRGBD(): 11.6096ms
Frame 49 end
Average processing time of GrabImageRGBD(): 11.568ms
Frame 50 end
Average processing time of GrabImageRGBD(): 11.5207ms
Frame 51 end
Average processing time of GrabImageRGBD(): 11.8912ms
Frame 52 end
Average processing time of GrabImageRGBD(): 11.8612ms
Frame 53 end
Average processing time of GrabImageRGBD(): 11.8307ms
Frame 54 end
Average processing time of GrabImageRGBD(): 11.6797ms
Frame 55 end
Average processing time of GrabImageRGBD(): 11.5386ms
Frame 56 end
Average processing time of GrabImageRGBD(): 11.4013ms
Frame 57 end
Average processing time of GrabImageRGBD(): 11.27ms
Frame 58 end
Average processing time of GrabImageRGBD(): 11.2081ms
Frame 59 end
Average processing time of GrabImageRGBD(): 11.0817ms
Frame 60 end
Average processing time of GrabImageRGBD(): 11.0497ms
Frame 61 end
Average processing time of GrabImageRGBD(): 10.9409ms
Frame 62 end
Average processing time of GrabImageRGBD(): 10.906ms
Frame 63 end
Average processing time of GrabImageRGBD(): 10.8748ms
Frame 64 end
Average processing time of GrabImageRGBD(): 10.7578ms
Frame 65 end
Average processing time of GrabImageRGBD(): 10.6885ms
Frame 66 end
Average processing time of GrabImageRGBD(): 10.9736ms
Frame 67 end
Average processing time of GrabImageRGBD(): 10.9658ms
Frame 68 end
Average processing time of GrabImageRGBD(): 10.8575ms
Frame 69 end
Average processing time of GrabImageRGBD(): 10.8389ms
Frame 70 end
Average processing time of GrabImageRGBD(): 10.7968ms
Frame 71 end
Average processing time of GrabImageRGBD(): 10.6862ms
Frame 72 end
Average processing time of GrabImageRGBD(): 10.6658ms
Frame 73 end
Average processing time of GrabImageRGBD(): 10.6437ms
Frame 74 end
Average processing time of GrabImageRGBD(): 10.5675ms
Frame 75 end
Average processing time of GrabImageRGBD(): 10.5474ms
Frame 76 end
Average processing time of GrabImageRGBD(): 10.4546ms
Frame 77 end
Average processing time of GrabImageRGBD(): 10.3637ms
Frame 78 end
Average processing time of GrabImageRGBD(): 10.344ms
Frame 79 end
Average processing time of GrabImageRGBD(): 10.3318ms
Frame 80 end
Average processing time of GrabImageRGBD(): 10.2494ms
Frame 81 end
Average processing time of GrabImageRGBD(): 10.2404ms
Frame 82 end
Average processing time of GrabImageRGBD(): 10.1738ms
Frame 83 end
Average processing time of GrabImageRGBD(): 10.0919ms
Frame 84 end
Average processing time of GrabImageRGBD(): 10.0756ms
Frame 85 end
Average processing time of GrabImageRGBD(): 10.0551ms
Frame 86 end
Average processing time of GrabImageRGBD(): 10.2821ms
Frame 87 end
Average processing time of GrabImageRGBD(): 10.2707ms
Frame 88 end
Average processing time of GrabImageRGBD(): 10.1894ms
Frame 89 end
Average processing time of GrabImageRGBD(): 10.178ms
Frame 90 end
Average processing time of GrabImageRGBD(): 10.0977ms
Frame 91 end
Average processing time of GrabImageRGBD(): 10.0823ms
Frame 92 end
Average processing time of GrabImageRGBD(): 10.0089ms
Frame 93 end
Average processing time of GrabImageRGBD(): 9.99558ms
Frame 94 end
Average processing time of GrabImageRGBD(): 9.98134ms
Frame 95 end
Average processing time of GrabImageRGBD(): 9.96402ms
Frame 96 end
Average processing time of GrabImageRGBD(): 9.9501ms
Frame 97 end
Average processing time of GrabImageRGBD(): 9.89758ms
Frame 98 end
Average processing time of GrabImageRGBD(): 9.8835ms
Frame 99 end
Average processing time of GrabImageRGBD(): 9.81906ms
Frame 100 end
Average processing time of GrabImageRGBD(): 9.80733ms
Frame 101 end
Average processing time of GrabImageRGBD(): 9.74706ms
Frame 102 end
Average processing time of GrabImageRGBD(): 9.73086ms
Frame 103 end
Average processing time of GrabImageRGBD(): 9.89708ms
Frame 104 end
Average processing time of GrabImageRGBD(): 9.84267ms
Frame 105 end
Average processing time of GrabImageRGBD(): 9.84984ms
Frame 106 end
Average processing time of GrabImageRGBD(): 9.84996ms
Frame 107 end
Average processing time of GrabImageRGBD(): 9.84563ms
Frame 108 end
Average processing time of GrabImageRGBD(): 9.80346ms
Frame 109 end
Average processing time of GrabImageRGBD(): 9.79712ms
Frame 110 end
Average processing time of GrabImageRGBD(): 9.78733ms
Frame 111 end
Average processing time of GrabImageRGBD(): 9.73452ms
Frame 112 end
Average processing time of GrabImageRGBD(): 9.6796ms
Frame 113 end
Average processing time of GrabImageRGBD(): 9.67872ms
Frame 114 end
Average processing time of GrabImageRGBD(): 9.64979ms
Frame 115 end
Average processing time of GrabImageRGBD(): 9.64924ms
Frame 116 end
Average processing time of GrabImageRGBD(): 9.59534ms
Frame 117 end
Average processing time of GrabImageRGBD(): 9.54697ms
Frame 118 end
Average processing time of GrabImageRGBD(): 9.49505ms
Frame 119 end
Average processing time of GrabImageRGBD(): 9.488ms
Frame 120 end
Average processing time of GrabImageRGBD(): 9.48065ms
Frame 121 end
Average processing time of GrabImageRGBD(): 9.46673ms
Frame 122 end
Average processing time of GrabImageRGBD(): 9.41854ms
Frame 123 end
Average processing time of GrabImageRGBD(): 9.41073ms
Frame 124 end
Average processing time of GrabImageRGBD(): 9.40698ms
Frame 125 end
Average processing time of GrabImageRGBD(): 9.36131ms
Frame 126 end
Average processing time of GrabImageRGBD(): 9.36282ms
Frame 127 end
Average processing time of GrabImageRGBD(): 9.5385ms
Frame 128 end
Average processing time of GrabImageRGBD(): 9.54853ms
Frame 129 end
Average processing time of GrabImageRGBD(): 9.55843ms
Frame 130 end
Average processing time of GrabImageRGBD(): 9.53904ms
Frame 131 end
Average processing time of GrabImageRGBD(): 9.53931ms
Frame 132 end
Average processing time of GrabImageRGBD(): 9.53819ms
Frame 133 end
Average processing time of GrabImageRGBD(): 9.51255ms
Frame 134 end
Average processing time of GrabImageRGBD(): 9.46504ms
Frame 135 end
Average processing time of GrabImageRGBD(): 9.45893ms
Frame 136 end
Average processing time of GrabImageRGBD(): 9.4553ms
Frame 137 end
Average processing time of GrabImageRGBD(): 9.41463ms
Frame 138 end
Average processing time of GrabImageRGBD(): 9.38862ms
Frame 139 end
Average processing time of GrabImageRGBD(): 9.38377ms
Frame 140 end
Average processing time of GrabImageRGBD(): 9.38198ms
Frame 141 end
Average processing time of GrabImageRGBD(): 9.33575ms
Frame 142 end
Average processing time of GrabImageRGBD(): 9.32942ms
Frame 143 end
Average processing time of GrabImageRGBD(): 9.30589ms
Frame 144 end
Average processing time of GrabImageRGBD(): 9.30036ms
Frame 145 end
Average processing time of GrabImageRGBD(): 9.2938ms
Frame 146 end
Average processing time of GrabImageRGBD(): 9.25368ms
Frame 147 end
Average processing time of GrabImageRGBD(): 9.21452ms
Frame 148 end
Average processing time of GrabImageRGBD(): 9.20263ms
Frame 149 end
Average processing time of GrabImageRGBD(): 9.16531ms
Frame 150 end
Average processing time of GrabImageRGBD(): 9.14358ms
Frame 151 end
Average processing time of GrabImageRGBD(): 9.11572ms
Frame 152 end
Average processing time of GrabImageRGBD(): 9.0857ms
Frame 153 end
Average processing time of GrabImageRGBD(): 9.04701ms
Frame 154 end
Average processing time of GrabImageRGBD(): 9.02358ms
Frame 155 end
Average processing time of GrabImageRGBD(): 9.00168ms
Frame 156 end
Average processing time of GrabImageRGBD(): 9.0006ms
Frame 157 end
Average processing time of GrabImageRGBD(): 8.97694ms
Frame 158 end
Average processing time of GrabImageRGBD(): 9.11547ms
Frame 159 end
Average processing time of GrabImageRGBD(): 9.08832ms
Frame 160 end
Average processing time of GrabImageRGBD(): 9.05372ms
Frame 161 end
Average processing time of GrabImageRGBD(): 9.08084ms
Frame 162 end
Average processing time of GrabImageRGBD(): 9.10405ms
Frame 163 end
Average processing time of GrabImageRGBD(): 9.25853ms
Frame 164 end
Average processing time of GrabImageRGBD(): 9.29179ms
Frame 165 end
Average processing time of GrabImageRGBD(): 9.32702ms
Frame 166 end
Average processing time of GrabImageRGBD(): 9.49673ms
Frame 167 end
Average processing time of GrabImageRGBD(): 9.52173ms
Frame 168 end
Average processing time of GrabImageRGBD(): 9.55593ms
Frame 169 end
Average processing time of GrabImageRGBD(): 9.71714ms
Frame 170 end
Average processing time of GrabImageRGBD(): 9.76294ms
Frame 171 end
Average processing time of GrabImageRGBD(): 9.7923ms
Frame 172 end
Average processing time of GrabImageRGBD(): 9.81175ms
Frame 173 end
Average processing time of GrabImageRGBD(): 9.82807ms
Frame 174 end
Average processing time of GrabImageRGBD(): 9.86234ms
Frame 175 end
Average processing time of GrabImageRGBD(): 9.87536ms
Frame 176 end
Average processing time of GrabImageRGBD(): 9.91048ms
Frame 177 end
Average processing time of GrabImageRGBD(): 9.94037ms
Frame 178 end
Average processing time of GrabImageRGBD(): 9.93865ms
Frame 179 end
Average processing time of GrabImageRGBD(): 10.0894ms
Frame 180 end
Average processing time of GrabImageRGBD(): 10.1367ms
Frame 181 end
Average processing time of GrabImageRGBD(): 10.1603ms
Frame 182 end
Average processing time of GrabImageRGBD(): 10.1858ms
Frame 183 end
Average processing time of GrabImageRGBD(): 10.2048ms
Frame 184 end
Average processing time of GrabImageRGBD(): 10.2268ms
Frame 185 end
Average processing time of GrabImageRGBD(): 10.3517ms
Frame 186 end
Average processing time of GrabImageRGBD(): 10.3762ms
Frame 187 end
Average processing time of GrabImageRGBD(): 10.3993ms
Frame 188 end
Average processing time of GrabImageRGBD(): 10.4194ms
Frame 189 end
Average processing time of GrabImageRGBD(): 10.432ms
Frame 190 end
Average processing time of GrabImageRGBD(): 10.4474ms
Frame 191 end
Average processing time of GrabImageRGBD(): 10.4498ms
Frame 192 end
Average processing time of GrabImageRGBD(): 10.4644ms
Frame 193 end
Average processing time of GrabImageRGBD(): 10.4775ms
Frame 194 end
Average processing time of GrabImageRGBD(): 10.4858ms
Frame 195 end
Average processing time of GrabImageRGBD(): 10.6105ms
Frame 196 end
Average processing time of GrabImageRGBD(): 10.6269ms
Frame 197 end
Average processing time of GrabImageRGBD(): 10.6422ms
Frame 198 end
Average processing time of GrabImageRGBD(): 10.6298ms
Frame 199 end
Average processing time of GrabImageRGBD(): 10.6422ms
Frame 200 end
Average processing time of GrabImageRGBD(): 10.6342ms
Frame 201 end
Average processing time of GrabImageRGBD(): 10.6397ms
Frame 202 end
Average processing time of GrabImageRGBD(): 10.6382ms
Frame 203 end
Average processing time of GrabImageRGBD(): 10.6522ms
Frame 204 end
Average processing time of GrabImageRGBD(): 10.669ms
Frame 205 end
Average processing time of GrabImageRGBD(): 10.6726ms
Frame 206 end
Average processing time of GrabImageRGBD(): 10.6889ms
Frame 207 end
Average processing time of GrabImageRGBD(): 10.702ms
Frame 208 end
Average processing time of GrabImageRGBD(): 10.8214ms
Frame 209 end
Average processing time of GrabImageRGBD(): 10.8393ms
Frame 210 end
Average processing time of GrabImageRGBD(): 10.8551ms
Frame 211 end
Average processing time of GrabImageRGBD(): 10.8706ms
Frame 212 end
Average processing time of GrabImageRGBD(): 10.8791ms
Frame 213 end
Average processing time of GrabImageRGBD(): 10.9986ms
Frame 214 end
Average processing time of GrabImageRGBD(): 11.0147ms
Frame 215 end
Average processing time of GrabImageRGBD(): 11.0339ms
Frame 216 end
Average processing time of GrabImageRGBD(): 11.0534ms
Frame 217 end
Average processing time of GrabImageRGBD(): 11.1692ms
Frame 218 end
Average processing time of GrabImageRGBD(): 11.1861ms
Frame 219 end
Average processing time of GrabImageRGBD(): 11.1949ms
Frame 220 end
Average processing time of GrabImageRGBD(): 11.1971ms
Frame 221 end
Average processing time of GrabImageRGBD(): 11.2125ms
Frame 222 end
Average processing time of GrabImageRGBD(): 11.3302ms
Frame 223 end
Average processing time of GrabImageRGBD(): 11.3386ms
Frame 224 end
Average processing time of GrabImageRGBD(): 11.359ms
Frame 225 end
Average processing time of GrabImageRGBD(): 11.3608ms
Frame 226 end
Average processing time of GrabImageRGBD(): 11.3871ms
Frame 227 end
Average processing time of GrabImageRGBD(): 11.3993ms
Frame 228 end
Average processing time of GrabImageRGBD(): 11.4072ms
Frame 229 end
Average processing time of GrabImageRGBD(): 11.4143ms
Frame 230 end
Average processing time of GrabImageRGBD(): 11.5111ms
Frame 231 end
Average processing time of GrabImageRGBD(): 11.528ms
Frame 232 end
Average processing time of GrabImageRGBD(): 11.524ms
Frame 233 end
Average processing time of GrabImageRGBD(): 11.5326ms
Frame 234 end
Average processing time of GrabImageRGBD(): 11.5361ms
Frame 235 end
Average processing time of GrabImageRGBD(): 11.5497ms
Frame 236 end
Average processing time of GrabImageRGBD(): 11.5362ms
Frame 237 end
Average processing time of GrabImageRGBD(): 11.5393ms
Frame 238 end
Average processing time of GrabImageRGBD(): 11.5464ms
Frame 239 end
Average processing time of GrabImageRGBD(): 11.638ms
Frame 240 end
Average processing time of GrabImageRGBD(): 11.657ms
Frame 241 end
Average processing time of GrabImageRGBD(): 11.6663ms
Frame 242 end
Average processing time of GrabImageRGBD(): 11.6745ms
Frame 243 end
Average processing time of GrabImageRGBD(): 11.6715ms
Frame 244 end
Average processing time of GrabImageRGBD(): 11.667ms
Frame 245 end
Average processing time of GrabImageRGBD(): 11.6753ms
Frame 246 end
Average processing time of GrabImageRGBD(): 11.6871ms
Frame 247 end
Average processing time of GrabImageRGBD(): 11.7006ms
Frame 248 end
Average processing time of GrabImageRGBD(): 11.7042ms
Frame 249 end
Average processing time of GrabImageRGBD(): 11.6981ms
Frame 250 end
Average processing time of GrabImageRGBD(): 11.7084ms
Frame 251 end
Average processing time of GrabImageRGBD(): 11.8088ms
Frame 252 end
Average processing time of GrabImageRGBD(): 11.8222ms
Frame 253 end
Average processing time of GrabImageRGBD(): 11.8455ms
Frame 254 end
Average processing time of GrabImageRGBD(): 11.8744ms
Frame 255 end
Average processing time of GrabImageRGBD(): 11.8817ms
Frame 256 end
Average processing time of GrabImageRGBD(): 11.8866ms
Frame 257 end
Average processing time of GrabImageRGBD(): 11.8728ms
Frame 258 end
Average processing time of GrabImageRGBD(): 11.8369ms
Frame 259 end
Average processing time of GrabImageRGBD(): 11.895ms
Frame 260 end
Average processing time of GrabImageRGBD(): 11.8713ms
Frame 261 end
Average processing time of GrabImageRGBD(): 11.8378ms
Frame 262 end
Average processing time of GrabImageRGBD(): 11.8206ms
Frame 263 end
Average processing time of GrabImageRGBD(): 11.8348ms
Frame 264 end
Average processing time of GrabImageRGBD(): 11.8303ms
Frame 265 end
Average processing time of GrabImageRGBD(): 11.8303ms
Frame 266 end
Average processing time of GrabImageRGBD(): 11.826ms
Frame 267 end
Average processing time of GrabImageRGBD(): 11.8257ms
Frame 268 end
Average processing time of GrabImageRGBD(): 11.8264ms
Frame 269 end
Average processing time of GrabImageRGBD(): 11.8217ms
Frame 270 end
Average processing time of GrabImageRGBD(): 11.9014ms
Frame 271 end
Average processing time of GrabImageRGBD(): 11.9076ms
Frame 272 end
Average processing time of GrabImageRGBD(): 11.9138ms
Frame 273 end
Average processing time of GrabImageRGBD(): 11.9167ms
Frame 274 end
Average processing time of GrabImageRGBD(): 11.9078ms
Frame 275 end
Average processing time of GrabImageRGBD(): 11.8954ms
Frame 276 end
Average processing time of GrabImageRGBD(): 11.896ms
Frame 277 end
Average processing time of GrabImageRGBD(): 11.8895ms
Frame 278 end
Average processing time of GrabImageRGBD(): 11.8825ms
Frame 279 end
Average processing time of GrabImageRGBD(): 11.8737ms
Frame 280 end
Average processing time of GrabImageRGBD(): 11.8429ms
Frame 281 end
Average processing time of GrabImageRGBD(): 11.8214ms
Frame 282 end
Average processing time of GrabImageRGBD(): 11.7921ms
Frame 283 end
Average processing time of GrabImageRGBD(): 11.7642ms
Frame 284 end
Average processing time of GrabImageRGBD(): 11.7461ms
Frame 285 end
Average processing time of GrabImageRGBD(): 11.7307ms
Frame 286 end
Average processing time of GrabImageRGBD(): 11.7236ms
Frame 287 end
Average processing time of GrabImageRGBD(): 11.7142ms
Frame 288 end
Average processing time of GrabImageRGBD(): 11.6829ms
Frame 289 end
Average processing time of GrabImageRGBD(): 11.6627ms
Frame 290 end
Average processing time of GrabImageRGBD(): 11.6466ms
Frame 291 end
Average processing time of GrabImageRGBD(): 11.6187ms
Frame 292 end
Average processing time of GrabImageRGBD(): 11.6012ms
Frame 293 end
Average processing time of GrabImageRGBD(): 11.672ms
Frame 294 end
Average processing time of GrabImageRGBD(): 11.6771ms
Frame 295 end
Average processing time of GrabImageRGBD(): 11.6489ms
Frame 296 end
Average processing time of GrabImageRGBD(): 11.6229ms
Frame 297 end
Average processing time of GrabImageRGBD(): 11.6111ms
Frame 298 end
Average processing time of GrabImageRGBD(): 11.6791ms
Frame 299 end
Average processing time of GrabImageRGBD(): 11.6712ms
Frame 300 end
Average processing time of GrabImageRGBD(): 11.6422ms
Frame 301 end
Average processing time of GrabImageRGBD(): 11.6377ms
Frame 302 end
Average processing time of GrabImageRGBD(): 11.6248ms
Frame 303 end
Average processing time of GrabImageRGBD(): 11.5961ms
Frame 304 end
Average processing time of GrabImageRGBD(): 11.6524ms
Frame 305 end
Average processing time of GrabImageRGBD(): 11.6454ms
Frame 306 end
Average processing time of GrabImageRGBD(): 11.6208ms
Frame 307 end
Average processing time of GrabImageRGBD(): 11.5956ms
Frame 308 end
Average processing time of GrabImageRGBD(): 11.5896ms
Frame 309 end
Average processing time of GrabImageRGBD(): 11.5628ms
Frame 310 end
Average processing time of GrabImageRGBD(): 11.5373ms
Frame 311 end
Average processing time of GrabImageRGBD(): 11.519ms
Frame 312 end
Average processing time of GrabImageRGBD(): 11.4943ms
Frame 313 end
Average processing time of GrabImageRGBD(): 11.4778ms
Frame 314 end
Average processing time of GrabImageRGBD(): 11.4525ms
Frame 315 end
Average processing time of GrabImageRGBD(): 11.4462ms
Frame 316 end
Average processing time of GrabImageRGBD(): 11.4267ms
Frame 317 end
Average processing time of GrabImageRGBD(): 11.401ms
Frame 318 end
Average processing time of GrabImageRGBD(): 11.394ms
Frame 319 end
Average processing time of GrabImageRGBD(): 11.3868ms
Frame 320 end
Average processing time of GrabImageRGBD(): 11.3791ms
Frame 321 end
Average processing time of GrabImageRGBD(): 11.3714ms
Frame 322 end
Average processing time of GrabImageRGBD(): 11.3623ms
Frame 323 end
Average processing time of GrabImageRGBD(): 11.3503ms
Frame 324 end
Average processing time of GrabImageRGBD(): 11.3323ms
Frame 325 end
Average processing time of GrabImageRGBD(): 11.3973ms
Frame 326 end
Average processing time of GrabImageRGBD(): 11.3922ms
Frame 327 end
Average processing time of GrabImageRGBD(): 11.3901ms
Frame 328 end
Average processing time of GrabImageRGBD(): 11.3825ms
Frame 329 end
Average processing time of GrabImageRGBD(): 11.3585ms
Frame 330 end
Average processing time of GrabImageRGBD(): 11.3338ms
Frame 331 end
Average processing time of GrabImageRGBD(): 11.3933ms
Frame 332 end
Average processing time of GrabImageRGBD(): 11.3778ms
Frame 333 end
Average processing time of GrabImageRGBD(): 11.3745ms
Frame 334 end
Average processing time of GrabImageRGBD(): 11.3565ms
Frame 335 end
Average processing time of GrabImageRGBD(): 11.3331ms
Frame 336 end
Average processing time of GrabImageRGBD(): 11.3871ms
Frame 337 end
Average processing time of GrabImageRGBD(): 11.3817ms
Frame 338 end
Average processing time of GrabImageRGBD(): 11.3678ms
Frame 339 end
Average processing time of GrabImageRGBD(): 11.3456ms
Frame 340 end
Average processing time of GrabImageRGBD(): 11.3255ms
Frame 341 end
Average processing time of GrabImageRGBD(): 11.3846ms
Frame 342 end
Average processing time of GrabImageRGBD(): 11.3641ms
Frame 343 end
Average processing time of GrabImageRGBD(): 11.3546ms
Frame 344 end
Average processing time of GrabImageRGBD(): 11.3322ms
Frame 345 end
Average processing time of GrabImageRGBD(): 11.3209ms
Frame 346 end
Average processing time of GrabImageRGBD(): 11.3013ms
Frame 347 end
Average processing time of GrabImageRGBD(): 11.3576ms
Frame 348 end
Average processing time of GrabImageRGBD(): 11.3558ms
Frame 349 end
Average processing time of GrabImageRGBD(): 11.3322ms
Frame 350 end
Average processing time of GrabImageRGBD(): 11.3284ms
Frame 351 end
Average processing time of GrabImageRGBD(): 11.324ms
Frame 352 end
Average processing time of GrabImageRGBD(): 11.3059ms
Frame 353 end
Average processing time of GrabImageRGBD(): 11.2826ms
Frame 354 end
Average processing time of GrabImageRGBD(): 11.2651ms
Frame 355 end
Average processing time of GrabImageRGBD(): 11.2431ms
Frame 356 end
Average processing time of GrabImageRGBD(): 11.2997ms
Frame 357 end
Average processing time of GrabImageRGBD(): 11.2942ms
Frame 358 end
Average processing time of GrabImageRGBD(): 11.279ms
Frame 359 end
Average processing time of GrabImageRGBD(): 11.2626ms
Frame 360 end
Average processing time of GrabImageRGBD(): 11.2552ms
Frame 361 end
Average processing time of GrabImageRGBD(): 11.2466ms
Frame 362 end
Average processing time of GrabImageRGBD(): 11.2935ms
Frame 363 end
Average processing time of GrabImageRGBD(): 11.2762ms
Frame 364 end
Average processing time of GrabImageRGBD(): 11.2621ms
Frame 365 end
Average processing time of GrabImageRGBD(): 11.2584ms
Frame 366 end
Average processing time of GrabImageRGBD(): 11.2382ms
Frame 367 end
Average processing time of GrabImageRGBD(): 11.2271ms
Frame 368 end
Average processing time of GrabImageRGBD(): 11.2346ms
Frame 369 end
Average processing time of GrabImageRGBD(): 11.2292ms
Frame 370 end
Average processing time of GrabImageRGBD(): 11.224ms
Frame 371 end
Average processing time of GrabImageRGBD(): 11.2047ms
Frame 372 end
Average processing time of GrabImageRGBD(): 11.1978ms
Frame 373 end
Average processing time of GrabImageRGBD(): 11.179ms
Frame 374 end
Average processing time of GrabImageRGBD(): 11.2444ms
Frame 375 end
Average processing time of GrabImageRGBD(): 11.2411ms
Frame 376 end
Average processing time of GrabImageRGBD(): 11.2183ms
Frame 377 end
Average processing time of GrabImageRGBD(): 11.2118ms
Frame 378 end
Average processing time of GrabImageRGBD(): 11.1945ms
Frame 379 end
Average processing time of GrabImageRGBD(): 11.1785ms
Frame 380 end
Average processing time of GrabImageRGBD(): 11.23ms
Frame 381 end
Average processing time of GrabImageRGBD(): 11.222ms
Frame 382 end
Average processing time of GrabImageRGBD(): 11.2022ms
Frame 383 end
Average processing time of GrabImageRGBD(): 11.1829ms
Frame 384 end
Average processing time of GrabImageRGBD(): 11.1761ms
Frame 385 end
Average processing time of GrabImageRGBD(): 11.1568ms
Frame 386 end
Average processing time of GrabImageRGBD(): 11.2094ms
Frame 387 end
Average processing time of GrabImageRGBD(): 11.2114ms
Frame 388 end
Average processing time of GrabImageRGBD(): 11.1897ms
Frame 389 end
Average processing time of GrabImageRGBD(): 11.1816ms
Frame 390 end
Average processing time of GrabImageRGBD(): 11.1681ms
Frame 391 end
Average processing time of GrabImageRGBD(): 11.1484ms
Frame 392 end
Average processing time of GrabImageRGBD(): 11.1931ms
Frame 393 end
Average processing time of GrabImageRGBD(): 11.1768ms
Frame 394 end
Average processing time of GrabImageRGBD(): 11.1565ms
Frame 395 end
Average processing time of GrabImageRGBD(): 11.1388ms
Frame 396 end
Average processing time of GrabImageRGBD(): 11.1211ms
Frame 397 end
Average processing time of GrabImageRGBD(): 11.1051ms
Frame 398 end
Average processing time of GrabImageRGBD(): 11.1562ms
Frame 399 end
Average processing time of GrabImageRGBD(): 11.1418ms
Frame 400 end
Average processing time of GrabImageRGBD(): 11.1222ms
Frame 401 end
Average processing time of GrabImageRGBD(): 11.1126ms
Frame 402 end
Average processing time of GrabImageRGBD(): 11.107ms
Frame 403 end
Average processing time of GrabImageRGBD(): 11.0981ms
Frame 404 end
Average processing time of GrabImageRGBD(): 11.1395ms
Frame 405 end
Average processing time of GrabImageRGBD(): 11.1511ms
Frame 406 end
Average processing time of GrabImageRGBD(): 11.1469ms
Frame 407 end
Average processing time of GrabImageRGBD(): 11.131ms
Frame 408 end
Average processing time of GrabImageRGBD(): 11.1238ms
Frame 409 end
Average processing time of GrabImageRGBD(): 11.1052ms
Frame 410 end
Average processing time of GrabImageRGBD(): 11.0937ms
Frame 411 end
Average processing time of GrabImageRGBD(): 11.1355ms
Frame 412 end
Average processing time of GrabImageRGBD(): 11.1199ms
Frame 413 end
Average processing time of GrabImageRGBD(): 11.1001ms
Frame 414 end
Average processing time of GrabImageRGBD(): 11.0935ms
Frame 415 end
Average processing time of GrabImageRGBD(): 11.075ms
Frame 416 end
Average processing time of GrabImageRGBD(): 11.0568ms
Frame 417 end
Average processing time of GrabImageRGBD(): 11.0494ms
Frame 418 end
Average processing time of GrabImageRGBD(): 11.0932ms
Frame 419 end
Average processing time of GrabImageRGBD(): 11.0781ms
Frame 420 end
Average processing time of GrabImageRGBD(): 11.0588ms
Frame 421 end
Average processing time of GrabImageRGBD(): 11.0521ms
Frame 422 end
Average processing time of GrabImageRGBD(): 11.0454ms
Frame 423 end
Average processing time of GrabImageRGBD(): 11.028ms
Frame 424 end
Average processing time of GrabImageRGBD(): 11.0772ms
Frame 425 end
Average processing time of GrabImageRGBD(): 11.0742ms
Frame 426 end
Average processing time of GrabImageRGBD(): 11.056ms
Frame 427 end
Average processing time of GrabImageRGBD(): 11.0419ms
Frame 428 end
Average processing time of GrabImageRGBD(): 11.0281ms
Frame 429 end
Average processing time of GrabImageRGBD(): 11.0194ms
Frame 430 end
Average processing time of GrabImageRGBD(): 11.0021ms
Frame 431 end
Average processing time of GrabImageRGBD(): 11.0468ms
Frame 432 end
Average processing time of GrabImageRGBD(): 11.0319ms
Frame 433 end
Average processing time of GrabImageRGBD(): 11.0136ms
Frame 434 end
Average processing time of GrabImageRGBD(): 11.0013ms
Frame 435 end
Average processing time of GrabImageRGBD(): 10.9845ms
Frame 436 end
Average processing time of GrabImageRGBD(): 10.9793ms
Frame 437 end
Average processing time of GrabImageRGBD(): 10.9735ms
Frame 438 end
Average processing time of GrabImageRGBD(): 11.0158ms
Frame 439 end
Average processing time of GrabImageRGBD(): 11.0163ms
Frame 440 end
Average processing time of GrabImageRGBD(): 10.9994ms
Frame 441 end
Average processing time of GrabImageRGBD(): 10.9838ms
Frame 442 end
Average processing time of GrabImageRGBD(): 10.9674ms
Frame 443 end
Average processing time of GrabImageRGBD(): 10.96ms
Frame 444 end
Average processing time of GrabImageRGBD(): 10.9527ms
Frame 445 end
Average processing time of GrabImageRGBD(): 10.9359ms
Frame 446 end
Average processing time of GrabImageRGBD(): 10.9776ms
Frame 447 end
Average processing time of GrabImageRGBD(): 10.9761ms
Frame 448 end
Average processing time of GrabImageRGBD(): 10.9594ms
Frame 449 end
Average processing time of GrabImageRGBD(): 10.9567ms
Frame 450 end
Average processing time of GrabImageRGBD(): 10.9416ms
Frame 451 end
Average processing time of GrabImageRGBD(): 10.9378ms
Frame 452 end
Average processing time of GrabImageRGBD(): 10.9219ms
Frame 453 end
Average processing time of GrabImageRGBD(): 10.9653ms
Frame 454 end
Average processing time of GrabImageRGBD(): 10.9516ms
Frame 455 end
Average processing time of GrabImageRGBD(): 10.9398ms
Frame 456 end
Average processing time of GrabImageRGBD(): 10.9379ms
Frame 457 end
Average processing time of GrabImageRGBD(): 10.9308ms
Frame 458 end
Average processing time of GrabImageRGBD(): 10.9202ms
Frame 459 end
Average processing time of GrabImageRGBD(): 10.9043ms
Frame 460 end
Average processing time of GrabImageRGBD(): 10.8884ms
Frame 461 end
Average processing time of GrabImageRGBD(): 10.8835ms
Frame 462 end
Average processing time of GrabImageRGBD(): 10.8793ms
Frame 463 end
Average processing time of GrabImageRGBD(): 10.8616ms
Frame 464 end
Average processing time of GrabImageRGBD(): 10.8539ms
Frame 465 end
Average processing time of GrabImageRGBD(): 10.838ms
Frame 466 end
Average processing time of GrabImageRGBD(): 10.8221ms
Frame 467 end
Average processing time of GrabImageRGBD(): 10.818ms
Frame 468 end
Average processing time of GrabImageRGBD(): 10.8141ms
Frame 469 end
Average processing time of GrabImageRGBD(): 10.8035ms
Frame 470 end
Average processing time of GrabImageRGBD(): 10.8501ms
Frame 471 end
Average processing time of GrabImageRGBD(): 10.8489ms
Frame 472 end
Average processing time of GrabImageRGBD(): 10.8461ms
Frame 473 end
Average processing time of GrabImageRGBD(): 10.8434ms
Frame 474 end
Average processing time of GrabImageRGBD(): 10.8353ms
Frame 475 end
Average processing time of GrabImageRGBD(): 10.8197ms
Frame 476 end
Average processing time of GrabImageRGBD(): 10.8076ms
Frame 477 end
Average processing time of GrabImageRGBD(): 10.7934ms
Frame 478 end
Average processing time of GrabImageRGBD(): 10.7806ms
Frame 479 end
Average processing time of GrabImageRGBD(): 10.7715ms
Frame 480 end
Average processing time of GrabImageRGBD(): 10.7564ms
Frame 481 end
Average processing time of GrabImageRGBD(): 10.7416ms
Frame 482 end
Average processing time of GrabImageRGBD(): 10.7372ms
Frame 483 end
Average processing time of GrabImageRGBD(): 10.7207ms
Frame 484 end
Average processing time of GrabImageRGBD(): 10.7172ms
Frame 485 end
Average processing time of GrabImageRGBD(): 10.702ms
Frame 486 end
Average processing time of GrabImageRGBD(): 10.6907ms
Frame 487 end
Average processing time of GrabImageRGBD(): 10.6858ms
Frame 488 end
Average processing time of GrabImageRGBD(): 10.6784ms
Frame 489 end
Average processing time of GrabImageRGBD(): 10.6726ms
Frame 490 end
Average processing time of GrabImageRGBD(): 10.6625ms
Frame 491 end
Average processing time of GrabImageRGBD(): 10.6585ms
Frame 492 end
Average processing time of GrabImageRGBD(): 10.653ms
Frame 493 end
Shutdown
-------

median tracking time: 0.00937413
mean tracking time: 0.0114756

Saving camera trajectory to CameraTrajectory.txt ...

Saving keyframe trajectory to KeyFrameTrajectory.txt ...
