
ORB-SLAM3 Copyright (C) 2017-2020 Carlos Campos, Richard Elvira, Juan J. Gómez, José M.M. Montiel and Juan D. Tardós, University of Zaragoza.
ORB-SLAM2 Copyright (C) 2014-2016 Raúl Mur-Artal, José M.M. Montiel and Juan D. Tardós, University of Zaragoza.
This program comes with ABSOLUTELY NO WARRANTY;
This is free software, and you are welcome to redistribute it
under certain conditions. See LICENSE.txt.

Input sensor was set to: RGB-D
Loading settings from /home/bingxin/Downloads/NGD-SLAM/Examples/RGB-D/Bonn.yaml
Camera1.k3 optional parameter does not exist...
	-Loaded camera 1
Camera.newHeight optional parameter does not exist...
Camera.newWidth optional parameter does not exist...
	-Loaded image info
	-Loaded RGB-D calibration
	-Loaded ORB settings
Viewer.imageViewScale optional parameter does not exist...
	-Loaded viewer settings
System.LoadAtlasFromFile optional parameter does not exist...
System.SaveAtlasToFile optional parameter does not exist...
	-Loaded Atlas settings
System.thFarPoints optional parameter does not exist...
	-Loaded misc parameters
----------------------------------
SLAM settings: 
	-Camera 1 parameters (Pinhole): [ 542.823 542.577 315.594 237.756 ]
	-Camera 1 distortion parameters: [  0.039903 -0.099343 -0.00073 -0.000144 ]
	-Original image size: [ 640 , 480 ]
	-Current image size: [ 640 , 480 ]
	-Sequence FPS: 30
	-RGB-D depth map factor: 5000
	-Features per image: 1000
	-ORB scale factor: 1.2
	-ORB number of scales: 8
	-Initial FAST threshold: 20
	-Min FAST threshold: 7


Loading ORB Vocabulary. This could take a while...
Vocabulary loaded!

Initialization of Atlas from scratch 
Creation of new map with id: 0
Creation of new map with last KF id: 0
Seq. Name: 
There are 1 cameras in the atlas
Camera 0 is pinhole
Net use yolo-fastest

-------
Start processing sequence ...
Images in the sequence: 494

First KF:0; Map init KF:0
New Map created with 974 points
Average processing time of GrabImageRGBD(): 45.4119ms
Frame 0 end
Average processing time of GrabImageRGBD(): 35.5572ms
Frame 1 end
Average processing time of GrabImageRGBD(): 32.1594ms
Frame 2 end
Average processing time of GrabImageRGBD(): 31.6573ms
Frame 3 end
Average processing time of GrabImageRGBD(): 26.7264ms
Frame 4 end
Average processing time of GrabImageRGBD(): 27.8158ms
Frame 5 end
Starting the Viewer
Average processing time of GrabImageRGBD(): 25.362ms
Frame 6 end
Average processing time of GrabImageRGBD(): 23.2217ms
Frame 7 end
Average processing time of GrabImageRGBD(): 21.6755ms
Frame 8 end
Average processing time of GrabImageRGBD(): 22.4234ms
Frame 9 end
Average processing time of GrabImageRGBD(): 21.3692ms
Frame 10 end
Average processing time of GrabImageRGBD(): 21.8414ms
Frame 11 end
Average processing time of GrabImageRGBD(): 20.6331ms
Frame 12 end
Average processing time of GrabImageRGBD(): 19.4281ms
Frame 13 end
Average processing time of GrabImageRGBD(): 18.6571ms
Frame 14 end
Average processing time of GrabImageRGBD(): 17.7174ms
Frame 15 end
Average processing time of GrabImageRGBD(): 17.25ms
Frame 16 end
Average processing time of GrabImageRGBD(): 16.7009ms
Frame 17 end
Average processing time of GrabImageRGBD(): 15.9836ms
Frame 18 end
Average processing time of GrabImageRGBD(): 15.644ms
Frame 19 end
Average processing time of GrabImageRGBD(): 15.3225ms
Frame 20 end
Average processing time of GrabImageRGBD(): 14.7696ms
Frame 21 end
Average processing time of GrabImageRGBD(): 15.3133ms
Frame 22 end
Average processing time of GrabImageRGBD(): 14.8533ms
Frame 23 end
Average processing time of GrabImageRGBD(): 14.5728ms
Frame 24 end
Average processing time of GrabImageRGBD(): 14.3173ms
Frame 25 end
Average processing time of GrabImageRGBD(): 13.924ms
Frame 26 end
Average processing time of GrabImageRGBD(): 14.3766ms
Frame 27 end
Average processing time of GrabImageRGBD(): 14.2392ms
Frame 28 end
Average processing time of GrabImageRGBD(): 13.8816ms
Frame 29 end
Average processing time of GrabImageRGBD(): 13.5476ms
Frame 30 end
Average processing time of GrabImageRGBD(): 13.4137ms
Frame 31 end
Average processing time of GrabImageRGBD(): 13.9082ms
Frame 32 end
Average processing time of GrabImageRGBD(): 13.6666ms
Frame 33 end
Average processing time of GrabImageRGBD(): 13.3647ms
Frame 34 end
Average processing time of GrabImageRGBD(): 13.208ms
Frame 35 end
Average processing time of GrabImageRGBD(): 12.9315ms
Frame 36 end
Average processing time of GrabImageRGBD(): 12.8067ms
Frame 37 end
Average processing time of GrabImageRGBD(): 13.1937ms
Frame 38 end
Average processing time of GrabImageRGBD(): 13.1156ms
Frame 39 end
Average processing time of GrabImageRGBD(): 13.4534ms
Frame 40 end
Average processing time of GrabImageRGBD(): 13.2309ms
Frame 41 end
Average processing time of GrabImageRGBD(): 13.153ms
Frame 42 end
Average processing time of GrabImageRGBD(): 12.9418ms
Frame 43 end
Average processing time of GrabImageRGBD(): 12.7664ms
Frame 44 end
Average processing time of GrabImageRGBD(): 12.688ms
Frame 45 end
Average processing time of GrabImageRGBD(): 13.058ms
Frame 46 end
Average processing time of GrabImageRGBD(): 13.0193ms
Frame 47 end
Average processing time of GrabImageRGBD(): 12.8209ms
Frame 48 end
Average processing time of GrabImageRGBD(): 13.2769ms
Frame 49 end
Average processing time of GrabImageRGBD(): 13.2322ms
Frame 50 end
Average processing time of GrabImageRGBD(): 13.0421ms
Frame 51 end
Average processing time of GrabImageRGBD(): 12.9725ms
Frame 52 end
Average processing time of GrabImageRGBD(): 12.7966ms
Frame 53 end
Average processing time of GrabImageRGBD(): 12.6603ms
Frame 54 end
Average processing time of GrabImageRGBD(): 12.5872ms
Frame 55 end
Average processing time of GrabImageRGBD(): 12.9105ms
Frame 56 end
Average processing time of GrabImageRGBD(): 12.8475ms
Frame 57 end
Average processing time of GrabImageRGBD(): 12.6819ms
Frame 58 end
Average processing time of GrabImageRGBD(): 12.5355ms
Frame 59 end
Average processing time of GrabImageRGBD(): 12.5002ms
Frame 60 end
Average processing time of GrabImageRGBD(): 12.3589ms
Frame 61 end
Average processing time of GrabImageRGBD(): 12.2056ms
Frame 62 end
Average processing time of GrabImageRGBD(): 12.0697ms
Frame 63 end
Average processing time of GrabImageRGBD(): 12.3542ms
Frame 64 end
Average processing time of GrabImageRGBD(): 12.228ms
Frame 65 end
Average processing time of GrabImageRGBD(): 12.0902ms
Frame 66 end
Average processing time of GrabImageRGBD(): 11.9842ms
Frame 67 end
Average processing time of GrabImageRGBD(): 11.8589ms
Frame 68 end
Average processing time of GrabImageRGBD(): 11.7693ms
Frame 69 end
Average processing time of GrabImageRGBD(): 11.7351ms
Frame 70 end
Average processing time of GrabImageRGBD(): 11.6173ms
Frame 71 end
Average processing time of GrabImageRGBD(): 11.5073ms
Frame 72 end
Average processing time of GrabImageRGBD(): 11.4189ms
Frame 73 end
Average processing time of GrabImageRGBD(): 11.3107ms
Frame 74 end
Average processing time of GrabImageRGBD(): 11.2829ms
Frame 75 end
Average processing time of GrabImageRGBD(): 11.2478ms
Frame 76 end
Average processing time of GrabImageRGBD(): 11.2065ms
Frame 77 end
Average processing time of GrabImageRGBD(): 11.1774ms
Frame 78 end
Average processing time of GrabImageRGBD(): 11.0836ms
Frame 79 end
Average processing time of GrabImageRGBD(): 11.0581ms
Frame 80 end
Average processing time of GrabImageRGBD(): 11.0337ms
Frame 81 end
Average processing time of GrabImageRGBD(): 10.9704ms
Frame 82 end
Average processing time of GrabImageRGBD(): 10.8818ms
Frame 83 end
Average processing time of GrabImageRGBD(): 10.7932ms
Frame 84 end
Average processing time of GrabImageRGBD(): 10.7726ms
Frame 85 end
Average processing time of GrabImageRGBD(): 10.7443ms
Frame 86 end
Average processing time of GrabImageRGBD(): 10.6622ms
Frame 87 end
Average processing time of GrabImageRGBD(): 10.6076ms
Frame 88 end
Average processing time of GrabImageRGBD(): 10.5275ms
Frame 89 end
Average processing time of GrabImageRGBD(): 10.4785ms
Frame 90 end
Average processing time of GrabImageRGBD(): 10.4315ms
Frame 91 end
Average processing time of GrabImageRGBD(): 10.4127ms
Frame 92 end
Average processing time of GrabImageRGBD(): 10.394ms
Frame 93 end
Average processing time of GrabImageRGBD(): 10.357ms
Frame 94 end
Average processing time of GrabImageRGBD(): 10.34ms
Frame 95 end
Average processing time of GrabImageRGBD(): 10.2702ms
Frame 96 end
Average processing time of GrabImageRGBD(): 10.2517ms
Frame 97 end
Average processing time of GrabImageRGBD(): 10.1814ms
Frame 98 end
Average processing time of GrabImageRGBD(): 10.1654ms
Frame 99 end
Average processing time of GrabImageRGBD(): 10.0984ms
Frame 100 end
Average processing time of GrabImageRGBD(): 10.033ms
Frame 101 end
Average processing time of GrabImageRGBD(): 10.004ms
Frame 102 end
Average processing time of GrabImageRGBD(): 9.94242ms
Frame 103 end
Average processing time of GrabImageRGBD(): 9.89136ms
Frame 104 end
Average processing time of GrabImageRGBD(): 9.83301ms
Frame 105 end
Average processing time of GrabImageRGBD(): 9.82737ms
Frame 106 end
Average processing time of GrabImageRGBD(): 10.0053ms
Frame 107 end
Average processing time of GrabImageRGBD(): 10.0116ms
Frame 108 end
Average processing time of GrabImageRGBD(): 9.98516ms
Frame 109 end
Average processing time of GrabImageRGBD(): 9.94072ms
Frame 110 end
Average processing time of GrabImageRGBD(): 9.88542ms
Frame 111 end
Average processing time of GrabImageRGBD(): 9.88346ms
Frame 112 end
Average processing time of GrabImageRGBD(): 9.86444ms
Frame 113 end
Average processing time of GrabImageRGBD(): 9.80755ms
Frame 114 end
Average processing time of GrabImageRGBD(): 9.8031ms
Frame 115 end
Average processing time of GrabImageRGBD(): 9.7947ms
Frame 116 end
Average processing time of GrabImageRGBD(): 9.79165ms
Frame 117 end
Average processing time of GrabImageRGBD(): 9.76615ms
Frame 118 end
Average processing time of GrabImageRGBD(): 9.73078ms
Frame 119 end
Average processing time of GrabImageRGBD(): 9.73319ms
Frame 120 end
Average processing time of GrabImageRGBD(): 9.73234ms
Frame 121 end
Average processing time of GrabImageRGBD(): 9.71034ms
Frame 122 end
Average processing time of GrabImageRGBD(): 9.65987ms
Frame 123 end
Average processing time of GrabImageRGBD(): 9.65763ms
Frame 124 end
Average processing time of GrabImageRGBD(): 9.65424ms
Frame 125 end
Average processing time of GrabImageRGBD(): 9.79747ms
Frame 126 end
Average processing time of GrabImageRGBD(): 9.75631ms
Frame 127 end
Average processing time of GrabImageRGBD(): 9.7127ms
Frame 128 end
Average processing time of GrabImageRGBD(): 9.71592ms
Frame 129 end
Average processing time of GrabImageRGBD(): 9.7104ms
Frame 130 end
Average processing time of GrabImageRGBD(): 9.65939ms
Frame 131 end
Average processing time of GrabImageRGBD(): 9.65999ms
Frame 132 end
Average processing time of GrabImageRGBD(): 9.66359ms
Frame 133 end
Average processing time of GrabImageRGBD(): 9.61395ms
Frame 134 end
Average processing time of GrabImageRGBD(): 9.58281ms
Frame 135 end
Average processing time of GrabImageRGBD(): 9.57931ms
Frame 136 end
Average processing time of GrabImageRGBD(): 9.54695ms
Frame 137 end
Average processing time of GrabImageRGBD(): 9.50428ms
Frame 138 end
Average processing time of GrabImageRGBD(): 9.50064ms
Frame 139 end
Average processing time of GrabImageRGBD(): 9.50363ms
Frame 140 end
Average processing time of GrabImageRGBD(): 9.50415ms
Frame 141 end
Average processing time of GrabImageRGBD(): 9.49989ms
Frame 142 end
Average processing time of GrabImageRGBD(): 9.45168ms
Frame 143 end
Average processing time of GrabImageRGBD(): 9.42155ms
Frame 144 end
Average processing time of GrabImageRGBD(): 9.41569ms
Frame 145 end
Average processing time of GrabImageRGBD(): 9.41007ms
Frame 146 end
Average processing time of GrabImageRGBD(): 9.37807ms
Frame 147 end
Average processing time of GrabImageRGBD(): 9.37447ms
Frame 148 end
Average processing time of GrabImageRGBD(): 9.35893ms
Frame 149 end
Average processing time of GrabImageRGBD(): 9.32078ms
Frame 150 end
Average processing time of GrabImageRGBD(): 9.28037ms
Frame 151 end
Average processing time of GrabImageRGBD(): 9.24049ms
Frame 152 end
Average processing time of GrabImageRGBD(): 9.37976ms
Frame 153 end
Average processing time of GrabImageRGBD(): 9.38016ms
Frame 154 end
Average processing time of GrabImageRGBD(): 9.34521ms
Frame 155 end
Average processing time of GrabImageRGBD(): 9.33402ms
Frame 156 end
Average processing time of GrabImageRGBD(): 9.3159ms
Frame 157 end
Average processing time of GrabImageRGBD(): 9.28078ms
Frame 158 end
Average processing time of GrabImageRGBD(): 9.24646ms
Frame 159 end
Average processing time of GrabImageRGBD(): 9.24215ms
Frame 160 end
Average processing time of GrabImageRGBD(): 9.23637ms
Frame 161 end
Average processing time of GrabImageRGBD(): 9.42183ms
Frame 162 end
Average processing time of GrabImageRGBD(): 9.46209ms
Frame 163 end
Average processing time of GrabImageRGBD(): 9.49775ms
Frame 164 end
Average processing time of GrabImageRGBD(): 9.76919ms
Frame 165 end
Average processing time of GrabImageRGBD(): 9.80903ms
Frame 166 end
Average processing time of GrabImageRGBD(): 9.84244ms
Frame 167 end
Average processing time of GrabImageRGBD(): 10.0049ms
Frame 168 end
Average processing time of GrabImageRGBD(): 10.0271ms
Frame 169 end
Average processing time of GrabImageRGBD(): 10.0521ms
Frame 170 end
Average processing time of GrabImageRGBD(): 10.071ms
Frame 171 end
Average processing time of GrabImageRGBD(): 10.0892ms
Frame 172 end
Average processing time of GrabImageRGBD(): 10.1072ms
Frame 173 end
Average processing time of GrabImageRGBD(): 10.1422ms
Frame 174 end
Average processing time of GrabImageRGBD(): 10.1546ms
Frame 175 end
Average processing time of GrabImageRGBD(): 10.2991ms
Frame 176 end
Average processing time of GrabImageRGBD(): 10.3347ms
Frame 177 end
Average processing time of GrabImageRGBD(): 10.3655ms
Frame 178 end
Average processing time of GrabImageRGBD(): 10.3718ms
Frame 179 end
Average processing time of GrabImageRGBD(): 10.3979ms
Frame 180 end
Average processing time of GrabImageRGBD(): 10.4225ms
Frame 181 end
Average processing time of GrabImageRGBD(): 10.4479ms
Frame 182 end
Average processing time of GrabImageRGBD(): 10.5979ms
Frame 183 end
Average processing time of GrabImageRGBD(): 10.6103ms
Frame 184 end
Average processing time of GrabImageRGBD(): 10.6304ms
Frame 185 end
Average processing time of GrabImageRGBD(): 10.6657ms
Frame 186 end
Average processing time of GrabImageRGBD(): 10.6565ms
Frame 187 end
Average processing time of GrabImageRGBD(): 10.795ms
Frame 188 end
Average processing time of GrabImageRGBD(): 10.8182ms
Frame 189 end
Average processing time of GrabImageRGBD(): 10.8302ms
Frame 190 end
Average processing time of GrabImageRGBD(): 10.8452ms
Frame 191 end
Average processing time of GrabImageRGBD(): 10.8539ms
Frame 192 end
Average processing time of GrabImageRGBD(): 10.8597ms
Frame 193 end
Average processing time of GrabImageRGBD(): 10.8684ms
Frame 194 end
Average processing time of GrabImageRGBD(): 10.8824ms
Frame 195 end
Average processing time of GrabImageRGBD(): 10.8864ms
Frame 196 end
Average processing time of GrabImageRGBD(): 10.9963ms
Frame 197 end
Average processing time of GrabImageRGBD(): 11.0055ms
Frame 198 end
Average processing time of GrabImageRGBD(): 11.0134ms
Frame 199 end
Average processing time of GrabImageRGBD(): 11.026ms
Frame 200 end
Average processing time of GrabImageRGBD(): 11.0343ms
Frame 201 end
Average processing time of GrabImageRGBD(): 11.0382ms
Frame 202 end
Average processing time of GrabImageRGBD(): 11.0498ms
Frame 203 end
Average processing time of GrabImageRGBD(): 11.0646ms
Frame 204 end
Average processing time of GrabImageRGBD(): 11.0795ms
Frame 205 end
Average processing time of GrabImageRGBD(): 11.0865ms
Frame 206 end
Average processing time of GrabImageRGBD(): 11.0943ms
Frame 207 end
Average processing time of GrabImageRGBD(): 11.1065ms
Frame 208 end
Average processing time of GrabImageRGBD(): 11.2265ms
Frame 209 end
Average processing time of GrabImageRGBD(): 11.2419ms
Frame 210 end
Average processing time of GrabImageRGBD(): 11.243ms
Frame 211 end
Average processing time of GrabImageRGBD(): 11.2389ms
Frame 212 end
Average processing time of GrabImageRGBD(): 11.3582ms
Frame 213 end
Average processing time of GrabImageRGBD(): 11.3719ms
Frame 214 end
Average processing time of GrabImageRGBD(): 11.3873ms
Frame 215 end
Average processing time of GrabImageRGBD(): 11.404ms
Frame 216 end
Average processing time of GrabImageRGBD(): 11.4011ms
Frame 217 end
Average processing time of GrabImageRGBD(): 11.4141ms
Frame 218 end
Average processing time of GrabImageRGBD(): 11.5321ms
Frame 219 end
Average processing time of GrabImageRGBD(): 11.5471ms
Frame 220 end
Average processing time of GrabImageRGBD(): 11.5645ms
Frame 221 end
Average processing time of GrabImageRGBD(): 11.5841ms
Frame 222 end
Average processing time of GrabImageRGBD(): 11.6855ms
Frame 223 end
Average processing time of GrabImageRGBD(): 11.7071ms
Frame 224 end
Average processing time of GrabImageRGBD(): 11.7233ms
Frame 225 end
Average processing time of GrabImageRGBD(): 11.712ms
Frame 226 end
Average processing time of GrabImageRGBD(): 11.7139ms
Frame 227 end
Average processing time of GrabImageRGBD(): 11.7034ms
Frame 228 end
Average processing time of GrabImageRGBD(): 11.708ms
Frame 229 end
Average processing time of GrabImageRGBD(): 11.7091ms
Frame 230 end
Average processing time of GrabImageRGBD(): 11.8127ms
Frame 231 end
Average processing time of GrabImageRGBD(): 11.8167ms
Frame 232 end
Average processing time of GrabImageRGBD(): 11.8214ms
Frame 233 end
Average processing time of GrabImageRGBD(): 11.8274ms
Frame 234 end
Average processing time of GrabImageRGBD(): 11.8223ms
Frame 235 end
Average processing time of GrabImageRGBD(): 11.829ms
Frame 236 end
Average processing time of GrabImageRGBD(): 11.8376ms
Frame 237 end
Average processing time of GrabImageRGBD(): 11.827ms
Frame 238 end
Average processing time of GrabImageRGBD(): 11.8359ms
Frame 239 end
Average processing time of GrabImageRGBD(): 11.9402ms
Frame 240 end
Average processing time of GrabImageRGBD(): 11.949ms
Frame 241 end
Average processing time of GrabImageRGBD(): 11.9559ms
Frame 242 end
Average processing time of GrabImageRGBD(): 11.961ms
Frame 243 end
Average processing time of GrabImageRGBD(): 11.9678ms
Frame 244 end
Average processing time of GrabImageRGBD(): 11.9659ms
Frame 245 end
Average processing time of GrabImageRGBD(): 12.0651ms
Frame 246 end
Average processing time of GrabImageRGBD(): 12.0595ms
Frame 247 end
Average processing time of GrabImageRGBD(): 12.0728ms
Frame 248 end
Average processing time of GrabImageRGBD(): 12.0837ms
Frame 249 end
Average processing time of GrabImageRGBD(): 12.0886ms
Frame 250 end
Average processing time of GrabImageRGBD(): 12.0925ms
Frame 251 end
Average processing time of GrabImageRGBD(): 12.104ms
Frame 252 end
Average processing time of GrabImageRGBD(): 12.1119ms
Frame 253 end
Average processing time of GrabImageRGBD(): 12.1182ms
Frame 254 end
Average processing time of GrabImageRGBD(): 12.1244ms
Frame 255 end
Average processing time of GrabImageRGBD(): 12.1298ms
Frame 256 end
Average processing time of GrabImageRGBD(): 12.1205ms
Frame 257 end
Average processing time of GrabImageRGBD(): 12.1044ms
Frame 258 end
Average processing time of GrabImageRGBD(): 12.2105ms
Frame 259 end
Average processing time of GrabImageRGBD(): 12.1957ms
Frame 260 end
Average processing time of GrabImageRGBD(): 12.1615ms
Frame 261 end
Average processing time of GrabImageRGBD(): 12.1416ms
Frame 262 end
Average processing time of GrabImageRGBD(): 12.1205ms
Frame 263 end
Average processing time of GrabImageRGBD(): 12.2012ms
Frame 264 end
Average processing time of GrabImageRGBD(): 12.2039ms
Frame 265 end
Average processing time of GrabImageRGBD(): 12.2063ms
Frame 266 end
Average processing time of GrabImageRGBD(): 12.2151ms
Frame 267 end
Average processing time of GrabImageRGBD(): 12.217ms
Frame 268 end
Average processing time of GrabImageRGBD(): 12.2101ms
Frame 269 end
Average processing time of GrabImageRGBD(): 12.2093ms
Frame 270 end
Average processing time of GrabImageRGBD(): 12.3407ms
Frame 271 end
Average processing time of GrabImageRGBD(): 12.3446ms
Frame 272 end
Average processing time of GrabImageRGBD(): 12.3476ms
Frame 273 end
Average processing time of GrabImageRGBD(): 12.3448ms
Frame 274 end
Average processing time of GrabImageRGBD(): 12.3269ms
Frame 275 end
Average processing time of GrabImageRGBD(): 12.3199ms
Frame 276 end
Average processing time of GrabImageRGBD(): 12.319ms
Frame 277 end
Average processing time of GrabImageRGBD(): 12.3036ms
Frame 278 end
Average processing time of GrabImageRGBD(): 12.2708ms
Frame 279 end
Average processing time of GrabImageRGBD(): 12.2635ms
Frame 280 end
Average processing time of GrabImageRGBD(): 12.2574ms
Frame 281 end
Average processing time of GrabImageRGBD(): 12.2266ms
Frame 282 end
Average processing time of GrabImageRGBD(): 12.29ms
Frame 283 end
Average processing time of GrabImageRGBD(): 12.2863ms
Frame 284 end
Average processing time of GrabImageRGBD(): 12.2781ms
Frame 285 end
Average processing time of GrabImageRGBD(): 12.2479ms
Frame 286 end
Average processing time of GrabImageRGBD(): 12.2317ms
Frame 287 end
Average processing time of GrabImageRGBD(): 12.2059ms
Frame 288 end
Average processing time of GrabImageRGBD(): 12.1883ms
Frame 289 end
Average processing time of GrabImageRGBD(): 12.1724ms
Frame 290 end
Average processing time of GrabImageRGBD(): 12.1418ms
Frame 291 end
Average processing time of GrabImageRGBD(): 12.2138ms
Frame 292 end
Average processing time of GrabImageRGBD(): 12.194ms
Frame 293 end
Average processing time of GrabImageRGBD(): 12.1631ms
Frame 294 end
Average processing time of GrabImageRGBD(): 12.1587ms
Frame 295 end
Average processing time of GrabImageRGBD(): 12.1483ms
Frame 296 end
Average processing time of GrabImageRGBD(): 12.2049ms
Frame 297 end
Average processing time of GrabImageRGBD(): 12.2065ms
Frame 298 end
Average processing time of GrabImageRGBD(): 12.1766ms
Frame 299 end
Average processing time of GrabImageRGBD(): 12.169ms
Frame 300 end
Average processing time of GrabImageRGBD(): 12.163ms
Frame 301 end
Average processing time of GrabImageRGBD(): 12.1401ms
Frame 302 end
Average processing time of GrabImageRGBD(): 12.1303ms
Frame 303 end
Average processing time of GrabImageRGBD(): 12.102ms
Frame 304 end
Average processing time of GrabImageRGBD(): 12.1651ms
Frame 305 end
Average processing time of GrabImageRGBD(): 12.1407ms
Frame 306 end
Average processing time of GrabImageRGBD(): 12.1187ms
Frame 307 end
Average processing time of GrabImageRGBD(): 12.1098ms
Frame 308 end
Average processing time of GrabImageRGBD(): 12.0998ms
Frame 309 end
Average processing time of GrabImageRGBD(): 12.0722ms
Frame 310 end
Average processing time of GrabImageRGBD(): 12.0632ms
Frame 311 end
Average processing time of GrabImageRGBD(): 12.0526ms
Frame 312 end
Average processing time of GrabImageRGBD(): 12.0243ms
Frame 313 end
Average processing time of GrabImageRGBD(): 11.9964ms
Frame 314 end
Average processing time of GrabImageRGBD(): 11.9864ms
Frame 315 end
Average processing time of GrabImageRGBD(): 11.9574ms
Frame 316 end
Average processing time of GrabImageRGBD(): 12.0153ms
Frame 317 end
Average processing time of GrabImageRGBD(): 12.0012ms
Frame 318 end
Average processing time of GrabImageRGBD(): 11.9743ms
Frame 319 end
Average processing time of GrabImageRGBD(): 11.9533ms
Frame 320 end
Average processing time of GrabImageRGBD(): 11.9272ms
Frame 321 end
Average processing time of GrabImageRGBD(): 11.9102ms
Frame 322 end
Average processing time of GrabImageRGBD(): 11.9701ms
Frame 323 end
Average processing time of GrabImageRGBD(): 11.9626ms
Frame 324 end
Average processing time of GrabImageRGBD(): 11.9377ms
Frame 325 end
Average processing time of GrabImageRGBD(): 11.9204ms
Frame 326 end
Average processing time of GrabImageRGBD(): 11.8966ms
Frame 327 end
Average processing time of GrabImageRGBD(): 11.8926ms
Frame 328 end
Average processing time of GrabImageRGBD(): 11.941ms
Frame 329 end
Average processing time of GrabImageRGBD(): 11.9344ms
Frame 330 end
Average processing time of GrabImageRGBD(): 11.906ms
Frame 331 end
Average processing time of GrabImageRGBD(): 11.8927ms
Frame 332 end
Average processing time of GrabImageRGBD(): 11.8667ms
Frame 333 end
Average processing time of GrabImageRGBD(): 11.8483ms
Frame 334 end
Average processing time of GrabImageRGBD(): 11.9007ms
Frame 335 end
Average processing time of GrabImageRGBD(): 11.8799ms
Frame 336 end
Average processing time of GrabImageRGBD(): 11.8538ms
Frame 337 end
Average processing time of GrabImageRGBD(): 11.8302ms
Frame 338 end
Average processing time of GrabImageRGBD(): 11.8155ms
Frame 339 end
Average processing time of GrabImageRGBD(): 11.7951ms
Frame 340 end
Average processing time of GrabImageRGBD(): 11.8496ms
Frame 341 end
Average processing time of GrabImageRGBD(): 11.8476ms
Frame 342 end
Average processing time of GrabImageRGBD(): 11.8224ms
Frame 343 end
Average processing time of GrabImageRGBD(): 11.8153ms
Frame 344 end
Average processing time of GrabImageRGBD(): 11.8012ms
Frame 345 end
Average processing time of GrabImageRGBD(): 11.7815ms
Frame 346 end
Average processing time of GrabImageRGBD(): 11.8388ms
Frame 347 end
Average processing time of GrabImageRGBD(): 11.8353ms
Frame 348 end
Average processing time of GrabImageRGBD(): 11.8108ms
Frame 349 end
Average processing time of GrabImageRGBD(): 11.8036ms
Frame 350 end
Average processing time of GrabImageRGBD(): 11.7802ms
Frame 351 end
Average processing time of GrabImageRGBD(): 11.7738ms
Frame 352 end
Average processing time of GrabImageRGBD(): 11.75ms
Frame 353 end
Average processing time of GrabImageRGBD(): 11.7407ms
Frame 354 end
Average processing time of GrabImageRGBD(): 11.7176ms
Frame 355 end
Average processing time of GrabImageRGBD(): 11.7736ms
Frame 356 end
Average processing time of GrabImageRGBD(): 11.7686ms
Frame 357 end
Average processing time of GrabImageRGBD(): 11.746ms
Frame 358 end
Average processing time of GrabImageRGBD(): 11.7225ms
Frame 359 end
Average processing time of GrabImageRGBD(): 11.7001ms
Frame 360 end
Average processing time of GrabImageRGBD(): 11.691ms
Frame 361 end
Average processing time of GrabImageRGBD(): 11.6775ms
Frame 362 end
Average processing time of GrabImageRGBD(): 11.6687ms
Frame 363 end
Average processing time of GrabImageRGBD(): 11.646ms
Frame 364 end
Average processing time of GrabImageRGBD(): 11.6229ms
Frame 365 end
Average processing time of GrabImageRGBD(): 11.5997ms
Frame 366 end
Average processing time of GrabImageRGBD(): 11.5896ms
Frame 367 end
Average processing time of GrabImageRGBD(): 11.5791ms
Frame 368 end
Average processing time of GrabImageRGBD(): 11.6294ms
Frame 369 end
Average processing time of GrabImageRGBD(): 11.6266ms
Frame 370 end
Average processing time of GrabImageRGBD(): 11.6041ms
Frame 371 end
Average processing time of GrabImageRGBD(): 11.5842ms
Frame 372 end
Average processing time of GrabImageRGBD(): 11.5681ms
Frame 373 end
Average processing time of GrabImageRGBD(): 11.5498ms
Frame 374 end
Average processing time of GrabImageRGBD(): 11.6104ms
Frame 375 end
Average processing time of GrabImageRGBD(): 11.5917ms
Frame 376 end
Average processing time of GrabImageRGBD(): 11.5675ms
Frame 377 end
Average processing time of GrabImageRGBD(): 11.5591ms
Frame 378 end
Average processing time of GrabImageRGBD(): 11.5443ms
Frame 379 end
Average processing time of GrabImageRGBD(): 11.5321ms
Frame 380 end
Average processing time of GrabImageRGBD(): 11.5111ms
Frame 381 end
Average processing time of GrabImageRGBD(): 11.5621ms
Frame 382 end
Average processing time of GrabImageRGBD(): 11.5525ms
Frame 383 end
Average processing time of GrabImageRGBD(): 11.531ms
Frame 384 end
Average processing time of GrabImageRGBD(): 11.5101ms
Frame 385 end
Average processing time of GrabImageRGBD(): 11.4992ms
Frame 386 end
Average processing time of GrabImageRGBD(): 11.4899ms
Frame 387 end
Average processing time of GrabImageRGBD(): 11.4832ms
Frame 388 end
Average processing time of GrabImageRGBD(): 11.5306ms
Frame 389 end
Average processing time of GrabImageRGBD(): 11.529ms
Frame 390 end
Average processing time of GrabImageRGBD(): 11.507ms
Frame 391 end
Average processing time of GrabImageRGBD(): 11.4971ms
Frame 392 end
Average processing time of GrabImageRGBD(): 11.476ms
Frame 393 end
Average processing time of GrabImageRGBD(): 11.4566ms
Frame 394 end
Average processing time of GrabImageRGBD(): 11.448ms
Frame 395 end
Average processing time of GrabImageRGBD(): 11.4917ms
Frame 396 end
Average processing time of GrabImageRGBD(): 11.4855ms
Frame 397 end
Average processing time of GrabImageRGBD(): 11.4739ms
Frame 398 end
Average processing time of GrabImageRGBD(): 11.4657ms
Frame 399 end
Average processing time of GrabImageRGBD(): 11.4463ms
Frame 400 end
Average processing time of GrabImageRGBD(): 11.435ms
Frame 401 end
Average processing time of GrabImageRGBD(): 11.4135ms
Frame 402 end
Average processing time of GrabImageRGBD(): 11.4602ms
Frame 403 end
Average processing time of GrabImageRGBD(): 11.4524ms
Frame 404 end
Average processing time of GrabImageRGBD(): 11.4429ms
Frame 405 end
Average processing time of GrabImageRGBD(): 11.4931ms
Frame 406 end
Average processing time of GrabImageRGBD(): 11.4882ms
Frame 407 end
Average processing time of GrabImageRGBD(): 11.4667ms
Frame 408 end
Average processing time of GrabImageRGBD(): 11.4469ms
Frame 409 end
Average processing time of GrabImageRGBD(): 11.4285ms
Frame 410 end
Average processing time of GrabImageRGBD(): 11.4084ms
Frame 411 end
Average processing time of GrabImageRGBD(): 11.3925ms
Frame 412 end
Average processing time of GrabImageRGBD(): 11.3728ms
Frame 413 end
Average processing time of GrabImageRGBD(): 11.4149ms
Frame 414 end
Average processing time of GrabImageRGBD(): 11.409ms
Frame 415 end
Average processing time of GrabImageRGBD(): 11.3888ms
Frame 416 end
Average processing time of GrabImageRGBD(): 11.3776ms
Frame 417 end
Average processing time of GrabImageRGBD(): 11.3616ms
Frame 418 end
Average processing time of GrabImageRGBD(): 11.3514ms
Frame 419 end
Average processing time of GrabImageRGBD(): 11.3393ms
Frame 420 end
Average processing time of GrabImageRGBD(): 11.3275ms
Frame 421 end
Average processing time of GrabImageRGBD(): 11.37ms
Frame 422 end
Average processing time of GrabImageRGBD(): 11.3598ms
Frame 423 end
Average processing time of GrabImageRGBD(): 11.3398ms
Frame 424 end
Average processing time of GrabImageRGBD(): 11.3216ms
Frame 425 end
Average processing time of GrabImageRGBD(): 11.3101ms
Frame 426 end
Average processing time of GrabImageRGBD(): 11.2965ms
Frame 427 end
Average processing time of GrabImageRGBD(): 11.283ms
Frame 428 end
Average processing time of GrabImageRGBD(): 11.2741ms
Frame 429 end
Average processing time of GrabImageRGBD(): 11.3191ms
Frame 430 end
Average processing time of GrabImageRGBD(): 11.3039ms
Frame 431 end
Average processing time of GrabImageRGBD(): 11.2857ms
Frame 432 end
Average processing time of GrabImageRGBD(): 11.2798ms
Frame 433 end
Average processing time of GrabImageRGBD(): 11.2716ms
Frame 434 end
Average processing time of GrabImageRGBD(): 11.2668ms
Frame 435 end
Average processing time of GrabImageRGBD(): 11.2546ms
Frame 436 end
Average processing time of GrabImageRGBD(): 11.2488ms
Frame 437 end
Average processing time of GrabImageRGBD(): 11.2868ms
Frame 438 end
Average processing time of GrabImageRGBD(): 11.2724ms
Frame 439 end
Average processing time of GrabImageRGBD(): 11.2536ms
Frame 440 end
Average processing time of GrabImageRGBD(): 11.2365ms
Frame 441 end
Average processing time of GrabImageRGBD(): 11.2223ms
Frame 442 end
Average processing time of GrabImageRGBD(): 11.2085ms
Frame 443 end
Average processing time of GrabImageRGBD(): 11.1924ms
Frame 444 end
Average processing time of GrabImageRGBD(): 11.1868ms
Frame 445 end
Average processing time of GrabImageRGBD(): 11.1813ms
Frame 446 end
Average processing time of GrabImageRGBD(): 11.1642ms
Frame 447 end
Average processing time of GrabImageRGBD(): 11.1471ms
Frame 448 end
Average processing time of GrabImageRGBD(): 11.1298ms
Frame 449 end
Average processing time of GrabImageRGBD(): 11.1129ms
Frame 450 end
Average processing time of GrabImageRGBD(): 11.1073ms
Frame 451 end
Average processing time of GrabImageRGBD(): 11.091ms
Frame 452 end
Average processing time of GrabImageRGBD(): 11.085ms
Frame 453 end
Average processing time of GrabImageRGBD(): 11.1305ms
Frame 454 end
Average processing time of GrabImageRGBD(): 11.1219ms
Frame 455 end
Average processing time of GrabImageRGBD(): 11.1053ms
Frame 456 end
Average processing time of GrabImageRGBD(): 11.0885ms
Frame 457 end
Average processing time of GrabImageRGBD(): 11.0832ms
Frame 458 end
Average processing time of GrabImageRGBD(): 11.0691ms
Frame 459 end
Average processing time of GrabImageRGBD(): 11.0643ms
Frame 460 end
Average processing time of GrabImageRGBD(): 11.0472ms
Frame 461 end
Average processing time of GrabImageRGBD(): 11.111ms
Frame 462 end
Average processing time of GrabImageRGBD(): 11.111ms
Frame 463 end
Average processing time of GrabImageRGBD(): 11.0939ms
Frame 464 end
Average processing time of GrabImageRGBD(): 11.0783ms
Frame 465 end
Average processing time of GrabImageRGBD(): 11.0659ms
Frame 466 end
Average processing time of GrabImageRGBD(): 11.0506ms
Frame 467 end
Average processing time of GrabImageRGBD(): 11.0344ms
Frame 468 end
Average processing time of GrabImageRGBD(): 11.0181ms
Frame 469 end
Average processing time of GrabImageRGBD(): 11.0027ms
Frame 470 end
Average processing time of GrabImageRGBD(): 10.9867ms
Frame 471 end
Average processing time of GrabImageRGBD(): 10.9739ms
Frame 472 end
Average processing time of GrabImageRGBD(): 10.9712ms
Frame 473 end
Average processing time of GrabImageRGBD(): 10.9557ms
Frame 474 end
Average processing time of GrabImageRGBD(): 10.9503ms
Frame 475 end
Average processing time of GrabImageRGBD(): 10.9394ms
Frame 476 end
Average processing time of GrabImageRGBD(): 10.9348ms
Frame 477 end
Average processing time of GrabImageRGBD(): 10.9307ms
Frame 478 end
Average processing time of GrabImageRGBD(): 10.9141ms
Frame 479 end
Average processing time of GrabImageRGBD(): 10.9524ms
Frame 480 end
Average processing time of GrabImageRGBD(): 10.9517ms
Frame 481 end
Average processing time of GrabImageRGBD(): 10.9354ms
Frame 482 end
Average processing time of GrabImageRGBD(): 10.9231ms
Frame 483 end
Average processing time of GrabImageRGBD(): 10.9117ms
Frame 484 end
Average processing time of GrabImageRGBD(): 10.8983ms
Frame 485 end
Average processing time of GrabImageRGBD(): 10.8935ms
Frame 486 end
Average processing time of GrabImageRGBD(): 10.8875ms
Frame 487 end
Average processing time of GrabImageRGBD(): 10.8827ms
Frame 488 end
Average processing time of GrabImageRGBD(): 10.901ms
Frame 489 end
Average processing time of GrabImageRGBD(): 10.8958ms
Frame 490 end
Average processing time of GrabImageRGBD(): 10.8908ms
Frame 491 end
Average processing time of GrabImageRGBD(): 10.8747ms
Frame 492 end
Average processing time of GrabImageRGBD(): 10.8677ms
Frame 493 end
Shutdown
-------

median tracking time: 0.00957956
mean tracking time: 0.0117898

Saving camera trajectory to CameraTrajectory.txt ...

Saving keyframe trajectory to KeyFrameTrajectory.txt ...
