
ORB-SLAM3 Copyright (C) 2017-2020 Carlos Campos, Richard Elvira, Juan J. Gómez, José M.M. Montiel and Juan D. Tardós, University of Zaragoza.
ORB-SLAM2 Copyright (C) 2014-2016 Raúl Mur-Artal, José M.M. Montiel and Juan D. Tardós, University of Zaragoza.
This program comes with ABSOLUTELY NO WARRANTY;
This is free software, and you are welcome to redistribute it
under certain conditions. See LICENSE.txt.

Input sensor was set to: RGB-D
Loading settings from /home/bingxin/Downloads/NGD-SLAM/Examples/RGB-D/Bonn.yaml
Camera1.k3 optional parameter does not exist...
	-Loaded camera 1
Camera.newHeight optional parameter does not exist...
Camera.newWidth optional parameter does not exist...
	-Loaded image info
	-Loaded RGB-D calibration
	-Loaded ORB settings
Viewer.imageViewScale optional parameter does not exist...
	-Loaded viewer settings
System.LoadAtlasFromFile optional parameter does not exist...
System.SaveAtlasToFile optional parameter does not exist...
	-Loaded Atlas settings
System.thFarPoints optional parameter does not exist...
	-Loaded misc parameters
----------------------------------
SLAM settings: 
	-Camera 1 parameters (Pinhole): [ 542.823 542.577 315.594 237.756 ]
	-Camera 1 distortion parameters: [  0.039903 -0.099343 -0.00073 -0.000144 ]
	-Original image size: [ 640 , 480 ]
	-Current image size: [ 640 , 480 ]
	-Sequence FPS: 30
	-RGB-D depth map factor: 5000
	-Features per image: 1000
	-ORB scale factor: 1.2
	-ORB number of scales: 8
	-Initial FAST threshold: 20
	-Min FAST threshold: 7


Loading ORB Vocabulary. This could take a while...
Vocabulary loaded!

Initialization of Atlas from scratch 
Creation of new map with id: 0
Creation of new map with last KF id: 0
Seq. Name: 
There are 1 cameras in the atlas
Camera 0 is pinhole
Net use yolo-fastest

-------
Start processing sequence ...
Images in the sequence: 494

First KF:0; Map init KF:0
New Map created with 974 points
Average processing time of GrabImageRGBD(): 45.8941ms
Frame 0 end
Average processing time of GrabImageRGBD(): 35.3438ms
Frame 1 end
Average processing time of GrabImageRGBD(): 31.6758ms
Frame 2 end
Average processing time of GrabImageRGBD(): 30.3947ms
Frame 3 end
Average processing time of GrabImageRGBD(): 25.1896ms
Frame 4 end
Average processing time of GrabImageRGBD(): 21.4903ms
Frame 5 end
Starting the Viewer
Average processing time of GrabImageRGBD(): 18.927ms
Frame 6 end
Average processing time of GrabImageRGBD(): 19.8748ms
Frame 7 end
Average processing time of GrabImageRGBD(): 18.259ms
Frame 8 end
Average processing time of GrabImageRGBD(): 16.7161ms
Frame 9 end
Average processing time of GrabImageRGBD(): 15.8713ms
Frame 10 end
Average processing time of GrabImageRGBD(): 15.1975ms
Frame 11 end
Average processing time of GrabImageRGBD(): 16.3668ms
Frame 12 end
Average processing time of GrabImageRGBD(): 15.491ms
Frame 13 end
Average processing time of GrabImageRGBD(): 14.6308ms
Frame 14 end
Average processing time of GrabImageRGBD(): 13.9375ms
Frame 15 end
Average processing time of GrabImageRGBD(): 14.8802ms
Frame 16 end
Average processing time of GrabImageRGBD(): 14.5859ms
Frame 17 end
Average processing time of GrabImageRGBD(): 13.9665ms
Frame 18 end
Average processing time of GrabImageRGBD(): 13.6682ms
Frame 19 end
Average processing time of GrabImageRGBD(): 13.4326ms
Frame 20 end
Average processing time of GrabImageRGBD(): 13.0395ms
Frame 21 end
Average processing time of GrabImageRGBD(): 12.6661ms
Frame 22 end
Average processing time of GrabImageRGBD(): 13.4214ms
Frame 23 end
Average processing time of GrabImageRGBD(): 13.2684ms
Frame 24 end
Average processing time of GrabImageRGBD(): 12.891ms
Frame 25 end
Average processing time of GrabImageRGBD(): 13.5235ms
Frame 26 end
Average processing time of GrabImageRGBD(): 13.4229ms
Frame 27 end
Average processing time of GrabImageRGBD(): 13.064ms
Frame 28 end
Average processing time of GrabImageRGBD(): 12.7504ms
Frame 29 end
Average processing time of GrabImageRGBD(): 12.4554ms
Frame 30 end
Average processing time of GrabImageRGBD(): 12.1719ms
Frame 31 end
Average processing time of GrabImageRGBD(): 12.008ms
Frame 32 end
Average processing time of GrabImageRGBD(): 11.7521ms
Frame 33 end
Average processing time of GrabImageRGBD(): 11.665ms
Frame 34 end
Average processing time of GrabImageRGBD(): 12.159ms
Frame 35 end
Average processing time of GrabImageRGBD(): 12.1049ms
Frame 36 end
Average processing time of GrabImageRGBD(): 11.8698ms
Frame 37 end
Average processing time of GrabImageRGBD(): 11.785ms
Frame 38 end
Average processing time of GrabImageRGBD(): 11.5675ms
Frame 39 end
Average processing time of GrabImageRGBD(): 12.0203ms
Frame 40 end
Average processing time of GrabImageRGBD(): 11.9818ms
Frame 41 end
Average processing time of GrabImageRGBD(): 11.7797ms
Frame 42 end
Average processing time of GrabImageRGBD(): 11.5834ms
Frame 43 end
Average processing time of GrabImageRGBD(): 11.4496ms
Frame 44 end
Average processing time of GrabImageRGBD(): 11.3866ms
Frame 45 end
Average processing time of GrabImageRGBD(): 11.2178ms
Frame 46 end
Average processing time of GrabImageRGBD(): 11.5588ms
Frame 47 end
Average processing time of GrabImageRGBD(): 11.4062ms
Frame 48 end
Average processing time of GrabImageRGBD(): 11.7194ms
Frame 49 end
Average processing time of GrabImageRGBD(): 11.7137ms
Frame 50 end
Average processing time of GrabImageRGBD(): 11.5448ms
Frame 51 end
Average processing time of GrabImageRGBD(): 11.837ms
Frame 52 end
Average processing time of GrabImageRGBD(): 11.7794ms
Frame 53 end
Average processing time of GrabImageRGBD(): 11.6283ms
Frame 54 end
Average processing time of GrabImageRGBD(): 11.5949ms
Frame 55 end
Average processing time of GrabImageRGBD(): 11.5709ms
Frame 56 end
Average processing time of GrabImageRGBD(): 11.4298ms
Frame 57 end
Average processing time of GrabImageRGBD(): 11.3583ms
Frame 58 end
Average processing time of GrabImageRGBD(): 11.3372ms
Frame 59 end
Average processing time of GrabImageRGBD(): 11.2719ms
Frame 60 end
Average processing time of GrabImageRGBD(): 11.2464ms
Frame 61 end
Average processing time of GrabImageRGBD(): 11.1451ms
Frame 62 end
Average processing time of GrabImageRGBD(): 11.0218ms
Frame 63 end
Average processing time of GrabImageRGBD(): 11.3349ms
Frame 64 end
Average processing time of GrabImageRGBD(): 11.2285ms
Frame 65 end
Average processing time of GrabImageRGBD(): 11.11ms
Frame 66 end
Average processing time of GrabImageRGBD(): 11.0015ms
Frame 67 end
Average processing time of GrabImageRGBD(): 10.8927ms
Frame 68 end
Average processing time of GrabImageRGBD(): 10.8263ms
Frame 69 end
Average processing time of GrabImageRGBD(): 10.7637ms
Frame 70 end
Average processing time of GrabImageRGBD(): 10.7474ms
Frame 71 end
Average processing time of GrabImageRGBD(): 10.7291ms
Frame 72 end
Average processing time of GrabImageRGBD(): 10.6223ms
Frame 73 end
Average processing time of GrabImageRGBD(): 10.6032ms
Frame 74 end
Average processing time of GrabImageRGBD(): 10.8328ms
Frame 75 end
Average processing time of GrabImageRGBD(): 10.744ms
Frame 76 end
Average processing time of GrabImageRGBD(): 10.6547ms
Frame 77 end
Average processing time of GrabImageRGBD(): 10.5658ms
Frame 78 end
Average processing time of GrabImageRGBD(): 10.5562ms
Frame 79 end
Average processing time of GrabImageRGBD(): 10.555ms
Frame 80 end
Average processing time of GrabImageRGBD(): 10.4692ms
Frame 81 end
Average processing time of GrabImageRGBD(): 10.3842ms
Frame 82 end
Average processing time of GrabImageRGBD(): 10.3708ms
Frame 83 end
Average processing time of GrabImageRGBD(): 10.3585ms
Frame 84 end
Average processing time of GrabImageRGBD(): 10.272ms
Frame 85 end
Average processing time of GrabImageRGBD(): 10.1934ms
Frame 86 end
Average processing time of GrabImageRGBD(): 10.1186ms
Frame 87 end
Average processing time of GrabImageRGBD(): 10.1079ms
Frame 88 end
Average processing time of GrabImageRGBD(): 10.1006ms
Frame 89 end
Average processing time of GrabImageRGBD(): 10.0932ms
Frame 90 end
Average processing time of GrabImageRGBD(): 10.0174ms
Frame 91 end
Average processing time of GrabImageRGBD(): 10.0086ms
Frame 92 end
Average processing time of GrabImageRGBD(): 10.0028ms
Frame 93 end
Average processing time of GrabImageRGBD(): 9.92895ms
Frame 94 end
Average processing time of GrabImageRGBD(): 9.87659ms
Frame 95 end
Average processing time of GrabImageRGBD(): 9.86844ms
Frame 96 end
Average processing time of GrabImageRGBD(): 9.86434ms
Frame 97 end
Average processing time of GrabImageRGBD(): 9.79793ms
Frame 98 end
Average processing time of GrabImageRGBD(): 9.73147ms
Frame 99 end
Average processing time of GrabImageRGBD(): 9.71218ms
Frame 100 end
Average processing time of GrabImageRGBD(): 9.66581ms
Frame 101 end
Average processing time of GrabImageRGBD(): 9.6643ms
Frame 102 end
Average processing time of GrabImageRGBD(): 9.6358ms
Frame 103 end
Average processing time of GrabImageRGBD(): 9.5702ms
Frame 104 end
Average processing time of GrabImageRGBD(): 9.76748ms
Frame 105 end
Average processing time of GrabImageRGBD(): 9.7888ms
Frame 106 end
Average processing time of GrabImageRGBD(): 9.72896ms
Frame 107 end
Average processing time of GrabImageRGBD(): 9.73229ms
Frame 108 end
Average processing time of GrabImageRGBD(): 9.70194ms
Frame 109 end
Average processing time of GrabImageRGBD(): 9.64099ms
Frame 110 end
Average processing time of GrabImageRGBD(): 9.5986ms
Frame 111 end
Average processing time of GrabImageRGBD(): 9.5421ms
Frame 112 end
Average processing time of GrabImageRGBD(): 9.49214ms
Frame 113 end
Average processing time of GrabImageRGBD(): 9.44112ms
Frame 114 end
Average processing time of GrabImageRGBD(): 9.40465ms
Frame 115 end
Average processing time of GrabImageRGBD(): 9.40381ms
Frame 116 end
Average processing time of GrabImageRGBD(): 9.39667ms
Frame 117 end
Average processing time of GrabImageRGBD(): 9.38168ms
Frame 118 end
Average processing time of GrabImageRGBD(): 9.33487ms
Frame 119 end
Average processing time of GrabImageRGBD(): 9.3276ms
Frame 120 end
Average processing time of GrabImageRGBD(): 9.27818ms
Frame 121 end
Average processing time of GrabImageRGBD(): 9.243ms
Frame 122 end
Average processing time of GrabImageRGBD(): 9.23951ms
Frame 123 end
Average processing time of GrabImageRGBD(): 9.19327ms
Frame 124 end
Average processing time of GrabImageRGBD(): 9.19378ms
Frame 125 end
Average processing time of GrabImageRGBD(): 9.2025ms
Frame 126 end
Average processing time of GrabImageRGBD(): 9.15786ms
Frame 127 end
Average processing time of GrabImageRGBD(): 9.32765ms
Frame 128 end
Average processing time of GrabImageRGBD(): 9.3105ms
Frame 129 end
Average processing time of GrabImageRGBD(): 9.28913ms
Frame 130 end
Average processing time of GrabImageRGBD(): 9.27549ms
Frame 131 end
Average processing time of GrabImageRGBD(): 9.27573ms
Frame 132 end
Average processing time of GrabImageRGBD(): 9.2676ms
Frame 133 end
Average processing time of GrabImageRGBD(): 9.22048ms
Frame 134 end
Average processing time of GrabImageRGBD(): 9.22054ms
Frame 135 end
Average processing time of GrabImageRGBD(): 9.22137ms
Frame 136 end
Average processing time of GrabImageRGBD(): 9.22444ms
Frame 137 end
Average processing time of GrabImageRGBD(): 9.22975ms
Frame 138 end
Average processing time of GrabImageRGBD(): 9.18528ms
Frame 139 end
Average processing time of GrabImageRGBD(): 9.14613ms
Frame 140 end
Average processing time of GrabImageRGBD(): 9.10761ms
Frame 141 end
Average processing time of GrabImageRGBD(): 9.10442ms
Frame 142 end
Average processing time of GrabImageRGBD(): 9.12097ms
Frame 143 end
Average processing time of GrabImageRGBD(): 9.12105ms
Frame 144 end
Average processing time of GrabImageRGBD(): 9.11517ms
Frame 145 end
Average processing time of GrabImageRGBD(): 9.10632ms
Frame 146 end
Average processing time of GrabImageRGBD(): 9.10374ms
Frame 147 end
Average processing time of GrabImageRGBD(): 9.09897ms
Frame 148 end
Average processing time of GrabImageRGBD(): 9.08658ms
Frame 149 end
Average processing time of GrabImageRGBD(): 9.08412ms
Frame 150 end
Average processing time of GrabImageRGBD(): 9.0562ms
Frame 151 end
Average processing time of GrabImageRGBD(): 9.17949ms
Frame 152 end
Average processing time of GrabImageRGBD(): 9.18864ms
Frame 153 end
Average processing time of GrabImageRGBD(): 9.15454ms
Frame 154 end
Average processing time of GrabImageRGBD(): 9.13021ms
Frame 155 end
Average processing time of GrabImageRGBD(): 9.12753ms
Frame 156 end
Average processing time of GrabImageRGBD(): 9.11282ms
Frame 157 end
Average processing time of GrabImageRGBD(): 9.07861ms
Frame 158 end
Average processing time of GrabImageRGBD(): 9.06546ms
Frame 159 end
Average processing time of GrabImageRGBD(): 9.07202ms
Frame 160 end
Average processing time of GrabImageRGBD(): 9.03894ms
Frame 161 end
Average processing time of GrabImageRGBD(): 9.2104ms
Frame 162 end
Average processing time of GrabImageRGBD(): 9.24795ms
Frame 163 end
Average processing time of GrabImageRGBD(): 9.29258ms
Frame 164 end
Average processing time of GrabImageRGBD(): 9.56378ms
Frame 165 end
Average processing time of GrabImageRGBD(): 9.6168ms
Frame 166 end
Average processing time of GrabImageRGBD(): 9.66149ms
Frame 167 end
Average processing time of GrabImageRGBD(): 9.84311ms
Frame 168 end
Average processing time of GrabImageRGBD(): 9.9057ms
Frame 169 end
Average processing time of GrabImageRGBD(): 9.93156ms
Frame 170 end
Average processing time of GrabImageRGBD(): 9.95618ms
Frame 171 end
Average processing time of GrabImageRGBD(): 9.97798ms
Frame 172 end
Average processing time of GrabImageRGBD(): 10.02ms
Frame 173 end
Average processing time of GrabImageRGBD(): 10.0361ms
Frame 174 end
Average processing time of GrabImageRGBD(): 10.0616ms
Frame 175 end
Average processing time of GrabImageRGBD(): 10.0934ms
Frame 176 end
Average processing time of GrabImageRGBD(): 10.2447ms
Frame 177 end
Average processing time of GrabImageRGBD(): 10.2709ms
Frame 178 end
Average processing time of GrabImageRGBD(): 10.302ms
Frame 179 end
Average processing time of GrabImageRGBD(): 10.3159ms
Frame 180 end
Average processing time of GrabImageRGBD(): 10.339ms
Frame 181 end
Average processing time of GrabImageRGBD(): 10.3658ms
Frame 182 end
Average processing time of GrabImageRGBD(): 10.3698ms
Frame 183 end
Average processing time of GrabImageRGBD(): 10.398ms
Frame 184 end
Average processing time of GrabImageRGBD(): 10.5416ms
Frame 185 end
Average processing time of GrabImageRGBD(): 10.5573ms
Frame 186 end
Average processing time of GrabImageRGBD(): 10.583ms
Frame 187 end
Average processing time of GrabImageRGBD(): 10.5753ms
Frame 188 end
Average processing time of GrabImageRGBD(): 10.7783ms
Frame 189 end
Average processing time of GrabImageRGBD(): 10.784ms
Frame 190 end
Average processing time of GrabImageRGBD(): 10.8ms
Frame 191 end
Average processing time of GrabImageRGBD(): 10.8152ms
Frame 192 end
Average processing time of GrabImageRGBD(): 10.8329ms
Frame 193 end
Average processing time of GrabImageRGBD(): 10.8548ms
Frame 194 end
Average processing time of GrabImageRGBD(): 10.8619ms
Frame 195 end
Average processing time of GrabImageRGBD(): 10.8702ms
Frame 196 end
Average processing time of GrabImageRGBD(): 10.8596ms
Frame 197 end
Average processing time of GrabImageRGBD(): 10.9819ms
Frame 198 end
Average processing time of GrabImageRGBD(): 10.9974ms
Frame 199 end
Average processing time of GrabImageRGBD(): 11.01ms
Frame 200 end
Average processing time of GrabImageRGBD(): 11.0216ms
Frame 201 end
Average processing time of GrabImageRGBD(): 11.0188ms
Frame 202 end
Average processing time of GrabImageRGBD(): 11.0326ms
Frame 203 end
Average processing time of GrabImageRGBD(): 11.0419ms
Frame 204 end
Average processing time of GrabImageRGBD(): 11.0482ms
Frame 205 end
Average processing time of GrabImageRGBD(): 11.0385ms
Frame 206 end
Average processing time of GrabImageRGBD(): 11.0428ms
Frame 207 end
Average processing time of GrabImageRGBD(): 11.0589ms
Frame 208 end
Average processing time of GrabImageRGBD(): 11.0719ms
Frame 209 end
Average processing time of GrabImageRGBD(): 11.0864ms
Frame 210 end
Average processing time of GrabImageRGBD(): 11.2054ms
Frame 211 end
Average processing time of GrabImageRGBD(): 11.2172ms
Frame 212 end
Average processing time of GrabImageRGBD(): 11.241ms
Frame 213 end
Average processing time of GrabImageRGBD(): 11.2535ms
Frame 214 end
Average processing time of GrabImageRGBD(): 11.2457ms
Frame 215 end
Average processing time of GrabImageRGBD(): 11.3646ms
Frame 216 end
Average processing time of GrabImageRGBD(): 11.3833ms
Frame 217 end
Average processing time of GrabImageRGBD(): 11.3974ms
Frame 218 end
Average processing time of GrabImageRGBD(): 11.4104ms
Frame 219 end
Average processing time of GrabImageRGBD(): 11.514ms
Frame 220 end
Average processing time of GrabImageRGBD(): 11.5339ms
Frame 221 end
Average processing time of GrabImageRGBD(): 11.5488ms
Frame 222 end
Average processing time of GrabImageRGBD(): 11.5672ms
Frame 223 end
Average processing time of GrabImageRGBD(): 11.5831ms
Frame 224 end
Average processing time of GrabImageRGBD(): 11.5932ms
Frame 225 end
Average processing time of GrabImageRGBD(): 11.6026ms
Frame 226 end
Average processing time of GrabImageRGBD(): 11.6054ms
Frame 227 end
Average processing time of GrabImageRGBD(): 11.7259ms
Frame 228 end
Average processing time of GrabImageRGBD(): 11.7355ms
Frame 229 end
Average processing time of GrabImageRGBD(): 11.7425ms
Frame 230 end
Average processing time of GrabImageRGBD(): 11.7482ms
Frame 231 end
Average processing time of GrabImageRGBD(): 11.7474ms
Frame 232 end
Average processing time of GrabImageRGBD(): 11.7406ms
Frame 233 end
Average processing time of GrabImageRGBD(): 11.7444ms
Frame 234 end
Average processing time of GrabImageRGBD(): 11.7474ms
Frame 235 end
Average processing time of GrabImageRGBD(): 11.8457ms
Frame 236 end
Average processing time of GrabImageRGBD(): 11.8562ms
Frame 237 end
Average processing time of GrabImageRGBD(): 11.8437ms
Frame 238 end
Average processing time of GrabImageRGBD(): 11.8511ms
Frame 239 end
Average processing time of GrabImageRGBD(): 11.9539ms
Frame 240 end
Average processing time of GrabImageRGBD(): 11.9669ms
Frame 241 end
Average processing time of GrabImageRGBD(): 11.9737ms
Frame 242 end
Average processing time of GrabImageRGBD(): 11.9824ms
Frame 243 end
Average processing time of GrabImageRGBD(): 11.9881ms
Frame 244 end
Average processing time of GrabImageRGBD(): 11.9858ms
Frame 245 end
Average processing time of GrabImageRGBD(): 11.9927ms
Frame 246 end
Average processing time of GrabImageRGBD(): 12.0035ms
Frame 247 end
Average processing time of GrabImageRGBD(): 12.005ms
Frame 248 end
Average processing time of GrabImageRGBD(): 12.0067ms
Frame 249 end
Average processing time of GrabImageRGBD(): 12.0198ms
Frame 250 end
Average processing time of GrabImageRGBD(): 12.1097ms
Frame 251 end
Average processing time of GrabImageRGBD(): 12.1136ms
Frame 252 end
Average processing time of GrabImageRGBD(): 12.1199ms
Frame 253 end
Average processing time of GrabImageRGBD(): 12.1444ms
Frame 254 end
Average processing time of GrabImageRGBD(): 12.1448ms
Frame 255 end
Average processing time of GrabImageRGBD(): 12.1554ms
Frame 256 end
Average processing time of GrabImageRGBD(): 12.1693ms
Frame 257 end
Average processing time of GrabImageRGBD(): 12.2385ms
Frame 258 end
Average processing time of GrabImageRGBD(): 12.2128ms
Frame 259 end
Average processing time of GrabImageRGBD(): 12.1813ms
Frame 260 end
Average processing time of GrabImageRGBD(): 12.1603ms
Frame 261 end
Average processing time of GrabImageRGBD(): 12.2253ms
Frame 262 end
Average processing time of GrabImageRGBD(): 12.2032ms
Frame 263 end
Average processing time of GrabImageRGBD(): 12.2081ms
Frame 264 end
Average processing time of GrabImageRGBD(): 12.1837ms
Frame 265 end
Average processing time of GrabImageRGBD(): 12.1807ms
Frame 266 end
Average processing time of GrabImageRGBD(): 12.1766ms
Frame 267 end
Average processing time of GrabImageRGBD(): 12.1763ms
Frame 268 end
Average processing time of GrabImageRGBD(): 12.1764ms
Frame 269 end
Average processing time of GrabImageRGBD(): 12.2591ms
Frame 270 end
Average processing time of GrabImageRGBD(): 12.2541ms
Frame 271 end
Average processing time of GrabImageRGBD(): 12.2576ms
Frame 272 end
Average processing time of GrabImageRGBD(): 12.2579ms
Frame 273 end
Average processing time of GrabImageRGBD(): 12.247ms
Frame 274 end
Average processing time of GrabImageRGBD(): 12.2481ms
Frame 275 end
Average processing time of GrabImageRGBD(): 12.2489ms
Frame 276 end
Average processing time of GrabImageRGBD(): 12.2431ms
Frame 277 end
Average processing time of GrabImageRGBD(): 12.222ms
Frame 278 end
Average processing time of GrabImageRGBD(): 12.1903ms
Frame 279 end
Average processing time of GrabImageRGBD(): 12.1805ms
Frame 280 end
Average processing time of GrabImageRGBD(): 12.1466ms
Frame 281 end
Average processing time of GrabImageRGBD(): 12.1362ms
Frame 282 end
Average processing time of GrabImageRGBD(): 12.1288ms
Frame 283 end
Average processing time of GrabImageRGBD(): 12.0968ms
Frame 284 end
Average processing time of GrabImageRGBD(): 12.0848ms
Frame 285 end
Average processing time of GrabImageRGBD(): 12.0627ms
Frame 286 end
Average processing time of GrabImageRGBD(): 12.0496ms
Frame 287 end
Average processing time of GrabImageRGBD(): 12.0297ms
Frame 288 end
Average processing time of GrabImageRGBD(): 12.0187ms
Frame 289 end
Average processing time of GrabImageRGBD(): 11.9871ms
Frame 290 end
Average processing time of GrabImageRGBD(): 11.9732ms
Frame 291 end
Average processing time of GrabImageRGBD(): 11.964ms
Frame 292 end
Average processing time of GrabImageRGBD(): 11.9548ms
Frame 293 end
Average processing time of GrabImageRGBD(): 12.0153ms
Frame 294 end
Average processing time of GrabImageRGBD(): 12.0179ms
Frame 295 end
Average processing time of GrabImageRGBD(): 11.998ms
Frame 296 end
Average processing time of GrabImageRGBD(): 11.9798ms
Frame 297 end
Average processing time of GrabImageRGBD(): 11.9773ms
Frame 298 end
Average processing time of GrabImageRGBD(): 12.0474ms
Frame 299 end
Average processing time of GrabImageRGBD(): 12.042ms
Frame 300 end
Average processing time of GrabImageRGBD(): 12.0241ms
Frame 301 end
Average processing time of GrabImageRGBD(): 11.9978ms
Frame 302 end
Average processing time of GrabImageRGBD(): 11.971ms
Frame 303 end
Average processing time of GrabImageRGBD(): 12.0545ms
Frame 304 end
Average processing time of GrabImageRGBD(): 12.0318ms
Frame 305 end
Average processing time of GrabImageRGBD(): 12.0257ms
Frame 306 end
Average processing time of GrabImageRGBD(): 12.0049ms
Frame 307 end
Average processing time of GrabImageRGBD(): 11.9781ms
Frame 308 end
Average processing time of GrabImageRGBD(): 11.9693ms
Frame 309 end
Average processing time of GrabImageRGBD(): 11.9442ms
Frame 310 end
Average processing time of GrabImageRGBD(): 11.9361ms
Frame 311 end
Average processing time of GrabImageRGBD(): 11.9279ms
Frame 312 end
Average processing time of GrabImageRGBD(): 11.9188ms
Frame 313 end
Average processing time of GrabImageRGBD(): 11.9114ms
Frame 314 end
Average processing time of GrabImageRGBD(): 11.8903ms
Frame 315 end
Average processing time of GrabImageRGBD(): 11.8638ms
Frame 316 end
Average processing time of GrabImageRGBD(): 11.8498ms
Frame 317 end
Average processing time of GrabImageRGBD(): 11.8294ms
Frame 318 end
Average processing time of GrabImageRGBD(): 11.8209ms
Frame 319 end
Average processing time of GrabImageRGBD(): 11.7921ms
Frame 320 end
Average processing time of GrabImageRGBD(): 11.7819ms
Frame 321 end
Average processing time of GrabImageRGBD(): 11.8341ms
Frame 322 end
Average processing time of GrabImageRGBD(): 11.8117ms
Frame 323 end
Average processing time of GrabImageRGBD(): 11.7863ms
Frame 324 end
Average processing time of GrabImageRGBD(): 11.7606ms
Frame 325 end
Average processing time of GrabImageRGBD(): 11.7369ms
Frame 326 end
Average processing time of GrabImageRGBD(): 11.7128ms
Frame 327 end
Average processing time of GrabImageRGBD(): 11.7759ms
Frame 328 end
Average processing time of GrabImageRGBD(): 11.7541ms
Frame 329 end
Average processing time of GrabImageRGBD(): 11.7388ms
Frame 330 end
Average processing time of GrabImageRGBD(): 11.7218ms
Frame 331 end
Average processing time of GrabImageRGBD(): 11.6997ms
Frame 332 end
Average processing time of GrabImageRGBD(): 11.6856ms
Frame 333 end
Average processing time of GrabImageRGBD(): 11.7329ms
Frame 334 end
Average processing time of GrabImageRGBD(): 11.72ms
Frame 335 end
Average processing time of GrabImageRGBD(): 11.6947ms
Frame 336 end
Average processing time of GrabImageRGBD(): 11.6721ms
Frame 337 end
Average processing time of GrabImageRGBD(): 11.6599ms
Frame 338 end
Average processing time of GrabImageRGBD(): 11.6353ms
Frame 339 end
Average processing time of GrabImageRGBD(): 11.6861ms
Frame 340 end
Average processing time of GrabImageRGBD(): 11.6834ms
Frame 341 end
Average processing time of GrabImageRGBD(): 11.658ms
Frame 342 end
Average processing time of GrabImageRGBD(): 11.6484ms
Frame 343 end
Average processing time of GrabImageRGBD(): 11.6281ms
Frame 344 end
Average processing time of GrabImageRGBD(): 11.6171ms
Frame 345 end
Average processing time of GrabImageRGBD(): 11.6645ms
Frame 346 end
Average processing time of GrabImageRGBD(): 11.6614ms
Frame 347 end
Average processing time of GrabImageRGBD(): 11.6369ms
Frame 348 end
Average processing time of GrabImageRGBD(): 11.614ms
Frame 349 end
Average processing time of GrabImageRGBD(): 11.5959ms
Frame 350 end
Average processing time of GrabImageRGBD(): 11.583ms
Frame 351 end
Average processing time of GrabImageRGBD(): 11.5606ms
Frame 352 end
Average processing time of GrabImageRGBD(): 11.5524ms
Frame 353 end
Average processing time of GrabImageRGBD(): 11.6082ms
Frame 354 end
Average processing time of GrabImageRGBD(): 11.6035ms
Frame 355 end
Average processing time of GrabImageRGBD(): 11.5805ms
Frame 356 end
Average processing time of GrabImageRGBD(): 11.5757ms
Frame 357 end
Average processing time of GrabImageRGBD(): 11.5634ms
Frame 358 end
Average processing time of GrabImageRGBD(): 11.5549ms
Frame 359 end
Average processing time of GrabImageRGBD(): 11.6108ms
Frame 360 end
Average processing time of GrabImageRGBD(): 11.6062ms
Frame 361 end
Average processing time of GrabImageRGBD(): 11.5821ms
Frame 362 end
Average processing time of GrabImageRGBD(): 11.5758ms
Frame 363 end
Average processing time of GrabImageRGBD(): 11.5543ms
Frame 364 end
Average processing time of GrabImageRGBD(): 11.5453ms
Frame 365 end
Average processing time of GrabImageRGBD(): 11.5229ms
Frame 366 end
Average processing time of GrabImageRGBD(): 11.5108ms
Frame 367 end
Average processing time of GrabImageRGBD(): 11.503ms
Frame 368 end
Average processing time of GrabImageRGBD(): 11.5578ms
Frame 369 end
Average processing time of GrabImageRGBD(): 11.5391ms
Frame 370 end
Average processing time of GrabImageRGBD(): 11.5339ms
Frame 371 end
Average processing time of GrabImageRGBD(): 11.5303ms
Frame 372 end
Average processing time of GrabImageRGBD(): 11.5256ms
Frame 373 end
Average processing time of GrabImageRGBD(): 11.5066ms
Frame 374 end
Average processing time of GrabImageRGBD(): 11.4947ms
Frame 375 end
Average processing time of GrabImageRGBD(): 11.5402ms
Frame 376 end
Average processing time of GrabImageRGBD(): 11.5401ms
Frame 377 end
Average processing time of GrabImageRGBD(): 11.5198ms
Frame 378 end
Average processing time of GrabImageRGBD(): 11.5143ms
Frame 379 end
Average processing time of GrabImageRGBD(): 11.4922ms
Frame 380 end
Average processing time of GrabImageRGBD(): 11.4834ms
Frame 381 end
Average processing time of GrabImageRGBD(): 11.4629ms
Frame 382 end
Average processing time of GrabImageRGBD(): 11.5177ms
Frame 383 end
Average processing time of GrabImageRGBD(): 11.5157ms
Frame 384 end
Average processing time of GrabImageRGBD(): 11.4937ms
Frame 385 end
Average processing time of GrabImageRGBD(): 11.4732ms
Frame 386 end
Average processing time of GrabImageRGBD(): 11.4605ms
Frame 387 end
Average processing time of GrabImageRGBD(): 11.4481ms
Frame 388 end
Average processing time of GrabImageRGBD(): 11.4277ms
Frame 389 end
Average processing time of GrabImageRGBD(): 11.4741ms
Frame 390 end
Average processing time of GrabImageRGBD(): 11.4746ms
Frame 391 end
Average processing time of GrabImageRGBD(): 11.4521ms
Frame 392 end
Average processing time of GrabImageRGBD(): 11.432ms
Frame 393 end
Average processing time of GrabImageRGBD(): 11.4119ms
Frame 394 end
Average processing time of GrabImageRGBD(): 11.3942ms
Frame 395 end
Average processing time of GrabImageRGBD(): 11.384ms
Frame 396 end
Average processing time of GrabImageRGBD(): 11.4333ms
Frame 397 end
Average processing time of GrabImageRGBD(): 11.4366ms
Frame 398 end
Average processing time of GrabImageRGBD(): 11.4275ms
Frame 399 end
Average processing time of GrabImageRGBD(): 11.4219ms
Frame 400 end
Average processing time of GrabImageRGBD(): 11.4134ms
Frame 401 end
Average processing time of GrabImageRGBD(): 11.3939ms
Frame 402 end
Average processing time of GrabImageRGBD(): 11.3847ms
Frame 403 end
Average processing time of GrabImageRGBD(): 11.3648ms
Frame 404 end
Average processing time of GrabImageRGBD(): 11.4103ms
Frame 405 end
Average processing time of GrabImageRGBD(): 11.3966ms
Frame 406 end
Average processing time of GrabImageRGBD(): 11.377ms
Frame 407 end
Average processing time of GrabImageRGBD(): 11.3576ms
Frame 408 end
Average processing time of GrabImageRGBD(): 11.3453ms
Frame 409 end
Average processing time of GrabImageRGBD(): 11.3383ms
Frame 410 end
Average processing time of GrabImageRGBD(): 11.3195ms
Frame 411 end
Average processing time of GrabImageRGBD(): 11.3614ms
Frame 412 end
Average processing time of GrabImageRGBD(): 11.3464ms
Frame 413 end
Average processing time of GrabImageRGBD(): 11.3277ms
Frame 414 end
Average processing time of GrabImageRGBD(): 11.3093ms
Frame 415 end
Average processing time of GrabImageRGBD(): 11.2906ms
Frame 416 end
Average processing time of GrabImageRGBD(): 11.2825ms
Frame 417 end
Average processing time of GrabImageRGBD(): 11.2716ms
Frame 418 end
Average processing time of GrabImageRGBD(): 11.2534ms
Frame 419 end
Average processing time of GrabImageRGBD(): 11.3222ms
Frame 420 end
Average processing time of GrabImageRGBD(): 11.3188ms
Frame 421 end
Average processing time of GrabImageRGBD(): 11.2991ms
Frame 422 end
Average processing time of GrabImageRGBD(): 11.289ms
Frame 423 end
Average processing time of GrabImageRGBD(): 11.2794ms
Frame 424 end
Average processing time of GrabImageRGBD(): 11.2732ms
Frame 425 end
Average processing time of GrabImageRGBD(): 11.2586ms
Frame 426 end
Average processing time of GrabImageRGBD(): 11.2999ms
Frame 427 end
Average processing time of GrabImageRGBD(): 11.2842ms
Frame 428 end
Average processing time of GrabImageRGBD(): 11.2649ms
Frame 429 end
Average processing time of GrabImageRGBD(): 11.2495ms
Frame 430 end
Average processing time of GrabImageRGBD(): 11.2316ms
Frame 431 end
Average processing time of GrabImageRGBD(): 11.2258ms
Frame 432 end
Average processing time of GrabImageRGBD(): 11.2082ms
Frame 433 end
Average processing time of GrabImageRGBD(): 11.2004ms
Frame 434 end
Average processing time of GrabImageRGBD(): 11.2386ms
Frame 435 end
Average processing time of GrabImageRGBD(): 11.2231ms
Frame 436 end
Average processing time of GrabImageRGBD(): 11.2045ms
Frame 437 end
Average processing time of GrabImageRGBD(): 11.1999ms
Frame 438 end
Average processing time of GrabImageRGBD(): 11.1884ms
Frame 439 end
Average processing time of GrabImageRGBD(): 11.182ms
Frame 440 end
Average processing time of GrabImageRGBD(): 11.1648ms
Frame 441 end
Average processing time of GrabImageRGBD(): 11.2121ms
Frame 442 end
Average processing time of GrabImageRGBD(): 11.2123ms
Frame 443 end
Average processing time of GrabImageRGBD(): 11.2084ms
Frame 444 end
Average processing time of GrabImageRGBD(): 11.2048ms
Frame 445 end
Average processing time of GrabImageRGBD(): 11.1878ms
Frame 446 end
Average processing time of GrabImageRGBD(): 11.1714ms
Frame 447 end
Average processing time of GrabImageRGBD(): 11.1675ms
Frame 448 end
Average processing time of GrabImageRGBD(): 11.1499ms
Frame 449 end
Average processing time of GrabImageRGBD(): 11.1458ms
Frame 450 end
Average processing time of GrabImageRGBD(): 11.1416ms
Frame 451 end
Average processing time of GrabImageRGBD(): 11.1243ms
Frame 452 end
Average processing time of GrabImageRGBD(): 11.1112ms
Frame 453 end
Average processing time of GrabImageRGBD(): 11.1028ms
Frame 454 end
Average processing time of GrabImageRGBD(): 11.0908ms
Frame 455 end
Average processing time of GrabImageRGBD(): 11.0772ms
Frame 456 end
Average processing time of GrabImageRGBD(): 11.072ms
Frame 457 end
Average processing time of GrabImageRGBD(): 11.0672ms
Frame 458 end
Average processing time of GrabImageRGBD(): 11.063ms
Frame 459 end
Average processing time of GrabImageRGBD(): 11.0584ms
Frame 460 end
Average processing time of GrabImageRGBD(): 11.0962ms
Frame 461 end
Average processing time of GrabImageRGBD(): 11.0943ms
Frame 462 end
Average processing time of GrabImageRGBD(): 11.0772ms
Frame 463 end
Average processing time of GrabImageRGBD(): 11.0689ms
Frame 464 end
Average processing time of GrabImageRGBD(): 11.0645ms
Frame 465 end
Average processing time of GrabImageRGBD(): 11.0615ms
Frame 466 end
Average processing time of GrabImageRGBD(): 11.0533ms
Frame 467 end
Average processing time of GrabImageRGBD(): 11.0473ms
Frame 468 end
Average processing time of GrabImageRGBD(): 11.0428ms
Frame 469 end
Average processing time of GrabImageRGBD(): 11.0258ms
Frame 470 end
Average processing time of GrabImageRGBD(): 11.0213ms
Frame 471 end
Average processing time of GrabImageRGBD(): 11.0042ms
Frame 472 end
Average processing time of GrabImageRGBD(): 10.9965ms
Frame 473 end
Average processing time of GrabImageRGBD(): 10.9922ms
Frame 474 end
Average processing time of GrabImageRGBD(): 10.9754ms
Frame 475 end
Average processing time of GrabImageRGBD(): 10.9707ms
Frame 476 end
Average processing time of GrabImageRGBD(): 10.965ms
Frame 477 end
Average processing time of GrabImageRGBD(): 10.9519ms
Frame 478 end
Average processing time of GrabImageRGBD(): 10.9377ms
Frame 479 end
Average processing time of GrabImageRGBD(): 10.9325ms
Frame 480 end
Average processing time of GrabImageRGBD(): 10.9197ms
Frame 481 end
Average processing time of GrabImageRGBD(): 10.9048ms
Frame 482 end
Average processing time of GrabImageRGBD(): 10.8899ms
Frame 483 end
Average processing time of GrabImageRGBD(): 10.8785ms
Frame 484 end
Average processing time of GrabImageRGBD(): 10.8726ms
Frame 485 end
Average processing time of GrabImageRGBD(): 10.867ms
Frame 486 end
Average processing time of GrabImageRGBD(): 10.8543ms
Frame 487 end
Average processing time of GrabImageRGBD(): 10.8495ms
Frame 488 end
Average processing time of GrabImageRGBD(): 10.8342ms
Frame 489 end
Average processing time of GrabImageRGBD(): 10.8282ms
Frame 490 end
Average processing time of GrabImageRGBD(): 10.8127ms
Frame 491 end
Average processing time of GrabImageRGBD(): 10.7977ms
Frame 492 end
Average processing time of GrabImageRGBD(): 10.7843ms
Frame 493 end
Shutdown
-------

median tracking time: 0.00937736
mean tracking time: 0.0116664

Saving camera trajectory to CameraTrajectory.txt ...

Saving keyframe trajectory to KeyFrameTrajectory.txt ...
