
ORB-SLAM3 Copyright (C) 2017-2020 Carlos Campos, Richard Elvira, Juan J. Gómez, José M.M. Montiel and Juan D. Tardós, University of Zaragoza.
ORB-SLAM2 Copyright (C) 2014-2016 Raúl Mur-Artal, José M.M. Montiel and Juan D. Tardós, University of Zaragoza.
This program comes with ABSOLUTELY NO WARRANTY;
This is free software, and you are welcome to redistribute it
under certain conditions. See LICENSE.txt.

Input sensor was set to: RGB-D
Loading settings from /home/bingxin/Downloads/NGD-SLAM/Examples/RGB-D/Bonn.yaml
Camera1.k3 optional parameter does not exist...
	-Loaded camera 1
Camera.newHeight optional parameter does not exist...
Camera.newWidth optional parameter does not exist...
	-Loaded image info
	-Loaded RGB-D calibration
	-Loaded ORB settings
Viewer.imageViewScale optional parameter does not exist...
	-Loaded viewer settings
System.LoadAtlasFromFile optional parameter does not exist...
System.SaveAtlasToFile optional parameter does not exist...
	-Loaded Atlas settings
System.thFarPoints optional parameter does not exist...
	-Loaded misc parameters
----------------------------------
SLAM settings: 
	-Camera 1 parameters (Pinhole): [ 542.823 542.577 315.594 237.756 ]
	-Camera 1 distortion parameters: [  0.039903 -0.099343 -0.00073 -0.000144 ]
	-Original image size: [ 640 , 480 ]
	-Current image size: [ 640 , 480 ]
	-Sequence FPS: 30
	-RGB-D depth map factor: 5000
	-Features per image: 1000
	-ORB scale factor: 1.2
	-ORB number of scales: 8
	-Initial FAST threshold: 20
	-Min FAST threshold: 7


Loading ORB Vocabulary. This could take a while...
Vocabulary loaded!

Initialization of Atlas from scratch 
Creation of new map with id: 0
Creation of new map with last KF id: 0
Seq. Name: 
There are 1 cameras in the atlas
Camera 0 is pinhole
Net use yolo-fastest

-------
Start processing sequence ...
Images in the sequence: 567

First KF:0; Map init KF:0
New Map created with 1291 points
Average processing time of GrabImageRGBD(): 47.382ms
Frame 0 end
Average processing time of GrabImageRGBD(): 39.2053ms
Frame 1 end
Average processing time of GrabImageRGBD(): 36.2054ms
Frame 2 end
Average processing time of GrabImageRGBD(): 30.836ms
Frame 3 end
Average processing time of GrabImageRGBD(): 31.7683ms
Frame 4 end
Average processing time of GrabImageRGBD(): 29.0045ms
Frame 5 end
Starting the Viewer
Average processing time of GrabImageRGBD(): 29.64ms
Frame 6 end
Average processing time of GrabImageRGBD(): 27.7631ms
Frame 7 end
Average processing time of GrabImageRGBD(): 25.9535ms
Frame 8 end
Average processing time of GrabImageRGBD(): 24.6645ms
Frame 9 end
Average processing time of GrabImageRGBD(): 23.7268ms
Frame 10 end
Average processing time of GrabImageRGBD(): 24.5697ms
Frame 11 end
Average processing time of GrabImageRGBD(): 23.5127ms
Frame 12 end
Average processing time of GrabImageRGBD(): 22.6898ms
Frame 13 end
Average processing time of GrabImageRGBD(): 23.407ms
Frame 14 end
Average processing time of GrabImageRGBD(): 22.7973ms
Frame 15 end
Average processing time of GrabImageRGBD(): 22.0691ms
Frame 16 end
Average processing time of GrabImageRGBD(): 21.4168ms
Frame 17 end
Average processing time of GrabImageRGBD(): 20.8352ms
Frame 18 end
Average processing time of GrabImageRGBD(): 21.5352ms
Frame 19 end
Average processing time of GrabImageRGBD(): 21.1606ms
Frame 20 end
Average processing time of GrabImageRGBD(): 20.8451ms
Frame 21 end
Average processing time of GrabImageRGBD(): 20.539ms
Frame 22 end
Average processing time of GrabImageRGBD(): 20.1083ms
Frame 23 end
Average processing time of GrabImageRGBD(): 19.8119ms
Frame 24 end
Average processing time of GrabImageRGBD(): 19.4665ms
Frame 25 end
Average processing time of GrabImageRGBD(): 19.1188ms
Frame 26 end
Average processing time of GrabImageRGBD(): 18.8754ms
Frame 27 end
Average processing time of GrabImageRGBD(): 19.2992ms
Frame 28 end
Average processing time of GrabImageRGBD(): 19.0164ms
Frame 29 end
Average processing time of GrabImageRGBD(): 18.8301ms
Frame 30 end
Average processing time of GrabImageRGBD(): 18.6365ms
Frame 31 end
Average processing time of GrabImageRGBD(): 18.3807ms
Frame 32 end
Average processing time of GrabImageRGBD(): 18.1135ms
Frame 33 end
Average processing time of GrabImageRGBD(): 17.957ms
Frame 34 end
Average processing time of GrabImageRGBD(): 17.7397ms
Frame 35 end
Average processing time of GrabImageRGBD(): 17.5831ms
Frame 36 end
Average processing time of GrabImageRGBD(): 18.0207ms
Frame 37 end
Average processing time of GrabImageRGBD(): 17.9028ms
Frame 38 end
Average processing time of GrabImageRGBD(): 17.7325ms
Frame 39 end
Average processing time of GrabImageRGBD(): 18.1492ms
Frame 40 end
Average processing time of GrabImageRGBD(): 17.9759ms
Frame 41 end
Average processing time of GrabImageRGBD(): 17.8577ms
Frame 42 end
Average processing time of GrabImageRGBD(): 17.6825ms
Frame 43 end
Average processing time of GrabImageRGBD(): 17.5666ms
Frame 44 end
Average processing time of GrabImageRGBD(): 17.4491ms
Frame 45 end
Average processing time of GrabImageRGBD(): 17.3245ms
Frame 46 end
Average processing time of GrabImageRGBD(): 17.632ms
Frame 47 end
Average processing time of GrabImageRGBD(): 17.4782ms
Frame 48 end
Average processing time of GrabImageRGBD(): 17.3759ms
Frame 49 end
Average processing time of GrabImageRGBD(): 17.6628ms
Frame 50 end
Average processing time of GrabImageRGBD(): 17.5773ms
Frame 51 end
Average processing time of GrabImageRGBD(): 17.4892ms
Frame 52 end
Average processing time of GrabImageRGBD(): 17.3589ms
Frame 53 end
Average processing time of GrabImageRGBD(): 17.2488ms
Frame 54 end
Average processing time of GrabImageRGBD(): 17.1446ms
Frame 55 end
Average processing time of GrabImageRGBD(): 17.3795ms
Frame 56 end
Average processing time of GrabImageRGBD(): 17.3105ms
Frame 57 end
Average processing time of GrabImageRGBD(): 17.2405ms
Frame 58 end
Average processing time of GrabImageRGBD(): 17.168ms
Frame 59 end
Average processing time of GrabImageRGBD(): 17.0467ms
Frame 60 end
Average processing time of GrabImageRGBD(): 16.9361ms
Frame 61 end
Average processing time of GrabImageRGBD(): 17.2296ms
Frame 62 end
Average processing time of GrabImageRGBD(): 17.1249ms
Frame 63 end
Average processing time of GrabImageRGBD(): 16.9932ms
Frame 64 end
Average processing time of GrabImageRGBD(): 16.9138ms
Frame 65 end
Average processing time of GrabImageRGBD(): 16.8348ms
Frame 66 end
Average processing time of GrabImageRGBD(): 16.7625ms
Frame 67 end
Average processing time of GrabImageRGBD(): 16.959ms
Frame 68 end
Average processing time of GrabImageRGBD(): 16.876ms
Frame 69 end
Average processing time of GrabImageRGBD(): 16.82ms
Frame 70 end
Average processing time of GrabImageRGBD(): 16.6975ms
Frame 71 end
Average processing time of GrabImageRGBD(): 16.909ms
Frame 72 end
Average processing time of GrabImageRGBD(): 16.8446ms
Frame 73 end
Average processing time of GrabImageRGBD(): 16.7659ms
Frame 74 end
Average processing time of GrabImageRGBD(): 16.9393ms
Frame 75 end
Average processing time of GrabImageRGBD(): 16.8697ms
Frame 76 end
Average processing time of GrabImageRGBD(): 16.8055ms
Frame 77 end
Average processing time of GrabImageRGBD(): 16.9793ms
Frame 78 end
Average processing time of GrabImageRGBD(): 16.8978ms
Frame 79 end
Average processing time of GrabImageRGBD(): 16.8013ms
Frame 80 end
Average processing time of GrabImageRGBD(): 16.9791ms
Frame 81 end
Average processing time of GrabImageRGBD(): 16.8987ms
Frame 82 end
Average processing time of GrabImageRGBD(): 16.8356ms
Frame 83 end
Average processing time of GrabImageRGBD(): 17.0379ms
Frame 84 end
Average processing time of GrabImageRGBD(): 16.9843ms
Frame 85 end
Average processing time of GrabImageRGBD(): 16.9112ms
Frame 86 end
Average processing time of GrabImageRGBD(): 17.0997ms
Frame 87 end
Average processing time of GrabImageRGBD(): 17.0282ms
Frame 88 end
Average processing time of GrabImageRGBD(): 16.9793ms
Frame 89 end
Average processing time of GrabImageRGBD(): 16.9339ms
Frame 90 end
Average processing time of GrabImageRGBD(): 16.8602ms
Frame 91 end
Average processing time of GrabImageRGBD(): 17.0131ms
Frame 92 end
Average processing time of GrabImageRGBD(): 16.9339ms
Frame 93 end
Average processing time of GrabImageRGBD(): 16.9131ms
Frame 94 end
Average processing time of GrabImageRGBD(): 16.8649ms
Frame 95 end
Average processing time of GrabImageRGBD(): 17.0331ms
Frame 96 end
Average processing time of GrabImageRGBD(): 16.9758ms
Frame 97 end
Average processing time of GrabImageRGBD(): 16.9331ms
Frame 98 end
Average processing time of GrabImageRGBD(): 16.8874ms
Frame 99 end
Average processing time of GrabImageRGBD(): 16.8221ms
Frame 100 end
Average processing time of GrabImageRGBD(): 16.9919ms
Frame 101 end
Average processing time of GrabImageRGBD(): 16.9603ms
Frame 102 end
Average processing time of GrabImageRGBD(): 16.8612ms
Frame 103 end
Average processing time of GrabImageRGBD(): 16.8183ms
Frame 104 end
Average processing time of GrabImageRGBD(): 16.7744ms
Frame 105 end
Average processing time of GrabImageRGBD(): 16.9208ms
Frame 106 end
Average processing time of GrabImageRGBD(): 16.8783ms
Frame 107 end
Average processing time of GrabImageRGBD(): 16.8255ms
Frame 108 end
Average processing time of GrabImageRGBD(): 16.7693ms
Frame 109 end
Average processing time of GrabImageRGBD(): 16.9128ms
Frame 110 end
Average processing time of GrabImageRGBD(): 16.89ms
Frame 111 end
Average processing time of GrabImageRGBD(): 16.8523ms
Frame 112 end
Average processing time of GrabImageRGBD(): 16.8149ms
Frame 113 end
Average processing time of GrabImageRGBD(): 16.9361ms
Frame 114 end
Average processing time of GrabImageRGBD(): 16.8917ms
Frame 115 end
Average processing time of GrabImageRGBD(): 16.8428ms
Frame 116 end
Average processing time of GrabImageRGBD(): 16.8071ms
Frame 117 end
Average processing time of GrabImageRGBD(): 16.9577ms
Frame 118 end
Average processing time of GrabImageRGBD(): 16.91ms
Frame 119 end
Average processing time of GrabImageRGBD(): 16.8566ms
Frame 120 end
Average processing time of GrabImageRGBD(): 16.8009ms
Frame 121 end
Average processing time of GrabImageRGBD(): 16.9256ms
Frame 122 end
Average processing time of GrabImageRGBD(): 16.896ms
Frame 123 end
Average processing time of GrabImageRGBD(): 16.8667ms
Frame 124 end
Average processing time of GrabImageRGBD(): 16.8187ms
Frame 125 end
Average processing time of GrabImageRGBD(): 16.7826ms
Frame 126 end
Average processing time of GrabImageRGBD(): 16.9082ms
Frame 127 end
Average processing time of GrabImageRGBD(): 16.8644ms
Frame 128 end
Average processing time of GrabImageRGBD(): 16.8081ms
Frame 129 end
Average processing time of GrabImageRGBD(): 16.7769ms
Frame 130 end
Average processing time of GrabImageRGBD(): 16.7384ms
Frame 131 end
Average processing time of GrabImageRGBD(): 16.6857ms
Frame 132 end
Average processing time of GrabImageRGBD(): 16.7975ms
Frame 133 end
Average processing time of GrabImageRGBD(): 16.7661ms
Frame 134 end
Average processing time of GrabImageRGBD(): 16.7138ms
Frame 135 end
Average processing time of GrabImageRGBD(): 16.67ms
Frame 136 end
Average processing time of GrabImageRGBD(): 16.7921ms
Frame 137 end
Average processing time of GrabImageRGBD(): 16.7679ms
Frame 138 end
Average processing time of GrabImageRGBD(): 16.7217ms
Frame 139 end
Average processing time of GrabImageRGBD(): 16.8492ms
Frame 140 end
Average processing time of GrabImageRGBD(): 16.8327ms
Frame 141 end
Average processing time of GrabImageRGBD(): 16.7863ms
Frame 142 end
Average processing time of GrabImageRGBD(): 16.7626ms
Frame 143 end
Average processing time of GrabImageRGBD(): 16.7335ms
Frame 144 end
Average processing time of GrabImageRGBD(): 16.6775ms
Frame 145 end
Average processing time of GrabImageRGBD(): 16.8043ms
Frame 146 end
Average processing time of GrabImageRGBD(): 16.7936ms
Frame 147 end
Average processing time of GrabImageRGBD(): 16.7661ms
Frame 148 end
Average processing time of GrabImageRGBD(): 16.8732ms
Frame 149 end
Average processing time of GrabImageRGBD(): 16.8495ms
Frame 150 end
Average processing time of GrabImageRGBD(): 16.833ms
Frame 151 end
Average processing time of GrabImageRGBD(): 16.7912ms
Frame 152 end
Average processing time of GrabImageRGBD(): 16.959ms
Frame 153 end
Average processing time of GrabImageRGBD(): 16.9279ms
Frame 154 end
Average processing time of GrabImageRGBD(): 16.8851ms
Frame 155 end
Average processing time of GrabImageRGBD(): 16.8609ms
Frame 156 end
Average processing time of GrabImageRGBD(): 16.977ms
Frame 157 end
Average processing time of GrabImageRGBD(): 16.9497ms
Frame 158 end
Average processing time of GrabImageRGBD(): 16.9337ms
Frame 159 end
Average processing time of GrabImageRGBD(): 16.8938ms
Frame 160 end
Average processing time of GrabImageRGBD(): 16.8554ms
Frame 161 end
Average processing time of GrabImageRGBD(): 16.9719ms
Frame 162 end
Average processing time of GrabImageRGBD(): 16.9439ms
Frame 163 end
Average processing time of GrabImageRGBD(): 16.9222ms
Frame 164 end
Average processing time of GrabImageRGBD(): 16.8783ms
Frame 165 end
Average processing time of GrabImageRGBD(): 16.9954ms
Frame 166 end
Average processing time of GrabImageRGBD(): 16.979ms
Frame 167 end
Average processing time of GrabImageRGBD(): 16.9417ms
Frame 168 end
Average processing time of GrabImageRGBD(): 17.0522ms
Frame 169 end
Average processing time of GrabImageRGBD(): 17.0341ms
Frame 170 end
Average processing time of GrabImageRGBD(): 17.0248ms
Frame 171 end
Average processing time of GrabImageRGBD(): 17.1411ms
Frame 172 end
Average processing time of GrabImageRGBD(): 17.1049ms
Frame 173 end
Average processing time of GrabImageRGBD(): 17.0847ms
Frame 174 end
Average processing time of GrabImageRGBD(): 17.1932ms
Frame 175 end
Average processing time of GrabImageRGBD(): 17.172ms
Frame 176 end
Average processing time of GrabImageRGBD(): 17.1518ms
Frame 177 end
Average processing time of GrabImageRGBD(): 17.2398ms
Frame 178 end
Average processing time of GrabImageRGBD(): 17.2267ms
Frame 179 end
Average processing time of GrabImageRGBD(): 17.2024ms
Frame 180 end
Average processing time of GrabImageRGBD(): 17.3073ms
Frame 181 end
Average processing time of GrabImageRGBD(): 17.2901ms
Frame 182 end
Average processing time of GrabImageRGBD(): 17.2752ms
Frame 183 end
Average processing time of GrabImageRGBD(): 17.3796ms
Frame 184 end
Average processing time of GrabImageRGBD(): 17.3636ms
Frame 185 end
Average processing time of GrabImageRGBD(): 17.3435ms
Frame 186 end
Average processing time of GrabImageRGBD(): 17.3173ms
Frame 187 end
Average processing time of GrabImageRGBD(): 17.4016ms
Frame 188 end
Average processing time of GrabImageRGBD(): 17.3839ms
Frame 189 end
Average processing time of GrabImageRGBD(): 17.3615ms
Frame 190 end
Average processing time of GrabImageRGBD(): 17.3418ms
Frame 191 end
Average processing time of GrabImageRGBD(): 17.3071ms
Frame 192 end
Average processing time of GrabImageRGBD(): 17.2821ms
Frame 193 end
Average processing time of GrabImageRGBD(): 17.3693ms
Frame 194 end
Average processing time of GrabImageRGBD(): 17.3407ms
Frame 195 end
Average processing time of GrabImageRGBD(): 17.3157ms
Frame 196 end
Average processing time of GrabImageRGBD(): 17.2865ms
Frame 197 end
Average processing time of GrabImageRGBD(): 17.3753ms
Frame 198 end
Average processing time of GrabImageRGBD(): 17.3458ms
Frame 199 end
Average processing time of GrabImageRGBD(): 17.2974ms
Frame 200 end
Average processing time of GrabImageRGBD(): 17.2717ms
Frame 201 end
Average processing time of GrabImageRGBD(): 17.3963ms
Frame 202 end
Average processing time of GrabImageRGBD(): 17.3798ms
Frame 203 end
Average processing time of GrabImageRGBD(): 17.3553ms
Frame 204 end
Average processing time of GrabImageRGBD(): 17.3155ms
Frame 205 end
Average processing time of GrabImageRGBD(): 17.4017ms
Frame 206 end
Average processing time of GrabImageRGBD(): 17.37ms
Frame 207 end
Average processing time of GrabImageRGBD(): 17.3415ms
Frame 208 end
Average processing time of GrabImageRGBD(): 17.3227ms
Frame 209 end
Average processing time of GrabImageRGBD(): 17.401ms
Frame 210 end
Average processing time of GrabImageRGBD(): 17.3734ms
Frame 211 end
Average processing time of GrabImageRGBD(): 17.3394ms
Frame 212 end
Average processing time of GrabImageRGBD(): 17.3237ms
Frame 213 end
Average processing time of GrabImageRGBD(): 17.4004ms
Frame 214 end
Average processing time of GrabImageRGBD(): 17.3716ms
Frame 215 end
Average processing time of GrabImageRGBD(): 17.3498ms
Frame 216 end
Average processing time of GrabImageRGBD(): 17.3243ms
Frame 217 end
Average processing time of GrabImageRGBD(): 17.4062ms
Frame 218 end
Average processing time of GrabImageRGBD(): 17.3716ms
Frame 219 end
Average processing time of GrabImageRGBD(): 17.349ms
Frame 220 end
Average processing time of GrabImageRGBD(): 17.3105ms
Frame 221 end
Average processing time of GrabImageRGBD(): 17.2826ms
Frame 222 end
Average processing time of GrabImageRGBD(): 17.3672ms
Frame 223 end
Average processing time of GrabImageRGBD(): 17.3332ms
Frame 224 end
Average processing time of GrabImageRGBD(): 17.3162ms
Frame 225 end
Average processing time of GrabImageRGBD(): 17.289ms
Frame 226 end
Average processing time of GrabImageRGBD(): 17.3633ms
Frame 227 end
Average processing time of GrabImageRGBD(): 17.3457ms
Frame 228 end
Average processing time of GrabImageRGBD(): 17.3242ms
Frame 229 end
Average processing time of GrabImageRGBD(): 17.2986ms
Frame 230 end
Average processing time of GrabImageRGBD(): 17.3878ms
Frame 231 end
Average processing time of GrabImageRGBD(): 17.3785ms
Frame 232 end
Average processing time of GrabImageRGBD(): 17.3633ms
Frame 233 end
Average processing time of GrabImageRGBD(): 17.3462ms
Frame 234 end
Average processing time of GrabImageRGBD(): 17.42ms
Frame 235 end
Average processing time of GrabImageRGBD(): 17.397ms
Frame 236 end
Average processing time of GrabImageRGBD(): 17.3817ms
Frame 237 end
Average processing time of GrabImageRGBD(): 17.3783ms
Frame 238 end
Average processing time of GrabImageRGBD(): 17.4963ms
Frame 239 end
Average processing time of GrabImageRGBD(): 17.5019ms
Frame 240 end
Average processing time of GrabImageRGBD(): 17.4816ms
Frame 241 end
Average processing time of GrabImageRGBD(): 17.4637ms
Frame 242 end
Average processing time of GrabImageRGBD(): 17.4378ms
Frame 243 end
Average processing time of GrabImageRGBD(): 17.4203ms
Frame 244 end
Average processing time of GrabImageRGBD(): 17.5002ms
Frame 245 end
Average processing time of GrabImageRGBD(): 17.4863ms
Frame 246 end
Average processing time of GrabImageRGBD(): 17.4586ms
Frame 247 end
Average processing time of GrabImageRGBD(): 17.4378ms
Frame 248 end
Average processing time of GrabImageRGBD(): 17.4189ms
Frame 249 end
Average processing time of GrabImageRGBD(): 17.3882ms
Frame 250 end
Average processing time of GrabImageRGBD(): 17.4603ms
Frame 251 end
Average processing time of GrabImageRGBD(): 17.4501ms
Frame 252 end
Average processing time of GrabImageRGBD(): 17.4372ms
Frame 253 end
Average processing time of GrabImageRGBD(): 17.4136ms
Frame 254 end
Average processing time of GrabImageRGBD(): 17.3853ms
Frame 255 end
Average processing time of GrabImageRGBD(): 17.3494ms
Frame 256 end
Average processing time of GrabImageRGBD(): 17.3364ms
Frame 257 end
Average processing time of GrabImageRGBD(): 17.4001ms
Frame 258 end
Average processing time of GrabImageRGBD(): 17.3792ms
Frame 259 end
Average processing time of GrabImageRGBD(): 17.3526ms
Frame 260 end
Average processing time of GrabImageRGBD(): 17.3334ms
Frame 261 end
Average processing time of GrabImageRGBD(): 17.4033ms
Frame 262 end
Average processing time of GrabImageRGBD(): 17.3696ms
Frame 263 end
Average processing time of GrabImageRGBD(): 17.3601ms
Frame 264 end
Average processing time of GrabImageRGBD(): 17.3281ms
Frame 265 end
Average processing time of GrabImageRGBD(): 17.3043ms
Frame 266 end
Average processing time of GrabImageRGBD(): 17.3689ms
Frame 267 end
Average processing time of GrabImageRGBD(): 17.3567ms
Frame 268 end
Average processing time of GrabImageRGBD(): 17.3295ms
Frame 269 end
Average processing time of GrabImageRGBD(): 17.3155ms
Frame 270 end
Average processing time of GrabImageRGBD(): 17.3002ms
Frame 271 end
Average processing time of GrabImageRGBD(): 17.3978ms
Frame 272 end
Average processing time of GrabImageRGBD(): 17.3746ms
Frame 273 end
Average processing time of GrabImageRGBD(): 17.3601ms
Frame 274 end
Average processing time of GrabImageRGBD(): 17.346ms
Frame 275 end
Average processing time of GrabImageRGBD(): 17.3205ms
Frame 276 end
Average processing time of GrabImageRGBD(): 17.3894ms
Frame 277 end
Average processing time of GrabImageRGBD(): 17.3764ms
Frame 278 end
Average processing time of GrabImageRGBD(): 17.3571ms
Frame 279 end
Average processing time of GrabImageRGBD(): 17.3343ms
Frame 280 end
Average processing time of GrabImageRGBD(): 17.3201ms
Frame 281 end
Average processing time of GrabImageRGBD(): 17.3799ms
Frame 282 end
Average processing time of GrabImageRGBD(): 17.3579ms
Frame 283 end
Average processing time of GrabImageRGBD(): 17.3448ms
Frame 284 end
Average processing time of GrabImageRGBD(): 17.33ms
Frame 285 end
Average processing time of GrabImageRGBD(): 17.3137ms
Frame 286 end
Average processing time of GrabImageRGBD(): 17.3745ms
Frame 287 end
Average processing time of GrabImageRGBD(): 17.3553ms
Frame 288 end
Average processing time of GrabImageRGBD(): 17.3289ms
Frame 289 end
Average processing time of GrabImageRGBD(): 17.3155ms
Frame 290 end
Average processing time of GrabImageRGBD(): 17.2948ms
Frame 291 end
Average processing time of GrabImageRGBD(): 17.3598ms
Frame 292 end
Average processing time of GrabImageRGBD(): 17.3473ms
Frame 293 end
Average processing time of GrabImageRGBD(): 17.3353ms
Frame 294 end
Average processing time of GrabImageRGBD(): 17.3164ms
Frame 295 end
Average processing time of GrabImageRGBD(): 17.3012ms
Frame 296 end
Average processing time of GrabImageRGBD(): 17.3645ms
Frame 297 end
Average processing time of GrabImageRGBD(): 17.3493ms
Frame 298 end
Average processing time of GrabImageRGBD(): 17.3403ms
Frame 299 end
Average processing time of GrabImageRGBD(): 17.3209ms
Frame 300 end
Average processing time of GrabImageRGBD(): 17.2949ms
Frame 301 end
Average processing time of GrabImageRGBD(): 17.3561ms
Frame 302 end
Average processing time of GrabImageRGBD(): 17.3324ms
Frame 303 end
Average processing time of GrabImageRGBD(): 17.3221ms
Frame 304 end
Average processing time of GrabImageRGBD(): 17.3059ms
Frame 305 end
Average processing time of GrabImageRGBD(): 17.2971ms
Frame 306 end
Average processing time of GrabImageRGBD(): 17.284ms
Frame 307 end
Average processing time of GrabImageRGBD(): 17.3469ms
Frame 308 end
Average processing time of GrabImageRGBD(): 17.3323ms
Frame 309 end
Average processing time of GrabImageRGBD(): 17.3134ms
Frame 310 end
Average processing time of GrabImageRGBD(): 17.307ms
Frame 311 end
Average processing time of GrabImageRGBD(): 17.2929ms
Frame 312 end
Average processing time of GrabImageRGBD(): 17.2754ms
Frame 313 end
Average processing time of GrabImageRGBD(): 17.337ms
Frame 314 end
Average processing time of GrabImageRGBD(): 17.3294ms
Frame 315 end
Average processing time of GrabImageRGBD(): 17.3136ms
Frame 316 end
Average processing time of GrabImageRGBD(): 17.2965ms
Frame 317 end
Average processing time of GrabImageRGBD(): 17.2815ms
Frame 318 end
Average processing time of GrabImageRGBD(): 17.2698ms
Frame 319 end
Average processing time of GrabImageRGBD(): 17.332ms
Frame 320 end
Average processing time of GrabImageRGBD(): 17.3234ms
Frame 321 end
Average processing time of GrabImageRGBD(): 17.3075ms
Frame 322 end
Average processing time of GrabImageRGBD(): 17.2874ms
Frame 323 end
Average processing time of GrabImageRGBD(): 17.275ms
Frame 324 end
Average processing time of GrabImageRGBD(): 17.2642ms
Frame 325 end
Average processing time of GrabImageRGBD(): 17.3228ms
Frame 326 end
Average processing time of GrabImageRGBD(): 17.3074ms
Frame 327 end
Average processing time of GrabImageRGBD(): 17.2838ms
Frame 328 end
Average processing time of GrabImageRGBD(): 17.2441ms
Frame 329 end
Average processing time of GrabImageRGBD(): 17.2127ms
Frame 330 end
Average processing time of GrabImageRGBD(): 17.193ms
Frame 331 end
Average processing time of GrabImageRGBD(): 17.2602ms
Frame 332 end
Average processing time of GrabImageRGBD(): 17.242ms
Frame 333 end
Average processing time of GrabImageRGBD(): 17.2205ms
Frame 334 end
Average processing time of GrabImageRGBD(): 17.1968ms
Frame 335 end
Average processing time of GrabImageRGBD(): 17.1757ms
Frame 336 end
Average processing time of GrabImageRGBD(): 17.151ms
Frame 337 end
Average processing time of GrabImageRGBD(): 17.1257ms
Frame 338 end
Average processing time of GrabImageRGBD(): 17.1012ms
Frame 339 end
Average processing time of GrabImageRGBD(): 17.0611ms
Frame 340 end
Average processing time of GrabImageRGBD(): 17.1176ms
Frame 341 end
Average processing time of GrabImageRGBD(): 17.0973ms
Frame 342 end
Average processing time of GrabImageRGBD(): 17.0738ms
Frame 343 end
Average processing time of GrabImageRGBD(): 17.0353ms
Frame 344 end
Average processing time of GrabImageRGBD(): 17.0109ms
Frame 345 end
Average processing time of GrabImageRGBD(): 16.9755ms
Frame 346 end
Average processing time of GrabImageRGBD(): 16.9395ms
Frame 347 end
Average processing time of GrabImageRGBD(): 16.9141ms
Frame 348 end
Average processing time of GrabImageRGBD(): 16.9484ms
Frame 349 end
Average processing time of GrabImageRGBD(): 16.9281ms
Frame 350 end
Average processing time of GrabImageRGBD(): 16.9051ms
Frame 351 end
Average processing time of GrabImageRGBD(): 16.8827ms
Frame 352 end
Average processing time of GrabImageRGBD(): 16.8587ms
Frame 353 end
Average processing time of GrabImageRGBD(): 16.8348ms
Frame 354 end
Average processing time of GrabImageRGBD(): 16.8785ms
Frame 355 end
Average processing time of GrabImageRGBD(): 16.8453ms
Frame 356 end
Average processing time of GrabImageRGBD(): 16.8215ms
Frame 357 end
Average processing time of GrabImageRGBD(): 16.785ms
Frame 358 end
Average processing time of GrabImageRGBD(): 16.7593ms
Frame 359 end
Average processing time of GrabImageRGBD(): 16.7222ms
Frame 360 end
Average processing time of GrabImageRGBD(): 16.6856ms
Frame 361 end
Average processing time of GrabImageRGBD(): 16.7161ms
Frame 362 end
Average processing time of GrabImageRGBD(): 16.6958ms
Frame 363 end
Average processing time of GrabImageRGBD(): 16.6717ms
Frame 364 end
Average processing time of GrabImageRGBD(): 16.6383ms
Frame 365 end
Average processing time of GrabImageRGBD(): 16.6093ms
Frame 366 end
Average processing time of GrabImageRGBD(): 16.5731ms
Frame 367 end
Average processing time of GrabImageRGBD(): 16.5425ms
Frame 368 end
Average processing time of GrabImageRGBD(): 16.5797ms
Frame 369 end
Average processing time of GrabImageRGBD(): 16.5519ms
Frame 370 end
Average processing time of GrabImageRGBD(): 16.5261ms
Frame 371 end
Average processing time of GrabImageRGBD(): 16.4899ms
Frame 372 end
Average processing time of GrabImageRGBD(): 16.4561ms
Frame 373 end
Average processing time of GrabImageRGBD(): 16.4373ms
Frame 374 end
Average processing time of GrabImageRGBD(): 16.4201ms
Frame 375 end
Average processing time of GrabImageRGBD(): 16.4526ms
Frame 376 end
Average processing time of GrabImageRGBD(): 16.4378ms
Frame 377 end
Average processing time of GrabImageRGBD(): 16.4189ms
Frame 378 end
Average processing time of GrabImageRGBD(): 16.4005ms
Frame 379 end
Average processing time of GrabImageRGBD(): 16.3805ms
Frame 380 end
Average processing time of GrabImageRGBD(): 16.362ms
Frame 381 end
Average processing time of GrabImageRGBD(): 16.3279ms
Frame 382 end
Average processing time of GrabImageRGBD(): 16.3597ms
Frame 383 end
Average processing time of GrabImageRGBD(): 16.3434ms
Frame 384 end
Average processing time of GrabImageRGBD(): 16.3259ms
Frame 385 end
Average processing time of GrabImageRGBD(): 16.3065ms
Frame 386 end
Average processing time of GrabImageRGBD(): 16.273ms
Frame 387 end
Average processing time of GrabImageRGBD(): 16.2402ms
Frame 388 end
Average processing time of GrabImageRGBD(): 16.2136ms
Frame 389 end
Average processing time of GrabImageRGBD(): 16.1879ms
Frame 390 end
Average processing time of GrabImageRGBD(): 16.2253ms
Frame 391 end
Average processing time of GrabImageRGBD(): 16.1967ms
Frame 392 end
Average processing time of GrabImageRGBD(): 16.1787ms
Frame 393 end
Average processing time of GrabImageRGBD(): 16.1612ms
Frame 394 end
Average processing time of GrabImageRGBD(): 16.1429ms
Frame 395 end
Average processing time of GrabImageRGBD(): 16.1232ms
Frame 396 end
Average processing time of GrabImageRGBD(): 16.0947ms
Frame 397 end
Average processing time of GrabImageRGBD(): 16.0764ms
Frame 398 end
Average processing time of GrabImageRGBD(): 16.1114ms
Frame 399 end
Average processing time of GrabImageRGBD(): 16.0952ms
Frame 400 end
Average processing time of GrabImageRGBD(): 16.0657ms
Frame 401 end
Average processing time of GrabImageRGBD(): 16.0441ms
Frame 402 end
Average processing time of GrabImageRGBD(): 16.0171ms
Frame 403 end
Average processing time of GrabImageRGBD(): 15.9873ms
Frame 404 end
Average processing time of GrabImageRGBD(): 15.9686ms
Frame 405 end
Average processing time of GrabImageRGBD(): 15.9484ms
Frame 406 end
Average processing time of GrabImageRGBD(): 15.9793ms
Frame 407 end
Average processing time of GrabImageRGBD(): 15.9511ms
Frame 408 end
Average processing time of GrabImageRGBD(): 15.9268ms
Frame 409 end
Average processing time of GrabImageRGBD(): 15.9073ms
Frame 410 end
Average processing time of GrabImageRGBD(): 15.8844ms
Frame 411 end
Average processing time of GrabImageRGBD(): 15.8617ms
Frame 412 end
Average processing time of GrabImageRGBD(): 15.8385ms
Frame 413 end
Average processing time of GrabImageRGBD(): 15.8081ms
Frame 414 end
Average processing time of GrabImageRGBD(): 15.8397ms
Frame 415 end
Average processing time of GrabImageRGBD(): 15.822ms
Frame 416 end
Average processing time of GrabImageRGBD(): 15.8072ms
Frame 417 end
Average processing time of GrabImageRGBD(): 15.7811ms
Frame 418 end
Average processing time of GrabImageRGBD(): 15.7547ms
Frame 419 end
Average processing time of GrabImageRGBD(): 15.7401ms
Frame 420 end
Average processing time of GrabImageRGBD(): 15.712ms
Frame 421 end
Average processing time of GrabImageRGBD(): 15.6839ms
Frame 422 end
Average processing time of GrabImageRGBD(): 15.7211ms
Frame 423 end
Average processing time of GrabImageRGBD(): 15.6955ms
Frame 424 end
Average processing time of GrabImageRGBD(): 15.667ms
Frame 425 end
Average processing time of GrabImageRGBD(): 15.6437ms
Frame 426 end
Average processing time of GrabImageRGBD(): 15.6276ms
Frame 427 end
Average processing time of GrabImageRGBD(): 15.5995ms
Frame 428 end
Average processing time of GrabImageRGBD(): 15.5761ms
Frame 429 end
Average processing time of GrabImageRGBD(): 15.6341ms
Frame 430 end
Average processing time of GrabImageRGBD(): 15.6229ms
Frame 431 end
Average processing time of GrabImageRGBD(): 15.5988ms
Frame 432 end
Average processing time of GrabImageRGBD(): 15.5832ms
Frame 433 end
Average processing time of GrabImageRGBD(): 15.5678ms
Frame 434 end
Average processing time of GrabImageRGBD(): 15.5508ms
Frame 435 end
Average processing time of GrabImageRGBD(): 15.5341ms
Frame 436 end
Average processing time of GrabImageRGBD(): 15.5685ms
Frame 437 end
Average processing time of GrabImageRGBD(): 15.5564ms
Frame 438 end
Average processing time of GrabImageRGBD(): 15.5291ms
Frame 439 end
Average processing time of GrabImageRGBD(): 15.5164ms
Frame 440 end
Average processing time of GrabImageRGBD(): 15.5026ms
Frame 441 end
Average processing time of GrabImageRGBD(): 15.488ms
Frame 442 end
Average processing time of GrabImageRGBD(): 15.4732ms
Frame 443 end
Average processing time of GrabImageRGBD(): 15.5068ms
Frame 444 end
Average processing time of GrabImageRGBD(): 15.4913ms
Frame 445 end
Average processing time of GrabImageRGBD(): 15.4664ms
Frame 446 end
Average processing time of GrabImageRGBD(): 15.4599ms
Frame 447 end
Average processing time of GrabImageRGBD(): 15.4494ms
Frame 448 end
Average processing time of GrabImageRGBD(): 15.4338ms
Frame 449 end
Average processing time of GrabImageRGBD(): 15.4178ms
Frame 450 end
Average processing time of GrabImageRGBD(): 15.4477ms
Frame 451 end
Average processing time of GrabImageRGBD(): 15.4233ms
Frame 452 end
Average processing time of GrabImageRGBD(): 15.4089ms
Frame 453 end
Average processing time of GrabImageRGBD(): 15.3821ms
Frame 454 end
Average processing time of GrabImageRGBD(): 15.3636ms
Frame 455 end
Average processing time of GrabImageRGBD(): 15.3445ms
Frame 456 end
Average processing time of GrabImageRGBD(): 15.3249ms
Frame 457 end
Average processing time of GrabImageRGBD(): 15.3574ms
Frame 458 end
Average processing time of GrabImageRGBD(): 15.3434ms
Frame 459 end
Average processing time of GrabImageRGBD(): 15.3179ms
Frame 460 end
Average processing time of GrabImageRGBD(): 15.3081ms
Frame 461 end
Average processing time of GrabImageRGBD(): 15.2836ms
Frame 462 end
Average processing time of GrabImageRGBD(): 15.2666ms
Frame 463 end
Average processing time of GrabImageRGBD(): 15.2402ms
Frame 464 end
Average processing time of GrabImageRGBD(): 15.2195ms
Frame 465 end
Average processing time of GrabImageRGBD(): 15.2458ms
Frame 466 end
Average processing time of GrabImageRGBD(): 15.226ms
Frame 467 end
Average processing time of GrabImageRGBD(): 15.205ms
Frame 468 end
Average processing time of GrabImageRGBD(): 15.1824ms
Frame 469 end
Average processing time of GrabImageRGBD(): 15.1585ms
Frame 470 end
Average processing time of GrabImageRGBD(): 15.1332ms
Frame 471 end
Average processing time of GrabImageRGBD(): 15.1136ms
Frame 472 end
Average processing time of GrabImageRGBD(): 15.1476ms
Frame 473 end
Average processing time of GrabImageRGBD(): 15.1265ms
Frame 474 end
Average processing time of GrabImageRGBD(): 15.1019ms
Frame 475 end
Average processing time of GrabImageRGBD(): 15.0861ms
Frame 476 end
Average processing time of GrabImageRGBD(): 15.0674ms
Frame 477 end
Average processing time of GrabImageRGBD(): 15.0521ms
Frame 478 end
Average processing time of GrabImageRGBD(): 15.0353ms
Frame 479 end
Average processing time of GrabImageRGBD(): 15.0804ms
Frame 480 end
Average processing time of GrabImageRGBD(): 15.0603ms
Frame 481 end
Average processing time of GrabImageRGBD(): 15.0367ms
Frame 482 end
Average processing time of GrabImageRGBD(): 15.0256ms
Frame 483 end
Average processing time of GrabImageRGBD(): 15.0024ms
Frame 484 end
Average processing time of GrabImageRGBD(): 14.9866ms
Frame 485 end
Average processing time of GrabImageRGBD(): 14.9738ms
Frame 486 end
Average processing time of GrabImageRGBD(): 15.0068ms
Frame 487 end
Average processing time of GrabImageRGBD(): 14.9889ms
Frame 488 end
Average processing time of GrabImageRGBD(): 14.9677ms
Frame 489 end
Average processing time of GrabImageRGBD(): 14.9447ms
Frame 490 end
Average processing time of GrabImageRGBD(): 14.925ms
Frame 491 end
Average processing time of GrabImageRGBD(): 14.9031ms
Frame 492 end
Average processing time of GrabImageRGBD(): 14.8896ms
Frame 493 end
Average processing time of GrabImageRGBD(): 14.9254ms
Frame 494 end
Average processing time of GrabImageRGBD(): 14.9078ms
Frame 495 end
Average processing time of GrabImageRGBD(): 14.8965ms
Frame 496 end
Average processing time of GrabImageRGBD(): 14.8813ms
Frame 497 end
Average processing time of GrabImageRGBD(): 14.8583ms
Frame 498 end
Average processing time of GrabImageRGBD(): 14.8457ms
Frame 499 end
Average processing time of GrabImageRGBD(): 14.8292ms
Frame 500 end
Average processing time of GrabImageRGBD(): 14.8609ms
Frame 501 end
Average processing time of GrabImageRGBD(): 14.8486ms
Frame 502 end
Average processing time of GrabImageRGBD(): 14.8423ms
Frame 503 end
Average processing time of GrabImageRGBD(): 14.825ms
Frame 504 end
Average processing time of GrabImageRGBD(): 14.8016ms
Frame 505 end
Average processing time of GrabImageRGBD(): 14.7822ms
Frame 506 end
Average processing time of GrabImageRGBD(): 14.7634ms
Frame 507 end
Average processing time of GrabImageRGBD(): 14.789ms
Frame 508 end
Average processing time of GrabImageRGBD(): 14.782ms
Frame 509 end
Average processing time of GrabImageRGBD(): 14.7608ms
Frame 510 end
Average processing time of GrabImageRGBD(): 14.7437ms
Frame 511 end
Average processing time of GrabImageRGBD(): 14.7265ms
Frame 512 end
Average processing time of GrabImageRGBD(): 14.7053ms
Frame 513 end
Average processing time of GrabImageRGBD(): 14.686ms
Frame 514 end
Average processing time of GrabImageRGBD(): 14.7138ms
Frame 515 end
Average processing time of GrabImageRGBD(): 14.702ms
Frame 516 end
Average processing time of GrabImageRGBD(): 14.6809ms
Frame 517 end
Average processing time of GrabImageRGBD(): 14.6648ms
Frame 518 end
Average processing time of GrabImageRGBD(): 14.6429ms
Frame 519 end
Average processing time of GrabImageRGBD(): 14.6243ms
Frame 520 end
Average processing time of GrabImageRGBD(): 14.6023ms
Frame 521 end
Average processing time of GrabImageRGBD(): 14.6321ms
Frame 522 end
Average processing time of GrabImageRGBD(): 14.6182ms
Frame 523 end
Average processing time of GrabImageRGBD(): 14.6016ms
Frame 524 end
Average processing time of GrabImageRGBD(): 14.58ms
Frame 525 end
Average processing time of GrabImageRGBD(): 14.5631ms
Frame 526 end
Average processing time of GrabImageRGBD(): 14.5425ms
Frame 527 end
Average processing time of GrabImageRGBD(): 14.5208ms
Frame 528 end
Average processing time of GrabImageRGBD(): 14.5523ms
Frame 529 end
Average processing time of GrabImageRGBD(): 14.5355ms
Frame 530 end
Average processing time of GrabImageRGBD(): 14.5226ms
Frame 531 end
Average processing time of GrabImageRGBD(): 14.5028ms
Frame 532 end
Average processing time of GrabImageRGBD(): 14.4814ms
Frame 533 end
Average processing time of GrabImageRGBD(): 14.4603ms
Frame 534 end
Average processing time of GrabImageRGBD(): 14.4425ms
Frame 535 end
Average processing time of GrabImageRGBD(): 14.4711ms
Frame 536 end
Average processing time of GrabImageRGBD(): 14.4629ms
Frame 537 end
Average processing time of GrabImageRGBD(): 14.4425ms
Frame 538 end
Average processing time of GrabImageRGBD(): 14.4315ms
Frame 539 end
Average processing time of GrabImageRGBD(): 14.4142ms
Frame 540 end
Average processing time of GrabImageRGBD(): 14.4037ms
Frame 541 end
Average processing time of GrabImageRGBD(): 14.3915ms
Frame 542 end
Average processing time of GrabImageRGBD(): 14.3709ms
Frame 543 end
Average processing time of GrabImageRGBD(): 14.3505ms
Frame 544 end
Average processing time of GrabImageRGBD(): 14.3302ms
Frame 545 end
Average processing time of GrabImageRGBD(): 14.3142ms
Frame 546 end
Average processing time of GrabImageRGBD(): 14.3029ms
Frame 547 end
Average processing time of GrabImageRGBD(): 14.289ms
Frame 548 end
Average processing time of GrabImageRGBD(): 14.2693ms
Frame 549 end
Average processing time of GrabImageRGBD(): 14.2583ms
Frame 550 end
Average processing time of GrabImageRGBD(): 14.2475ms
Frame 551 end
Average processing time of GrabImageRGBD(): 14.2316ms
Frame 552 end
Average processing time of GrabImageRGBD(): 14.2194ms
Frame 553 end
Average processing time of GrabImageRGBD(): 14.2064ms
Frame 554 end
Average processing time of GrabImageRGBD(): 14.1956ms
Frame 555 end
Average processing time of GrabImageRGBD(): 14.1833ms
Frame 556 end
Average processing time of GrabImageRGBD(): 14.1689ms
Frame 557 end
Average processing time of GrabImageRGBD(): 14.1582ms
Frame 558 end
Average processing time of GrabImageRGBD(): 14.1391ms
Frame 559 end
Average processing time of GrabImageRGBD(): 14.1196ms
Frame 560 end
Average processing time of GrabImageRGBD(): 14.0998ms
Frame 561 end
Average processing time of GrabImageRGBD(): 14.0808ms
Frame 562 end
Average processing time of GrabImageRGBD(): 14.0686ms
Frame 563 end
Average processing time of GrabImageRGBD(): 14.0495ms
Frame 564 end
Average processing time of GrabImageRGBD(): 14.0339ms
Frame 565 end
Average processing time of GrabImageRGBD(): 14.0236ms
Frame 566 end
Shutdown
-------

median tracking time: 0.011771
mean tracking time: 0.0147689

Saving camera trajectory to CameraTrajectory.txt ...

Saving keyframe trajectory to KeyFrameTrajectory.txt ...
