
ORB-SLAM3 Copyright (C) 2017-2020 Carlos Campos, Richard Elvira, Juan J. Gómez, José M.M. Montiel and Juan D. Tardós, University of Zaragoza.
ORB-SLAM2 Copyright (C) 2014-2016 Raúl Mur-Artal, José M.M. Montiel and Juan D. Tardós, University of Zaragoza.
This program comes with ABSOLUTELY NO WARRANTY;
This is free software, and you are welcome to redistribute it
under certain conditions. See LICENSE.txt.

Input sensor was set to: RGB-D
Loading settings from /home/bingxin/Downloads/NGD-SLAM/Examples/RGB-D/Bonn.yaml
Camera1.k3 optional parameter does not exist...
	-Loaded camera 1
Camera.newHeight optional parameter does not exist...
Camera.newWidth optional parameter does not exist...
	-Loaded image info
	-Loaded RGB-D calibration
	-Loaded ORB settings
Viewer.imageViewScale optional parameter does not exist...
	-Loaded viewer settings
System.LoadAtlasFromFile optional parameter does not exist...
System.SaveAtlasToFile optional parameter does not exist...
	-Loaded Atlas settings
System.thFarPoints optional parameter does not exist...
	-Loaded misc parameters
----------------------------------
SLAM settings: 
	-Camera 1 parameters (Pinhole): [ 542.823 542.577 315.594 237.756 ]
	-Camera 1 distortion parameters: [  0.039903 -0.099343 -0.00073 -0.000144 ]
	-Original image size: [ 640 , 480 ]
	-Current image size: [ 640 , 480 ]
	-Sequence FPS: 30
	-RGB-D depth map factor: 5000
	-Features per image: 1000
	-ORB scale factor: 1.2
	-ORB number of scales: 8
	-Initial FAST threshold: 20
	-Min FAST threshold: 7


Loading ORB Vocabulary. This could take a while...
Vocabulary loaded!

Initialization of Atlas from scratch 
Creation of new map with id: 0
Creation of new map with last KF id: 0
Seq. Name: 
There are 1 cameras in the atlas
Camera 0 is pinhole
Net use yolo-fastest

-------
Start processing sequence ...
Images in the sequence: 567

First KF:0; Map init KF:0
New Map created with 1291 points
Average processing time of GrabImageRGBD(): 44.1243ms
Frame 0 end
Average processing time of GrabImageRGBD(): 37.4156ms
Frame 1 end
Average processing time of GrabImageRGBD(): 34.9179ms
Frame 2 end
Average processing time of GrabImageRGBD(): 29.1962ms
Frame 3 end
Average processing time of GrabImageRGBD(): 30.7259ms
Frame 4 end
Average processing time of GrabImageRGBD(): 28.0184ms
Frame 5 end
Starting the Viewer
Average processing time of GrabImageRGBD(): 29.1077ms
Frame 6 end
Average processing time of GrabImageRGBD(): 27.6133ms
Frame 7 end
Average processing time of GrabImageRGBD(): 26.1572ms
Frame 8 end
Average processing time of GrabImageRGBD(): 25.0892ms
Frame 9 end
Average processing time of GrabImageRGBD(): 23.5499ms
Frame 10 end
Average processing time of GrabImageRGBD(): 22.6785ms
Frame 11 end
Average processing time of GrabImageRGBD(): 21.9239ms
Frame 12 end
Average processing time of GrabImageRGBD(): 21.0948ms
Frame 13 end
Average processing time of GrabImageRGBD(): 21.9488ms
Frame 14 end
Average processing time of GrabImageRGBD(): 21.4401ms
Frame 15 end
Average processing time of GrabImageRGBD(): 20.7838ms
Frame 16 end
Average processing time of GrabImageRGBD(): 21.4635ms
Frame 17 end
Average processing time of GrabImageRGBD(): 21.1187ms
Frame 18 end
Average processing time of GrabImageRGBD(): 20.6682ms
Frame 19 end
Average processing time of GrabImageRGBD(): 20.3182ms
Frame 20 end
Average processing time of GrabImageRGBD(): 19.8973ms
Frame 21 end
Average processing time of GrabImageRGBD(): 19.6224ms
Frame 22 end
Average processing time of GrabImageRGBD(): 19.3589ms
Frame 23 end
Average processing time of GrabImageRGBD(): 19.0756ms
Frame 24 end
Average processing time of GrabImageRGBD(): 18.8383ms
Frame 25 end
Average processing time of GrabImageRGBD(): 19.4343ms
Frame 26 end
Average processing time of GrabImageRGBD(): 19.2501ms
Frame 27 end
Average processing time of GrabImageRGBD(): 19.8272ms
Frame 28 end
Average processing time of GrabImageRGBD(): 19.5711ms
Frame 29 end
Average processing time of GrabImageRGBD(): 19.2685ms
Frame 30 end
Average processing time of GrabImageRGBD(): 18.9881ms
Frame 31 end
Average processing time of GrabImageRGBD(): 18.7728ms
Frame 32 end
Average processing time of GrabImageRGBD(): 18.4938ms
Frame 33 end
Average processing time of GrabImageRGBD(): 18.3223ms
Frame 34 end
Average processing time of GrabImageRGBD(): 18.1967ms
Frame 35 end
Average processing time of GrabImageRGBD(): 18.0996ms
Frame 36 end
Average processing time of GrabImageRGBD(): 18.4975ms
Frame 37 end
Average processing time of GrabImageRGBD(): 18.3176ms
Frame 38 end
Average processing time of GrabImageRGBD(): 18.1888ms
Frame 39 end
Average processing time of GrabImageRGBD(): 17.9857ms
Frame 40 end
Average processing time of GrabImageRGBD(): 17.8402ms
Frame 41 end
Average processing time of GrabImageRGBD(): 17.7205ms
Frame 42 end
Average processing time of GrabImageRGBD(): 18.3135ms
Frame 43 end
Average processing time of GrabImageRGBD(): 18.2059ms
Frame 44 end
Average processing time of GrabImageRGBD(): 18.0952ms
Frame 45 end
Average processing time of GrabImageRGBD(): 17.9536ms
Frame 46 end
Average processing time of GrabImageRGBD(): 17.8517ms
Frame 47 end
Average processing time of GrabImageRGBD(): 17.6916ms
Frame 48 end
Average processing time of GrabImageRGBD(): 17.5851ms
Frame 49 end
Average processing time of GrabImageRGBD(): 18.0906ms
Frame 50 end
Average processing time of GrabImageRGBD(): 17.9456ms
Frame 51 end
Average processing time of GrabImageRGBD(): 17.7624ms
Frame 52 end
Average processing time of GrabImageRGBD(): 17.6661ms
Frame 53 end
Average processing time of GrabImageRGBD(): 17.5568ms
Frame 54 end
Average processing time of GrabImageRGBD(): 17.4037ms
Frame 55 end
Average processing time of GrabImageRGBD(): 17.8107ms
Frame 56 end
Average processing time of GrabImageRGBD(): 17.7379ms
Frame 57 end
Average processing time of GrabImageRGBD(): 17.5957ms
Frame 58 end
Average processing time of GrabImageRGBD(): 17.5193ms
Frame 59 end
Average processing time of GrabImageRGBD(): 17.4306ms
Frame 60 end
Average processing time of GrabImageRGBD(): 17.2949ms
Frame 61 end
Average processing time of GrabImageRGBD(): 17.5102ms
Frame 62 end
Average processing time of GrabImageRGBD(): 17.4049ms
Frame 63 end
Average processing time of GrabImageRGBD(): 17.2844ms
Frame 64 end
Average processing time of GrabImageRGBD(): 17.1802ms
Frame 65 end
Average processing time of GrabImageRGBD(): 17.0891ms
Frame 66 end
Average processing time of GrabImageRGBD(): 17.2816ms
Frame 67 end
Average processing time of GrabImageRGBD(): 17.2144ms
Frame 68 end
Average processing time of GrabImageRGBD(): 17.0679ms
Frame 69 end
Average processing time of GrabImageRGBD(): 17.2751ms
Frame 70 end
Average processing time of GrabImageRGBD(): 17.2037ms
Frame 71 end
Average processing time of GrabImageRGBD(): 17.1169ms
Frame 72 end
Average processing time of GrabImageRGBD(): 17.3063ms
Frame 73 end
Average processing time of GrabImageRGBD(): 17.249ms
Frame 74 end
Average processing time of GrabImageRGBD(): 17.1546ms
Frame 75 end
Average processing time of GrabImageRGBD(): 17.3408ms
Frame 76 end
Average processing time of GrabImageRGBD(): 17.2351ms
Frame 77 end
Average processing time of GrabImageRGBD(): 17.2044ms
Frame 78 end
Average processing time of GrabImageRGBD(): 17.3702ms
Frame 79 end
Average processing time of GrabImageRGBD(): 17.2868ms
Frame 80 end
Average processing time of GrabImageRGBD(): 17.2196ms
Frame 81 end
Average processing time of GrabImageRGBD(): 17.1629ms
Frame 82 end
Average processing time of GrabImageRGBD(): 17.0874ms
Frame 83 end
Average processing time of GrabImageRGBD(): 17.2463ms
Frame 84 end
Average processing time of GrabImageRGBD(): 17.1744ms
Frame 85 end
Average processing time of GrabImageRGBD(): 17.1221ms
Frame 86 end
Average processing time of GrabImageRGBD(): 17.0634ms
Frame 87 end
Average processing time of GrabImageRGBD(): 16.9818ms
Frame 88 end
Average processing time of GrabImageRGBD(): 17.1527ms
Frame 89 end
Average processing time of GrabImageRGBD(): 17.1106ms
Frame 90 end
Average processing time of GrabImageRGBD(): 17.0253ms
Frame 91 end
Average processing time of GrabImageRGBD(): 17.2136ms
Frame 92 end
Average processing time of GrabImageRGBD(): 17.1794ms
Frame 93 end
Average processing time of GrabImageRGBD(): 17.0642ms
Frame 94 end
Average processing time of GrabImageRGBD(): 17.0224ms
Frame 95 end
Average processing time of GrabImageRGBD(): 17.2012ms
Frame 96 end
Average processing time of GrabImageRGBD(): 17.13ms
Frame 97 end
Average processing time of GrabImageRGBD(): 17.0838ms
Frame 98 end
Average processing time of GrabImageRGBD(): 17.0288ms
Frame 99 end
Average processing time of GrabImageRGBD(): 16.9856ms
Frame 100 end
Average processing time of GrabImageRGBD(): 16.9303ms
Frame 101 end
Average processing time of GrabImageRGBD(): 17.0817ms
Frame 102 end
Average processing time of GrabImageRGBD(): 17.0263ms
Frame 103 end
Average processing time of GrabImageRGBD(): 16.9744ms
Frame 104 end
Average processing time of GrabImageRGBD(): 16.9364ms
Frame 105 end
Average processing time of GrabImageRGBD(): 16.895ms
Frame 106 end
Average processing time of GrabImageRGBD(): 16.8195ms
Frame 107 end
Average processing time of GrabImageRGBD(): 16.9832ms
Frame 108 end
Average processing time of GrabImageRGBD(): 16.9386ms
Frame 109 end
Average processing time of GrabImageRGBD(): 16.8892ms
Frame 110 end
Average processing time of GrabImageRGBD(): 16.8477ms
Frame 111 end
Average processing time of GrabImageRGBD(): 16.9982ms
Frame 112 end
Average processing time of GrabImageRGBD(): 16.9734ms
Frame 113 end
Average processing time of GrabImageRGBD(): 16.9107ms
Frame 114 end
Average processing time of GrabImageRGBD(): 16.8418ms
Frame 115 end
Average processing time of GrabImageRGBD(): 16.9928ms
Frame 116 end
Average processing time of GrabImageRGBD(): 16.9176ms
Frame 117 end
Average processing time of GrabImageRGBD(): 16.8655ms
Frame 118 end
Average processing time of GrabImageRGBD(): 16.8101ms
Frame 119 end
Average processing time of GrabImageRGBD(): 16.9559ms
Frame 120 end
Average processing time of GrabImageRGBD(): 16.9279ms
Frame 121 end
Average processing time of GrabImageRGBD(): 16.8462ms
Frame 122 end
Average processing time of GrabImageRGBD(): 16.7882ms
Frame 123 end
Average processing time of GrabImageRGBD(): 16.9264ms
Frame 124 end
Average processing time of GrabImageRGBD(): 16.8922ms
Frame 125 end
Average processing time of GrabImageRGBD(): 16.8608ms
Frame 126 end
Average processing time of GrabImageRGBD(): 16.8154ms
Frame 127 end
Average processing time of GrabImageRGBD(): 16.781ms
Frame 128 end
Average processing time of GrabImageRGBD(): 16.9154ms
Frame 129 end
Average processing time of GrabImageRGBD(): 16.8456ms
Frame 130 end
Average processing time of GrabImageRGBD(): 16.8062ms
Frame 131 end
Average processing time of GrabImageRGBD(): 16.7784ms
Frame 132 end
Average processing time of GrabImageRGBD(): 16.7434ms
Frame 133 end
Average processing time of GrabImageRGBD(): 16.8668ms
Frame 134 end
Average processing time of GrabImageRGBD(): 16.8145ms
Frame 135 end
Average processing time of GrabImageRGBD(): 16.7704ms
Frame 136 end
Average processing time of GrabImageRGBD(): 16.7415ms
Frame 137 end
Average processing time of GrabImageRGBD(): 16.7101ms
Frame 138 end
Average processing time of GrabImageRGBD(): 16.6594ms
Frame 139 end
Average processing time of GrabImageRGBD(): 16.7825ms
Frame 140 end
Average processing time of GrabImageRGBD(): 16.74ms
Frame 141 end
Average processing time of GrabImageRGBD(): 16.7179ms
Frame 142 end
Average processing time of GrabImageRGBD(): 16.694ms
Frame 143 end
Average processing time of GrabImageRGBD(): 16.6502ms
Frame 144 end
Average processing time of GrabImageRGBD(): 16.6029ms
Frame 145 end
Average processing time of GrabImageRGBD(): 16.7116ms
Frame 146 end
Average processing time of GrabImageRGBD(): 16.6864ms
Frame 147 end
Average processing time of GrabImageRGBD(): 16.6612ms
Frame 148 end
Average processing time of GrabImageRGBD(): 16.7935ms
Frame 149 end
Average processing time of GrabImageRGBD(): 16.728ms
Frame 150 end
Average processing time of GrabImageRGBD(): 16.7374ms
Frame 151 end
Average processing time of GrabImageRGBD(): 16.6971ms
Frame 152 end
Average processing time of GrabImageRGBD(): 16.8063ms
Frame 153 end
Average processing time of GrabImageRGBD(): 16.7868ms
Frame 154 end
Average processing time of GrabImageRGBD(): 16.7574ms
Frame 155 end
Average processing time of GrabImageRGBD(): 16.7173ms
Frame 156 end
Average processing time of GrabImageRGBD(): 16.8323ms
Frame 157 end
Average processing time of GrabImageRGBD(): 16.8119ms
Frame 158 end
Average processing time of GrabImageRGBD(): 16.772ms
Frame 159 end
Average processing time of GrabImageRGBD(): 16.7486ms
Frame 160 end
Average processing time of GrabImageRGBD(): 16.7249ms
Frame 161 end
Average processing time of GrabImageRGBD(): 16.6847ms
Frame 162 end
Average processing time of GrabImageRGBD(): 16.7951ms
Frame 163 end
Average processing time of GrabImageRGBD(): 16.7612ms
Frame 164 end
Average processing time of GrabImageRGBD(): 16.7274ms
Frame 165 end
Average processing time of GrabImageRGBD(): 16.703ms
Frame 166 end
Average processing time of GrabImageRGBD(): 16.6773ms
Frame 167 end
Average processing time of GrabImageRGBD(): 16.6409ms
Frame 168 end
Average processing time of GrabImageRGBD(): 16.7521ms
Frame 169 end
Average processing time of GrabImageRGBD(): 16.7422ms
Frame 170 end
Average processing time of GrabImageRGBD(): 16.7301ms
Frame 171 end
Average processing time of GrabImageRGBD(): 16.8861ms
Frame 172 end
Average processing time of GrabImageRGBD(): 16.877ms
Frame 173 end
Average processing time of GrabImageRGBD(): 16.8533ms
Frame 174 end
Average processing time of GrabImageRGBD(): 16.9533ms
Frame 175 end
Average processing time of GrabImageRGBD(): 16.9308ms
Frame 176 end
Average processing time of GrabImageRGBD(): 16.8976ms
Frame 177 end
Average processing time of GrabImageRGBD(): 16.8887ms
Frame 178 end
Average processing time of GrabImageRGBD(): 17.0137ms
Frame 179 end
Average processing time of GrabImageRGBD(): 16.988ms
Frame 180 end
Average processing time of GrabImageRGBD(): 16.9573ms
Frame 181 end
Average processing time of GrabImageRGBD(): 16.9383ms
Frame 182 end
Average processing time of GrabImageRGBD(): 16.9174ms
Frame 183 end
Average processing time of GrabImageRGBD(): 16.8921ms
Frame 184 end
Average processing time of GrabImageRGBD(): 16.8648ms
Frame 185 end
Average processing time of GrabImageRGBD(): 17.0438ms
Frame 186 end
Average processing time of GrabImageRGBD(): 17.0285ms
Frame 187 end
Average processing time of GrabImageRGBD(): 16.9839ms
Frame 188 end
Average processing time of GrabImageRGBD(): 17.0925ms
Frame 189 end
Average processing time of GrabImageRGBD(): 17.0717ms
Frame 190 end
Average processing time of GrabImageRGBD(): 17.0532ms
Frame 191 end
Average processing time of GrabImageRGBD(): 17.0368ms
Frame 192 end
Average processing time of GrabImageRGBD(): 17.0099ms
Frame 193 end
Average processing time of GrabImageRGBD(): 17.095ms
Frame 194 end
Average processing time of GrabImageRGBD(): 17.0795ms
Frame 195 end
Average processing time of GrabImageRGBD(): 17.0637ms
Frame 196 end
Average processing time of GrabImageRGBD(): 17.157ms
Frame 197 end
Average processing time of GrabImageRGBD(): 17.1443ms
Frame 198 end
Average processing time of GrabImageRGBD(): 17.1289ms
Frame 199 end
Average processing time of GrabImageRGBD(): 17.2169ms
Frame 200 end
Average processing time of GrabImageRGBD(): 17.2021ms
Frame 201 end
Average processing time of GrabImageRGBD(): 17.1813ms
Frame 202 end
Average processing time of GrabImageRGBD(): 17.2622ms
Frame 203 end
Average processing time of GrabImageRGBD(): 17.244ms
Frame 204 end
Average processing time of GrabImageRGBD(): 17.2123ms
Frame 205 end
Average processing time of GrabImageRGBD(): 17.2944ms
Frame 206 end
Average processing time of GrabImageRGBD(): 17.2771ms
Frame 207 end
Average processing time of GrabImageRGBD(): 17.2507ms
Frame 208 end
Average processing time of GrabImageRGBD(): 17.2302ms
Frame 209 end
Average processing time of GrabImageRGBD(): 17.3598ms
Frame 210 end
Average processing time of GrabImageRGBD(): 17.3369ms
Frame 211 end
Average processing time of GrabImageRGBD(): 17.305ms
Frame 212 end
Average processing time of GrabImageRGBD(): 17.2816ms
Frame 213 end
Average processing time of GrabImageRGBD(): 17.2569ms
Frame 214 end
Average processing time of GrabImageRGBD(): 17.3214ms
Frame 215 end
Average processing time of GrabImageRGBD(): 17.3054ms
Frame 216 end
Average processing time of GrabImageRGBD(): 17.2818ms
Frame 217 end
Average processing time of GrabImageRGBD(): 17.3605ms
Frame 218 end
Average processing time of GrabImageRGBD(): 17.332ms
Frame 219 end
Average processing time of GrabImageRGBD(): 17.3113ms
Frame 220 end
Average processing time of GrabImageRGBD(): 17.2907ms
Frame 221 end
Average processing time of GrabImageRGBD(): 17.259ms
Frame 222 end
Average processing time of GrabImageRGBD(): 17.2387ms
Frame 223 end
Average processing time of GrabImageRGBD(): 17.209ms
Frame 224 end
Average processing time of GrabImageRGBD(): 17.2857ms
Frame 225 end
Average processing time of GrabImageRGBD(): 17.2595ms
Frame 226 end
Average processing time of GrabImageRGBD(): 17.2401ms
Frame 227 end
Average processing time of GrabImageRGBD(): 17.2186ms
Frame 228 end
Average processing time of GrabImageRGBD(): 17.2889ms
Frame 229 end
Average processing time of GrabImageRGBD(): 17.2686ms
Frame 230 end
Average processing time of GrabImageRGBD(): 17.2439ms
Frame 231 end
Average processing time of GrabImageRGBD(): 17.2301ms
Frame 232 end
Average processing time of GrabImageRGBD(): 17.3176ms
Frame 233 end
Average processing time of GrabImageRGBD(): 17.3093ms
Frame 234 end
Average processing time of GrabImageRGBD(): 17.2901ms
Frame 235 end
Average processing time of GrabImageRGBD(): 17.2599ms
Frame 236 end
Average processing time of GrabImageRGBD(): 17.3803ms
Frame 237 end
Average processing time of GrabImageRGBD(): 17.3624ms
Frame 238 end
Average processing time of GrabImageRGBD(): 17.3427ms
Frame 239 end
Average processing time of GrabImageRGBD(): 17.3298ms
Frame 240 end
Average processing time of GrabImageRGBD(): 17.4113ms
Frame 241 end
Average processing time of GrabImageRGBD(): 17.3983ms
Frame 242 end
Average processing time of GrabImageRGBD(): 17.3864ms
Frame 243 end
Average processing time of GrabImageRGBD(): 17.3625ms
Frame 244 end
Average processing time of GrabImageRGBD(): 17.3374ms
Frame 245 end
Average processing time of GrabImageRGBD(): 17.4027ms
Frame 246 end
Average processing time of GrabImageRGBD(): 17.3797ms
Frame 247 end
Average processing time of GrabImageRGBD(): 17.3467ms
Frame 248 end
Average processing time of GrabImageRGBD(): 17.3251ms
Frame 249 end
Average processing time of GrabImageRGBD(): 17.2995ms
Frame 250 end
Average processing time of GrabImageRGBD(): 17.2731ms
Frame 251 end
Average processing time of GrabImageRGBD(): 17.3807ms
Frame 252 end
Average processing time of GrabImageRGBD(): 17.3575ms
Frame 253 end
Average processing time of GrabImageRGBD(): 17.3305ms
Frame 254 end
Average processing time of GrabImageRGBD(): 17.3206ms
Frame 255 end
Average processing time of GrabImageRGBD(): 17.3022ms
Frame 256 end
Average processing time of GrabImageRGBD(): 17.2804ms
Frame 257 end
Average processing time of GrabImageRGBD(): 17.262ms
Frame 258 end
Average processing time of GrabImageRGBD(): 17.3202ms
Frame 259 end
Average processing time of GrabImageRGBD(): 17.3019ms
Frame 260 end
Average processing time of GrabImageRGBD(): 17.2801ms
Frame 261 end
Average processing time of GrabImageRGBD(): 17.2683ms
Frame 262 end
Average processing time of GrabImageRGBD(): 17.3395ms
Frame 263 end
Average processing time of GrabImageRGBD(): 17.3182ms
Frame 264 end
Average processing time of GrabImageRGBD(): 17.2998ms
Frame 265 end
Average processing time of GrabImageRGBD(): 17.2811ms
Frame 266 end
Average processing time of GrabImageRGBD(): 17.3525ms
Frame 267 end
Average processing time of GrabImageRGBD(): 17.3495ms
Frame 268 end
Average processing time of GrabImageRGBD(): 17.3287ms
Frame 269 end
Average processing time of GrabImageRGBD(): 17.3175ms
Frame 270 end
Average processing time of GrabImageRGBD(): 17.3906ms
Frame 271 end
Average processing time of GrabImageRGBD(): 17.3684ms
Frame 272 end
Average processing time of GrabImageRGBD(): 17.3393ms
Frame 273 end
Average processing time of GrabImageRGBD(): 17.3144ms
Frame 274 end
Average processing time of GrabImageRGBD(): 17.3837ms
Frame 275 end
Average processing time of GrabImageRGBD(): 17.3619ms
Frame 276 end
Average processing time of GrabImageRGBD(): 17.3458ms
Frame 277 end
Average processing time of GrabImageRGBD(): 17.3266ms
Frame 278 end
Average processing time of GrabImageRGBD(): 17.3098ms
Frame 279 end
Average processing time of GrabImageRGBD(): 17.3661ms
Frame 280 end
Average processing time of GrabImageRGBD(): 17.3442ms
Frame 281 end
Average processing time of GrabImageRGBD(): 17.3145ms
Frame 282 end
Average processing time of GrabImageRGBD(): 17.3008ms
Frame 283 end
Average processing time of GrabImageRGBD(): 17.4044ms
Frame 284 end
Average processing time of GrabImageRGBD(): 17.3817ms
Frame 285 end
Average processing time of GrabImageRGBD(): 17.3538ms
Frame 286 end
Average processing time of GrabImageRGBD(): 17.3392ms
Frame 287 end
Average processing time of GrabImageRGBD(): 17.3223ms
Frame 288 end
Average processing time of GrabImageRGBD(): 17.3814ms
Frame 289 end
Average processing time of GrabImageRGBD(): 17.3639ms
Frame 290 end
Average processing time of GrabImageRGBD(): 17.3497ms
Frame 291 end
Average processing time of GrabImageRGBD(): 17.3363ms
Frame 292 end
Average processing time of GrabImageRGBD(): 17.322ms
Frame 293 end
Average processing time of GrabImageRGBD(): 17.3925ms
Frame 294 end
Average processing time of GrabImageRGBD(): 17.3802ms
Frame 295 end
Average processing time of GrabImageRGBD(): 17.3661ms
Frame 296 end
Average processing time of GrabImageRGBD(): 17.3538ms
Frame 297 end
Average processing time of GrabImageRGBD(): 17.3342ms
Frame 298 end
Average processing time of GrabImageRGBD(): 17.4016ms
Frame 299 end
Average processing time of GrabImageRGBD(): 17.3879ms
Frame 300 end
Average processing time of GrabImageRGBD(): 17.3758ms
Frame 301 end
Average processing time of GrabImageRGBD(): 17.3551ms
Frame 302 end
Average processing time of GrabImageRGBD(): 17.3299ms
Frame 303 end
Average processing time of GrabImageRGBD(): 17.3144ms
Frame 304 end
Average processing time of GrabImageRGBD(): 17.3822ms
Frame 305 end
Average processing time of GrabImageRGBD(): 17.3658ms
Frame 306 end
Average processing time of GrabImageRGBD(): 17.3548ms
Frame 307 end
Average processing time of GrabImageRGBD(): 17.3372ms
Frame 308 end
Average processing time of GrabImageRGBD(): 17.322ms
Frame 309 end
Average processing time of GrabImageRGBD(): 17.303ms
Frame 310 end
Average processing time of GrabImageRGBD(): 17.3656ms
Frame 311 end
Average processing time of GrabImageRGBD(): 17.3551ms
Frame 312 end
Average processing time of GrabImageRGBD(): 17.3408ms
Frame 313 end
Average processing time of GrabImageRGBD(): 17.3289ms
Frame 314 end
Average processing time of GrabImageRGBD(): 17.3125ms
Frame 315 end
Average processing time of GrabImageRGBD(): 17.3016ms
Frame 316 end
Average processing time of GrabImageRGBD(): 17.3612ms
Frame 317 end
Average processing time of GrabImageRGBD(): 17.3493ms
Frame 318 end
Average processing time of GrabImageRGBD(): 17.3375ms
Frame 319 end
Average processing time of GrabImageRGBD(): 17.3208ms
Frame 320 end
Average processing time of GrabImageRGBD(): 17.3093ms
Frame 321 end
Average processing time of GrabImageRGBD(): 17.2913ms
Frame 322 end
Average processing time of GrabImageRGBD(): 17.285ms
Frame 323 end
Average processing time of GrabImageRGBD(): 17.2758ms
Frame 324 end
Average processing time of GrabImageRGBD(): 17.2632ms
Frame 325 end
Average processing time of GrabImageRGBD(): 17.2512ms
Frame 326 end
Average processing time of GrabImageRGBD(): 17.3115ms
Frame 327 end
Average processing time of GrabImageRGBD(): 17.3024ms
Frame 328 end
Average processing time of GrabImageRGBD(): 17.2801ms
Frame 329 end
Average processing time of GrabImageRGBD(): 17.2389ms
Frame 330 end
Average processing time of GrabImageRGBD(): 17.2139ms
Frame 331 end
Average processing time of GrabImageRGBD(): 17.1742ms
Frame 332 end
Average processing time of GrabImageRGBD(): 17.224ms
Frame 333 end
Average processing time of GrabImageRGBD(): 17.2038ms
Frame 334 end
Average processing time of GrabImageRGBD(): 17.1625ms
Frame 335 end
Average processing time of GrabImageRGBD(): 17.1376ms
Frame 336 end
Average processing time of GrabImageRGBD(): 17.1121ms
Frame 337 end
Average processing time of GrabImageRGBD(): 17.0825ms
Frame 338 end
Average processing time of GrabImageRGBD(): 17.1217ms
Frame 339 end
Average processing time of GrabImageRGBD(): 17.0859ms
Frame 340 end
Average processing time of GrabImageRGBD(): 17.064ms
Frame 341 end
Average processing time of GrabImageRGBD(): 17.0427ms
Frame 342 end
Average processing time of GrabImageRGBD(): 17.0211ms
Frame 343 end
Average processing time of GrabImageRGBD(): 16.989ms
Frame 344 end
Average processing time of GrabImageRGBD(): 17.0337ms
Frame 345 end
Average processing time of GrabImageRGBD(): 16.9983ms
Frame 346 end
Average processing time of GrabImageRGBD(): 16.9579ms
Frame 347 end
Average processing time of GrabImageRGBD(): 16.9239ms
Frame 348 end
Average processing time of GrabImageRGBD(): 16.8868ms
Frame 349 end
Average processing time of GrabImageRGBD(): 16.8611ms
Frame 350 end
Average processing time of GrabImageRGBD(): 16.8982ms
Frame 351 end
Average processing time of GrabImageRGBD(): 16.8697ms
Frame 352 end
Average processing time of GrabImageRGBD(): 16.8463ms
Frame 353 end
Average processing time of GrabImageRGBD(): 16.8239ms
Frame 354 end
Average processing time of GrabImageRGBD(): 16.7879ms
Frame 355 end
Average processing time of GrabImageRGBD(): 16.7629ms
Frame 356 end
Average processing time of GrabImageRGBD(): 16.7975ms
Frame 357 end
Average processing time of GrabImageRGBD(): 16.7775ms
Frame 358 end
Average processing time of GrabImageRGBD(): 16.7415ms
Frame 359 end
Average processing time of GrabImageRGBD(): 16.71ms
Frame 360 end
Average processing time of GrabImageRGBD(): 16.6804ms
Frame 361 end
Average processing time of GrabImageRGBD(): 16.6534ms
Frame 362 end
Average processing time of GrabImageRGBD(): 16.6169ms
Frame 363 end
Average processing time of GrabImageRGBD(): 16.6464ms
Frame 364 end
Average processing time of GrabImageRGBD(): 16.6238ms
Frame 365 end
Average processing time of GrabImageRGBD(): 16.5881ms
Frame 366 end
Average processing time of GrabImageRGBD(): 16.5611ms
Frame 367 end
Average processing time of GrabImageRGBD(): 16.5352ms
Frame 368 end
Average processing time of GrabImageRGBD(): 16.5044ms
Frame 369 end
Average processing time of GrabImageRGBD(): 16.4786ms
Frame 370 end
Average processing time of GrabImageRGBD(): 16.5154ms
Frame 371 end
Average processing time of GrabImageRGBD(): 16.4913ms
Frame 372 end
Average processing time of GrabImageRGBD(): 16.4595ms
Frame 373 end
Average processing time of GrabImageRGBD(): 16.4367ms
Frame 374 end
Average processing time of GrabImageRGBD(): 16.4016ms
Frame 375 end
Average processing time of GrabImageRGBD(): 16.379ms
Frame 376 end
Average processing time of GrabImageRGBD(): 16.3438ms
Frame 377 end
Average processing time of GrabImageRGBD(): 16.3832ms
Frame 378 end
Average processing time of GrabImageRGBD(): 16.3609ms
Frame 379 end
Average processing time of GrabImageRGBD(): 16.3302ms
Frame 380 end
Average processing time of GrabImageRGBD(): 16.2974ms
Frame 381 end
Average processing time of GrabImageRGBD(): 16.2786ms
Frame 382 end
Average processing time of GrabImageRGBD(): 16.258ms
Frame 383 end
Average processing time of GrabImageRGBD(): 16.23ms
Frame 384 end
Average processing time of GrabImageRGBD(): 16.2641ms
Frame 385 end
Average processing time of GrabImageRGBD(): 16.2478ms
Frame 386 end
Average processing time of GrabImageRGBD(): 16.215ms
Frame 387 end
Average processing time of GrabImageRGBD(): 16.1956ms
Frame 388 end
Average processing time of GrabImageRGBD(): 16.1708ms
Frame 389 end
Average processing time of GrabImageRGBD(): 16.1385ms
Frame 390 end
Average processing time of GrabImageRGBD(): 16.1182ms
Frame 391 end
Average processing time of GrabImageRGBD(): 16.15ms
Frame 392 end
Average processing time of GrabImageRGBD(): 16.1366ms
Frame 393 end
Average processing time of GrabImageRGBD(): 16.1145ms
Frame 394 end
Average processing time of GrabImageRGBD(): 16.0833ms
Frame 395 end
Average processing time of GrabImageRGBD(): 16.0655ms
Frame 396 end
Average processing time of GrabImageRGBD(): 16.0479ms
Frame 397 end
Average processing time of GrabImageRGBD(): 16.0304ms
Frame 398 end
Average processing time of GrabImageRGBD(): 15.9992ms
Frame 399 end
Average processing time of GrabImageRGBD(): 16.0392ms
Frame 400 end
Average processing time of GrabImageRGBD(): 16.0153ms
Frame 401 end
Average processing time of GrabImageRGBD(): 15.9865ms
Frame 402 end
Average processing time of GrabImageRGBD(): 15.966ms
Frame 403 end
Average processing time of GrabImageRGBD(): 15.9361ms
Frame 404 end
Average processing time of GrabImageRGBD(): 15.9144ms
Frame 405 end
Average processing time of GrabImageRGBD(): 15.8926ms
Frame 406 end
Average processing time of GrabImageRGBD(): 15.8678ms
Frame 407 end
Average processing time of GrabImageRGBD(): 15.8974ms
Frame 408 end
Average processing time of GrabImageRGBD(): 15.8692ms
Frame 409 end
Average processing time of GrabImageRGBD(): 15.8512ms
Frame 410 end
Average processing time of GrabImageRGBD(): 15.8318ms
Frame 411 end
Average processing time of GrabImageRGBD(): 15.8122ms
Frame 412 end
Average processing time of GrabImageRGBD(): 15.7931ms
Frame 413 end
Average processing time of GrabImageRGBD(): 15.7629ms
Frame 414 end
Average processing time of GrabImageRGBD(): 15.7423ms
Frame 415 end
Average processing time of GrabImageRGBD(): 15.7764ms
Frame 416 end
Average processing time of GrabImageRGBD(): 15.7633ms
Frame 417 end
Average processing time of GrabImageRGBD(): 15.7469ms
Frame 418 end
Average processing time of GrabImageRGBD(): 15.7182ms
Frame 419 end
Average processing time of GrabImageRGBD(): 15.6898ms
Frame 420 end
Average processing time of GrabImageRGBD(): 15.6638ms
Frame 421 end
Average processing time of GrabImageRGBD(): 15.6465ms
Frame 422 end
Average processing time of GrabImageRGBD(): 15.6183ms
Frame 423 end
Average processing time of GrabImageRGBD(): 15.6574ms
Frame 424 end
Average processing time of GrabImageRGBD(): 15.6445ms
Frame 425 end
Average processing time of GrabImageRGBD(): 15.6294ms
Frame 426 end
Average processing time of GrabImageRGBD(): 15.6141ms
Frame 427 end
Average processing time of GrabImageRGBD(): 15.5981ms
Frame 428 end
Average processing time of GrabImageRGBD(): 15.5787ms
Frame 429 end
Average processing time of GrabImageRGBD(): 15.556ms
Frame 430 end
Average processing time of GrabImageRGBD(): 15.5282ms
Frame 431 end
Average processing time of GrabImageRGBD(): 15.5638ms
Frame 432 end
Average processing time of GrabImageRGBD(): 15.5506ms
Frame 433 end
Average processing time of GrabImageRGBD(): 15.523ms
Frame 434 end
Average processing time of GrabImageRGBD(): 15.4984ms
Frame 435 end
Average processing time of GrabImageRGBD(): 15.4718ms
Frame 436 end
Average processing time of GrabImageRGBD(): 15.445ms
Frame 437 end
Average processing time of GrabImageRGBD(): 15.4254ms
Frame 438 end
Average processing time of GrabImageRGBD(): 15.4578ms
Frame 439 end
Average processing time of GrabImageRGBD(): 15.432ms
Frame 440 end
Average processing time of GrabImageRGBD(): 15.4054ms
Frame 441 end
Average processing time of GrabImageRGBD(): 15.3909ms
Frame 442 end
Average processing time of GrabImageRGBD(): 15.3754ms
Frame 443 end
Average processing time of GrabImageRGBD(): 15.359ms
Frame 444 end
Average processing time of GrabImageRGBD(): 15.3325ms
Frame 445 end
Average processing time of GrabImageRGBD(): 15.3676ms
Frame 446 end
Average processing time of GrabImageRGBD(): 15.3437ms
Frame 447 end
Average processing time of GrabImageRGBD(): 15.3185ms
Frame 448 end
Average processing time of GrabImageRGBD(): 15.2959ms
Frame 449 end
Average processing time of GrabImageRGBD(): 15.2817ms
Frame 450 end
Average processing time of GrabImageRGBD(): 15.2599ms
Frame 451 end
Average processing time of GrabImageRGBD(): 15.2439ms
Frame 452 end
Average processing time of GrabImageRGBD(): 15.2743ms
Frame 453 end
Average processing time of GrabImageRGBD(): 15.25ms
Frame 454 end
Average processing time of GrabImageRGBD(): 15.2285ms
Frame 455 end
Average processing time of GrabImageRGBD(): 15.203ms
Frame 456 end
Average processing time of GrabImageRGBD(): 15.1781ms
Frame 457 end
Average processing time of GrabImageRGBD(): 15.154ms
Frame 458 end
Average processing time of GrabImageRGBD(): 15.1277ms
Frame 459 end
Average processing time of GrabImageRGBD(): 15.1581ms
Frame 460 end
Average processing time of GrabImageRGBD(): 15.1375ms
Frame 461 end
Average processing time of GrabImageRGBD(): 15.1186ms
Frame 462 end
Average processing time of GrabImageRGBD(): 15.1002ms
Frame 463 end
Average processing time of GrabImageRGBD(): 15.0741ms
Frame 464 end
Average processing time of GrabImageRGBD(): 15.0502ms
Frame 465 end
Average processing time of GrabImageRGBD(): 15.0844ms
Frame 466 end
Average processing time of GrabImageRGBD(): 15.0669ms
Frame 467 end
Average processing time of GrabImageRGBD(): 15.0478ms
Frame 468 end
Average processing time of GrabImageRGBD(): 15.0293ms
Frame 469 end
Average processing time of GrabImageRGBD(): 15.0047ms
Frame 470 end
Average processing time of GrabImageRGBD(): 14.9836ms
Frame 471 end
Average processing time of GrabImageRGBD(): 15.0117ms
Frame 472 end
Average processing time of GrabImageRGBD(): 14.9916ms
Frame 473 end
Average processing time of GrabImageRGBD(): 14.9798ms
Frame 474 end
Average processing time of GrabImageRGBD(): 14.956ms
Frame 475 end
Average processing time of GrabImageRGBD(): 14.9403ms
Frame 476 end
Average processing time of GrabImageRGBD(): 14.9162ms
Frame 477 end
Average processing time of GrabImageRGBD(): 14.9481ms
Frame 478 end
Average processing time of GrabImageRGBD(): 14.9272ms
Frame 479 end
Average processing time of GrabImageRGBD(): 14.9163ms
Frame 480 end
Average processing time of GrabImageRGBD(): 14.9015ms
Frame 481 end
Average processing time of GrabImageRGBD(): 14.8783ms
Frame 482 end
Average processing time of GrabImageRGBD(): 14.8546ms
Frame 483 end
Average processing time of GrabImageRGBD(): 14.8406ms
Frame 484 end
Average processing time of GrabImageRGBD(): 14.8759ms
Frame 485 end
Average processing time of GrabImageRGBD(): 14.8591ms
Frame 486 end
Average processing time of GrabImageRGBD(): 14.8477ms
Frame 487 end
Average processing time of GrabImageRGBD(): 14.836ms
Frame 488 end
Average processing time of GrabImageRGBD(): 14.8133ms
Frame 489 end
Average processing time of GrabImageRGBD(): 14.8019ms
Frame 490 end
Average processing time of GrabImageRGBD(): 14.8378ms
Frame 491 end
Average processing time of GrabImageRGBD(): 14.822ms
Frame 492 end
Average processing time of GrabImageRGBD(): 14.8061ms
Frame 493 end
Average processing time of GrabImageRGBD(): 14.7843ms
Frame 494 end
Average processing time of GrabImageRGBD(): 14.7623ms
Frame 495 end
Average processing time of GrabImageRGBD(): 14.7499ms
Frame 496 end
Average processing time of GrabImageRGBD(): 14.7268ms
Frame 497 end
Average processing time of GrabImageRGBD(): 14.7606ms
Frame 498 end
Average processing time of GrabImageRGBD(): 14.7493ms
Frame 499 end
Average processing time of GrabImageRGBD(): 14.7355ms
Frame 500 end
Average processing time of GrabImageRGBD(): 14.7164ms
Frame 501 end
Average processing time of GrabImageRGBD(): 14.6934ms
Frame 502 end
Average processing time of GrabImageRGBD(): 14.6792ms
Frame 503 end
Average processing time of GrabImageRGBD(): 14.6601ms
Frame 504 end
Average processing time of GrabImageRGBD(): 14.6873ms
Frame 505 end
Average processing time of GrabImageRGBD(): 14.6705ms
Frame 506 end
Average processing time of GrabImageRGBD(): 14.6549ms
Frame 507 end
Average processing time of GrabImageRGBD(): 14.6438ms
Frame 508 end
Average processing time of GrabImageRGBD(): 14.6361ms
Frame 509 end
Average processing time of GrabImageRGBD(): 14.6187ms
Frame 510 end
Average processing time of GrabImageRGBD(): 14.6477ms
Frame 511 end
Average processing time of GrabImageRGBD(): 14.6406ms
Frame 512 end
Average processing time of GrabImageRGBD(): 14.6186ms
Frame 513 end
Average processing time of GrabImageRGBD(): 14.6023ms
Frame 514 end
Average processing time of GrabImageRGBD(): 14.5857ms
Frame 515 end
Average processing time of GrabImageRGBD(): 14.5656ms
Frame 516 end
Average processing time of GrabImageRGBD(): 14.616ms
Frame 517 end
Average processing time of GrabImageRGBD(): 14.5991ms
Frame 518 end
Average processing time of GrabImageRGBD(): 14.5774ms
Frame 519 end
Average processing time of GrabImageRGBD(): 14.5566ms
Frame 520 end
Average processing time of GrabImageRGBD(): 14.5431ms
Frame 521 end
Average processing time of GrabImageRGBD(): 14.528ms
Frame 522 end
Average processing time of GrabImageRGBD(): 14.5123ms
Frame 523 end
Average processing time of GrabImageRGBD(): 14.543ms
Frame 524 end
Average processing time of GrabImageRGBD(): 14.5317ms
Frame 525 end
Average processing time of GrabImageRGBD(): 14.5179ms
Frame 526 end
Average processing time of GrabImageRGBD(): 14.5032ms
Frame 527 end
Average processing time of GrabImageRGBD(): 14.4815ms
Frame 528 end
Average processing time of GrabImageRGBD(): 14.4659ms
Frame 529 end
Average processing time of GrabImageRGBD(): 14.4506ms
Frame 530 end
Average processing time of GrabImageRGBD(): 14.4817ms
Frame 531 end
Average processing time of GrabImageRGBD(): 14.476ms
Frame 532 end
Average processing time of GrabImageRGBD(): 14.4555ms
Frame 533 end
Average processing time of GrabImageRGBD(): 14.4397ms
Frame 534 end
Average processing time of GrabImageRGBD(): 14.4233ms
Frame 535 end
Average processing time of GrabImageRGBD(): 14.4023ms
Frame 536 end
Average processing time of GrabImageRGBD(): 14.3857ms
Frame 537 end
Average processing time of GrabImageRGBD(): 14.4157ms
Frame 538 end
Average processing time of GrabImageRGBD(): 14.397ms
Frame 539 end
Average processing time of GrabImageRGBD(): 14.3798ms
Frame 540 end
Average processing time of GrabImageRGBD(): 14.3694ms
Frame 541 end
Average processing time of GrabImageRGBD(): 14.3502ms
Frame 542 end
Average processing time of GrabImageRGBD(): 14.3394ms
Frame 543 end
Average processing time of GrabImageRGBD(): 14.3287ms
Frame 544 end
Average processing time of GrabImageRGBD(): 14.3113ms
Frame 545 end
Average processing time of GrabImageRGBD(): 14.2912ms
Frame 546 end
Average processing time of GrabImageRGBD(): 14.2705ms
Frame 547 end
Average processing time of GrabImageRGBD(): 14.2589ms
Frame 548 end
Average processing time of GrabImageRGBD(): 14.2388ms
Frame 549 end
Average processing time of GrabImageRGBD(): 14.2192ms
Frame 550 end
Average processing time of GrabImageRGBD(): 14.2097ms
Frame 551 end
Average processing time of GrabImageRGBD(): 14.203ms
Frame 552 end
Average processing time of GrabImageRGBD(): 14.1826ms
Frame 553 end
Average processing time of GrabImageRGBD(): 14.1642ms
Frame 554 end
Average processing time of GrabImageRGBD(): 14.1444ms
Frame 555 end
Average processing time of GrabImageRGBD(): 14.1718ms
Frame 556 end
Average processing time of GrabImageRGBD(): 14.155ms
Frame 557 end
Average processing time of GrabImageRGBD(): 14.146ms
Frame 558 end
Average processing time of GrabImageRGBD(): 14.1268ms
Frame 559 end
Average processing time of GrabImageRGBD(): 14.1185ms
Frame 560 end
Average processing time of GrabImageRGBD(): 14.1067ms
Frame 561 end
Average processing time of GrabImageRGBD(): 14.0881ms
Frame 562 end
Average processing time of GrabImageRGBD(): 14.0779ms
Frame 563 end
Average processing time of GrabImageRGBD(): 14.0678ms
Frame 564 end
Average processing time of GrabImageRGBD(): 14.0539ms
Frame 565 end
Average processing time of GrabImageRGBD(): 14.0446ms
Frame 566 end
Shutdown
-------

median tracking time: 0.0122046
mean tracking time: 0.014821

Saving camera trajectory to CameraTrajectory.txt ...

Saving keyframe trajectory to KeyFrameTrajectory.txt ...
