
ORB-SLAM3 Copyright (C) 2017-2020 Carlos Campos, Richard Elvira, Juan J. Gómez, José M.M. Montiel and Juan D. Tardós, University of Zaragoza.
ORB-SLAM2 Copyright (C) 2014-2016 Raúl Mur-Artal, José M.M. Montiel and Juan D. Tardós, University of Zaragoza.
This program comes with ABSOLUTELY NO WARRANTY;
This is free software, and you are welcome to redistribute it
under certain conditions. See LICENSE.txt.

Input sensor was set to: RGB-D
Loading settings from /home/bingxin/Downloads/NGD-SLAM/Examples/RGB-D/Bonn.yaml
Camera1.k3 optional parameter does not exist...
	-Loaded camera 1
Camera.newHeight optional parameter does not exist...
Camera.newWidth optional parameter does not exist...
	-Loaded image info
	-Loaded RGB-D calibration
	-Loaded ORB settings
Viewer.imageViewScale optional parameter does not exist...
	-Loaded viewer settings
System.LoadAtlasFromFile optional parameter does not exist...
System.SaveAtlasToFile optional parameter does not exist...
	-Loaded Atlas settings
System.thFarPoints optional parameter does not exist...
	-Loaded misc parameters
----------------------------------
SLAM settings: 
	-Camera 1 parameters (Pinhole): [ 542.823 542.577 315.594 237.756 ]
	-Camera 1 distortion parameters: [  0.039903 -0.099343 -0.00073 -0.000144 ]
	-Original image size: [ 640 , 480 ]
	-Current image size: [ 640 , 480 ]
	-Sequence FPS: 30
	-RGB-D depth map factor: 5000
	-Features per image: 1000
	-ORB scale factor: 1.2
	-ORB number of scales: 8
	-Initial FAST threshold: 20
	-Min FAST threshold: 7


Loading ORB Vocabulary. This could take a while...
Vocabulary loaded!

Initialization of Atlas from scratch 
Creation of new map with id: 0
Creation of new map with last KF id: 0
Seq. Name: 
There are 1 cameras in the atlas
Camera 0 is pinhole
Net use yolo-fastest

-------
Start processing sequence ...
Images in the sequence: 567

First KF:0; Map init KF:0
New Map created with 1291 points
Average processing time of GrabImageRGBD(): 50.1142ms
Frame 0 end
Average processing time of GrabImageRGBD(): 41.6316ms
Frame 1 end
Average processing time of GrabImageRGBD(): 38.2353ms
Frame 2 end
Average processing time of GrabImageRGBD(): 33.197ms
Frame 3 end
Starting the Viewer
Average processing time of GrabImageRGBD(): 34.7096ms
Frame 4 end
Average processing time of GrabImageRGBD(): 30.709ms
Frame 5 end
Average processing time of GrabImageRGBD(): 30.9381ms
Frame 6 end
Average processing time of GrabImageRGBD(): 28.9015ms
Frame 7 end
Average processing time of GrabImageRGBD(): 27.1744ms
Frame 8 end
Average processing time of GrabImageRGBD(): 25.7482ms
Frame 9 end
Average processing time of GrabImageRGBD(): 24.6318ms
Frame 10 end
Average processing time of GrabImageRGBD(): 23.6728ms
Frame 11 end
Average processing time of GrabImageRGBD(): 22.8395ms
Frame 12 end
Average processing time of GrabImageRGBD(): 22.1241ms
Frame 13 end
Average processing time of GrabImageRGBD(): 21.2275ms
Frame 14 end
Average processing time of GrabImageRGBD(): 22.0567ms
Frame 15 end
Average processing time of GrabImageRGBD(): 21.5538ms
Frame 16 end
Average processing time of GrabImageRGBD(): 22.3896ms
Frame 17 end
Average processing time of GrabImageRGBD(): 21.8867ms
Frame 18 end
Average processing time of GrabImageRGBD(): 21.4192ms
Frame 19 end
Average processing time of GrabImageRGBD(): 20.8141ms
Frame 20 end
Average processing time of GrabImageRGBD(): 20.4537ms
Frame 21 end
Average processing time of GrabImageRGBD(): 20.1508ms
Frame 22 end
Average processing time of GrabImageRGBD(): 19.8154ms
Frame 23 end
Average processing time of GrabImageRGBD(): 19.3903ms
Frame 24 end
Average processing time of GrabImageRGBD(): 19.0466ms
Frame 25 end
Average processing time of GrabImageRGBD(): 19.536ms
Frame 26 end
Average processing time of GrabImageRGBD(): 19.2305ms
Frame 27 end
Average processing time of GrabImageRGBD(): 18.943ms
Frame 28 end
Average processing time of GrabImageRGBD(): 19.4808ms
Frame 29 end
Average processing time of GrabImageRGBD(): 19.3229ms
Frame 30 end
Average processing time of GrabImageRGBD(): 19.0505ms
Frame 31 end
Average processing time of GrabImageRGBD(): 18.9012ms
Frame 32 end
Average processing time of GrabImageRGBD(): 18.7176ms
Frame 33 end
Average processing time of GrabImageRGBD(): 18.3941ms
Frame 34 end
Average processing time of GrabImageRGBD(): 18.28ms
Frame 35 end
Average processing time of GrabImageRGBD(): 18.7839ms
Frame 36 end
Average processing time of GrabImageRGBD(): 18.5347ms
Frame 37 end
Average processing time of GrabImageRGBD(): 18.3643ms
Frame 38 end
Average processing time of GrabImageRGBD(): 18.1262ms
Frame 39 end
Average processing time of GrabImageRGBD(): 17.9964ms
Frame 40 end
Average processing time of GrabImageRGBD(): 17.8855ms
Frame 41 end
Average processing time of GrabImageRGBD(): 18.1921ms
Frame 42 end
Average processing time of GrabImageRGBD(): 18.0461ms
Frame 43 end
Average processing time of GrabImageRGBD(): 17.9574ms
Frame 44 end
Average processing time of GrabImageRGBD(): 17.8576ms
Frame 45 end
Average processing time of GrabImageRGBD(): 17.7472ms
Frame 46 end
Average processing time of GrabImageRGBD(): 17.6306ms
Frame 47 end
Average processing time of GrabImageRGBD(): 17.4712ms
Frame 48 end
Average processing time of GrabImageRGBD(): 17.8241ms
Frame 49 end
Average processing time of GrabImageRGBD(): 17.6867ms
Frame 50 end
Average processing time of GrabImageRGBD(): 18.0066ms
Frame 51 end
Average processing time of GrabImageRGBD(): 17.9255ms
Frame 52 end
Average processing time of GrabImageRGBD(): 17.7461ms
Frame 53 end
Average processing time of GrabImageRGBD(): 17.6468ms
Frame 54 end
Average processing time of GrabImageRGBD(): 17.4756ms
Frame 55 end
Average processing time of GrabImageRGBD(): 17.7598ms
Frame 56 end
Average processing time of GrabImageRGBD(): 17.6831ms
Frame 57 end
Average processing time of GrabImageRGBD(): 17.5881ms
Frame 58 end
Average processing time of GrabImageRGBD(): 17.4863ms
Frame 59 end
Average processing time of GrabImageRGBD(): 17.3575ms
Frame 60 end
Average processing time of GrabImageRGBD(): 17.26ms
Frame 61 end
Average processing time of GrabImageRGBD(): 17.5016ms
Frame 62 end
Average processing time of GrabImageRGBD(): 17.3982ms
Frame 63 end
Average processing time of GrabImageRGBD(): 17.2586ms
Frame 64 end
Average processing time of GrabImageRGBD(): 17.1657ms
Frame 65 end
Average processing time of GrabImageRGBD(): 17.0434ms
Frame 66 end
Average processing time of GrabImageRGBD(): 16.9589ms
Frame 67 end
Average processing time of GrabImageRGBD(): 17.1769ms
Frame 68 end
Average processing time of GrabImageRGBD(): 17.0828ms
Frame 69 end
Average processing time of GrabImageRGBD(): 17.0258ms
Frame 70 end
Average processing time of GrabImageRGBD(): 16.9569ms
Frame 71 end
Average processing time of GrabImageRGBD(): 17.1361ms
Frame 72 end
Average processing time of GrabImageRGBD(): 17.0479ms
Frame 73 end
Average processing time of GrabImageRGBD(): 16.9365ms
Frame 74 end
Average processing time of GrabImageRGBD(): 17.0972ms
Frame 75 end
Average processing time of GrabImageRGBD(): 17.0307ms
Frame 76 end
Average processing time of GrabImageRGBD(): 16.9789ms
Frame 77 end
Average processing time of GrabImageRGBD(): 17.1614ms
Frame 78 end
Average processing time of GrabImageRGBD(): 17.0626ms
Frame 79 end
Average processing time of GrabImageRGBD(): 16.9633ms
Frame 80 end
Average processing time of GrabImageRGBD(): 17.1204ms
Frame 81 end
Average processing time of GrabImageRGBD(): 17.0488ms
Frame 82 end
Average processing time of GrabImageRGBD(): 16.9449ms
Frame 83 end
Average processing time of GrabImageRGBD(): 16.8603ms
Frame 84 end
Average processing time of GrabImageRGBD(): 17.0116ms
Frame 85 end
Average processing time of GrabImageRGBD(): 16.9643ms
Frame 86 end
Average processing time of GrabImageRGBD(): 16.8911ms
Frame 87 end
Average processing time of GrabImageRGBD(): 17.056ms
Frame 88 end
Average processing time of GrabImageRGBD(): 16.9885ms
Frame 89 end
Average processing time of GrabImageRGBD(): 16.9451ms
Frame 90 end
Average processing time of GrabImageRGBD(): 17.1965ms
Frame 91 end
Average processing time of GrabImageRGBD(): 17.1576ms
Frame 92 end
Average processing time of GrabImageRGBD(): 17.1094ms
Frame 93 end
Average processing time of GrabImageRGBD(): 17.2641ms
Frame 94 end
Average processing time of GrabImageRGBD(): 17.206ms
Frame 95 end
Average processing time of GrabImageRGBD(): 17.1441ms
Frame 96 end
Average processing time of GrabImageRGBD(): 17.3366ms
Frame 97 end
Average processing time of GrabImageRGBD(): 17.2957ms
Frame 98 end
Average processing time of GrabImageRGBD(): 17.2387ms
Frame 99 end
Average processing time of GrabImageRGBD(): 17.1903ms
Frame 100 end
Average processing time of GrabImageRGBD(): 17.3515ms
Frame 101 end
Average processing time of GrabImageRGBD(): 17.2799ms
Frame 102 end
Average processing time of GrabImageRGBD(): 17.2426ms
Frame 103 end
Average processing time of GrabImageRGBD(): 17.2072ms
Frame 104 end
Average processing time of GrabImageRGBD(): 17.3585ms
Frame 105 end
Average processing time of GrabImageRGBD(): 17.3206ms
Frame 106 end
Average processing time of GrabImageRGBD(): 17.2785ms
Frame 107 end
Average processing time of GrabImageRGBD(): 17.2443ms
Frame 108 end
Average processing time of GrabImageRGBD(): 17.4034ms
Frame 109 end
Average processing time of GrabImageRGBD(): 17.3427ms
Frame 110 end
Average processing time of GrabImageRGBD(): 17.3057ms
Frame 111 end
Average processing time of GrabImageRGBD(): 17.2589ms
Frame 112 end
Average processing time of GrabImageRGBD(): 17.3899ms
Frame 113 end
Average processing time of GrabImageRGBD(): 17.36ms
Frame 114 end
Average processing time of GrabImageRGBD(): 17.2944ms
Frame 115 end
Average processing time of GrabImageRGBD(): 17.2348ms
Frame 116 end
Average processing time of GrabImageRGBD(): 17.3834ms
Frame 117 end
Average processing time of GrabImageRGBD(): 17.3241ms
Frame 118 end
Average processing time of GrabImageRGBD(): 17.2651ms
Frame 119 end
Average processing time of GrabImageRGBD(): 17.2045ms
Frame 120 end
Average processing time of GrabImageRGBD(): 17.1405ms
Frame 121 end
Average processing time of GrabImageRGBD(): 17.2836ms
Frame 122 end
Average processing time of GrabImageRGBD(): 17.251ms
Frame 123 end
Average processing time of GrabImageRGBD(): 17.1806ms
Frame 124 end
Average processing time of GrabImageRGBD(): 17.1103ms
Frame 125 end
Average processing time of GrabImageRGBD(): 17.0749ms
Frame 126 end
Average processing time of GrabImageRGBD(): 17.2115ms
Frame 127 end
Average processing time of GrabImageRGBD(): 17.1663ms
Frame 128 end
Average processing time of GrabImageRGBD(): 17.1183ms
Frame 129 end
Average processing time of GrabImageRGBD(): 17.064ms
Frame 130 end
Average processing time of GrabImageRGBD(): 17.0236ms
Frame 131 end
Average processing time of GrabImageRGBD(): 17.1545ms
Frame 132 end
Average processing time of GrabImageRGBD(): 17.1018ms
Frame 133 end
Average processing time of GrabImageRGBD(): 17.0684ms
Frame 134 end
Average processing time of GrabImageRGBD(): 17.0269ms
Frame 135 end
Average processing time of GrabImageRGBD(): 17.1677ms
Frame 136 end
Average processing time of GrabImageRGBD(): 17.1147ms
Frame 137 end
Average processing time of GrabImageRGBD(): 17.0548ms
Frame 138 end
Average processing time of GrabImageRGBD(): 17.0153ms
Frame 139 end
Average processing time of GrabImageRGBD(): 17.1314ms
Frame 140 end
Average processing time of GrabImageRGBD(): 17.0832ms
Frame 141 end
Average processing time of GrabImageRGBD(): 17.0264ms
Frame 142 end
Average processing time of GrabImageRGBD(): 17.0243ms
Frame 143 end
Average processing time of GrabImageRGBD(): 17.0268ms
Frame 144 end
Average processing time of GrabImageRGBD(): 17.0322ms
Frame 145 end
Average processing time of GrabImageRGBD(): 17.0214ms
Frame 146 end
Average processing time of GrabImageRGBD(): 16.9737ms
Frame 147 end
Average processing time of GrabImageRGBD(): 17.0944ms
Frame 148 end
Average processing time of GrabImageRGBD(): 17.071ms
Frame 149 end
Average processing time of GrabImageRGBD(): 17.0317ms
Frame 150 end
Average processing time of GrabImageRGBD(): 17.0215ms
Frame 151 end
Average processing time of GrabImageRGBD(): 17.1116ms
Frame 152 end
Average processing time of GrabImageRGBD(): 17.0611ms
Frame 153 end
Average processing time of GrabImageRGBD(): 17.0446ms
Frame 154 end
Average processing time of GrabImageRGBD(): 17.024ms
Frame 155 end
Average processing time of GrabImageRGBD(): 16.9811ms
Frame 156 end
Average processing time of GrabImageRGBD(): 17.0958ms
Frame 157 end
Average processing time of GrabImageRGBD(): 17.0799ms
Frame 158 end
Average processing time of GrabImageRGBD(): 17.072ms
Frame 159 end
Average processing time of GrabImageRGBD(): 17.0664ms
Frame 160 end
Average processing time of GrabImageRGBD(): 17.0184ms
Frame 161 end
Average processing time of GrabImageRGBD(): 16.989ms
Frame 162 end
Average processing time of GrabImageRGBD(): 16.9834ms
Frame 163 end
Average processing time of GrabImageRGBD(): 16.9456ms
Frame 164 end
Average processing time of GrabImageRGBD(): 17.0655ms
Frame 165 end
Average processing time of GrabImageRGBD(): 17.0472ms
Frame 166 end
Average processing time of GrabImageRGBD(): 17.0327ms
Frame 167 end
Average processing time of GrabImageRGBD(): 17.2148ms
Frame 168 end
Average processing time of GrabImageRGBD(): 17.1806ms
Frame 169 end
Average processing time of GrabImageRGBD(): 17.1297ms
Frame 170 end
Average processing time of GrabImageRGBD(): 17.2444ms
Frame 171 end
Average processing time of GrabImageRGBD(): 17.2368ms
Frame 172 end
Average processing time of GrabImageRGBD(): 17.2043ms
Frame 173 end
Average processing time of GrabImageRGBD(): 17.3204ms
Frame 174 end
Average processing time of GrabImageRGBD(): 17.3ms
Frame 175 end
Average processing time of GrabImageRGBD(): 17.2792ms
Frame 176 end
Average processing time of GrabImageRGBD(): 17.3818ms
Frame 177 end
Average processing time of GrabImageRGBD(): 17.3559ms
Frame 178 end
Average processing time of GrabImageRGBD(): 17.321ms
Frame 179 end
Average processing time of GrabImageRGBD(): 17.3079ms
Frame 180 end
Average processing time of GrabImageRGBD(): 17.2841ms
Frame 181 end
Average processing time of GrabImageRGBD(): 17.2658ms
Frame 182 end
Average processing time of GrabImageRGBD(): 17.2443ms
Frame 183 end
Average processing time of GrabImageRGBD(): 17.3986ms
Frame 184 end
Average processing time of GrabImageRGBD(): 17.3814ms
Frame 185 end
Average processing time of GrabImageRGBD(): 17.3367ms
Frame 186 end
Average processing time of GrabImageRGBD(): 17.437ms
Frame 187 end
Average processing time of GrabImageRGBD(): 17.4253ms
Frame 188 end
Average processing time of GrabImageRGBD(): 17.4086ms
Frame 189 end
Average processing time of GrabImageRGBD(): 17.3927ms
Frame 190 end
Average processing time of GrabImageRGBD(): 17.3699ms
Frame 191 end
Average processing time of GrabImageRGBD(): 17.4641ms
Frame 192 end
Average processing time of GrabImageRGBD(): 17.4441ms
Frame 193 end
Average processing time of GrabImageRGBD(): 17.426ms
Frame 194 end
Average processing time of GrabImageRGBD(): 17.3966ms
Frame 195 end
Average processing time of GrabImageRGBD(): 17.4929ms
Frame 196 end
Average processing time of GrabImageRGBD(): 17.4765ms
Frame 197 end
Average processing time of GrabImageRGBD(): 17.4506ms
Frame 198 end
Average processing time of GrabImageRGBD(): 17.5446ms
Frame 199 end
Average processing time of GrabImageRGBD(): 17.5282ms
Frame 200 end
Average processing time of GrabImageRGBD(): 17.5068ms
Frame 201 end
Average processing time of GrabImageRGBD(): 17.6084ms
Frame 202 end
Average processing time of GrabImageRGBD(): 17.5898ms
Frame 203 end
Average processing time of GrabImageRGBD(): 17.5768ms
Frame 204 end
Average processing time of GrabImageRGBD(): 17.6705ms
Frame 205 end
Average processing time of GrabImageRGBD(): 17.6542ms
Frame 206 end
Average processing time of GrabImageRGBD(): 17.6343ms
Frame 207 end
Average processing time of GrabImageRGBD(): 17.5992ms
Frame 208 end
Average processing time of GrabImageRGBD(): 17.691ms
Frame 209 end
Average processing time of GrabImageRGBD(): 17.6735ms
Frame 210 end
Average processing time of GrabImageRGBD(): 17.6565ms
Frame 211 end
Average processing time of GrabImageRGBD(): 17.6357ms
Frame 212 end
Average processing time of GrabImageRGBD(): 17.7137ms
Frame 213 end
Average processing time of GrabImageRGBD(): 17.6876ms
Frame 214 end
Average processing time of GrabImageRGBD(): 17.6661ms
Frame 215 end
Average processing time of GrabImageRGBD(): 17.6591ms
Frame 216 end
Average processing time of GrabImageRGBD(): 17.6255ms
Frame 217 end
Average processing time of GrabImageRGBD(): 17.5945ms
Frame 218 end
Average processing time of GrabImageRGBD(): 17.6781ms
Frame 219 end
Average processing time of GrabImageRGBD(): 17.6532ms
Frame 220 end
Average processing time of GrabImageRGBD(): 17.6253ms
Frame 221 end
Average processing time of GrabImageRGBD(): 17.5934ms
Frame 222 end
Average processing time of GrabImageRGBD(): 17.6812ms
Frame 223 end
Average processing time of GrabImageRGBD(): 17.6519ms
Frame 224 end
Average processing time of GrabImageRGBD(): 17.6206ms
Frame 225 end
Average processing time of GrabImageRGBD(): 17.602ms
Frame 226 end
Average processing time of GrabImageRGBD(): 17.6795ms
Frame 227 end
Average processing time of GrabImageRGBD(): 17.6593ms
Frame 228 end
Average processing time of GrabImageRGBD(): 17.6433ms
Frame 229 end
Average processing time of GrabImageRGBD(): 17.6158ms
Frame 230 end
Average processing time of GrabImageRGBD(): 17.6962ms
Frame 231 end
Average processing time of GrabImageRGBD(): 17.6719ms
Frame 232 end
Average processing time of GrabImageRGBD(): 17.6514ms
Frame 233 end
Average processing time of GrabImageRGBD(): 17.6367ms
Frame 234 end
Average processing time of GrabImageRGBD(): 17.7132ms
Frame 235 end
Average processing time of GrabImageRGBD(): 17.6937ms
Frame 236 end
Average processing time of GrabImageRGBD(): 17.6662ms
Frame 237 end
Average processing time of GrabImageRGBD(): 17.6447ms
Frame 238 end
Average processing time of GrabImageRGBD(): 17.7543ms
Frame 239 end
Average processing time of GrabImageRGBD(): 17.7586ms
Frame 240 end
Average processing time of GrabImageRGBD(): 17.7505ms
Frame 241 end
Average processing time of GrabImageRGBD(): 17.7521ms
Frame 242 end
Average processing time of GrabImageRGBD(): 17.7393ms
Frame 243 end
Average processing time of GrabImageRGBD(): 17.826ms
Frame 244 end
Average processing time of GrabImageRGBD(): 17.8152ms
Frame 245 end
Average processing time of GrabImageRGBD(): 17.805ms
Frame 246 end
Average processing time of GrabImageRGBD(): 17.7958ms
Frame 247 end
Average processing time of GrabImageRGBD(): 17.7894ms
Frame 248 end
Average processing time of GrabImageRGBD(): 17.8833ms
Frame 249 end
Average processing time of GrabImageRGBD(): 17.8808ms
Frame 250 end
Average processing time of GrabImageRGBD(): 17.8759ms
Frame 251 end
Average processing time of GrabImageRGBD(): 17.8487ms
Frame 252 end
Average processing time of GrabImageRGBD(): 17.829ms
Frame 253 end
Average processing time of GrabImageRGBD(): 17.8309ms
Frame 254 end
Average processing time of GrabImageRGBD(): 17.8162ms
Frame 255 end
Average processing time of GrabImageRGBD(): 17.8078ms
Frame 256 end
Average processing time of GrabImageRGBD(): 17.9328ms
Frame 257 end
Average processing time of GrabImageRGBD(): 17.922ms
Frame 258 end
Average processing time of GrabImageRGBD(): 17.8939ms
Frame 259 end
Average processing time of GrabImageRGBD(): 17.8887ms
Frame 260 end
Average processing time of GrabImageRGBD(): 17.8751ms
Frame 261 end
Average processing time of GrabImageRGBD(): 17.8714ms
Frame 262 end
Average processing time of GrabImageRGBD(): 17.9671ms
Frame 263 end
Average processing time of GrabImageRGBD(): 17.9513ms
Frame 264 end
Average processing time of GrabImageRGBD(): 17.9299ms
Frame 265 end
Average processing time of GrabImageRGBD(): 17.9175ms
Frame 266 end
Average processing time of GrabImageRGBD(): 17.8819ms
Frame 267 end
Average processing time of GrabImageRGBD(): 17.8832ms
Frame 268 end
Average processing time of GrabImageRGBD(): 17.988ms
Frame 269 end
Average processing time of GrabImageRGBD(): 17.9761ms
Frame 270 end
Average processing time of GrabImageRGBD(): 17.9755ms
Frame 271 end
Average processing time of GrabImageRGBD(): 17.972ms
Frame 272 end
Average processing time of GrabImageRGBD(): 17.9569ms
Frame 273 end
Average processing time of GrabImageRGBD(): 17.9372ms
Frame 274 end
Average processing time of GrabImageRGBD(): 17.917ms
Frame 275 end
Average processing time of GrabImageRGBD(): 17.9789ms
Frame 276 end
Average processing time of GrabImageRGBD(): 17.9655ms
Frame 277 end
Average processing time of GrabImageRGBD(): 17.9484ms
Frame 278 end
Average processing time of GrabImageRGBD(): 17.94ms
Frame 279 end
Average processing time of GrabImageRGBD(): 17.9194ms
Frame 280 end
Average processing time of GrabImageRGBD(): 17.9024ms
Frame 281 end
Average processing time of GrabImageRGBD(): 17.9633ms
Frame 282 end
Average processing time of GrabImageRGBD(): 17.9501ms
Frame 283 end
Average processing time of GrabImageRGBD(): 17.9358ms
Frame 284 end
Average processing time of GrabImageRGBD(): 17.8969ms
Frame 285 end
Average processing time of GrabImageRGBD(): 17.8913ms
Frame 286 end
Average processing time of GrabImageRGBD(): 17.9909ms
Frame 287 end
Average processing time of GrabImageRGBD(): 17.9919ms
Frame 288 end
Average processing time of GrabImageRGBD(): 17.9861ms
Frame 289 end
Average processing time of GrabImageRGBD(): 17.9747ms
Frame 290 end
Average processing time of GrabImageRGBD(): 17.9673ms
Frame 291 end
Average processing time of GrabImageRGBD(): 17.9523ms
Frame 292 end
Average processing time of GrabImageRGBD(): 18.0208ms
Frame 293 end
Average processing time of GrabImageRGBD(): 18.005ms
Frame 294 end
Average processing time of GrabImageRGBD(): 17.9815ms
Frame 295 end
Average processing time of GrabImageRGBD(): 17.9587ms
Frame 296 end
Average processing time of GrabImageRGBD(): 17.9457ms
Frame 297 end
Average processing time of GrabImageRGBD(): 18.0168ms
Frame 298 end
Average processing time of GrabImageRGBD(): 18.0069ms
Frame 299 end
Average processing time of GrabImageRGBD(): 17.9871ms
Frame 300 end
Average processing time of GrabImageRGBD(): 17.9587ms
Frame 301 end
Average processing time of GrabImageRGBD(): 17.9417ms
Frame 302 end
Average processing time of GrabImageRGBD(): 17.9204ms
Frame 303 end
Average processing time of GrabImageRGBD(): 18.032ms
Frame 304 end
Average processing time of GrabImageRGBD(): 18.0183ms
Frame 305 end
Average processing time of GrabImageRGBD(): 17.9996ms
Frame 306 end
Average processing time of GrabImageRGBD(): 18.0148ms
Frame 307 end
Average processing time of GrabImageRGBD(): 17.9942ms
Frame 308 end
Average processing time of GrabImageRGBD(): 17.9827ms
Frame 309 end
Average processing time of GrabImageRGBD(): 18.0498ms
Frame 310 end
Average processing time of GrabImageRGBD(): 18.0324ms
Frame 311 end
Average processing time of GrabImageRGBD(): 18.0134ms
Frame 312 end
Average processing time of GrabImageRGBD(): 17.9946ms
Frame 313 end
Average processing time of GrabImageRGBD(): 17.9904ms
Frame 314 end
Average processing time of GrabImageRGBD(): 17.9851ms
Frame 315 end
Average processing time of GrabImageRGBD(): 18.0481ms
Frame 316 end
Average processing time of GrabImageRGBD(): 18.043ms
Frame 317 end
Average processing time of GrabImageRGBD(): 18.0249ms
Frame 318 end
Average processing time of GrabImageRGBD(): 17.9969ms
Frame 319 end
Average processing time of GrabImageRGBD(): 17.9809ms
Frame 320 end
Average processing time of GrabImageRGBD(): 17.9656ms
Frame 321 end
Average processing time of GrabImageRGBD(): 18.0567ms
Frame 322 end
Average processing time of GrabImageRGBD(): 18.0493ms
Frame 323 end
Average processing time of GrabImageRGBD(): 18.0287ms
Frame 324 end
Average processing time of GrabImageRGBD(): 18.0126ms
Frame 325 end
Average processing time of GrabImageRGBD(): 17.9973ms
Frame 326 end
Average processing time of GrabImageRGBD(): 17.9769ms
Frame 327 end
Average processing time of GrabImageRGBD(): 17.9626ms
Frame 328 end
Average processing time of GrabImageRGBD(): 17.9241ms
Frame 329 end
Average processing time of GrabImageRGBD(): 17.8803ms
Frame 330 end
Average processing time of GrabImageRGBD(): 17.8379ms
Frame 331 end
Average processing time of GrabImageRGBD(): 17.813ms
Frame 332 end
Average processing time of GrabImageRGBD(): 17.7894ms
Frame 333 end
Average processing time of GrabImageRGBD(): 17.7466ms
Frame 334 end
Average processing time of GrabImageRGBD(): 17.7226ms
Frame 335 end
Average processing time of GrabImageRGBD(): 17.6864ms
Frame 336 end
Average processing time of GrabImageRGBD(): 17.7192ms
Frame 337 end
Average processing time of GrabImageRGBD(): 17.6863ms
Frame 338 end
Average processing time of GrabImageRGBD(): 17.6428ms
Frame 339 end
Average processing time of GrabImageRGBD(): 17.606ms
Frame 340 end
Average processing time of GrabImageRGBD(): 17.5723ms
Frame 341 end
Average processing time of GrabImageRGBD(): 17.5435ms
Frame 342 end
Average processing time of GrabImageRGBD(): 17.5803ms
Frame 343 end
Average processing time of GrabImageRGBD(): 17.5497ms
Frame 344 end
Average processing time of GrabImageRGBD(): 17.5081ms
Frame 345 end
Average processing time of GrabImageRGBD(): 17.4708ms
Frame 346 end
Average processing time of GrabImageRGBD(): 17.4342ms
Frame 347 end
Average processing time of GrabImageRGBD(): 17.4076ms
Frame 348 end
Average processing time of GrabImageRGBD(): 17.4382ms
Frame 349 end
Average processing time of GrabImageRGBD(): 17.4086ms
Frame 350 end
Average processing time of GrabImageRGBD(): 17.3688ms
Frame 351 end
Average processing time of GrabImageRGBD(): 17.3428ms
Frame 352 end
Average processing time of GrabImageRGBD(): 17.3159ms
Frame 353 end
Average processing time of GrabImageRGBD(): 17.277ms
Frame 354 end
Average processing time of GrabImageRGBD(): 17.3109ms
Frame 355 end
Average processing time of GrabImageRGBD(): 17.2838ms
Frame 356 end
Average processing time of GrabImageRGBD(): 17.244ms
Frame 357 end
Average processing time of GrabImageRGBD(): 17.2119ms
Frame 358 end
Average processing time of GrabImageRGBD(): 17.1845ms
Frame 359 end
Average processing time of GrabImageRGBD(): 17.1514ms
Frame 360 end
Average processing time of GrabImageRGBD(): 17.188ms
Frame 361 end
Average processing time of GrabImageRGBD(): 17.1629ms
Frame 362 end
Average processing time of GrabImageRGBD(): 17.1239ms
Frame 363 end
Average processing time of GrabImageRGBD(): 17.101ms
Frame 364 end
Average processing time of GrabImageRGBD(): 17.068ms
Frame 365 end
Average processing time of GrabImageRGBD(): 17.0313ms
Frame 366 end
Average processing time of GrabImageRGBD(): 16.9982ms
Frame 367 end
Average processing time of GrabImageRGBD(): 17.0278ms
Frame 368 end
Average processing time of GrabImageRGBD(): 16.9946ms
Frame 369 end
Average processing time of GrabImageRGBD(): 16.9622ms
Frame 370 end
Average processing time of GrabImageRGBD(): 16.9294ms
Frame 371 end
Average processing time of GrabImageRGBD(): 16.905ms
Frame 372 end
Average processing time of GrabImageRGBD(): 16.881ms
Frame 373 end
Average processing time of GrabImageRGBD(): 16.8549ms
Frame 374 end
Average processing time of GrabImageRGBD(): 16.8931ms
Frame 375 end
Average processing time of GrabImageRGBD(): 16.8646ms
Frame 376 end
Average processing time of GrabImageRGBD(): 16.8296ms
Frame 377 end
Average processing time of GrabImageRGBD(): 16.8095ms
Frame 378 end
Average processing time of GrabImageRGBD(): 16.7894ms
Frame 379 end
Average processing time of GrabImageRGBD(): 16.7685ms
Frame 380 end
Average processing time of GrabImageRGBD(): 16.7485ms
Frame 381 end
Average processing time of GrabImageRGBD(): 16.7872ms
Frame 382 end
Average processing time of GrabImageRGBD(): 16.7674ms
Frame 383 end
Average processing time of GrabImageRGBD(): 16.7463ms
Frame 384 end
Average processing time of GrabImageRGBD(): 16.7258ms
Frame 385 end
Average processing time of GrabImageRGBD(): 16.7033ms
Frame 386 end
Average processing time of GrabImageRGBD(): 16.6816ms
Frame 387 end
Average processing time of GrabImageRGBD(): 16.6592ms
Frame 388 end
Average processing time of GrabImageRGBD(): 16.6907ms
Frame 389 end
Average processing time of GrabImageRGBD(): 16.6756ms
Frame 390 end
Average processing time of GrabImageRGBD(): 16.6416ms
Frame 391 end
Average processing time of GrabImageRGBD(): 16.6188ms
Frame 392 end
Average processing time of GrabImageRGBD(): 16.5939ms
Frame 393 end
Average processing time of GrabImageRGBD(): 16.5743ms
Frame 394 end
Average processing time of GrabImageRGBD(): 16.5416ms
Frame 395 end
Average processing time of GrabImageRGBD(): 16.5806ms
Frame 396 end
Average processing time of GrabImageRGBD(): 16.5502ms
Frame 397 end
Average processing time of GrabImageRGBD(): 16.5316ms
Frame 398 end
Average processing time of GrabImageRGBD(): 16.5136ms
Frame 399 end
Average processing time of GrabImageRGBD(): 16.4913ms
Frame 400 end
Average processing time of GrabImageRGBD(): 16.4615ms
Frame 401 end
Average processing time of GrabImageRGBD(): 16.4396ms
Frame 402 end
Average processing time of GrabImageRGBD(): 16.4773ms
Frame 403 end
Average processing time of GrabImageRGBD(): 16.4479ms
Frame 404 end
Average processing time of GrabImageRGBD(): 16.416ms
Frame 405 end
Average processing time of GrabImageRGBD(): 16.395ms
Frame 406 end
Average processing time of GrabImageRGBD(): 16.3628ms
Frame 407 end
Average processing time of GrabImageRGBD(): 16.3348ms
Frame 408 end
Average processing time of GrabImageRGBD(): 16.3032ms
Frame 409 end
Average processing time of GrabImageRGBD(): 16.3396ms
Frame 410 end
Average processing time of GrabImageRGBD(): 16.3241ms
Frame 411 end
Average processing time of GrabImageRGBD(): 16.2942ms
Frame 412 end
Average processing time of GrabImageRGBD(): 16.2623ms
Frame 413 end
Average processing time of GrabImageRGBD(): 16.2318ms
Frame 414 end
Average processing time of GrabImageRGBD(): 16.2115ms
Frame 415 end
Average processing time of GrabImageRGBD(): 16.1805ms
Frame 416 end
Average processing time of GrabImageRGBD(): 16.2307ms
Frame 417 end
Average processing time of GrabImageRGBD(): 16.2107ms
Frame 418 end
Average processing time of GrabImageRGBD(): 16.1881ms
Frame 419 end
Average processing time of GrabImageRGBD(): 16.1622ms
Frame 420 end
Average processing time of GrabImageRGBD(): 16.1449ms
Frame 421 end
Average processing time of GrabImageRGBD(): 16.1282ms
Frame 422 end
Average processing time of GrabImageRGBD(): 16.1103ms
Frame 423 end
Average processing time of GrabImageRGBD(): 16.15ms
Frame 424 end
Average processing time of GrabImageRGBD(): 16.1368ms
Frame 425 end
Average processing time of GrabImageRGBD(): 16.1084ms
Frame 426 end
Average processing time of GrabImageRGBD(): 16.0802ms
Frame 427 end
Average processing time of GrabImageRGBD(): 16.0592ms
Frame 428 end
Average processing time of GrabImageRGBD(): 16.0377ms
Frame 429 end
Average processing time of GrabImageRGBD(): 16.0111ms
Frame 430 end
Average processing time of GrabImageRGBD(): 16.0438ms
Frame 431 end
Average processing time of GrabImageRGBD(): 16.0202ms
Frame 432 end
Average processing time of GrabImageRGBD(): 16.003ms
Frame 433 end
Average processing time of GrabImageRGBD(): 15.9861ms
Frame 434 end
Average processing time of GrabImageRGBD(): 15.964ms
Frame 435 end
Average processing time of GrabImageRGBD(): 15.9361ms
Frame 436 end
Average processing time of GrabImageRGBD(): 15.9178ms
Frame 437 end
Average processing time of GrabImageRGBD(): 15.9464ms
Frame 438 end
Average processing time of GrabImageRGBD(): 15.9336ms
Frame 439 end
Average processing time of GrabImageRGBD(): 15.9191ms
Frame 440 end
Average processing time of GrabImageRGBD(): 15.8915ms
Frame 441 end
Average processing time of GrabImageRGBD(): 15.8765ms
Frame 442 end
Average processing time of GrabImageRGBD(): 15.8488ms
Frame 443 end
Average processing time of GrabImageRGBD(): 15.8211ms
Frame 444 end
Average processing time of GrabImageRGBD(): 15.8524ms
Frame 445 end
Average processing time of GrabImageRGBD(): 15.841ms
Frame 446 end
Average processing time of GrabImageRGBD(): 15.8141ms
Frame 447 end
Average processing time of GrabImageRGBD(): 15.7998ms
Frame 448 end
Average processing time of GrabImageRGBD(): 15.7724ms
Frame 449 end
Average processing time of GrabImageRGBD(): 15.7468ms
Frame 450 end
Average processing time of GrabImageRGBD(): 15.7812ms
Frame 451 end
Average processing time of GrabImageRGBD(): 15.7701ms
Frame 452 end
Average processing time of GrabImageRGBD(): 15.7639ms
Frame 453 end
Average processing time of GrabImageRGBD(): 15.7429ms
Frame 454 end
Average processing time of GrabImageRGBD(): 15.7181ms
Frame 455 end
Average processing time of GrabImageRGBD(): 15.6942ms
Frame 456 end
Average processing time of GrabImageRGBD(): 15.6681ms
Frame 457 end
Average processing time of GrabImageRGBD(): 15.702ms
Frame 458 end
Average processing time of GrabImageRGBD(): 15.6905ms
Frame 459 end
Average processing time of GrabImageRGBD(): 15.6741ms
Frame 460 end
Average processing time of GrabImageRGBD(): 15.655ms
Frame 461 end
Average processing time of GrabImageRGBD(): 15.6362ms
Frame 462 end
Average processing time of GrabImageRGBD(): 15.617ms
Frame 463 end
Average processing time of GrabImageRGBD(): 15.6473ms
Frame 464 end
Average processing time of GrabImageRGBD(): 15.6379ms
Frame 465 end
Average processing time of GrabImageRGBD(): 15.6272ms
Frame 466 end
Average processing time of GrabImageRGBD(): 15.6036ms
Frame 467 end
Average processing time of GrabImageRGBD(): 15.5835ms
Frame 468 end
Average processing time of GrabImageRGBD(): 15.5586ms
Frame 469 end
Average processing time of GrabImageRGBD(): 15.5363ms
Frame 470 end
Average processing time of GrabImageRGBD(): 15.5655ms
Frame 471 end
Average processing time of GrabImageRGBD(): 15.5532ms
Frame 472 end
Average processing time of GrabImageRGBD(): 15.5364ms
Frame 473 end
Average processing time of GrabImageRGBD(): 15.5141ms
Frame 474 end
Average processing time of GrabImageRGBD(): 15.4979ms
Frame 475 end
Average processing time of GrabImageRGBD(): 15.4794ms
Frame 476 end
Average processing time of GrabImageRGBD(): 15.461ms
Frame 477 end
Average processing time of GrabImageRGBD(): 15.4925ms
Frame 478 end
Average processing time of GrabImageRGBD(): 15.469ms
Frame 479 end
Average processing time of GrabImageRGBD(): 15.4574ms
Frame 480 end
Average processing time of GrabImageRGBD(): 15.4371ms
Frame 481 end
Average processing time of GrabImageRGBD(): 15.4136ms
Frame 482 end
Average processing time of GrabImageRGBD(): 15.3897ms
Frame 483 end
Average processing time of GrabImageRGBD(): 15.3651ms
Frame 484 end
Average processing time of GrabImageRGBD(): 15.4028ms
Frame 485 end
Average processing time of GrabImageRGBD(): 15.3909ms
Frame 486 end
Average processing time of GrabImageRGBD(): 15.379ms
Frame 487 end
Average processing time of GrabImageRGBD(): 15.3648ms
Frame 488 end
Average processing time of GrabImageRGBD(): 15.3508ms
Frame 489 end
Average processing time of GrabImageRGBD(): 15.3358ms
Frame 490 end
Average processing time of GrabImageRGBD(): 15.3217ms
Frame 491 end
Average processing time of GrabImageRGBD(): 15.3492ms
Frame 492 end
Average processing time of GrabImageRGBD(): 15.3371ms
Frame 493 end
Average processing time of GrabImageRGBD(): 15.3137ms
Frame 494 end
Average processing time of GrabImageRGBD(): 15.2944ms
Frame 495 end
Average processing time of GrabImageRGBD(): 15.2715ms
Frame 496 end
Average processing time of GrabImageRGBD(): 15.2471ms
Frame 497 end
Average processing time of GrabImageRGBD(): 15.2299ms
Frame 498 end
Average processing time of GrabImageRGBD(): 15.2593ms
Frame 499 end
Average processing time of GrabImageRGBD(): 15.2457ms
Frame 500 end
Average processing time of GrabImageRGBD(): 15.2258ms
Frame 501 end
Average processing time of GrabImageRGBD(): 15.2037ms
Frame 502 end
Average processing time of GrabImageRGBD(): 15.186ms
Frame 503 end
Average processing time of GrabImageRGBD(): 15.1664ms
Frame 504 end
Average processing time of GrabImageRGBD(): 15.1447ms
Frame 505 end
Average processing time of GrabImageRGBD(): 15.1863ms
Frame 506 end
Average processing time of GrabImageRGBD(): 15.1646ms
Frame 507 end
Average processing time of GrabImageRGBD(): 15.1419ms
Frame 508 end
Average processing time of GrabImageRGBD(): 15.1489ms
Frame 509 end
Average processing time of GrabImageRGBD(): 15.1295ms
Frame 510 end
Average processing time of GrabImageRGBD(): 15.1573ms
Frame 511 end
Average processing time of GrabImageRGBD(): 15.1455ms
Frame 512 end
Average processing time of GrabImageRGBD(): 15.1253ms
Frame 513 end
Average processing time of GrabImageRGBD(): 15.1661ms
Frame 514 end
Average processing time of GrabImageRGBD(): 15.1445ms
Frame 515 end
Average processing time of GrabImageRGBD(): 15.1308ms
Frame 516 end
Average processing time of GrabImageRGBD(): 15.1152ms
Frame 517 end
Average processing time of GrabImageRGBD(): 15.0919ms
Frame 518 end
Average processing time of GrabImageRGBD(): 15.0753ms
Frame 519 end
Average processing time of GrabImageRGBD(): 15.1074ms
Frame 520 end
Average processing time of GrabImageRGBD(): 15.0966ms
Frame 521 end
Average processing time of GrabImageRGBD(): 15.0805ms
Frame 522 end
Average processing time of GrabImageRGBD(): 15.0577ms
Frame 523 end
Average processing time of GrabImageRGBD(): 15.0352ms
Frame 524 end
Average processing time of GrabImageRGBD(): 15.0166ms
Frame 525 end
Average processing time of GrabImageRGBD(): 14.994ms
Frame 526 end
Average processing time of GrabImageRGBD(): 15.0226ms
Frame 527 end
Average processing time of GrabImageRGBD(): 15.0045ms
Frame 528 end
Average processing time of GrabImageRGBD(): 14.9901ms
Frame 529 end
Average processing time of GrabImageRGBD(): 14.9761ms
Frame 530 end
Average processing time of GrabImageRGBD(): 14.9565ms
Frame 531 end
Average processing time of GrabImageRGBD(): 14.9343ms
Frame 532 end
Average processing time of GrabImageRGBD(): 14.9622ms
Frame 533 end
Average processing time of GrabImageRGBD(): 14.955ms
Frame 534 end
Average processing time of GrabImageRGBD(): 14.9427ms
Frame 535 end
Average processing time of GrabImageRGBD(): 14.9322ms
Frame 536 end
Average processing time of GrabImageRGBD(): 14.9137ms
Frame 537 end
Average processing time of GrabImageRGBD(): 14.9015ms
Frame 538 end
Average processing time of GrabImageRGBD(): 14.8839ms
Frame 539 end
Average processing time of GrabImageRGBD(): 14.9107ms
Frame 540 end
Average processing time of GrabImageRGBD(): 14.9033ms
Frame 541 end
Average processing time of GrabImageRGBD(): 14.8871ms
Frame 542 end
Average processing time of GrabImageRGBD(): 14.8773ms
Frame 543 end
Average processing time of GrabImageRGBD(): 14.867ms
Frame 544 end
Average processing time of GrabImageRGBD(): 14.8559ms
Frame 545 end
Average processing time of GrabImageRGBD(): 14.8448ms
Frame 546 end
Average processing time of GrabImageRGBD(): 14.8338ms
Frame 547 end
Average processing time of GrabImageRGBD(): 14.8223ms
Frame 548 end
Average processing time of GrabImageRGBD(): 14.8107ms
Frame 549 end
Average processing time of GrabImageRGBD(): 14.7903ms
Frame 550 end
Average processing time of GrabImageRGBD(): 14.7794ms
Frame 551 end
Average processing time of GrabImageRGBD(): 14.7685ms
Frame 552 end
Average processing time of GrabImageRGBD(): 14.7483ms
Frame 553 end
Average processing time of GrabImageRGBD(): 14.7325ms
Frame 554 end
Average processing time of GrabImageRGBD(): 14.7122ms
Frame 555 end
Average processing time of GrabImageRGBD(): 14.7012ms
Frame 556 end
Average processing time of GrabImageRGBD(): 14.6856ms
Frame 557 end
Average processing time of GrabImageRGBD(): 14.6646ms
Frame 558 end
Average processing time of GrabImageRGBD(): 14.6514ms
Frame 559 end
Average processing time of GrabImageRGBD(): 14.6371ms
Frame 560 end
Average processing time of GrabImageRGBD(): 14.617ms
Frame 561 end
Average processing time of GrabImageRGBD(): 14.5967ms
Frame 562 end
Average processing time of GrabImageRGBD(): 14.5786ms
Frame 563 end
Average processing time of GrabImageRGBD(): 14.5676ms
Frame 564 end
Average processing time of GrabImageRGBD(): 14.5569ms
Frame 565 end
Average processing time of GrabImageRGBD(): 14.5372ms
Frame 566 end
Shutdown
-------

median tracking time: 0.012338
mean tracking time: 0.0153785

Saving camera trajectory to CameraTrajectory.txt ...

Saving keyframe trajectory to KeyFrameTrajectory.txt ...
