
ORB-SLAM3 Copyright (C) 2017-2020 Carlos Campos, Richard Elvira, Juan J. Gómez, José M.M. Montiel and Juan D. Tardós, University of Zaragoza.
ORB-SLAM2 Copyright (C) 2014-2016 Raúl Mur-Artal, José M.M. Montiel and Juan D. Tardós, University of Zaragoza.
This program comes with ABSOLUTELY NO WARRANTY;
This is free software, and you are welcome to redistribute it
under certain conditions. See LICENSE.txt.

Input sensor was set to: RGB-D
Loading settings from /home/bingxin/Downloads/NGD-SLAM/Examples/RGB-D/Bonn.yaml
Camera1.k3 optional parameter does not exist...
	-Loaded camera 1
Camera.newHeight optional parameter does not exist...
Camera.newWidth optional parameter does not exist...
	-Loaded image info
	-Loaded RGB-D calibration
	-Loaded ORB settings
Viewer.imageViewScale optional parameter does not exist...
	-Loaded viewer settings
System.LoadAtlasFromFile optional parameter does not exist...
System.SaveAtlasToFile optional parameter does not exist...
	-Loaded Atlas settings
System.thFarPoints optional parameter does not exist...
	-Loaded misc parameters
----------------------------------
SLAM settings: 
	-Camera 1 parameters (Pinhole): [ 542.823 542.577 315.594 237.756 ]
	-Camera 1 distortion parameters: [  0.039903 -0.099343 -0.00073 -0.000144 ]
	-Original image size: [ 640 , 480 ]
	-Current image size: [ 640 , 480 ]
	-Sequence FPS: 30
	-RGB-D depth map factor: 5000
	-Features per image: 1000
	-ORB scale factor: 1.2
	-ORB number of scales: 8
	-Initial FAST threshold: 20
	-Min FAST threshold: 7


Loading ORB Vocabulary. This could take a while...
Vocabulary loaded!

Initialization of Atlas from scratch 
Creation of new map with id: 0
Creation of new map with last KF id: 0
Seq. Name: 
There are 1 cameras in the atlas
Camera 0 is pinhole
Net use yolo-fastest

-------
Start processing sequence ...
Images in the sequence: 590

First KF:0; Map init KF:0
New Map created with 951 points
Average processing time of GrabImageRGBD(): 43.2538ms
Frame 0 end
Average processing time of GrabImageRGBD(): 36.4566ms
Frame 1 end
Average processing time of GrabImageRGBD(): 32.6007ms
Frame 2 end
Average processing time of GrabImageRGBD(): 27.5329ms
Frame 3 end
Average processing time of GrabImageRGBD(): 23.7637ms
Frame 4 end
Average processing time of GrabImageRGBD(): 20.3055ms
Frame 5 end
Starting the Viewer
Average processing time of GrabImageRGBD(): 17.9004ms
Frame 6 end
Average processing time of GrabImageRGBD(): 17.0199ms
Frame 7 end
Average processing time of GrabImageRGBD(): 15.5656ms
Frame 8 end
Average processing time of GrabImageRGBD(): 16.7194ms
Frame 9 end
Average processing time of GrabImageRGBD(): 18.2971ms
Frame 10 end
Average processing time of GrabImageRGBD(): 17.0755ms
Frame 11 end
Average processing time of GrabImageRGBD(): 16.0657ms
Frame 12 end
Average processing time of GrabImageRGBD(): 15.8946ms
Frame 13 end
Average processing time of GrabImageRGBD(): 16.814ms
Frame 14 end
Average processing time of GrabImageRGBD(): 16.4572ms
Frame 15 end
Average processing time of GrabImageRGBD(): 16.0753ms
Frame 16 end
Average processing time of GrabImageRGBD(): 16.9832ms
Frame 17 end
Average processing time of GrabImageRGBD(): 16.3248ms
Frame 18 end
Average processing time of GrabImageRGBD(): 15.7116ms
Frame 19 end
Average processing time of GrabImageRGBD(): 16.3942ms
Frame 20 end
Average processing time of GrabImageRGBD(): 16.1652ms
Frame 21 end
Average processing time of GrabImageRGBD(): 15.5982ms
Frame 22 end
Average processing time of GrabImageRGBD(): 16.2068ms
Frame 23 end
Average processing time of GrabImageRGBD(): 16.0286ms
Frame 24 end
Average processing time of GrabImageRGBD(): 15.5404ms
Frame 25 end
Average processing time of GrabImageRGBD(): 16.072ms
Frame 26 end
Average processing time of GrabImageRGBD(): 15.8775ms
Frame 27 end
Average processing time of GrabImageRGBD(): 15.4519ms
Frame 28 end
Average processing time of GrabImageRGBD(): 15.2455ms
Frame 29 end
Average processing time of GrabImageRGBD(): 15.0537ms
Frame 30 end
Average processing time of GrabImageRGBD(): 14.6853ms
Frame 31 end
Average processing time of GrabImageRGBD(): 14.4687ms
Frame 32 end
Average processing time of GrabImageRGBD(): 14.1894ms
Frame 33 end
Average processing time of GrabImageRGBD(): 13.9181ms
Frame 34 end
Average processing time of GrabImageRGBD(): 13.7861ms
Frame 35 end
Average processing time of GrabImageRGBD(): 13.6738ms
Frame 36 end
Average processing time of GrabImageRGBD(): 13.397ms
Frame 37 end
Average processing time of GrabImageRGBD(): 13.9106ms
Frame 38 end
Average processing time of GrabImageRGBD(): 13.7769ms
Frame 39 end
Average processing time of GrabImageRGBD(): 14.1464ms
Frame 40 end
Average processing time of GrabImageRGBD(): 14.0381ms
Frame 41 end
Average processing time of GrabImageRGBD(): 14.3028ms
Frame 42 end
Average processing time of GrabImageRGBD(): 14.2013ms
Frame 43 end
Average processing time of GrabImageRGBD(): 14.4687ms
Frame 44 end
Average processing time of GrabImageRGBD(): 14.3553ms
Frame 45 end
Average processing time of GrabImageRGBD(): 14.1155ms
Frame 46 end
Average processing time of GrabImageRGBD(): 13.9979ms
Frame 47 end
Average processing time of GrabImageRGBD(): 13.8963ms
Frame 48 end
Average processing time of GrabImageRGBD(): 13.6792ms
Frame 49 end
Average processing time of GrabImageRGBD(): 13.5926ms
Frame 50 end
Average processing time of GrabImageRGBD(): 13.382ms
Frame 51 end
Average processing time of GrabImageRGBD(): 13.6859ms
Frame 52 end
Average processing time of GrabImageRGBD(): 13.6176ms
Frame 53 end
Average processing time of GrabImageRGBD(): 13.4253ms
Frame 54 end
Average processing time of GrabImageRGBD(): 13.3416ms
Frame 55 end
Average processing time of GrabImageRGBD(): 13.5523ms
Frame 56 end
Average processing time of GrabImageRGBD(): 13.4859ms
Frame 57 end
Average processing time of GrabImageRGBD(): 13.3868ms
Frame 58 end
Average processing time of GrabImageRGBD(): 13.7021ms
Frame 59 end
Average processing time of GrabImageRGBD(): 13.5342ms
Frame 60 end
Average processing time of GrabImageRGBD(): 13.3662ms
Frame 61 end
Average processing time of GrabImageRGBD(): 13.5535ms
Frame 62 end
Average processing time of GrabImageRGBD(): 13.4327ms
Frame 63 end
Average processing time of GrabImageRGBD(): 13.2653ms
Frame 64 end
Average processing time of GrabImageRGBD(): 13.5028ms
Frame 65 end
Average processing time of GrabImageRGBD(): 13.4491ms
Frame 66 end
Average processing time of GrabImageRGBD(): 13.297ms
Frame 67 end
Average processing time of GrabImageRGBD(): 13.1872ms
Frame 68 end
Average processing time of GrabImageRGBD(): 13.0694ms
Frame 69 end
Average processing time of GrabImageRGBD(): 12.9522ms
Frame 70 end
Average processing time of GrabImageRGBD(): 12.8818ms
Frame 71 end
Average processing time of GrabImageRGBD(): 13.0872ms
Frame 72 end
Average processing time of GrabImageRGBD(): 13.0277ms
Frame 73 end
Average processing time of GrabImageRGBD(): 12.8925ms
Frame 74 end
Average processing time of GrabImageRGBD(): 12.802ms
Frame 75 end
Average processing time of GrabImageRGBD(): 13.0369ms
Frame 76 end
Average processing time of GrabImageRGBD(): 12.9457ms
Frame 77 end
Average processing time of GrabImageRGBD(): 12.8286ms
Frame 78 end
Average processing time of GrabImageRGBD(): 13.0233ms
Frame 79 end
Average processing time of GrabImageRGBD(): 12.9908ms
Frame 80 end
Average processing time of GrabImageRGBD(): 12.8721ms
Frame 81 end
Average processing time of GrabImageRGBD(): 12.801ms
Frame 82 end
Average processing time of GrabImageRGBD(): 12.6936ms
Frame 83 end
Average processing time of GrabImageRGBD(): 12.6497ms
Frame 84 end
Average processing time of GrabImageRGBD(): 12.5374ms
Frame 85 end
Average processing time of GrabImageRGBD(): 12.7358ms
Frame 86 end
Average processing time of GrabImageRGBD(): 12.6434ms
Frame 87 end
Average processing time of GrabImageRGBD(): 12.5724ms
Frame 88 end
Average processing time of GrabImageRGBD(): 12.4779ms
Frame 89 end
Average processing time of GrabImageRGBD(): 12.3771ms
Frame 90 end
Average processing time of GrabImageRGBD(): 12.2978ms
Frame 91 end
Average processing time of GrabImageRGBD(): 12.2028ms
Frame 92 end
Average processing time of GrabImageRGBD(): 12.1058ms
Frame 93 end
Average processing time of GrabImageRGBD(): 12.2911ms
Frame 94 end
Average processing time of GrabImageRGBD(): 12.2695ms
Frame 95 end
Average processing time of GrabImageRGBD(): 12.1845ms
Frame 96 end
Average processing time of GrabImageRGBD(): 12.1393ms
Frame 97 end
Average processing time of GrabImageRGBD(): 12.3366ms
Frame 98 end
Average processing time of GrabImageRGBD(): 12.3024ms
Frame 99 end
Average processing time of GrabImageRGBD(): 12.2137ms
Frame 100 end
Average processing time of GrabImageRGBD(): 12.1344ms
Frame 101 end
Average processing time of GrabImageRGBD(): 12.0793ms
Frame 102 end
Average processing time of GrabImageRGBD(): 12.057ms
Frame 103 end
Average processing time of GrabImageRGBD(): 12.2378ms
Frame 104 end
Average processing time of GrabImageRGBD(): 12.1594ms
Frame 105 end
Average processing time of GrabImageRGBD(): 12.0835ms
Frame 106 end
Average processing time of GrabImageRGBD(): 12.0544ms
Frame 107 end
Average processing time of GrabImageRGBD(): 12.0226ms
Frame 108 end
Average processing time of GrabImageRGBD(): 11.9439ms
Frame 109 end
Average processing time of GrabImageRGBD(): 11.9092ms
Frame 110 end
Average processing time of GrabImageRGBD(): 12.1174ms
Frame 111 end
Average processing time of GrabImageRGBD(): 12.0985ms
Frame 112 end
Average processing time of GrabImageRGBD(): 12.0788ms
Frame 113 end
Average processing time of GrabImageRGBD(): 12.0284ms
Frame 114 end
Average processing time of GrabImageRGBD(): 12.1681ms
Frame 115 end
Average processing time of GrabImageRGBD(): 12.1594ms
Frame 116 end
Average processing time of GrabImageRGBD(): 12.099ms
Frame 117 end
Average processing time of GrabImageRGBD(): 12.0459ms
Frame 118 end
Average processing time of GrabImageRGBD(): 12.2053ms
Frame 119 end
Average processing time of GrabImageRGBD(): 12.1926ms
Frame 120 end
Average processing time of GrabImageRGBD(): 12.1178ms
Frame 121 end
Average processing time of GrabImageRGBD(): 12.0797ms
Frame 122 end
Average processing time of GrabImageRGBD(): 12.2244ms
Frame 123 end
Average processing time of GrabImageRGBD(): 12.2043ms
Frame 124 end
Average processing time of GrabImageRGBD(): 12.1332ms
Frame 125 end
Average processing time of GrabImageRGBD(): 12.0734ms
Frame 126 end
Average processing time of GrabImageRGBD(): 12.2095ms
Frame 127 end
Average processing time of GrabImageRGBD(): 12.1491ms
Frame 128 end
Average processing time of GrabImageRGBD(): 12.0966ms
Frame 129 end
Average processing time of GrabImageRGBD(): 12.0636ms
Frame 130 end
Average processing time of GrabImageRGBD(): 12.1966ms
Frame 131 end
Average processing time of GrabImageRGBD(): 12.1944ms
Frame 132 end
Average processing time of GrabImageRGBD(): 12.1325ms
Frame 133 end
Average processing time of GrabImageRGBD(): 12.1001ms
Frame 134 end
Average processing time of GrabImageRGBD(): 12.2246ms
Frame 135 end
Average processing time of GrabImageRGBD(): 12.2151ms
Frame 136 end
Average processing time of GrabImageRGBD(): 12.154ms
Frame 137 end
Average processing time of GrabImageRGBD(): 12.1227ms
Frame 138 end
Average processing time of GrabImageRGBD(): 12.1143ms
Frame 139 end
Average processing time of GrabImageRGBD(): 12.0963ms
Frame 140 end
Average processing time of GrabImageRGBD(): 12.0313ms
Frame 141 end
Average processing time of GrabImageRGBD(): 12.0112ms
Frame 142 end
Average processing time of GrabImageRGBD(): 11.9551ms
Frame 143 end
Average processing time of GrabImageRGBD(): 11.9352ms
Frame 144 end
Average processing time of GrabImageRGBD(): 11.915ms
Frame 145 end
Average processing time of GrabImageRGBD(): 12.027ms
Frame 146 end
Average processing time of GrabImageRGBD(): 11.975ms
Frame 147 end
Average processing time of GrabImageRGBD(): 11.9172ms
Frame 148 end
Average processing time of GrabImageRGBD(): 11.904ms
Frame 149 end
Average processing time of GrabImageRGBD(): 11.8899ms
Frame 150 end
Average processing time of GrabImageRGBD(): 11.8347ms
Frame 151 end
Average processing time of GrabImageRGBD(): 11.8146ms
Frame 152 end
Average processing time of GrabImageRGBD(): 11.7739ms
Frame 153 end
Average processing time of GrabImageRGBD(): 11.7307ms
Frame 154 end
Average processing time of GrabImageRGBD(): 11.6777ms
Frame 155 end
Average processing time of GrabImageRGBD(): 11.627ms
Frame 156 end
Average processing time of GrabImageRGBD(): 11.5798ms
Frame 157 end
Average processing time of GrabImageRGBD(): 11.5373ms
Frame 158 end
Average processing time of GrabImageRGBD(): 11.5121ms
Frame 159 end
Average processing time of GrabImageRGBD(): 11.4654ms
Frame 160 end
Average processing time of GrabImageRGBD(): 11.4439ms
Frame 161 end
Average processing time of GrabImageRGBD(): 11.5635ms
Frame 162 end
Average processing time of GrabImageRGBD(): 11.5585ms
Frame 163 end
Average processing time of GrabImageRGBD(): 11.5105ms
Frame 164 end
Average processing time of GrabImageRGBD(): 11.4849ms
Frame 165 end
Average processing time of GrabImageRGBD(): 11.4725ms
Frame 166 end
Average processing time of GrabImageRGBD(): 11.4565ms
Frame 167 end
Average processing time of GrabImageRGBD(): 11.4435ms
Frame 168 end
Average processing time of GrabImageRGBD(): 11.5848ms
Frame 169 end
Average processing time of GrabImageRGBD(): 11.5683ms
Frame 170 end
Average processing time of GrabImageRGBD(): 11.5745ms
Frame 171 end
Average processing time of GrabImageRGBD(): 11.5429ms
Frame 172 end
Average processing time of GrabImageRGBD(): 11.534ms
Frame 173 end
Average processing time of GrabImageRGBD(): 11.6396ms
Frame 174 end
Average processing time of GrabImageRGBD(): 11.6302ms
Frame 175 end
Average processing time of GrabImageRGBD(): 11.5819ms
Frame 176 end
Average processing time of GrabImageRGBD(): 11.5363ms
Frame 177 end
Average processing time of GrabImageRGBD(): 11.4922ms
Frame 178 end
Average processing time of GrabImageRGBD(): 11.4479ms
Frame 179 end
Average processing time of GrabImageRGBD(): 11.433ms
Frame 180 end
Average processing time of GrabImageRGBD(): 11.4317ms
Frame 181 end
Average processing time of GrabImageRGBD(): 11.5429ms
Frame 182 end
Average processing time of GrabImageRGBD(): 11.5022ms
Frame 183 end
Average processing time of GrabImageRGBD(): 11.4966ms
Frame 184 end
Average processing time of GrabImageRGBD(): 11.4915ms
Frame 185 end
Average processing time of GrabImageRGBD(): 11.4858ms
Frame 186 end
Average processing time of GrabImageRGBD(): 11.5869ms
Frame 187 end
Average processing time of GrabImageRGBD(): 11.5995ms
Frame 188 end
Average processing time of GrabImageRGBD(): 11.5997ms
Frame 189 end
Average processing time of GrabImageRGBD(): 11.5982ms
Frame 190 end
Average processing time of GrabImageRGBD(): 11.5833ms
Frame 191 end
Average processing time of GrabImageRGBD(): 11.5424ms
Frame 192 end
Average processing time of GrabImageRGBD(): 11.5413ms
Frame 193 end
Average processing time of GrabImageRGBD(): 11.5295ms
Frame 194 end
Average processing time of GrabImageRGBD(): 11.5295ms
Frame 195 end
Average processing time of GrabImageRGBD(): 11.5314ms
Frame 196 end
Average processing time of GrabImageRGBD(): 11.4893ms
Frame 197 end
Average processing time of GrabImageRGBD(): 11.6156ms
Frame 198 end
Average processing time of GrabImageRGBD(): 11.6014ms
Frame 199 end
Average processing time of GrabImageRGBD(): 11.5603ms
Frame 200 end
Average processing time of GrabImageRGBD(): 11.5209ms
Frame 201 end
Average processing time of GrabImageRGBD(): 11.4901ms
Frame 202 end
Average processing time of GrabImageRGBD(): 11.4929ms
Frame 203 end
Average processing time of GrabImageRGBD(): 11.5978ms
Frame 204 end
Average processing time of GrabImageRGBD(): 11.5984ms
Frame 205 end
Average processing time of GrabImageRGBD(): 11.6149ms
Frame 206 end
Average processing time of GrabImageRGBD(): 11.6236ms
Frame 207 end
Average processing time of GrabImageRGBD(): 11.6342ms
Frame 208 end
Average processing time of GrabImageRGBD(): 11.639ms
Frame 209 end
Average processing time of GrabImageRGBD(): 11.6474ms
Frame 210 end
Average processing time of GrabImageRGBD(): 11.6529ms
Frame 211 end
Average processing time of GrabImageRGBD(): 11.653ms
Frame 212 end
Average processing time of GrabImageRGBD(): 11.7764ms
Frame 213 end
Average processing time of GrabImageRGBD(): 11.7902ms
Frame 214 end
Average processing time of GrabImageRGBD(): 11.8018ms
Frame 215 end
Average processing time of GrabImageRGBD(): 11.8155ms
Frame 216 end
Average processing time of GrabImageRGBD(): 11.932ms
Frame 217 end
Average processing time of GrabImageRGBD(): 11.9453ms
Frame 218 end
Average processing time of GrabImageRGBD(): 11.9476ms
Frame 219 end
Average processing time of GrabImageRGBD(): 11.9343ms
Frame 220 end
Average processing time of GrabImageRGBD(): 12.0447ms
Frame 221 end
Average processing time of GrabImageRGBD(): 12.0548ms
Frame 222 end
Average processing time of GrabImageRGBD(): 12.0653ms
Frame 223 end
Average processing time of GrabImageRGBD(): 12.0672ms
Frame 224 end
Average processing time of GrabImageRGBD(): 12.1667ms
Frame 225 end
Average processing time of GrabImageRGBD(): 12.1748ms
Frame 226 end
Average processing time of GrabImageRGBD(): 12.1784ms
Frame 227 end
Average processing time of GrabImageRGBD(): 12.3259ms
Frame 228 end
Average processing time of GrabImageRGBD(): 12.3245ms
Frame 229 end
Average processing time of GrabImageRGBD(): 12.3467ms
Frame 230 end
Average processing time of GrabImageRGBD(): 12.3524ms
Frame 231 end
Average processing time of GrabImageRGBD(): 12.4555ms
Frame 232 end
Average processing time of GrabImageRGBD(): 12.464ms
Frame 233 end
Average processing time of GrabImageRGBD(): 12.4742ms
Frame 234 end
Average processing time of GrabImageRGBD(): 12.4789ms
Frame 235 end
Average processing time of GrabImageRGBD(): 12.4836ms
Frame 236 end
Average processing time of GrabImageRGBD(): 12.5725ms
Frame 237 end
Average processing time of GrabImageRGBD(): 12.5745ms
Frame 238 end
Average processing time of GrabImageRGBD(): 12.5707ms
Frame 239 end
Average processing time of GrabImageRGBD(): 12.571ms
Frame 240 end
Average processing time of GrabImageRGBD(): 12.6603ms
Frame 241 end
Average processing time of GrabImageRGBD(): 12.6639ms
Frame 242 end
Average processing time of GrabImageRGBD(): 12.6645ms
Frame 243 end
Average processing time of GrabImageRGBD(): 12.6707ms
Frame 244 end
Average processing time of GrabImageRGBD(): 12.7605ms
Frame 245 end
Average processing time of GrabImageRGBD(): 12.7584ms
Frame 246 end
Average processing time of GrabImageRGBD(): 12.763ms
Frame 247 end
Average processing time of GrabImageRGBD(): 12.7432ms
Frame 248 end
Average processing time of GrabImageRGBD(): 12.8385ms
Frame 249 end
Average processing time of GrabImageRGBD(): 12.8398ms
Frame 250 end
Average processing time of GrabImageRGBD(): 12.8399ms
Frame 251 end
Average processing time of GrabImageRGBD(): 12.8395ms
Frame 252 end
Average processing time of GrabImageRGBD(): 12.8347ms
Frame 253 end
Average processing time of GrabImageRGBD(): 12.9212ms
Frame 254 end
Average processing time of GrabImageRGBD(): 12.9241ms
Frame 255 end
Average processing time of GrabImageRGBD(): 12.9241ms
Frame 256 end
Average processing time of GrabImageRGBD(): 12.9183ms
Frame 257 end
Average processing time of GrabImageRGBD(): 12.9192ms
Frame 258 end
Average processing time of GrabImageRGBD(): 12.9077ms
Frame 259 end
Average processing time of GrabImageRGBD(): 12.9056ms
Frame 260 end
Average processing time of GrabImageRGBD(): 12.9019ms
Frame 261 end
Average processing time of GrabImageRGBD(): 12.9869ms
Frame 262 end
Average processing time of GrabImageRGBD(): 12.9928ms
Frame 263 end
Average processing time of GrabImageRGBD(): 12.9887ms
Frame 264 end
Average processing time of GrabImageRGBD(): 12.9599ms
Frame 265 end
Average processing time of GrabImageRGBD(): 12.9556ms
Frame 266 end
Average processing time of GrabImageRGBD(): 12.9429ms
Frame 267 end
Average processing time of GrabImageRGBD(): 13.0583ms
Frame 268 end
Average processing time of GrabImageRGBD(): 13.0631ms
Frame 269 end
Average processing time of GrabImageRGBD(): 13.0653ms
Frame 270 end
Average processing time of GrabImageRGBD(): 13.0669ms
Frame 271 end
Average processing time of GrabImageRGBD(): 13.1503ms
Frame 272 end
Average processing time of GrabImageRGBD(): 13.1475ms
Frame 273 end
Average processing time of GrabImageRGBD(): 13.1466ms
Frame 274 end
Average processing time of GrabImageRGBD(): 13.1455ms
Frame 275 end
Average processing time of GrabImageRGBD(): 13.1318ms
Frame 276 end
Average processing time of GrabImageRGBD(): 13.1244ms
Frame 277 end
Average processing time of GrabImageRGBD(): 13.2026ms
Frame 278 end
Average processing time of GrabImageRGBD(): 13.1889ms
Frame 279 end
Average processing time of GrabImageRGBD(): 13.1864ms
Frame 280 end
Average processing time of GrabImageRGBD(): 13.1884ms
Frame 281 end
Average processing time of GrabImageRGBD(): 13.1808ms
Frame 282 end
Average processing time of GrabImageRGBD(): 13.1788ms
Frame 283 end
Average processing time of GrabImageRGBD(): 13.2457ms
Frame 284 end
Average processing time of GrabImageRGBD(): 13.2395ms
Frame 285 end
Average processing time of GrabImageRGBD(): 13.2393ms
Frame 286 end
Average processing time of GrabImageRGBD(): 13.2329ms
Frame 287 end
Average processing time of GrabImageRGBD(): 13.2329ms
Frame 288 end
Average processing time of GrabImageRGBD(): 13.237ms
Frame 289 end
Average processing time of GrabImageRGBD(): 13.3083ms
Frame 290 end
Average processing time of GrabImageRGBD(): 13.308ms
Frame 291 end
Average processing time of GrabImageRGBD(): 13.2992ms
Frame 292 end
Average processing time of GrabImageRGBD(): 13.2968ms
Frame 293 end
Average processing time of GrabImageRGBD(): 13.2754ms
Frame 294 end
Average processing time of GrabImageRGBD(): 13.2745ms
Frame 295 end
Average processing time of GrabImageRGBD(): 13.3478ms
Frame 296 end
Average processing time of GrabImageRGBD(): 13.3465ms
Frame 297 end
Average processing time of GrabImageRGBD(): 13.346ms
Frame 298 end
Average processing time of GrabImageRGBD(): 13.3396ms
Frame 299 end
Average processing time of GrabImageRGBD(): 13.337ms
Frame 300 end
Average processing time of GrabImageRGBD(): 13.3302ms
Frame 301 end
Average processing time of GrabImageRGBD(): 13.3924ms
Frame 302 end
Average processing time of GrabImageRGBD(): 13.393ms
Frame 303 end
Average processing time of GrabImageRGBD(): 13.3878ms
Frame 304 end
Average processing time of GrabImageRGBD(): 13.3873ms
Frame 305 end
Average processing time of GrabImageRGBD(): 13.3781ms
Frame 306 end
Average processing time of GrabImageRGBD(): 13.378ms
Frame 307 end
Average processing time of GrabImageRGBD(): 13.3811ms
Frame 308 end
Average processing time of GrabImageRGBD(): 13.4502ms
Frame 309 end
Average processing time of GrabImageRGBD(): 13.4554ms
Frame 310 end
Average processing time of GrabImageRGBD(): 13.4537ms
Frame 311 end
Average processing time of GrabImageRGBD(): 13.4414ms
Frame 312 end
Average processing time of GrabImageRGBD(): 13.4435ms
Frame 313 end
Average processing time of GrabImageRGBD(): 13.4548ms
Frame 314 end
Average processing time of GrabImageRGBD(): 13.4497ms
Frame 315 end
Average processing time of GrabImageRGBD(): 13.5264ms
Frame 316 end
Average processing time of GrabImageRGBD(): 13.5449ms
Frame 317 end
Average processing time of GrabImageRGBD(): 13.6209ms
Frame 318 end
Average processing time of GrabImageRGBD(): 13.7018ms
Frame 319 end
Average processing time of GrabImageRGBD(): 13.7789ms
Frame 320 end
Average processing time of GrabImageRGBD(): 13.8301ms
Frame 321 end
Average processing time of GrabImageRGBD(): 13.9046ms
Frame 322 end
Average processing time of GrabImageRGBD(): 13.96ms
Frame 323 end
Average processing time of GrabImageRGBD(): 14.0108ms
Frame 324 end
Average processing time of GrabImageRGBD(): 14.0646ms
Frame 325 end
Average processing time of GrabImageRGBD(): 14.116ms
Frame 326 end
Average processing time of GrabImageRGBD(): 14.162ms
Frame 327 end
Average processing time of GrabImageRGBD(): 14.2166ms
Frame 328 end
Average processing time of GrabImageRGBD(): 14.2648ms
Frame 329 end
Average processing time of GrabImageRGBD(): 14.3064ms
Frame 330 end
Average processing time of GrabImageRGBD(): 14.2761ms
Frame 331 end
Average processing time of GrabImageRGBD(): 14.3222ms
Frame 332 end
Average processing time of GrabImageRGBD(): 14.2907ms
Frame 333 end
Average processing time of GrabImageRGBD(): 14.3356ms
Frame 334 end
Average processing time of GrabImageRGBD(): 14.3087ms
Frame 335 end
Average processing time of GrabImageRGBD(): 14.2758ms
Frame 336 end
Average processing time of GrabImageRGBD(): 14.3168ms
Frame 337 end
Average processing time of GrabImageRGBD(): 14.3626ms
Frame 338 end
Average processing time of GrabImageRGBD(): 14.4118ms
Frame 339 end
Average processing time of GrabImageRGBD(): 14.3832ms
Frame 340 end
Average processing time of GrabImageRGBD(): 14.3604ms
Frame 341 end
Average processing time of GrabImageRGBD(): 14.3361ms
Frame 342 end
Average processing time of GrabImageRGBD(): 14.3775ms
Frame 343 end
Average processing time of GrabImageRGBD(): 14.3464ms
Frame 344 end
Average processing time of GrabImageRGBD(): 14.322ms
Frame 345 end
Average processing time of GrabImageRGBD(): 14.2974ms
Frame 346 end
Average processing time of GrabImageRGBD(): 14.2703ms
Frame 347 end
Average processing time of GrabImageRGBD(): 14.2447ms
Frame 348 end
Average processing time of GrabImageRGBD(): 14.2192ms
Frame 349 end
Average processing time of GrabImageRGBD(): 14.2573ms
Frame 350 end
Average processing time of GrabImageRGBD(): 14.2273ms
Frame 351 end
Average processing time of GrabImageRGBD(): 14.1966ms
Frame 352 end
Average processing time of GrabImageRGBD(): 14.1739ms
Frame 353 end
Average processing time of GrabImageRGBD(): 14.1538ms
Frame 354 end
Average processing time of GrabImageRGBD(): 14.1331ms
Frame 355 end
Average processing time of GrabImageRGBD(): 14.1066ms
Frame 356 end
Average processing time of GrabImageRGBD(): 14.0828ms
Frame 357 end
Average processing time of GrabImageRGBD(): 14.1478ms
Frame 358 end
Average processing time of GrabImageRGBD(): 14.1266ms
Frame 359 end
Average processing time of GrabImageRGBD(): 14.1043ms
Frame 360 end
Average processing time of GrabImageRGBD(): 14.0829ms
Frame 361 end
Average processing time of GrabImageRGBD(): 14.0535ms
Frame 362 end
Average processing time of GrabImageRGBD(): 14.0258ms
Frame 363 end
Average processing time of GrabImageRGBD(): 14.0663ms
Frame 364 end
Average processing time of GrabImageRGBD(): 14.0456ms
Frame 365 end
Average processing time of GrabImageRGBD(): 14.0216ms
Frame 366 end
Average processing time of GrabImageRGBD(): 14.0623ms
Frame 367 end
Average processing time of GrabImageRGBD(): 14.0388ms
Frame 368 end
Average processing time of GrabImageRGBD(): 14.017ms
Frame 369 end
Average processing time of GrabImageRGBD(): 13.9876ms
Frame 370 end
Average processing time of GrabImageRGBD(): 13.9655ms
Frame 371 end
Average processing time of GrabImageRGBD(): 13.9423ms
Frame 372 end
Average processing time of GrabImageRGBD(): 13.9137ms
Frame 373 end
Average processing time of GrabImageRGBD(): 13.8906ms
Frame 374 end
Average processing time of GrabImageRGBD(): 13.8639ms
Frame 375 end
Average processing time of GrabImageRGBD(): 13.8407ms
Frame 376 end
Average processing time of GrabImageRGBD(): 13.8758ms
Frame 377 end
Average processing time of GrabImageRGBD(): 13.8545ms
Frame 378 end
Average processing time of GrabImageRGBD(): 13.8371ms
Frame 379 end
Average processing time of GrabImageRGBD(): 13.9191ms
Frame 380 end
Average processing time of GrabImageRGBD(): 13.9156ms
Frame 381 end
Average processing time of GrabImageRGBD(): 13.8961ms
Frame 382 end
Average processing time of GrabImageRGBD(): 13.9425ms
Frame 383 end
Average processing time of GrabImageRGBD(): 13.9331ms
Frame 384 end
Average processing time of GrabImageRGBD(): 13.9051ms
Frame 385 end
Average processing time of GrabImageRGBD(): 13.8769ms
Frame 386 end
Average processing time of GrabImageRGBD(): 13.8496ms
Frame 387 end
Average processing time of GrabImageRGBD(): 13.8296ms
Frame 388 end
Average processing time of GrabImageRGBD(): 13.8088ms
Frame 389 end
Average processing time of GrabImageRGBD(): 13.8549ms
Frame 390 end
Average processing time of GrabImageRGBD(): 13.8358ms
Frame 391 end
Average processing time of GrabImageRGBD(): 13.8181ms
Frame 392 end
Average processing time of GrabImageRGBD(): 13.792ms
Frame 393 end
Average processing time of GrabImageRGBD(): 13.7734ms
Frame 394 end
Average processing time of GrabImageRGBD(): 13.7537ms
Frame 395 end
Average processing time of GrabImageRGBD(): 13.804ms
Frame 396 end
Average processing time of GrabImageRGBD(): 13.7904ms
Frame 397 end
Average processing time of GrabImageRGBD(): 13.7675ms
Frame 398 end
Average processing time of GrabImageRGBD(): 13.7413ms
Frame 399 end
Average processing time of GrabImageRGBD(): 13.7873ms
Frame 400 end
Average processing time of GrabImageRGBD(): 13.7794ms
Frame 401 end
Average processing time of GrabImageRGBD(): 13.8277ms
Frame 402 end
Average processing time of GrabImageRGBD(): 13.8194ms
Frame 403 end
Average processing time of GrabImageRGBD(): 13.8584ms
Frame 404 end
Average processing time of GrabImageRGBD(): 13.8398ms
Frame 405 end
Average processing time of GrabImageRGBD(): 13.8829ms
Frame 406 end
Average processing time of GrabImageRGBD(): 13.8688ms
Frame 407 end
Average processing time of GrabImageRGBD(): 13.9086ms
Frame 408 end
Average processing time of GrabImageRGBD(): 13.8983ms
Frame 409 end
Average processing time of GrabImageRGBD(): 13.8768ms
Frame 410 end
Average processing time of GrabImageRGBD(): 13.9191ms
Frame 411 end
Average processing time of GrabImageRGBD(): 13.9102ms
Frame 412 end
Average processing time of GrabImageRGBD(): 13.8919ms
Frame 413 end
Average processing time of GrabImageRGBD(): 13.9355ms
Frame 414 end
Average processing time of GrabImageRGBD(): 13.9306ms
Frame 415 end
Average processing time of GrabImageRGBD(): 13.9181ms
Frame 416 end
Average processing time of GrabImageRGBD(): 13.9033ms
Frame 417 end
Average processing time of GrabImageRGBD(): 13.8801ms
Frame 418 end
Average processing time of GrabImageRGBD(): 13.8551ms
Frame 419 end
Average processing time of GrabImageRGBD(): 13.8929ms
Frame 420 end
Average processing time of GrabImageRGBD(): 13.8849ms
Frame 421 end
Average processing time of GrabImageRGBD(): 13.861ms
Frame 422 end
Average processing time of GrabImageRGBD(): 13.8432ms
Frame 423 end
Average processing time of GrabImageRGBD(): 13.8184ms
Frame 424 end
Average processing time of GrabImageRGBD(): 13.8578ms
Frame 425 end
Average processing time of GrabImageRGBD(): 13.8443ms
Frame 426 end
Average processing time of GrabImageRGBD(): 13.8221ms
Frame 427 end
Average processing time of GrabImageRGBD(): 13.797ms
Frame 428 end
Average processing time of GrabImageRGBD(): 13.7717ms
Frame 429 end
Average processing time of GrabImageRGBD(): 13.8107ms
Frame 430 end
Average processing time of GrabImageRGBD(): 13.8078ms
Frame 431 end
Average processing time of GrabImageRGBD(): 13.7843ms
Frame 432 end
Average processing time of GrabImageRGBD(): 13.7637ms
Frame 433 end
Average processing time of GrabImageRGBD(): 13.7476ms
Frame 434 end
Average processing time of GrabImageRGBD(): 13.783ms
Frame 435 end
Average processing time of GrabImageRGBD(): 13.7799ms
Frame 436 end
Average processing time of GrabImageRGBD(): 13.7699ms
Frame 437 end
Average processing time of GrabImageRGBD(): 13.7532ms
Frame 438 end
Average processing time of GrabImageRGBD(): 13.7291ms
Frame 439 end
Average processing time of GrabImageRGBD(): 13.7648ms
Frame 440 end
Average processing time of GrabImageRGBD(): 13.7639ms
Frame 441 end
Average processing time of GrabImageRGBD(): 13.7439ms
Frame 442 end
Average processing time of GrabImageRGBD(): 13.7268ms
Frame 443 end
Average processing time of GrabImageRGBD(): 13.7086ms
Frame 444 end
Average processing time of GrabImageRGBD(): 13.7437ms
Frame 445 end
Average processing time of GrabImageRGBD(): 13.7387ms
Frame 446 end
Average processing time of GrabImageRGBD(): 13.7168ms
Frame 447 end
Average processing time of GrabImageRGBD(): 13.6974ms
Frame 448 end
Average processing time of GrabImageRGBD(): 13.7289ms
Frame 449 end
Average processing time of GrabImageRGBD(): 13.7109ms
Frame 450 end
Average processing time of GrabImageRGBD(): 13.692ms
Frame 451 end
Average processing time of GrabImageRGBD(): 13.6695ms
Frame 452 end
Average processing time of GrabImageRGBD(): 13.7051ms
Frame 453 end
Average processing time of GrabImageRGBD(): 13.6875ms
Frame 454 end
Average processing time of GrabImageRGBD(): 13.6768ms
Frame 455 end
Average processing time of GrabImageRGBD(): 13.654ms
Frame 456 end
Average processing time of GrabImageRGBD(): 13.6314ms
Frame 457 end
Average processing time of GrabImageRGBD(): 13.6889ms
Frame 458 end
Average processing time of GrabImageRGBD(): 13.6881ms
Frame 459 end
Average processing time of GrabImageRGBD(): 13.6789ms
Frame 460 end
Average processing time of GrabImageRGBD(): 13.6573ms
Frame 461 end
Average processing time of GrabImageRGBD(): 13.6893ms
Frame 462 end
Average processing time of GrabImageRGBD(): 13.6721ms
Frame 463 end
Average processing time of GrabImageRGBD(): 13.6627ms
Frame 464 end
Average processing time of GrabImageRGBD(): 13.6403ms
Frame 465 end
Average processing time of GrabImageRGBD(): 13.6766ms
Frame 466 end
Average processing time of GrabImageRGBD(): 13.6647ms
Frame 467 end
Average processing time of GrabImageRGBD(): 13.6444ms
Frame 468 end
Average processing time of GrabImageRGBD(): 13.623ms
Frame 469 end
Average processing time of GrabImageRGBD(): 13.6096ms
Frame 470 end
Average processing time of GrabImageRGBD(): 13.6456ms
Frame 471 end
Average processing time of GrabImageRGBD(): 13.6514ms
Frame 472 end
Average processing time of GrabImageRGBD(): 13.6468ms
Frame 473 end
Average processing time of GrabImageRGBD(): 13.6401ms
Frame 474 end
Average processing time of GrabImageRGBD(): 13.6209ms
Frame 475 end
Average processing time of GrabImageRGBD(): 13.6555ms
Frame 476 end
Average processing time of GrabImageRGBD(): 13.6535ms
Frame 477 end
Average processing time of GrabImageRGBD(): 13.6344ms
Frame 478 end
Average processing time of GrabImageRGBD(): 13.6198ms
Frame 479 end
Average processing time of GrabImageRGBD(): 13.6003ms
Frame 480 end
Average processing time of GrabImageRGBD(): 13.6322ms
Frame 481 end
Average processing time of GrabImageRGBD(): 13.6355ms
Frame 482 end
Average processing time of GrabImageRGBD(): 13.6234ms
Frame 483 end
Average processing time of GrabImageRGBD(): 13.611ms
Frame 484 end
Average processing time of GrabImageRGBD(): 13.5983ms
Frame 485 end
Average processing time of GrabImageRGBD(): 13.6324ms
Frame 486 end
Average processing time of GrabImageRGBD(): 13.6235ms
Frame 487 end
Average processing time of GrabImageRGBD(): 13.6083ms
Frame 488 end
Average processing time of GrabImageRGBD(): 13.5886ms
Frame 489 end
Average processing time of GrabImageRGBD(): 13.5683ms
Frame 490 end
Average processing time of GrabImageRGBD(): 13.5476ms
Frame 491 end
Average processing time of GrabImageRGBD(): 13.5269ms
Frame 492 end
Average processing time of GrabImageRGBD(): 13.5097ms
Frame 493 end
Average processing time of GrabImageRGBD(): 13.5496ms
Frame 494 end
Average processing time of GrabImageRGBD(): 13.5357ms
Frame 495 end
Average processing time of GrabImageRGBD(): 13.5268ms
Frame 496 end
Average processing time of GrabImageRGBD(): 13.5191ms
Frame 497 end
Average processing time of GrabImageRGBD(): 13.4995ms
Frame 498 end
Average processing time of GrabImageRGBD(): 13.5398ms
Frame 499 end
Average processing time of GrabImageRGBD(): 13.5366ms
Frame 500 end
Average processing time of GrabImageRGBD(): 13.5305ms
Frame 501 end
Average processing time of GrabImageRGBD(): 13.518ms
Frame 502 end
Average processing time of GrabImageRGBD(): 13.4988ms
Frame 503 end
Average processing time of GrabImageRGBD(): 13.5346ms
Frame 504 end
Average processing time of GrabImageRGBD(): 13.5322ms
Frame 505 end
Average processing time of GrabImageRGBD(): 13.5259ms
Frame 506 end
Average processing time of GrabImageRGBD(): 13.5199ms
Frame 507 end
Average processing time of GrabImageRGBD(): 13.512ms
Frame 508 end
Average processing time of GrabImageRGBD(): 13.5422ms
Frame 509 end
Average processing time of GrabImageRGBD(): 13.5394ms
Frame 510 end
Average processing time of GrabImageRGBD(): 13.5356ms
Frame 511 end
Average processing time of GrabImageRGBD(): 13.5295ms
Frame 512 end
Average processing time of GrabImageRGBD(): 13.5162ms
Frame 513 end
Average processing time of GrabImageRGBD(): 13.5583ms
Frame 514 end
Average processing time of GrabImageRGBD(): 13.5666ms
Frame 515 end
Average processing time of GrabImageRGBD(): 13.5956ms
Frame 516 end
Average processing time of GrabImageRGBD(): 13.5937ms
Frame 517 end
Average processing time of GrabImageRGBD(): 13.5869ms
Frame 518 end
Average processing time of GrabImageRGBD(): 13.5752ms
Frame 519 end
Average processing time of GrabImageRGBD(): 13.5607ms
Frame 520 end
Average processing time of GrabImageRGBD(): 13.5901ms
Frame 521 end
Average processing time of GrabImageRGBD(): 13.5963ms
Frame 522 end
Average processing time of GrabImageRGBD(): 13.5782ms
Frame 523 end
Average processing time of GrabImageRGBD(): 13.56ms
Frame 524 end
Average processing time of GrabImageRGBD(): 13.546ms
Frame 525 end
Average processing time of GrabImageRGBD(): 13.5751ms
Frame 526 end
Average processing time of GrabImageRGBD(): 13.5665ms
Frame 527 end
Average processing time of GrabImageRGBD(): 13.5519ms
Frame 528 end
Average processing time of GrabImageRGBD(): 13.5378ms
Frame 529 end
Average processing time of GrabImageRGBD(): 13.5189ms
Frame 530 end
Average processing time of GrabImageRGBD(): 13.5452ms
Frame 531 end
Average processing time of GrabImageRGBD(): 13.5484ms
Frame 532 end
Average processing time of GrabImageRGBD(): 13.5424ms
Frame 533 end
Average processing time of GrabImageRGBD(): 13.5323ms
Frame 534 end
Average processing time of GrabImageRGBD(): 13.5189ms
Frame 535 end
Average processing time of GrabImageRGBD(): 13.5492ms
Frame 536 end
Average processing time of GrabImageRGBD(): 13.5607ms
Frame 537 end
Average processing time of GrabImageRGBD(): 13.5466ms
Frame 538 end
Average processing time of GrabImageRGBD(): 13.5294ms
Frame 539 end
Average processing time of GrabImageRGBD(): 13.5104ms
Frame 540 end
Average processing time of GrabImageRGBD(): 13.5427ms
Frame 541 end
Average processing time of GrabImageRGBD(): 13.5417ms
Frame 542 end
Average processing time of GrabImageRGBD(): 13.5356ms
Frame 543 end
Average processing time of GrabImageRGBD(): 13.5191ms
Frame 544 end
Average processing time of GrabImageRGBD(): 13.5026ms
Frame 545 end
Average processing time of GrabImageRGBD(): 13.4893ms
Frame 546 end
Average processing time of GrabImageRGBD(): 13.521ms
Frame 547 end
Average processing time of GrabImageRGBD(): 13.5223ms
Frame 548 end
Average processing time of GrabImageRGBD(): 13.5062ms
Frame 549 end
Average processing time of GrabImageRGBD(): 13.4976ms
Frame 550 end
Average processing time of GrabImageRGBD(): 13.4794ms
Frame 551 end
Average processing time of GrabImageRGBD(): 13.461ms
Frame 552 end
Average processing time of GrabImageRGBD(): 13.4911ms
Frame 553 end
Average processing time of GrabImageRGBD(): 13.4957ms
Frame 554 end
Average processing time of GrabImageRGBD(): 13.4891ms
Frame 555 end
Average processing time of GrabImageRGBD(): 13.4809ms
Frame 556 end
Average processing time of GrabImageRGBD(): 13.4699ms
Frame 557 end
Average processing time of GrabImageRGBD(): 13.4587ms
Frame 558 end
Average processing time of GrabImageRGBD(): 13.4876ms
Frame 559 end
Average processing time of GrabImageRGBD(): 13.4911ms
Frame 560 end
Average processing time of GrabImageRGBD(): 13.4846ms
Frame 561 end
Average processing time of GrabImageRGBD(): 13.4687ms
Frame 562 end
Average processing time of GrabImageRGBD(): 13.4569ms
Frame 563 end
Average processing time of GrabImageRGBD(): 13.4896ms
Frame 564 end
Average processing time of GrabImageRGBD(): 13.4949ms
Frame 565 end
Average processing time of GrabImageRGBD(): 13.48ms
Frame 566 end
Average processing time of GrabImageRGBD(): 13.4693ms
Frame 567 end
Average processing time of GrabImageRGBD(): 13.4572ms
Frame 568 end
Average processing time of GrabImageRGBD(): 13.4397ms
Frame 569 end
Average processing time of GrabImageRGBD(): 13.4869ms
Frame 570 end
Average processing time of GrabImageRGBD(): 13.4881ms
Frame 571 end
Average processing time of GrabImageRGBD(): 13.471ms
Frame 572 end
Average processing time of GrabImageRGBD(): 13.4538ms
Frame 573 end
Average processing time of GrabImageRGBD(): 13.444ms
Frame 574 end
Average processing time of GrabImageRGBD(): 13.4308ms
Frame 575 end
Average processing time of GrabImageRGBD(): 13.463ms
Frame 576 end
Average processing time of GrabImageRGBD(): 13.4674ms
Frame 577 end
Average processing time of GrabImageRGBD(): 13.4503ms
Frame 578 end
Average processing time of GrabImageRGBD(): 13.4446ms
Frame 579 end
Average processing time of GrabImageRGBD(): 13.4352ms
Frame 580 end
Average processing time of GrabImageRGBD(): 13.423ms
Frame 581 end
Average processing time of GrabImageRGBD(): 13.4545ms
Frame 582 end
Average processing time of GrabImageRGBD(): 13.4588ms
Frame 583 end
Average processing time of GrabImageRGBD(): 13.454ms
Frame 584 end
Average processing time of GrabImageRGBD(): 13.4373ms
Frame 585 end
Average processing time of GrabImageRGBD(): 13.4273ms
Frame 586 end
Average processing time of GrabImageRGBD(): 13.4168ms
Frame 587 end
Average processing time of GrabImageRGBD(): 13.4475ms
Frame 588 end
Average processing time of GrabImageRGBD(): 13.436ms
Frame 589 end
Shutdown
-------

median tracking time: 0.0105223
mean tracking time: 0.0141884

Saving camera trajectory to CameraTrajectory.txt ...

Saving keyframe trajectory to KeyFrameTrajectory.txt ...
