
ORB-SLAM3 Copyright (C) 2017-2020 Carlos Campos, Richard Elvira, Juan J. Gómez, José M.M. Montiel and Juan D. Tardós, University of Zaragoza.
ORB-SLAM2 Copyright (C) 2014-2016 Raúl Mur-Artal, José M.M. Montiel and Juan D. Tardós, University of Zaragoza.
This program comes with ABSOLUTELY NO WARRANTY;
This is free software, and you are welcome to redistribute it
under certain conditions. See LICENSE.txt.

Input sensor was set to: RGB-D
Loading settings from /home/bingxin/Downloads/NGD-SLAM/Examples/RGB-D/Bonn.yaml
Camera1.k3 optional parameter does not exist...
	-Loaded camera 1
Camera.newHeight optional parameter does not exist...
Camera.newWidth optional parameter does not exist...
	-Loaded image info
	-Loaded RGB-D calibration
	-Loaded ORB settings
Viewer.imageViewScale optional parameter does not exist...
	-Loaded viewer settings
System.LoadAtlasFromFile optional parameter does not exist...
System.SaveAtlasToFile optional parameter does not exist...
	-Loaded Atlas settings
System.thFarPoints optional parameter does not exist...
	-Loaded misc parameters
----------------------------------
SLAM settings: 
	-Camera 1 parameters (Pinhole): [ 542.823 542.577 315.594 237.756 ]
	-Camera 1 distortion parameters: [  0.039903 -0.099343 -0.00073 -0.000144 ]
	-Original image size: [ 640 , 480 ]
	-Current image size: [ 640 , 480 ]
	-Sequence FPS: 30
	-RGB-D depth map factor: 5000
	-Features per image: 1000
	-ORB scale factor: 1.2
	-ORB number of scales: 8
	-Initial FAST threshold: 20
	-Min FAST threshold: 7


Loading ORB Vocabulary. This could take a while...
Vocabulary loaded!

Initialization of Atlas from scratch 
Creation of new map with id: 0
Creation of new map with last KF id: 0
Seq. Name: 
There are 1 cameras in the atlas
Camera 0 is pinhole
Net use yolo-fastest

-------
Start processing sequence ...
Images in the sequence: 580

First KF:0; Map init KF:0
New Map created with 1209 points
Average processing time of GrabImageRGBD(): 45.5326ms
Frame 0 end
Average processing time of GrabImageRGBD(): 38.1125ms
Frame 1 end
Average processing time of GrabImageRGBD(): 35.5934ms
Frame 2 end
Average processing time of GrabImageRGBD(): 30.2422ms
Frame 3 end
Average processing time of GrabImageRGBD(): 30.4984ms
Frame 4 end
Average processing time of GrabImageRGBD(): 27.2336ms
Frame 5 end
Starting the Viewer
Average processing time of GrabImageRGBD(): 28.0637ms
Frame 6 end
Average processing time of GrabImageRGBD(): 26.2663ms
Frame 7 end
Average processing time of GrabImageRGBD(): 24.271ms
Frame 8 end
Average processing time of GrabImageRGBD(): 22.69ms
Frame 9 end
Average processing time of GrabImageRGBD(): 21.8665ms
Frame 10 end
Average processing time of GrabImageRGBD(): 22.8392ms
Frame 11 end
Average processing time of GrabImageRGBD(): 22.0972ms
Frame 12 end
Average processing time of GrabImageRGBD(): 21.4453ms
Frame 13 end
Average processing time of GrabImageRGBD(): 20.6523ms
Frame 14 end
Average processing time of GrabImageRGBD(): 19.9521ms
Frame 15 end
Average processing time of GrabImageRGBD(): 19.4879ms
Frame 16 end
Average processing time of GrabImageRGBD(): 19.2205ms
Frame 17 end
Average processing time of GrabImageRGBD(): 18.7799ms
Frame 18 end
Average processing time of GrabImageRGBD(): 18.328ms
Frame 19 end
Average processing time of GrabImageRGBD(): 17.8961ms
Frame 20 end
Average processing time of GrabImageRGBD(): 17.5025ms
Frame 21 end
Average processing time of GrabImageRGBD(): 18.4205ms
Frame 22 end
Average processing time of GrabImageRGBD(): 18.175ms
Frame 23 end
Average processing time of GrabImageRGBD(): 17.9235ms
Frame 24 end
Average processing time of GrabImageRGBD(): 17.7523ms
Frame 25 end
Average processing time of GrabImageRGBD(): 17.5771ms
Frame 26 end
Average processing time of GrabImageRGBD(): 17.3509ms
Frame 27 end
Average processing time of GrabImageRGBD(): 17.1125ms
Frame 28 end
Average processing time of GrabImageRGBD(): 16.9835ms
Frame 29 end
Average processing time of GrabImageRGBD(): 17.5518ms
Frame 30 end
Average processing time of GrabImageRGBD(): 17.3363ms
Frame 31 end
Average processing time of GrabImageRGBD(): 17.202ms
Frame 32 end
Average processing time of GrabImageRGBD(): 17.0771ms
Frame 33 end
Average processing time of GrabImageRGBD(): 17.5428ms
Frame 34 end
Average processing time of GrabImageRGBD(): 17.4339ms
Frame 35 end
Average processing time of GrabImageRGBD(): 17.2627ms
Frame 36 end
Average processing time of GrabImageRGBD(): 17.6352ms
Frame 37 end
Average processing time of GrabImageRGBD(): 17.3918ms
Frame 38 end
Average processing time of GrabImageRGBD(): 17.7712ms
Frame 39 end
Average processing time of GrabImageRGBD(): 17.603ms
Frame 40 end
Average processing time of GrabImageRGBD(): 17.4888ms
Frame 41 end
Average processing time of GrabImageRGBD(): 17.3717ms
Frame 42 end
Average processing time of GrabImageRGBD(): 17.1963ms
Frame 43 end
Average processing time of GrabImageRGBD(): 17.7291ms
Frame 44 end
Average processing time of GrabImageRGBD(): 17.6358ms
Frame 45 end
Average processing time of GrabImageRGBD(): 17.5122ms
Frame 46 end
Average processing time of GrabImageRGBD(): 17.3685ms
Frame 47 end
Average processing time of GrabImageRGBD(): 17.6453ms
Frame 48 end
Average processing time of GrabImageRGBD(): 17.5454ms
Frame 49 end
Average processing time of GrabImageRGBD(): 17.4238ms
Frame 50 end
Average processing time of GrabImageRGBD(): 17.3169ms
Frame 51 end
Average processing time of GrabImageRGBD(): 17.2175ms
Frame 52 end
Average processing time of GrabImageRGBD(): 17.4651ms
Frame 53 end
Average processing time of GrabImageRGBD(): 17.3935ms
Frame 54 end
Average processing time of GrabImageRGBD(): 17.2737ms
Frame 55 end
Average processing time of GrabImageRGBD(): 17.1581ms
Frame 56 end
Average processing time of GrabImageRGBD(): 17.0479ms
Frame 57 end
Average processing time of GrabImageRGBD(): 16.9023ms
Frame 58 end
Average processing time of GrabImageRGBD(): 17.1343ms
Frame 59 end
Average processing time of GrabImageRGBD(): 17.0754ms
Frame 60 end
Average processing time of GrabImageRGBD(): 17.0042ms
Frame 61 end
Average processing time of GrabImageRGBD(): 17.3742ms
Frame 62 end
Average processing time of GrabImageRGBD(): 17.285ms
Frame 63 end
Average processing time of GrabImageRGBD(): 17.1677ms
Frame 64 end
Average processing time of GrabImageRGBD(): 17.0989ms
Frame 65 end
Average processing time of GrabImageRGBD(): 17.3062ms
Frame 66 end
Average processing time of GrabImageRGBD(): 17.2055ms
Frame 67 end
Average processing time of GrabImageRGBD(): 17.0884ms
Frame 68 end
Average processing time of GrabImageRGBD(): 16.997ms
Frame 69 end
Average processing time of GrabImageRGBD(): 17.2833ms
Frame 70 end
Average processing time of GrabImageRGBD(): 17.22ms
Frame 71 end
Average processing time of GrabImageRGBD(): 17.108ms
Frame 72 end
Average processing time of GrabImageRGBD(): 17.0148ms
Frame 73 end
Average processing time of GrabImageRGBD(): 16.9476ms
Frame 74 end
Average processing time of GrabImageRGBD(): 17.1219ms
Frame 75 end
Average processing time of GrabImageRGBD(): 17.0258ms
Frame 76 end
Average processing time of GrabImageRGBD(): 16.9333ms
Frame 77 end
Average processing time of GrabImageRGBD(): 16.849ms
Frame 78 end
Average processing time of GrabImageRGBD(): 16.7554ms
Frame 79 end
Average processing time of GrabImageRGBD(): 16.6742ms
Frame 80 end
Average processing time of GrabImageRGBD(): 16.8689ms
Frame 81 end
Average processing time of GrabImageRGBD(): 16.8386ms
Frame 82 end
Average processing time of GrabImageRGBD(): 16.7571ms
Frame 83 end
Average processing time of GrabImageRGBD(): 16.9449ms
Frame 84 end
Average processing time of GrabImageRGBD(): 16.906ms
Frame 85 end
Average processing time of GrabImageRGBD(): 16.8255ms
Frame 86 end
Average processing time of GrabImageRGBD(): 17.0245ms
Frame 87 end
Average processing time of GrabImageRGBD(): 16.9689ms
Frame 88 end
Average processing time of GrabImageRGBD(): 16.8892ms
Frame 89 end
Average processing time of GrabImageRGBD(): 17.0769ms
Frame 90 end
Average processing time of GrabImageRGBD(): 17.0212ms
Frame 91 end
Average processing time of GrabImageRGBD(): 16.9835ms
Frame 92 end
Average processing time of GrabImageRGBD(): 16.932ms
Frame 93 end
Average processing time of GrabImageRGBD(): 17.1274ms
Frame 94 end
Average processing time of GrabImageRGBD(): 17.0722ms
Frame 95 end
Average processing time of GrabImageRGBD(): 17.0282ms
Frame 96 end
Average processing time of GrabImageRGBD(): 16.975ms
Frame 97 end
Average processing time of GrabImageRGBD(): 17.1637ms
Frame 98 end
Average processing time of GrabImageRGBD(): 17.1246ms
Frame 99 end
Average processing time of GrabImageRGBD(): 17.0495ms
Frame 100 end
Average processing time of GrabImageRGBD(): 16.9729ms
Frame 101 end
Average processing time of GrabImageRGBD(): 17.1374ms
Frame 102 end
Average processing time of GrabImageRGBD(): 17.0645ms
Frame 103 end
Average processing time of GrabImageRGBD(): 16.9789ms
Frame 104 end
Average processing time of GrabImageRGBD(): 16.9312ms
Frame 105 end
Average processing time of GrabImageRGBD(): 17.0748ms
Frame 106 end
Average processing time of GrabImageRGBD(): 17.0128ms
Frame 107 end
Average processing time of GrabImageRGBD(): 16.9708ms
Frame 108 end
Average processing time of GrabImageRGBD(): 16.921ms
Frame 109 end
Average processing time of GrabImageRGBD(): 17.0693ms
Frame 110 end
Average processing time of GrabImageRGBD(): 17.0175ms
Frame 111 end
Average processing time of GrabImageRGBD(): 16.9552ms
Frame 112 end
Average processing time of GrabImageRGBD(): 16.9195ms
Frame 113 end
Average processing time of GrabImageRGBD(): 17.0706ms
Frame 114 end
Average processing time of GrabImageRGBD(): 17.0291ms
Frame 115 end
Average processing time of GrabImageRGBD(): 16.9687ms
Frame 116 end
Average processing time of GrabImageRGBD(): 16.9365ms
Frame 117 end
Average processing time of GrabImageRGBD(): 17.091ms
Frame 118 end
Average processing time of GrabImageRGBD(): 17.0445ms
Frame 119 end
Average processing time of GrabImageRGBD(): 16.9856ms
Frame 120 end
Average processing time of GrabImageRGBD(): 16.926ms
Frame 121 end
Average processing time of GrabImageRGBD(): 17.0863ms
Frame 122 end
Average processing time of GrabImageRGBD(): 17.0521ms
Frame 123 end
Average processing time of GrabImageRGBD(): 17.0078ms
Frame 124 end
Average processing time of GrabImageRGBD(): 16.9375ms
Frame 125 end
Average processing time of GrabImageRGBD(): 16.8977ms
Frame 126 end
Average processing time of GrabImageRGBD(): 17.0192ms
Frame 127 end
Average processing time of GrabImageRGBD(): 16.9624ms
Frame 128 end
Average processing time of GrabImageRGBD(): 16.931ms
Frame 129 end
Average processing time of GrabImageRGBD(): 16.9018ms
Frame 130 end
Average processing time of GrabImageRGBD(): 16.825ms
Frame 131 end
Average processing time of GrabImageRGBD(): 16.9581ms
Frame 132 end
Average processing time of GrabImageRGBD(): 16.9044ms
Frame 133 end
Average processing time of GrabImageRGBD(): 16.8762ms
Frame 134 end
Average processing time of GrabImageRGBD(): 16.8418ms
Frame 135 end
Average processing time of GrabImageRGBD(): 16.9642ms
Frame 136 end
Average processing time of GrabImageRGBD(): 16.9143ms
Frame 137 end
Average processing time of GrabImageRGBD(): 16.8927ms
Frame 138 end
Average processing time of GrabImageRGBD(): 16.8607ms
Frame 139 end
Average processing time of GrabImageRGBD(): 16.9723ms
Frame 140 end
Average processing time of GrabImageRGBD(): 16.9435ms
Frame 141 end
Average processing time of GrabImageRGBD(): 16.9055ms
Frame 142 end
Average processing time of GrabImageRGBD(): 16.8533ms
Frame 143 end
Average processing time of GrabImageRGBD(): 16.9897ms
Frame 144 end
Average processing time of GrabImageRGBD(): 16.9694ms
Frame 145 end
Average processing time of GrabImageRGBD(): 16.9468ms
Frame 146 end
Average processing time of GrabImageRGBD(): 16.9094ms
Frame 147 end
Average processing time of GrabImageRGBD(): 17.0331ms
Frame 148 end
Average processing time of GrabImageRGBD(): 16.9813ms
Frame 149 end
Average processing time of GrabImageRGBD(): 16.9601ms
Frame 150 end
Average processing time of GrabImageRGBD(): 16.9247ms
Frame 151 end
Average processing time of GrabImageRGBD(): 16.8781ms
Frame 152 end
Average processing time of GrabImageRGBD(): 16.8349ms
Frame 153 end
Average processing time of GrabImageRGBD(): 16.9696ms
Frame 154 end
Average processing time of GrabImageRGBD(): 16.9595ms
Frame 155 end
Average processing time of GrabImageRGBD(): 16.9339ms
Frame 156 end
Average processing time of GrabImageRGBD(): 16.9038ms
Frame 157 end
Average processing time of GrabImageRGBD(): 16.8753ms
Frame 158 end
Average processing time of GrabImageRGBD(): 16.8471ms
Frame 159 end
Average processing time of GrabImageRGBD(): 16.9531ms
Frame 160 end
Average processing time of GrabImageRGBD(): 16.916ms
Frame 161 end
Average processing time of GrabImageRGBD(): 16.8874ms
Frame 162 end
Average processing time of GrabImageRGBD(): 16.8656ms
Frame 163 end
Average processing time of GrabImageRGBD(): 16.8193ms
Frame 164 end
Average processing time of GrabImageRGBD(): 16.9872ms
Frame 165 end
Average processing time of GrabImageRGBD(): 16.9488ms
Frame 166 end
Average processing time of GrabImageRGBD(): 16.92ms
Frame 167 end
Average processing time of GrabImageRGBD(): 16.9051ms
Frame 168 end
Average processing time of GrabImageRGBD(): 16.8647ms
Frame 169 end
Average processing time of GrabImageRGBD(): 16.9665ms
Frame 170 end
Average processing time of GrabImageRGBD(): 16.9467ms
Frame 171 end
Average processing time of GrabImageRGBD(): 16.9232ms
Frame 172 end
Average processing time of GrabImageRGBD(): 16.9165ms
Frame 173 end
Average processing time of GrabImageRGBD(): 16.8835ms
Frame 174 end
Average processing time of GrabImageRGBD(): 16.9894ms
Frame 175 end
Average processing time of GrabImageRGBD(): 16.9727ms
Frame 176 end
Average processing time of GrabImageRGBD(): 16.949ms
Frame 177 end
Average processing time of GrabImageRGBD(): 16.9289ms
Frame 178 end
Average processing time of GrabImageRGBD(): 16.8961ms
Frame 179 end
Average processing time of GrabImageRGBD(): 17.014ms
Frame 180 end
Average processing time of GrabImageRGBD(): 17.0275ms
Frame 181 end
Average processing time of GrabImageRGBD(): 17.0024ms
Frame 182 end
Average processing time of GrabImageRGBD(): 16.9506ms
Frame 183 end
Average processing time of GrabImageRGBD(): 16.9076ms
Frame 184 end
Average processing time of GrabImageRGBD(): 17.0075ms
Frame 185 end
Average processing time of GrabImageRGBD(): 16.9863ms
Frame 186 end
Average processing time of GrabImageRGBD(): 16.9614ms
Frame 187 end
Average processing time of GrabImageRGBD(): 16.9299ms
Frame 188 end
Average processing time of GrabImageRGBD(): 16.8939ms
Frame 189 end
Average processing time of GrabImageRGBD(): 16.9814ms
Frame 190 end
Average processing time of GrabImageRGBD(): 16.9624ms
Frame 191 end
Average processing time of GrabImageRGBD(): 16.9217ms
Frame 192 end
Average processing time of GrabImageRGBD(): 16.8901ms
Frame 193 end
Average processing time of GrabImageRGBD(): 16.8705ms
Frame 194 end
Average processing time of GrabImageRGBD(): 16.9924ms
Frame 195 end
Average processing time of GrabImageRGBD(): 16.96ms
Frame 196 end
Average processing time of GrabImageRGBD(): 16.9367ms
Frame 197 end
Average processing time of GrabImageRGBD(): 17.0297ms
Frame 198 end
Average processing time of GrabImageRGBD(): 17.0026ms
Frame 199 end
Average processing time of GrabImageRGBD(): 16.9807ms
Frame 200 end
Average processing time of GrabImageRGBD(): 16.9492ms
Frame 201 end
Average processing time of GrabImageRGBD(): 17.0913ms
Frame 202 end
Average processing time of GrabImageRGBD(): 17.0789ms
Frame 203 end
Average processing time of GrabImageRGBD(): 17.061ms
Frame 204 end
Average processing time of GrabImageRGBD(): 17.0301ms
Frame 205 end
Average processing time of GrabImageRGBD(): 17.1186ms
Frame 206 end
Average processing time of GrabImageRGBD(): 17.0891ms
Frame 207 end
Average processing time of GrabImageRGBD(): 17.0607ms
Frame 208 end
Average processing time of GrabImageRGBD(): 17.0403ms
Frame 209 end
Average processing time of GrabImageRGBD(): 17.1289ms
Frame 210 end
Average processing time of GrabImageRGBD(): 17.1048ms
Frame 211 end
Average processing time of GrabImageRGBD(): 17.093ms
Frame 212 end
Average processing time of GrabImageRGBD(): 17.0688ms
Frame 213 end
Average processing time of GrabImageRGBD(): 17.0484ms
Frame 214 end
Average processing time of GrabImageRGBD(): 17.1119ms
Frame 215 end
Average processing time of GrabImageRGBD(): 17.0826ms
Frame 216 end
Average processing time of GrabImageRGBD(): 17.0549ms
Frame 217 end
Average processing time of GrabImageRGBD(): 17.0368ms
Frame 218 end
Average processing time of GrabImageRGBD(): 17.1208ms
Frame 219 end
Average processing time of GrabImageRGBD(): 17.1056ms
Frame 220 end
Average processing time of GrabImageRGBD(): 17.0985ms
Frame 221 end
Average processing time of GrabImageRGBD(): 17.0786ms
Frame 222 end
Average processing time of GrabImageRGBD(): 17.0554ms
Frame 223 end
Average processing time of GrabImageRGBD(): 17.135ms
Frame 224 end
Average processing time of GrabImageRGBD(): 17.1211ms
Frame 225 end
Average processing time of GrabImageRGBD(): 17.0939ms
Frame 226 end
Average processing time of GrabImageRGBD(): 17.076ms
Frame 227 end
Average processing time of GrabImageRGBD(): 17.206ms
Frame 228 end
Average processing time of GrabImageRGBD(): 17.1674ms
Frame 229 end
Average processing time of GrabImageRGBD(): 17.1532ms
Frame 230 end
Average processing time of GrabImageRGBD(): 17.1266ms
Frame 231 end
Average processing time of GrabImageRGBD(): 17.2128ms
Frame 232 end
Average processing time of GrabImageRGBD(): 17.1953ms
Frame 233 end
Average processing time of GrabImageRGBD(): 17.1832ms
Frame 234 end
Average processing time of GrabImageRGBD(): 17.1741ms
Frame 235 end
Average processing time of GrabImageRGBD(): 17.2439ms
Frame 236 end
Average processing time of GrabImageRGBD(): 17.2242ms
Frame 237 end
Average processing time of GrabImageRGBD(): 17.2082ms
Frame 238 end
Average processing time of GrabImageRGBD(): 17.1759ms
Frame 239 end
Average processing time of GrabImageRGBD(): 17.2523ms
Frame 240 end
Average processing time of GrabImageRGBD(): 17.2423ms
Frame 241 end
Average processing time of GrabImageRGBD(): 17.2314ms
Frame 242 end
Average processing time of GrabImageRGBD(): 17.2199ms
Frame 243 end
Average processing time of GrabImageRGBD(): 17.2919ms
Frame 244 end
Average processing time of GrabImageRGBD(): 17.2801ms
Frame 245 end
Average processing time of GrabImageRGBD(): 17.239ms
Frame 246 end
Average processing time of GrabImageRGBD(): 17.2176ms
Frame 247 end
Average processing time of GrabImageRGBD(): 17.2867ms
Frame 248 end
Average processing time of GrabImageRGBD(): 17.2695ms
Frame 249 end
Average processing time of GrabImageRGBD(): 17.255ms
Frame 250 end
Average processing time of GrabImageRGBD(): 17.2364ms
Frame 251 end
Average processing time of GrabImageRGBD(): 17.3305ms
Frame 252 end
Average processing time of GrabImageRGBD(): 17.3154ms
Frame 253 end
Average processing time of GrabImageRGBD(): 17.289ms
Frame 254 end
Average processing time of GrabImageRGBD(): 17.2754ms
Frame 255 end
Average processing time of GrabImageRGBD(): 17.3479ms
Frame 256 end
Average processing time of GrabImageRGBD(): 17.3279ms
Frame 257 end
Average processing time of GrabImageRGBD(): 17.3112ms
Frame 258 end
Average processing time of GrabImageRGBD(): 17.3762ms
Frame 259 end
Average processing time of GrabImageRGBD(): 17.3557ms
Frame 260 end
Average processing time of GrabImageRGBD(): 17.3399ms
Frame 261 end
Average processing time of GrabImageRGBD(): 17.3174ms
Frame 262 end
Average processing time of GrabImageRGBD(): 17.3003ms
Frame 263 end
Average processing time of GrabImageRGBD(): 17.2803ms
Frame 264 end
Average processing time of GrabImageRGBD(): 17.3392ms
Frame 265 end
Average processing time of GrabImageRGBD(): 17.32ms
Frame 266 end
Average processing time of GrabImageRGBD(): 17.3091ms
Frame 267 end
Average processing time of GrabImageRGBD(): 17.288ms
Frame 268 end
Average processing time of GrabImageRGBD(): 17.3548ms
Frame 269 end
Average processing time of GrabImageRGBD(): 17.3406ms
Frame 270 end
Average processing time of GrabImageRGBD(): 17.3261ms
Frame 271 end
Average processing time of GrabImageRGBD(): 17.3939ms
Frame 272 end
Average processing time of GrabImageRGBD(): 17.3757ms
Frame 273 end
Average processing time of GrabImageRGBD(): 17.3603ms
Frame 274 end
Average processing time of GrabImageRGBD(): 17.3408ms
Frame 275 end
Average processing time of GrabImageRGBD(): 17.3173ms
Frame 276 end
Average processing time of GrabImageRGBD(): 17.3836ms
Frame 277 end
Average processing time of GrabImageRGBD(): 17.3738ms
Frame 278 end
Average processing time of GrabImageRGBD(): 17.3613ms
Frame 279 end
Average processing time of GrabImageRGBD(): 17.3312ms
Frame 280 end
Average processing time of GrabImageRGBD(): 17.3119ms
Frame 281 end
Average processing time of GrabImageRGBD(): 17.3813ms
Frame 282 end
Average processing time of GrabImageRGBD(): 17.3704ms
Frame 283 end
Average processing time of GrabImageRGBD(): 17.359ms
Frame 284 end
Average processing time of GrabImageRGBD(): 17.3457ms
Frame 285 end
Average processing time of GrabImageRGBD(): 17.3281ms
Frame 286 end
Average processing time of GrabImageRGBD(): 17.3158ms
Frame 287 end
Average processing time of GrabImageRGBD(): 17.2965ms
Frame 288 end
Average processing time of GrabImageRGBD(): 17.2825ms
Frame 289 end
Average processing time of GrabImageRGBD(): 17.254ms
Frame 290 end
Average processing time of GrabImageRGBD(): 17.314ms
Frame 291 end
Average processing time of GrabImageRGBD(): 17.3029ms
Frame 292 end
Average processing time of GrabImageRGBD(): 17.295ms
Frame 293 end
Average processing time of GrabImageRGBD(): 17.2857ms
Frame 294 end
Average processing time of GrabImageRGBD(): 17.2623ms
Frame 295 end
Average processing time of GrabImageRGBD(): 17.247ms
Frame 296 end
Average processing time of GrabImageRGBD(): 17.3165ms
Frame 297 end
Average processing time of GrabImageRGBD(): 17.3058ms
Frame 298 end
Average processing time of GrabImageRGBD(): 17.2844ms
Frame 299 end
Average processing time of GrabImageRGBD(): 17.2662ms
Frame 300 end
Average processing time of GrabImageRGBD(): 17.2529ms
Frame 301 end
Average processing time of GrabImageRGBD(): 17.2343ms
Frame 302 end
Average processing time of GrabImageRGBD(): 17.2203ms
Frame 303 end
Average processing time of GrabImageRGBD(): 17.2757ms
Frame 304 end
Average processing time of GrabImageRGBD(): 17.2521ms
Frame 305 end
Average processing time of GrabImageRGBD(): 17.2268ms
Frame 306 end
Average processing time of GrabImageRGBD(): 17.1813ms
Frame 307 end
Average processing time of GrabImageRGBD(): 17.1563ms
Frame 308 end
Average processing time of GrabImageRGBD(): 17.112ms
Frame 309 end
Average processing time of GrabImageRGBD(): 17.0682ms
Frame 310 end
Average processing time of GrabImageRGBD(): 17.0417ms
Frame 311 end
Average processing time of GrabImageRGBD(): 16.9997ms
Frame 312 end
Average processing time of GrabImageRGBD(): 17.0354ms
Frame 313 end
Average processing time of GrabImageRGBD(): 17.0131ms
Frame 314 end
Average processing time of GrabImageRGBD(): 16.9689ms
Frame 315 end
Average processing time of GrabImageRGBD(): 16.9443ms
Frame 316 end
Average processing time of GrabImageRGBD(): 16.904ms
Frame 317 end
Average processing time of GrabImageRGBD(): 16.9489ms
Frame 318 end
Average processing time of GrabImageRGBD(): 16.9334ms
Frame 319 end
Average processing time of GrabImageRGBD(): 16.911ms
Frame 320 end
Average processing time of GrabImageRGBD(): 16.8699ms
Frame 321 end
Average processing time of GrabImageRGBD(): 16.8366ms
Frame 322 end
Average processing time of GrabImageRGBD(): 16.8832ms
Frame 323 end
Average processing time of GrabImageRGBD(): 16.8527ms
Frame 324 end
Average processing time of GrabImageRGBD(): 16.8316ms
Frame 325 end
Average processing time of GrabImageRGBD(): 16.8077ms
Frame 326 end
Average processing time of GrabImageRGBD(): 16.782ms
Frame 327 end
Average processing time of GrabImageRGBD(): 16.8239ms
Frame 328 end
Average processing time of GrabImageRGBD(): 16.8006ms
Frame 329 end
Average processing time of GrabImageRGBD(): 16.7668ms
Frame 330 end
Average processing time of GrabImageRGBD(): 16.7388ms
Frame 331 end
Average processing time of GrabImageRGBD(): 16.6985ms
Frame 332 end
Average processing time of GrabImageRGBD(): 16.7398ms
Frame 333 end
Average processing time of GrabImageRGBD(): 16.7185ms
Frame 334 end
Average processing time of GrabImageRGBD(): 16.6907ms
Frame 335 end
Average processing time of GrabImageRGBD(): 16.6561ms
Frame 336 end
Average processing time of GrabImageRGBD(): 16.617ms
Frame 337 end
Average processing time of GrabImageRGBD(): 16.58ms
Frame 338 end
Average processing time of GrabImageRGBD(): 16.635ms
Frame 339 end
Average processing time of GrabImageRGBD(): 16.611ms
Frame 340 end
Average processing time of GrabImageRGBD(): 16.5722ms
Frame 341 end
Average processing time of GrabImageRGBD(): 16.5333ms
Frame 342 end
Average processing time of GrabImageRGBD(): 16.4998ms
Frame 343 end
Average processing time of GrabImageRGBD(): 16.468ms
Frame 344 end
Average processing time of GrabImageRGBD(): 16.4317ms
Frame 345 end
Average processing time of GrabImageRGBD(): 16.4646ms
Frame 346 end
Average processing time of GrabImageRGBD(): 16.4392ms
Frame 347 end
Average processing time of GrabImageRGBD(): 16.4083ms
Frame 348 end
Average processing time of GrabImageRGBD(): 16.3821ms
Frame 349 end
Average processing time of GrabImageRGBD(): 16.3541ms
Frame 350 end
Average processing time of GrabImageRGBD(): 16.3202ms
Frame 351 end
Average processing time of GrabImageRGBD(): 16.3615ms
Frame 352 end
Average processing time of GrabImageRGBD(): 16.3471ms
Frame 353 end
Average processing time of GrabImageRGBD(): 16.3126ms
Frame 354 end
Average processing time of GrabImageRGBD(): 16.2767ms
Frame 355 end
Average processing time of GrabImageRGBD(): 16.2561ms
Frame 356 end
Average processing time of GrabImageRGBD(): 16.2267ms
Frame 357 end
Average processing time of GrabImageRGBD(): 16.1988ms
Frame 358 end
Average processing time of GrabImageRGBD(): 16.2324ms
Frame 359 end
Average processing time of GrabImageRGBD(): 16.2148ms
Frame 360 end
Average processing time of GrabImageRGBD(): 16.1803ms
Frame 361 end
Average processing time of GrabImageRGBD(): 16.1483ms
Frame 362 end
Average processing time of GrabImageRGBD(): 16.1162ms
Frame 363 end
Average processing time of GrabImageRGBD(): 16.0885ms
Frame 364 end
Average processing time of GrabImageRGBD(): 16.0545ms
Frame 365 end
Average processing time of GrabImageRGBD(): 16.0883ms
Frame 366 end
Average processing time of GrabImageRGBD(): 16.0721ms
Frame 367 end
Average processing time of GrabImageRGBD(): 16.0376ms
Frame 368 end
Average processing time of GrabImageRGBD(): 16.0069ms
Frame 369 end
Average processing time of GrabImageRGBD(): 15.9735ms
Frame 370 end
Average processing time of GrabImageRGBD(): 15.9529ms
Frame 371 end
Average processing time of GrabImageRGBD(): 15.925ms
Frame 372 end
Average processing time of GrabImageRGBD(): 15.9569ms
Frame 373 end
Average processing time of GrabImageRGBD(): 15.9293ms
Frame 374 end
Average processing time of GrabImageRGBD(): 15.9109ms
Frame 375 end
Average processing time of GrabImageRGBD(): 15.8955ms
Frame 376 end
Average processing time of GrabImageRGBD(): 15.8775ms
Frame 377 end
Average processing time of GrabImageRGBD(): 15.8587ms
Frame 378 end
Average processing time of GrabImageRGBD(): 15.832ms
Frame 379 end
Average processing time of GrabImageRGBD(): 15.8711ms
Frame 380 end
Average processing time of GrabImageRGBD(): 15.8567ms
Frame 381 end
Average processing time of GrabImageRGBD(): 15.8294ms
Frame 382 end
Average processing time of GrabImageRGBD(): 15.7987ms
Frame 383 end
Average processing time of GrabImageRGBD(): 15.7678ms
Frame 384 end
Average processing time of GrabImageRGBD(): 15.7486ms
Frame 385 end
Average processing time of GrabImageRGBD(): 15.7263ms
Frame 386 end
Average processing time of GrabImageRGBD(): 15.7641ms
Frame 387 end
Average processing time of GrabImageRGBD(): 15.7448ms
Frame 388 end
Average processing time of GrabImageRGBD(): 15.7242ms
Frame 389 end
Average processing time of GrabImageRGBD(): 15.7014ms
Frame 390 end
Average processing time of GrabImageRGBD(): 15.6699ms
Frame 391 end
Average processing time of GrabImageRGBD(): 15.6416ms
Frame 392 end
Average processing time of GrabImageRGBD(): 15.6735ms
Frame 393 end
Average processing time of GrabImageRGBD(): 15.6549ms
Frame 394 end
Average processing time of GrabImageRGBD(): 15.6348ms
Frame 395 end
Average processing time of GrabImageRGBD(): 15.6043ms
Frame 396 end
Average processing time of GrabImageRGBD(): 15.5841ms
Frame 397 end
Average processing time of GrabImageRGBD(): 15.5527ms
Frame 398 end
Average processing time of GrabImageRGBD(): 15.6154ms
Frame 399 end
Average processing time of GrabImageRGBD(): 15.5998ms
Frame 400 end
Average processing time of GrabImageRGBD(): 15.5776ms
Frame 401 end
Average processing time of GrabImageRGBD(): 15.5591ms
Frame 402 end
Average processing time of GrabImageRGBD(): 15.5296ms
Frame 403 end
Average processing time of GrabImageRGBD(): 15.5026ms
Frame 404 end
Average processing time of GrabImageRGBD(): 15.5539ms
Frame 405 end
Average processing time of GrabImageRGBD(): 15.5357ms
Frame 406 end
Average processing time of GrabImageRGBD(): 15.5212ms
Frame 407 end
Average processing time of GrabImageRGBD(): 15.5052ms
Frame 408 end
Average processing time of GrabImageRGBD(): 15.4754ms
Frame 409 end
Average processing time of GrabImageRGBD(): 15.4472ms
Frame 410 end
Average processing time of GrabImageRGBD(): 15.4254ms
Frame 411 end
Average processing time of GrabImageRGBD(): 15.4557ms
Frame 412 end
Average processing time of GrabImageRGBD(): 15.4274ms
Frame 413 end
Average processing time of GrabImageRGBD(): 15.4035ms
Frame 414 end
Average processing time of GrabImageRGBD(): 15.3825ms
Frame 415 end
Average processing time of GrabImageRGBD(): 15.3666ms
Frame 416 end
Average processing time of GrabImageRGBD(): 15.4002ms
Frame 417 end
Average processing time of GrabImageRGBD(): 15.3722ms
Frame 418 end
Average processing time of GrabImageRGBD(): 15.4075ms
Frame 419 end
Average processing time of GrabImageRGBD(): 15.3933ms
Frame 420 end
Average processing time of GrabImageRGBD(): 15.3656ms
Frame 421 end
Average processing time of GrabImageRGBD(): 15.3482ms
Frame 422 end
Average processing time of GrabImageRGBD(): 15.337ms
Frame 423 end
Average processing time of GrabImageRGBD(): 15.3082ms
Frame 424 end
Average processing time of GrabImageRGBD(): 15.2857ms
Frame 425 end
Average processing time of GrabImageRGBD(): 15.3205ms
Frame 426 end
Average processing time of GrabImageRGBD(): 15.3075ms
Frame 427 end
Average processing time of GrabImageRGBD(): 15.28ms
Frame 428 end
Average processing time of GrabImageRGBD(): 15.2534ms
Frame 429 end
Average processing time of GrabImageRGBD(): 15.2349ms
Frame 430 end
Average processing time of GrabImageRGBD(): 15.2081ms
Frame 431 end
Average processing time of GrabImageRGBD(): 15.1884ms
Frame 432 end
Average processing time of GrabImageRGBD(): 15.2345ms
Frame 433 end
Average processing time of GrabImageRGBD(): 15.2112ms
Frame 434 end
Average processing time of GrabImageRGBD(): 15.186ms
Frame 435 end
Average processing time of GrabImageRGBD(): 15.1589ms
Frame 436 end
Average processing time of GrabImageRGBD(): 15.1316ms
Frame 437 end
Average processing time of GrabImageRGBD(): 15.1118ms
Frame 438 end
Average processing time of GrabImageRGBD(): 15.0846ms
Frame 439 end
Average processing time of GrabImageRGBD(): 15.1151ms
Frame 440 end
Average processing time of GrabImageRGBD(): 15.1011ms
Frame 441 end
Average processing time of GrabImageRGBD(): 15.087ms
Frame 442 end
Average processing time of GrabImageRGBD(): 15.064ms
Frame 443 end
Average processing time of GrabImageRGBD(): 15.0437ms
Frame 444 end
Average processing time of GrabImageRGBD(): 15.0171ms
Frame 445 end
Average processing time of GrabImageRGBD(): 15.0003ms
Frame 446 end
Average processing time of GrabImageRGBD(): 15.0373ms
Frame 447 end
Average processing time of GrabImageRGBD(): 15.0281ms
Frame 448 end
Average processing time of GrabImageRGBD(): 15.015ms
Frame 449 end
Average processing time of GrabImageRGBD(): 15.0022ms
Frame 450 end
Average processing time of GrabImageRGBD(): 14.9861ms
Frame 451 end
Average processing time of GrabImageRGBD(): 14.9609ms
Frame 452 end
Average processing time of GrabImageRGBD(): 15.0018ms
Frame 453 end
Average processing time of GrabImageRGBD(): 14.9871ms
Frame 454 end
Average processing time of GrabImageRGBD(): 14.9804ms
Frame 455 end
Average processing time of GrabImageRGBD(): 14.9629ms
Frame 456 end
Average processing time of GrabImageRGBD(): 14.9377ms
Frame 457 end
Average processing time of GrabImageRGBD(): 14.9184ms
Frame 458 end
Average processing time of GrabImageRGBD(): 14.8998ms
Frame 459 end
Average processing time of GrabImageRGBD(): 14.9297ms
Frame 460 end
Average processing time of GrabImageRGBD(): 14.9211ms
Frame 461 end
Average processing time of GrabImageRGBD(): 14.8963ms
Frame 462 end
Average processing time of GrabImageRGBD(): 14.8752ms
Frame 463 end
Average processing time of GrabImageRGBD(): 14.8592ms
Frame 464 end
Average processing time of GrabImageRGBD(): 14.844ms
Frame 465 end
Average processing time of GrabImageRGBD(): 14.8285ms
Frame 466 end
Average processing time of GrabImageRGBD(): 14.8638ms
Frame 467 end
Average processing time of GrabImageRGBD(): 14.8506ms
Frame 468 end
Average processing time of GrabImageRGBD(): 14.835ms
Frame 469 end
Average processing time of GrabImageRGBD(): 14.8178ms
Frame 470 end
Average processing time of GrabImageRGBD(): 14.7994ms
Frame 471 end
Average processing time of GrabImageRGBD(): 14.7785ms
Frame 472 end
Average processing time of GrabImageRGBD(): 14.7588ms
Frame 473 end
Average processing time of GrabImageRGBD(): 14.7372ms
Frame 474 end
Average processing time of GrabImageRGBD(): 14.7127ms
Frame 475 end
Average processing time of GrabImageRGBD(): 14.7466ms
Frame 476 end
Average processing time of GrabImageRGBD(): 14.7335ms
Frame 477 end
Average processing time of GrabImageRGBD(): 14.7101ms
Frame 478 end
Average processing time of GrabImageRGBD(): 14.6878ms
Frame 479 end
Average processing time of GrabImageRGBD(): 14.6697ms
Frame 480 end
Average processing time of GrabImageRGBD(): 14.6457ms
Frame 481 end
Average processing time of GrabImageRGBD(): 14.6283ms
Frame 482 end
Average processing time of GrabImageRGBD(): 14.6037ms
Frame 483 end
Average processing time of GrabImageRGBD(): 14.6351ms
Frame 484 end
Average processing time of GrabImageRGBD(): 14.6224ms
Frame 485 end
Average processing time of GrabImageRGBD(): 14.6057ms
Frame 486 end
Average processing time of GrabImageRGBD(): 14.5887ms
Frame 487 end
Average processing time of GrabImageRGBD(): 14.5653ms
Frame 488 end
Average processing time of GrabImageRGBD(): 14.5493ms
Frame 489 end
Average processing time of GrabImageRGBD(): 14.5333ms
Frame 490 end
Average processing time of GrabImageRGBD(): 14.5137ms
Frame 491 end
Average processing time of GrabImageRGBD(): 14.5419ms
Frame 492 end
Average processing time of GrabImageRGBD(): 14.5288ms
Frame 493 end
Average processing time of GrabImageRGBD(): 14.5055ms
Frame 494 end
Average processing time of GrabImageRGBD(): 14.4845ms
Frame 495 end
Average processing time of GrabImageRGBD(): 14.467ms
Frame 496 end
Average processing time of GrabImageRGBD(): 14.4489ms
Frame 497 end
Average processing time of GrabImageRGBD(): 14.4318ms
Frame 498 end
Average processing time of GrabImageRGBD(): 14.4134ms
Frame 499 end
Average processing time of GrabImageRGBD(): 14.4412ms
Frame 500 end
Average processing time of GrabImageRGBD(): 14.4273ms
Frame 501 end
Average processing time of GrabImageRGBD(): 14.4127ms
Frame 502 end
Average processing time of GrabImageRGBD(): 14.3922ms
Frame 503 end
Average processing time of GrabImageRGBD(): 14.3703ms
Frame 504 end
Average processing time of GrabImageRGBD(): 14.3505ms
Frame 505 end
Average processing time of GrabImageRGBD(): 14.3371ms
Frame 506 end
Average processing time of GrabImageRGBD(): 14.3147ms
Frame 507 end
Average processing time of GrabImageRGBD(): 14.3461ms
Frame 508 end
Average processing time of GrabImageRGBD(): 14.3363ms
Frame 509 end
Average processing time of GrabImageRGBD(): 14.3223ms
Frame 510 end
Average processing time of GrabImageRGBD(): 14.3076ms
Frame 511 end
Average processing time of GrabImageRGBD(): 14.2866ms
Frame 512 end
Average processing time of GrabImageRGBD(): 14.2712ms
Frame 513 end
Average processing time of GrabImageRGBD(): 14.2567ms
Frame 514 end
Average processing time of GrabImageRGBD(): 14.2422ms
Frame 515 end
Average processing time of GrabImageRGBD(): 14.27ms
Frame 516 end
Average processing time of GrabImageRGBD(): 14.2557ms
Frame 517 end
Average processing time of GrabImageRGBD(): 14.2446ms
Frame 518 end
Average processing time of GrabImageRGBD(): 14.2243ms
Frame 519 end
Average processing time of GrabImageRGBD(): 14.2126ms
Frame 520 end
Average processing time of GrabImageRGBD(): 14.1925ms
Frame 521 end
Average processing time of GrabImageRGBD(): 14.1717ms
Frame 522 end
Average processing time of GrabImageRGBD(): 14.1612ms
Frame 523 end
Average processing time of GrabImageRGBD(): 14.1923ms
Frame 524 end
Average processing time of GrabImageRGBD(): 14.185ms
Frame 525 end
Average processing time of GrabImageRGBD(): 14.1757ms
Frame 526 end
Average processing time of GrabImageRGBD(): 14.1664ms
Frame 527 end
Average processing time of GrabImageRGBD(): 14.1461ms
Frame 528 end
Average processing time of GrabImageRGBD(): 14.1378ms
Frame 529 end
Average processing time of GrabImageRGBD(): 14.1276ms
Frame 530 end
Average processing time of GrabImageRGBD(): 14.1177ms
Frame 531 end
Average processing time of GrabImageRGBD(): 14.1001ms
Frame 532 end
Average processing time of GrabImageRGBD(): 14.0898ms
Frame 533 end
Average processing time of GrabImageRGBD(): 14.0791ms
Frame 534 end
Average processing time of GrabImageRGBD(): 14.0595ms
Frame 535 end
Average processing time of GrabImageRGBD(): 14.0496ms
Frame 536 end
Average processing time of GrabImageRGBD(): 14.0368ms
Frame 537 end
Average processing time of GrabImageRGBD(): 14.0728ms
Frame 538 end
Average processing time of GrabImageRGBD(): 14.0647ms
Frame 539 end
Average processing time of GrabImageRGBD(): 14.0455ms
Frame 540 end
Average processing time of GrabImageRGBD(): 14.036ms
Frame 541 end
Average processing time of GrabImageRGBD(): 14.0216ms
Frame 542 end
Average processing time of GrabImageRGBD(): 14.0109ms
Frame 543 end
Average processing time of GrabImageRGBD(): 14.0011ms
Frame 544 end
Average processing time of GrabImageRGBD(): 13.9895ms
Frame 545 end
Average processing time of GrabImageRGBD(): 14.0191ms
Frame 546 end
Average processing time of GrabImageRGBD(): 14.0031ms
Frame 547 end
Average processing time of GrabImageRGBD(): 13.9846ms
Frame 548 end
Average processing time of GrabImageRGBD(): 13.97ms
Frame 549 end
Average processing time of GrabImageRGBD(): 13.9583ms
Frame 550 end
Average processing time of GrabImageRGBD(): 13.9511ms
Frame 551 end
Average processing time of GrabImageRGBD(): 13.9432ms
Frame 552 end
Average processing time of GrabImageRGBD(): 13.9302ms
Frame 553 end
Average processing time of GrabImageRGBD(): 13.9211ms
Frame 554 end
Average processing time of GrabImageRGBD(): 13.9021ms
Frame 555 end
Average processing time of GrabImageRGBD(): 13.8941ms
Frame 556 end
Average processing time of GrabImageRGBD(): 13.886ms
Frame 557 end
Average processing time of GrabImageRGBD(): 13.8676ms
Frame 558 end
Average processing time of GrabImageRGBD(): 13.8519ms
Frame 559 end
Average processing time of GrabImageRGBD(): 13.8385ms
Frame 560 end
Average processing time of GrabImageRGBD(): 13.8299ms
Frame 561 end
Average processing time of GrabImageRGBD(): 13.822ms
Frame 562 end
Average processing time of GrabImageRGBD(): 13.8038ms
Frame 563 end
Average processing time of GrabImageRGBD(): 13.7963ms
Frame 564 end
Average processing time of GrabImageRGBD(): 13.7864ms
Frame 565 end
Average processing time of GrabImageRGBD(): 13.7708ms
Frame 566 end
Average processing time of GrabImageRGBD(): 13.7623ms
Frame 567 end
Average processing time of GrabImageRGBD(): 13.7542ms
Frame 568 end
Average processing time of GrabImageRGBD(): 13.7359ms
Frame 569 end
Average processing time of GrabImageRGBD(): 13.7272ms
Frame 570 end
Average processing time of GrabImageRGBD(): 13.7094ms
Frame 571 end
Average processing time of GrabImageRGBD(): 13.6983ms
Frame 572 end
Average processing time of GrabImageRGBD(): 13.6802ms
Frame 573 end
Average processing time of GrabImageRGBD(): 13.6722ms
Frame 574 end
Average processing time of GrabImageRGBD(): 13.6592ms
Frame 575 end
Average processing time of GrabImageRGBD(): 13.6515ms
Frame 576 end
Average processing time of GrabImageRGBD(): 13.6376ms
Frame 577 end
Average processing time of GrabImageRGBD(): 13.6297ms
Frame 578 end
Average processing time of GrabImageRGBD(): 13.6211ms
Frame 579 end
Shutdown
-------

median tracking time: 0.01132
mean tracking time: 0.014382

Saving camera trajectory to CameraTrajectory.txt ...

Saving keyframe trajectory to KeyFrameTrajectory.txt ...
