
ORB-SLAM3 Copyright (C) 2017-2020 Carlos Campos, Richard Elvira, Juan J. Gómez, José M.M. Montiel and Juan D. Tardós, University of Zaragoza.
ORB-SLAM2 Copyright (C) 2014-2016 Raúl Mur-Artal, José M.M. Montiel and Juan D. Tardós, University of Zaragoza.
This program comes with ABSOLUTELY NO WARRANTY;
This is free software, and you are welcome to redistribute it
under certain conditions. See LICENSE.txt.

Input sensor was set to: RGB-D
Loading settings from /home/bingxin/Downloads/NGD-SLAM/Examples/RGB-D/Bonn.yaml
Camera1.k3 optional parameter does not exist...
	-Loaded camera 1
Camera.newHeight optional parameter does not exist...
Camera.newWidth optional parameter does not exist...
	-Loaded image info
	-Loaded RGB-D calibration
	-Loaded ORB settings
Viewer.imageViewScale optional parameter does not exist...
	-Loaded viewer settings
System.LoadAtlasFromFile optional parameter does not exist...
System.SaveAtlasToFile optional parameter does not exist...
	-Loaded Atlas settings
System.thFarPoints optional parameter does not exist...
	-Loaded misc parameters
----------------------------------
SLAM settings: 
	-Camera 1 parameters (Pinhole): [ 542.823 542.577 315.594 237.756 ]
	-Camera 1 distortion parameters: [  0.039903 -0.099343 -0.00073 -0.000144 ]
	-Original image size: [ 640 , 480 ]
	-Current image size: [ 640 , 480 ]
	-Sequence FPS: 30
	-RGB-D depth map factor: 5000
	-Features per image: 1000
	-ORB scale factor: 1.2
	-ORB number of scales: 8
	-Initial FAST threshold: 20
	-Min FAST threshold: 7


Loading ORB Vocabulary. This could take a while...
Vocabulary loaded!

Initialization of Atlas from scratch 
Creation of new map with id: 0
Creation of new map with last KF id: 0
Seq. Name: 
There are 1 cameras in the atlas
Camera 0 is pinhole
Net use yolo-fastest

-------
Start processing sequence ...
Images in the sequence: 580

First KF:0; Map init KF:0
New Map created with 1209 points
Average processing time of GrabImageRGBD(): 45.5648ms
Frame 0 end
Average processing time of GrabImageRGBD(): 38.8122ms
Frame 1 end
Average processing time of GrabImageRGBD(): 35.7989ms
Frame 2 end
Average processing time of GrabImageRGBD(): 29.8953ms
Frame 3 end
Average processing time of GrabImageRGBD(): 30.1956ms
Frame 4 end
Starting the Viewer
Average processing time of GrabImageRGBD(): 27.8888ms
Frame 5 end
Average processing time of GrabImageRGBD(): 28.5507ms
Frame 6 end
Average processing time of GrabImageRGBD(): 27.0211ms
Frame 7 end
Average processing time of GrabImageRGBD(): 25.071ms
Frame 8 end
Average processing time of GrabImageRGBD(): 23.6049ms
Frame 9 end
Average processing time of GrabImageRGBD(): 22.3458ms
Frame 10 end
Average processing time of GrabImageRGBD(): 23.1583ms
Frame 11 end
Average processing time of GrabImageRGBD(): 22.4194ms
Frame 12 end
Average processing time of GrabImageRGBD(): 21.5294ms
Frame 13 end
Average processing time of GrabImageRGBD(): 20.6944ms
Frame 14 end
Average processing time of GrabImageRGBD(): 20.1671ms
Frame 15 end
Average processing time of GrabImageRGBD(): 19.7563ms
Frame 16 end
Average processing time of GrabImageRGBD(): 19.2801ms
Frame 17 end
Average processing time of GrabImageRGBD(): 20.0257ms
Frame 18 end
Average processing time of GrabImageRGBD(): 19.601ms
Frame 19 end
Average processing time of GrabImageRGBD(): 19.3121ms
Frame 20 end
Average processing time of GrabImageRGBD(): 20.0466ms
Frame 21 end
Average processing time of GrabImageRGBD(): 19.7358ms
Frame 22 end
Average processing time of GrabImageRGBD(): 19.4094ms
Frame 23 end
Average processing time of GrabImageRGBD(): 19.0162ms
Frame 24 end
Average processing time of GrabImageRGBD(): 18.6965ms
Frame 25 end
Average processing time of GrabImageRGBD(): 18.3357ms
Frame 26 end
Average processing time of GrabImageRGBD(): 18.1188ms
Frame 27 end
Average processing time of GrabImageRGBD(): 17.865ms
Frame 28 end
Average processing time of GrabImageRGBD(): 17.7202ms
Frame 29 end
Average processing time of GrabImageRGBD(): 17.5199ms
Frame 30 end
Average processing time of GrabImageRGBD(): 17.2818ms
Frame 31 end
Average processing time of GrabImageRGBD(): 17.8139ms
Frame 32 end
Average processing time of GrabImageRGBD(): 17.5876ms
Frame 33 end
Average processing time of GrabImageRGBD(): 17.3374ms
Frame 34 end
Average processing time of GrabImageRGBD(): 17.7898ms
Frame 35 end
Average processing time of GrabImageRGBD(): 17.6499ms
Frame 36 end
Average processing time of GrabImageRGBD(): 17.4181ms
Frame 37 end
Average processing time of GrabImageRGBD(): 17.7605ms
Frame 38 end
Average processing time of GrabImageRGBD(): 17.6338ms
Frame 39 end
Average processing time of GrabImageRGBD(): 17.5151ms
Frame 40 end
Average processing time of GrabImageRGBD(): 17.3875ms
Frame 41 end
Average processing time of GrabImageRGBD(): 17.7589ms
Frame 42 end
Average processing time of GrabImageRGBD(): 17.5847ms
Frame 43 end
Average processing time of GrabImageRGBD(): 18.1172ms
Frame 44 end
Average processing time of GrabImageRGBD(): 18.0019ms
Frame 45 end
Average processing time of GrabImageRGBD(): 17.8201ms
Frame 46 end
Average processing time of GrabImageRGBD(): 17.6469ms
Frame 47 end
Average processing time of GrabImageRGBD(): 17.9449ms
Frame 48 end
Average processing time of GrabImageRGBD(): 17.8438ms
Frame 49 end
Average processing time of GrabImageRGBD(): 17.6775ms
Frame 50 end
Average processing time of GrabImageRGBD(): 17.9345ms
Frame 51 end
Average processing time of GrabImageRGBD(): 17.8301ms
Frame 52 end
Average processing time of GrabImageRGBD(): 17.6922ms
Frame 53 end
Average processing time of GrabImageRGBD(): 17.9117ms
Frame 54 end
Average processing time of GrabImageRGBD(): 17.8428ms
Frame 55 end
Average processing time of GrabImageRGBD(): 17.6461ms
Frame 56 end
Average processing time of GrabImageRGBD(): 17.4972ms
Frame 57 end
Average processing time of GrabImageRGBD(): 17.3593ms
Frame 58 end
Average processing time of GrabImageRGBD(): 17.6301ms
Frame 59 end
Average processing time of GrabImageRGBD(): 17.5138ms
Frame 60 end
Average processing time of GrabImageRGBD(): 17.3913ms
Frame 61 end
Average processing time of GrabImageRGBD(): 17.6113ms
Frame 62 end
Average processing time of GrabImageRGBD(): 17.506ms
Frame 63 end
Average processing time of GrabImageRGBD(): 17.4222ms
Frame 64 end
Average processing time of GrabImageRGBD(): 17.3002ms
Frame 65 end
Average processing time of GrabImageRGBD(): 17.1754ms
Frame 66 end
Average processing time of GrabImageRGBD(): 17.1053ms
Frame 67 end
Average processing time of GrabImageRGBD(): 16.9871ms
Frame 68 end
Average processing time of GrabImageRGBD(): 17.1722ms
Frame 69 end
Average processing time of GrabImageRGBD(): 17.1025ms
Frame 70 end
Average processing time of GrabImageRGBD(): 17.0093ms
Frame 71 end
Average processing time of GrabImageRGBD(): 17.1839ms
Frame 72 end
Average processing time of GrabImageRGBD(): 17.0955ms
Frame 73 end
Average processing time of GrabImageRGBD(): 17.0377ms
Frame 74 end
Average processing time of GrabImageRGBD(): 16.9459ms
Frame 75 end
Average processing time of GrabImageRGBD(): 16.837ms
Frame 76 end
Average processing time of GrabImageRGBD(): 16.7477ms
Frame 77 end
Average processing time of GrabImageRGBD(): 16.6764ms
Frame 78 end
Average processing time of GrabImageRGBD(): 16.8357ms
Frame 79 end
Average processing time of GrabImageRGBD(): 16.7904ms
Frame 80 end
Average processing time of GrabImageRGBD(): 16.7068ms
Frame 81 end
Average processing time of GrabImageRGBD(): 16.8943ms
Frame 82 end
Average processing time of GrabImageRGBD(): 16.8312ms
Frame 83 end
Average processing time of GrabImageRGBD(): 16.7858ms
Frame 84 end
Average processing time of GrabImageRGBD(): 16.9826ms
Frame 85 end
Average processing time of GrabImageRGBD(): 16.9132ms
Frame 86 end
Average processing time of GrabImageRGBD(): 16.8995ms
Frame 87 end
Average processing time of GrabImageRGBD(): 16.818ms
Frame 88 end
Average processing time of GrabImageRGBD(): 16.9922ms
Frame 89 end
Average processing time of GrabImageRGBD(): 16.9587ms
Frame 90 end
Average processing time of GrabImageRGBD(): 16.8603ms
Frame 91 end
Average processing time of GrabImageRGBD(): 16.7781ms
Frame 92 end
Average processing time of GrabImageRGBD(): 16.9601ms
Frame 93 end
Average processing time of GrabImageRGBD(): 16.884ms
Frame 94 end
Average processing time of GrabImageRGBD(): 16.808ms
Frame 95 end
Average processing time of GrabImageRGBD(): 16.7596ms
Frame 96 end
Average processing time of GrabImageRGBD(): 16.9504ms
Frame 97 end
Average processing time of GrabImageRGBD(): 16.8884ms
Frame 98 end
Average processing time of GrabImageRGBD(): 16.8316ms
Frame 99 end
Average processing time of GrabImageRGBD(): 16.7604ms
Frame 100 end
Average processing time of GrabImageRGBD(): 16.9421ms
Frame 101 end
Average processing time of GrabImageRGBD(): 16.9129ms
Frame 102 end
Average processing time of GrabImageRGBD(): 16.857ms
Frame 103 end
Average processing time of GrabImageRGBD(): 16.785ms
Frame 104 end
Average processing time of GrabImageRGBD(): 16.9595ms
Frame 105 end
Average processing time of GrabImageRGBD(): 16.9306ms
Frame 106 end
Average processing time of GrabImageRGBD(): 16.9026ms
Frame 107 end
Average processing time of GrabImageRGBD(): 16.8665ms
Frame 108 end
Average processing time of GrabImageRGBD(): 17.016ms
Frame 109 end
Average processing time of GrabImageRGBD(): 16.9487ms
Frame 110 end
Average processing time of GrabImageRGBD(): 16.927ms
Frame 111 end
Average processing time of GrabImageRGBD(): 16.9163ms
Frame 112 end
Average processing time of GrabImageRGBD(): 16.8795ms
Frame 113 end
Average processing time of GrabImageRGBD(): 17.0631ms
Frame 114 end
Average processing time of GrabImageRGBD(): 17.0083ms
Frame 115 end
Average processing time of GrabImageRGBD(): 16.9474ms
Frame 116 end
Average processing time of GrabImageRGBD(): 16.8966ms
Frame 117 end
Average processing time of GrabImageRGBD(): 16.8726ms
Frame 118 end
Average processing time of GrabImageRGBD(): 17.0178ms
Frame 119 end
Average processing time of GrabImageRGBD(): 16.9838ms
Frame 120 end
Average processing time of GrabImageRGBD(): 16.9717ms
Frame 121 end
Average processing time of GrabImageRGBD(): 16.9292ms
Frame 122 end
Average processing time of GrabImageRGBD(): 16.9015ms
Frame 123 end
Average processing time of GrabImageRGBD(): 17.0522ms
Frame 124 end
Average processing time of GrabImageRGBD(): 17.0348ms
Frame 125 end
Average processing time of GrabImageRGBD(): 17.0167ms
Frame 126 end
Average processing time of GrabImageRGBD(): 16.9903ms
Frame 127 end
Average processing time of GrabImageRGBD(): 16.9314ms
Frame 128 end
Average processing time of GrabImageRGBD(): 17.13ms
Frame 129 end
Average processing time of GrabImageRGBD(): 17.0812ms
Frame 130 end
Average processing time of GrabImageRGBD(): 17.0376ms
Frame 131 end
Average processing time of GrabImageRGBD(): 17.0194ms
Frame 132 end
Average processing time of GrabImageRGBD(): 16.9915ms
Frame 133 end
Average processing time of GrabImageRGBD(): 16.9372ms
Frame 134 end
Average processing time of GrabImageRGBD(): 17.141ms
Frame 135 end
Average processing time of GrabImageRGBD(): 17.1259ms
Frame 136 end
Average processing time of GrabImageRGBD(): 17.0831ms
Frame 137 end
Average processing time of GrabImageRGBD(): 17.0299ms
Frame 138 end
Average processing time of GrabImageRGBD(): 17.1688ms
Frame 139 end
Average processing time of GrabImageRGBD(): 17.1448ms
Frame 140 end
Average processing time of GrabImageRGBD(): 17.09ms
Frame 141 end
Average processing time of GrabImageRGBD(): 17.0464ms
Frame 142 end
Average processing time of GrabImageRGBD(): 17.0171ms
Frame 143 end
Average processing time of GrabImageRGBD(): 17.148ms
Frame 144 end
Average processing time of GrabImageRGBD(): 17.0893ms
Frame 145 end
Average processing time of GrabImageRGBD(): 17.0663ms
Frame 146 end
Average processing time of GrabImageRGBD(): 17.0108ms
Frame 147 end
Average processing time of GrabImageRGBD(): 16.9756ms
Frame 148 end
Average processing time of GrabImageRGBD(): 17.1719ms
Frame 149 end
Average processing time of GrabImageRGBD(): 17.1271ms
Frame 150 end
Average processing time of GrabImageRGBD(): 17.107ms
Frame 151 end
Average processing time of GrabImageRGBD(): 17.0648ms
Frame 152 end
Average processing time of GrabImageRGBD(): 17.0464ms
Frame 153 end
Average processing time of GrabImageRGBD(): 17.177ms
Frame 154 end
Average processing time of GrabImageRGBD(): 17.141ms
Frame 155 end
Average processing time of GrabImageRGBD(): 17.1282ms
Frame 156 end
Average processing time of GrabImageRGBD(): 17.0968ms
Frame 157 end
Average processing time of GrabImageRGBD(): 17.0575ms
Frame 158 end
Average processing time of GrabImageRGBD(): 17.0332ms
Frame 159 end
Average processing time of GrabImageRGBD(): 17.0089ms
Frame 160 end
Average processing time of GrabImageRGBD(): 17.1766ms
Frame 161 end
Average processing time of GrabImageRGBD(): 17.1423ms
Frame 162 end
Average processing time of GrabImageRGBD(): 17.1165ms
Frame 163 end
Average processing time of GrabImageRGBD(): 17.097ms
Frame 164 end
Average processing time of GrabImageRGBD(): 17.0735ms
Frame 165 end
Average processing time of GrabImageRGBD(): 17.0381ms
Frame 166 end
Average processing time of GrabImageRGBD(): 17.1413ms
Frame 167 end
Average processing time of GrabImageRGBD(): 17.1226ms
Frame 168 end
Average processing time of GrabImageRGBD(): 17.0784ms
Frame 169 end
Average processing time of GrabImageRGBD(): 17.0624ms
Frame 170 end
Average processing time of GrabImageRGBD(): 17.0461ms
Frame 171 end
Average processing time of GrabImageRGBD(): 17.1319ms
Frame 172 end
Average processing time of GrabImageRGBD(): 17.1166ms
Frame 173 end
Average processing time of GrabImageRGBD(): 17.0838ms
Frame 174 end
Average processing time of GrabImageRGBD(): 17.0462ms
Frame 175 end
Average processing time of GrabImageRGBD(): 17.0205ms
Frame 176 end
Average processing time of GrabImageRGBD(): 17.1192ms
Frame 177 end
Average processing time of GrabImageRGBD(): 17.0783ms
Frame 178 end
Average processing time of GrabImageRGBD(): 17.0531ms
Frame 179 end
Average processing time of GrabImageRGBD(): 17.0331ms
Frame 180 end
Average processing time of GrabImageRGBD(): 17.0007ms
Frame 181 end
Average processing time of GrabImageRGBD(): 17.1083ms
Frame 182 end
Average processing time of GrabImageRGBD(): 17.0793ms
Frame 183 end
Average processing time of GrabImageRGBD(): 17.0515ms
Frame 184 end
Average processing time of GrabImageRGBD(): 17.0203ms
Frame 185 end
Average processing time of GrabImageRGBD(): 16.9922ms
Frame 186 end
Average processing time of GrabImageRGBD(): 17.1076ms
Frame 187 end
Average processing time of GrabImageRGBD(): 17.111ms
Frame 188 end
Average processing time of GrabImageRGBD(): 17.0903ms
Frame 189 end
Average processing time of GrabImageRGBD(): 17.0705ms
Frame 190 end
Average processing time of GrabImageRGBD(): 17.058ms
Frame 191 end
Average processing time of GrabImageRGBD(): 17.0346ms
Frame 192 end
Average processing time of GrabImageRGBD(): 17.1228ms
Frame 193 end
Average processing time of GrabImageRGBD(): 17.1081ms
Frame 194 end
Average processing time of GrabImageRGBD(): 17.073ms
Frame 195 end
Average processing time of GrabImageRGBD(): 17.0401ms
Frame 196 end
Average processing time of GrabImageRGBD(): 17.1037ms
Frame 197 end
Average processing time of GrabImageRGBD(): 17.0751ms
Frame 198 end
Average processing time of GrabImageRGBD(): 17.0437ms
Frame 199 end
Average processing time of GrabImageRGBD(): 17.0126ms
Frame 200 end
Average processing time of GrabImageRGBD(): 17.1024ms
Frame 201 end
Average processing time of GrabImageRGBD(): 17.0766ms
Frame 202 end
Average processing time of GrabImageRGBD(): 17.0426ms
Frame 203 end
Average processing time of GrabImageRGBD(): 17.0038ms
Frame 204 end
Average processing time of GrabImageRGBD(): 17.0863ms
Frame 205 end
Average processing time of GrabImageRGBD(): 17.076ms
Frame 206 end
Average processing time of GrabImageRGBD(): 17.0446ms
Frame 207 end
Average processing time of GrabImageRGBD(): 17.0147ms
Frame 208 end
Average processing time of GrabImageRGBD(): 17.1066ms
Frame 209 end
Average processing time of GrabImageRGBD(): 17.0782ms
Frame 210 end
Average processing time of GrabImageRGBD(): 17.0524ms
Frame 211 end
Average processing time of GrabImageRGBD(): 17.0294ms
Frame 212 end
Average processing time of GrabImageRGBD(): 17.1885ms
Frame 213 end
Average processing time of GrabImageRGBD(): 17.1683ms
Frame 214 end
Average processing time of GrabImageRGBD(): 17.1416ms
Frame 215 end
Average processing time of GrabImageRGBD(): 17.114ms
Frame 216 end
Average processing time of GrabImageRGBD(): 17.2321ms
Frame 217 end
Average processing time of GrabImageRGBD(): 17.2173ms
Frame 218 end
Average processing time of GrabImageRGBD(): 17.2269ms
Frame 219 end
Average processing time of GrabImageRGBD(): 17.2072ms
Frame 220 end
Average processing time of GrabImageRGBD(): 17.2215ms
Frame 221 end
Average processing time of GrabImageRGBD(): 17.1929ms
Frame 222 end
Average processing time of GrabImageRGBD(): 17.3175ms
Frame 223 end
Average processing time of GrabImageRGBD(): 17.3216ms
Frame 224 end
Average processing time of GrabImageRGBD(): 17.2989ms
Frame 225 end
Average processing time of GrabImageRGBD(): 17.2862ms
Frame 226 end
Average processing time of GrabImageRGBD(): 17.2521ms
Frame 227 end
Average processing time of GrabImageRGBD(): 17.3519ms
Frame 228 end
Average processing time of GrabImageRGBD(): 17.3576ms
Frame 229 end
Average processing time of GrabImageRGBD(): 17.365ms
Frame 230 end
Average processing time of GrabImageRGBD(): 17.3802ms
Frame 231 end
Average processing time of GrabImageRGBD(): 17.3794ms
Frame 232 end
Average processing time of GrabImageRGBD(): 17.5418ms
Frame 233 end
Average processing time of GrabImageRGBD(): 17.5417ms
Frame 234 end
Average processing time of GrabImageRGBD(): 17.5367ms
Frame 235 end
Average processing time of GrabImageRGBD(): 17.5253ms
Frame 236 end
Average processing time of GrabImageRGBD(): 17.5302ms
Frame 237 end
Average processing time of GrabImageRGBD(): 17.6317ms
Frame 238 end
Average processing time of GrabImageRGBD(): 17.6218ms
Frame 239 end
Average processing time of GrabImageRGBD(): 17.6087ms
Frame 240 end
Average processing time of GrabImageRGBD(): 17.5936ms
Frame 241 end
Average processing time of GrabImageRGBD(): 17.6838ms
Frame 242 end
Average processing time of GrabImageRGBD(): 17.6592ms
Frame 243 end
Average processing time of GrabImageRGBD(): 17.6469ms
Frame 244 end
Average processing time of GrabImageRGBD(): 17.6485ms
Frame 245 end
Average processing time of GrabImageRGBD(): 17.6208ms
Frame 246 end
Average processing time of GrabImageRGBD(): 17.7143ms
Frame 247 end
Average processing time of GrabImageRGBD(): 17.7223ms
Frame 248 end
Average processing time of GrabImageRGBD(): 17.7049ms
Frame 249 end
Average processing time of GrabImageRGBD(): 17.6918ms
Frame 250 end
Average processing time of GrabImageRGBD(): 17.7699ms
Frame 251 end
Average processing time of GrabImageRGBD(): 17.7539ms
Frame 252 end
Average processing time of GrabImageRGBD(): 17.7341ms
Frame 253 end
Average processing time of GrabImageRGBD(): 17.7111ms
Frame 254 end
Average processing time of GrabImageRGBD(): 17.7889ms
Frame 255 end
Average processing time of GrabImageRGBD(): 17.7833ms
Frame 256 end
Average processing time of GrabImageRGBD(): 17.767ms
Frame 257 end
Average processing time of GrabImageRGBD(): 17.7512ms
Frame 258 end
Average processing time of GrabImageRGBD(): 17.7184ms
Frame 259 end
Average processing time of GrabImageRGBD(): 17.69ms
Frame 260 end
Average processing time of GrabImageRGBD(): 17.7678ms
Frame 261 end
Average processing time of GrabImageRGBD(): 17.7685ms
Frame 262 end
Average processing time of GrabImageRGBD(): 17.7551ms
Frame 263 end
Average processing time of GrabImageRGBD(): 17.7438ms
Frame 264 end
Average processing time of GrabImageRGBD(): 17.838ms
Frame 265 end
Average processing time of GrabImageRGBD(): 17.8488ms
Frame 266 end
Average processing time of GrabImageRGBD(): 17.8403ms
Frame 267 end
Average processing time of GrabImageRGBD(): 17.829ms
Frame 268 end
Average processing time of GrabImageRGBD(): 17.819ms
Frame 269 end
Average processing time of GrabImageRGBD(): 17.8036ms
Frame 270 end
Average processing time of GrabImageRGBD(): 17.7897ms
Frame 271 end
Average processing time of GrabImageRGBD(): 17.8616ms
Frame 272 end
Average processing time of GrabImageRGBD(): 17.8484ms
Frame 273 end
Average processing time of GrabImageRGBD(): 17.8302ms
Frame 274 end
Average processing time of GrabImageRGBD(): 17.8165ms
Frame 275 end
Average processing time of GrabImageRGBD(): 17.8956ms
Frame 276 end
Average processing time of GrabImageRGBD(): 17.8709ms
Frame 277 end
Average processing time of GrabImageRGBD(): 17.8523ms
Frame 278 end
Average processing time of GrabImageRGBD(): 17.8381ms
Frame 279 end
Average processing time of GrabImageRGBD(): 17.8291ms
Frame 280 end
Average processing time of GrabImageRGBD(): 17.8111ms
Frame 281 end
Average processing time of GrabImageRGBD(): 17.8947ms
Frame 282 end
Average processing time of GrabImageRGBD(): 17.8753ms
Frame 283 end
Average processing time of GrabImageRGBD(): 17.8627ms
Frame 284 end
Average processing time of GrabImageRGBD(): 17.8477ms
Frame 285 end
Average processing time of GrabImageRGBD(): 17.9164ms
Frame 286 end
Average processing time of GrabImageRGBD(): 17.9069ms
Frame 287 end
Average processing time of GrabImageRGBD(): 17.8896ms
Frame 288 end
Average processing time of GrabImageRGBD(): 17.8718ms
Frame 289 end
Average processing time of GrabImageRGBD(): 17.8481ms
Frame 290 end
Average processing time of GrabImageRGBD(): 17.8321ms
Frame 291 end
Average processing time of GrabImageRGBD(): 17.817ms
Frame 292 end
Average processing time of GrabImageRGBD(): 17.8004ms
Frame 293 end
Average processing time of GrabImageRGBD(): 17.7755ms
Frame 294 end
Average processing time of GrabImageRGBD(): 17.7552ms
Frame 295 end
Average processing time of GrabImageRGBD(): 17.7412ms
Frame 296 end
Average processing time of GrabImageRGBD(): 17.7244ms
Frame 297 end
Average processing time of GrabImageRGBD(): 17.7877ms
Frame 298 end
Average processing time of GrabImageRGBD(): 17.7563ms
Frame 299 end
Average processing time of GrabImageRGBD(): 17.7314ms
Frame 300 end
Average processing time of GrabImageRGBD(): 17.7189ms
Frame 301 end
Average processing time of GrabImageRGBD(): 17.7014ms
Frame 302 end
Average processing time of GrabImageRGBD(): 17.7571ms
Frame 303 end
Average processing time of GrabImageRGBD(): 17.7425ms
Frame 304 end
Average processing time of GrabImageRGBD(): 17.7209ms
Frame 305 end
Average processing time of GrabImageRGBD(): 17.7009ms
Frame 306 end
Average processing time of GrabImageRGBD(): 17.6567ms
Frame 307 end
Average processing time of GrabImageRGBD(): 17.6127ms
Frame 308 end
Average processing time of GrabImageRGBD(): 17.5675ms
Frame 309 end
Average processing time of GrabImageRGBD(): 17.5235ms
Frame 310 end
Average processing time of GrabImageRGBD(): 17.4797ms
Frame 311 end
Average processing time of GrabImageRGBD(): 17.5178ms
Frame 312 end
Average processing time of GrabImageRGBD(): 17.477ms
Frame 313 end
Average processing time of GrabImageRGBD(): 17.4526ms
Frame 314 end
Average processing time of GrabImageRGBD(): 17.4163ms
Frame 315 end
Average processing time of GrabImageRGBD(): 17.3898ms
Frame 316 end
Average processing time of GrabImageRGBD(): 17.4375ms
Frame 317 end
Average processing time of GrabImageRGBD(): 17.3976ms
Frame 318 end
Average processing time of GrabImageRGBD(): 17.3742ms
Frame 319 end
Average processing time of GrabImageRGBD(): 17.3312ms
Frame 320 end
Average processing time of GrabImageRGBD(): 17.3015ms
Frame 321 end
Average processing time of GrabImageRGBD(): 17.3327ms
Frame 322 end
Average processing time of GrabImageRGBD(): 17.2938ms
Frame 323 end
Average processing time of GrabImageRGBD(): 17.2488ms
Frame 324 end
Average processing time of GrabImageRGBD(): 17.2121ms
Frame 325 end
Average processing time of GrabImageRGBD(): 17.1873ms
Frame 326 end
Average processing time of GrabImageRGBD(): 17.2273ms
Frame 327 end
Average processing time of GrabImageRGBD(): 17.207ms
Frame 328 end
Average processing time of GrabImageRGBD(): 17.1663ms
Frame 329 end
Average processing time of GrabImageRGBD(): 17.1247ms
Frame 330 end
Average processing time of GrabImageRGBD(): 17.0996ms
Frame 331 end
Average processing time of GrabImageRGBD(): 17.1346ms
Frame 332 end
Average processing time of GrabImageRGBD(): 17.1135ms
Frame 333 end
Average processing time of GrabImageRGBD(): 17.0895ms
Frame 334 end
Average processing time of GrabImageRGBD(): 17.0536ms
Frame 335 end
Average processing time of GrabImageRGBD(): 17.0176ms
Frame 336 end
Average processing time of GrabImageRGBD(): 17.0518ms
Frame 337 end
Average processing time of GrabImageRGBD(): 17.0151ms
Frame 338 end
Average processing time of GrabImageRGBD(): 16.979ms
Frame 339 end
Average processing time of GrabImageRGBD(): 16.9434ms
Frame 340 end
Average processing time of GrabImageRGBD(): 16.9075ms
Frame 341 end
Average processing time of GrabImageRGBD(): 16.8781ms
Frame 342 end
Average processing time of GrabImageRGBD(): 16.9151ms
Frame 343 end
Average processing time of GrabImageRGBD(): 16.8789ms
Frame 344 end
Average processing time of GrabImageRGBD(): 16.8408ms
Frame 345 end
Average processing time of GrabImageRGBD(): 16.8026ms
Frame 346 end
Average processing time of GrabImageRGBD(): 16.7663ms
Frame 347 end
Average processing time of GrabImageRGBD(): 16.7411ms
Frame 348 end
Average processing time of GrabImageRGBD(): 16.785ms
Frame 349 end
Average processing time of GrabImageRGBD(): 16.7598ms
Frame 350 end
Average processing time of GrabImageRGBD(): 16.7232ms
Frame 351 end
Average processing time of GrabImageRGBD(): 16.7018ms
Frame 352 end
Average processing time of GrabImageRGBD(): 16.6821ms
Frame 353 end
Average processing time of GrabImageRGBD(): 16.6502ms
Frame 354 end
Average processing time of GrabImageRGBD(): 16.6245ms
Frame 355 end
Average processing time of GrabImageRGBD(): 16.6585ms
Frame 356 end
Average processing time of GrabImageRGBD(): 16.642ms
Frame 357 end
Average processing time of GrabImageRGBD(): 16.6204ms
Frame 358 end
Average processing time of GrabImageRGBD(): 16.5851ms
Frame 359 end
Average processing time of GrabImageRGBD(): 16.5663ms
Frame 360 end
Average processing time of GrabImageRGBD(): 16.5428ms
Frame 361 end
Average processing time of GrabImageRGBD(): 16.5769ms
Frame 362 end
Average processing time of GrabImageRGBD(): 16.5652ms
Frame 363 end
Average processing time of GrabImageRGBD(): 16.5303ms
Frame 364 end
Average processing time of GrabImageRGBD(): 16.4966ms
Frame 365 end
Average processing time of GrabImageRGBD(): 16.4774ms
Frame 366 end
Average processing time of GrabImageRGBD(): 16.461ms
Frame 367 end
Average processing time of GrabImageRGBD(): 16.4385ms
Frame 368 end
Average processing time of GrabImageRGBD(): 16.4723ms
Frame 369 end
Average processing time of GrabImageRGBD(): 16.4561ms
Frame 370 end
Average processing time of GrabImageRGBD(): 16.4398ms
Frame 371 end
Average processing time of GrabImageRGBD(): 16.4216ms
Frame 372 end
Average processing time of GrabImageRGBD(): 16.3863ms
Frame 373 end
Average processing time of GrabImageRGBD(): 16.3521ms
Frame 374 end
Average processing time of GrabImageRGBD(): 16.3933ms
Frame 375 end
Average processing time of GrabImageRGBD(): 16.3796ms
Frame 376 end
Average processing time of GrabImageRGBD(): 16.3609ms
Frame 377 end
Average processing time of GrabImageRGBD(): 16.3277ms
Frame 378 end
Average processing time of GrabImageRGBD(): 16.2976ms
Frame 379 end
Average processing time of GrabImageRGBD(): 16.2767ms
Frame 380 end
Average processing time of GrabImageRGBD(): 16.259ms
Frame 381 end
Average processing time of GrabImageRGBD(): 16.3035ms
Frame 382 end
Average processing time of GrabImageRGBD(): 16.2881ms
Frame 383 end
Average processing time of GrabImageRGBD(): 16.271ms
Frame 384 end
Average processing time of GrabImageRGBD(): 16.2389ms
Frame 385 end
Average processing time of GrabImageRGBD(): 16.2174ms
Frame 386 end
Average processing time of GrabImageRGBD(): 16.1953ms
Frame 387 end
Average processing time of GrabImageRGBD(): 16.2357ms
Frame 388 end
Average processing time of GrabImageRGBD(): 16.2041ms
Frame 389 end
Average processing time of GrabImageRGBD(): 16.1781ms
Frame 390 end
Average processing time of GrabImageRGBD(): 16.1555ms
Frame 391 end
Average processing time of GrabImageRGBD(): 16.1326ms
Frame 392 end
Average processing time of GrabImageRGBD(): 16.0997ms
Frame 393 end
Average processing time of GrabImageRGBD(): 16.1322ms
Frame 394 end
Average processing time of GrabImageRGBD(): 16.1108ms
Frame 395 end
Average processing time of GrabImageRGBD(): 16.0779ms
Frame 396 end
Average processing time of GrabImageRGBD(): 16.0492ms
Frame 397 end
Average processing time of GrabImageRGBD(): 16.0271ms
Frame 398 end
Average processing time of GrabImageRGBD(): 15.9952ms
Frame 399 end
Average processing time of GrabImageRGBD(): 16.0267ms
Frame 400 end
Average processing time of GrabImageRGBD(): 16.0016ms
Frame 401 end
Average processing time of GrabImageRGBD(): 15.9708ms
Frame 402 end
Average processing time of GrabImageRGBD(): 15.9453ms
Frame 403 end
Average processing time of GrabImageRGBD(): 15.914ms
Frame 404 end
Average processing time of GrabImageRGBD(): 15.8858ms
Frame 405 end
Average processing time of GrabImageRGBD(): 15.9255ms
Frame 406 end
Average processing time of GrabImageRGBD(): 15.9069ms
Frame 407 end
Average processing time of GrabImageRGBD(): 15.8871ms
Frame 408 end
Average processing time of GrabImageRGBD(): 15.8664ms
Frame 409 end
Average processing time of GrabImageRGBD(): 15.8393ms
Frame 410 end
Average processing time of GrabImageRGBD(): 15.8147ms
Frame 411 end
Average processing time of GrabImageRGBD(): 15.7849ms
Frame 412 end
Average processing time of GrabImageRGBD(): 15.8128ms
Frame 413 end
Average processing time of GrabImageRGBD(): 15.7831ms
Frame 414 end
Average processing time of GrabImageRGBD(): 15.7619ms
Frame 415 end
Average processing time of GrabImageRGBD(): 15.7375ms
Frame 416 end
Average processing time of GrabImageRGBD(): 15.7118ms
Frame 417 end
Average processing time of GrabImageRGBD(): 15.684ms
Frame 418 end
Average processing time of GrabImageRGBD(): 15.6573ms
Frame 419 end
Average processing time of GrabImageRGBD(): 15.6876ms
Frame 420 end
Average processing time of GrabImageRGBD(): 15.6593ms
Frame 421 end
Average processing time of GrabImageRGBD(): 15.6391ms
Frame 422 end
Average processing time of GrabImageRGBD(): 15.612ms
Frame 423 end
Average processing time of GrabImageRGBD(): 15.5874ms
Frame 424 end
Average processing time of GrabImageRGBD(): 15.5579ms
Frame 425 end
Average processing time of GrabImageRGBD(): 15.589ms
Frame 426 end
Average processing time of GrabImageRGBD(): 15.5732ms
Frame 427 end
Average processing time of GrabImageRGBD(): 15.5558ms
Frame 428 end
Average processing time of GrabImageRGBD(): 15.5271ms
Frame 429 end
Average processing time of GrabImageRGBD(): 15.5068ms
Frame 430 end
Average processing time of GrabImageRGBD(): 15.4793ms
Frame 431 end
Average processing time of GrabImageRGBD(): 15.5128ms
Frame 432 end
Average processing time of GrabImageRGBD(): 15.5033ms
Frame 433 end
Average processing time of GrabImageRGBD(): 15.475ms
Frame 434 end
Average processing time of GrabImageRGBD(): 15.4556ms
Frame 435 end
Average processing time of GrabImageRGBD(): 15.4366ms
Frame 436 end
Average processing time of GrabImageRGBD(): 15.4161ms
Frame 437 end
Average processing time of GrabImageRGBD(): 15.3907ms
Frame 438 end
Average processing time of GrabImageRGBD(): 15.4213ms
Frame 439 end
Average processing time of GrabImageRGBD(): 15.4085ms
Frame 440 end
Average processing time of GrabImageRGBD(): 15.3902ms
Frame 441 end
Average processing time of GrabImageRGBD(): 15.3756ms
Frame 442 end
Average processing time of GrabImageRGBD(): 15.357ms
Frame 443 end
Average processing time of GrabImageRGBD(): 15.3421ms
Frame 444 end
Average processing time of GrabImageRGBD(): 15.3775ms
Frame 445 end
Average processing time of GrabImageRGBD(): 15.3625ms
Frame 446 end
Average processing time of GrabImageRGBD(): 15.3399ms
Frame 447 end
Average processing time of GrabImageRGBD(): 15.3255ms
Frame 448 end
Average processing time of GrabImageRGBD(): 15.3ms
Frame 449 end
Average processing time of GrabImageRGBD(): 15.2866ms
Frame 450 end
Average processing time of GrabImageRGBD(): 15.2618ms
Frame 451 end
Average processing time of GrabImageRGBD(): 15.3014ms
Frame 452 end
Average processing time of GrabImageRGBD(): 15.2768ms
Frame 453 end
Average processing time of GrabImageRGBD(): 15.261ms
Frame 454 end
Average processing time of GrabImageRGBD(): 15.2391ms
Frame 455 end
Average processing time of GrabImageRGBD(): 15.2202ms
Frame 456 end
Average processing time of GrabImageRGBD(): 15.193ms
Frame 457 end
Average processing time of GrabImageRGBD(): 15.1684ms
Frame 458 end
Average processing time of GrabImageRGBD(): 15.2005ms
Frame 459 end
Average processing time of GrabImageRGBD(): 15.1895ms
Frame 460 end
Average processing time of GrabImageRGBD(): 15.1653ms
Frame 461 end
Average processing time of GrabImageRGBD(): 15.1403ms
Frame 462 end
Average processing time of GrabImageRGBD(): 15.1252ms
Frame 463 end
Average processing time of GrabImageRGBD(): 15.1054ms
Frame 464 end
Average processing time of GrabImageRGBD(): 15.0834ms
Frame 465 end
Average processing time of GrabImageRGBD(): 15.0656ms
Frame 466 end
Average processing time of GrabImageRGBD(): 15.0969ms
Frame 467 end
Average processing time of GrabImageRGBD(): 15.0804ms
Frame 468 end
Average processing time of GrabImageRGBD(): 15.0646ms
Frame 469 end
Average processing time of GrabImageRGBD(): 15.0429ms
Frame 470 end
Average processing time of GrabImageRGBD(): 15.0214ms
Frame 471 end
Average processing time of GrabImageRGBD(): 14.9969ms
Frame 472 end
Average processing time of GrabImageRGBD(): 14.9795ms
Frame 473 end
Average processing time of GrabImageRGBD(): 14.9615ms
Frame 474 end
Average processing time of GrabImageRGBD(): 14.9946ms
Frame 475 end
Average processing time of GrabImageRGBD(): 14.973ms
Frame 476 end
Average processing time of GrabImageRGBD(): 14.9579ms
Frame 477 end
Average processing time of GrabImageRGBD(): 14.9433ms
Frame 478 end
Average processing time of GrabImageRGBD(): 14.9196ms
Frame 479 end
Average processing time of GrabImageRGBD(): 14.9034ms
Frame 480 end
Average processing time of GrabImageRGBD(): 14.8855ms
Frame 481 end
Average processing time of GrabImageRGBD(): 14.8608ms
Frame 482 end
Average processing time of GrabImageRGBD(): 14.838ms
Frame 483 end
Average processing time of GrabImageRGBD(): 14.8701ms
Frame 484 end
Average processing time of GrabImageRGBD(): 14.8575ms
Frame 485 end
Average processing time of GrabImageRGBD(): 14.8341ms
Frame 486 end
Average processing time of GrabImageRGBD(): 14.816ms
Frame 487 end
Average processing time of GrabImageRGBD(): 14.7945ms
Frame 488 end
Average processing time of GrabImageRGBD(): 14.7789ms
Frame 489 end
Average processing time of GrabImageRGBD(): 14.7574ms
Frame 490 end
Average processing time of GrabImageRGBD(): 14.7376ms
Frame 491 end
Average processing time of GrabImageRGBD(): 14.7672ms
Frame 492 end
Average processing time of GrabImageRGBD(): 14.748ms
Frame 493 end
Average processing time of GrabImageRGBD(): 14.731ms
Frame 494 end
Average processing time of GrabImageRGBD(): 14.7132ms
Frame 495 end
Average processing time of GrabImageRGBD(): 14.6951ms
Frame 496 end
Average processing time of GrabImageRGBD(): 14.6727ms
Frame 497 end
Average processing time of GrabImageRGBD(): 14.6559ms
Frame 498 end
Average processing time of GrabImageRGBD(): 14.6354ms
Frame 499 end
Average processing time of GrabImageRGBD(): 14.6643ms
Frame 500 end
Average processing time of GrabImageRGBD(): 14.6532ms
Frame 501 end
Average processing time of GrabImageRGBD(): 14.6332ms
Frame 502 end
Average processing time of GrabImageRGBD(): 14.6164ms
Frame 503 end
Average processing time of GrabImageRGBD(): 14.5942ms
Frame 504 end
Average processing time of GrabImageRGBD(): 14.5782ms
Frame 505 end
Average processing time of GrabImageRGBD(): 14.5623ms
Frame 506 end
Average processing time of GrabImageRGBD(): 14.5459ms
Frame 507 end
Average processing time of GrabImageRGBD(): 14.5715ms
Frame 508 end
Average processing time of GrabImageRGBD(): 14.5583ms
Frame 509 end
Average processing time of GrabImageRGBD(): 14.5454ms
Frame 510 end
Average processing time of GrabImageRGBD(): 14.5323ms
Frame 511 end
Average processing time of GrabImageRGBD(): 14.5191ms
Frame 512 end
Average processing time of GrabImageRGBD(): 14.506ms
Frame 513 end
Average processing time of GrabImageRGBD(): 14.4925ms
Frame 514 end
Average processing time of GrabImageRGBD(): 14.4742ms
Frame 515 end
Average processing time of GrabImageRGBD(): 14.5028ms
Frame 516 end
Average processing time of GrabImageRGBD(): 14.4941ms
Frame 517 end
Average processing time of GrabImageRGBD(): 14.4839ms
Frame 518 end
Average processing time of GrabImageRGBD(): 14.4727ms
Frame 519 end
Average processing time of GrabImageRGBD(): 14.4615ms
Frame 520 end
Average processing time of GrabImageRGBD(): 14.4505ms
Frame 521 end
Average processing time of GrabImageRGBD(): 14.4397ms
Frame 522 end
Average processing time of GrabImageRGBD(): 14.4283ms
Frame 523 end
Average processing time of GrabImageRGBD(): 14.4606ms
Frame 524 end
Average processing time of GrabImageRGBD(): 14.4529ms
Frame 525 end
Average processing time of GrabImageRGBD(): 14.443ms
Frame 526 end
Average processing time of GrabImageRGBD(): 14.4224ms
Frame 527 end
Average processing time of GrabImageRGBD(): 14.4017ms
Frame 528 end
Average processing time of GrabImageRGBD(): 14.3879ms
Frame 529 end
Average processing time of GrabImageRGBD(): 14.3674ms
Frame 530 end
Average processing time of GrabImageRGBD(): 14.3468ms
Frame 531 end
Average processing time of GrabImageRGBD(): 14.3766ms
Frame 532 end
Average processing time of GrabImageRGBD(): 14.364ms
Frame 533 end
Average processing time of GrabImageRGBD(): 14.3439ms
Frame 534 end
Average processing time of GrabImageRGBD(): 14.3244ms
Frame 535 end
Average processing time of GrabImageRGBD(): 14.3041ms
Frame 536 end
Average processing time of GrabImageRGBD(): 14.2838ms
Frame 537 end
Average processing time of GrabImageRGBD(): 14.2766ms
Frame 538 end
Average processing time of GrabImageRGBD(): 14.2651ms
Frame 539 end
Average processing time of GrabImageRGBD(): 14.2968ms
Frame 540 end
Average processing time of GrabImageRGBD(): 14.28ms
Frame 541 end
Average processing time of GrabImageRGBD(): 14.2644ms
Frame 542 end
Average processing time of GrabImageRGBD(): 14.2549ms
Frame 543 end
Average processing time of GrabImageRGBD(): 14.2454ms
Frame 544 end
Average processing time of GrabImageRGBD(): 14.2265ms
Frame 545 end
Average processing time of GrabImageRGBD(): 14.2163ms
Frame 546 end
Average processing time of GrabImageRGBD(): 14.1966ms
Frame 547 end
Average processing time of GrabImageRGBD(): 14.1868ms
Frame 548 end
Average processing time of GrabImageRGBD(): 14.1704ms
Frame 549 end
Average processing time of GrabImageRGBD(): 14.1601ms
Frame 550 end
Average processing time of GrabImageRGBD(): 14.1421ms
Frame 551 end
Average processing time of GrabImageRGBD(): 14.1308ms
Frame 552 end
Average processing time of GrabImageRGBD(): 14.1205ms
Frame 553 end
Average processing time of GrabImageRGBD(): 14.1013ms
Frame 554 end
Average processing time of GrabImageRGBD(): 14.0909ms
Frame 555 end
Average processing time of GrabImageRGBD(): 14.0751ms
Frame 556 end
Average processing time of GrabImageRGBD(): 14.0656ms
Frame 557 end
Average processing time of GrabImageRGBD(): 14.0556ms
Frame 558 end
Average processing time of GrabImageRGBD(): 14.0465ms
Frame 559 end
Average processing time of GrabImageRGBD(): 14.0316ms
Frame 560 end
Average processing time of GrabImageRGBD(): 14.0221ms
Frame 561 end
Average processing time of GrabImageRGBD(): 14.0098ms
Frame 562 end
Average processing time of GrabImageRGBD(): 13.9942ms
Frame 563 end
Average processing time of GrabImageRGBD(): 13.9763ms
Frame 564 end
Average processing time of GrabImageRGBD(): 13.9599ms
Frame 565 end
Average processing time of GrabImageRGBD(): 13.9473ms
Frame 566 end
Average processing time of GrabImageRGBD(): 13.9374ms
Frame 567 end
Average processing time of GrabImageRGBD(): 13.9185ms
Frame 568 end
Average processing time of GrabImageRGBD(): 13.9089ms
Frame 569 end
Average processing time of GrabImageRGBD(): 13.8916ms
Frame 570 end
Average processing time of GrabImageRGBD(): 13.8834ms
Frame 571 end
Average processing time of GrabImageRGBD(): 13.8705ms
Frame 572 end
Average processing time of GrabImageRGBD(): 13.8588ms
Frame 573 end
Average processing time of GrabImageRGBD(): 13.8477ms
Frame 574 end
Average processing time of GrabImageRGBD(): 13.8804ms
Frame 575 end
Average processing time of GrabImageRGBD(): 13.8645ms
Frame 576 end
Average processing time of GrabImageRGBD(): 13.8477ms
Frame 577 end
Average processing time of GrabImageRGBD(): 13.84ms
Frame 578 end
Average processing time of GrabImageRGBD(): 13.8233ms
Frame 579 end
Shutdown
-------

median tracking time: 0.0112676
mean tracking time: 0.01464

Saving camera trajectory to CameraTrajectory.txt ...

Saving keyframe trajectory to KeyFrameTrajectory.txt ...
