
ORB-SLAM3 Copyright (C) 2017-2020 Carlos Campos, Richard Elvira, Juan J. Gómez, José M.M. Montiel and Juan D. Tardós, University of Zaragoza.
ORB-SLAM2 Copyright (C) 2014-2016 Raúl Mur-Artal, José M.M. Montiel and Juan D. Tardós, University of Zaragoza.
This program comes with ABSOLUTELY NO WARRANTY;
This is free software, and you are welcome to redistribute it
under certain conditions. See LICENSE.txt.

Input sensor was set to: RGB-D
Loading settings from /home/bingxin/Downloads/NGD-SLAM/Examples/RGB-D/Bonn.yaml
Camera1.k3 optional parameter does not exist...
	-Loaded camera 1
Camera.newHeight optional parameter does not exist...
Camera.newWidth optional parameter does not exist...
	-Loaded image info
	-Loaded RGB-D calibration
	-Loaded ORB settings
Viewer.imageViewScale optional parameter does not exist...
	-Loaded viewer settings
System.LoadAtlasFromFile optional parameter does not exist...
System.SaveAtlasToFile optional parameter does not exist...
	-Loaded Atlas settings
System.thFarPoints optional parameter does not exist...
	-Loaded misc parameters
----------------------------------
SLAM settings: 
	-Camera 1 parameters (Pinhole): [ 542.823 542.577 315.594 237.756 ]
	-Camera 1 distortion parameters: [  0.039903 -0.099343 -0.00073 -0.000144 ]
	-Original image size: [ 640 , 480 ]
	-Current image size: [ 640 , 480 ]
	-Sequence FPS: 30
	-RGB-D depth map factor: 5000
	-Features per image: 1000
	-ORB scale factor: 1.2
	-ORB number of scales: 8
	-Initial FAST threshold: 20
	-Min FAST threshold: 7


Loading ORB Vocabulary. This could take a while...
Vocabulary loaded!

Initialization of Atlas from scratch 
Creation of new map with id: 0
Creation of new map with last KF id: 0
Seq. Name: 
There are 1 cameras in the atlas
Camera 0 is pinhole
Net use yolo-fastest

-------
Start processing sequence ...
Images in the sequence: 580

First KF:0; Map init KF:0
New Map created with 1209 points
Average processing time of GrabImageRGBD(): 46.0388ms
Frame 0 end
Average processing time of GrabImageRGBD(): 39.0959ms
Frame 1 end
Average processing time of GrabImageRGBD(): 35.5422ms
Frame 2 end
Average processing time of GrabImageRGBD(): 34.6532ms
Frame 3 end
Average processing time of GrabImageRGBD(): 30.4159ms
Frame 4 end
Average processing time of GrabImageRGBD(): 31.2267ms
Frame 5 end
Average processing time of GrabImageRGBD(): 28.5568ms
Frame 6 end
Starting the Viewer
Average processing time of GrabImageRGBD(): 26.6819ms
Frame 7 end
Average processing time of GrabImageRGBD(): 24.9352ms
Frame 8 end
Average processing time of GrabImageRGBD(): 25.9565ms
Frame 9 end
Average processing time of GrabImageRGBD(): 24.646ms
Frame 10 end
Average processing time of GrabImageRGBD(): 23.7022ms
Frame 11 end
Average processing time of GrabImageRGBD(): 22.8616ms
Frame 12 end
Average processing time of GrabImageRGBD(): 22.1553ms
Frame 13 end
Average processing time of GrabImageRGBD(): 21.4775ms
Frame 14 end
Average processing time of GrabImageRGBD(): 20.7917ms
Frame 15 end
Average processing time of GrabImageRGBD(): 20.438ms
Frame 16 end
Average processing time of GrabImageRGBD(): 20.041ms
Frame 17 end
Average processing time of GrabImageRGBD(): 19.5596ms
Frame 18 end
Average processing time of GrabImageRGBD(): 19.1829ms
Frame 19 end
Average processing time of GrabImageRGBD(): 19.8877ms
Frame 20 end
Average processing time of GrabImageRGBD(): 19.6421ms
Frame 21 end
Average processing time of GrabImageRGBD(): 19.1701ms
Frame 22 end
Average processing time of GrabImageRGBD(): 18.8914ms
Frame 23 end
Average processing time of GrabImageRGBD(): 18.6964ms
Frame 24 end
Average processing time of GrabImageRGBD(): 18.5408ms
Frame 25 end
Average processing time of GrabImageRGBD(): 18.2328ms
Frame 26 end
Average processing time of GrabImageRGBD(): 18.0501ms
Frame 27 end
Average processing time of GrabImageRGBD(): 17.7604ms
Frame 28 end
Average processing time of GrabImageRGBD(): 17.5561ms
Frame 29 end
Average processing time of GrabImageRGBD(): 18.0624ms
Frame 30 end
Average processing time of GrabImageRGBD(): 17.8507ms
Frame 31 end
Average processing time of GrabImageRGBD(): 17.6891ms
Frame 32 end
Average processing time of GrabImageRGBD(): 17.4493ms
Frame 33 end
Average processing time of GrabImageRGBD(): 17.9545ms
Frame 34 end
Average processing time of GrabImageRGBD(): 17.8547ms
Frame 35 end
Average processing time of GrabImageRGBD(): 18.2283ms
Frame 36 end
Average processing time of GrabImageRGBD(): 18.0318ms
Frame 37 end
Average processing time of GrabImageRGBD(): 17.819ms
Frame 38 end
Average processing time of GrabImageRGBD(): 18.123ms
Frame 39 end
Average processing time of GrabImageRGBD(): 17.9899ms
Frame 40 end
Average processing time of GrabImageRGBD(): 17.8558ms
Frame 41 end
Average processing time of GrabImageRGBD(): 17.7286ms
Frame 42 end
Average processing time of GrabImageRGBD(): 17.5772ms
Frame 43 end
Average processing time of GrabImageRGBD(): 17.9215ms
Frame 44 end
Average processing time of GrabImageRGBD(): 17.7935ms
Frame 45 end
Average processing time of GrabImageRGBD(): 17.67ms
Frame 46 end
Average processing time of GrabImageRGBD(): 17.5337ms
Frame 47 end
Average processing time of GrabImageRGBD(): 17.7841ms
Frame 48 end
Average processing time of GrabImageRGBD(): 17.6745ms
Frame 49 end
Average processing time of GrabImageRGBD(): 17.5581ms
Frame 50 end
Average processing time of GrabImageRGBD(): 17.3969ms
Frame 51 end
Average processing time of GrabImageRGBD(): 17.618ms
Frame 52 end
Average processing time of GrabImageRGBD(): 17.4744ms
Frame 53 end
Average processing time of GrabImageRGBD(): 17.3597ms
Frame 54 end
Average processing time of GrabImageRGBD(): 17.2113ms
Frame 55 end
Average processing time of GrabImageRGBD(): 17.1146ms
Frame 56 end
Average processing time of GrabImageRGBD(): 17.3038ms
Frame 57 end
Average processing time of GrabImageRGBD(): 17.2076ms
Frame 58 end
Average processing time of GrabImageRGBD(): 17.116ms
Frame 59 end
Average processing time of GrabImageRGBD(): 16.982ms
Frame 60 end
Average processing time of GrabImageRGBD(): 17.2242ms
Frame 61 end
Average processing time of GrabImageRGBD(): 17.1108ms
Frame 62 end
Average processing time of GrabImageRGBD(): 16.9863ms
Frame 63 end
Average processing time of GrabImageRGBD(): 16.8581ms
Frame 64 end
Average processing time of GrabImageRGBD(): 16.7534ms
Frame 65 end
Average processing time of GrabImageRGBD(): 16.6311ms
Frame 66 end
Average processing time of GrabImageRGBD(): 16.812ms
Frame 67 end
Average processing time of GrabImageRGBD(): 16.7485ms
Frame 68 end
Average processing time of GrabImageRGBD(): 16.6899ms
Frame 69 end
Average processing time of GrabImageRGBD(): 16.595ms
Frame 70 end
Average processing time of GrabImageRGBD(): 16.5083ms
Frame 71 end
Average processing time of GrabImageRGBD(): 16.3913ms
Frame 72 end
Average processing time of GrabImageRGBD(): 16.6019ms
Frame 73 end
Average processing time of GrabImageRGBD(): 16.544ms
Frame 74 end
Average processing time of GrabImageRGBD(): 16.4686ms
Frame 75 end
Average processing time of GrabImageRGBD(): 16.6684ms
Frame 76 end
Average processing time of GrabImageRGBD(): 16.6096ms
Frame 77 end
Average processing time of GrabImageRGBD(): 16.5593ms
Frame 78 end
Average processing time of GrabImageRGBD(): 16.7721ms
Frame 79 end
Average processing time of GrabImageRGBD(): 16.6861ms
Frame 80 end
Average processing time of GrabImageRGBD(): 16.5471ms
Frame 81 end
Average processing time of GrabImageRGBD(): 16.8092ms
Frame 82 end
Average processing time of GrabImageRGBD(): 16.7786ms
Frame 83 end
Average processing time of GrabImageRGBD(): 16.6981ms
Frame 84 end
Average processing time of GrabImageRGBD(): 17.0247ms
Frame 85 end
Average processing time of GrabImageRGBD(): 16.9507ms
Frame 86 end
Average processing time of GrabImageRGBD(): 16.8876ms
Frame 87 end
Average processing time of GrabImageRGBD(): 17.0923ms
Frame 88 end
Average processing time of GrabImageRGBD(): 17.0381ms
Frame 89 end
Average processing time of GrabImageRGBD(): 17.0533ms
Frame 90 end
Average processing time of GrabImageRGBD(): 16.9977ms
Frame 91 end
Average processing time of GrabImageRGBD(): 17.1666ms
Frame 92 end
Average processing time of GrabImageRGBD(): 17.0918ms
Frame 93 end
Average processing time of GrabImageRGBD(): 17.0366ms
Frame 94 end
Average processing time of GrabImageRGBD(): 17.0046ms
Frame 95 end
Average processing time of GrabImageRGBD(): 17.19ms
Frame 96 end
Average processing time of GrabImageRGBD(): 17.1564ms
Frame 97 end
Average processing time of GrabImageRGBD(): 17.1211ms
Frame 98 end
Average processing time of GrabImageRGBD(): 17.0981ms
Frame 99 end
Average processing time of GrabImageRGBD(): 17.3452ms
Frame 100 end
Average processing time of GrabImageRGBD(): 17.345ms
Frame 101 end
Average processing time of GrabImageRGBD(): 17.3055ms
Frame 102 end
Average processing time of GrabImageRGBD(): 17.2284ms
Frame 103 end
Average processing time of GrabImageRGBD(): 17.3941ms
Frame 104 end
Average processing time of GrabImageRGBD(): 17.3243ms
Frame 105 end
Average processing time of GrabImageRGBD(): 17.2669ms
Frame 106 end
Average processing time of GrabImageRGBD(): 17.2089ms
Frame 107 end
Average processing time of GrabImageRGBD(): 17.3803ms
Frame 108 end
Average processing time of GrabImageRGBD(): 17.3503ms
Frame 109 end
Average processing time of GrabImageRGBD(): 17.2872ms
Frame 110 end
Average processing time of GrabImageRGBD(): 17.236ms
Frame 111 end
Average processing time of GrabImageRGBD(): 17.3869ms
Frame 112 end
Average processing time of GrabImageRGBD(): 17.3262ms
Frame 113 end
Average processing time of GrabImageRGBD(): 17.2927ms
Frame 114 end
Average processing time of GrabImageRGBD(): 17.2505ms
Frame 115 end
Average processing time of GrabImageRGBD(): 17.4151ms
Frame 116 end
Average processing time of GrabImageRGBD(): 17.3822ms
Frame 117 end
Average processing time of GrabImageRGBD(): 17.3521ms
Frame 118 end
Average processing time of GrabImageRGBD(): 17.289ms
Frame 119 end
Average processing time of GrabImageRGBD(): 17.257ms
Frame 120 end
Average processing time of GrabImageRGBD(): 17.392ms
Frame 121 end
Average processing time of GrabImageRGBD(): 17.3588ms
Frame 122 end
Average processing time of GrabImageRGBD(): 17.3024ms
Frame 123 end
Average processing time of GrabImageRGBD(): 17.2566ms
Frame 124 end
Average processing time of GrabImageRGBD(): 17.1987ms
Frame 125 end
Average processing time of GrabImageRGBD(): 17.3462ms
Frame 126 end
Average processing time of GrabImageRGBD(): 17.2922ms
Frame 127 end
Average processing time of GrabImageRGBD(): 17.2402ms
Frame 128 end
Average processing time of GrabImageRGBD(): 17.2043ms
Frame 129 end
Average processing time of GrabImageRGBD(): 17.1604ms
Frame 130 end
Average processing time of GrabImageRGBD(): 17.2996ms
Frame 131 end
Average processing time of GrabImageRGBD(): 17.2687ms
Frame 132 end
Average processing time of GrabImageRGBD(): 17.2299ms
Frame 133 end
Average processing time of GrabImageRGBD(): 17.199ms
Frame 134 end
Average processing time of GrabImageRGBD(): 17.3227ms
Frame 135 end
Average processing time of GrabImageRGBD(): 17.2795ms
Frame 136 end
Average processing time of GrabImageRGBD(): 17.2056ms
Frame 137 end
Average processing time of GrabImageRGBD(): 17.1492ms
Frame 138 end
Average processing time of GrabImageRGBD(): 17.2419ms
Frame 139 end
Average processing time of GrabImageRGBD(): 17.2137ms
Frame 140 end
Average processing time of GrabImageRGBD(): 17.1294ms
Frame 141 end
Average processing time of GrabImageRGBD(): 17.0988ms
Frame 142 end
Average processing time of GrabImageRGBD(): 17.0603ms
Frame 143 end
Average processing time of GrabImageRGBD(): 17.1567ms
Frame 144 end
Average processing time of GrabImageRGBD(): 17.1248ms
Frame 145 end
Average processing time of GrabImageRGBD(): 17.0742ms
Frame 146 end
Average processing time of GrabImageRGBD(): 17.0251ms
Frame 147 end
Average processing time of GrabImageRGBD(): 17.141ms
Frame 148 end
Average processing time of GrabImageRGBD(): 17.1009ms
Frame 149 end
Average processing time of GrabImageRGBD(): 17.079ms
Frame 150 end
Average processing time of GrabImageRGBD(): 17.0574ms
Frame 151 end
Average processing time of GrabImageRGBD(): 17.0034ms
Frame 152 end
Average processing time of GrabImageRGBD(): 16.9733ms
Frame 153 end
Average processing time of GrabImageRGBD(): 16.9351ms
Frame 154 end
Average processing time of GrabImageRGBD(): 16.8914ms
Frame 155 end
Average processing time of GrabImageRGBD(): 17.0195ms
Frame 156 end
Average processing time of GrabImageRGBD(): 16.9893ms
Frame 157 end
Average processing time of GrabImageRGBD(): 16.9531ms
Frame 158 end
Average processing time of GrabImageRGBD(): 16.9269ms
Frame 159 end
Average processing time of GrabImageRGBD(): 16.9075ms
Frame 160 end
Average processing time of GrabImageRGBD(): 17.0075ms
Frame 161 end
Average processing time of GrabImageRGBD(): 16.9882ms
Frame 162 end
Average processing time of GrabImageRGBD(): 16.9526ms
Frame 163 end
Average processing time of GrabImageRGBD(): 16.9246ms
Frame 164 end
Average processing time of GrabImageRGBD(): 16.8994ms
Frame 165 end
Average processing time of GrabImageRGBD(): 17.014ms
Frame 166 end
Average processing time of GrabImageRGBD(): 16.9828ms
Frame 167 end
Average processing time of GrabImageRGBD(): 16.9668ms
Frame 168 end
Average processing time of GrabImageRGBD(): 16.9427ms
Frame 169 end
Average processing time of GrabImageRGBD(): 16.9073ms
Frame 170 end
Average processing time of GrabImageRGBD(): 17.0154ms
Frame 171 end
Average processing time of GrabImageRGBD(): 16.9943ms
Frame 172 end
Average processing time of GrabImageRGBD(): 16.9725ms
Frame 173 end
Average processing time of GrabImageRGBD(): 16.9382ms
Frame 174 end
Average processing time of GrabImageRGBD(): 16.91ms
Frame 175 end
Average processing time of GrabImageRGBD(): 17.0113ms
Frame 176 end
Average processing time of GrabImageRGBD(): 16.981ms
Frame 177 end
Average processing time of GrabImageRGBD(): 16.9587ms
Frame 178 end
Average processing time of GrabImageRGBD(): 16.9214ms
Frame 179 end
Average processing time of GrabImageRGBD(): 16.8941ms
Frame 180 end
Average processing time of GrabImageRGBD(): 16.9931ms
Frame 181 end
Average processing time of GrabImageRGBD(): 16.9742ms
Frame 182 end
Average processing time of GrabImageRGBD(): 16.945ms
Frame 183 end
Average processing time of GrabImageRGBD(): 16.9206ms
Frame 184 end
Average processing time of GrabImageRGBD(): 16.8991ms
Frame 185 end
Average processing time of GrabImageRGBD(): 16.9928ms
Frame 186 end
Average processing time of GrabImageRGBD(): 16.964ms
Frame 187 end
Average processing time of GrabImageRGBD(): 16.9407ms
Frame 188 end
Average processing time of GrabImageRGBD(): 16.9058ms
Frame 189 end
Average processing time of GrabImageRGBD(): 16.8812ms
Frame 190 end
Average processing time of GrabImageRGBD(): 16.9597ms
Frame 191 end
Average processing time of GrabImageRGBD(): 16.934ms
Frame 192 end
Average processing time of GrabImageRGBD(): 16.9025ms
Frame 193 end
Average processing time of GrabImageRGBD(): 16.8749ms
Frame 194 end
Average processing time of GrabImageRGBD(): 16.8476ms
Frame 195 end
Average processing time of GrabImageRGBD(): 16.9332ms
Frame 196 end
Average processing time of GrabImageRGBD(): 16.9052ms
Frame 197 end
Average processing time of GrabImageRGBD(): 16.8756ms
Frame 198 end
Average processing time of GrabImageRGBD(): 16.8483ms
Frame 199 end
Average processing time of GrabImageRGBD(): 16.9795ms
Frame 200 end
Average processing time of GrabImageRGBD(): 16.9548ms
Frame 201 end
Average processing time of GrabImageRGBD(): 16.9317ms
Frame 202 end
Average processing time of GrabImageRGBD(): 16.9033ms
Frame 203 end
Average processing time of GrabImageRGBD(): 16.9828ms
Frame 204 end
Average processing time of GrabImageRGBD(): 16.9727ms
Frame 205 end
Average processing time of GrabImageRGBD(): 16.9567ms
Frame 206 end
Average processing time of GrabImageRGBD(): 16.9401ms
Frame 207 end
Average processing time of GrabImageRGBD(): 17.0122ms
Frame 208 end
Average processing time of GrabImageRGBD(): 16.9807ms
Frame 209 end
Average processing time of GrabImageRGBD(): 16.9473ms
Frame 210 end
Average processing time of GrabImageRGBD(): 16.9197ms
Frame 211 end
Average processing time of GrabImageRGBD(): 17.0057ms
Frame 212 end
Average processing time of GrabImageRGBD(): 16.9784ms
Frame 213 end
Average processing time of GrabImageRGBD(): 16.9507ms
Frame 214 end
Average processing time of GrabImageRGBD(): 16.9324ms
Frame 215 end
Average processing time of GrabImageRGBD(): 17.0272ms
Frame 216 end
Average processing time of GrabImageRGBD(): 17.0021ms
Frame 217 end
Average processing time of GrabImageRGBD(): 16.9815ms
Frame 218 end
Average processing time of GrabImageRGBD(): 16.9642ms
Frame 219 end
Average processing time of GrabImageRGBD(): 17.0472ms
Frame 220 end
Average processing time of GrabImageRGBD(): 17.0432ms
Frame 221 end
Average processing time of GrabImageRGBD(): 17.0269ms
Frame 222 end
Average processing time of GrabImageRGBD(): 17.0034ms
Frame 223 end
Average processing time of GrabImageRGBD(): 17.0895ms
Frame 224 end
Average processing time of GrabImageRGBD(): 17.078ms
Frame 225 end
Average processing time of GrabImageRGBD(): 17.0484ms
Frame 226 end
Average processing time of GrabImageRGBD(): 17.029ms
Frame 227 end
Average processing time of GrabImageRGBD(): 17.1127ms
Frame 228 end
Average processing time of GrabImageRGBD(): 17.0789ms
Frame 229 end
Average processing time of GrabImageRGBD(): 17.0615ms
Frame 230 end
Average processing time of GrabImageRGBD(): 17.0456ms
Frame 231 end
Average processing time of GrabImageRGBD(): 17.1246ms
Frame 232 end
Average processing time of GrabImageRGBD(): 17.1124ms
Frame 233 end
Average processing time of GrabImageRGBD(): 17.0923ms
Frame 234 end
Average processing time of GrabImageRGBD(): 17.0724ms
Frame 235 end
Average processing time of GrabImageRGBD(): 17.1592ms
Frame 236 end
Average processing time of GrabImageRGBD(): 17.1465ms
Frame 237 end
Average processing time of GrabImageRGBD(): 17.1299ms
Frame 238 end
Average processing time of GrabImageRGBD(): 17.1129ms
Frame 239 end
Average processing time of GrabImageRGBD(): 17.1878ms
Frame 240 end
Average processing time of GrabImageRGBD(): 17.1759ms
Frame 241 end
Average processing time of GrabImageRGBD(): 17.1575ms
Frame 242 end
Average processing time of GrabImageRGBD(): 17.1412ms
Frame 243 end
Average processing time of GrabImageRGBD(): 17.2153ms
Frame 244 end
Average processing time of GrabImageRGBD(): 17.2023ms
Frame 245 end
Average processing time of GrabImageRGBD(): 17.1859ms
Frame 246 end
Average processing time of GrabImageRGBD(): 17.2589ms
Frame 247 end
Average processing time of GrabImageRGBD(): 17.2448ms
Frame 248 end
Average processing time of GrabImageRGBD(): 17.2216ms
Frame 249 end
Average processing time of GrabImageRGBD(): 17.2013ms
Frame 250 end
Average processing time of GrabImageRGBD(): 17.2714ms
Frame 251 end
Average processing time of GrabImageRGBD(): 17.2609ms
Frame 252 end
Average processing time of GrabImageRGBD(): 17.2413ms
Frame 253 end
Average processing time of GrabImageRGBD(): 17.2263ms
Frame 254 end
Average processing time of GrabImageRGBD(): 17.2962ms
Frame 255 end
Average processing time of GrabImageRGBD(): 17.2785ms
Frame 256 end
Average processing time of GrabImageRGBD(): 17.2583ms
Frame 257 end
Average processing time of GrabImageRGBD(): 17.3268ms
Frame 258 end
Average processing time of GrabImageRGBD(): 17.3146ms
Frame 259 end
Average processing time of GrabImageRGBD(): 17.2931ms
Frame 260 end
Average processing time of GrabImageRGBD(): 17.2762ms
Frame 261 end
Average processing time of GrabImageRGBD(): 17.3444ms
Frame 262 end
Average processing time of GrabImageRGBD(): 17.3286ms
Frame 263 end
Average processing time of GrabImageRGBD(): 17.308ms
Frame 264 end
Average processing time of GrabImageRGBD(): 17.2866ms
Frame 265 end
Average processing time of GrabImageRGBD(): 17.3909ms
Frame 266 end
Average processing time of GrabImageRGBD(): 17.3694ms
Frame 267 end
Average processing time of GrabImageRGBD(): 17.3491ms
Frame 268 end
Average processing time of GrabImageRGBD(): 17.3255ms
Frame 269 end
Average processing time of GrabImageRGBD(): 17.2821ms
Frame 270 end
Average processing time of GrabImageRGBD(): 17.3524ms
Frame 271 end
Average processing time of GrabImageRGBD(): 17.3378ms
Frame 272 end
Average processing time of GrabImageRGBD(): 17.3267ms
Frame 273 end
Average processing time of GrabImageRGBD(): 17.304ms
Frame 274 end
Average processing time of GrabImageRGBD(): 17.2879ms
Frame 275 end
Average processing time of GrabImageRGBD(): 17.359ms
Frame 276 end
Average processing time of GrabImageRGBD(): 17.341ms
Frame 277 end
Average processing time of GrabImageRGBD(): 17.326ms
Frame 278 end
Average processing time of GrabImageRGBD(): 17.3029ms
Frame 279 end
Average processing time of GrabImageRGBD(): 17.3739ms
Frame 280 end
Average processing time of GrabImageRGBD(): 17.3645ms
Frame 281 end
Average processing time of GrabImageRGBD(): 17.3529ms
Frame 282 end
Average processing time of GrabImageRGBD(): 17.3365ms
Frame 283 end
Average processing time of GrabImageRGBD(): 17.3058ms
Frame 284 end
Average processing time of GrabImageRGBD(): 17.2917ms
Frame 285 end
Average processing time of GrabImageRGBD(): 17.3706ms
Frame 286 end
Average processing time of GrabImageRGBD(): 17.358ms
Frame 287 end
Average processing time of GrabImageRGBD(): 17.3462ms
Frame 288 end
Average processing time of GrabImageRGBD(): 17.3233ms
Frame 289 end
Average processing time of GrabImageRGBD(): 17.2961ms
Frame 290 end
Average processing time of GrabImageRGBD(): 17.2734ms
Frame 291 end
Average processing time of GrabImageRGBD(): 17.3424ms
Frame 292 end
Average processing time of GrabImageRGBD(): 17.3332ms
Frame 293 end
Average processing time of GrabImageRGBD(): 17.3227ms
Frame 294 end
Average processing time of GrabImageRGBD(): 17.3027ms
Frame 295 end
Average processing time of GrabImageRGBD(): 17.2801ms
Frame 296 end
Average processing time of GrabImageRGBD(): 17.2606ms
Frame 297 end
Average processing time of GrabImageRGBD(): 17.2446ms
Frame 298 end
Average processing time of GrabImageRGBD(): 17.2291ms
Frame 299 end
Average processing time of GrabImageRGBD(): 17.2068ms
Frame 300 end
Average processing time of GrabImageRGBD(): 17.1905ms
Frame 301 end
Average processing time of GrabImageRGBD(): 17.1778ms
Frame 302 end
Average processing time of GrabImageRGBD(): 17.2448ms
Frame 303 end
Average processing time of GrabImageRGBD(): 17.2038ms
Frame 304 end
Average processing time of GrabImageRGBD(): 17.1751ms
Frame 305 end
Average processing time of GrabImageRGBD(): 17.1321ms
Frame 306 end
Average processing time of GrabImageRGBD(): 17.0951ms
Frame 307 end
Average processing time of GrabImageRGBD(): 17.1336ms
Frame 308 end
Average processing time of GrabImageRGBD(): 17.1179ms
Frame 309 end
Average processing time of GrabImageRGBD(): 17.0981ms
Frame 310 end
Average processing time of GrabImageRGBD(): 17.077ms
Frame 311 end
Average processing time of GrabImageRGBD(): 17.0339ms
Frame 312 end
Average processing time of GrabImageRGBD(): 16.99ms
Frame 313 end
Average processing time of GrabImageRGBD(): 16.9649ms
Frame 314 end
Average processing time of GrabImageRGBD(): 16.921ms
Frame 315 end
Average processing time of GrabImageRGBD(): 16.8972ms
Frame 316 end
Average processing time of GrabImageRGBD(): 16.9344ms
Frame 317 end
Average processing time of GrabImageRGBD(): 16.9126ms
Frame 318 end
Average processing time of GrabImageRGBD(): 16.8705ms
Frame 319 end
Average processing time of GrabImageRGBD(): 16.8476ms
Frame 320 end
Average processing time of GrabImageRGBD(): 16.8058ms
Frame 321 end
Average processing time of GrabImageRGBD(): 16.85ms
Frame 322 end
Average processing time of GrabImageRGBD(): 16.8286ms
Frame 323 end
Average processing time of GrabImageRGBD(): 16.7887ms
Frame 324 end
Average processing time of GrabImageRGBD(): 16.7483ms
Frame 325 end
Average processing time of GrabImageRGBD(): 16.7126ms
Frame 326 end
Average processing time of GrabImageRGBD(): 16.6717ms
Frame 327 end
Average processing time of GrabImageRGBD(): 16.7063ms
Frame 328 end
Average processing time of GrabImageRGBD(): 16.6769ms
Frame 329 end
Average processing time of GrabImageRGBD(): 16.6539ms
Frame 330 end
Average processing time of GrabImageRGBD(): 16.6292ms
Frame 331 end
Average processing time of GrabImageRGBD(): 16.6024ms
Frame 332 end
Average processing time of GrabImageRGBD(): 16.6423ms
Frame 333 end
Average processing time of GrabImageRGBD(): 16.6219ms
Frame 334 end
Average processing time of GrabImageRGBD(): 16.5945ms
Frame 335 end
Average processing time of GrabImageRGBD(): 16.57ms
Frame 336 end
Average processing time of GrabImageRGBD(): 16.5365ms
Frame 337 end
Average processing time of GrabImageRGBD(): 16.5077ms
Frame 338 end
Average processing time of GrabImageRGBD(): 16.545ms
Frame 339 end
Average processing time of GrabImageRGBD(): 16.5213ms
Frame 340 end
Average processing time of GrabImageRGBD(): 16.4932ms
Frame 341 end
Average processing time of GrabImageRGBD(): 16.4549ms
Frame 342 end
Average processing time of GrabImageRGBD(): 16.4223ms
Frame 343 end
Average processing time of GrabImageRGBD(): 16.393ms
Frame 344 end
Average processing time of GrabImageRGBD(): 16.3573ms
Frame 345 end
Average processing time of GrabImageRGBD(): 16.3953ms
Frame 346 end
Average processing time of GrabImageRGBD(): 16.3759ms
Frame 347 end
Average processing time of GrabImageRGBD(): 16.3386ms
Frame 348 end
Average processing time of GrabImageRGBD(): 16.3053ms
Frame 349 end
Average processing time of GrabImageRGBD(): 16.2683ms
Frame 350 end
Average processing time of GrabImageRGBD(): 16.2324ms
Frame 351 end
Average processing time of GrabImageRGBD(): 16.1949ms
Frame 352 end
Average processing time of GrabImageRGBD(): 16.2281ms
Frame 353 end
Average processing time of GrabImageRGBD(): 16.2127ms
Frame 354 end
Average processing time of GrabImageRGBD(): 16.1912ms
Frame 355 end
Average processing time of GrabImageRGBD(): 16.1711ms
Frame 356 end
Average processing time of GrabImageRGBD(): 16.1415ms
Frame 357 end
Average processing time of GrabImageRGBD(): 16.1213ms
Frame 358 end
Average processing time of GrabImageRGBD(): 16.0864ms
Frame 359 end
Average processing time of GrabImageRGBD(): 16.1189ms
Frame 360 end
Average processing time of GrabImageRGBD(): 16.1022ms
Frame 361 end
Average processing time of GrabImageRGBD(): 16.0847ms
Frame 362 end
Average processing time of GrabImageRGBD(): 16.0533ms
Frame 363 end
Average processing time of GrabImageRGBD(): 16.0333ms
Frame 364 end
Average processing time of GrabImageRGBD(): 15.9999ms
Frame 365 end
Average processing time of GrabImageRGBD(): 15.9804ms
Frame 366 end
Average processing time of GrabImageRGBD(): 16.0199ms
Frame 367 end
Average processing time of GrabImageRGBD(): 15.989ms
Frame 368 end
Average processing time of GrabImageRGBD(): 15.9619ms
Frame 369 end
Average processing time of GrabImageRGBD(): 15.9284ms
Frame 370 end
Average processing time of GrabImageRGBD(): 15.9014ms
Frame 371 end
Average processing time of GrabImageRGBD(): 15.8701ms
Frame 372 end
Average processing time of GrabImageRGBD(): 15.8362ms
Frame 373 end
Average processing time of GrabImageRGBD(): 15.8676ms
Frame 374 end
Average processing time of GrabImageRGBD(): 15.8362ms
Frame 375 end
Average processing time of GrabImageRGBD(): 15.8031ms
Frame 376 end
Average processing time of GrabImageRGBD(): 15.7736ms
Frame 377 end
Average processing time of GrabImageRGBD(): 15.7517ms
Frame 378 end
Average processing time of GrabImageRGBD(): 15.7223ms
Frame 379 end
Average processing time of GrabImageRGBD(): 15.6937ms
Frame 380 end
Average processing time of GrabImageRGBD(): 15.7364ms
Frame 381 end
Average processing time of GrabImageRGBD(): 15.7215ms
Frame 382 end
Average processing time of GrabImageRGBD(): 15.6937ms
Frame 383 end
Average processing time of GrabImageRGBD(): 15.6738ms
Frame 384 end
Average processing time of GrabImageRGBD(): 15.6424ms
Frame 385 end
Average processing time of GrabImageRGBD(): 15.6205ms
Frame 386 end
Average processing time of GrabImageRGBD(): 15.6881ms
Frame 387 end
Average processing time of GrabImageRGBD(): 15.6655ms
Frame 388 end
Average processing time of GrabImageRGBD(): 15.6468ms
Frame 389 end
Average processing time of GrabImageRGBD(): 15.6276ms
Frame 390 end
Average processing time of GrabImageRGBD(): 15.5955ms
Frame 391 end
Average processing time of GrabImageRGBD(): 15.5644ms
Frame 392 end
Average processing time of GrabImageRGBD(): 15.541ms
Frame 393 end
Average processing time of GrabImageRGBD(): 15.5788ms
Frame 394 end
Average processing time of GrabImageRGBD(): 15.5533ms
Frame 395 end
Average processing time of GrabImageRGBD(): 15.5329ms
Frame 396 end
Average processing time of GrabImageRGBD(): 15.5022ms
Frame 397 end
Average processing time of GrabImageRGBD(): 15.4804ms
Frame 398 end
Average processing time of GrabImageRGBD(): 15.45ms
Frame 399 end
Average processing time of GrabImageRGBD(): 15.49ms
Frame 400 end
Average processing time of GrabImageRGBD(): 15.4752ms
Frame 401 end
Average processing time of GrabImageRGBD(): 15.4489ms
Frame 402 end
Average processing time of GrabImageRGBD(): 15.433ms
Frame 403 end
Average processing time of GrabImageRGBD(): 15.4068ms
Frame 404 end
Average processing time of GrabImageRGBD(): 15.3925ms
Frame 405 end
Average processing time of GrabImageRGBD(): 15.3786ms
Frame 406 end
Average processing time of GrabImageRGBD(): 15.4166ms
Frame 407 end
Average processing time of GrabImageRGBD(): 15.4009ms
Frame 408 end
Average processing time of GrabImageRGBD(): 15.3855ms
Frame 409 end
Average processing time of GrabImageRGBD(): 15.3626ms
Frame 410 end
Average processing time of GrabImageRGBD(): 15.3457ms
Frame 411 end
Average processing time of GrabImageRGBD(): 15.3277ms
Frame 412 end
Average processing time of GrabImageRGBD(): 15.3096ms
Frame 413 end
Average processing time of GrabImageRGBD(): 15.281ms
Frame 414 end
Average processing time of GrabImageRGBD(): 15.3122ms
Frame 415 end
Average processing time of GrabImageRGBD(): 15.2859ms
Frame 416 end
Average processing time of GrabImageRGBD(): 15.2568ms
Frame 417 end
Average processing time of GrabImageRGBD(): 15.2311ms
Frame 418 end
Average processing time of GrabImageRGBD(): 15.2037ms
Frame 419 end
Average processing time of GrabImageRGBD(): 15.1817ms
Frame 420 end
Average processing time of GrabImageRGBD(): 15.1582ms
Frame 421 end
Average processing time of GrabImageRGBD(): 15.1887ms
Frame 422 end
Average processing time of GrabImageRGBD(): 15.1637ms
Frame 423 end
Average processing time of GrabImageRGBD(): 15.1428ms
Frame 424 end
Average processing time of GrabImageRGBD(): 15.1201ms
Frame 425 end
Average processing time of GrabImageRGBD(): 15.0976ms
Frame 426 end
Average processing time of GrabImageRGBD(): 15.0765ms
Frame 427 end
Average processing time of GrabImageRGBD(): 15.1081ms
Frame 428 end
Average processing time of GrabImageRGBD(): 15.0945ms
Frame 429 end
Average processing time of GrabImageRGBD(): 15.0749ms
Frame 430 end
Average processing time of GrabImageRGBD(): 15.0589ms
Frame 431 end
Average processing time of GrabImageRGBD(): 15.0437ms
Frame 432 end
Average processing time of GrabImageRGBD(): 15.0188ms
Frame 433 end
Average processing time of GrabImageRGBD(): 15.0561ms
Frame 434 end
Average processing time of GrabImageRGBD(): 15.0499ms
Frame 435 end
Average processing time of GrabImageRGBD(): 15.0317ms
Frame 436 end
Average processing time of GrabImageRGBD(): 15.0098ms
Frame 437 end
Average processing time of GrabImageRGBD(): 14.9896ms
Frame 438 end
Average processing time of GrabImageRGBD(): 14.9696ms
Frame 439 end
Average processing time of GrabImageRGBD(): 14.9434ms
Frame 440 end
Average processing time of GrabImageRGBD(): 14.9773ms
Frame 441 end
Average processing time of GrabImageRGBD(): 14.9653ms
Frame 442 end
Average processing time of GrabImageRGBD(): 14.9524ms
Frame 443 end
Average processing time of GrabImageRGBD(): 14.9283ms
Frame 444 end
Average processing time of GrabImageRGBD(): 14.917ms
Frame 445 end
Average processing time of GrabImageRGBD(): 14.9026ms
Frame 446 end
Average processing time of GrabImageRGBD(): 14.8871ms
Frame 447 end
Average processing time of GrabImageRGBD(): 14.9228ms
Frame 448 end
Average processing time of GrabImageRGBD(): 14.9118ms
Frame 449 end
Average processing time of GrabImageRGBD(): 14.8992ms
Frame 450 end
Average processing time of GrabImageRGBD(): 14.8748ms
Frame 451 end
Average processing time of GrabImageRGBD(): 14.8619ms
Frame 452 end
Average processing time of GrabImageRGBD(): 14.8501ms
Frame 453 end
Average processing time of GrabImageRGBD(): 14.8382ms
Frame 454 end
Average processing time of GrabImageRGBD(): 14.8787ms
Frame 455 end
Average processing time of GrabImageRGBD(): 14.8595ms
Frame 456 end
Average processing time of GrabImageRGBD(): 14.8345ms
Frame 457 end
Average processing time of GrabImageRGBD(): 14.8093ms
Frame 458 end
Average processing time of GrabImageRGBD(): 14.7923ms
Frame 459 end
Average processing time of GrabImageRGBD(): 14.7688ms
Frame 460 end
Average processing time of GrabImageRGBD(): 14.7511ms
Frame 461 end
Average processing time of GrabImageRGBD(): 14.7851ms
Frame 462 end
Average processing time of GrabImageRGBD(): 14.7619ms
Frame 463 end
Average processing time of GrabImageRGBD(): 14.7713ms
Frame 464 end
Average processing time of GrabImageRGBD(): 14.7467ms
Frame 465 end
Average processing time of GrabImageRGBD(): 14.7232ms
Frame 466 end
Average processing time of GrabImageRGBD(): 14.7072ms
Frame 467 end
Average processing time of GrabImageRGBD(): 14.6888ms
Frame 468 end
Average processing time of GrabImageRGBD(): 14.6655ms
Frame 469 end
Average processing time of GrabImageRGBD(): 14.6951ms
Frame 470 end
Average processing time of GrabImageRGBD(): 14.6731ms
Frame 471 end
Average processing time of GrabImageRGBD(): 14.6515ms
Frame 472 end
Average processing time of GrabImageRGBD(): 14.6326ms
Frame 473 end
Average processing time of GrabImageRGBD(): 14.6092ms
Frame 474 end
Average processing time of GrabImageRGBD(): 14.5941ms
Frame 475 end
Average processing time of GrabImageRGBD(): 14.5786ms
Frame 476 end
Average processing time of GrabImageRGBD(): 14.5613ms
Frame 477 end
Average processing time of GrabImageRGBD(): 14.59ms
Frame 478 end
Average processing time of GrabImageRGBD(): 14.5756ms
Frame 479 end
Average processing time of GrabImageRGBD(): 14.56ms
Frame 480 end
Average processing time of GrabImageRGBD(): 14.5371ms
Frame 481 end
Average processing time of GrabImageRGBD(): 14.5213ms
Frame 482 end
Average processing time of GrabImageRGBD(): 14.4988ms
Frame 483 end
Average processing time of GrabImageRGBD(): 14.4822ms
Frame 484 end
Average processing time of GrabImageRGBD(): 14.4638ms
Frame 485 end
Average processing time of GrabImageRGBD(): 14.4932ms
Frame 486 end
Average processing time of GrabImageRGBD(): 14.4802ms
Frame 487 end
Average processing time of GrabImageRGBD(): 14.4607ms
Frame 488 end
Average processing time of GrabImageRGBD(): 14.4457ms
Frame 489 end
Average processing time of GrabImageRGBD(): 14.4318ms
Frame 490 end
Average processing time of GrabImageRGBD(): 14.4153ms
Frame 491 end
Average processing time of GrabImageRGBD(): 14.3989ms
Frame 492 end
Average processing time of GrabImageRGBD(): 14.3826ms
Frame 493 end
Average processing time of GrabImageRGBD(): 14.4129ms
Frame 494 end
Average processing time of GrabImageRGBD(): 14.3958ms
Frame 495 end
Average processing time of GrabImageRGBD(): 14.3732ms
Frame 496 end
Average processing time of GrabImageRGBD(): 14.3577ms
Frame 497 end
Average processing time of GrabImageRGBD(): 14.3431ms
Frame 498 end
Average processing time of GrabImageRGBD(): 14.3272ms
Frame 499 end
Average processing time of GrabImageRGBD(): 14.3123ms
Frame 500 end
Average processing time of GrabImageRGBD(): 14.2969ms
Frame 501 end
Average processing time of GrabImageRGBD(): 14.3253ms
Frame 502 end
Average processing time of GrabImageRGBD(): 14.3174ms
Frame 503 end
Average processing time of GrabImageRGBD(): 14.2984ms
Frame 504 end
Average processing time of GrabImageRGBD(): 14.2797ms
Frame 505 end
Average processing time of GrabImageRGBD(): 14.2589ms
Frame 506 end
Average processing time of GrabImageRGBD(): 14.2459ms
Frame 507 end
Average processing time of GrabImageRGBD(): 14.2244ms
Frame 508 end
Average processing time of GrabImageRGBD(): 14.2083ms
Frame 509 end
Average processing time of GrabImageRGBD(): 14.2388ms
Frame 510 end
Average processing time of GrabImageRGBD(): 14.2262ms
Frame 511 end
Average processing time of GrabImageRGBD(): 14.2053ms
Frame 512 end
Average processing time of GrabImageRGBD(): 14.1877ms
Frame 513 end
Average processing time of GrabImageRGBD(): 14.1758ms
Frame 514 end
Average processing time of GrabImageRGBD(): 14.1642ms
Frame 515 end
Average processing time of GrabImageRGBD(): 14.1533ms
Frame 516 end
Average processing time of GrabImageRGBD(): 14.1355ms
Frame 517 end
Average processing time of GrabImageRGBD(): 14.1667ms
Frame 518 end
Average processing time of GrabImageRGBD(): 14.1558ms
Frame 519 end
Average processing time of GrabImageRGBD(): 14.1373ms
Frame 520 end
Average processing time of GrabImageRGBD(): 14.1286ms
Frame 521 end
Average processing time of GrabImageRGBD(): 14.1164ms
Frame 522 end
Average processing time of GrabImageRGBD(): 14.1066ms
Frame 523 end
Average processing time of GrabImageRGBD(): 14.0937ms
Frame 524 end
Average processing time of GrabImageRGBD(): 14.0744ms
Frame 525 end
Average processing time of GrabImageRGBD(): 14.1039ms
Frame 526 end
Average processing time of GrabImageRGBD(): 14.086ms
Frame 527 end
Average processing time of GrabImageRGBD(): 14.0688ms
Frame 528 end
Average processing time of GrabImageRGBD(): 14.0492ms
Frame 529 end
Average processing time of GrabImageRGBD(): 14.038ms
Frame 530 end
Average processing time of GrabImageRGBD(): 14.0279ms
Frame 531 end
Average processing time of GrabImageRGBD(): 14.0177ms
Frame 532 end
Average processing time of GrabImageRGBD(): 14.0072ms
Frame 533 end
Average processing time of GrabImageRGBD(): 13.9922ms
Frame 534 end
Average processing time of GrabImageRGBD(): 13.9815ms
Frame 535 end
Average processing time of GrabImageRGBD(): 13.9613ms
Frame 536 end
Average processing time of GrabImageRGBD(): 13.9414ms
Frame 537 end
Average processing time of GrabImageRGBD(): 13.9773ms
Frame 538 end
Average processing time of GrabImageRGBD(): 13.9702ms
Frame 539 end
Average processing time of GrabImageRGBD(): 13.9607ms
Frame 540 end
Average processing time of GrabImageRGBD(): 13.9413ms
Frame 541 end
Average processing time of GrabImageRGBD(): 13.9225ms
Frame 542 end
Average processing time of GrabImageRGBD(): 13.9125ms
Frame 543 end
Average processing time of GrabImageRGBD(): 13.8941ms
Frame 544 end
Average processing time of GrabImageRGBD(): 13.8838ms
Frame 545 end
Average processing time of GrabImageRGBD(): 13.8727ms
Frame 546 end
Average processing time of GrabImageRGBD(): 13.8536ms
Frame 547 end
Average processing time of GrabImageRGBD(): 13.8436ms
Frame 548 end
Average processing time of GrabImageRGBD(): 13.8335ms
Frame 549 end
Average processing time of GrabImageRGBD(): 13.8143ms
Frame 550 end
Average processing time of GrabImageRGBD(): 13.7979ms
Frame 551 end
Average processing time of GrabImageRGBD(): 13.7791ms
Frame 552 end
Average processing time of GrabImageRGBD(): 13.7622ms
Frame 553 end
Average processing time of GrabImageRGBD(): 13.7517ms
Frame 554 end
Average processing time of GrabImageRGBD(): 13.7328ms
Frame 555 end
Average processing time of GrabImageRGBD(): 13.7138ms
Frame 556 end
Average processing time of GrabImageRGBD(): 13.6951ms
Frame 557 end
Average processing time of GrabImageRGBD(): 13.6771ms
Frame 558 end
Average processing time of GrabImageRGBD(): 13.6687ms
Frame 559 end
Average processing time of GrabImageRGBD(): 13.7015ms
Frame 560 end
Average processing time of GrabImageRGBD(): 13.6964ms
Frame 561 end
Average processing time of GrabImageRGBD(): 13.6789ms
Frame 562 end
Average processing time of GrabImageRGBD(): 13.6705ms
Frame 563 end
Average processing time of GrabImageRGBD(): 13.6559ms
Frame 564 end
Average processing time of GrabImageRGBD(): 13.6384ms
Frame 565 end
Average processing time of GrabImageRGBD(): 13.6208ms
Frame 566 end
Average processing time of GrabImageRGBD(): 13.6087ms
Frame 567 end
Average processing time of GrabImageRGBD(): 13.5997ms
Frame 568 end
Average processing time of GrabImageRGBD(): 13.591ms
Frame 569 end
Average processing time of GrabImageRGBD(): 13.5734ms
Frame 570 end
Average processing time of GrabImageRGBD(): 13.5645ms
Frame 571 end
Average processing time of GrabImageRGBD(): 13.5528ms
Frame 572 end
Average processing time of GrabImageRGBD(): 13.535ms
Frame 573 end
Average processing time of GrabImageRGBD(): 13.5261ms
Frame 574 end
Average processing time of GrabImageRGBD(): 13.5176ms
Frame 575 end
Average processing time of GrabImageRGBD(): 13.5097ms
Frame 576 end
Average processing time of GrabImageRGBD(): 13.4923ms
Frame 577 end
Average processing time of GrabImageRGBD(): 13.4742ms
Frame 578 end
Average processing time of GrabImageRGBD(): 13.4589ms
Frame 579 end
Shutdown
-------

median tracking time: 0.0116663
mean tracking time: 0.0142256

Saving camera trajectory to CameraTrajectory.txt ...

Saving keyframe trajectory to KeyFrameTrajectory.txt ...
