
ORB-SLAM3 Copyright (C) 2017-2020 Carlos Campos, Richard Elvira, Juan J. Gómez, José M.M. Montiel and Juan D. Tardós, University of Zaragoza.
ORB-SLAM2 Copyright (C) 2014-2016 Raúl Mur-Artal, José M.M. Montiel and Juan D. Tardós, University of Zaragoza.
This program comes with ABSOLUTELY NO WARRANTY;
This is free software, and you are welcome to redistribute it
under certain conditions. See LICENSE.txt.

Input sensor was set to: RGB-D
Loading settings from /home/bingxin/Downloads/NGD-SLAM/Examples/RGB-D/Bonn.yaml
Camera1.k3 optional parameter does not exist...
	-Loaded camera 1
Camera.newHeight optional parameter does not exist...
Camera.newWidth optional parameter does not exist...
	-Loaded image info
	-Loaded RGB-D calibration
	-Loaded ORB settings
Viewer.imageViewScale optional parameter does not exist...
	-Loaded viewer settings
System.LoadAtlasFromFile optional parameter does not exist...
System.SaveAtlasToFile optional parameter does not exist...
	-Loaded Atlas settings
System.thFarPoints optional parameter does not exist...
	-Loaded misc parameters
----------------------------------
SLAM settings: 
	-Camera 1 parameters (Pinhole): [ 542.823 542.577 315.594 237.756 ]
	-Camera 1 distortion parameters: [  0.039903 -0.099343 -0.00073 -0.000144 ]
	-Original image size: [ 640 , 480 ]
	-Current image size: [ 640 , 480 ]
	-Sequence FPS: 30
	-RGB-D depth map factor: 5000
	-Features per image: 1000
	-ORB scale factor: 1.2
	-ORB number of scales: 8
	-Initial FAST threshold: 20
	-Min FAST threshold: 7


Loading ORB Vocabulary. This could take a while...
Vocabulary loaded!

Initialization of Atlas from scratch 
Creation of new map with id: 0
Creation of new map with last KF id: 0
Seq. Name: 
There are 1 cameras in the atlas
Camera 0 is pinhole
Net use yolo-fastest

-------
Start processing sequence ...
Images in the sequence: 661

First KF:0; Map init KF:0
New Map created with 921 points
Average processing time of GrabImageRGBD(): 43.6296ms
Frame 0 end
Average processing time of GrabImageRGBD(): 36.3289ms
Frame 1 end
Average processing time of GrabImageRGBD(): 32.3593ms
Frame 2 end
Average processing time of GrabImageRGBD(): 25.2162ms
Frame 3 end
Average processing time of GrabImageRGBD(): 22.1668ms
Frame 4 end
Average processing time of GrabImageRGBD(): 19.0812ms
Frame 5 end
Average processing time of GrabImageRGBD(): 16.8693ms
Frame 6 end
Starting the Viewer
Average processing time of GrabImageRGBD(): 15.2203ms
Frame 7 end
Average processing time of GrabImageRGBD(): 13.9866ms
Frame 8 end
Average processing time of GrabImageRGBD(): 13.5968ms
Frame 9 end
Average processing time of GrabImageRGBD(): 13.2587ms
Frame 10 end
Average processing time of GrabImageRGBD(): 12.4165ms
Frame 11 end
Average processing time of GrabImageRGBD(): 12.2249ms
Frame 12 end
Average processing time of GrabImageRGBD(): 11.7158ms
Frame 13 end
Average processing time of GrabImageRGBD(): 11.1537ms
Frame 14 end
Average processing time of GrabImageRGBD(): 11.0921ms
Frame 15 end
Average processing time of GrabImageRGBD(): 10.6659ms
Frame 16 end
Average processing time of GrabImageRGBD(): 10.6251ms
Frame 17 end
Average processing time of GrabImageRGBD(): 10.4274ms
Frame 18 end
Average processing time of GrabImageRGBD(): 10.0923ms
Frame 19 end
Average processing time of GrabImageRGBD(): 9.85605ms
Frame 20 end
Average processing time of GrabImageRGBD(): 9.89328ms
Frame 21 end
Average processing time of GrabImageRGBD(): 9.89055ms
Frame 22 end
Average processing time of GrabImageRGBD(): 9.66757ms
Frame 23 end
Average processing time of GrabImageRGBD(): 9.67198ms
Frame 24 end
Average processing time of GrabImageRGBD(): 9.43716ms
Frame 25 end
Average processing time of GrabImageRGBD(): 9.36974ms
Frame 26 end
Average processing time of GrabImageRGBD(): 9.36216ms
Frame 27 end
Average processing time of GrabImageRGBD(): 9.31605ms
Frame 28 end
Average processing time of GrabImageRGBD(): 9.1054ms
Frame 29 end
Average processing time of GrabImageRGBD(): 8.94375ms
Frame 30 end
Average processing time of GrabImageRGBD(): 8.79033ms
Frame 31 end
Average processing time of GrabImageRGBD(): 8.64244ms
Frame 32 end
Average processing time of GrabImageRGBD(): 8.50341ms
Frame 33 end
Average processing time of GrabImageRGBD(): 8.52109ms
Frame 34 end
Average processing time of GrabImageRGBD(): 8.38151ms
Frame 35 end
Average processing time of GrabImageRGBD(): 8.42432ms
Frame 36 end
Average processing time of GrabImageRGBD(): 8.45394ms
Frame 37 end
Average processing time of GrabImageRGBD(): 8.31752ms
Frame 38 end
Average processing time of GrabImageRGBD(): 9.05561ms
Frame 39 end
Average processing time of GrabImageRGBD(): 9.04793ms
Frame 40 end
Average processing time of GrabImageRGBD(): 9.43641ms
Frame 41 end
Average processing time of GrabImageRGBD(): 9.48072ms
Frame 42 end
Average processing time of GrabImageRGBD(): 9.50238ms
Frame 43 end
Average processing time of GrabImageRGBD(): 9.40802ms
Frame 44 end
Average processing time of GrabImageRGBD(): 9.4081ms
Frame 45 end
Average processing time of GrabImageRGBD(): 9.34957ms
Frame 46 end
Average processing time of GrabImageRGBD(): 9.22926ms
Frame 47 end
Average processing time of GrabImageRGBD(): 9.21729ms
Frame 48 end
Average processing time of GrabImageRGBD(): 9.10601ms
Frame 49 end
Average processing time of GrabImageRGBD(): 9.09383ms
Frame 50 end
Average processing time of GrabImageRGBD(): 9.45175ms
Frame 51 end
Average processing time of GrabImageRGBD(): 9.41279ms
Frame 52 end
Average processing time of GrabImageRGBD(): 9.298ms
Frame 53 end
Average processing time of GrabImageRGBD(): 9.68864ms
Frame 54 end
Average processing time of GrabImageRGBD(): 9.71132ms
Frame 55 end
Average processing time of GrabImageRGBD(): 9.59709ms
Frame 56 end
Average processing time of GrabImageRGBD(): 9.96195ms
Frame 57 end
Average processing time of GrabImageRGBD(): 9.90902ms
Frame 58 end
Average processing time of GrabImageRGBD(): 9.79473ms
Frame 59 end
Average processing time of GrabImageRGBD(): 9.76881ms
Frame 60 end
Average processing time of GrabImageRGBD(): 9.75331ms
Frame 61 end
Average processing time of GrabImageRGBD(): 9.9997ms
Frame 62 end
Average processing time of GrabImageRGBD(): 10.0043ms
Frame 63 end
Average processing time of GrabImageRGBD(): 9.9034ms
Frame 64 end
Average processing time of GrabImageRGBD(): 9.80753ms
Frame 65 end
Average processing time of GrabImageRGBD(): 9.81565ms
Frame 66 end
Average processing time of GrabImageRGBD(): 9.81387ms
Frame 67 end
Average processing time of GrabImageRGBD(): 9.75904ms
Frame 68 end
Average processing time of GrabImageRGBD(): 9.72216ms
Frame 69 end
Average processing time of GrabImageRGBD(): 9.63341ms
Frame 70 end
Average processing time of GrabImageRGBD(): 9.62107ms
Frame 71 end
Average processing time of GrabImageRGBD(): 9.60523ms
Frame 72 end
Average processing time of GrabImageRGBD(): 9.56337ms
Frame 73 end
Average processing time of GrabImageRGBD(): 9.83125ms
Frame 74 end
Average processing time of GrabImageRGBD(): 9.81047ms
Frame 75 end
Average processing time of GrabImageRGBD(): 9.71915ms
Frame 76 end
Average processing time of GrabImageRGBD(): 9.70495ms
Frame 77 end
Average processing time of GrabImageRGBD(): 9.66399ms
Frame 78 end
Average processing time of GrabImageRGBD(): 9.92818ms
Frame 79 end
Average processing time of GrabImageRGBD(): 9.85745ms
Frame 80 end
Average processing time of GrabImageRGBD(): 10.0606ms
Frame 81 end
Average processing time of GrabImageRGBD(): 10.0956ms
Frame 82 end
Average processing time of GrabImageRGBD(): 10.298ms
Frame 83 end
Average processing time of GrabImageRGBD(): 10.2289ms
Frame 84 end
Average processing time of GrabImageRGBD(): 10.1501ms
Frame 85 end
Average processing time of GrabImageRGBD(): 10.0783ms
Frame 86 end
Average processing time of GrabImageRGBD(): 10.0431ms
Frame 87 end
Average processing time of GrabImageRGBD(): 9.9695ms
Frame 88 end
Average processing time of GrabImageRGBD(): 9.92066ms
Frame 89 end
Average processing time of GrabImageRGBD(): 9.88385ms
Frame 90 end
Average processing time of GrabImageRGBD(): 9.85064ms
Frame 91 end
Average processing time of GrabImageRGBD(): 9.82791ms
Frame 92 end
Average processing time of GrabImageRGBD(): 9.82142ms
Frame 93 end
Average processing time of GrabImageRGBD(): 10.0497ms
Frame 94 end
Average processing time of GrabImageRGBD(): 10.0622ms
Frame 95 end
Average processing time of GrabImageRGBD(): 10.0435ms
Frame 96 end
Average processing time of GrabImageRGBD(): 10.0221ms
Frame 97 end
Average processing time of GrabImageRGBD(): 9.99811ms
Frame 98 end
Average processing time of GrabImageRGBD(): 9.99026ms
Frame 99 end
Average processing time of GrabImageRGBD(): 9.98467ms
Frame 100 end
Average processing time of GrabImageRGBD(): 9.95647ms
Frame 101 end
Average processing time of GrabImageRGBD(): 10.1244ms
Frame 102 end
Average processing time of GrabImageRGBD(): 10.1258ms
Frame 103 end
Average processing time of GrabImageRGBD(): 10.1404ms
Frame 104 end
Average processing time of GrabImageRGBD(): 10.147ms
Frame 105 end
Average processing time of GrabImageRGBD(): 10.149ms
Frame 106 end
Average processing time of GrabImageRGBD(): 10.0909ms
Frame 107 end
Average processing time of GrabImageRGBD(): 10.0353ms
Frame 108 end
Average processing time of GrabImageRGBD(): 10.0403ms
Frame 109 end
Average processing time of GrabImageRGBD(): 10.0495ms
Frame 110 end
Average processing time of GrabImageRGBD(): 9.98992ms
Frame 111 end
Average processing time of GrabImageRGBD(): 10.1428ms
Frame 112 end
Average processing time of GrabImageRGBD(): 10.0923ms
Frame 113 end
Average processing time of GrabImageRGBD(): 10.0912ms
Frame 114 end
Average processing time of GrabImageRGBD(): 10.0734ms
Frame 115 end
Average processing time of GrabImageRGBD(): 10.0298ms
Frame 116 end
Average processing time of GrabImageRGBD(): 10.0218ms
Frame 117 end
Average processing time of GrabImageRGBD(): 10.1842ms
Frame 118 end
Average processing time of GrabImageRGBD(): 10.1923ms
Frame 119 end
Average processing time of GrabImageRGBD(): 10.1918ms
Frame 120 end
Average processing time of GrabImageRGBD(): 10.1896ms
Frame 121 end
Average processing time of GrabImageRGBD(): 10.1526ms
Frame 122 end
Average processing time of GrabImageRGBD(): 10.1003ms
Frame 123 end
Average processing time of GrabImageRGBD(): 10.0636ms
Frame 124 end
Average processing time of GrabImageRGBD(): 10.0514ms
Frame 125 end
Average processing time of GrabImageRGBD(): 10.1755ms
Frame 126 end
Average processing time of GrabImageRGBD(): 10.1293ms
Frame 127 end
Average processing time of GrabImageRGBD(): 10.077ms
Frame 128 end
Average processing time of GrabImageRGBD(): 10.2024ms
Frame 129 end
Average processing time of GrabImageRGBD(): 10.193ms
Frame 130 end
Average processing time of GrabImageRGBD(): 10.1368ms
Frame 131 end
Average processing time of GrabImageRGBD(): 10.2779ms
Frame 132 end
Average processing time of GrabImageRGBD(): 10.2338ms
Frame 133 end
Average processing time of GrabImageRGBD(): 10.1872ms
Frame 134 end
Average processing time of GrabImageRGBD(): 10.1758ms
Frame 135 end
Average processing time of GrabImageRGBD(): 10.1585ms
Frame 136 end
Average processing time of GrabImageRGBD(): 10.1391ms
Frame 137 end
Average processing time of GrabImageRGBD(): 10.2572ms
Frame 138 end
Average processing time of GrabImageRGBD(): 10.2506ms
Frame 139 end
Average processing time of GrabImageRGBD(): 10.2169ms
Frame 140 end
Average processing time of GrabImageRGBD(): 10.3219ms
Frame 141 end
Average processing time of GrabImageRGBD(): 10.2899ms
Frame 142 end
Average processing time of GrabImageRGBD(): 10.2399ms
Frame 143 end
Average processing time of GrabImageRGBD(): 10.2304ms
Frame 144 end
Average processing time of GrabImageRGBD(): 10.1838ms
Frame 145 end
Average processing time of GrabImageRGBD(): 10.1361ms
Frame 146 end
Average processing time of GrabImageRGBD(): 10.1201ms
Frame 147 end
Average processing time of GrabImageRGBD(): 10.2377ms
Frame 148 end
Average processing time of GrabImageRGBD(): 10.2242ms
Frame 149 end
Average processing time of GrabImageRGBD(): 10.1754ms
Frame 150 end
Average processing time of GrabImageRGBD(): 10.1592ms
Frame 151 end
Average processing time of GrabImageRGBD(): 10.1437ms
Frame 152 end
Average processing time of GrabImageRGBD(): 10.1152ms
Frame 153 end
Average processing time of GrabImageRGBD(): 10.0977ms
Frame 154 end
Average processing time of GrabImageRGBD(): 10.1998ms
Frame 155 end
Average processing time of GrabImageRGBD(): 10.1829ms
Frame 156 end
Average processing time of GrabImageRGBD(): 10.1391ms
Frame 157 end
Average processing time of GrabImageRGBD(): 10.2524ms
Frame 158 end
Average processing time of GrabImageRGBD(): 10.2402ms
Frame 159 end
Average processing time of GrabImageRGBD(): 10.1943ms
Frame 160 end
Average processing time of GrabImageRGBD(): 10.2861ms
Frame 161 end
Average processing time of GrabImageRGBD(): 10.2797ms
Frame 162 end
Average processing time of GrabImageRGBD(): 10.2499ms
Frame 163 end
Average processing time of GrabImageRGBD(): 10.3657ms
Frame 164 end
Average processing time of GrabImageRGBD(): 10.3557ms
Frame 165 end
Average processing time of GrabImageRGBD(): 10.3109ms
Frame 166 end
Average processing time of GrabImageRGBD(): 10.2963ms
Frame 167 end
Average processing time of GrabImageRGBD(): 10.4051ms
Frame 168 end
Average processing time of GrabImageRGBD(): 10.3918ms
Frame 169 end
Average processing time of GrabImageRGBD(): 10.3521ms
Frame 170 end
Average processing time of GrabImageRGBD(): 10.3388ms
Frame 171 end
Average processing time of GrabImageRGBD(): 10.4367ms
Frame 172 end
Average processing time of GrabImageRGBD(): 10.398ms
Frame 173 end
Average processing time of GrabImageRGBD(): 10.3582ms
Frame 174 end
Average processing time of GrabImageRGBD(): 10.3207ms
Frame 175 end
Average processing time of GrabImageRGBD(): 10.4301ms
Frame 176 end
Average processing time of GrabImageRGBD(): 10.4157ms
Frame 177 end
Average processing time of GrabImageRGBD(): 10.375ms
Frame 178 end
Average processing time of GrabImageRGBD(): 10.3673ms
Frame 179 end
Average processing time of GrabImageRGBD(): 10.4742ms
Frame 180 end
Average processing time of GrabImageRGBD(): 10.4388ms
Frame 181 end
Average processing time of GrabImageRGBD(): 10.3979ms
Frame 182 end
Average processing time of GrabImageRGBD(): 10.3614ms
Frame 183 end
Average processing time of GrabImageRGBD(): 10.3233ms
Frame 184 end
Average processing time of GrabImageRGBD(): 10.4707ms
Frame 185 end
Average processing time of GrabImageRGBD(): 10.4431ms
Frame 186 end
Average processing time of GrabImageRGBD(): 10.4057ms
Frame 187 end
Average processing time of GrabImageRGBD(): 10.394ms
Frame 188 end
Average processing time of GrabImageRGBD(): 10.3806ms
Frame 189 end
Average processing time of GrabImageRGBD(): 10.3424ms
Frame 190 end
Average processing time of GrabImageRGBD(): 10.3326ms
Frame 191 end
Average processing time of GrabImageRGBD(): 10.321ms
Frame 192 end
Average processing time of GrabImageRGBD(): 10.2925ms
Frame 193 end
Average processing time of GrabImageRGBD(): 10.2807ms
Frame 194 end
Average processing time of GrabImageRGBD(): 10.3759ms
Frame 195 end
Average processing time of GrabImageRGBD(): 10.3632ms
Frame 196 end
Average processing time of GrabImageRGBD(): 10.3276ms
Frame 197 end
Average processing time of GrabImageRGBD(): 10.3191ms
Frame 198 end
Average processing time of GrabImageRGBD(): 10.2864ms
Frame 199 end
Average processing time of GrabImageRGBD(): 10.2781ms
Frame 200 end
Average processing time of GrabImageRGBD(): 10.2592ms
Frame 201 end
Average processing time of GrabImageRGBD(): 10.2263ms
Frame 202 end
Average processing time of GrabImageRGBD(): 10.2165ms
Frame 203 end
Average processing time of GrabImageRGBD(): 10.2039ms
Frame 204 end
Average processing time of GrabImageRGBD(): 10.2829ms
Frame 205 end
Average processing time of GrabImageRGBD(): 10.2739ms
Frame 206 end
Average processing time of GrabImageRGBD(): 10.2402ms
Frame 207 end
Average processing time of GrabImageRGBD(): 10.2141ms
Frame 208 end
Average processing time of GrabImageRGBD(): 10.2915ms
Frame 209 end
Average processing time of GrabImageRGBD(): 10.2984ms
Frame 210 end
Average processing time of GrabImageRGBD(): 10.3045ms
Frame 211 end
Average processing time of GrabImageRGBD(): 10.2856ms
Frame 212 end
Average processing time of GrabImageRGBD(): 10.2819ms
Frame 213 end
Average processing time of GrabImageRGBD(): 10.2479ms
Frame 214 end
Average processing time of GrabImageRGBD(): 10.2225ms
Frame 215 end
Average processing time of GrabImageRGBD(): 10.2067ms
Frame 216 end
Average processing time of GrabImageRGBD(): 10.174ms
Frame 217 end
Average processing time of GrabImageRGBD(): 10.1668ms
Frame 218 end
Average processing time of GrabImageRGBD(): 10.1599ms
Frame 219 end
Average processing time of GrabImageRGBD(): 10.1291ms
Frame 220 end
Average processing time of GrabImageRGBD(): 10.109ms
Frame 221 end
Average processing time of GrabImageRGBD(): 10.182ms
Frame 222 end
Average processing time of GrabImageRGBD(): 10.1774ms
Frame 223 end
Average processing time of GrabImageRGBD(): 10.1465ms
Frame 224 end
Average processing time of GrabImageRGBD(): 10.1377ms
Frame 225 end
Average processing time of GrabImageRGBD(): 10.1305ms
Frame 226 end
Average processing time of GrabImageRGBD(): 10.1233ms
Frame 227 end
Average processing time of GrabImageRGBD(): 10.2077ms
Frame 228 end
Average processing time of GrabImageRGBD(): 10.2034ms
Frame 229 end
Average processing time of GrabImageRGBD(): 10.1721ms
Frame 230 end
Average processing time of GrabImageRGBD(): 10.164ms
Frame 231 end
Average processing time of GrabImageRGBD(): 10.1414ms
Frame 232 end
Average processing time of GrabImageRGBD(): 10.1167ms
Frame 233 end
Average processing time of GrabImageRGBD(): 10.1062ms
Frame 234 end
Average processing time of GrabImageRGBD(): 10.0779ms
Frame 235 end
Average processing time of GrabImageRGBD(): 10.049ms
Frame 236 end
Average processing time of GrabImageRGBD(): 10.0404ms
Frame 237 end
Average processing time of GrabImageRGBD(): 10.0127ms
Frame 238 end
Average processing time of GrabImageRGBD(): 9.9902ms
Frame 239 end
Average processing time of GrabImageRGBD(): 9.98077ms
Frame 240 end
Average processing time of GrabImageRGBD(): 9.96152ms
Frame 241 end
Average processing time of GrabImageRGBD(): 9.9342ms
Frame 242 end
Average processing time of GrabImageRGBD(): 9.91128ms
Frame 243 end
Average processing time of GrabImageRGBD(): 9.90236ms
Frame 244 end
Average processing time of GrabImageRGBD(): 9.89456ms
Frame 245 end
Average processing time of GrabImageRGBD(): 9.88615ms
Frame 246 end
Average processing time of GrabImageRGBD(): 9.87322ms
Frame 247 end
Average processing time of GrabImageRGBD(): 9.8479ms
Frame 248 end
Average processing time of GrabImageRGBD(): 9.8394ms
Frame 249 end
Average processing time of GrabImageRGBD(): 9.8319ms
Frame 250 end
Average processing time of GrabImageRGBD(): 9.8232ms
Frame 251 end
Average processing time of GrabImageRGBD(): 9.81448ms
Frame 252 end
Average processing time of GrabImageRGBD(): 9.80677ms
Frame 253 end
Average processing time of GrabImageRGBD(): 9.79383ms
Frame 254 end
Average processing time of GrabImageRGBD(): 9.78423ms
Frame 255 end
Average processing time of GrabImageRGBD(): 9.75873ms
Frame 256 end
Average processing time of GrabImageRGBD(): 9.75047ms
Frame 257 end
Average processing time of GrabImageRGBD(): 9.7242ms
Frame 258 end
Average processing time of GrabImageRGBD(): 9.71074ms
Frame 259 end
Average processing time of GrabImageRGBD(): 9.69167ms
Frame 260 end
Average processing time of GrabImageRGBD(): 9.66784ms
Frame 261 end
Average processing time of GrabImageRGBD(): 9.6592ms
Frame 262 end
Average processing time of GrabImageRGBD(): 9.65075ms
Frame 263 end
Average processing time of GrabImageRGBD(): 9.64261ms
Frame 264 end
Average processing time of GrabImageRGBD(): 9.6363ms
Frame 265 end
Average processing time of GrabImageRGBD(): 9.61628ms
Frame 266 end
Average processing time of GrabImageRGBD(): 9.60506ms
Frame 267 end
Average processing time of GrabImageRGBD(): 9.58178ms
Frame 268 end
Average processing time of GrabImageRGBD(): 9.57683ms
Frame 269 end
Average processing time of GrabImageRGBD(): 9.5712ms
Frame 270 end
Average processing time of GrabImageRGBD(): 9.56255ms
Frame 271 end
Average processing time of GrabImageRGBD(): 9.63774ms
Frame 272 end
Average processing time of GrabImageRGBD(): 9.61775ms
Frame 273 end
Average processing time of GrabImageRGBD(): 9.59637ms
Frame 274 end
Average processing time of GrabImageRGBD(): 9.57555ms
Frame 275 end
Average processing time of GrabImageRGBD(): 9.57519ms
Frame 276 end
Average processing time of GrabImageRGBD(): 9.56405ms
Frame 277 end
Average processing time of GrabImageRGBD(): 9.55245ms
Frame 278 end
Average processing time of GrabImageRGBD(): 9.54951ms
Frame 279 end
Average processing time of GrabImageRGBD(): 9.53276ms
Frame 280 end
Average processing time of GrabImageRGBD(): 9.52191ms
Frame 281 end
Average processing time of GrabImageRGBD(): 9.50591ms
Frame 282 end
Average processing time of GrabImageRGBD(): 9.48835ms
Frame 283 end
Average processing time of GrabImageRGBD(): 9.4851ms
Frame 284 end
Average processing time of GrabImageRGBD(): 9.4819ms
Frame 285 end
Average processing time of GrabImageRGBD(): 9.46048ms
Frame 286 end
Average processing time of GrabImageRGBD(): 9.45089ms
Frame 287 end
Average processing time of GrabImageRGBD(): 9.4343ms
Frame 288 end
Average processing time of GrabImageRGBD(): 9.43143ms
Frame 289 end
Average processing time of GrabImageRGBD(): 9.41973ms
Frame 290 end
Average processing time of GrabImageRGBD(): 9.41668ms
Frame 291 end
Average processing time of GrabImageRGBD(): 9.41344ms
Frame 292 end
Average processing time of GrabImageRGBD(): 9.39277ms
Frame 293 end
Average processing time of GrabImageRGBD(): 9.37712ms
Frame 294 end
Average processing time of GrabImageRGBD(): 9.36736ms
Frame 295 end
Average processing time of GrabImageRGBD(): 9.36181ms
Frame 296 end
Average processing time of GrabImageRGBD(): 9.34108ms
Frame 297 end
Average processing time of GrabImageRGBD(): 9.33438ms
Frame 298 end
Average processing time of GrabImageRGBD(): 9.31416ms
Frame 299 end
Average processing time of GrabImageRGBD(): 9.30781ms
Frame 300 end
Average processing time of GrabImageRGBD(): 9.30548ms
Frame 301 end
Average processing time of GrabImageRGBD(): 9.28576ms
Frame 302 end
Average processing time of GrabImageRGBD(): 9.26493ms
Frame 303 end
Average processing time of GrabImageRGBD(): 9.24571ms
Frame 304 end
Average processing time of GrabImageRGBD(): 9.22978ms
Frame 305 end
Average processing time of GrabImageRGBD(): 9.29891ms
Frame 306 end
Average processing time of GrabImageRGBD(): 9.28338ms
Frame 307 end
Average processing time of GrabImageRGBD(): 9.26371ms
Frame 308 end
Average processing time of GrabImageRGBD(): 9.24692ms
Frame 309 end
Average processing time of GrabImageRGBD(): 9.23722ms
Frame 310 end
Average processing time of GrabImageRGBD(): 9.21972ms
Frame 311 end
Average processing time of GrabImageRGBD(): 9.21884ms
Frame 312 end
Average processing time of GrabImageRGBD(): 9.21968ms
Frame 313 end
Average processing time of GrabImageRGBD(): 9.20702ms
Frame 314 end
Average processing time of GrabImageRGBD(): 9.18906ms
Frame 315 end
Average processing time of GrabImageRGBD(): 9.18942ms
Frame 316 end
Average processing time of GrabImageRGBD(): 9.19036ms
Frame 317 end
Average processing time of GrabImageRGBD(): 9.17334ms
Frame 318 end
Average processing time of GrabImageRGBD(): 9.15436ms
Frame 319 end
Average processing time of GrabImageRGBD(): 9.15504ms
Frame 320 end
Average processing time of GrabImageRGBD(): 9.13641ms
Frame 321 end
Average processing time of GrabImageRGBD(): 9.13553ms
Frame 322 end
Average processing time of GrabImageRGBD(): 9.11814ms
Frame 323 end
Average processing time of GrabImageRGBD(): 9.10587ms
Frame 324 end
Average processing time of GrabImageRGBD(): 9.08857ms
Frame 325 end
Average processing time of GrabImageRGBD(): 9.08717ms
Frame 326 end
Average processing time of GrabImageRGBD(): 9.08584ms
Frame 327 end
Average processing time of GrabImageRGBD(): 9.06819ms
Frame 328 end
Average processing time of GrabImageRGBD(): 9.05051ms
Frame 329 end
Average processing time of GrabImageRGBD(): 9.03357ms
Frame 330 end
Average processing time of GrabImageRGBD(): 9.01893ms
Frame 331 end
Average processing time of GrabImageRGBD(): 9.01724ms
Frame 332 end
Average processing time of GrabImageRGBD(): 9.07748ms
Frame 333 end
Average processing time of GrabImageRGBD(): 9.07716ms
Frame 334 end
Average processing time of GrabImageRGBD(): 9.06372ms
Frame 335 end
Average processing time of GrabImageRGBD(): 9.0547ms
Frame 336 end
Average processing time of GrabImageRGBD(): 9.0662ms
Frame 337 end
Average processing time of GrabImageRGBD(): 9.06619ms
Frame 338 end
Average processing time of GrabImageRGBD(): 9.0744ms
Frame 339 end
Average processing time of GrabImageRGBD(): 9.08005ms
Frame 340 end
Average processing time of GrabImageRGBD(): 9.08254ms
Frame 341 end
Average processing time of GrabImageRGBD(): 9.15172ms
Frame 342 end
Average processing time of GrabImageRGBD(): 9.15989ms
Frame 343 end
Average processing time of GrabImageRGBD(): 9.15739ms
Frame 344 end
Average processing time of GrabImageRGBD(): 9.16001ms
Frame 345 end
Average processing time of GrabImageRGBD(): 9.17061ms
Frame 346 end
Average processing time of GrabImageRGBD(): 9.24285ms
Frame 347 end
Average processing time of GrabImageRGBD(): 9.24819ms
Frame 348 end
Average processing time of GrabImageRGBD(): 9.25243ms
Frame 349 end
Average processing time of GrabImageRGBD(): 9.26631ms
Frame 350 end
Average processing time of GrabImageRGBD(): 9.27691ms
Frame 351 end
Average processing time of GrabImageRGBD(): 9.28354ms
Frame 352 end
Average processing time of GrabImageRGBD(): 9.35655ms
Frame 353 end
Average processing time of GrabImageRGBD(): 9.36419ms
Frame 354 end
Average processing time of GrabImageRGBD(): 9.37671ms
Frame 355 end
Average processing time of GrabImageRGBD(): 9.38724ms
Frame 356 end
Average processing time of GrabImageRGBD(): 9.39238ms
Frame 357 end
Average processing time of GrabImageRGBD(): 9.40194ms
Frame 358 end
Average processing time of GrabImageRGBD(): 9.41099ms
Frame 359 end
Average processing time of GrabImageRGBD(): 9.47602ms
Frame 360 end
Average processing time of GrabImageRGBD(): 9.48784ms
Frame 361 end
Average processing time of GrabImageRGBD(): 9.49104ms
Frame 362 end
Average processing time of GrabImageRGBD(): 9.49012ms
Frame 363 end
Average processing time of GrabImageRGBD(): 9.49765ms
Frame 364 end
Average processing time of GrabImageRGBD(): 9.50794ms
Frame 365 end
Average processing time of GrabImageRGBD(): 9.51238ms
Frame 366 end
Average processing time of GrabImageRGBD(): 9.51352ms
Frame 367 end
Average processing time of GrabImageRGBD(): 9.52135ms
Frame 368 end
Average processing time of GrabImageRGBD(): 9.58805ms
Frame 369 end
Average processing time of GrabImageRGBD(): 9.59791ms
Frame 370 end
Average processing time of GrabImageRGBD(): 9.60606ms
Frame 371 end
Average processing time of GrabImageRGBD(): 9.60687ms
Frame 372 end
Average processing time of GrabImageRGBD(): 9.60073ms
Frame 373 end
Average processing time of GrabImageRGBD(): 9.60525ms
Frame 374 end
Average processing time of GrabImageRGBD(): 9.67252ms
Frame 375 end
Average processing time of GrabImageRGBD(): 9.67869ms
Frame 376 end
Average processing time of GrabImageRGBD(): 9.68408ms
Frame 377 end
Average processing time of GrabImageRGBD(): 9.69313ms
Frame 378 end
Average processing time of GrabImageRGBD(): 9.69629ms
Frame 379 end
Average processing time of GrabImageRGBD(): 9.70564ms
Frame 380 end
Average processing time of GrabImageRGBD(): 9.71476ms
Frame 381 end
Average processing time of GrabImageRGBD(): 9.71138ms
Frame 382 end
Average processing time of GrabImageRGBD(): 9.71842ms
Frame 383 end
Average processing time of GrabImageRGBD(): 9.72275ms
Frame 384 end
Average processing time of GrabImageRGBD(): 9.72322ms
Frame 385 end
Average processing time of GrabImageRGBD(): 9.72967ms
Frame 386 end
Average processing time of GrabImageRGBD(): 9.73645ms
Frame 387 end
Average processing time of GrabImageRGBD(): 9.80023ms
Frame 388 end
Average processing time of GrabImageRGBD(): 9.80458ms
Frame 389 end
Average processing time of GrabImageRGBD(): 9.81005ms
Frame 390 end
Average processing time of GrabImageRGBD(): 9.80558ms
Frame 391 end
Average processing time of GrabImageRGBD(): 9.81445ms
Frame 392 end
Average processing time of GrabImageRGBD(): 9.86767ms
Frame 393 end
Average processing time of GrabImageRGBD(): 9.87269ms
Frame 394 end
Average processing time of GrabImageRGBD(): 9.87687ms
Frame 395 end
Average processing time of GrabImageRGBD(): 9.88437ms
Frame 396 end
Average processing time of GrabImageRGBD(): 9.88951ms
Frame 397 end
Average processing time of GrabImageRGBD(): 9.89296ms
Frame 398 end
Average processing time of GrabImageRGBD(): 9.9563ms
Frame 399 end
Average processing time of GrabImageRGBD(): 9.96449ms
Frame 400 end
Average processing time of GrabImageRGBD(): 9.97041ms
Frame 401 end
Average processing time of GrabImageRGBD(): 9.97236ms
Frame 402 end
Average processing time of GrabImageRGBD(): 9.97646ms
Frame 403 end
Average processing time of GrabImageRGBD(): 9.98033ms
Frame 404 end
Average processing time of GrabImageRGBD(): 10.0433ms
Frame 405 end
Average processing time of GrabImageRGBD(): 10.0515ms
Frame 406 end
Average processing time of GrabImageRGBD(): 10.0608ms
Frame 407 end
Average processing time of GrabImageRGBD(): 10.0673ms
Frame 408 end
Average processing time of GrabImageRGBD(): 10.069ms
Frame 409 end
Average processing time of GrabImageRGBD(): 10.0713ms
Frame 410 end
Average processing time of GrabImageRGBD(): 10.0731ms
Frame 411 end
Average processing time of GrabImageRGBD(): 10.1354ms
Frame 412 end
Average processing time of GrabImageRGBD(): 10.1354ms
Frame 413 end
Average processing time of GrabImageRGBD(): 10.1416ms
Frame 414 end
Average processing time of GrabImageRGBD(): 10.1434ms
Frame 415 end
Average processing time of GrabImageRGBD(): 10.1475ms
Frame 416 end
Average processing time of GrabImageRGBD(): 10.1547ms
Frame 417 end
Average processing time of GrabImageRGBD(): 10.1556ms
Frame 418 end
Average processing time of GrabImageRGBD(): 10.1621ms
Frame 419 end
Average processing time of GrabImageRGBD(): 10.1672ms
Frame 420 end
Average processing time of GrabImageRGBD(): 10.1711ms
Frame 421 end
Average processing time of GrabImageRGBD(): 10.1699ms
Frame 422 end
Average processing time of GrabImageRGBD(): 10.1663ms
Frame 423 end
Average processing time of GrabImageRGBD(): 10.1676ms
Frame 424 end
Average processing time of GrabImageRGBD(): 10.1746ms
Frame 425 end
Average processing time of GrabImageRGBD(): 10.2337ms
Frame 426 end
Average processing time of GrabImageRGBD(): 10.2377ms
Frame 427 end
Average processing time of GrabImageRGBD(): 10.2432ms
Frame 428 end
Average processing time of GrabImageRGBD(): 10.2476ms
Frame 429 end
Average processing time of GrabImageRGBD(): 10.2561ms
Frame 430 end
Average processing time of GrabImageRGBD(): 10.2623ms
Frame 431 end
Average processing time of GrabImageRGBD(): 10.2688ms
Frame 432 end
Average processing time of GrabImageRGBD(): 10.2782ms
Frame 433 end
Average processing time of GrabImageRGBD(): 10.2788ms
Frame 434 end
Average processing time of GrabImageRGBD(): 10.3428ms
Frame 435 end
Average processing time of GrabImageRGBD(): 10.3529ms
Frame 436 end
Average processing time of GrabImageRGBD(): 10.3585ms
Frame 437 end
Average processing time of GrabImageRGBD(): 10.367ms
Frame 438 end
Average processing time of GrabImageRGBD(): 10.3745ms
Frame 439 end
Average processing time of GrabImageRGBD(): 10.3851ms
Frame 440 end
Average processing time of GrabImageRGBD(): 10.39ms
Frame 441 end
Average processing time of GrabImageRGBD(): 10.3984ms
Frame 442 end
Average processing time of GrabImageRGBD(): 10.3975ms
Frame 443 end
Average processing time of GrabImageRGBD(): 10.4045ms
Frame 444 end
Average processing time of GrabImageRGBD(): 10.4089ms
Frame 445 end
Average processing time of GrabImageRGBD(): 10.4122ms
Frame 446 end
Average processing time of GrabImageRGBD(): 10.4733ms
Frame 447 end
Average processing time of GrabImageRGBD(): 10.4845ms
Frame 448 end
Average processing time of GrabImageRGBD(): 10.4985ms
Frame 449 end
Average processing time of GrabImageRGBD(): 10.5138ms
Frame 450 end
Average processing time of GrabImageRGBD(): 10.5281ms
Frame 451 end
Average processing time of GrabImageRGBD(): 10.536ms
Frame 452 end
Average processing time of GrabImageRGBD(): 10.537ms
Frame 453 end
Average processing time of GrabImageRGBD(): 10.545ms
Frame 454 end
Average processing time of GrabImageRGBD(): 10.5515ms
Frame 455 end
Average processing time of GrabImageRGBD(): 10.5555ms
Frame 456 end
Average processing time of GrabImageRGBD(): 10.5594ms
Frame 457 end
Average processing time of GrabImageRGBD(): 10.5624ms
Frame 458 end
Average processing time of GrabImageRGBD(): 10.5676ms
Frame 459 end
Average processing time of GrabImageRGBD(): 10.5713ms
Frame 460 end
Average processing time of GrabImageRGBD(): 10.5737ms
Frame 461 end
Average processing time of GrabImageRGBD(): 10.5776ms
Frame 462 end
Average processing time of GrabImageRGBD(): 10.5704ms
Frame 463 end
Average processing time of GrabImageRGBD(): 10.5663ms
Frame 464 end
Average processing time of GrabImageRGBD(): 10.5657ms
Frame 465 end
Average processing time of GrabImageRGBD(): 10.5636ms
Frame 466 end
Average processing time of GrabImageRGBD(): 10.5625ms
Frame 467 end
Average processing time of GrabImageRGBD(): 10.5559ms
Frame 468 end
Average processing time of GrabImageRGBD(): 10.5481ms
Frame 469 end
Average processing time of GrabImageRGBD(): 10.5376ms
Frame 470 end
Average processing time of GrabImageRGBD(): 10.5235ms
Frame 471 end
Average processing time of GrabImageRGBD(): 10.5618ms
Frame 472 end
Average processing time of GrabImageRGBD(): 10.5663ms
Frame 473 end
Average processing time of GrabImageRGBD(): 10.5647ms
Frame 474 end
Average processing time of GrabImageRGBD(): 10.566ms
Frame 475 end
Average processing time of GrabImageRGBD(): 10.5667ms
Frame 476 end
Average processing time of GrabImageRGBD(): 10.5668ms
Frame 477 end
Average processing time of GrabImageRGBD(): 10.5665ms
Frame 478 end
Average processing time of GrabImageRGBD(): 10.5603ms
Frame 479 end
Average processing time of GrabImageRGBD(): 10.5517ms
Frame 480 end
Average processing time of GrabImageRGBD(): 10.5461ms
Frame 481 end
Average processing time of GrabImageRGBD(): 10.534ms
Frame 482 end
Average processing time of GrabImageRGBD(): 10.5283ms
Frame 483 end
Average processing time of GrabImageRGBD(): 10.5224ms
Frame 484 end
Average processing time of GrabImageRGBD(): 10.5077ms
Frame 485 end
Average processing time of GrabImageRGBD(): 10.5035ms
Frame 486 end
Average processing time of GrabImageRGBD(): 10.4987ms
Frame 487 end
Average processing time of GrabImageRGBD(): 10.4944ms
Frame 488 end
Average processing time of GrabImageRGBD(): 10.4806ms
Frame 489 end
Average processing time of GrabImageRGBD(): 10.4659ms
Frame 490 end
Average processing time of GrabImageRGBD(): 10.4546ms
Frame 491 end
Average processing time of GrabImageRGBD(): 10.447ms
Frame 492 end
Average processing time of GrabImageRGBD(): 10.4326ms
Frame 493 end
Average processing time of GrabImageRGBD(): 10.4279ms
Frame 494 end
Average processing time of GrabImageRGBD(): 10.4136ms
Frame 495 end
Average processing time of GrabImageRGBD(): 10.4095ms
Frame 496 end
Average processing time of GrabImageRGBD(): 10.3975ms
Frame 497 end
Average processing time of GrabImageRGBD(): 10.3907ms
Frame 498 end
Average processing time of GrabImageRGBD(): 10.3766ms
Frame 499 end
Average processing time of GrabImageRGBD(): 10.3717ms
Frame 500 end
Average processing time of GrabImageRGBD(): 10.3597ms
Frame 501 end
Average processing time of GrabImageRGBD(): 10.3502ms
Frame 502 end
Average processing time of GrabImageRGBD(): 10.3356ms
Frame 503 end
Average processing time of GrabImageRGBD(): 10.3312ms
Frame 504 end
Average processing time of GrabImageRGBD(): 10.3269ms
Frame 505 end
Average processing time of GrabImageRGBD(): 10.3136ms
Frame 506 end
Average processing time of GrabImageRGBD(): 10.3ms
Frame 507 end
Average processing time of GrabImageRGBD(): 10.3385ms
Frame 508 end
Average processing time of GrabImageRGBD(): 10.3373ms
Frame 509 end
Average processing time of GrabImageRGBD(): 10.3242ms
Frame 510 end
Average processing time of GrabImageRGBD(): 10.3194ms
Frame 511 end
Average processing time of GrabImageRGBD(): 10.3066ms
Frame 512 end
Average processing time of GrabImageRGBD(): 10.3048ms
Frame 513 end
Average processing time of GrabImageRGBD(): 10.3001ms
Frame 514 end
Average processing time of GrabImageRGBD(): 10.3416ms
Frame 515 end
Average processing time of GrabImageRGBD(): 10.3308ms
Frame 516 end
Average processing time of GrabImageRGBD(): 10.3166ms
Frame 517 end
Average processing time of GrabImageRGBD(): 10.3077ms
Frame 518 end
Average processing time of GrabImageRGBD(): 10.2957ms
Frame 519 end
Average processing time of GrabImageRGBD(): 10.2953ms
Frame 520 end
Average processing time of GrabImageRGBD(): 10.2826ms
Frame 521 end
Average processing time of GrabImageRGBD(): 10.2759ms
Frame 522 end
Average processing time of GrabImageRGBD(): 10.2753ms
Frame 523 end
Average processing time of GrabImageRGBD(): 10.2729ms
Frame 524 end
Average processing time of GrabImageRGBD(): 10.2585ms
Frame 525 end
Average processing time of GrabImageRGBD(): 10.2451ms
Frame 526 end
Average processing time of GrabImageRGBD(): 10.2366ms
Frame 527 end
Average processing time of GrabImageRGBD(): 10.2286ms
Frame 528 end
Average processing time of GrabImageRGBD(): 10.2254ms
Frame 529 end
Average processing time of GrabImageRGBD(): 10.2161ms
Frame 530 end
Average processing time of GrabImageRGBD(): 10.2128ms
Frame 531 end
Average processing time of GrabImageRGBD(): 10.2094ms
Frame 532 end
Average processing time of GrabImageRGBD(): 10.2064ms
Frame 533 end
Average processing time of GrabImageRGBD(): 10.193ms
Frame 534 end
Average processing time of GrabImageRGBD(): 10.1899ms
Frame 535 end
Average processing time of GrabImageRGBD(): 10.2236ms
Frame 536 end
Average processing time of GrabImageRGBD(): 10.2251ms
Frame 537 end
Average processing time of GrabImageRGBD(): 10.2124ms
Frame 538 end
Average processing time of GrabImageRGBD(): 10.201ms
Frame 539 end
Average processing time of GrabImageRGBD(): 10.1939ms
Frame 540 end
Average processing time of GrabImageRGBD(): 10.1841ms
Frame 541 end
Average processing time of GrabImageRGBD(): 10.175ms
Frame 542 end
Average processing time of GrabImageRGBD(): 10.2148ms
Frame 543 end
Average processing time of GrabImageRGBD(): 10.2074ms
Frame 544 end
Average processing time of GrabImageRGBD(): 10.1943ms
Frame 545 end
Average processing time of GrabImageRGBD(): 10.1911ms
Frame 546 end
Average processing time of GrabImageRGBD(): 10.1788ms
Frame 547 end
Average processing time of GrabImageRGBD(): 10.1761ms
Frame 548 end
Average processing time of GrabImageRGBD(): 10.1733ms
Frame 549 end
Average processing time of GrabImageRGBD(): 10.1644ms
Frame 550 end
Average processing time of GrabImageRGBD(): 10.2005ms
Frame 551 end
Average processing time of GrabImageRGBD(): 10.1907ms
Frame 552 end
Average processing time of GrabImageRGBD(): 10.1985ms
Frame 553 end
Average processing time of GrabImageRGBD(): 10.1853ms
Frame 554 end
Average processing time of GrabImageRGBD(): 10.1809ms
Frame 555 end
Average processing time of GrabImageRGBD(): 10.1775ms
Frame 556 end
Average processing time of GrabImageRGBD(): 10.1732ms
Frame 557 end
Average processing time of GrabImageRGBD(): 10.1675ms
Frame 558 end
Average processing time of GrabImageRGBD(): 10.2011ms
Frame 559 end
Average processing time of GrabImageRGBD(): 10.191ms
Frame 560 end
Average processing time of GrabImageRGBD(): 10.1793ms
Frame 561 end
Average processing time of GrabImageRGBD(): 10.1671ms
Frame 562 end
Average processing time of GrabImageRGBD(): 10.155ms
Frame 563 end
Average processing time of GrabImageRGBD(): 10.143ms
Frame 564 end
Average processing time of GrabImageRGBD(): 10.1397ms
Frame 565 end
Average processing time of GrabImageRGBD(): 10.1365ms
Frame 566 end
Average processing time of GrabImageRGBD(): 10.1241ms
Frame 567 end
Average processing time of GrabImageRGBD(): 10.1613ms
Frame 568 end
Average processing time of GrabImageRGBD(): 10.1587ms
Frame 569 end
Average processing time of GrabImageRGBD(): 10.1459ms
Frame 570 end
Average processing time of GrabImageRGBD(): 10.1391ms
Frame 571 end
Average processing time of GrabImageRGBD(): 10.1714ms
Frame 572 end
Average processing time of GrabImageRGBD(): 10.161ms
Frame 573 end
Average processing time of GrabImageRGBD(): 10.1518ms
Frame 574 end
Average processing time of GrabImageRGBD(): 10.1401ms
Frame 575 end
Average processing time of GrabImageRGBD(): 10.1731ms
Frame 576 end
Average processing time of GrabImageRGBD(): 10.1714ms
Frame 577 end
Average processing time of GrabImageRGBD(): 10.1686ms
Frame 578 end
Average processing time of GrabImageRGBD(): 10.1642ms
Frame 579 end
Average processing time of GrabImageRGBD(): 10.1606ms
Frame 580 end
Average processing time of GrabImageRGBD(): 10.1584ms
Frame 581 end
Average processing time of GrabImageRGBD(): 10.1494ms
Frame 582 end
Average processing time of GrabImageRGBD(): 10.1404ms
Frame 583 end
Average processing time of GrabImageRGBD(): 10.1347ms
Frame 584 end
Average processing time of GrabImageRGBD(): 10.167ms
Frame 585 end
Average processing time of GrabImageRGBD(): 10.1577ms
Frame 586 end
Average processing time of GrabImageRGBD(): 10.1602ms
Frame 587 end
Average processing time of GrabImageRGBD(): 10.1575ms
Frame 588 end
Average processing time of GrabImageRGBD(): 10.1475ms
Frame 589 end
Average processing time of GrabImageRGBD(): 10.1361ms
Frame 590 end
Average processing time of GrabImageRGBD(): 10.1245ms
Frame 591 end
Average processing time of GrabImageRGBD(): 10.1152ms
Frame 592 end
Average processing time of GrabImageRGBD(): 10.1106ms
Frame 593 end
Average processing time of GrabImageRGBD(): 10.1451ms
Frame 594 end
Average processing time of GrabImageRGBD(): 10.1443ms
Frame 595 end
Average processing time of GrabImageRGBD(): 10.1419ms
Frame 596 end
Average processing time of GrabImageRGBD(): 10.1387ms
Frame 597 end
Average processing time of GrabImageRGBD(): 10.1276ms
Frame 598 end
Average processing time of GrabImageRGBD(): 10.1236ms
Frame 599 end
Average processing time of GrabImageRGBD(): 10.1142ms
Frame 600 end
Average processing time of GrabImageRGBD(): 10.1029ms
Frame 601 end
Average processing time of GrabImageRGBD(): 10.0977ms
Frame 602 end
Average processing time of GrabImageRGBD(): 10.1325ms
Frame 603 end
Average processing time of GrabImageRGBD(): 10.1339ms
Frame 604 end
Average processing time of GrabImageRGBD(): 10.1317ms
Frame 605 end
Average processing time of GrabImageRGBD(): 10.128ms
Frame 606 end
Average processing time of GrabImageRGBD(): 10.1174ms
Frame 607 end
Average processing time of GrabImageRGBD(): 10.1146ms
Frame 608 end
Average processing time of GrabImageRGBD(): 10.1058ms
Frame 609 end
Average processing time of GrabImageRGBD(): 10.0956ms
Frame 610 end
Average processing time of GrabImageRGBD(): 10.0866ms
Frame 611 end
Average processing time of GrabImageRGBD(): 10.1164ms
Frame 612 end
Average processing time of GrabImageRGBD(): 10.1173ms
Frame 613 end
Average processing time of GrabImageRGBD(): 10.1101ms
Frame 614 end
Average processing time of GrabImageRGBD(): 10.1048ms
Frame 615 end
Average processing time of GrabImageRGBD(): 10.0974ms
Frame 616 end
Average processing time of GrabImageRGBD(): 10.0872ms
Frame 617 end
Average processing time of GrabImageRGBD(): 10.0827ms
Frame 618 end
Average processing time of GrabImageRGBD(): 10.0793ms
Frame 619 end
Average processing time of GrabImageRGBD(): 10.0684ms
Frame 620 end
Average processing time of GrabImageRGBD(): 10.1027ms
Frame 621 end
Average processing time of GrabImageRGBD(): 10.1024ms
Frame 622 end
Average processing time of GrabImageRGBD(): 10.0927ms
Frame 623 end
Average processing time of GrabImageRGBD(): 10.0919ms
Frame 624 end
Average processing time of GrabImageRGBD(): 10.0903ms
Frame 625 end
Average processing time of GrabImageRGBD(): 10.089ms
Frame 626 end
Average processing time of GrabImageRGBD(): 10.086ms
Frame 627 end
Average processing time of GrabImageRGBD(): 10.0832ms
Frame 628 end
Average processing time of GrabImageRGBD(): 10.0815ms
Frame 629 end
Average processing time of GrabImageRGBD(): 10.112ms
Frame 630 end
Average processing time of GrabImageRGBD(): 10.1034ms
Frame 631 end
Average processing time of GrabImageRGBD(): 10.0952ms
Frame 632 end
Average processing time of GrabImageRGBD(): 10.0857ms
Frame 633 end
Average processing time of GrabImageRGBD(): 10.076ms
Frame 634 end
Average processing time of GrabImageRGBD(): 10.0755ms
Frame 635 end
Average processing time of GrabImageRGBD(): 10.0681ms
Frame 636 end
Average processing time of GrabImageRGBD(): 10.0655ms
Frame 637 end
Average processing time of GrabImageRGBD(): 10.065ms
Frame 638 end
Average processing time of GrabImageRGBD(): 10.056ms
Frame 639 end
Average processing time of GrabImageRGBD(): 10.0866ms
Frame 640 end
Average processing time of GrabImageRGBD(): 10.0783ms
Frame 641 end
Average processing time of GrabImageRGBD(): 10.0687ms
Frame 642 end
Average processing time of GrabImageRGBD(): 10.067ms
Frame 643 end
Average processing time of GrabImageRGBD(): 10.0571ms
Frame 644 end
Average processing time of GrabImageRGBD(): 10.0474ms
Frame 645 end
Average processing time of GrabImageRGBD(): 10.0453ms
Frame 646 end
Average processing time of GrabImageRGBD(): 10.0416ms
Frame 647 end
Average processing time of GrabImageRGBD(): 10.0404ms
Frame 648 end
Average processing time of GrabImageRGBD(): 10.0392ms
Frame 649 end
Average processing time of GrabImageRGBD(): 10.0736ms
Frame 650 end
Average processing time of GrabImageRGBD(): 10.0722ms
Frame 651 end
Average processing time of GrabImageRGBD(): 10.0645ms
Frame 652 end
Average processing time of GrabImageRGBD(): 10.061ms
Frame 653 end
Average processing time of GrabImageRGBD(): 10.0602ms
Frame 654 end
Average processing time of GrabImageRGBD(): 10.0524ms
Frame 655 end
Average processing time of GrabImageRGBD(): 10.0509ms
Frame 656 end
Average processing time of GrabImageRGBD(): 10.0491ms
Frame 657 end
Average processing time of GrabImageRGBD(): 10.0436ms
Frame 658 end
Average processing time of GrabImageRGBD(): 10.0335ms
Frame 659 end
Average processing time of GrabImageRGBD(): 10.0814ms
Frame 660 end
Shutdown
-------

median tracking time: 0.00904175
mean tracking time: 0.01095

Saving camera trajectory to CameraTrajectory.txt ...

Saving keyframe trajectory to KeyFrameTrajectory.txt ...
