
ORB-SLAM3 Copyright (C) 2017-2020 Carlos Campos, Richard Elvira, Juan J. Gómez, José M.M. Montiel and Juan D. Tardós, University of Zaragoza.
ORB-SLAM2 Copyright (C) 2014-2016 Raúl Mur-Artal, José M.M. Montiel and Juan D. Tardós, University of Zaragoza.
This program comes with ABSOLUTELY NO WARRANTY;
This is free software, and you are welcome to redistribute it
under certain conditions. See LICENSE.txt.

Input sensor was set to: RGB-D
Loading settings from /home/bingxin/Downloads/NGD-SLAM/Examples/RGB-D/Bonn.yaml
Camera1.k3 optional parameter does not exist...
	-Loaded camera 1
Camera.newHeight optional parameter does not exist...
Camera.newWidth optional parameter does not exist...
	-Loaded image info
	-Loaded RGB-D calibration
	-Loaded ORB settings
Viewer.imageViewScale optional parameter does not exist...
	-Loaded viewer settings
System.LoadAtlasFromFile optional parameter does not exist...
System.SaveAtlasToFile optional parameter does not exist...
	-Loaded Atlas settings
System.thFarPoints optional parameter does not exist...
	-Loaded misc parameters
----------------------------------
SLAM settings: 
	-Camera 1 parameters (Pinhole): [ 542.823 542.577 315.594 237.756 ]
	-Camera 1 distortion parameters: [  0.039903 -0.099343 -0.00073 -0.000144 ]
	-Original image size: [ 640 , 480 ]
	-Current image size: [ 640 , 480 ]
	-Sequence FPS: 30
	-RGB-D depth map factor: 5000
	-Features per image: 1000
	-ORB scale factor: 1.2
	-ORB number of scales: 8
	-Initial FAST threshold: 20
	-Min FAST threshold: 7


Loading ORB Vocabulary. This could take a while...
Vocabulary loaded!

Initialization of Atlas from scratch 
Creation of new map with id: 0
Creation of new map with last KF id: 0
Seq. Name: 
There are 1 cameras in the atlas
Camera 0 is pinhole
Net use yolo-fastest

-------
Start processing sequence ...
Images in the sequence: 589

First KF:0; Map init KF:0
New Map created with 955 points
Average processing time of GrabImageRGBD(): 43.3489ms
Frame 0 end
Average processing time of GrabImageRGBD(): 36.8347ms
Frame 1 end
Average processing time of GrabImageRGBD(): 32.9711ms
Frame 2 end
Average processing time of GrabImageRGBD(): 25.7575ms
Frame 3 end
Average processing time of GrabImageRGBD(): 22.9752ms
Frame 4 end
Average processing time of GrabImageRGBD(): 20.9239ms
Frame 5 end
Average processing time of GrabImageRGBD(): 18.4209ms
Frame 6 end
Starting the Viewer
Average processing time of GrabImageRGBD(): 17.3819ms
Frame 7 end
Average processing time of GrabImageRGBD(): 15.7989ms
Frame 8 end
Average processing time of GrabImageRGBD(): 15.2293ms
Frame 9 end
Average processing time of GrabImageRGBD(): 14.7938ms
Frame 10 end
Average processing time of GrabImageRGBD(): 13.803ms
Frame 11 end
Average processing time of GrabImageRGBD(): 13.0117ms
Frame 12 end
Average processing time of GrabImageRGBD(): 12.8367ms
Frame 13 end
Average processing time of GrabImageRGBD(): 12.6739ms
Frame 14 end
Average processing time of GrabImageRGBD(): 12.0867ms
Frame 15 end
Average processing time of GrabImageRGBD(): 11.6065ms
Frame 16 end
Average processing time of GrabImageRGBD(): 11.1799ms
Frame 17 end
Average processing time of GrabImageRGBD(): 10.789ms
Frame 18 end
Average processing time of GrabImageRGBD(): 10.4321ms
Frame 19 end
Average processing time of GrabImageRGBD(): 10.2468ms
Frame 20 end
Average processing time of GrabImageRGBD(): 10.011ms
Frame 21 end
Average processing time of GrabImageRGBD(): 9.80188ms
Frame 22 end
Average processing time of GrabImageRGBD(): 9.55911ms
Frame 23 end
Average processing time of GrabImageRGBD(): 9.5798ms
Frame 24 end
Average processing time of GrabImageRGBD(): 9.42638ms
Frame 25 end
Average processing time of GrabImageRGBD(): 10.1989ms
Frame 26 end
Average processing time of GrabImageRGBD(): 10.2003ms
Frame 27 end
Average processing time of GrabImageRGBD(): 9.94983ms
Frame 28 end
Average processing time of GrabImageRGBD(): 9.94108ms
Frame 29 end
Average processing time of GrabImageRGBD(): 9.94225ms
Frame 30 end
Average processing time of GrabImageRGBD(): 9.73168ms
Frame 31 end
Average processing time of GrabImageRGBD(): 9.7472ms
Frame 32 end
Average processing time of GrabImageRGBD(): 9.7099ms
Frame 33 end
Average processing time of GrabImageRGBD(): 9.51494ms
Frame 34 end
Average processing time of GrabImageRGBD(): 9.40683ms
Frame 35 end
Average processing time of GrabImageRGBD(): 9.42704ms
Frame 36 end
Average processing time of GrabImageRGBD(): 9.43866ms
Frame 37 end
Average processing time of GrabImageRGBD(): 9.26851ms
Frame 38 end
Average processing time of GrabImageRGBD(): 9.12388ms
Frame 39 end
Average processing time of GrabImageRGBD(): 9.12566ms
Frame 40 end
Average processing time of GrabImageRGBD(): 9.12915ms
Frame 41 end
Average processing time of GrabImageRGBD(): 8.98313ms
Frame 42 end
Average processing time of GrabImageRGBD(): 8.97014ms
Frame 43 end
Average processing time of GrabImageRGBD(): 8.84511ms
Frame 44 end
Average processing time of GrabImageRGBD(): 8.7226ms
Frame 45 end
Average processing time of GrabImageRGBD(): 8.72197ms
Frame 46 end
Average processing time of GrabImageRGBD(): 8.61058ms
Frame 47 end
Average processing time of GrabImageRGBD(): 8.606ms
Frame 48 end
Average processing time of GrabImageRGBD(): 8.99651ms
Frame 49 end
Average processing time of GrabImageRGBD(): 8.9167ms
Frame 50 end
Average processing time of GrabImageRGBD(): 8.79994ms
Frame 51 end
Average processing time of GrabImageRGBD(): 8.71229ms
Frame 52 end
Average processing time of GrabImageRGBD(): 8.69816ms
Frame 53 end
Average processing time of GrabImageRGBD(): 8.59976ms
Frame 54 end
Average processing time of GrabImageRGBD(): 8.58813ms
Frame 55 end
Average processing time of GrabImageRGBD(): 8.51983ms
Frame 56 end
Average processing time of GrabImageRGBD(): 8.50774ms
Frame 57 end
Average processing time of GrabImageRGBD(): 8.49909ms
Frame 58 end
Average processing time of GrabImageRGBD(): 8.41503ms
Frame 59 end
Average processing time of GrabImageRGBD(): 8.32912ms
Frame 60 end
Average processing time of GrabImageRGBD(): 8.26027ms
Frame 61 end
Average processing time of GrabImageRGBD(): 8.24161ms
Frame 62 end
Average processing time of GrabImageRGBD(): 8.23273ms
Frame 63 end
Average processing time of GrabImageRGBD(): 8.21857ms
Frame 64 end
Average processing time of GrabImageRGBD(): 8.14962ms
Frame 65 end
Average processing time of GrabImageRGBD(): 8.08022ms
Frame 66 end
Average processing time of GrabImageRGBD(): 8.07664ms
Frame 67 end
Average processing time of GrabImageRGBD(): 8.01103ms
Frame 68 end
Average processing time of GrabImageRGBD(): 7.93936ms
Frame 69 end
Average processing time of GrabImageRGBD(): 7.87252ms
Frame 70 end
Average processing time of GrabImageRGBD(): 7.86094ms
Frame 71 end
Average processing time of GrabImageRGBD(): 7.83724ms
Frame 72 end
Average processing time of GrabImageRGBD(): 8.11245ms
Frame 73 end
Average processing time of GrabImageRGBD(): 8.12833ms
Frame 74 end
Average processing time of GrabImageRGBD(): 8.0598ms
Frame 75 end
Average processing time of GrabImageRGBD(): 8.34013ms
Frame 76 end
Average processing time of GrabImageRGBD(): 8.33148ms
Frame 77 end
Average processing time of GrabImageRGBD(): 8.5495ms
Frame 78 end
Average processing time of GrabImageRGBD(): 8.54802ms
Frame 79 end
Average processing time of GrabImageRGBD(): 8.76228ms
Frame 80 end
Average processing time of GrabImageRGBD(): 8.72511ms
Frame 81 end
Average processing time of GrabImageRGBD(): 8.65292ms
Frame 82 end
Average processing time of GrabImageRGBD(): 8.66265ms
Frame 83 end
Average processing time of GrabImageRGBD(): 8.91435ms
Frame 84 end
Average processing time of GrabImageRGBD(): 8.93621ms
Frame 85 end
Average processing time of GrabImageRGBD(): 9.17992ms
Frame 86 end
Average processing time of GrabImageRGBD(): 9.16331ms
Frame 87 end
Average processing time of GrabImageRGBD(): 9.09558ms
Frame 88 end
Average processing time of GrabImageRGBD(): 9.09312ms
Frame 89 end
Average processing time of GrabImageRGBD(): 9.31205ms
Frame 90 end
Average processing time of GrabImageRGBD(): 9.25623ms
Frame 91 end
Average processing time of GrabImageRGBD(): 9.19119ms
Frame 92 end
Average processing time of GrabImageRGBD(): 9.18415ms
Frame 93 end
Average processing time of GrabImageRGBD(): 9.40166ms
Frame 94 end
Average processing time of GrabImageRGBD(): 9.39841ms
Frame 95 end
Average processing time of GrabImageRGBD(): 9.33591ms
Frame 96 end
Average processing time of GrabImageRGBD(): 9.27228ms
Frame 97 end
Average processing time of GrabImageRGBD(): 9.46932ms
Frame 98 end
Average processing time of GrabImageRGBD(): 9.4687ms
Frame 99 end
Average processing time of GrabImageRGBD(): 9.40143ms
Frame 100 end
Average processing time of GrabImageRGBD(): 9.35766ms
Frame 101 end
Average processing time of GrabImageRGBD(): 9.34521ms
Frame 102 end
Average processing time of GrabImageRGBD(): 9.57755ms
Frame 103 end
Average processing time of GrabImageRGBD(): 9.56376ms
Frame 104 end
Average processing time of GrabImageRGBD(): 9.49741ms
Frame 105 end
Average processing time of GrabImageRGBD(): 9.44167ms
Frame 106 end
Average processing time of GrabImageRGBD(): 9.38289ms
Frame 107 end
Average processing time of GrabImageRGBD(): 9.32959ms
Frame 108 end
Average processing time of GrabImageRGBD(): 9.27459ms
Frame 109 end
Average processing time of GrabImageRGBD(): 9.43515ms
Frame 110 end
Average processing time of GrabImageRGBD(): 9.42803ms
Frame 111 end
Average processing time of GrabImageRGBD(): 9.38924ms
Frame 112 end
Average processing time of GrabImageRGBD(): 9.57568ms
Frame 113 end
Average processing time of GrabImageRGBD(): 9.52812ms
Frame 114 end
Average processing time of GrabImageRGBD(): 9.49489ms
Frame 115 end
Average processing time of GrabImageRGBD(): 9.44735ms
Frame 116 end
Average processing time of GrabImageRGBD(): 9.44345ms
Frame 117 end
Average processing time of GrabImageRGBD(): 9.58159ms
Frame 118 end
Average processing time of GrabImageRGBD(): 9.53793ms
Frame 119 end
Average processing time of GrabImageRGBD(): 9.48336ms
Frame 120 end
Average processing time of GrabImageRGBD(): 9.47973ms
Frame 121 end
Average processing time of GrabImageRGBD(): 9.43041ms
Frame 122 end
Average processing time of GrabImageRGBD(): 9.42584ms
Frame 123 end
Average processing time of GrabImageRGBD(): 9.37706ms
Frame 124 end
Average processing time of GrabImageRGBD(): 9.32843ms
Frame 125 end
Average processing time of GrabImageRGBD(): 9.30457ms
Frame 126 end
Average processing time of GrabImageRGBD(): 9.25658ms
Frame 127 end
Average processing time of GrabImageRGBD(): 9.24799ms
Frame 128 end
Average processing time of GrabImageRGBD(): 9.37806ms
Frame 129 end
Average processing time of GrabImageRGBD(): 9.33736ms
Frame 130 end
Average processing time of GrabImageRGBD(): 9.28777ms
Frame 131 end
Average processing time of GrabImageRGBD(): 9.41814ms
Frame 132 end
Average processing time of GrabImageRGBD(): 9.42655ms
Frame 133 end
Average processing time of GrabImageRGBD(): 9.3774ms
Frame 134 end
Average processing time of GrabImageRGBD(): 9.37382ms
Frame 135 end
Average processing time of GrabImageRGBD(): 9.36691ms
Frame 136 end
Average processing time of GrabImageRGBD(): 9.51374ms
Frame 137 end
Average processing time of GrabImageRGBD(): 9.50307ms
Frame 138 end
Average processing time of GrabImageRGBD(): 9.52515ms
Frame 139 end
Average processing time of GrabImageRGBD(): 9.5446ms
Frame 140 end
Average processing time of GrabImageRGBD(): 9.55032ms
Frame 141 end
Average processing time of GrabImageRGBD(): 9.57264ms
Frame 142 end
Average processing time of GrabImageRGBD(): 9.59688ms
Frame 143 end
Average processing time of GrabImageRGBD(): 9.60741ms
Frame 144 end
Average processing time of GrabImageRGBD(): 9.60992ms
Frame 145 end
Average processing time of GrabImageRGBD(): 9.77874ms
Frame 146 end
Average processing time of GrabImageRGBD(): 9.80946ms
Frame 147 end
Average processing time of GrabImageRGBD(): 9.81088ms
Frame 148 end
Average processing time of GrabImageRGBD(): 9.83124ms
Frame 149 end
Average processing time of GrabImageRGBD(): 9.85707ms
Frame 150 end
Average processing time of GrabImageRGBD(): 9.88346ms
Frame 151 end
Average processing time of GrabImageRGBD(): 9.90476ms
Frame 152 end
Average processing time of GrabImageRGBD(): 10.06ms
Frame 153 end
Average processing time of GrabImageRGBD(): 10.1088ms
Frame 154 end
Average processing time of GrabImageRGBD(): 10.1156ms
Frame 155 end
Average processing time of GrabImageRGBD(): 10.1447ms
Frame 156 end
Average processing time of GrabImageRGBD(): 10.1796ms
Frame 157 end
Average processing time of GrabImageRGBD(): 10.1959ms
Frame 158 end
Average processing time of GrabImageRGBD(): 10.2261ms
Frame 159 end
Average processing time of GrabImageRGBD(): 10.2504ms
Frame 160 end
Average processing time of GrabImageRGBD(): 10.4925ms
Frame 161 end
Average processing time of GrabImageRGBD(): 10.5269ms
Frame 162 end
Average processing time of GrabImageRGBD(): 10.5656ms
Frame 163 end
Average processing time of GrabImageRGBD(): 10.5972ms
Frame 164 end
Average processing time of GrabImageRGBD(): 10.7532ms
Frame 165 end
Average processing time of GrabImageRGBD(): 10.7734ms
Frame 166 end
Average processing time of GrabImageRGBD(): 10.8001ms
Frame 167 end
Average processing time of GrabImageRGBD(): 10.9255ms
Frame 168 end
Average processing time of GrabImageRGBD(): 10.9402ms
Frame 169 end
Average processing time of GrabImageRGBD(): 11.1248ms
Frame 170 end
Average processing time of GrabImageRGBD(): 11.1589ms
Frame 171 end
Average processing time of GrabImageRGBD(): 11.2964ms
Frame 172 end
Average processing time of GrabImageRGBD(): 11.3216ms
Frame 173 end
Average processing time of GrabImageRGBD(): 11.4346ms
Frame 174 end
Average processing time of GrabImageRGBD(): 11.4615ms
Frame 175 end
Average processing time of GrabImageRGBD(): 11.5803ms
Frame 176 end
Average processing time of GrabImageRGBD(): 11.6066ms
Frame 177 end
Average processing time of GrabImageRGBD(): 11.718ms
Frame 178 end
Average processing time of GrabImageRGBD(): 11.7413ms
Frame 179 end
Average processing time of GrabImageRGBD(): 11.8484ms
Frame 180 end
Average processing time of GrabImageRGBD(): 11.8695ms
Frame 181 end
Average processing time of GrabImageRGBD(): 11.9796ms
Frame 182 end
Average processing time of GrabImageRGBD(): 11.9716ms
Frame 183 end
Average processing time of GrabImageRGBD(): 12.0727ms
Frame 184 end
Average processing time of GrabImageRGBD(): 12.0896ms
Frame 185 end
Average processing time of GrabImageRGBD(): 12.2042ms
Frame 186 end
Average processing time of GrabImageRGBD(): 12.2232ms
Frame 187 end
Average processing time of GrabImageRGBD(): 12.3376ms
Frame 188 end
Average processing time of GrabImageRGBD(): 12.3662ms
Frame 189 end
Average processing time of GrabImageRGBD(): 12.4943ms
Frame 190 end
Average processing time of GrabImageRGBD(): 12.5032ms
Frame 191 end
Average processing time of GrabImageRGBD(): 12.5958ms
Frame 192 end
Average processing time of GrabImageRGBD(): 12.5933ms
Frame 193 end
Average processing time of GrabImageRGBD(): 12.6803ms
Frame 194 end
Average processing time of GrabImageRGBD(): 12.6342ms
Frame 195 end
Average processing time of GrabImageRGBD(): 12.5833ms
Frame 196 end
Average processing time of GrabImageRGBD(): 12.547ms
Frame 197 end
Average processing time of GrabImageRGBD(): 12.6063ms
Frame 198 end
Average processing time of GrabImageRGBD(): 12.5752ms
Frame 199 end
Average processing time of GrabImageRGBD(): 12.5248ms
Frame 200 end
Average processing time of GrabImageRGBD(): 12.4819ms
Frame 201 end
Average processing time of GrabImageRGBD(): 12.4362ms
Frame 202 end
Average processing time of GrabImageRGBD(): 12.3936ms
Frame 203 end
Average processing time of GrabImageRGBD(): 12.3551ms
Frame 204 end
Average processing time of GrabImageRGBD(): 12.3202ms
Frame 205 end
Average processing time of GrabImageRGBD(): 12.2876ms
Frame 206 end
Average processing time of GrabImageRGBD(): 12.2426ms
Frame 207 end
Average processing time of GrabImageRGBD(): 12.2043ms
Frame 208 end
Average processing time of GrabImageRGBD(): 12.1709ms
Frame 209 end
Average processing time of GrabImageRGBD(): 12.1361ms
Frame 210 end
Average processing time of GrabImageRGBD(): 12.0979ms
Frame 211 end
Average processing time of GrabImageRGBD(): 12.0651ms
Frame 212 end
Average processing time of GrabImageRGBD(): 12.1174ms
Frame 213 end
Average processing time of GrabImageRGBD(): 12.0785ms
Frame 214 end
Average processing time of GrabImageRGBD(): 12.0453ms
Frame 215 end
Average processing time of GrabImageRGBD(): 12.0126ms
Frame 216 end
Average processing time of GrabImageRGBD(): 11.9696ms
Frame 217 end
Average processing time of GrabImageRGBD(): 11.9376ms
Frame 218 end
Average processing time of GrabImageRGBD(): 11.9035ms
Frame 219 end
Average processing time of GrabImageRGBD(): 11.8687ms
Frame 220 end
Average processing time of GrabImageRGBD(): 11.9235ms
Frame 221 end
Average processing time of GrabImageRGBD(): 11.8915ms
Frame 222 end
Average processing time of GrabImageRGBD(): 11.8602ms
Frame 223 end
Average processing time of GrabImageRGBD(): 11.8262ms
Frame 224 end
Average processing time of GrabImageRGBD(): 11.7953ms
Frame 225 end
Average processing time of GrabImageRGBD(): 11.8506ms
Frame 226 end
Average processing time of GrabImageRGBD(): 11.9327ms
Frame 227 end
Average processing time of GrabImageRGBD(): 11.8973ms
Frame 228 end
Average processing time of GrabImageRGBD(): 11.8766ms
Frame 229 end
Average processing time of GrabImageRGBD(): 11.8511ms
Frame 230 end
Average processing time of GrabImageRGBD(): 11.8307ms
Frame 231 end
Average processing time of GrabImageRGBD(): 11.7918ms
Frame 232 end
Average processing time of GrabImageRGBD(): 11.7537ms
Frame 233 end
Average processing time of GrabImageRGBD(): 11.7333ms
Frame 234 end
Average processing time of GrabImageRGBD(): 11.7114ms
Frame 235 end
Average processing time of GrabImageRGBD(): 11.7972ms
Frame 236 end
Average processing time of GrabImageRGBD(): 11.7745ms
Frame 237 end
Average processing time of GrabImageRGBD(): 11.7546ms
Frame 238 end
Average processing time of GrabImageRGBD(): 11.7193ms
Frame 239 end
Average processing time of GrabImageRGBD(): 11.6953ms
Frame 240 end
Average processing time of GrabImageRGBD(): 11.6677ms
Frame 241 end
Average processing time of GrabImageRGBD(): 11.6447ms
Frame 242 end
Average processing time of GrabImageRGBD(): 11.6193ms
Frame 243 end
Average processing time of GrabImageRGBD(): 11.5938ms
Frame 244 end
Average processing time of GrabImageRGBD(): 11.5609ms
Frame 245 end
Average processing time of GrabImageRGBD(): 11.539ms
Frame 246 end
Average processing time of GrabImageRGBD(): 11.5149ms
Frame 247 end
Average processing time of GrabImageRGBD(): 11.5794ms
Frame 248 end
Average processing time of GrabImageRGBD(): 11.5537ms
Frame 249 end
Average processing time of GrabImageRGBD(): 11.635ms
Frame 250 end
Average processing time of GrabImageRGBD(): 11.7169ms
Frame 251 end
Average processing time of GrabImageRGBD(): 11.7329ms
Frame 252 end
Average processing time of GrabImageRGBD(): 11.7398ms
Frame 253 end
Average processing time of GrabImageRGBD(): 11.7457ms
Frame 254 end
Average processing time of GrabImageRGBD(): 11.755ms
Frame 255 end
Average processing time of GrabImageRGBD(): 11.7633ms
Frame 256 end
Average processing time of GrabImageRGBD(): 11.7676ms
Frame 257 end
Average processing time of GrabImageRGBD(): 11.7707ms
Frame 258 end
Average processing time of GrabImageRGBD(): 11.7782ms
Frame 259 end
Average processing time of GrabImageRGBD(): 11.782ms
Frame 260 end
Average processing time of GrabImageRGBD(): 11.7869ms
Frame 261 end
Average processing time of GrabImageRGBD(): 11.8667ms
Frame 262 end
Average processing time of GrabImageRGBD(): 11.8733ms
Frame 263 end
Average processing time of GrabImageRGBD(): 11.9565ms
Frame 264 end
Average processing time of GrabImageRGBD(): 11.9745ms
Frame 265 end
Average processing time of GrabImageRGBD(): 12.0511ms
Frame 266 end
Average processing time of GrabImageRGBD(): 12.0631ms
Frame 267 end
Average processing time of GrabImageRGBD(): 12.1431ms
Frame 268 end
Average processing time of GrabImageRGBD(): 12.1535ms
Frame 269 end
Average processing time of GrabImageRGBD(): 12.2292ms
Frame 270 end
Average processing time of GrabImageRGBD(): 12.2329ms
Frame 271 end
Average processing time of GrabImageRGBD(): 12.3033ms
Frame 272 end
Average processing time of GrabImageRGBD(): 12.3119ms
Frame 273 end
Average processing time of GrabImageRGBD(): 12.3861ms
Frame 274 end
Average processing time of GrabImageRGBD(): 12.3956ms
Frame 275 end
Average processing time of GrabImageRGBD(): 12.5056ms
Frame 276 end
Average processing time of GrabImageRGBD(): 12.5118ms
Frame 277 end
Average processing time of GrabImageRGBD(): 12.5791ms
Frame 278 end
Average processing time of GrabImageRGBD(): 12.5875ms
Frame 279 end
Average processing time of GrabImageRGBD(): 12.6543ms
Frame 280 end
Average processing time of GrabImageRGBD(): 12.6618ms
Frame 281 end
Average processing time of GrabImageRGBD(): 12.7312ms
Frame 282 end
Average processing time of GrabImageRGBD(): 12.7363ms
Frame 283 end
Average processing time of GrabImageRGBD(): 12.8091ms
Frame 284 end
Average processing time of GrabImageRGBD(): 12.8101ms
Frame 285 end
Average processing time of GrabImageRGBD(): 12.8844ms
Frame 286 end
Average processing time of GrabImageRGBD(): 12.8813ms
Frame 287 end
Average processing time of GrabImageRGBD(): 12.9421ms
Frame 288 end
Average processing time of GrabImageRGBD(): 12.9455ms
Frame 289 end
Average processing time of GrabImageRGBD(): 13.0189ms
Frame 290 end
Average processing time of GrabImageRGBD(): 13.0208ms
Frame 291 end
Average processing time of GrabImageRGBD(): 13.0252ms
Frame 292 end
Average processing time of GrabImageRGBD(): 13.0996ms
Frame 293 end
Average processing time of GrabImageRGBD(): 13.0907ms
Frame 294 end
Average processing time of GrabImageRGBD(): 13.1579ms
Frame 295 end
Average processing time of GrabImageRGBD(): 13.1641ms
Frame 296 end
Average processing time of GrabImageRGBD(): 13.1614ms
Frame 297 end
Average processing time of GrabImageRGBD(): 13.1601ms
Frame 298 end
Average processing time of GrabImageRGBD(): 13.2717ms
Frame 299 end
Average processing time of GrabImageRGBD(): 13.2741ms
Frame 300 end
Average processing time of GrabImageRGBD(): 13.265ms
Frame 301 end
Average processing time of GrabImageRGBD(): 13.3385ms
Frame 302 end
Average processing time of GrabImageRGBD(): 13.3405ms
Frame 303 end
Average processing time of GrabImageRGBD(): 13.3412ms
Frame 304 end
Average processing time of GrabImageRGBD(): 13.4119ms
Frame 305 end
Average processing time of GrabImageRGBD(): 13.4088ms
Frame 306 end
Average processing time of GrabImageRGBD(): 13.408ms
Frame 307 end
Average processing time of GrabImageRGBD(): 13.4785ms
Frame 308 end
Average processing time of GrabImageRGBD(): 13.4844ms
Frame 309 end
Average processing time of GrabImageRGBD(): 13.482ms
Frame 310 end
Average processing time of GrabImageRGBD(): 13.5501ms
Frame 311 end
Average processing time of GrabImageRGBD(): 13.6186ms
Frame 312 end
Average processing time of GrabImageRGBD(): 13.6251ms
Frame 313 end
Average processing time of GrabImageRGBD(): 13.6637ms
Frame 314 end
Average processing time of GrabImageRGBD(): 13.739ms
Frame 315 end
Average processing time of GrabImageRGBD(): 13.8135ms
Frame 316 end
Average processing time of GrabImageRGBD(): 13.8141ms
Frame 317 end
Average processing time of GrabImageRGBD(): 13.8133ms
Frame 318 end
Average processing time of GrabImageRGBD(): 13.8157ms
Frame 319 end
Average processing time of GrabImageRGBD(): 13.8834ms
Frame 320 end
Average processing time of GrabImageRGBD(): 13.8869ms
Frame 321 end
Average processing time of GrabImageRGBD(): 13.8905ms
Frame 322 end
Average processing time of GrabImageRGBD(): 13.8874ms
Frame 323 end
Average processing time of GrabImageRGBD(): 13.8857ms
Frame 324 end
Average processing time of GrabImageRGBD(): 13.8853ms
Frame 325 end
Average processing time of GrabImageRGBD(): 13.8924ms
Frame 326 end
Average processing time of GrabImageRGBD(): 13.8885ms
Frame 327 end
Average processing time of GrabImageRGBD(): 13.8946ms
Frame 328 end
Average processing time of GrabImageRGBD(): 13.9557ms
Frame 329 end
Average processing time of GrabImageRGBD(): 13.9539ms
Frame 330 end
Average processing time of GrabImageRGBD(): 13.9539ms
Frame 331 end
Average processing time of GrabImageRGBD(): 13.9523ms
Frame 332 end
Average processing time of GrabImageRGBD(): 13.9431ms
Frame 333 end
Average processing time of GrabImageRGBD(): 14.0043ms
Frame 334 end
Average processing time of GrabImageRGBD(): 14.003ms
Frame 335 end
Average processing time of GrabImageRGBD(): 14.0027ms
Frame 336 end
Average processing time of GrabImageRGBD(): 13.9989ms
Frame 337 end
Average processing time of GrabImageRGBD(): 13.9794ms
Frame 338 end
Average processing time of GrabImageRGBD(): 13.9767ms
Frame 339 end
Average processing time of GrabImageRGBD(): 13.9721ms
Frame 340 end
Average processing time of GrabImageRGBD(): 13.967ms
Frame 341 end
Average processing time of GrabImageRGBD(): 13.9636ms
Frame 342 end
Average processing time of GrabImageRGBD(): 13.9535ms
Frame 343 end
Average processing time of GrabImageRGBD(): 13.9506ms
Frame 344 end
Average processing time of GrabImageRGBD(): 13.9493ms
Frame 345 end
Average processing time of GrabImageRGBD(): 14.0047ms
Frame 346 end
Average processing time of GrabImageRGBD(): 13.996ms
Frame 347 end
Average processing time of GrabImageRGBD(): 13.9909ms
Frame 348 end
Average processing time of GrabImageRGBD(): 14.0499ms
Frame 349 end
Average processing time of GrabImageRGBD(): 14.051ms
Frame 350 end
Average processing time of GrabImageRGBD(): 14.0234ms
Frame 351 end
Average processing time of GrabImageRGBD(): 13.9946ms
Frame 352 end
Average processing time of GrabImageRGBD(): 13.9833ms
Frame 353 end
Average processing time of GrabImageRGBD(): 13.9731ms
Frame 354 end
Average processing time of GrabImageRGBD(): 13.9437ms
Frame 355 end
Average processing time of GrabImageRGBD(): 13.9286ms
Frame 356 end
Average processing time of GrabImageRGBD(): 13.9669ms
Frame 357 end
Average processing time of GrabImageRGBD(): 13.9573ms
Frame 358 end
Average processing time of GrabImageRGBD(): 13.9291ms
Frame 359 end
Average processing time of GrabImageRGBD(): 13.9162ms
Frame 360 end
Average processing time of GrabImageRGBD(): 13.9052ms
Frame 361 end
Average processing time of GrabImageRGBD(): 13.884ms
Frame 362 end
Average processing time of GrabImageRGBD(): 13.8538ms
Frame 363 end
Average processing time of GrabImageRGBD(): 13.8247ms
Frame 364 end
Average processing time of GrabImageRGBD(): 13.8101ms
Frame 365 end
Average processing time of GrabImageRGBD(): 13.8496ms
Frame 366 end
Average processing time of GrabImageRGBD(): 13.8439ms
Frame 367 end
Average processing time of GrabImageRGBD(): 13.8152ms
Frame 368 end
Average processing time of GrabImageRGBD(): 13.804ms
Frame 369 end
Average processing time of GrabImageRGBD(): 13.7925ms
Frame 370 end
Average processing time of GrabImageRGBD(): 13.764ms
Frame 371 end
Average processing time of GrabImageRGBD(): 13.7398ms
Frame 372 end
Average processing time of GrabImageRGBD(): 13.8019ms
Frame 373 end
Average processing time of GrabImageRGBD(): 13.7774ms
Frame 374 end
Average processing time of GrabImageRGBD(): 13.7497ms
Frame 375 end
Average processing time of GrabImageRGBD(): 13.7376ms
Frame 376 end
Average processing time of GrabImageRGBD(): 13.7266ms
Frame 377 end
Average processing time of GrabImageRGBD(): 13.7149ms
Frame 378 end
Average processing time of GrabImageRGBD(): 13.687ms
Frame 379 end
Average processing time of GrabImageRGBD(): 13.6747ms
Frame 380 end
Average processing time of GrabImageRGBD(): 13.6468ms
Frame 381 end
Average processing time of GrabImageRGBD(): 13.6841ms
Frame 382 end
Average processing time of GrabImageRGBD(): 13.6594ms
Frame 383 end
Average processing time of GrabImageRGBD(): 13.6501ms
Frame 384 end
Average processing time of GrabImageRGBD(): 13.6393ms
Frame 385 end
Average processing time of GrabImageRGBD(): 13.6115ms
Frame 386 end
Average processing time of GrabImageRGBD(): 13.5929ms
Frame 387 end
Average processing time of GrabImageRGBD(): 13.5809ms
Frame 388 end
Average processing time of GrabImageRGBD(): 13.5695ms
Frame 389 end
Average processing time of GrabImageRGBD(): 13.5595ms
Frame 390 end
Average processing time of GrabImageRGBD(): 13.6044ms
Frame 391 end
Average processing time of GrabImageRGBD(): 13.5947ms
Frame 392 end
Average processing time of GrabImageRGBD(): 13.5819ms
Frame 393 end
Average processing time of GrabImageRGBD(): 13.57ms
Frame 394 end
Average processing time of GrabImageRGBD(): 13.5447ms
Frame 395 end
Average processing time of GrabImageRGBD(): 13.5316ms
Frame 396 end
Average processing time of GrabImageRGBD(): 13.5147ms
Frame 397 end
Average processing time of GrabImageRGBD(): 13.5003ms
Frame 398 end
Average processing time of GrabImageRGBD(): 13.5427ms
Frame 399 end
Average processing time of GrabImageRGBD(): 13.52ms
Frame 400 end
Average processing time of GrabImageRGBD(): 13.4944ms
Frame 401 end
Average processing time of GrabImageRGBD(): 13.4769ms
Frame 402 end
Average processing time of GrabImageRGBD(): 13.4518ms
Frame 403 end
Average processing time of GrabImageRGBD(): 13.4963ms
Frame 404 end
Average processing time of GrabImageRGBD(): 13.4902ms
Frame 405 end
Average processing time of GrabImageRGBD(): 13.4653ms
Frame 406 end
Average processing time of GrabImageRGBD(): 13.4566ms
Frame 407 end
Average processing time of GrabImageRGBD(): 13.4954ms
Frame 408 end
Average processing time of GrabImageRGBD(): 13.4729ms
Frame 409 end
Average processing time of GrabImageRGBD(): 13.4653ms
Frame 410 end
Average processing time of GrabImageRGBD(): 13.4454ms
Frame 411 end
Average processing time of GrabImageRGBD(): 13.4222ms
Frame 412 end
Average processing time of GrabImageRGBD(): 13.413ms
Frame 413 end
Average processing time of GrabImageRGBD(): 13.4022ms
Frame 414 end
Average processing time of GrabImageRGBD(): 13.3768ms
Frame 415 end
Average processing time of GrabImageRGBD(): 13.3663ms
Frame 416 end
Average processing time of GrabImageRGBD(): 13.4021ms
Frame 417 end
Average processing time of GrabImageRGBD(): 13.3813ms
Frame 418 end
Average processing time of GrabImageRGBD(): 13.3785ms
Frame 419 end
Average processing time of GrabImageRGBD(): 13.3564ms
Frame 420 end
Average processing time of GrabImageRGBD(): 13.3481ms
Frame 421 end
Average processing time of GrabImageRGBD(): 13.3382ms
Frame 422 end
Average processing time of GrabImageRGBD(): 13.3149ms
Frame 423 end
Average processing time of GrabImageRGBD(): 13.2933ms
Frame 424 end
Average processing time of GrabImageRGBD(): 13.2743ms
Frame 425 end
Average processing time of GrabImageRGBD(): 13.2515ms
Frame 426 end
Average processing time of GrabImageRGBD(): 13.2296ms
Frame 427 end
Average processing time of GrabImageRGBD(): 13.2191ms
Frame 428 end
Average processing time of GrabImageRGBD(): 13.1997ms
Frame 429 end
Average processing time of GrabImageRGBD(): 13.1898ms
Frame 430 end
Average processing time of GrabImageRGBD(): 13.2267ms
Frame 431 end
Average processing time of GrabImageRGBD(): 13.2147ms
Frame 432 end
Average processing time of GrabImageRGBD(): 13.1993ms
Frame 433 end
Average processing time of GrabImageRGBD(): 13.1788ms
Frame 434 end
Average processing time of GrabImageRGBD(): 13.1707ms
Frame 435 end
Average processing time of GrabImageRGBD(): 13.163ms
Frame 436 end
Average processing time of GrabImageRGBD(): 13.1415ms
Frame 437 end
Average processing time of GrabImageRGBD(): 13.1332ms
Frame 438 end
Average processing time of GrabImageRGBD(): 13.1241ms
Frame 439 end
Average processing time of GrabImageRGBD(): 13.102ms
Frame 440 end
Average processing time of GrabImageRGBD(): 13.092ms
Frame 441 end
Average processing time of GrabImageRGBD(): 13.1413ms
Frame 442 end
Average processing time of GrabImageRGBD(): 13.1377ms
Frame 443 end
Average processing time of GrabImageRGBD(): 13.1158ms
Frame 444 end
Average processing time of GrabImageRGBD(): 13.099ms
Frame 445 end
Average processing time of GrabImageRGBD(): 13.0782ms
Frame 446 end
Average processing time of GrabImageRGBD(): 13.07ms
Frame 447 end
Average processing time of GrabImageRGBD(): 13.0493ms
Frame 448 end
Average processing time of GrabImageRGBD(): 13.0288ms
Frame 449 end
Average processing time of GrabImageRGBD(): 13.0198ms
Frame 450 end
Average processing time of GrabImageRGBD(): 13.0105ms
Frame 451 end
Average processing time of GrabImageRGBD(): 13.0414ms
Frame 452 end
Average processing time of GrabImageRGBD(): 13.0305ms
Frame 453 end
Average processing time of GrabImageRGBD(): 13.0099ms
Frame 454 end
Average processing time of GrabImageRGBD(): 12.9936ms
Frame 455 end
Average processing time of GrabImageRGBD(): 13.0264ms
Frame 456 end
Average processing time of GrabImageRGBD(): 13.0208ms
Frame 457 end
Average processing time of GrabImageRGBD(): 12.9998ms
Frame 458 end
Average processing time of GrabImageRGBD(): 12.993ms
Frame 459 end
Average processing time of GrabImageRGBD(): 12.9716ms
Frame 460 end
Average processing time of GrabImageRGBD(): 12.9516ms
Frame 461 end
Average processing time of GrabImageRGBD(): 12.9309ms
Frame 462 end
Average processing time of GrabImageRGBD(): 12.911ms
Frame 463 end
Average processing time of GrabImageRGBD(): 12.948ms
Frame 464 end
Average processing time of GrabImageRGBD(): 12.9427ms
Frame 465 end
Average processing time of GrabImageRGBD(): 12.9324ms
Frame 466 end
Average processing time of GrabImageRGBD(): 12.9156ms
Frame 467 end
Average processing time of GrabImageRGBD(): 12.8993ms
Frame 468 end
Average processing time of GrabImageRGBD(): 12.8897ms
Frame 469 end
Average processing time of GrabImageRGBD(): 12.9202ms
Frame 470 end
Average processing time of GrabImageRGBD(): 12.9096ms
Frame 471 end
Average processing time of GrabImageRGBD(): 12.8951ms
Frame 472 end
Average processing time of GrabImageRGBD(): 12.8885ms
Frame 473 end
Average processing time of GrabImageRGBD(): 12.8833ms
Frame 474 end
Average processing time of GrabImageRGBD(): 12.8775ms
Frame 475 end
Average processing time of GrabImageRGBD(): 12.9094ms
Frame 476 end
Average processing time of GrabImageRGBD(): 12.8911ms
Frame 477 end
Average processing time of GrabImageRGBD(): 12.8711ms
Frame 478 end
Average processing time of GrabImageRGBD(): 12.8518ms
Frame 479 end
Average processing time of GrabImageRGBD(): 12.8385ms
Frame 480 end
Average processing time of GrabImageRGBD(): 12.8324ms
Frame 481 end
Average processing time of GrabImageRGBD(): 12.8118ms
Frame 482 end
Average processing time of GrabImageRGBD(): 12.7931ms
Frame 483 end
Average processing time of GrabImageRGBD(): 12.7838ms
Frame 484 end
Average processing time of GrabImageRGBD(): 12.7659ms
Frame 485 end
Average processing time of GrabImageRGBD(): 12.76ms
Frame 486 end
Average processing time of GrabImageRGBD(): 12.7524ms
Frame 487 end
Average processing time of GrabImageRGBD(): 12.7946ms
Frame 488 end
Average processing time of GrabImageRGBD(): 12.7903ms
Frame 489 end
Average processing time of GrabImageRGBD(): 12.7706ms
Frame 490 end
Average processing time of GrabImageRGBD(): 12.7629ms
Frame 491 end
Average processing time of GrabImageRGBD(): 12.7586ms
Frame 492 end
Average processing time of GrabImageRGBD(): 12.75ms
Frame 493 end
Average processing time of GrabImageRGBD(): 12.7313ms
Frame 494 end
Average processing time of GrabImageRGBD(): 12.7128ms
Frame 495 end
Average processing time of GrabImageRGBD(): 12.7039ms
Frame 496 end
Average processing time of GrabImageRGBD(): 12.6972ms
Frame 497 end
Average processing time of GrabImageRGBD(): 12.6879ms
Frame 498 end
Average processing time of GrabImageRGBD(): 12.6795ms
Frame 499 end
Average processing time of GrabImageRGBD(): 12.7076ms
Frame 500 end
Average processing time of GrabImageRGBD(): 12.6905ms
Frame 501 end
Average processing time of GrabImageRGBD(): 12.6714ms
Frame 502 end
Average processing time of GrabImageRGBD(): 12.6644ms
Frame 503 end
Average processing time of GrabImageRGBD(): 12.6519ms
Frame 504 end
Average processing time of GrabImageRGBD(): 12.636ms
Frame 505 end
Average processing time of GrabImageRGBD(): 12.6222ms
Frame 506 end
Average processing time of GrabImageRGBD(): 12.6039ms
Frame 507 end
Average processing time of GrabImageRGBD(): 12.596ms
Frame 508 end
Average processing time of GrabImageRGBD(): 12.5857ms
Frame 509 end
Average processing time of GrabImageRGBD(): 12.5681ms
Frame 510 end
Average processing time of GrabImageRGBD(): 12.5502ms
Frame 511 end
Average processing time of GrabImageRGBD(): 12.5417ms
Frame 512 end
Average processing time of GrabImageRGBD(): 12.5309ms
Frame 513 end
Average processing time of GrabImageRGBD(): 12.5232ms
Frame 514 end
Average processing time of GrabImageRGBD(): 12.5143ms
Frame 515 end
Average processing time of GrabImageRGBD(): 12.5011ms
Frame 516 end
Average processing time of GrabImageRGBD(): 12.4925ms
Frame 517 end
Average processing time of GrabImageRGBD(): 12.5177ms
Frame 518 end
Average processing time of GrabImageRGBD(): 12.5027ms
Frame 519 end
Average processing time of GrabImageRGBD(): 12.4845ms
Frame 520 end
Average processing time of GrabImageRGBD(): 12.4701ms
Frame 521 end
Average processing time of GrabImageRGBD(): 12.4599ms
Frame 522 end
Average processing time of GrabImageRGBD(): 12.451ms
Frame 523 end
Average processing time of GrabImageRGBD(): 12.4362ms
Frame 524 end
Average processing time of GrabImageRGBD(): 12.4219ms
Frame 525 end
Average processing time of GrabImageRGBD(): 12.4136ms
Frame 526 end
Average processing time of GrabImageRGBD(): 12.406ms
Frame 527 end
Average processing time of GrabImageRGBD(): 12.3909ms
Frame 528 end
Average processing time of GrabImageRGBD(): 12.3822ms
Frame 529 end
Average processing time of GrabImageRGBD(): 12.3744ms
Frame 530 end
Average processing time of GrabImageRGBD(): 12.3656ms
Frame 531 end
Average processing time of GrabImageRGBD(): 12.3485ms
Frame 532 end
Average processing time of GrabImageRGBD(): 12.3319ms
Frame 533 end
Average processing time of GrabImageRGBD(): 12.3151ms
Frame 534 end
Average processing time of GrabImageRGBD(): 12.3477ms
Frame 535 end
Average processing time of GrabImageRGBD(): 12.343ms
Frame 536 end
Average processing time of GrabImageRGBD(): 12.3269ms
Frame 537 end
Average processing time of GrabImageRGBD(): 12.3191ms
Frame 538 end
Average processing time of GrabImageRGBD(): 12.3048ms
Frame 539 end
Average processing time of GrabImageRGBD(): 12.2878ms
Frame 540 end
Average processing time of GrabImageRGBD(): 12.2769ms
Frame 541 end
Average processing time of GrabImageRGBD(): 12.2679ms
Frame 542 end
Average processing time of GrabImageRGBD(): 12.2584ms
Frame 543 end
Average processing time of GrabImageRGBD(): 12.2499ms
Frame 544 end
Average processing time of GrabImageRGBD(): 12.234ms
Frame 545 end
Average processing time of GrabImageRGBD(): 12.221ms
Frame 546 end
Average processing time of GrabImageRGBD(): 12.2126ms
Frame 547 end
Average processing time of GrabImageRGBD(): 12.2037ms
Frame 548 end
Average processing time of GrabImageRGBD(): 12.1953ms
Frame 549 end
Average processing time of GrabImageRGBD(): 12.1833ms
Frame 550 end
Average processing time of GrabImageRGBD(): 12.1757ms
Frame 551 end
Average processing time of GrabImageRGBD(): 12.1673ms
Frame 552 end
Average processing time of GrabImageRGBD(): 12.1592ms
Frame 553 end
Average processing time of GrabImageRGBD(): 12.1517ms
Frame 554 end
Average processing time of GrabImageRGBD(): 12.1378ms
Frame 555 end
Average processing time of GrabImageRGBD(): 12.1284ms
Frame 556 end
Average processing time of GrabImageRGBD(): 12.1122ms
Frame 557 end
Average processing time of GrabImageRGBD(): 12.1027ms
Frame 558 end
Average processing time of GrabImageRGBD(): 12.0919ms
Frame 559 end
Average processing time of GrabImageRGBD(): 12.0841ms
Frame 560 end
Average processing time of GrabImageRGBD(): 12.0723ms
Frame 561 end
Average processing time of GrabImageRGBD(): 12.0567ms
Frame 562 end
Average processing time of GrabImageRGBD(): 12.0498ms
Frame 563 end
Average processing time of GrabImageRGBD(): 12.0398ms
Frame 564 end
Average processing time of GrabImageRGBD(): 12.0316ms
Frame 565 end
Average processing time of GrabImageRGBD(): 12.023ms
Frame 566 end
Average processing time of GrabImageRGBD(): 12.0123ms
Frame 567 end
Average processing time of GrabImageRGBD(): 12.0052ms
Frame 568 end
Average processing time of GrabImageRGBD(): 11.9975ms
Frame 569 end
Average processing time of GrabImageRGBD(): 12.0273ms
Frame 570 end
Average processing time of GrabImageRGBD(): 12.0131ms
Frame 571 end
Average processing time of GrabImageRGBD(): 12.0093ms
Frame 572 end
Average processing time of GrabImageRGBD(): 12.0046ms
Frame 573 end
Average processing time of GrabImageRGBD(): 11.9997ms
Frame 574 end
Average processing time of GrabImageRGBD(): 11.9928ms
Frame 575 end
Average processing time of GrabImageRGBD(): 11.9771ms
Frame 576 end
Average processing time of GrabImageRGBD(): 11.9724ms
Frame 577 end
Average processing time of GrabImageRGBD(): 11.9579ms
Frame 578 end
Average processing time of GrabImageRGBD(): 11.9432ms
Frame 579 end
Average processing time of GrabImageRGBD(): 11.9293ms
Frame 580 end
Average processing time of GrabImageRGBD(): 11.92ms
Frame 581 end
Average processing time of GrabImageRGBD(): 11.9072ms
Frame 582 end
Average processing time of GrabImageRGBD(): 11.9023ms
Frame 583 end
Average processing time of GrabImageRGBD(): 11.8976ms
Frame 584 end
Average processing time of GrabImageRGBD(): 11.8925ms
Frame 585 end
Average processing time of GrabImageRGBD(): 11.8848ms
Frame 586 end
Average processing time of GrabImageRGBD(): 11.8798ms
Frame 587 end
Average processing time of GrabImageRGBD(): 11.8744ms
Frame 588 end
Shutdown
-------

median tracking time: 0.009486
mean tracking time: 0.0127232

Saving camera trajectory to CameraTrajectory.txt ...

Saving keyframe trajectory to KeyFrameTrajectory.txt ...
