
ORB-SLAM3 Copyright (C) 2017-2020 Carlos Campos, Richard Elvira, Juan J. Gómez, José M.M. Montiel and Juan D. Tardós, University of Zaragoza.
ORB-SLAM2 Copyright (C) 2014-2016 Raúl Mur-Artal, José M.M. Montiel and Juan D. Tardós, University of Zaragoza.
This program comes with ABSOLUTELY NO WARRANTY;
This is free software, and you are welcome to redistribute it
under certain conditions. See LICENSE.txt.

Input sensor was set to: RGB-D
Loading settings from /home/bingxin/Downloads/NGD-SLAM/Examples/RGB-D/Bonn.yaml
Camera1.k3 optional parameter does not exist...
	-Loaded camera 1
Camera.newHeight optional parameter does not exist...
Camera.newWidth optional parameter does not exist...
	-Loaded image info
	-Loaded RGB-D calibration
	-Loaded ORB settings
Viewer.imageViewScale optional parameter does not exist...
	-Loaded viewer settings
System.LoadAtlasFromFile optional parameter does not exist...
System.SaveAtlasToFile optional parameter does not exist...
	-Loaded Atlas settings
System.thFarPoints optional parameter does not exist...
	-Loaded misc parameters
----------------------------------
SLAM settings: 
	-Camera 1 parameters (Pinhole): [ 542.823 542.577 315.594 237.756 ]
	-Camera 1 distortion parameters: [  0.039903 -0.099343 -0.00073 -0.000144 ]
	-Original image size: [ 640 , 480 ]
	-Current image size: [ 640 , 480 ]
	-Sequence FPS: 30
	-RGB-D depth map factor: 5000
	-Features per image: 1000
	-ORB scale factor: 1.2
	-ORB number of scales: 8
	-Initial FAST threshold: 20
	-Min FAST threshold: 7


Loading ORB Vocabulary. This could take a while...
Vocabulary loaded!

Initialization of Atlas from scratch 
Creation of new map with id: 0
Creation of new map with last KF id: 0
Seq. Name: 
There are 1 cameras in the atlas
Camera 0 is pinhole
Net use yolo-fastest

-------
Start processing sequence ...
Images in the sequence: 927

First KF:0; Map init KF:0
New Map created with 875 points
Average processing time of GrabImageRGBD(): 47.4978ms
Frame 0 end
Average processing time of GrabImageRGBD(): 36.391ms
Frame 1 end
Average processing time of GrabImageRGBD(): 32.4746ms
Frame 2 end
Average processing time of GrabImageRGBD(): 26.2146ms
Frame 3 end
Average processing time of GrabImageRGBD(): 23.0762ms
Frame 4 end
Average processing time of GrabImageRGBD(): 20.5076ms
Frame 5 end
Starting the Viewer
Average processing time of GrabImageRGBD(): 19.1178ms
Frame 6 end
Average processing time of GrabImageRGBD(): 18.1156ms
Frame 7 end
Average processing time of GrabImageRGBD(): 16.4521ms
Frame 8 end
Average processing time of GrabImageRGBD(): 15.4168ms
Frame 9 end
Average processing time of GrabImageRGBD(): 14.8345ms
Frame 10 end
Average processing time of GrabImageRGBD(): 13.9192ms
Frame 11 end
Average processing time of GrabImageRGBD(): 13.5496ms
Frame 12 end
Average processing time of GrabImageRGBD(): 13.4605ms
Frame 13 end
Average processing time of GrabImageRGBD(): 12.8353ms
Frame 14 end
Average processing time of GrabImageRGBD(): 13.6147ms
Frame 15 end
Average processing time of GrabImageRGBD(): 13.3372ms
Frame 16 end
Average processing time of GrabImageRGBD(): 12.7591ms
Frame 17 end
Average processing time of GrabImageRGBD(): 12.6187ms
Frame 18 end
Average processing time of GrabImageRGBD(): 13.4179ms
Frame 19 end
Average processing time of GrabImageRGBD(): 12.9614ms
Frame 20 end
Average processing time of GrabImageRGBD(): 12.5276ms
Frame 21 end
Average processing time of GrabImageRGBD(): 12.3332ms
Frame 22 end
Average processing time of GrabImageRGBD(): 12.1776ms
Frame 23 end
Average processing time of GrabImageRGBD(): 11.8107ms
Frame 24 end
Average processing time of GrabImageRGBD(): 11.6146ms
Frame 25 end
Average processing time of GrabImageRGBD(): 11.4728ms
Frame 26 end
Average processing time of GrabImageRGBD(): 11.171ms
Frame 27 end
Average processing time of GrabImageRGBD(): 10.889ms
Frame 28 end
Average processing time of GrabImageRGBD(): 11.4583ms
Frame 29 end
Average processing time of GrabImageRGBD(): 11.3522ms
Frame 30 end
Average processing time of GrabImageRGBD(): 11.0703ms
Frame 31 end
Average processing time of GrabImageRGBD(): 10.9763ms
Frame 32 end
Average processing time of GrabImageRGBD(): 10.8758ms
Frame 33 end
Average processing time of GrabImageRGBD(): 10.7782ms
Frame 34 end
Average processing time of GrabImageRGBD(): 10.6799ms
Frame 35 end
Average processing time of GrabImageRGBD(): 11.3469ms
Frame 36 end
Average processing time of GrabImageRGBD(): 11.1495ms
Frame 37 end
Average processing time of GrabImageRGBD(): 10.9338ms
Frame 38 end
Average processing time of GrabImageRGBD(): 10.8473ms
Frame 39 end
Average processing time of GrabImageRGBD(): 10.7752ms
Frame 40 end
Average processing time of GrabImageRGBD(): 11.1248ms
Frame 41 end
Average processing time of GrabImageRGBD(): 11.0806ms
Frame 42 end
Average processing time of GrabImageRGBD(): 10.8927ms
Frame 43 end
Average processing time of GrabImageRGBD(): 10.7284ms
Frame 44 end
Average processing time of GrabImageRGBD(): 10.675ms
Frame 45 end
Average processing time of GrabImageRGBD(): 10.6207ms
Frame 46 end
Average processing time of GrabImageRGBD(): 10.5714ms
Frame 47 end
Average processing time of GrabImageRGBD(): 10.5169ms
Frame 48 end
Average processing time of GrabImageRGBD(): 10.4665ms
Frame 49 end
Average processing time of GrabImageRGBD(): 10.3539ms
Frame 50 end
Average processing time of GrabImageRGBD(): 10.654ms
Frame 51 end
Average processing time of GrabImageRGBD(): 10.6348ms
Frame 52 end
Average processing time of GrabImageRGBD(): 10.4882ms
Frame 53 end
Average processing time of GrabImageRGBD(): 10.3809ms
Frame 54 end
Average processing time of GrabImageRGBD(): 10.2519ms
Frame 55 end
Average processing time of GrabImageRGBD(): 10.1342ms
Frame 56 end
Average processing time of GrabImageRGBD(): 10.1015ms
Frame 57 end
Average processing time of GrabImageRGBD(): 9.9844ms
Frame 58 end
Average processing time of GrabImageRGBD(): 9.89906ms
Frame 59 end
Average processing time of GrabImageRGBD(): 10.1552ms
Frame 60 end
Average processing time of GrabImageRGBD(): 10.1521ms
Frame 61 end
Average processing time of GrabImageRGBD(): 10.0443ms
Frame 62 end
Average processing time of GrabImageRGBD(): 9.98634ms
Frame 63 end
Average processing time of GrabImageRGBD(): 9.96804ms
Frame 64 end
Average processing time of GrabImageRGBD(): 9.86728ms
Frame 65 end
Average processing time of GrabImageRGBD(): 9.77367ms
Frame 66 end
Average processing time of GrabImageRGBD(): 9.69871ms
Frame 67 end
Average processing time of GrabImageRGBD(): 9.60768ms
Frame 68 end
Average processing time of GrabImageRGBD(): 9.5208ms
Frame 69 end
Average processing time of GrabImageRGBD(): 9.50957ms
Frame 70 end
Average processing time of GrabImageRGBD(): 9.77178ms
Frame 71 end
Average processing time of GrabImageRGBD(): 9.76961ms
Frame 72 end
Average processing time of GrabImageRGBD(): 9.75861ms
Frame 73 end
Average processing time of GrabImageRGBD(): 9.74806ms
Frame 74 end
Average processing time of GrabImageRGBD(): 9.73914ms
Frame 75 end
Average processing time of GrabImageRGBD(): 9.64942ms
Frame 76 end
Average processing time of GrabImageRGBD(): 9.5718ms
Frame 77 end
Average processing time of GrabImageRGBD(): 9.57221ms
Frame 78 end
Average processing time of GrabImageRGBD(): 9.56134ms
Frame 79 end
Average processing time of GrabImageRGBD(): 9.55695ms
Frame 80 end
Average processing time of GrabImageRGBD(): 9.54333ms
Frame 81 end
Average processing time of GrabImageRGBD(): 9.53579ms
Frame 82 end
Average processing time of GrabImageRGBD(): 9.52443ms
Frame 83 end
Average processing time of GrabImageRGBD(): 9.45169ms
Frame 84 end
Average processing time of GrabImageRGBD(): 9.43397ms
Frame 85 end
Average processing time of GrabImageRGBD(): 9.61304ms
Frame 86 end
Average processing time of GrabImageRGBD(): 9.61131ms
Frame 87 end
Average processing time of GrabImageRGBD(): 9.54193ms
Frame 88 end
Average processing time of GrabImageRGBD(): 9.53509ms
Frame 89 end
Average processing time of GrabImageRGBD(): 9.48586ms
Frame 90 end
Average processing time of GrabImageRGBD(): 9.47915ms
Frame 91 end
Average processing time of GrabImageRGBD(): 9.40653ms
Frame 92 end
Average processing time of GrabImageRGBD(): 9.39918ms
Frame 93 end
Average processing time of GrabImageRGBD(): 9.32876ms
Frame 94 end
Average processing time of GrabImageRGBD(): 9.32488ms
Frame 95 end
Average processing time of GrabImageRGBD(): 9.31566ms
Frame 96 end
Average processing time of GrabImageRGBD(): 9.30828ms
Frame 97 end
Average processing time of GrabImageRGBD(): 9.4689ms
Frame 98 end
Average processing time of GrabImageRGBD(): 9.47301ms
Frame 99 end
Average processing time of GrabImageRGBD(): 9.46978ms
Frame 100 end
Average processing time of GrabImageRGBD(): 9.46331ms
Frame 101 end
Average processing time of GrabImageRGBD(): 9.40534ms
Frame 102 end
Average processing time of GrabImageRGBD(): 9.40215ms
Frame 103 end
Average processing time of GrabImageRGBD(): 9.40065ms
Frame 104 end
Average processing time of GrabImageRGBD(): 9.34453ms
Frame 105 end
Average processing time of GrabImageRGBD(): 9.34066ms
Frame 106 end
Average processing time of GrabImageRGBD(): 9.28132ms
Frame 107 end
Average processing time of GrabImageRGBD(): 9.27889ms
Frame 108 end
Average processing time of GrabImageRGBD(): 9.26761ms
Frame 109 end
Average processing time of GrabImageRGBD(): 9.26515ms
Frame 110 end
Average processing time of GrabImageRGBD(): 9.20928ms
Frame 111 end
Average processing time of GrabImageRGBD(): 9.19825ms
Frame 112 end
Average processing time of GrabImageRGBD(): 9.14701ms
Frame 113 end
Average processing time of GrabImageRGBD(): 9.1478ms
Frame 114 end
Average processing time of GrabImageRGBD(): 9.14194ms
Frame 115 end
Average processing time of GrabImageRGBD(): 9.28041ms
Frame 116 end
Average processing time of GrabImageRGBD(): 9.2319ms
Frame 117 end
Average processing time of GrabImageRGBD(): 9.22366ms
Frame 118 end
Average processing time of GrabImageRGBD(): 9.21677ms
Frame 119 end
Average processing time of GrabImageRGBD(): 9.20588ms
Frame 120 end
Average processing time of GrabImageRGBD(): 9.15912ms
Frame 121 end
Average processing time of GrabImageRGBD(): 9.31492ms
Frame 122 end
Average processing time of GrabImageRGBD(): 9.3147ms
Frame 123 end
Average processing time of GrabImageRGBD(): 9.26459ms
Frame 124 end
Average processing time of GrabImageRGBD(): 9.21845ms
Frame 125 end
Average processing time of GrabImageRGBD(): 9.17111ms
Frame 126 end
Average processing time of GrabImageRGBD(): 9.15661ms
Frame 127 end
Average processing time of GrabImageRGBD(): 9.15276ms
Frame 128 end
Average processing time of GrabImageRGBD(): 9.10346ms
Frame 129 end
Average processing time of GrabImageRGBD(): 9.05919ms
Frame 130 end
Average processing time of GrabImageRGBD(): 9.05936ms
Frame 131 end
Average processing time of GrabImageRGBD(): 9.05994ms
Frame 132 end
Average processing time of GrabImageRGBD(): 9.01254ms
Frame 133 end
Average processing time of GrabImageRGBD(): 8.97092ms
Frame 134 end
Average processing time of GrabImageRGBD(): 8.97175ms
Frame 135 end
Average processing time of GrabImageRGBD(): 8.92491ms
Frame 136 end
Average processing time of GrabImageRGBD(): 8.89766ms
Frame 137 end
Average processing time of GrabImageRGBD(): 8.85578ms
Frame 138 end
Average processing time of GrabImageRGBD(): 8.85413ms
Frame 139 end
Average processing time of GrabImageRGBD(): 8.85249ms
Frame 140 end
Average processing time of GrabImageRGBD(): 8.85292ms
Frame 141 end
Average processing time of GrabImageRGBD(): 8.96712ms
Frame 142 end
Average processing time of GrabImageRGBD(): 8.97519ms
Frame 143 end
Average processing time of GrabImageRGBD(): 9.09629ms
Frame 144 end
Average processing time of GrabImageRGBD(): 9.10948ms
Frame 145 end
Average processing time of GrabImageRGBD(): 9.06921ms
Frame 146 end
Average processing time of GrabImageRGBD(): 9.07158ms
Frame 147 end
Average processing time of GrabImageRGBD(): 9.07614ms
Frame 148 end
Average processing time of GrabImageRGBD(): 9.06474ms
Frame 149 end
Average processing time of GrabImageRGBD(): 9.02957ms
Frame 150 end
Average processing time of GrabImageRGBD(): 9.03066ms
Frame 151 end
Average processing time of GrabImageRGBD(): 8.99568ms
Frame 152 end
Average processing time of GrabImageRGBD(): 9.00077ms
Frame 153 end
Average processing time of GrabImageRGBD(): 8.96401ms
Frame 154 end
Average processing time of GrabImageRGBD(): 8.96617ms
Frame 155 end
Average processing time of GrabImageRGBD(): 8.93155ms
Frame 156 end
Average processing time of GrabImageRGBD(): 8.93146ms
Frame 157 end
Average processing time of GrabImageRGBD(): 8.89243ms
Frame 158 end
Average processing time of GrabImageRGBD(): 8.85977ms
Frame 159 end
Average processing time of GrabImageRGBD(): 8.86434ms
Frame 160 end
Average processing time of GrabImageRGBD(): 8.84255ms
Frame 161 end
Average processing time of GrabImageRGBD(): 8.84925ms
Frame 162 end
Average processing time of GrabImageRGBD(): 8.96684ms
Frame 163 end
Average processing time of GrabImageRGBD(): 8.94632ms
Frame 164 end
Average processing time of GrabImageRGBD(): 8.90949ms
Frame 165 end
Average processing time of GrabImageRGBD(): 9.02345ms
Frame 166 end
Average processing time of GrabImageRGBD(): 9.02533ms
Frame 167 end
Average processing time of GrabImageRGBD(): 9.02276ms
Frame 168 end
Average processing time of GrabImageRGBD(): 9.14027ms
Frame 169 end
Average processing time of GrabImageRGBD(): 9.14258ms
Frame 170 end
Average processing time of GrabImageRGBD(): 9.14463ms
Frame 171 end
Average processing time of GrabImageRGBD(): 9.26052ms
Frame 172 end
Average processing time of GrabImageRGBD(): 9.24627ms
Frame 173 end
Average processing time of GrabImageRGBD(): 9.21508ms
Frame 174 end
Average processing time of GrabImageRGBD(): 9.21206ms
Frame 175 end
Average processing time of GrabImageRGBD(): 9.17807ms
Frame 176 end
Average processing time of GrabImageRGBD(): 9.29311ms
Frame 177 end
Average processing time of GrabImageRGBD(): 9.29972ms
Frame 178 end
Average processing time of GrabImageRGBD(): 9.2852ms
Frame 179 end
Average processing time of GrabImageRGBD(): 9.28717ms
Frame 180 end
Average processing time of GrabImageRGBD(): 9.26487ms
Frame 181 end
Average processing time of GrabImageRGBD(): 9.23097ms
Frame 182 end
Average processing time of GrabImageRGBD(): 9.23453ms
Frame 183 end
Average processing time of GrabImageRGBD(): 9.2396ms
Frame 184 end
Average processing time of GrabImageRGBD(): 9.20633ms
Frame 185 end
Average processing time of GrabImageRGBD(): 9.21203ms
Frame 186 end
Average processing time of GrabImageRGBD(): 9.20877ms
Frame 187 end
Average processing time of GrabImageRGBD(): 9.2087ms
Frame 188 end
Average processing time of GrabImageRGBD(): 9.20145ms
Frame 189 end
Average processing time of GrabImageRGBD(): 9.30746ms
Frame 190 end
Average processing time of GrabImageRGBD(): 9.29896ms
Frame 191 end
Average processing time of GrabImageRGBD(): 9.26831ms
Frame 192 end
Average processing time of GrabImageRGBD(): 9.23841ms
Frame 193 end
Average processing time of GrabImageRGBD(): 9.24171ms
Frame 194 end
Average processing time of GrabImageRGBD(): 9.22106ms
Frame 195 end
Average processing time of GrabImageRGBD(): 9.22195ms
Frame 196 end
Average processing time of GrabImageRGBD(): 9.22254ms
Frame 197 end
Average processing time of GrabImageRGBD(): 9.19157ms
Frame 198 end
Average processing time of GrabImageRGBD(): 9.29472ms
Frame 199 end
Average processing time of GrabImageRGBD(): 9.30237ms
Frame 200 end
Average processing time of GrabImageRGBD(): 9.27415ms
Frame 201 end
Average processing time of GrabImageRGBD(): 9.24584ms
Frame 202 end
Average processing time of GrabImageRGBD(): 9.24859ms
Frame 203 end
Average processing time of GrabImageRGBD(): 9.24886ms
Frame 204 end
Average processing time of GrabImageRGBD(): 9.23124ms
Frame 205 end
Average processing time of GrabImageRGBD(): 9.31511ms
Frame 206 end
Average processing time of GrabImageRGBD(): 9.32293ms
Frame 207 end
Average processing time of GrabImageRGBD(): 9.30379ms
Frame 208 end
Average processing time of GrabImageRGBD(): 9.3027ms
Frame 209 end
Average processing time of GrabImageRGBD(): 9.28244ms
Frame 210 end
Average processing time of GrabImageRGBD(): 9.28129ms
Frame 211 end
Average processing time of GrabImageRGBD(): 9.2522ms
Frame 212 end
Average processing time of GrabImageRGBD(): 9.22561ms
Frame 213 end
Average processing time of GrabImageRGBD(): 9.19864ms
Frame 214 end
Average processing time of GrabImageRGBD(): 9.17307ms
Frame 215 end
Average processing time of GrabImageRGBD(): 9.14458ms
Frame 216 end
Average processing time of GrabImageRGBD(): 9.12407ms
Frame 217 end
Average processing time of GrabImageRGBD(): 9.09769ms
Frame 218 end
Average processing time of GrabImageRGBD(): 9.2266ms
Frame 219 end
Average processing time of GrabImageRGBD(): 9.23373ms
Frame 220 end
Average processing time of GrabImageRGBD(): 9.20582ms
Frame 221 end
Average processing time of GrabImageRGBD(): 9.20571ms
Frame 222 end
Average processing time of GrabImageRGBD(): 9.20362ms
Frame 223 end
Average processing time of GrabImageRGBD(): 9.20498ms
Frame 224 end
Average processing time of GrabImageRGBD(): 9.32451ms
Frame 225 end
Average processing time of GrabImageRGBD(): 9.3216ms
Frame 226 end
Average processing time of GrabImageRGBD(): 9.34293ms
Frame 227 end
Average processing time of GrabImageRGBD(): 9.35994ms
Frame 228 end
Average processing time of GrabImageRGBD(): 9.36708ms
Frame 229 end
Average processing time of GrabImageRGBD(): 9.38008ms
Frame 230 end
Average processing time of GrabImageRGBD(): 9.49221ms
Frame 231 end
Average processing time of GrabImageRGBD(): 9.50592ms
Frame 232 end
Average processing time of GrabImageRGBD(): 9.52156ms
Frame 233 end
Average processing time of GrabImageRGBD(): 9.53112ms
Frame 234 end
Average processing time of GrabImageRGBD(): 9.54734ms
Frame 235 end
Average processing time of GrabImageRGBD(): 9.55292ms
Frame 236 end
Average processing time of GrabImageRGBD(): 9.55898ms
Frame 237 end
Average processing time of GrabImageRGBD(): 9.5745ms
Frame 238 end
Average processing time of GrabImageRGBD(): 9.58392ms
Frame 239 end
Average processing time of GrabImageRGBD(): 9.59097ms
Frame 240 end
Average processing time of GrabImageRGBD(): 9.69365ms
Frame 241 end
Average processing time of GrabImageRGBD(): 9.71143ms
Frame 242 end
Average processing time of GrabImageRGBD(): 9.73078ms
Frame 243 end
Average processing time of GrabImageRGBD(): 9.75222ms
Frame 244 end
Average processing time of GrabImageRGBD(): 9.7599ms
Frame 245 end
Average processing time of GrabImageRGBD(): 9.86902ms
Frame 246 end
Average processing time of GrabImageRGBD(): 9.90314ms
Frame 247 end
Average processing time of GrabImageRGBD(): 9.93171ms
Frame 248 end
Average processing time of GrabImageRGBD(): 9.9608ms
Frame 249 end
Average processing time of GrabImageRGBD(): 10.0614ms
Frame 250 end
Average processing time of GrabImageRGBD(): 10.0928ms
Frame 251 end
Average processing time of GrabImageRGBD(): 10.1158ms
Frame 252 end
Average processing time of GrabImageRGBD(): 10.1448ms
Frame 253 end
Average processing time of GrabImageRGBD(): 10.1681ms
Frame 254 end
Average processing time of GrabImageRGBD(): 10.2741ms
Frame 255 end
Average processing time of GrabImageRGBD(): 10.2822ms
Frame 256 end
Average processing time of GrabImageRGBD(): 10.3113ms
Frame 257 end
Average processing time of GrabImageRGBD(): 10.3452ms
Frame 258 end
Average processing time of GrabImageRGBD(): 10.3653ms
Frame 259 end
Average processing time of GrabImageRGBD(): 10.4571ms
Frame 260 end
Average processing time of GrabImageRGBD(): 10.4781ms
Frame 261 end
Average processing time of GrabImageRGBD(): 10.5057ms
Frame 262 end
Average processing time of GrabImageRGBD(): 10.5193ms
Frame 263 end
Average processing time of GrabImageRGBD(): 10.5453ms
Frame 264 end
Average processing time of GrabImageRGBD(): 10.557ms
Frame 265 end
Average processing time of GrabImageRGBD(): 10.6603ms
Frame 266 end
Average processing time of GrabImageRGBD(): 10.6757ms
Frame 267 end
Average processing time of GrabImageRGBD(): 10.6874ms
Frame 268 end
Average processing time of GrabImageRGBD(): 10.6986ms
Frame 269 end
Average processing time of GrabImageRGBD(): 10.7221ms
Frame 270 end
Average processing time of GrabImageRGBD(): 10.732ms
Frame 271 end
Average processing time of GrabImageRGBD(): 10.7397ms
Frame 272 end
Average processing time of GrabImageRGBD(): 10.8323ms
Frame 273 end
Average processing time of GrabImageRGBD(): 10.8487ms
Frame 274 end
Average processing time of GrabImageRGBD(): 10.8624ms
Frame 275 end
Average processing time of GrabImageRGBD(): 10.8737ms
Frame 276 end
Average processing time of GrabImageRGBD(): 10.8848ms
Frame 277 end
Average processing time of GrabImageRGBD(): 10.8928ms
Frame 278 end
Average processing time of GrabImageRGBD(): 10.8943ms
Frame 279 end
Average processing time of GrabImageRGBD(): 10.9048ms
Frame 280 end
Average processing time of GrabImageRGBD(): 10.9107ms
Frame 281 end
Average processing time of GrabImageRGBD(): 10.989ms
Frame 282 end
Average processing time of GrabImageRGBD(): 11.006ms
Frame 283 end
Average processing time of GrabImageRGBD(): 11.0203ms
Frame 284 end
Average processing time of GrabImageRGBD(): 11.0278ms
Frame 285 end
Average processing time of GrabImageRGBD(): 11.0386ms
Frame 286 end
Average processing time of GrabImageRGBD(): 11.1249ms
Frame 287 end
Average processing time of GrabImageRGBD(): 11.1357ms
Frame 288 end
Average processing time of GrabImageRGBD(): 11.1476ms
Frame 289 end
Average processing time of GrabImageRGBD(): 11.1573ms
Frame 290 end
Average processing time of GrabImageRGBD(): 11.1705ms
Frame 291 end
Average processing time of GrabImageRGBD(): 11.1753ms
Frame 292 end
Average processing time of GrabImageRGBD(): 11.1962ms
Frame 293 end
Average processing time of GrabImageRGBD(): 11.2115ms
Frame 294 end
Average processing time of GrabImageRGBD(): 11.2184ms
Frame 295 end
Average processing time of GrabImageRGBD(): 11.2258ms
Frame 296 end
Average processing time of GrabImageRGBD(): 11.2365ms
Frame 297 end
Average processing time of GrabImageRGBD(): 11.2536ms
Frame 298 end
Average processing time of GrabImageRGBD(): 11.3371ms
Frame 299 end
Average processing time of GrabImageRGBD(): 11.3464ms
Frame 300 end
Average processing time of GrabImageRGBD(): 11.3624ms
Frame 301 end
Average processing time of GrabImageRGBD(): 11.383ms
Frame 302 end
Average processing time of GrabImageRGBD(): 11.3937ms
Frame 303 end
Average processing time of GrabImageRGBD(): 11.4016ms
Frame 304 end
Average processing time of GrabImageRGBD(): 11.4103ms
Frame 305 end
Average processing time of GrabImageRGBD(): 11.4919ms
Frame 306 end
Average processing time of GrabImageRGBD(): 11.5121ms
Frame 307 end
Average processing time of GrabImageRGBD(): 11.5923ms
Frame 308 end
Average processing time of GrabImageRGBD(): 11.6116ms
Frame 309 end
Average processing time of GrabImageRGBD(): 11.6195ms
Frame 310 end
Average processing time of GrabImageRGBD(): 11.7028ms
Frame 311 end
Average processing time of GrabImageRGBD(): 11.7197ms
Frame 312 end
Average processing time of GrabImageRGBD(): 11.7433ms
Frame 313 end
Average processing time of GrabImageRGBD(): 11.76ms
Frame 314 end
Average processing time of GrabImageRGBD(): 11.8285ms
Frame 315 end
Average processing time of GrabImageRGBD(): 11.8464ms
Frame 316 end
Average processing time of GrabImageRGBD(): 11.8695ms
Frame 317 end
Average processing time of GrabImageRGBD(): 11.8852ms
Frame 318 end
Average processing time of GrabImageRGBD(): 11.9513ms
Frame 319 end
Average processing time of GrabImageRGBD(): 11.9774ms
Frame 320 end
Average processing time of GrabImageRGBD(): 11.994ms
Frame 321 end
Average processing time of GrabImageRGBD(): 12.0671ms
Frame 322 end
Average processing time of GrabImageRGBD(): 12.1388ms
Frame 323 end
Average processing time of GrabImageRGBD(): 12.1519ms
Frame 324 end
Average processing time of GrabImageRGBD(): 12.1623ms
Frame 325 end
Average processing time of GrabImageRGBD(): 12.1791ms
Frame 326 end
Average processing time of GrabImageRGBD(): 12.2526ms
Frame 327 end
Average processing time of GrabImageRGBD(): 12.2669ms
Frame 328 end
Average processing time of GrabImageRGBD(): 12.2734ms
Frame 329 end
Average processing time of GrabImageRGBD(): 12.281ms
Frame 330 end
Average processing time of GrabImageRGBD(): 12.2889ms
Frame 331 end
Average processing time of GrabImageRGBD(): 12.2949ms
Frame 332 end
Average processing time of GrabImageRGBD(): 12.2918ms
Frame 333 end
Average processing time of GrabImageRGBD(): 12.293ms
Frame 334 end
Average processing time of GrabImageRGBD(): 12.2943ms
Frame 335 end
Average processing time of GrabImageRGBD(): 12.2969ms
Frame 336 end
Average processing time of GrabImageRGBD(): 12.3626ms
Frame 337 end
Average processing time of GrabImageRGBD(): 12.3718ms
Frame 338 end
Average processing time of GrabImageRGBD(): 12.3816ms
Frame 339 end
Average processing time of GrabImageRGBD(): 12.3937ms
Frame 340 end
Average processing time of GrabImageRGBD(): 12.4109ms
Frame 341 end
Average processing time of GrabImageRGBD(): 12.4101ms
Frame 342 end
Average processing time of GrabImageRGBD(): 12.4145ms
Frame 343 end
Average processing time of GrabImageRGBD(): 12.4167ms
Frame 344 end
Average processing time of GrabImageRGBD(): 12.4158ms
Frame 345 end
Average processing time of GrabImageRGBD(): 12.4878ms
Frame 346 end
Average processing time of GrabImageRGBD(): 12.4956ms
Frame 347 end
Average processing time of GrabImageRGBD(): 12.5005ms
Frame 348 end
Average processing time of GrabImageRGBD(): 12.5105ms
Frame 349 end
Average processing time of GrabImageRGBD(): 12.5127ms
Frame 350 end
Average processing time of GrabImageRGBD(): 12.5201ms
Frame 351 end
Average processing time of GrabImageRGBD(): 12.5243ms
Frame 352 end
Average processing time of GrabImageRGBD(): 12.524ms
Frame 353 end
Average processing time of GrabImageRGBD(): 12.5352ms
Frame 354 end
Average processing time of GrabImageRGBD(): 12.5474ms
Frame 355 end
Average processing time of GrabImageRGBD(): 12.547ms
Frame 356 end
Average processing time of GrabImageRGBD(): 12.5459ms
Frame 357 end
Average processing time of GrabImageRGBD(): 12.5571ms
Frame 358 end
Average processing time of GrabImageRGBD(): 12.6216ms
Frame 359 end
Average processing time of GrabImageRGBD(): 12.6374ms
Frame 360 end
Average processing time of GrabImageRGBD(): 12.6368ms
Frame 361 end
Average processing time of GrabImageRGBD(): 12.6431ms
Frame 362 end
Average processing time of GrabImageRGBD(): 12.6484ms
Frame 363 end
Average processing time of GrabImageRGBD(): 12.643ms
Frame 364 end
Average processing time of GrabImageRGBD(): 12.6419ms
Frame 365 end
Average processing time of GrabImageRGBD(): 12.6455ms
Frame 366 end
Average processing time of GrabImageRGBD(): 12.6392ms
Frame 367 end
Average processing time of GrabImageRGBD(): 12.6397ms
Frame 368 end
Average processing time of GrabImageRGBD(): 12.6392ms
Frame 369 end
Average processing time of GrabImageRGBD(): 12.6366ms
Frame 370 end
Average processing time of GrabImageRGBD(): 12.6968ms
Frame 371 end
Average processing time of GrabImageRGBD(): 12.7037ms
Frame 372 end
Average processing time of GrabImageRGBD(): 12.6971ms
Frame 373 end
Average processing time of GrabImageRGBD(): 12.6952ms
Frame 374 end
Average processing time of GrabImageRGBD(): 12.6966ms
Frame 375 end
Average processing time of GrabImageRGBD(): 12.6979ms
Frame 376 end
Average processing time of GrabImageRGBD(): 12.6939ms
Frame 377 end
Average processing time of GrabImageRGBD(): 12.7519ms
Frame 378 end
Average processing time of GrabImageRGBD(): 12.754ms
Frame 379 end
Average processing time of GrabImageRGBD(): 12.7557ms
Frame 380 end
Average processing time of GrabImageRGBD(): 12.7568ms
Frame 381 end
Average processing time of GrabImageRGBD(): 12.7503ms
Frame 382 end
Average processing time of GrabImageRGBD(): 12.744ms
Frame 383 end
Average processing time of GrabImageRGBD(): 12.8035ms
Frame 384 end
Average processing time of GrabImageRGBD(): 12.8073ms
Frame 385 end
Average processing time of GrabImageRGBD(): 12.8075ms
Frame 386 end
Average processing time of GrabImageRGBD(): 12.807ms
Frame 387 end
Average processing time of GrabImageRGBD(): 12.7952ms
Frame 388 end
Average processing time of GrabImageRGBD(): 12.7935ms
Frame 389 end
Average processing time of GrabImageRGBD(): 12.7852ms
Frame 390 end
Average processing time of GrabImageRGBD(): 12.7792ms
Frame 391 end
Average processing time of GrabImageRGBD(): 12.778ms
Frame 392 end
Average processing time of GrabImageRGBD(): 12.7738ms
Frame 393 end
Average processing time of GrabImageRGBD(): 12.7693ms
Frame 394 end
Average processing time of GrabImageRGBD(): 12.7632ms
Frame 395 end
Average processing time of GrabImageRGBD(): 12.8196ms
Frame 396 end
Average processing time of GrabImageRGBD(): 12.8215ms
Frame 397 end
Average processing time of GrabImageRGBD(): 12.8245ms
Frame 398 end
Average processing time of GrabImageRGBD(): 12.8251ms
Frame 399 end
Average processing time of GrabImageRGBD(): 12.8288ms
Frame 400 end
Average processing time of GrabImageRGBD(): 12.8316ms
Frame 401 end
Average processing time of GrabImageRGBD(): 12.8261ms
Frame 402 end
Average processing time of GrabImageRGBD(): 12.8852ms
Frame 403 end
Average processing time of GrabImageRGBD(): 12.9036ms
Frame 404 end
Average processing time of GrabImageRGBD(): 12.9116ms
Frame 405 end
Average processing time of GrabImageRGBD(): 12.9183ms
Frame 406 end
Average processing time of GrabImageRGBD(): 12.9264ms
Frame 407 end
Average processing time of GrabImageRGBD(): 12.9396ms
Frame 408 end
Average processing time of GrabImageRGBD(): 13.0183ms
Frame 409 end
Average processing time of GrabImageRGBD(): 13.029ms
Frame 410 end
Average processing time of GrabImageRGBD(): 13.0363ms
Frame 411 end
Average processing time of GrabImageRGBD(): 13.0427ms
Frame 412 end
Average processing time of GrabImageRGBD(): 13.0459ms
Frame 413 end
Average processing time of GrabImageRGBD(): 13.1017ms
Frame 414 end
Average processing time of GrabImageRGBD(): 13.1148ms
Frame 415 end
Average processing time of GrabImageRGBD(): 13.1306ms
Frame 416 end
Average processing time of GrabImageRGBD(): 13.1408ms
Frame 417 end
Average processing time of GrabImageRGBD(): 13.1521ms
Frame 418 end
Average processing time of GrabImageRGBD(): 13.2063ms
Frame 419 end
Average processing time of GrabImageRGBD(): 13.2136ms
Frame 420 end
Average processing time of GrabImageRGBD(): 13.2176ms
Frame 421 end
Average processing time of GrabImageRGBD(): 13.2193ms
Frame 422 end
Average processing time of GrabImageRGBD(): 13.2252ms
Frame 423 end
Average processing time of GrabImageRGBD(): 13.2715ms
Frame 424 end
Average processing time of GrabImageRGBD(): 13.2795ms
Frame 425 end
Average processing time of GrabImageRGBD(): 13.2877ms
Frame 426 end
Average processing time of GrabImageRGBD(): 13.2964ms
Frame 427 end
Average processing time of GrabImageRGBD(): 13.3007ms
Frame 428 end
Average processing time of GrabImageRGBD(): 13.3623ms
Frame 429 end
Average processing time of GrabImageRGBD(): 13.3704ms
Frame 430 end
Average processing time of GrabImageRGBD(): 13.3817ms
Frame 431 end
Average processing time of GrabImageRGBD(): 13.3797ms
Frame 432 end
Average processing time of GrabImageRGBD(): 13.3854ms
Frame 433 end
Average processing time of GrabImageRGBD(): 13.3884ms
Frame 434 end
Average processing time of GrabImageRGBD(): 13.4424ms
Frame 435 end
Average processing time of GrabImageRGBD(): 13.4457ms
Frame 436 end
Average processing time of GrabImageRGBD(): 13.4432ms
Frame 437 end
Average processing time of GrabImageRGBD(): 13.4471ms
Frame 438 end
Average processing time of GrabImageRGBD(): 13.456ms
Frame 439 end
Average processing time of GrabImageRGBD(): 13.4649ms
Frame 440 end
Average processing time of GrabImageRGBD(): 13.5192ms
Frame 441 end
Average processing time of GrabImageRGBD(): 13.5268ms
Frame 442 end
Average processing time of GrabImageRGBD(): 13.5444ms
Frame 443 end
Average processing time of GrabImageRGBD(): 13.5466ms
Frame 444 end
Average processing time of GrabImageRGBD(): 13.6048ms
Frame 445 end
Average processing time of GrabImageRGBD(): 13.6181ms
Frame 446 end
Average processing time of GrabImageRGBD(): 13.6305ms
Frame 447 end
Average processing time of GrabImageRGBD(): 13.6824ms
Frame 448 end
Average processing time of GrabImageRGBD(): 13.6944ms
Frame 449 end
Average processing time of GrabImageRGBD(): 13.7506ms
Frame 450 end
Average processing time of GrabImageRGBD(): 13.7599ms
Frame 451 end
Average processing time of GrabImageRGBD(): 13.7668ms
Frame 452 end
Average processing time of GrabImageRGBD(): 13.7701ms
Frame 453 end
Average processing time of GrabImageRGBD(): 13.7694ms
Frame 454 end
Average processing time of GrabImageRGBD(): 13.7683ms
Frame 455 end
Average processing time of GrabImageRGBD(): 13.8159ms
Frame 456 end
Average processing time of GrabImageRGBD(): 13.8221ms
Frame 457 end
Average processing time of GrabImageRGBD(): 13.8282ms
Frame 458 end
Average processing time of GrabImageRGBD(): 13.8293ms
Frame 459 end
Average processing time of GrabImageRGBD(): 13.842ms
Frame 460 end
Average processing time of GrabImageRGBD(): 13.8914ms
Frame 461 end
Average processing time of GrabImageRGBD(): 13.8923ms
Frame 462 end
Average processing time of GrabImageRGBD(): 13.8925ms
Frame 463 end
Average processing time of GrabImageRGBD(): 13.8933ms
Frame 464 end
Average processing time of GrabImageRGBD(): 13.9041ms
Frame 465 end
Average processing time of GrabImageRGBD(): 13.9038ms
Frame 466 end
Average processing time of GrabImageRGBD(): 13.9026ms
Frame 467 end
Average processing time of GrabImageRGBD(): 13.9081ms
Frame 468 end
Average processing time of GrabImageRGBD(): 13.907ms
Frame 469 end
Average processing time of GrabImageRGBD(): 13.9537ms
Frame 470 end
Average processing time of GrabImageRGBD(): 13.9568ms
Frame 471 end
Average processing time of GrabImageRGBD(): 13.9562ms
Frame 472 end
Average processing time of GrabImageRGBD(): 13.959ms
Frame 473 end
Average processing time of GrabImageRGBD(): 13.9622ms
Frame 474 end
Average processing time of GrabImageRGBD(): 13.9626ms
Frame 475 end
Average processing time of GrabImageRGBD(): 13.9615ms
Frame 476 end
Average processing time of GrabImageRGBD(): 13.9582ms
Frame 477 end
Average processing time of GrabImageRGBD(): 13.9555ms
Frame 478 end
Average processing time of GrabImageRGBD(): 13.9478ms
Frame 479 end
Average processing time of GrabImageRGBD(): 13.9443ms
Frame 480 end
Average processing time of GrabImageRGBD(): 13.9427ms
Frame 481 end
Average processing time of GrabImageRGBD(): 13.9368ms
Frame 482 end
Average processing time of GrabImageRGBD(): 13.9338ms
Frame 483 end
Average processing time of GrabImageRGBD(): 13.9326ms
Frame 484 end
Average processing time of GrabImageRGBD(): 13.9282ms
Frame 485 end
Average processing time of GrabImageRGBD(): 13.9246ms
Frame 486 end
Average processing time of GrabImageRGBD(): 13.9209ms
Frame 487 end
Average processing time of GrabImageRGBD(): 13.9084ms
Frame 488 end
Average processing time of GrabImageRGBD(): 13.9079ms
Frame 489 end
Average processing time of GrabImageRGBD(): 13.9037ms
Frame 490 end
Average processing time of GrabImageRGBD(): 13.9002ms
Frame 491 end
Average processing time of GrabImageRGBD(): 13.8944ms
Frame 492 end
Average processing time of GrabImageRGBD(): 13.8836ms
Frame 493 end
Average processing time of GrabImageRGBD(): 13.8806ms
Frame 494 end
Average processing time of GrabImageRGBD(): 13.8741ms
Frame 495 end
Average processing time of GrabImageRGBD(): 13.9183ms
Frame 496 end
Average processing time of GrabImageRGBD(): 13.9141ms
Frame 497 end
Average processing time of GrabImageRGBD(): 13.9072ms
Frame 498 end
Average processing time of GrabImageRGBD(): 13.9079ms
Frame 499 end
Average processing time of GrabImageRGBD(): 13.9064ms
Frame 500 end
Average processing time of GrabImageRGBD(): 13.9026ms
Frame 501 end
Average processing time of GrabImageRGBD(): 13.8961ms
Frame 502 end
Average processing time of GrabImageRGBD(): 13.8928ms
Frame 503 end
Average processing time of GrabImageRGBD(): 13.8889ms
Frame 504 end
Average processing time of GrabImageRGBD(): 13.878ms
Frame 505 end
Average processing time of GrabImageRGBD(): 13.9135ms
Frame 506 end
Average processing time of GrabImageRGBD(): 13.9074ms
Frame 507 end
Average processing time of GrabImageRGBD(): 13.9116ms
Frame 508 end
Average processing time of GrabImageRGBD(): 13.9107ms
Frame 509 end
Average processing time of GrabImageRGBD(): 13.9085ms
Frame 510 end
Average processing time of GrabImageRGBD(): 13.9103ms
Frame 511 end
Average processing time of GrabImageRGBD(): 13.9138ms
Frame 512 end
Average processing time of GrabImageRGBD(): 13.9542ms
Frame 513 end
Average processing time of GrabImageRGBD(): 13.9544ms
Frame 514 end
Average processing time of GrabImageRGBD(): 13.9534ms
Frame 515 end
Average processing time of GrabImageRGBD(): 13.9523ms
Frame 516 end
Average processing time of GrabImageRGBD(): 13.9517ms
Frame 517 end
Average processing time of GrabImageRGBD(): 13.9513ms
Frame 518 end
Average processing time of GrabImageRGBD(): 13.9588ms
Frame 519 end
Average processing time of GrabImageRGBD(): 13.9577ms
Frame 520 end
Average processing time of GrabImageRGBD(): 14.0033ms
Frame 521 end
Average processing time of GrabImageRGBD(): 14.004ms
Frame 522 end
Average processing time of GrabImageRGBD(): 14.0084ms
Frame 523 end
Average processing time of GrabImageRGBD(): 14.0092ms
Frame 524 end
Average processing time of GrabImageRGBD(): 14.0087ms
Frame 525 end
Average processing time of GrabImageRGBD(): 14.0149ms
Frame 526 end
Average processing time of GrabImageRGBD(): 14.0115ms
Frame 527 end
Average processing time of GrabImageRGBD(): 14.0535ms
Frame 528 end
Average processing time of GrabImageRGBD(): 14.0544ms
Frame 529 end
Average processing time of GrabImageRGBD(): 14.0604ms
Frame 530 end
Average processing time of GrabImageRGBD(): 14.0605ms
Frame 531 end
Average processing time of GrabImageRGBD(): 14.0621ms
Frame 532 end
Average processing time of GrabImageRGBD(): 14.0611ms
Frame 533 end
Average processing time of GrabImageRGBD(): 14.0666ms
Frame 534 end
Average processing time of GrabImageRGBD(): 14.1004ms
Frame 535 end
Average processing time of GrabImageRGBD(): 14.108ms
Frame 536 end
Average processing time of GrabImageRGBD(): 14.1118ms
Frame 537 end
Average processing time of GrabImageRGBD(): 14.12ms
Frame 538 end
Average processing time of GrabImageRGBD(): 14.1247ms
Frame 539 end
Average processing time of GrabImageRGBD(): 14.129ms
Frame 540 end
Average processing time of GrabImageRGBD(): 14.1324ms
Frame 541 end
Average processing time of GrabImageRGBD(): 14.1727ms
Frame 542 end
Average processing time of GrabImageRGBD(): 14.1788ms
Frame 543 end
Average processing time of GrabImageRGBD(): 14.1782ms
Frame 544 end
Average processing time of GrabImageRGBD(): 14.1844ms
Frame 545 end
Average processing time of GrabImageRGBD(): 14.1866ms
Frame 546 end
Average processing time of GrabImageRGBD(): 14.1901ms
Frame 547 end
Average processing time of GrabImageRGBD(): 14.2271ms
Frame 548 end
Average processing time of GrabImageRGBD(): 14.2264ms
Frame 549 end
Average processing time of GrabImageRGBD(): 14.2303ms
Frame 550 end
Average processing time of GrabImageRGBD(): 14.2347ms
Frame 551 end
Average processing time of GrabImageRGBD(): 14.2349ms
Frame 552 end
Average processing time of GrabImageRGBD(): 14.2394ms
Frame 553 end
Average processing time of GrabImageRGBD(): 14.2355ms
Frame 554 end
Average processing time of GrabImageRGBD(): 14.2705ms
Frame 555 end
Average processing time of GrabImageRGBD(): 14.2787ms
Frame 556 end
Average processing time of GrabImageRGBD(): 14.2793ms
Frame 557 end
Average processing time of GrabImageRGBD(): 14.2794ms
Frame 558 end
Average processing time of GrabImageRGBD(): 14.2814ms
Frame 559 end
Average processing time of GrabImageRGBD(): 14.2867ms
Frame 560 end
Average processing time of GrabImageRGBD(): 14.2839ms
Frame 561 end
Average processing time of GrabImageRGBD(): 14.3251ms
Frame 562 end
Average processing time of GrabImageRGBD(): 14.3266ms
Frame 563 end
Average processing time of GrabImageRGBD(): 14.3303ms
Frame 564 end
Average processing time of GrabImageRGBD(): 14.3362ms
Frame 565 end
Average processing time of GrabImageRGBD(): 14.3337ms
Frame 566 end
Average processing time of GrabImageRGBD(): 14.3364ms
Frame 567 end
Average processing time of GrabImageRGBD(): 14.3363ms
Frame 568 end
Average processing time of GrabImageRGBD(): 14.374ms
Frame 569 end
Average processing time of GrabImageRGBD(): 14.3617ms
Frame 570 end
Average processing time of GrabImageRGBD(): 14.3412ms
Frame 571 end
Average processing time of GrabImageRGBD(): 14.3504ms
Frame 572 end
Average processing time of GrabImageRGBD(): 14.3531ms
Frame 573 end
Average processing time of GrabImageRGBD(): 14.359ms
Frame 574 end
Average processing time of GrabImageRGBD(): 14.3976ms
Frame 575 end
Average processing time of GrabImageRGBD(): 14.4062ms
Frame 576 end
Average processing time of GrabImageRGBD(): 14.4165ms
Frame 577 end
Average processing time of GrabImageRGBD(): 14.4208ms
Frame 578 end
Average processing time of GrabImageRGBD(): 14.4231ms
Frame 579 end
Average processing time of GrabImageRGBD(): 14.4265ms
Frame 580 end
Average processing time of GrabImageRGBD(): 14.4678ms
Frame 581 end
Average processing time of GrabImageRGBD(): 14.4691ms
Frame 582 end
Average processing time of GrabImageRGBD(): 14.4759ms
Frame 583 end
Average processing time of GrabImageRGBD(): 14.484ms
Frame 584 end
Average processing time of GrabImageRGBD(): 14.4829ms
Frame 585 end
Average processing time of GrabImageRGBD(): 14.52ms
Frame 586 end
Average processing time of GrabImageRGBD(): 14.5296ms
Frame 587 end
Average processing time of GrabImageRGBD(): 14.5374ms
Frame 588 end
Average processing time of GrabImageRGBD(): 14.5423ms
Frame 589 end
Average processing time of GrabImageRGBD(): 14.5522ms
Frame 590 end
Average processing time of GrabImageRGBD(): 14.5901ms
Frame 591 end
Average processing time of GrabImageRGBD(): 14.5922ms
Frame 592 end
Average processing time of GrabImageRGBD(): 14.5938ms
Frame 593 end
Average processing time of GrabImageRGBD(): 14.5976ms
Frame 594 end
Average processing time of GrabImageRGBD(): 14.6033ms
Frame 595 end
Average processing time of GrabImageRGBD(): 14.6019ms
Frame 596 end
Average processing time of GrabImageRGBD(): 14.6363ms
Frame 597 end
Average processing time of GrabImageRGBD(): 14.6401ms
Frame 598 end
Average processing time of GrabImageRGBD(): 14.6474ms
Frame 599 end
Average processing time of GrabImageRGBD(): 14.6515ms
Frame 600 end
Average processing time of GrabImageRGBD(): 14.6507ms
Frame 601 end
Average processing time of GrabImageRGBD(): 14.6606ms
Frame 602 end
Average processing time of GrabImageRGBD(): 14.6935ms
Frame 603 end
Average processing time of GrabImageRGBD(): 14.6947ms
Frame 604 end
Average processing time of GrabImageRGBD(): 14.6993ms
Frame 605 end
Average processing time of GrabImageRGBD(): 14.7055ms
Frame 606 end
Average processing time of GrabImageRGBD(): 14.7049ms
Frame 607 end
Average processing time of GrabImageRGBD(): 14.7034ms
Frame 608 end
Average processing time of GrabImageRGBD(): 14.7096ms
Frame 609 end
Average processing time of GrabImageRGBD(): 14.712ms
Frame 610 end
Average processing time of GrabImageRGBD(): 14.7572ms
Frame 611 end
Average processing time of GrabImageRGBD(): 14.7628ms
Frame 612 end
Average processing time of GrabImageRGBD(): 14.7746ms
Frame 613 end
Average processing time of GrabImageRGBD(): 14.7836ms
Frame 614 end
Average processing time of GrabImageRGBD(): 14.7885ms
Frame 615 end
Average processing time of GrabImageRGBD(): 14.7907ms
Frame 616 end
Average processing time of GrabImageRGBD(): 14.8285ms
Frame 617 end
Average processing time of GrabImageRGBD(): 14.8351ms
Frame 618 end
Average processing time of GrabImageRGBD(): 14.8424ms
Frame 619 end
Average processing time of GrabImageRGBD(): 14.8446ms
Frame 620 end
Average processing time of GrabImageRGBD(): 14.8519ms
Frame 621 end
Average processing time of GrabImageRGBD(): 14.8544ms
Frame 622 end
Average processing time of GrabImageRGBD(): 14.8598ms
Frame 623 end
Average processing time of GrabImageRGBD(): 14.8934ms
Frame 624 end
Average processing time of GrabImageRGBD(): 14.9005ms
Frame 625 end
Average processing time of GrabImageRGBD(): 14.9046ms
Frame 626 end
Average processing time of GrabImageRGBD(): 14.9113ms
Frame 627 end
Average processing time of GrabImageRGBD(): 14.9133ms
Frame 628 end
Average processing time of GrabImageRGBD(): 14.9163ms
Frame 629 end
Average processing time of GrabImageRGBD(): 14.9137ms
Frame 630 end
Average processing time of GrabImageRGBD(): 14.9083ms
Frame 631 end
Average processing time of GrabImageRGBD(): 14.9393ms
Frame 632 end
Average processing time of GrabImageRGBD(): 14.9364ms
Frame 633 end
Average processing time of GrabImageRGBD(): 14.9337ms
Frame 634 end
Average processing time of GrabImageRGBD(): 14.9314ms
Frame 635 end
Average processing time of GrabImageRGBD(): 14.9273ms
Frame 636 end
Average processing time of GrabImageRGBD(): 14.9216ms
Frame 637 end
Average processing time of GrabImageRGBD(): 14.9178ms
Frame 638 end
Average processing time of GrabImageRGBD(): 14.9117ms
Frame 639 end
Average processing time of GrabImageRGBD(): 14.9092ms
Frame 640 end
Average processing time of GrabImageRGBD(): 14.94ms
Frame 641 end
Average processing time of GrabImageRGBD(): 14.9411ms
Frame 642 end
Average processing time of GrabImageRGBD(): 14.937ms
Frame 643 end
Average processing time of GrabImageRGBD(): 14.9304ms
Frame 644 end
Average processing time of GrabImageRGBD(): 14.9252ms
Frame 645 end
Average processing time of GrabImageRGBD(): 14.9217ms
Frame 646 end
Average processing time of GrabImageRGBD(): 14.9184ms
Frame 647 end
Average processing time of GrabImageRGBD(): 14.9088ms
Frame 648 end
Average processing time of GrabImageRGBD(): 14.903ms
Frame 649 end
Average processing time of GrabImageRGBD(): 14.9345ms
Frame 650 end
Average processing time of GrabImageRGBD(): 14.931ms
Frame 651 end
Average processing time of GrabImageRGBD(): 14.9244ms
Frame 652 end
Average processing time of GrabImageRGBD(): 14.9217ms
Frame 653 end
Average processing time of GrabImageRGBD(): 14.9132ms
Frame 654 end
Average processing time of GrabImageRGBD(): 14.909ms
Frame 655 end
Average processing time of GrabImageRGBD(): 14.9047ms
Frame 656 end
Average processing time of GrabImageRGBD(): 14.8957ms
Frame 657 end
Average processing time of GrabImageRGBD(): 14.9215ms
Frame 658 end
Average processing time of GrabImageRGBD(): 14.9195ms
Frame 659 end
Average processing time of GrabImageRGBD(): 14.9153ms
Frame 660 end
Average processing time of GrabImageRGBD(): 14.9124ms
Frame 661 end
Average processing time of GrabImageRGBD(): 14.9072ms
Frame 662 end
Average processing time of GrabImageRGBD(): 14.9031ms
Frame 663 end
Average processing time of GrabImageRGBD(): 14.8993ms
Frame 664 end
Average processing time of GrabImageRGBD(): 14.8959ms
Frame 665 end
Average processing time of GrabImageRGBD(): 14.8903ms
Frame 666 end
Average processing time of GrabImageRGBD(): 14.9204ms
Frame 667 end
Average processing time of GrabImageRGBD(): 14.9184ms
Frame 668 end
Average processing time of GrabImageRGBD(): 14.9146ms
Frame 669 end
Average processing time of GrabImageRGBD(): 14.9055ms
Frame 670 end
Average processing time of GrabImageRGBD(): 14.9021ms
Frame 671 end
Average processing time of GrabImageRGBD(): 14.8974ms
Frame 672 end
Average processing time of GrabImageRGBD(): 14.8917ms
Frame 673 end
Average processing time of GrabImageRGBD(): 14.8891ms
Frame 674 end
Average processing time of GrabImageRGBD(): 14.904ms
Frame 675 end
Average processing time of GrabImageRGBD(): 14.9351ms
Frame 676 end
Average processing time of GrabImageRGBD(): 14.9351ms
Frame 677 end
Average processing time of GrabImageRGBD(): 14.9319ms
Frame 678 end
Average processing time of GrabImageRGBD(): 14.929ms
Frame 679 end
Average processing time of GrabImageRGBD(): 14.9288ms
Frame 680 end
Average processing time of GrabImageRGBD(): 14.9278ms
Frame 681 end
Average processing time of GrabImageRGBD(): 14.9236ms
Frame 682 end
Average processing time of GrabImageRGBD(): 14.9206ms
Frame 683 end
Average processing time of GrabImageRGBD(): 14.9176ms
Frame 684 end
Average processing time of GrabImageRGBD(): 14.912ms
Frame 685 end
Average processing time of GrabImageRGBD(): 14.9089ms
Frame 686 end
Average processing time of GrabImageRGBD(): 14.9058ms
Frame 687 end
Average processing time of GrabImageRGBD(): 14.8985ms
Frame 688 end
Average processing time of GrabImageRGBD(): 14.8935ms
Frame 689 end
Average processing time of GrabImageRGBD(): 14.8839ms
Frame 690 end
Average processing time of GrabImageRGBD(): 14.8727ms
Frame 691 end
Average processing time of GrabImageRGBD(): 14.9008ms
Frame 692 end
Average processing time of GrabImageRGBD(): 14.8936ms
Frame 693 end
Average processing time of GrabImageRGBD(): 14.8791ms
Frame 694 end
Average processing time of GrabImageRGBD(): 14.8733ms
Frame 695 end
Average processing time of GrabImageRGBD(): 14.8653ms
Frame 696 end
Average processing time of GrabImageRGBD(): 14.8619ms
Frame 697 end
Average processing time of GrabImageRGBD(): 14.8536ms
Frame 698 end
Average processing time of GrabImageRGBD(): 14.8435ms
Frame 699 end
Average processing time of GrabImageRGBD(): 14.837ms
Frame 700 end
Average processing time of GrabImageRGBD(): 14.8686ms
Frame 701 end
Average processing time of GrabImageRGBD(): 14.867ms
Frame 702 end
Average processing time of GrabImageRGBD(): 14.8604ms
Frame 703 end
Average processing time of GrabImageRGBD(): 14.8586ms
Frame 704 end
Average processing time of GrabImageRGBD(): 14.8552ms
Frame 705 end
Average processing time of GrabImageRGBD(): 14.8533ms
Frame 706 end
Average processing time of GrabImageRGBD(): 14.8478ms
Frame 707 end
Average processing time of GrabImageRGBD(): 14.8463ms
Frame 708 end
Average processing time of GrabImageRGBD(): 14.8783ms
Frame 709 end
Average processing time of GrabImageRGBD(): 14.8752ms
Frame 710 end
Average processing time of GrabImageRGBD(): 14.8754ms
Frame 711 end
Average processing time of GrabImageRGBD(): 14.8729ms
Frame 712 end
Average processing time of GrabImageRGBD(): 14.873ms
Frame 713 end
Average processing time of GrabImageRGBD(): 14.9092ms
Frame 714 end
Average processing time of GrabImageRGBD(): 14.9121ms
Frame 715 end
Average processing time of GrabImageRGBD(): 14.9422ms
Frame 716 end
Average processing time of GrabImageRGBD(): 14.9665ms
Frame 717 end
Average processing time of GrabImageRGBD(): 14.986ms
Frame 718 end
Average processing time of GrabImageRGBD(): 14.9739ms
Frame 719 end
Average processing time of GrabImageRGBD(): 14.9933ms
Frame 720 end
Average processing time of GrabImageRGBD(): 14.9812ms
Frame 721 end
Average processing time of GrabImageRGBD(): 14.9653ms
Frame 722 end
Average processing time of GrabImageRGBD(): 14.9551ms
Frame 723 end
Average processing time of GrabImageRGBD(): 14.9837ms
Frame 724 end
Average processing time of GrabImageRGBD(): 14.9857ms
Frame 725 end
Average processing time of GrabImageRGBD(): 14.9846ms
Frame 726 end
Average processing time of GrabImageRGBD(): 14.9826ms
Frame 727 end
Average processing time of GrabImageRGBD(): 14.9804ms
Frame 728 end
Average processing time of GrabImageRGBD(): 14.9772ms
Frame 729 end
Average processing time of GrabImageRGBD(): 15.0045ms
Frame 730 end
Average processing time of GrabImageRGBD(): 15.004ms
Frame 731 end
Average processing time of GrabImageRGBD(): 14.9953ms
Frame 732 end
Average processing time of GrabImageRGBD(): 14.9976ms
Frame 733 end
Average processing time of GrabImageRGBD(): 14.9977ms
Frame 734 end
Average processing time of GrabImageRGBD(): 14.9974ms
Frame 735 end
Average processing time of GrabImageRGBD(): 14.9993ms
Frame 736 end
Average processing time of GrabImageRGBD(): 14.9976ms
Frame 737 end
Average processing time of GrabImageRGBD(): 14.9975ms
Frame 738 end
Average processing time of GrabImageRGBD(): 15.0249ms
Frame 739 end
Average processing time of GrabImageRGBD(): 15.0283ms
Frame 740 end
Average processing time of GrabImageRGBD(): 15.0309ms
Frame 741 end
Average processing time of GrabImageRGBD(): 15.0331ms
Frame 742 end
Average processing time of GrabImageRGBD(): 15.0503ms
Frame 743 end
Average processing time of GrabImageRGBD(): 15.0426ms
Frame 744 end
Average processing time of GrabImageRGBD(): 15.0418ms
Frame 745 end
Average processing time of GrabImageRGBD(): 15.0464ms
Frame 746 end
Average processing time of GrabImageRGBD(): 15.0469ms
Frame 747 end
Average processing time of GrabImageRGBD(): 15.0873ms
Frame 748 end
Average processing time of GrabImageRGBD(): 15.0866ms
Frame 749 end
Average processing time of GrabImageRGBD(): 15.0852ms
Frame 750 end
Average processing time of GrabImageRGBD(): 15.0799ms
Frame 751 end
Average processing time of GrabImageRGBD(): 15.0801ms
Frame 752 end
Average processing time of GrabImageRGBD(): 15.0782ms
Frame 753 end
Average processing time of GrabImageRGBD(): 15.0733ms
Frame 754 end
Average processing time of GrabImageRGBD(): 15.0702ms
Frame 755 end
Average processing time of GrabImageRGBD(): 15.0652ms
Frame 756 end
Average processing time of GrabImageRGBD(): 15.0582ms
Frame 757 end
Average processing time of GrabImageRGBD(): 15.054ms
Frame 758 end
Average processing time of GrabImageRGBD(): 15.049ms
Frame 759 end
Average processing time of GrabImageRGBD(): 15.0458ms
Frame 760 end
Average processing time of GrabImageRGBD(): 15.0719ms
Frame 761 end
Average processing time of GrabImageRGBD(): 15.0698ms
Frame 762 end
Average processing time of GrabImageRGBD(): 15.0647ms
Frame 763 end
Average processing time of GrabImageRGBD(): 15.0598ms
Frame 764 end
Average processing time of GrabImageRGBD(): 15.0541ms
Frame 765 end
Average processing time of GrabImageRGBD(): 15.0512ms
Frame 766 end
Average processing time of GrabImageRGBD(): 15.0457ms
Frame 767 end
Average processing time of GrabImageRGBD(): 15.0428ms
Frame 768 end
Average processing time of GrabImageRGBD(): 15.0399ms
Frame 769 end
Average processing time of GrabImageRGBD(): 15.0637ms
Frame 770 end
Average processing time of GrabImageRGBD(): 15.061ms
Frame 771 end
Average processing time of GrabImageRGBD(): 15.0543ms
Frame 772 end
Average processing time of GrabImageRGBD(): 15.0493ms
Frame 773 end
Average processing time of GrabImageRGBD(): 15.0453ms
Frame 774 end
Average processing time of GrabImageRGBD(): 15.0401ms
Frame 775 end
Average processing time of GrabImageRGBD(): 15.0362ms
Frame 776 end
Average processing time of GrabImageRGBD(): 15.0312ms
Frame 777 end
Average processing time of GrabImageRGBD(): 15.0292ms
Frame 778 end
Average processing time of GrabImageRGBD(): 15.024ms
Frame 779 end
Average processing time of GrabImageRGBD(): 15.0492ms
Frame 780 end
Average processing time of GrabImageRGBD(): 15.0441ms
Frame 781 end
Average processing time of GrabImageRGBD(): 15.0397ms
Frame 782 end
Average processing time of GrabImageRGBD(): 15.0333ms
Frame 783 end
Average processing time of GrabImageRGBD(): 15.0298ms
Frame 784 end
Average processing time of GrabImageRGBD(): 15.0276ms
Frame 785 end
Average processing time of GrabImageRGBD(): 15.0244ms
Frame 786 end
Average processing time of GrabImageRGBD(): 15.0169ms
Frame 787 end
Average processing time of GrabImageRGBD(): 15.0135ms
Frame 788 end
Average processing time of GrabImageRGBD(): 15.0109ms
Frame 789 end
Average processing time of GrabImageRGBD(): 15.0349ms
Frame 790 end
Average processing time of GrabImageRGBD(): 15.0334ms
Frame 791 end
Average processing time of GrabImageRGBD(): 15.0316ms
Frame 792 end
Average processing time of GrabImageRGBD(): 15.0325ms
Frame 793 end
Average processing time of GrabImageRGBD(): 15.0261ms
Frame 794 end
Average processing time of GrabImageRGBD(): 15.0236ms
Frame 795 end
Average processing time of GrabImageRGBD(): 15.0219ms
Frame 796 end
Average processing time of GrabImageRGBD(): 15.0171ms
Frame 797 end
