
ORB-SLAM3 Copyright (C) 2017-2020 Carlos Campos, Richard Elvira, Juan J. Gómez, José M.M. Montiel and Juan D. Tardós, University of Zaragoza.
ORB-SLAM2 Copyright (C) 2014-2016 Raúl Mur-Artal, José M.M. Montiel and Juan D. Tardós, University of Zaragoza.
This program comes with ABSOLUTELY NO WARRANTY;
This is free software, and you are welcome to redistribute it
under certain conditions. See LICENSE.txt.

Input sensor was set to: RGB-D
Loading settings from /home/bingxin/Downloads/NGD-SLAM/Examples/RGB-D/Bonn.yaml
Camera1.k3 optional parameter does not exist...
	-Loaded camera 1
Camera.newHeight optional parameter does not exist...
Camera.newWidth optional parameter does not exist...
	-Loaded image info
	-Loaded RGB-D calibration
	-Loaded ORB settings
Viewer.imageViewScale optional parameter does not exist...
	-Loaded viewer settings
System.LoadAtlasFromFile optional parameter does not exist...
System.SaveAtlasToFile optional parameter does not exist...
	-Loaded Atlas settings
System.thFarPoints optional parameter does not exist...
	-Loaded misc parameters
----------------------------------
SLAM settings: 
	-Camera 1 parameters (Pinhole): [ 542.823 542.577 315.594 237.756 ]
	-Camera 1 distortion parameters: [  0.039903 -0.099343 -0.00073 -0.000144 ]
	-Original image size: [ 640 , 480 ]
	-Current image size: [ 640 , 480 ]
	-Sequence FPS: 30
	-RGB-D depth map factor: 5000
	-Features per image: 1000
	-ORB scale factor: 1.2
	-ORB number of scales: 8
	-Initial FAST threshold: 20
	-Min FAST threshold: 7


Loading ORB Vocabulary. This could take a while...
Vocabulary loaded!

Initialization of Atlas from scratch 
Creation of new map with id: 0
Creation of new map with last KF id: 0
Seq. Name: 
There are 1 cameras in the atlas
Camera 0 is pinhole
Net use yolo-fastest

-------
Start processing sequence ...
Images in the sequence: 927

First KF:0; Map init KF:0
New Map created with 875 points
Average processing time of GrabImageRGBD(): 46.9373ms
Frame 0 end
Average processing time of GrabImageRGBD(): 36.4824ms
Frame 1 end
Average processing time of GrabImageRGBD(): 33.7088ms
Frame 2 end
Average processing time of GrabImageRGBD(): 28.2033ms
Frame 3 end
Average processing time of GrabImageRGBD(): 24.7567ms
Frame 4 end
Average processing time of GrabImageRGBD(): 22.4536ms
Frame 5 end
Average processing time of GrabImageRGBD(): 19.7415ms
Frame 6 end
Starting the Viewer
Average processing time of GrabImageRGBD(): 17.7309ms
Frame 7 end
Average processing time of GrabImageRGBD(): 16.8955ms
Frame 8 end
Average processing time of GrabImageRGBD(): 16.0544ms
Frame 9 end
Average processing time of GrabImageRGBD(): 14.9392ms
Frame 10 end
Average processing time of GrabImageRGBD(): 14.557ms
Frame 11 end
Average processing time of GrabImageRGBD(): 14.2742ms
Frame 12 end
Average processing time of GrabImageRGBD(): 13.4528ms
Frame 13 end
Average processing time of GrabImageRGBD(): 13.2165ms
Frame 14 end
Average processing time of GrabImageRGBD(): 13.0129ms
Frame 15 end
Average processing time of GrabImageRGBD(): 12.4239ms
Frame 16 end
Average processing time of GrabImageRGBD(): 12.1025ms
Frame 17 end
Average processing time of GrabImageRGBD(): 12.7564ms
Frame 18 end
Average processing time of GrabImageRGBD(): 12.5872ms
Frame 19 end
Average processing time of GrabImageRGBD(): 12.1071ms
Frame 20 end
Average processing time of GrabImageRGBD(): 11.7057ms
Frame 21 end
Average processing time of GrabImageRGBD(): 11.5358ms
Frame 22 end
Average processing time of GrabImageRGBD(): 11.3868ms
Frame 23 end
Average processing time of GrabImageRGBD(): 11.2545ms
Frame 24 end
Average processing time of GrabImageRGBD(): 11.0954ms
Frame 25 end
Average processing time of GrabImageRGBD(): 11.5957ms
Frame 26 end
Average processing time of GrabImageRGBD(): 11.3093ms
Frame 27 end
Average processing time of GrabImageRGBD(): 11.0073ms
Frame 28 end
Average processing time of GrabImageRGBD(): 10.8912ms
Frame 29 end
Average processing time of GrabImageRGBD(): 10.7867ms
Frame 30 end
Average processing time of GrabImageRGBD(): 10.5522ms
Frame 31 end
Average processing time of GrabImageRGBD(): 10.4251ms
Frame 32 end
Average processing time of GrabImageRGBD(): 10.937ms
Frame 33 end
Average processing time of GrabImageRGBD(): 10.7323ms
Frame 34 end
Average processing time of GrabImageRGBD(): 10.5141ms
Frame 35 end
Average processing time of GrabImageRGBD(): 10.4619ms
Frame 36 end
Average processing time of GrabImageRGBD(): 10.3788ms
Frame 37 end
Average processing time of GrabImageRGBD(): 10.3342ms
Frame 38 end
Average processing time of GrabImageRGBD(): 10.2755ms
Frame 39 end
Average processing time of GrabImageRGBD(): 10.1033ms
Frame 40 end
Average processing time of GrabImageRGBD(): 10.0145ms
Frame 41 end
Average processing time of GrabImageRGBD(): 9.90915ms
Frame 42 end
Average processing time of GrabImageRGBD(): 9.86577ms
Frame 43 end
Average processing time of GrabImageRGBD(): 9.75604ms
Frame 44 end
Average processing time of GrabImageRGBD(): 9.71351ms
Frame 45 end
Average processing time of GrabImageRGBD(): 9.68051ms
Frame 46 end
Average processing time of GrabImageRGBD(): 9.64182ms
Frame 47 end
Average processing time of GrabImageRGBD(): 10.0098ms
Frame 48 end
Average processing time of GrabImageRGBD(): 9.98479ms
Frame 49 end
Average processing time of GrabImageRGBD(): 9.92632ms
Frame 50 end
Average processing time of GrabImageRGBD(): 9.79909ms
Frame 51 end
Average processing time of GrabImageRGBD(): 9.77763ms
Frame 52 end
Average processing time of GrabImageRGBD(): 9.72586ms
Frame 53 end
Average processing time of GrabImageRGBD(): 9.70318ms
Frame 54 end
Average processing time of GrabImageRGBD(): 9.61329ms
Frame 55 end
Average processing time of GrabImageRGBD(): 9.59073ms
Frame 56 end
Average processing time of GrabImageRGBD(): 9.50468ms
Frame 57 end
Average processing time of GrabImageRGBD(): 9.82399ms
Frame 58 end
Average processing time of GrabImageRGBD(): 9.83698ms
Frame 59 end
Average processing time of GrabImageRGBD(): 10.1027ms
Frame 60 end
Average processing time of GrabImageRGBD(): 10.0514ms
Frame 61 end
Average processing time of GrabImageRGBD(): 9.94265ms
Frame 62 end
Average processing time of GrabImageRGBD(): 9.93777ms
Frame 63 end
Average processing time of GrabImageRGBD(): 9.93166ms
Frame 64 end
Average processing time of GrabImageRGBD(): 9.93735ms
Frame 65 end
Average processing time of GrabImageRGBD(): 9.9069ms
Frame 66 end
Average processing time of GrabImageRGBD(): 9.89917ms
Frame 67 end
Average processing time of GrabImageRGBD(): 9.80332ms
Frame 68 end
Average processing time of GrabImageRGBD(): 9.80513ms
Frame 69 end
Average processing time of GrabImageRGBD(): 9.80327ms
Frame 70 end
Average processing time of GrabImageRGBD(): 9.78684ms
Frame 71 end
Average processing time of GrabImageRGBD(): 9.70136ms
Frame 72 end
Average processing time of GrabImageRGBD(): 9.69089ms
Frame 73 end
Average processing time of GrabImageRGBD(): 9.94898ms
Frame 74 end
Average processing time of GrabImageRGBD(): 9.87149ms
Frame 75 end
Average processing time of GrabImageRGBD(): 9.78265ms
Frame 76 end
Average processing time of GrabImageRGBD(): 9.69888ms
Frame 77 end
Average processing time of GrabImageRGBD(): 9.68824ms
Frame 78 end
Average processing time of GrabImageRGBD(): 9.68059ms
Frame 79 end
Average processing time of GrabImageRGBD(): 9.66856ms
Frame 80 end
Average processing time of GrabImageRGBD(): 9.59081ms
Frame 81 end
Average processing time of GrabImageRGBD(): 9.53236ms
Frame 82 end
Average processing time of GrabImageRGBD(): 9.52201ms
Frame 83 end
Average processing time of GrabImageRGBD(): 9.50241ms
Frame 84 end
Average processing time of GrabImageRGBD(): 9.44733ms
Frame 85 end
Average processing time of GrabImageRGBD(): 9.37793ms
Frame 86 end
Average processing time of GrabImageRGBD(): 9.31964ms
Frame 87 end
Average processing time of GrabImageRGBD(): 9.25156ms
Frame 88 end
Average processing time of GrabImageRGBD(): 9.24218ms
Frame 89 end
Average processing time of GrabImageRGBD(): 9.44633ms
Frame 90 end
Average processing time of GrabImageRGBD(): 9.43995ms
Frame 91 end
Average processing time of GrabImageRGBD(): 9.36907ms
Frame 92 end
Average processing time of GrabImageRGBD(): 9.35865ms
Frame 93 end
Average processing time of GrabImageRGBD(): 9.29767ms
Frame 94 end
Average processing time of GrabImageRGBD(): 9.29195ms
Frame 95 end
Average processing time of GrabImageRGBD(): 9.27625ms
Frame 96 end
Average processing time of GrabImageRGBD(): 9.26589ms
Frame 97 end
Average processing time of GrabImageRGBD(): 9.4554ms
Frame 98 end
Average processing time of GrabImageRGBD(): 9.45576ms
Frame 99 end
Average processing time of GrabImageRGBD(): 9.45044ms
Frame 100 end
Average processing time of GrabImageRGBD(): 9.44118ms
Frame 101 end
Average processing time of GrabImageRGBD(): 9.43144ms
Frame 102 end
Average processing time of GrabImageRGBD(): 9.37277ms
Frame 103 end
Average processing time of GrabImageRGBD(): 9.36337ms
Frame 104 end
Average processing time of GrabImageRGBD(): 9.35521ms
Frame 105 end
Average processing time of GrabImageRGBD(): 9.31966ms
Frame 106 end
Average processing time of GrabImageRGBD(): 9.31043ms
Frame 107 end
Average processing time of GrabImageRGBD(): 9.28717ms
Frame 108 end
Average processing time of GrabImageRGBD(): 9.27569ms
Frame 109 end
Average processing time of GrabImageRGBD(): 9.26837ms
Frame 110 end
Average processing time of GrabImageRGBD(): 9.41094ms
Frame 111 end
Average processing time of GrabImageRGBD(): 9.41607ms
Frame 112 end
Average processing time of GrabImageRGBD(): 9.36692ms
Frame 113 end
Average processing time of GrabImageRGBD(): 9.31842ms
Frame 114 end
Average processing time of GrabImageRGBD(): 9.30857ms
Frame 115 end
Average processing time of GrabImageRGBD(): 9.25928ms
Frame 116 end
Average processing time of GrabImageRGBD(): 9.24723ms
Frame 117 end
Average processing time of GrabImageRGBD(): 9.24065ms
Frame 118 end
Average processing time of GrabImageRGBD(): 9.23492ms
Frame 119 end
Average processing time of GrabImageRGBD(): 9.22679ms
Frame 120 end
Average processing time of GrabImageRGBD(): 9.21721ms
Frame 121 end
Average processing time of GrabImageRGBD(): 9.17569ms
Frame 122 end
Average processing time of GrabImageRGBD(): 9.16646ms
Frame 123 end
Average processing time of GrabImageRGBD(): 9.15928ms
Frame 124 end
Average processing time of GrabImageRGBD(): 9.15333ms
Frame 125 end
Average processing time of GrabImageRGBD(): 9.11792ms
Frame 126 end
Average processing time of GrabImageRGBD(): 9.08417ms
Frame 127 end
Average processing time of GrabImageRGBD(): 9.03748ms
Frame 128 end
Average processing time of GrabImageRGBD(): 9.03307ms
Frame 129 end
Average processing time of GrabImageRGBD(): 9.02351ms
Frame 130 end
Average processing time of GrabImageRGBD(): 8.97981ms
Frame 131 end
Average processing time of GrabImageRGBD(): 8.94729ms
Frame 132 end
Average processing time of GrabImageRGBD(): 9.12698ms
Frame 133 end
Average processing time of GrabImageRGBD(): 9.12926ms
Frame 134 end
Average processing time of GrabImageRGBD(): 9.08263ms
Frame 135 end
Average processing time of GrabImageRGBD(): 9.08122ms
Frame 136 end
Average processing time of GrabImageRGBD(): 9.03793ms
Frame 137 end
Average processing time of GrabImageRGBD(): 9.03554ms
Frame 138 end
Average processing time of GrabImageRGBD(): 8.9895ms
Frame 139 end
Average processing time of GrabImageRGBD(): 8.95118ms
Frame 140 end
Average processing time of GrabImageRGBD(): 8.95135ms
Frame 141 end
Average processing time of GrabImageRGBD(): 9.09054ms
Frame 142 end
Average processing time of GrabImageRGBD(): 9.10159ms
Frame 143 end
Average processing time of GrabImageRGBD(): 9.06012ms
Frame 144 end
Average processing time of GrabImageRGBD(): 9.06335ms
Frame 145 end
Average processing time of GrabImageRGBD(): 9.07196ms
Frame 146 end
Average processing time of GrabImageRGBD(): 9.03032ms
Frame 147 end
Average processing time of GrabImageRGBD(): 8.99614ms
Frame 148 end
Average processing time of GrabImageRGBD(): 8.99876ms
Frame 149 end
Average processing time of GrabImageRGBD(): 9.00063ms
Frame 150 end
Average processing time of GrabImageRGBD(): 8.96709ms
Frame 151 end
Average processing time of GrabImageRGBD(): 8.93217ms
Frame 152 end
Average processing time of GrabImageRGBD(): 8.93478ms
Frame 153 end
Average processing time of GrabImageRGBD(): 8.90919ms
Frame 154 end
Average processing time of GrabImageRGBD(): 8.87237ms
Frame 155 end
Average processing time of GrabImageRGBD(): 8.83857ms
Frame 156 end
Average processing time of GrabImageRGBD(): 8.83907ms
Frame 157 end
Average processing time of GrabImageRGBD(): 8.80288ms
Frame 158 end
Average processing time of GrabImageRGBD(): 8.80476ms
Frame 159 end
Average processing time of GrabImageRGBD(): 8.77619ms
Frame 160 end
Average processing time of GrabImageRGBD(): 8.91134ms
Frame 161 end
Average processing time of GrabImageRGBD(): 8.91639ms
Frame 162 end
Average processing time of GrabImageRGBD(): 8.87861ms
Frame 163 end
Average processing time of GrabImageRGBD(): 8.9864ms
Frame 164 end
Average processing time of GrabImageRGBD(): 8.98917ms
Frame 165 end
Average processing time of GrabImageRGBD(): 8.95372ms
Frame 166 end
Average processing time of GrabImageRGBD(): 9.07706ms
Frame 167 end
Average processing time of GrabImageRGBD(): 9.04785ms
Frame 168 end
Average processing time of GrabImageRGBD(): 9.01539ms
Frame 169 end
Average processing time of GrabImageRGBD(): 9.02056ms
Frame 170 end
Average processing time of GrabImageRGBD(): 9.01439ms
Frame 171 end
Average processing time of GrabImageRGBD(): 9.01339ms
Frame 172 end
Average processing time of GrabImageRGBD(): 9.12896ms
Frame 173 end
Average processing time of GrabImageRGBD(): 9.1393ms
Frame 174 end
Average processing time of GrabImageRGBD(): 9.14012ms
Frame 175 end
Average processing time of GrabImageRGBD(): 9.14379ms
Frame 176 end
Average processing time of GrabImageRGBD(): 9.12878ms
Frame 177 end
Average processing time of GrabImageRGBD(): 9.09699ms
Frame 178 end
Average processing time of GrabImageRGBD(): 9.21487ms
Frame 179 end
Average processing time of GrabImageRGBD(): 9.21642ms
Frame 180 end
Average processing time of GrabImageRGBD(): 9.22531ms
Frame 181 end
Average processing time of GrabImageRGBD(): 9.2041ms
Frame 182 end
Average processing time of GrabImageRGBD(): 9.20195ms
Frame 183 end
Average processing time of GrabImageRGBD(): 9.17924ms
Frame 184 end
Average processing time of GrabImageRGBD(): 9.14921ms
Frame 185 end
Average processing time of GrabImageRGBD(): 9.14185ms
Frame 186 end
Average processing time of GrabImageRGBD(): 9.12233ms
Frame 187 end
Average processing time of GrabImageRGBD(): 9.114ms
Frame 188 end
Average processing time of GrabImageRGBD(): 9.20922ms
Frame 189 end
Average processing time of GrabImageRGBD(): 9.20799ms
Frame 190 end
Average processing time of GrabImageRGBD(): 9.22436ms
Frame 191 end
Average processing time of GrabImageRGBD(): 9.22757ms
Frame 192 end
Average processing time of GrabImageRGBD(): 9.19699ms
Frame 193 end
Average processing time of GrabImageRGBD(): 9.19791ms
Frame 194 end
Average processing time of GrabImageRGBD(): 9.19879ms
Frame 195 end
Average processing time of GrabImageRGBD(): 9.19635ms
Frame 196 end
Average processing time of GrabImageRGBD(): 9.19779ms
Frame 197 end
Average processing time of GrabImageRGBD(): 9.19696ms
Frame 198 end
Average processing time of GrabImageRGBD(): 9.34204ms
Frame 199 end
Average processing time of GrabImageRGBD(): 9.31934ms
Frame 200 end
Average processing time of GrabImageRGBD(): 9.28943ms
Frame 201 end
Average processing time of GrabImageRGBD(): 9.26147ms
Frame 202 end
Average processing time of GrabImageRGBD(): 9.25494ms
Frame 203 end
Average processing time of GrabImageRGBD(): 9.23583ms
Frame 204 end
Average processing time of GrabImageRGBD(): 9.23652ms
Frame 205 end
Average processing time of GrabImageRGBD(): 9.23407ms
Frame 206 end
Average processing time of GrabImageRGBD(): 9.23436ms
Frame 207 end
Average processing time of GrabImageRGBD(): 9.2338ms
Frame 208 end
Average processing time of GrabImageRGBD(): 9.23204ms
Frame 209 end
Average processing time of GrabImageRGBD(): 9.23169ms
Frame 210 end
Average processing time of GrabImageRGBD(): 9.22973ms
Frame 211 end
Average processing time of GrabImageRGBD(): 9.20052ms
Frame 212 end
Average processing time of GrabImageRGBD(): 9.17343ms
Frame 213 end
Average processing time of GrabImageRGBD(): 9.25289ms
Frame 214 end
Average processing time of GrabImageRGBD(): 9.23187ms
Frame 215 end
Average processing time of GrabImageRGBD(): 9.23618ms
Frame 216 end
Average processing time of GrabImageRGBD(): 9.21007ms
Frame 217 end
Average processing time of GrabImageRGBD(): 9.20604ms
Frame 218 end
Average processing time of GrabImageRGBD(): 9.19717ms
Frame 219 end
Average processing time of GrabImageRGBD(): 9.20347ms
Frame 220 end
Average processing time of GrabImageRGBD(): 9.19925ms
Frame 221 end
Average processing time of GrabImageRGBD(): 9.1733ms
Frame 222 end
Average processing time of GrabImageRGBD(): 9.17443ms
Frame 223 end
Average processing time of GrabImageRGBD(): 9.29167ms
Frame 224 end
Average processing time of GrabImageRGBD(): 9.30823ms
Frame 225 end
Average processing time of GrabImageRGBD(): 9.3327ms
Frame 226 end
Average processing time of GrabImageRGBD(): 9.35528ms
Frame 227 end
Average processing time of GrabImageRGBD(): 9.36813ms
Frame 228 end
Average processing time of GrabImageRGBD(): 9.38727ms
Frame 229 end
Average processing time of GrabImageRGBD(): 9.40516ms
Frame 230 end
Average processing time of GrabImageRGBD(): 9.52204ms
Frame 231 end
Average processing time of GrabImageRGBD(): 9.54156ms
Frame 232 end
Average processing time of GrabImageRGBD(): 9.55564ms
Frame 233 end
Average processing time of GrabImageRGBD(): 9.57417ms
Frame 234 end
Average processing time of GrabImageRGBD(): 9.59959ms
Frame 235 end
Average processing time of GrabImageRGBD(): 9.59464ms
Frame 236 end
Average processing time of GrabImageRGBD(): 9.60546ms
Frame 237 end
Average processing time of GrabImageRGBD(): 9.61691ms
Frame 238 end
Average processing time of GrabImageRGBD(): 9.62375ms
Frame 239 end
Average processing time of GrabImageRGBD(): 9.73242ms
Frame 240 end
Average processing time of GrabImageRGBD(): 9.75536ms
Frame 241 end
Average processing time of GrabImageRGBD(): 9.77396ms
Frame 242 end
Average processing time of GrabImageRGBD(): 9.78964ms
Frame 243 end
Average processing time of GrabImageRGBD(): 9.89198ms
Frame 244 end
Average processing time of GrabImageRGBD(): 9.9128ms
Frame 245 end
Average processing time of GrabImageRGBD(): 9.92271ms
Frame 246 end
Average processing time of GrabImageRGBD(): 9.93641ms
Frame 247 end
Average processing time of GrabImageRGBD(): 10.0631ms
Frame 248 end
Average processing time of GrabImageRGBD(): 10.0916ms
Frame 249 end
Average processing time of GrabImageRGBD(): 10.1066ms
Frame 250 end
Average processing time of GrabImageRGBD(): 10.1319ms
Frame 251 end
Average processing time of GrabImageRGBD(): 10.2372ms
Frame 252 end
Average processing time of GrabImageRGBD(): 10.2675ms
Frame 253 end
Average processing time of GrabImageRGBD(): 10.2898ms
Frame 254 end
Average processing time of GrabImageRGBD(): 10.3136ms
Frame 255 end
Average processing time of GrabImageRGBD(): 10.319ms
Frame 256 end
Average processing time of GrabImageRGBD(): 10.3367ms
Frame 257 end
Average processing time of GrabImageRGBD(): 10.4335ms
Frame 258 end
Average processing time of GrabImageRGBD(): 10.4557ms
Frame 259 end
Average processing time of GrabImageRGBD(): 10.4835ms
Frame 260 end
Average processing time of GrabImageRGBD(): 10.4923ms
Frame 261 end
Average processing time of GrabImageRGBD(): 10.5172ms
Frame 262 end
Average processing time of GrabImageRGBD(): 10.5277ms
Frame 263 end
Average processing time of GrabImageRGBD(): 10.6145ms
Frame 264 end
Average processing time of GrabImageRGBD(): 10.6438ms
Frame 265 end
Average processing time of GrabImageRGBD(): 10.66ms
Frame 266 end
Average processing time of GrabImageRGBD(): 10.6774ms
Frame 267 end
Average processing time of GrabImageRGBD(): 10.6859ms
Frame 268 end
Average processing time of GrabImageRGBD(): 10.687ms
Frame 269 end
Average processing time of GrabImageRGBD(): 10.6975ms
Frame 270 end
Average processing time of GrabImageRGBD(): 10.7852ms
Frame 271 end
Average processing time of GrabImageRGBD(): 10.8013ms
Frame 272 end
Average processing time of GrabImageRGBD(): 10.8181ms
Frame 273 end
Average processing time of GrabImageRGBD(): 10.8124ms
Frame 274 end
Average processing time of GrabImageRGBD(): 10.8238ms
Frame 275 end
Average processing time of GrabImageRGBD(): 10.9082ms
Frame 276 end
Average processing time of GrabImageRGBD(): 10.9134ms
Frame 277 end
Average processing time of GrabImageRGBD(): 10.9298ms
Frame 278 end
Average processing time of GrabImageRGBD(): 10.9425ms
Frame 279 end
Average processing time of GrabImageRGBD(): 10.9502ms
Frame 280 end
Average processing time of GrabImageRGBD(): 10.9583ms
Frame 281 end
Average processing time of GrabImageRGBD(): 10.9679ms
Frame 282 end
Average processing time of GrabImageRGBD(): 11.0533ms
Frame 283 end
Average processing time of GrabImageRGBD(): 11.0673ms
Frame 284 end
Average processing time of GrabImageRGBD(): 11.0693ms
Frame 285 end
Average processing time of GrabImageRGBD(): 11.0852ms
Frame 286 end
Average processing time of GrabImageRGBD(): 11.0949ms
Frame 287 end
Average processing time of GrabImageRGBD(): 11.1037ms
Frame 288 end
Average processing time of GrabImageRGBD(): 11.1233ms
Frame 289 end
Average processing time of GrabImageRGBD(): 11.1393ms
Frame 290 end
Average processing time of GrabImageRGBD(): 11.2241ms
Frame 291 end
Average processing time of GrabImageRGBD(): 11.2316ms
Frame 292 end
Average processing time of GrabImageRGBD(): 11.2577ms
Frame 293 end
Average processing time of GrabImageRGBD(): 11.2673ms
Frame 294 end
Average processing time of GrabImageRGBD(): 11.2881ms
Frame 295 end
Average processing time of GrabImageRGBD(): 11.2993ms
Frame 296 end
Average processing time of GrabImageRGBD(): 11.3121ms
Frame 297 end
Average processing time of GrabImageRGBD(): 11.3178ms
Frame 298 end
Average processing time of GrabImageRGBD(): 11.3975ms
Frame 299 end
Average processing time of GrabImageRGBD(): 11.4065ms
Frame 300 end
Average processing time of GrabImageRGBD(): 11.4173ms
Frame 301 end
Average processing time of GrabImageRGBD(): 11.4298ms
Frame 302 end
Average processing time of GrabImageRGBD(): 11.4392ms
Frame 303 end
Average processing time of GrabImageRGBD(): 11.442ms
Frame 304 end
Average processing time of GrabImageRGBD(): 11.4566ms
Frame 305 end
Average processing time of GrabImageRGBD(): 11.5336ms
Frame 306 end
Average processing time of GrabImageRGBD(): 11.5537ms
Frame 307 end
Average processing time of GrabImageRGBD(): 11.5639ms
Frame 308 end
Average processing time of GrabImageRGBD(): 11.5834ms
Frame 309 end
Average processing time of GrabImageRGBD(): 11.6646ms
Frame 310 end
Average processing time of GrabImageRGBD(): 11.6739ms
Frame 311 end
Average processing time of GrabImageRGBD(): 11.6935ms
Frame 312 end
Average processing time of GrabImageRGBD(): 11.7211ms
Frame 313 end
Average processing time of GrabImageRGBD(): 11.8011ms
Frame 314 end
Average processing time of GrabImageRGBD(): 11.8179ms
Frame 315 end
Average processing time of GrabImageRGBD(): 11.8397ms
Frame 316 end
Average processing time of GrabImageRGBD(): 11.8472ms
Frame 317 end
Average processing time of GrabImageRGBD(): 11.9132ms
Frame 318 end
Average processing time of GrabImageRGBD(): 11.936ms
Frame 319 end
Average processing time of GrabImageRGBD(): 11.958ms
Frame 320 end
Average processing time of GrabImageRGBD(): 11.982ms
Frame 321 end
Average processing time of GrabImageRGBD(): 12.059ms
Frame 322 end
Average processing time of GrabImageRGBD(): 12.0729ms
Frame 323 end
Average processing time of GrabImageRGBD(): 12.0968ms
Frame 324 end
Average processing time of GrabImageRGBD(): 12.1651ms
Frame 325 end
Average processing time of GrabImageRGBD(): 12.1832ms
Frame 326 end
Average processing time of GrabImageRGBD(): 12.2092ms
Frame 327 end
Average processing time of GrabImageRGBD(): 12.2185ms
Frame 328 end
Average processing time of GrabImageRGBD(): 12.2325ms
Frame 329 end
Average processing time of GrabImageRGBD(): 12.2318ms
Frame 330 end
Average processing time of GrabImageRGBD(): 12.2411ms
Frame 331 end
Average processing time of GrabImageRGBD(): 12.2446ms
Frame 332 end
Average processing time of GrabImageRGBD(): 12.2522ms
Frame 333 end
Average processing time of GrabImageRGBD(): 12.261ms
Frame 334 end
Average processing time of GrabImageRGBD(): 12.3207ms
Frame 335 end
Average processing time of GrabImageRGBD(): 12.3293ms
Frame 336 end
Average processing time of GrabImageRGBD(): 12.3378ms
Frame 337 end
Average processing time of GrabImageRGBD(): 12.356ms
Frame 338 end
Average processing time of GrabImageRGBD(): 12.3611ms
Frame 339 end
Average processing time of GrabImageRGBD(): 12.3878ms
Frame 340 end
Average processing time of GrabImageRGBD(): 12.3982ms
Frame 341 end
Average processing time of GrabImageRGBD(): 12.4062ms
Frame 342 end
Average processing time of GrabImageRGBD(): 12.4138ms
Frame 343 end
Average processing time of GrabImageRGBD(): 12.4183ms
Frame 344 end
Average processing time of GrabImageRGBD(): 12.4298ms
Frame 345 end
Average processing time of GrabImageRGBD(): 12.4948ms
Frame 346 end
Average processing time of GrabImageRGBD(): 12.5149ms
Frame 347 end
Average processing time of GrabImageRGBD(): 12.5183ms
Frame 348 end
Average processing time of GrabImageRGBD(): 12.532ms
Frame 349 end
Average processing time of GrabImageRGBD(): 12.5497ms
Frame 350 end
Average processing time of GrabImageRGBD(): 12.5573ms
Frame 351 end
Average processing time of GrabImageRGBD(): 12.5612ms
Frame 352 end
Average processing time of GrabImageRGBD(): 12.5623ms
Frame 353 end
Average processing time of GrabImageRGBD(): 12.5668ms
Frame 354 end
Average processing time of GrabImageRGBD(): 12.566ms
Frame 355 end
Average processing time of GrabImageRGBD(): 12.5667ms
Frame 356 end
Average processing time of GrabImageRGBD(): 12.5656ms
Frame 357 end
Average processing time of GrabImageRGBD(): 12.5661ms
Frame 358 end
Average processing time of GrabImageRGBD(): 12.5823ms
Frame 359 end
Average processing time of GrabImageRGBD(): 12.5762ms
Frame 360 end
Average processing time of GrabImageRGBD(): 12.5774ms
Frame 361 end
Average processing time of GrabImageRGBD(): 12.5791ms
Frame 362 end
Average processing time of GrabImageRGBD(): 12.5761ms
Frame 363 end
Average processing time of GrabImageRGBD(): 12.5775ms
Frame 364 end
Average processing time of GrabImageRGBD(): 12.6703ms
Frame 365 end
Average processing time of GrabImageRGBD(): 12.6858ms
Frame 366 end
Average processing time of GrabImageRGBD(): 12.6904ms
Frame 367 end
Average processing time of GrabImageRGBD(): 12.6947ms
Frame 368 end
Average processing time of GrabImageRGBD(): 12.6915ms
Frame 369 end
Average processing time of GrabImageRGBD(): 12.693ms
Frame 370 end
Average processing time of GrabImageRGBD(): 12.7607ms
Frame 371 end
Average processing time of GrabImageRGBD(): 12.7654ms
Frame 372 end
Average processing time of GrabImageRGBD(): 12.7664ms
Frame 373 end
Average processing time of GrabImageRGBD(): 12.76ms
Frame 374 end
Average processing time of GrabImageRGBD(): 12.7613ms
Frame 375 end
Average processing time of GrabImageRGBD(): 12.8168ms
Frame 376 end
Average processing time of GrabImageRGBD(): 12.815ms
Frame 377 end
Average processing time of GrabImageRGBD(): 12.8176ms
Frame 378 end
Average processing time of GrabImageRGBD(): 12.8187ms
Frame 379 end
Average processing time of GrabImageRGBD(): 12.8182ms
Frame 380 end
Average processing time of GrabImageRGBD(): 12.8726ms
Frame 381 end
Average processing time of GrabImageRGBD(): 12.8696ms
Frame 382 end
Average processing time of GrabImageRGBD(): 12.8728ms
Frame 383 end
Average processing time of GrabImageRGBD(): 12.867ms
Frame 384 end
Average processing time of GrabImageRGBD(): 12.8664ms
Frame 385 end
Average processing time of GrabImageRGBD(): 12.8652ms
Frame 386 end
Average processing time of GrabImageRGBD(): 12.8594ms
Frame 387 end
Average processing time of GrabImageRGBD(): 12.8556ms
Frame 388 end
Average processing time of GrabImageRGBD(): 12.8516ms
Frame 389 end
Average processing time of GrabImageRGBD(): 12.8465ms
Frame 390 end
Average processing time of GrabImageRGBD(): 12.8383ms
Frame 391 end
Average processing time of GrabImageRGBD(): 12.8315ms
Frame 392 end
Average processing time of GrabImageRGBD(): 12.8135ms
Frame 393 end
Average processing time of GrabImageRGBD(): 12.8085ms
Frame 394 end
Average processing time of GrabImageRGBD(): 12.7995ms
Frame 395 end
Average processing time of GrabImageRGBD(): 12.7973ms
Frame 396 end
Average processing time of GrabImageRGBD(): 12.7959ms
Frame 397 end
Average processing time of GrabImageRGBD(): 12.7895ms
Frame 398 end
Average processing time of GrabImageRGBD(): 12.7895ms
Frame 399 end
Average processing time of GrabImageRGBD(): 12.7887ms
Frame 400 end
Average processing time of GrabImageRGBD(): 12.8394ms
Frame 401 end
Average processing time of GrabImageRGBD(): 12.8402ms
Frame 402 end
Average processing time of GrabImageRGBD(): 12.8422ms
Frame 403 end
Average processing time of GrabImageRGBD(): 12.848ms
Frame 404 end
Average processing time of GrabImageRGBD(): 12.8488ms
Frame 405 end
Average processing time of GrabImageRGBD(): 12.9181ms
Frame 406 end
Average processing time of GrabImageRGBD(): 12.9301ms
Frame 407 end
Average processing time of GrabImageRGBD(): 12.9432ms
Frame 408 end
Average processing time of GrabImageRGBD(): 12.9503ms
Frame 409 end
Average processing time of GrabImageRGBD(): 12.9582ms
Frame 410 end
Average processing time of GrabImageRGBD(): 13.0197ms
Frame 411 end
Average processing time of GrabImageRGBD(): 13.0212ms
Frame 412 end
Average processing time of GrabImageRGBD(): 13.0351ms
Frame 413 end
Average processing time of GrabImageRGBD(): 13.0409ms
Frame 414 end
Average processing time of GrabImageRGBD(): 13.0439ms
Frame 415 end
Average processing time of GrabImageRGBD(): 13.1299ms
Frame 416 end
Average processing time of GrabImageRGBD(): 13.1461ms
Frame 417 end
Average processing time of GrabImageRGBD(): 13.1576ms
Frame 418 end
Average processing time of GrabImageRGBD(): 13.1634ms
Frame 419 end
Average processing time of GrabImageRGBD(): 13.1765ms
Frame 420 end
Average processing time of GrabImageRGBD(): 13.2293ms
Frame 421 end
Average processing time of GrabImageRGBD(): 13.239ms
Frame 422 end
Average processing time of GrabImageRGBD(): 13.2394ms
Frame 423 end
Average processing time of GrabImageRGBD(): 13.2465ms
Frame 424 end
Average processing time of GrabImageRGBD(): 13.255ms
Frame 425 end
Average processing time of GrabImageRGBD(): 13.2611ms
Frame 426 end
Average processing time of GrabImageRGBD(): 13.3098ms
Frame 427 end
Average processing time of GrabImageRGBD(): 13.3245ms
Frame 428 end
Average processing time of GrabImageRGBD(): 13.3301ms
Frame 429 end
Average processing time of GrabImageRGBD(): 13.344ms
Frame 430 end
Average processing time of GrabImageRGBD(): 13.3475ms
Frame 431 end
Average processing time of GrabImageRGBD(): 13.3488ms
Frame 432 end
Average processing time of GrabImageRGBD(): 13.4126ms
Frame 433 end
Average processing time of GrabImageRGBD(): 13.4158ms
Frame 434 end
Average processing time of GrabImageRGBD(): 13.4309ms
Frame 435 end
Average processing time of GrabImageRGBD(): 13.4329ms
Frame 436 end
Average processing time of GrabImageRGBD(): 13.4378ms
Frame 437 end
Average processing time of GrabImageRGBD(): 13.4352ms
Frame 438 end
Average processing time of GrabImageRGBD(): 13.4883ms
Frame 439 end
Average processing time of GrabImageRGBD(): 13.5036ms
Frame 440 end
Average processing time of GrabImageRGBD(): 13.5122ms
Frame 441 end
Average processing time of GrabImageRGBD(): 13.5296ms
Frame 442 end
Average processing time of GrabImageRGBD(): 13.5367ms
Frame 443 end
Average processing time of GrabImageRGBD(): 13.5392ms
Frame 444 end
Average processing time of GrabImageRGBD(): 13.59ms
Frame 445 end
Average processing time of GrabImageRGBD(): 13.6031ms
Frame 446 end
Average processing time of GrabImageRGBD(): 13.6132ms
Frame 447 end
Average processing time of GrabImageRGBD(): 13.6955ms
Frame 448 end
Average processing time of GrabImageRGBD(): 13.7025ms
Frame 449 end
Average processing time of GrabImageRGBD(): 13.7134ms
Frame 450 end
Average processing time of GrabImageRGBD(): 13.7656ms
Frame 451 end
Average processing time of GrabImageRGBD(): 13.778ms
Frame 452 end
Average processing time of GrabImageRGBD(): 13.7774ms
Frame 453 end
Average processing time of GrabImageRGBD(): 13.7851ms
Frame 454 end
Average processing time of GrabImageRGBD(): 13.7911ms
Frame 455 end
Average processing time of GrabImageRGBD(): 13.791ms
Frame 456 end
Average processing time of GrabImageRGBD(): 13.8406ms
Frame 457 end
Average processing time of GrabImageRGBD(): 13.8478ms
Frame 458 end
Average processing time of GrabImageRGBD(): 13.8473ms
Frame 459 end
Average processing time of GrabImageRGBD(): 13.8674ms
Frame 460 end
Average processing time of GrabImageRGBD(): 13.8646ms
Frame 461 end
Average processing time of GrabImageRGBD(): 13.8765ms
Frame 462 end
Average processing time of GrabImageRGBD(): 13.9226ms
Frame 463 end
Average processing time of GrabImageRGBD(): 13.9285ms
Frame 464 end
Average processing time of GrabImageRGBD(): 13.9267ms
Frame 465 end
Average processing time of GrabImageRGBD(): 13.9337ms
Frame 466 end
Average processing time of GrabImageRGBD(): 13.94ms
Frame 467 end
Average processing time of GrabImageRGBD(): 13.9499ms
Frame 468 end
Average processing time of GrabImageRGBD(): 13.9511ms
Frame 469 end
Average processing time of GrabImageRGBD(): 13.9536ms
Frame 470 end
Average processing time of GrabImageRGBD(): 13.9587ms
Frame 471 end
Average processing time of GrabImageRGBD(): 13.9575ms
Frame 472 end
Average processing time of GrabImageRGBD(): 13.962ms
Frame 473 end
Average processing time of GrabImageRGBD(): 13.9595ms
Frame 474 end
Average processing time of GrabImageRGBD(): 13.9559ms
Frame 475 end
Average processing time of GrabImageRGBD(): 13.9462ms
Frame 476 end
Average processing time of GrabImageRGBD(): 13.9428ms
Frame 477 end
Average processing time of GrabImageRGBD(): 13.9395ms
Frame 478 end
Average processing time of GrabImageRGBD(): 13.933ms
Frame 479 end
Average processing time of GrabImageRGBD(): 13.9287ms
Frame 480 end
Average processing time of GrabImageRGBD(): 13.9205ms
Frame 481 end
Average processing time of GrabImageRGBD(): 13.9162ms
Frame 482 end
Average processing time of GrabImageRGBD(): 13.9041ms
Frame 483 end
Average processing time of GrabImageRGBD(): 13.8937ms
Frame 484 end
Average processing time of GrabImageRGBD(): 13.8908ms
Frame 485 end
Average processing time of GrabImageRGBD(): 13.8868ms
Frame 486 end
Average processing time of GrabImageRGBD(): 13.8793ms
Frame 487 end
Average processing time of GrabImageRGBD(): 13.8748ms
Frame 488 end
Average processing time of GrabImageRGBD(): 13.8607ms
Frame 489 end
Average processing time of GrabImageRGBD(): 13.8546ms
Frame 490 end
Average processing time of GrabImageRGBD(): 13.85ms
Frame 491 end
Average processing time of GrabImageRGBD(): 13.844ms
Frame 492 end
Average processing time of GrabImageRGBD(): 13.8379ms
Frame 493 end
Average processing time of GrabImageRGBD(): 13.8808ms
Frame 494 end
Average processing time of GrabImageRGBD(): 13.8799ms
Frame 495 end
Average processing time of GrabImageRGBD(): 13.8709ms
Frame 496 end
Average processing time of GrabImageRGBD(): 13.8672ms
Frame 497 end
Average processing time of GrabImageRGBD(): 13.8673ms
Frame 498 end
Average processing time of GrabImageRGBD(): 13.8616ms
Frame 499 end
Average processing time of GrabImageRGBD(): 13.8579ms
Frame 500 end
Average processing time of GrabImageRGBD(): 13.855ms
Frame 501 end
Average processing time of GrabImageRGBD(): 13.8422ms
Frame 502 end
Average processing time of GrabImageRGBD(): 13.8358ms
Frame 503 end
Average processing time of GrabImageRGBD(): 13.8783ms
Frame 504 end
Average processing time of GrabImageRGBD(): 13.8745ms
Frame 505 end
Average processing time of GrabImageRGBD(): 13.8733ms
Frame 506 end
Average processing time of GrabImageRGBD(): 13.8702ms
Frame 507 end
Average processing time of GrabImageRGBD(): 13.8711ms
Frame 508 end
Average processing time of GrabImageRGBD(): 13.872ms
Frame 509 end
Average processing time of GrabImageRGBD(): 13.9135ms
Frame 510 end
Average processing time of GrabImageRGBD(): 13.9158ms
Frame 511 end
Average processing time of GrabImageRGBD(): 13.9157ms
Frame 512 end
Average processing time of GrabImageRGBD(): 13.9185ms
Frame 513 end
Average processing time of GrabImageRGBD(): 13.9181ms
Frame 514 end
Average processing time of GrabImageRGBD(): 13.9217ms
Frame 515 end
Average processing time of GrabImageRGBD(): 13.93ms
Frame 516 end
Average processing time of GrabImageRGBD(): 13.9713ms
Frame 517 end
Average processing time of GrabImageRGBD(): 13.9767ms
Frame 518 end
Average processing time of GrabImageRGBD(): 13.9803ms
Frame 519 end
Average processing time of GrabImageRGBD(): 13.9775ms
Frame 520 end
Average processing time of GrabImageRGBD(): 13.9755ms
Frame 521 end
Average processing time of GrabImageRGBD(): 13.9746ms
Frame 522 end
Average processing time of GrabImageRGBD(): 13.9776ms
Frame 523 end
Average processing time of GrabImageRGBD(): 14.0202ms
Frame 524 end
Average processing time of GrabImageRGBD(): 14.0215ms
Frame 525 end
Average processing time of GrabImageRGBD(): 14.0246ms
Frame 526 end
Average processing time of GrabImageRGBD(): 14.0305ms
Frame 527 end
Average processing time of GrabImageRGBD(): 14.028ms
Frame 528 end
Average processing time of GrabImageRGBD(): 14.0339ms
Frame 529 end
Average processing time of GrabImageRGBD(): 14.0752ms
Frame 530 end
Average processing time of GrabImageRGBD(): 14.0824ms
Frame 531 end
Average processing time of GrabImageRGBD(): 14.0873ms
Frame 532 end
Average processing time of GrabImageRGBD(): 14.0867ms
Frame 533 end
Average processing time of GrabImageRGBD(): 14.0885ms
Frame 534 end
Average processing time of GrabImageRGBD(): 14.0857ms
Frame 535 end
Average processing time of GrabImageRGBD(): 14.1313ms
Frame 536 end
Average processing time of GrabImageRGBD(): 14.143ms
Frame 537 end
Average processing time of GrabImageRGBD(): 14.1443ms
Frame 538 end
Average processing time of GrabImageRGBD(): 14.1489ms
Frame 539 end
Average processing time of GrabImageRGBD(): 14.1464ms
Frame 540 end
Average processing time of GrabImageRGBD(): 14.1506ms
Frame 541 end
Average processing time of GrabImageRGBD(): 14.1909ms
Frame 542 end
Average processing time of GrabImageRGBD(): 14.1924ms
Frame 543 end
Average processing time of GrabImageRGBD(): 14.1981ms
Frame 544 end
Average processing time of GrabImageRGBD(): 14.1983ms
Frame 545 end
Average processing time of GrabImageRGBD(): 14.2017ms
Frame 546 end
Average processing time of GrabImageRGBD(): 14.2031ms
Frame 547 end
Average processing time of GrabImageRGBD(): 14.244ms
Frame 548 end
Average processing time of GrabImageRGBD(): 14.2424ms
Frame 549 end
Average processing time of GrabImageRGBD(): 14.2466ms
Frame 550 end
Average processing time of GrabImageRGBD(): 14.2436ms
Frame 551 end
Average processing time of GrabImageRGBD(): 14.2496ms
Frame 552 end
Average processing time of GrabImageRGBD(): 14.2517ms
Frame 553 end
Average processing time of GrabImageRGBD(): 14.2556ms
Frame 554 end
Average processing time of GrabImageRGBD(): 14.2974ms
Frame 555 end
Average processing time of GrabImageRGBD(): 14.3018ms
Frame 556 end
Average processing time of GrabImageRGBD(): 14.3021ms
Frame 557 end
Average processing time of GrabImageRGBD(): 14.3076ms
Frame 558 end
Average processing time of GrabImageRGBD(): 14.3112ms
Frame 559 end
Average processing time of GrabImageRGBD(): 14.3159ms
Frame 560 end
Average processing time of GrabImageRGBD(): 14.321ms
Frame 561 end
Average processing time of GrabImageRGBD(): 14.3614ms
Frame 562 end
Average processing time of GrabImageRGBD(): 14.3681ms
Frame 563 end
Average processing time of GrabImageRGBD(): 14.3671ms
Frame 564 end
Average processing time of GrabImageRGBD(): 14.3666ms
Frame 565 end
Average processing time of GrabImageRGBD(): 14.3623ms
Frame 566 end
Average processing time of GrabImageRGBD(): 14.3681ms
Frame 567 end
Average processing time of GrabImageRGBD(): 14.4064ms
Frame 568 end
Average processing time of GrabImageRGBD(): 14.4061ms
Frame 569 end
Average processing time of GrabImageRGBD(): 14.3886ms
Frame 570 end
Average processing time of GrabImageRGBD(): 14.3684ms
Frame 571 end
Average processing time of GrabImageRGBD(): 14.3741ms
Frame 572 end
Average processing time of GrabImageRGBD(): 14.3816ms
Frame 573 end
Average processing time of GrabImageRGBD(): 14.4186ms
Frame 574 end
Average processing time of GrabImageRGBD(): 14.4259ms
Frame 575 end
Average processing time of GrabImageRGBD(): 14.4312ms
Frame 576 end
Average processing time of GrabImageRGBD(): 14.434ms
Frame 577 end
Average processing time of GrabImageRGBD(): 14.4401ms
Frame 578 end
Average processing time of GrabImageRGBD(): 14.447ms
Frame 579 end
Average processing time of GrabImageRGBD(): 14.4836ms
Frame 580 end
Average processing time of GrabImageRGBD(): 14.492ms
Frame 581 end
Average processing time of GrabImageRGBD(): 14.4918ms
Frame 582 end
Average processing time of GrabImageRGBD(): 14.4969ms
Frame 583 end
Average processing time of GrabImageRGBD(): 14.5063ms
Frame 584 end
Average processing time of GrabImageRGBD(): 14.509ms
Frame 585 end
Average processing time of GrabImageRGBD(): 14.5449ms
Frame 586 end
Average processing time of GrabImageRGBD(): 14.5471ms
Frame 587 end
Average processing time of GrabImageRGBD(): 14.5527ms
Frame 588 end
Average processing time of GrabImageRGBD(): 14.561ms
Frame 589 end
Average processing time of GrabImageRGBD(): 14.5712ms
Frame 590 end
Average processing time of GrabImageRGBD(): 14.5824ms
Frame 591 end
Average processing time of GrabImageRGBD(): 14.6202ms
Frame 592 end
Average processing time of GrabImageRGBD(): 14.6287ms
Frame 593 end
Average processing time of GrabImageRGBD(): 14.629ms
Frame 594 end
Average processing time of GrabImageRGBD(): 14.629ms
Frame 595 end
Average processing time of GrabImageRGBD(): 14.634ms
Frame 596 end
Average processing time of GrabImageRGBD(): 14.6384ms
Frame 597 end
Average processing time of GrabImageRGBD(): 14.6706ms
Frame 598 end
Average processing time of GrabImageRGBD(): 14.6795ms
Frame 599 end
Average processing time of GrabImageRGBD(): 14.6825ms
Frame 600 end
Average processing time of GrabImageRGBD(): 14.6812ms
Frame 601 end
Average processing time of GrabImageRGBD(): 14.6785ms
Frame 602 end
Average processing time of GrabImageRGBD(): 14.6804ms
Frame 603 end
Average processing time of GrabImageRGBD(): 14.6775ms
Frame 604 end
Average processing time of GrabImageRGBD(): 14.7157ms
Frame 605 end
Average processing time of GrabImageRGBD(): 14.7229ms
Frame 606 end
Average processing time of GrabImageRGBD(): 14.7272ms
Frame 607 end
Average processing time of GrabImageRGBD(): 14.7229ms
Frame 608 end
Average processing time of GrabImageRGBD(): 14.7296ms
Frame 609 end
Average processing time of GrabImageRGBD(): 14.7318ms
Frame 610 end
Average processing time of GrabImageRGBD(): 14.7735ms
Frame 611 end
Average processing time of GrabImageRGBD(): 14.7778ms
Frame 612 end
Average processing time of GrabImageRGBD(): 14.7805ms
Frame 613 end
Average processing time of GrabImageRGBD(): 14.7885ms
Frame 614 end
Average processing time of GrabImageRGBD(): 14.7912ms
Frame 615 end
Average processing time of GrabImageRGBD(): 14.8095ms
Frame 616 end
Average processing time of GrabImageRGBD(): 14.8485ms
Frame 617 end
Average processing time of GrabImageRGBD(): 14.8569ms
Frame 618 end
Average processing time of GrabImageRGBD(): 14.8608ms
Frame 619 end
Average processing time of GrabImageRGBD(): 14.8635ms
Frame 620 end
Average processing time of GrabImageRGBD(): 14.8624ms
Frame 621 end
Average processing time of GrabImageRGBD(): 14.8692ms
Frame 622 end
Average processing time of GrabImageRGBD(): 14.875ms
Frame 623 end
Average processing time of GrabImageRGBD(): 14.9085ms
Frame 624 end
Average processing time of GrabImageRGBD(): 14.9111ms
Frame 625 end
Average processing time of GrabImageRGBD(): 14.9173ms
Frame 626 end
Average processing time of GrabImageRGBD(): 14.9217ms
Frame 627 end
Average processing time of GrabImageRGBD(): 14.9239ms
Frame 628 end
Average processing time of GrabImageRGBD(): 14.9241ms
Frame 629 end
Average processing time of GrabImageRGBD(): 14.9198ms
Frame 630 end
Average processing time of GrabImageRGBD(): 14.916ms
Frame 631 end
Average processing time of GrabImageRGBD(): 14.9119ms
Frame 632 end
Average processing time of GrabImageRGBD(): 14.9415ms
Frame 633 end
Average processing time of GrabImageRGBD(): 14.9377ms
Frame 634 end
Average processing time of GrabImageRGBD(): 14.9309ms
Frame 635 end
Average processing time of GrabImageRGBD(): 14.9288ms
Frame 636 end
Average processing time of GrabImageRGBD(): 14.9268ms
Frame 637 end
Average processing time of GrabImageRGBD(): 14.9184ms
Frame 638 end
Average processing time of GrabImageRGBD(): 14.9142ms
Frame 639 end
Average processing time of GrabImageRGBD(): 14.9094ms
Frame 640 end
Average processing time of GrabImageRGBD(): 14.9386ms
Frame 641 end
Average processing time of GrabImageRGBD(): 14.9342ms
Frame 642 end
Average processing time of GrabImageRGBD(): 14.9313ms
Frame 643 end
Average processing time of GrabImageRGBD(): 14.9275ms
Frame 644 end
Average processing time of GrabImageRGBD(): 14.9201ms
Frame 645 end
Average processing time of GrabImageRGBD(): 14.9167ms
Frame 646 end
Average processing time of GrabImageRGBD(): 14.9153ms
Frame 647 end
Average processing time of GrabImageRGBD(): 14.9095ms
Frame 648 end
Average processing time of GrabImageRGBD(): 14.939ms
Frame 649 end
Average processing time of GrabImageRGBD(): 14.9362ms
Frame 650 end
Average processing time of GrabImageRGBD(): 14.9331ms
Frame 651 end
Average processing time of GrabImageRGBD(): 14.9274ms
Frame 652 end
Average processing time of GrabImageRGBD(): 14.9194ms
Frame 653 end
Average processing time of GrabImageRGBD(): 14.9147ms
Frame 654 end
Average processing time of GrabImageRGBD(): 14.9071ms
Frame 655 end
Average processing time of GrabImageRGBD(): 14.9019ms
Frame 656 end
Average processing time of GrabImageRGBD(): 14.9298ms
Frame 657 end
Average processing time of GrabImageRGBD(): 14.9273ms
Frame 658 end
Average processing time of GrabImageRGBD(): 14.9223ms
Frame 659 end
Average processing time of GrabImageRGBD(): 14.9197ms
Frame 660 end
Average processing time of GrabImageRGBD(): 14.9165ms
Frame 661 end
Average processing time of GrabImageRGBD(): 14.9105ms
Frame 662 end
Average processing time of GrabImageRGBD(): 14.9069ms
Frame 663 end
Average processing time of GrabImageRGBD(): 14.9032ms
Frame 664 end
Average processing time of GrabImageRGBD(): 14.9295ms
Frame 665 end
Average processing time of GrabImageRGBD(): 14.9275ms
Frame 666 end
Average processing time of GrabImageRGBD(): 14.9224ms
Frame 667 end
Average processing time of GrabImageRGBD(): 14.9198ms
Frame 668 end
Average processing time of GrabImageRGBD(): 14.9147ms
Frame 669 end
Average processing time of GrabImageRGBD(): 14.9107ms
Frame 670 end
Average processing time of GrabImageRGBD(): 14.9072ms
Frame 671 end
