
ORB-SLAM3 Copyright (C) 2017-2020 Carlos Campos, Richard Elvira, Juan J. Gómez, José M.M. Montiel and Juan D. Tardós, University of Zaragoza.
ORB-SLAM2 Copyright (C) 2014-2016 Raúl Mur-Artal, José M.M. Montiel and Juan D. Tardós, University of Zaragoza.
This program comes with ABSOLUTELY NO WARRANTY;
This is free software, and you are welcome to redistribute it
under certain conditions. See LICENSE.txt.

Input sensor was set to: RGB-D
Loading settings from /home/bingxin/Downloads/NGD-SLAM/Examples/RGB-D/TUM3.yaml
Camera1.k3 optional parameter does not exist...
	-Loaded camera 1
Camera.newHeight optional parameter does not exist...
Camera.newWidth optional parameter does not exist...
	-Loaded image info
	-Loaded RGB-D calibration
	-Loaded ORB settings
Viewer.imageViewScale optional parameter does not exist...
	-Loaded viewer settings
System.LoadAtlasFromFile optional parameter does not exist...
System.SaveAtlasToFile optional parameter does not exist...
	-Loaded Atlas settings
System.thFarPoints optional parameter does not exist...
	-Loaded misc parameters
----------------------------------
SLAM settings: 
	-Camera 1 parameters (Pinhole): [ 535.4 539.2 320.1 247.6 ]
	-Camera 1 distortion parameters: [  0 0 0 0 ]
	-Original image size: [ 640 , 480 ]
	-Current image size: [ 640 , 480 ]
	-Sequence FPS: 30
	-RGB-D depth map factor: 5000
	-Features per image: 1000
	-ORB scale factor: 1.2
	-ORB number of scales: 8
	-Initial FAST threshold: 20
	-Min FAST threshold: 7


Loading ORB Vocabulary. This could take a while...
Vocabulary loaded!

Initialization of Atlas from scratch 
Creation of new map with id: 0
Creation of new map with last KF id: 0
Seq. Name: 
There are 1 cameras in the atlas
Camera 0 is pinhole
Net use yolo-fastest

-------
Start processing sequence ...
Images in the sequence: 680

First KF:0; Map init KF:0
New Map created with 522 points
Average processing time of GrabImageRGBD(): 46.6217ms
Frame 0 end
Average processing time of GrabImageRGBD(): 39.0079ms
Frame 1 end
Average processing time of GrabImageRGBD(): 36.2652ms
Frame 2 end
Average processing time of GrabImageRGBD(): 30.6381ms
Frame 3 end
Average processing time of GrabImageRGBD(): 26.7652ms
Frame 4 end
Average processing time of GrabImageRGBD(): 24.8951ms
Frame 5 end
Starting the Viewer
Average processing time of GrabImageRGBD(): 23.5076ms
Frame 6 end
Average processing time of GrabImageRGBD(): 24.5625ms
Frame 7 end
Average processing time of GrabImageRGBD(): 23.5326ms
Frame 8 end
Average processing time of GrabImageRGBD(): 22.4802ms
Frame 9 end
Average processing time of GrabImageRGBD(): 21.7739ms
Frame 10 end
Average processing time of GrabImageRGBD(): 20.9714ms
Frame 11 end
Average processing time of GrabImageRGBD(): 20.3706ms
Frame 12 end
Average processing time of GrabImageRGBD(): 19.9596ms
Frame 13 end
Average processing time of GrabImageRGBD(): 19.5495ms
Frame 14 end
Average processing time of GrabImageRGBD(): 19.2051ms
Frame 15 end
Average processing time of GrabImageRGBD(): 18.8215ms
Frame 16 end
Average processing time of GrabImageRGBD(): 19.5191ms
Frame 17 end
Average processing time of GrabImageRGBD(): 19.235ms
Frame 18 end
Average processing time of GrabImageRGBD(): 18.9341ms
Frame 19 end
Average processing time of GrabImageRGBD(): 18.7126ms
Frame 20 end
Average processing time of GrabImageRGBD(): 18.4278ms
Frame 21 end
Average processing time of GrabImageRGBD(): 18.2122ms
Frame 22 end
Average processing time of GrabImageRGBD(): 18.7466ms
Frame 23 end
Average processing time of GrabImageRGBD(): 18.4412ms
Frame 24 end
Average processing time of GrabImageRGBD(): 18.1397ms
Frame 25 end
Average processing time of GrabImageRGBD(): 17.9599ms
Frame 26 end
Average processing time of GrabImageRGBD(): 17.8599ms
Frame 27 end
Average processing time of GrabImageRGBD(): 17.6836ms
Frame 28 end
Average processing time of GrabImageRGBD(): 17.5215ms
Frame 29 end
Average processing time of GrabImageRGBD(): 17.3392ms
Frame 30 end
Average processing time of GrabImageRGBD(): 17.2136ms
Frame 31 end
Average processing time of GrabImageRGBD(): 17.1651ms
Frame 32 end
Average processing time of GrabImageRGBD(): 17.0014ms
Frame 33 end
Average processing time of GrabImageRGBD(): 16.909ms
Frame 34 end
Average processing time of GrabImageRGBD(): 16.8063ms
Frame 35 end
Average processing time of GrabImageRGBD(): 16.6787ms
Frame 36 end
Average processing time of GrabImageRGBD(): 16.5616ms
Frame 37 end
Average processing time of GrabImageRGBD(): 16.4303ms
Frame 38 end
Average processing time of GrabImageRGBD(): 16.8047ms
Frame 39 end
Average processing time of GrabImageRGBD(): 16.766ms
Frame 40 end
Average processing time of GrabImageRGBD(): 16.7102ms
Frame 41 end
Average processing time of GrabImageRGBD(): 16.6319ms
Frame 42 end
Average processing time of GrabImageRGBD(): 16.4982ms
Frame 43 end
Average processing time of GrabImageRGBD(): 16.8455ms
Frame 44 end
Average processing time of GrabImageRGBD(): 16.8093ms
Frame 45 end
Average processing time of GrabImageRGBD(): 16.7268ms
Frame 46 end
Average processing time of GrabImageRGBD(): 16.6448ms
Frame 47 end
Average processing time of GrabImageRGBD(): 16.5784ms
Frame 48 end
Average processing time of GrabImageRGBD(): 16.5177ms
Frame 49 end
Average processing time of GrabImageRGBD(): 16.443ms
Frame 50 end
Average processing time of GrabImageRGBD(): 16.4162ms
Frame 51 end
Average processing time of GrabImageRGBD(): 16.3719ms
Frame 52 end
Average processing time of GrabImageRGBD(): 16.3349ms
Frame 53 end
Average processing time of GrabImageRGBD(): 16.2915ms
Frame 54 end
Average processing time of GrabImageRGBD(): 16.2756ms
Frame 55 end
Average processing time of GrabImageRGBD(): 16.2061ms
Frame 56 end
Average processing time of GrabImageRGBD(): 16.1588ms
Frame 57 end
Average processing time of GrabImageRGBD(): 16.0776ms
Frame 58 end
Average processing time of GrabImageRGBD(): 16.078ms
Frame 59 end
Average processing time of GrabImageRGBD(): 16.0438ms
Frame 60 end
Average processing time of GrabImageRGBD(): 15.9483ms
Frame 61 end
Average processing time of GrabImageRGBD(): 15.9054ms
Frame 62 end
Average processing time of GrabImageRGBD(): 15.8747ms
Frame 63 end
Average processing time of GrabImageRGBD(): 15.8193ms
Frame 64 end
Average processing time of GrabImageRGBD(): 15.7951ms
Frame 65 end
Average processing time of GrabImageRGBD(): 15.7471ms
Frame 66 end
Average processing time of GrabImageRGBD(): 15.7072ms
Frame 67 end
Average processing time of GrabImageRGBD(): 15.6749ms
Frame 68 end
Average processing time of GrabImageRGBD(): 15.6464ms
Frame 69 end
Average processing time of GrabImageRGBD(): 15.58ms
Frame 70 end
Average processing time of GrabImageRGBD(): 15.5733ms
Frame 71 end
Average processing time of GrabImageRGBD(): 15.5635ms
Frame 72 end
Average processing time of GrabImageRGBD(): 15.5377ms
Frame 73 end
Average processing time of GrabImageRGBD(): 15.4982ms
Frame 74 end
Average processing time of GrabImageRGBD(): 15.7088ms
Frame 75 end
Average processing time of GrabImageRGBD(): 15.6658ms
Frame 76 end
Average processing time of GrabImageRGBD(): 15.6285ms
Frame 77 end
Average processing time of GrabImageRGBD(): 15.5896ms
Frame 78 end
Average processing time of GrabImageRGBD(): 15.5333ms
Frame 79 end
Average processing time of GrabImageRGBD(): 15.5038ms
Frame 80 end
Average processing time of GrabImageRGBD(): 15.4845ms
Frame 81 end
Average processing time of GrabImageRGBD(): 15.4257ms
Frame 82 end
Average processing time of GrabImageRGBD(): 15.6345ms
Frame 83 end
Average processing time of GrabImageRGBD(): 15.8459ms
Frame 84 end
Average processing time of GrabImageRGBD(): 15.8224ms
Frame 85 end
Average processing time of GrabImageRGBD(): 15.7959ms
Frame 86 end
Average processing time of GrabImageRGBD(): 15.7513ms
Frame 87 end
Average processing time of GrabImageRGBD(): 15.7226ms
Frame 88 end
Average processing time of GrabImageRGBD(): 15.7008ms
Frame 89 end
Average processing time of GrabImageRGBD(): 15.6536ms
Frame 90 end
Average processing time of GrabImageRGBD(): 15.626ms
Frame 91 end
Average processing time of GrabImageRGBD(): 15.6106ms
Frame 92 end
Average processing time of GrabImageRGBD(): 15.5727ms
Frame 93 end
Average processing time of GrabImageRGBD(): 15.5366ms
Frame 94 end
Average processing time of GrabImageRGBD(): 15.7039ms
Frame 95 end
Average processing time of GrabImageRGBD(): 15.6697ms
Frame 96 end
Average processing time of GrabImageRGBD(): 15.6604ms
Frame 97 end
Average processing time of GrabImageRGBD(): 15.6441ms
Frame 98 end
Average processing time of GrabImageRGBD(): 15.8026ms
Frame 99 end
Average processing time of GrabImageRGBD(): 15.7848ms
Frame 100 end
Average processing time of GrabImageRGBD(): 15.7537ms
Frame 101 end
Average processing time of GrabImageRGBD(): 15.7209ms
Frame 102 end
Average processing time of GrabImageRGBD(): 15.6757ms
Frame 103 end
Average processing time of GrabImageRGBD(): 15.6477ms
Frame 104 end
Average processing time of GrabImageRGBD(): 15.616ms
Frame 105 end
Average processing time of GrabImageRGBD(): 15.5868ms
Frame 106 end
Average processing time of GrabImageRGBD(): 15.5465ms
Frame 107 end
Average processing time of GrabImageRGBD(): 15.5247ms
Frame 108 end
Average processing time of GrabImageRGBD(): 15.5094ms
Frame 109 end
Average processing time of GrabImageRGBD(): 15.4688ms
Frame 110 end
Average processing time of GrabImageRGBD(): 15.4411ms
Frame 111 end
Average processing time of GrabImageRGBD(): 15.413ms
Frame 112 end
Average processing time of GrabImageRGBD(): 15.3899ms
Frame 113 end
Average processing time of GrabImageRGBD(): 15.3758ms
Frame 114 end
Average processing time of GrabImageRGBD(): 15.374ms
Frame 115 end
Average processing time of GrabImageRGBD(): 15.3802ms
Frame 116 end
Average processing time of GrabImageRGBD(): 15.3511ms
Frame 117 end
Average processing time of GrabImageRGBD(): 15.3326ms
Frame 118 end
Average processing time of GrabImageRGBD(): 15.3035ms
Frame 119 end
Average processing time of GrabImageRGBD(): 15.4633ms
Frame 120 end
Average processing time of GrabImageRGBD(): 15.4565ms
Frame 121 end
Average processing time of GrabImageRGBD(): 15.4347ms
Frame 122 end
Average processing time of GrabImageRGBD(): 15.4087ms
Frame 123 end
Average processing time of GrabImageRGBD(): 15.3856ms
Frame 124 end
Average processing time of GrabImageRGBD(): 15.3681ms
Frame 125 end
Average processing time of GrabImageRGBD(): 15.3715ms
Frame 126 end
Average processing time of GrabImageRGBD(): 15.3408ms
Frame 127 end
Average processing time of GrabImageRGBD(): 15.3195ms
Frame 128 end
Average processing time of GrabImageRGBD(): 15.2966ms
Frame 129 end
Average processing time of GrabImageRGBD(): 15.2606ms
Frame 130 end
Average processing time of GrabImageRGBD(): 15.2424ms
Frame 131 end
Average processing time of GrabImageRGBD(): 15.2301ms
Frame 132 end
Average processing time of GrabImageRGBD(): 15.1894ms
Frame 133 end
Average processing time of GrabImageRGBD(): 15.1643ms
Frame 134 end
Average processing time of GrabImageRGBD(): 15.1462ms
Frame 135 end
Average processing time of GrabImageRGBD(): 15.1098ms
Frame 136 end
Average processing time of GrabImageRGBD(): 15.0928ms
Frame 137 end
Average processing time of GrabImageRGBD(): 15.0629ms
Frame 138 end
Average processing time of GrabImageRGBD(): 15.0422ms
Frame 139 end
Average processing time of GrabImageRGBD(): 15.0262ms
Frame 140 end
Average processing time of GrabImageRGBD(): 15.1276ms
Frame 141 end
Average processing time of GrabImageRGBD(): 15.1094ms
Frame 142 end
Average processing time of GrabImageRGBD(): 15.0937ms
Frame 143 end
Average processing time of GrabImageRGBD(): 15.0811ms
Frame 144 end
Average processing time of GrabImageRGBD(): 15.0559ms
Frame 145 end
Average processing time of GrabImageRGBD(): 15.0402ms
Frame 146 end
Average processing time of GrabImageRGBD(): 15.0286ms
Frame 147 end
Average processing time of GrabImageRGBD(): 15.0046ms
Frame 148 end
Average processing time of GrabImageRGBD(): 14.989ms
Frame 149 end
Average processing time of GrabImageRGBD(): 14.9746ms
Frame 150 end
Average processing time of GrabImageRGBD(): 14.9515ms
Frame 151 end
Average processing time of GrabImageRGBD(): 14.9397ms
Frame 152 end
Average processing time of GrabImageRGBD(): 14.9234ms
Frame 153 end
Average processing time of GrabImageRGBD(): 14.8931ms
Frame 154 end
Average processing time of GrabImageRGBD(): 14.8771ms
Frame 155 end
Average processing time of GrabImageRGBD(): 14.8657ms
Frame 156 end
Average processing time of GrabImageRGBD(): 14.8381ms
Frame 157 end
Average processing time of GrabImageRGBD(): 14.8231ms
Frame 158 end
Average processing time of GrabImageRGBD(): 14.8069ms
Frame 159 end
Average processing time of GrabImageRGBD(): 14.7867ms
Frame 160 end
Average processing time of GrabImageRGBD(): 14.7689ms
Frame 161 end
Average processing time of GrabImageRGBD(): 14.774ms
Frame 162 end
Average processing time of GrabImageRGBD(): 14.7666ms
Frame 163 end
Average processing time of GrabImageRGBD(): 14.7572ms
Frame 164 end
Average processing time of GrabImageRGBD(): 14.7301ms
Frame 165 end
Average processing time of GrabImageRGBD(): 14.7108ms
Frame 166 end
Average processing time of GrabImageRGBD(): 14.6985ms
Frame 167 end
Average processing time of GrabImageRGBD(): 14.8016ms
Frame 168 end
Average processing time of GrabImageRGBD(): 14.7857ms
Frame 169 end
Average processing time of GrabImageRGBD(): 14.7699ms
Frame 170 end
Average processing time of GrabImageRGBD(): 14.7825ms
Frame 171 end
Average processing time of GrabImageRGBD(): 14.7461ms
Frame 172 end
Average processing time of GrabImageRGBD(): 14.7339ms
Frame 173 end
Average processing time of GrabImageRGBD(): 14.7159ms
Frame 174 end
Average processing time of GrabImageRGBD(): 14.701ms
Frame 175 end
Average processing time of GrabImageRGBD(): 14.6867ms
Frame 176 end
Average processing time of GrabImageRGBD(): 14.683ms
Frame 177 end
Average processing time of GrabImageRGBD(): 14.7786ms
Frame 178 end
Average processing time of GrabImageRGBD(): 14.7568ms
Frame 179 end
Average processing time of GrabImageRGBD(): 14.7417ms
Frame 180 end
Average processing time of GrabImageRGBD(): 14.7332ms
Frame 181 end
Average processing time of GrabImageRGBD(): 14.6952ms
Frame 182 end
Average processing time of GrabImageRGBD(): 14.6835ms
Frame 183 end
Average processing time of GrabImageRGBD(): 14.6733ms
Frame 184 end
Average processing time of GrabImageRGBD(): 14.6632ms
Frame 185 end
Average processing time of GrabImageRGBD(): 14.7605ms
Frame 186 end
Average processing time of GrabImageRGBD(): 14.7544ms
Frame 187 end
Average processing time of GrabImageRGBD(): 14.7461ms
Frame 188 end
Average processing time of GrabImageRGBD(): 14.7361ms
Frame 189 end
Average processing time of GrabImageRGBD(): 14.7208ms
Frame 190 end
Average processing time of GrabImageRGBD(): 14.7206ms
Frame 191 end
Average processing time of GrabImageRGBD(): 14.7161ms
Frame 192 end
Average processing time of GrabImageRGBD(): 14.7096ms
Frame 193 end
Average processing time of GrabImageRGBD(): 14.7034ms
Frame 194 end
Average processing time of GrabImageRGBD(): 14.6837ms
Frame 195 end
Average processing time of GrabImageRGBD(): 14.6738ms
Frame 196 end
Average processing time of GrabImageRGBD(): 14.6623ms
Frame 197 end
Average processing time of GrabImageRGBD(): 14.6563ms
Frame 198 end
Average processing time of GrabImageRGBD(): 14.7421ms
Frame 199 end
Average processing time of GrabImageRGBD(): 14.739ms
Frame 200 end
Average processing time of GrabImageRGBD(): 14.7435ms
Frame 201 end
Average processing time of GrabImageRGBD(): 14.7319ms
Frame 202 end
Average processing time of GrabImageRGBD(): 14.711ms
Frame 203 end
Average processing time of GrabImageRGBD(): 14.7061ms
Frame 204 end
Average processing time of GrabImageRGBD(): 14.7036ms
Frame 205 end
Average processing time of GrabImageRGBD(): 14.6997ms
Frame 206 end
Average processing time of GrabImageRGBD(): 14.6842ms
Frame 207 end
Average processing time of GrabImageRGBD(): 14.6752ms
Frame 208 end
Average processing time of GrabImageRGBD(): 14.6697ms
Frame 209 end
Average processing time of GrabImageRGBD(): 14.6512ms
Frame 210 end
Average processing time of GrabImageRGBD(): 14.6441ms
Frame 211 end
Average processing time of GrabImageRGBD(): 14.6385ms
Frame 212 end
Average processing time of GrabImageRGBD(): 14.6238ms
Frame 213 end
Average processing time of GrabImageRGBD(): 14.6129ms
Frame 214 end
Average processing time of GrabImageRGBD(): 14.6088ms
Frame 215 end
Average processing time of GrabImageRGBD(): 14.6137ms
Frame 216 end
Average processing time of GrabImageRGBD(): 14.6063ms
Frame 217 end
Average processing time of GrabImageRGBD(): 14.5965ms
Frame 218 end
Average processing time of GrabImageRGBD(): 14.5866ms
Frame 219 end
Average processing time of GrabImageRGBD(): 14.5815ms
Frame 220 end
Average processing time of GrabImageRGBD(): 14.5671ms
Frame 221 end
Average processing time of GrabImageRGBD(): 14.5573ms
Frame 222 end
Average processing time of GrabImageRGBD(): 14.5523ms
Frame 223 end
Average processing time of GrabImageRGBD(): 14.539ms
Frame 224 end
Average processing time of GrabImageRGBD(): 14.5244ms
Frame 225 end
Average processing time of GrabImageRGBD(): 14.5225ms
Frame 226 end
Average processing time of GrabImageRGBD(): 14.5196ms
Frame 227 end
Average processing time of GrabImageRGBD(): 14.5113ms
Frame 228 end
Average processing time of GrabImageRGBD(): 14.5071ms
Frame 229 end
Average processing time of GrabImageRGBD(): 14.5814ms
Frame 230 end
Average processing time of GrabImageRGBD(): 14.5836ms
Frame 231 end
Average processing time of GrabImageRGBD(): 14.573ms
Frame 232 end
Average processing time of GrabImageRGBD(): 14.5812ms
Frame 233 end
Average processing time of GrabImageRGBD(): 14.5804ms
Frame 234 end
Average processing time of GrabImageRGBD(): 14.5738ms
Frame 235 end
Average processing time of GrabImageRGBD(): 14.5715ms
Frame 236 end
Average processing time of GrabImageRGBD(): 14.5679ms
Frame 237 end
Average processing time of GrabImageRGBD(): 14.5615ms
Frame 238 end
Average processing time of GrabImageRGBD(): 14.5563ms
Frame 239 end
Average processing time of GrabImageRGBD(): 14.5587ms
Frame 240 end
Average processing time of GrabImageRGBD(): 14.5521ms
Frame 241 end
Average processing time of GrabImageRGBD(): 14.5492ms
Frame 242 end
Average processing time of GrabImageRGBD(): 14.5558ms
Frame 243 end
Average processing time of GrabImageRGBD(): 14.5518ms
Frame 244 end
Average processing time of GrabImageRGBD(): 14.5456ms
Frame 245 end
Average processing time of GrabImageRGBD(): 14.5422ms
Frame 246 end
Average processing time of GrabImageRGBD(): 14.604ms
Frame 247 end
Average processing time of GrabImageRGBD(): 14.6023ms
Frame 248 end
Average processing time of GrabImageRGBD(): 14.5847ms
Frame 249 end
Average processing time of GrabImageRGBD(): 14.58ms
Frame 250 end
Average processing time of GrabImageRGBD(): 14.5751ms
Frame 251 end
Average processing time of GrabImageRGBD(): 14.5599ms
Frame 252 end
Average processing time of GrabImageRGBD(): 14.5539ms
Frame 253 end
Average processing time of GrabImageRGBD(): 14.5438ms
Frame 254 end
Average processing time of GrabImageRGBD(): 14.5331ms
Frame 255 end
Average processing time of GrabImageRGBD(): 14.5277ms
Frame 256 end
Average processing time of GrabImageRGBD(): 14.5954ms
Frame 257 end
Average processing time of GrabImageRGBD(): 14.5943ms
Frame 258 end
Average processing time of GrabImageRGBD(): 14.5987ms
Frame 259 end
Average processing time of GrabImageRGBD(): 14.5991ms
Frame 260 end
Average processing time of GrabImageRGBD(): 14.6754ms
Frame 261 end
Average processing time of GrabImageRGBD(): 14.6733ms
Frame 262 end
Average processing time of GrabImageRGBD(): 14.6714ms
Frame 263 end
Average processing time of GrabImageRGBD(): 14.6591ms
Frame 264 end
Average processing time of GrabImageRGBD(): 14.6526ms
Frame 265 end
Average processing time of GrabImageRGBD(): 14.6525ms
Frame 266 end
Average processing time of GrabImageRGBD(): 14.6365ms
Frame 267 end
Average processing time of GrabImageRGBD(): 14.6278ms
Frame 268 end
Average processing time of GrabImageRGBD(): 14.6187ms
Frame 269 end
Average processing time of GrabImageRGBD(): 14.6187ms
Frame 270 end
Average processing time of GrabImageRGBD(): 14.6144ms
Frame 271 end
Average processing time of GrabImageRGBD(): 14.608ms
Frame 272 end
Average processing time of GrabImageRGBD(): 14.6036ms
Frame 273 end
Average processing time of GrabImageRGBD(): 14.6691ms
Frame 274 end
Average processing time of GrabImageRGBD(): 14.6599ms
Frame 275 end
Average processing time of GrabImageRGBD(): 14.6566ms
Frame 276 end
Average processing time of GrabImageRGBD(): 14.6533ms
Frame 277 end
Average processing time of GrabImageRGBD(): 14.642ms
Frame 278 end
Average processing time of GrabImageRGBD(): 14.6383ms
Frame 279 end
Average processing time of GrabImageRGBD(): 14.712ms
Frame 280 end
Average processing time of GrabImageRGBD(): 14.7089ms
Frame 281 end
Average processing time of GrabImageRGBD(): 14.7134ms
Frame 282 end
Average processing time of GrabImageRGBD(): 14.7017ms
Frame 283 end
Average processing time of GrabImageRGBD(): 14.7058ms
Frame 284 end
Average processing time of GrabImageRGBD(): 14.7075ms
Frame 285 end
Average processing time of GrabImageRGBD(): 14.706ms
Frame 286 end
Average processing time of GrabImageRGBD(): 14.702ms
Frame 287 end
Average processing time of GrabImageRGBD(): 14.6949ms
Frame 288 end
Average processing time of GrabImageRGBD(): 14.6825ms
Frame 289 end
Average processing time of GrabImageRGBD(): 14.6705ms
Frame 290 end
Average processing time of GrabImageRGBD(): 14.6682ms
Frame 291 end
Average processing time of GrabImageRGBD(): 14.6663ms
Frame 292 end
Average processing time of GrabImageRGBD(): 14.7302ms
Frame 293 end
Average processing time of GrabImageRGBD(): 14.7319ms
Frame 294 end
Average processing time of GrabImageRGBD(): 14.7293ms
Frame 295 end
Average processing time of GrabImageRGBD(): 14.7252ms
Frame 296 end
Average processing time of GrabImageRGBD(): 14.7223ms
Frame 297 end
Average processing time of GrabImageRGBD(): 14.7202ms
Frame 298 end
Average processing time of GrabImageRGBD(): 14.7138ms
Frame 299 end
Average processing time of GrabImageRGBD(): 14.7166ms
Frame 300 end
Average processing time of GrabImageRGBD(): 14.7122ms
Frame 301 end
Average processing time of GrabImageRGBD(): 14.7012ms
Frame 302 end
Average processing time of GrabImageRGBD(): 14.6982ms
Frame 303 end
Average processing time of GrabImageRGBD(): 14.6938ms
Frame 304 end
Average processing time of GrabImageRGBD(): 14.6887ms
Frame 305 end
Average processing time of GrabImageRGBD(): 14.7543ms
Frame 306 end
Average processing time of GrabImageRGBD(): 14.7643ms
Frame 307 end
Average processing time of GrabImageRGBD(): 14.7572ms
Frame 308 end
Average processing time of GrabImageRGBD(): 14.7495ms
Frame 309 end
Average processing time of GrabImageRGBD(): 14.7517ms
Frame 310 end
Average processing time of GrabImageRGBD(): 14.7474ms
Frame 311 end
Average processing time of GrabImageRGBD(): 14.7458ms
Frame 312 end
Average processing time of GrabImageRGBD(): 14.7455ms
Frame 313 end
Average processing time of GrabImageRGBD(): 14.7353ms
Frame 314 end
Average processing time of GrabImageRGBD(): 14.7397ms
Frame 315 end
Average processing time of GrabImageRGBD(): 14.7399ms
Frame 316 end
Average processing time of GrabImageRGBD(): 14.7371ms
Frame 317 end
Average processing time of GrabImageRGBD(): 14.7396ms
Frame 318 end
Average processing time of GrabImageRGBD(): 14.725ms
Frame 319 end
Average processing time of GrabImageRGBD(): 14.7272ms
Frame 320 end
Average processing time of GrabImageRGBD(): 14.7213ms
Frame 321 end
Average processing time of GrabImageRGBD(): 14.7203ms
Frame 322 end
Average processing time of GrabImageRGBD(): 14.7183ms
Frame 323 end
Average processing time of GrabImageRGBD(): 14.7056ms
Frame 324 end
Average processing time of GrabImageRGBD(): 14.7048ms
Frame 325 end
Average processing time of GrabImageRGBD(): 14.6994ms
Frame 326 end
Average processing time of GrabImageRGBD(): 14.6995ms
Frame 327 end
Average processing time of GrabImageRGBD(): 14.6928ms
Frame 328 end
Average processing time of GrabImageRGBD(): 14.6869ms
Frame 329 end
Average processing time of GrabImageRGBD(): 14.7467ms
Frame 330 end
Average processing time of GrabImageRGBD(): 14.7387ms
Frame 331 end
Average processing time of GrabImageRGBD(): 14.7424ms
Frame 332 end
Average processing time of GrabImageRGBD(): 14.7409ms
Frame 333 end
Average processing time of GrabImageRGBD(): 14.74ms
Frame 334 end
Average processing time of GrabImageRGBD(): 14.7407ms
Frame 335 end
Average processing time of GrabImageRGBD(): 14.7383ms
Frame 336 end
Average processing time of GrabImageRGBD(): 14.7387ms
Frame 337 end
Average processing time of GrabImageRGBD(): 14.7351ms
Frame 338 end
Average processing time of GrabImageRGBD(): 14.7899ms
Frame 339 end
Average processing time of GrabImageRGBD(): 14.7868ms
Frame 340 end
Average processing time of GrabImageRGBD(): 14.7922ms
Frame 341 end
Average processing time of GrabImageRGBD(): 14.7918ms
Frame 342 end
Average processing time of GrabImageRGBD(): 14.8399ms
Frame 343 end
Average processing time of GrabImageRGBD(): 14.8364ms
Frame 344 end
Average processing time of GrabImageRGBD(): 14.834ms
Frame 345 end
Average processing time of GrabImageRGBD(): 14.832ms
Frame 346 end
Average processing time of GrabImageRGBD(): 14.8231ms
Frame 347 end
Average processing time of GrabImageRGBD(): 14.8021ms
Frame 348 end
Average processing time of GrabImageRGBD(): 14.7975ms
Frame 349 end
Average processing time of GrabImageRGBD(): 14.7951ms
Frame 350 end
Average processing time of GrabImageRGBD(): 14.7884ms
Frame 351 end
Average processing time of GrabImageRGBD(): 14.7851ms
Frame 352 end
Average processing time of GrabImageRGBD(): 14.7822ms
Frame 353 end
Average processing time of GrabImageRGBD(): 14.782ms
Frame 354 end
Average processing time of GrabImageRGBD(): 14.7725ms
Frame 355 end
Average processing time of GrabImageRGBD(): 14.7707ms
Frame 356 end
Average processing time of GrabImageRGBD(): 14.7666ms
Frame 357 end
Average processing time of GrabImageRGBD(): 14.7608ms
Frame 358 end
Average processing time of GrabImageRGBD(): 14.7619ms
Frame 359 end
Average processing time of GrabImageRGBD(): 14.7648ms
Frame 360 end
Average processing time of GrabImageRGBD(): 14.7602ms
Frame 361 end
Average processing time of GrabImageRGBD(): 14.754ms
Frame 362 end
Average processing time of GrabImageRGBD(): 14.7453ms
Frame 363 end
Average processing time of GrabImageRGBD(): 14.7452ms
Frame 364 end
Average processing time of GrabImageRGBD(): 14.7416ms
Frame 365 end
Average processing time of GrabImageRGBD(): 14.73ms
Frame 366 end
Average processing time of GrabImageRGBD(): 14.7812ms
Frame 367 end
Average processing time of GrabImageRGBD(): 14.7779ms
Frame 368 end
Average processing time of GrabImageRGBD(): 14.7739ms
Frame 369 end
Average processing time of GrabImageRGBD(): 14.8272ms
Frame 370 end
Average processing time of GrabImageRGBD(): 14.8188ms
Frame 371 end
Average processing time of GrabImageRGBD(): 14.8178ms
Frame 372 end
Average processing time of GrabImageRGBD(): 14.8685ms
Frame 373 end
Average processing time of GrabImageRGBD(): 14.873ms
Frame 374 end
Average processing time of GrabImageRGBD(): 14.8732ms
Frame 375 end
Average processing time of GrabImageRGBD(): 14.8724ms
Frame 376 end
Average processing time of GrabImageRGBD(): 14.8701ms
Frame 377 end
Average processing time of GrabImageRGBD(): 14.8723ms
Frame 378 end
Average processing time of GrabImageRGBD(): 14.8645ms
Frame 379 end
Average processing time of GrabImageRGBD(): 14.8587ms
Frame 380 end
Average processing time of GrabImageRGBD(): 14.8586ms
Frame 381 end
Average processing time of GrabImageRGBD(): 14.8551ms
Frame 382 end
Average processing time of GrabImageRGBD(): 14.8524ms
Frame 383 end
Average processing time of GrabImageRGBD(): 14.8458ms
Frame 384 end
Average processing time of GrabImageRGBD(): 14.8419ms
Frame 385 end
Average processing time of GrabImageRGBD(): 14.8383ms
Frame 386 end
Average processing time of GrabImageRGBD(): 14.8783ms
Frame 387 end
Average processing time of GrabImageRGBD(): 14.8738ms
Frame 388 end
Average processing time of GrabImageRGBD(): 14.8697ms
Frame 389 end
Average processing time of GrabImageRGBD(): 14.8655ms
Frame 390 end
Average processing time of GrabImageRGBD(): 14.8678ms
Frame 391 end
Average processing time of GrabImageRGBD(): 14.8625ms
Frame 392 end
Average processing time of GrabImageRGBD(): 14.8705ms
Frame 393 end
Average processing time of GrabImageRGBD(): 14.862ms
Frame 394 end
Average processing time of GrabImageRGBD(): 14.8576ms
Frame 395 end
Average processing time of GrabImageRGBD(): 14.8996ms
Frame 396 end
Average processing time of GrabImageRGBD(): 14.8979ms
Frame 397 end
Average processing time of GrabImageRGBD(): 14.9005ms
Frame 398 end
Average processing time of GrabImageRGBD(): 14.904ms
Frame 399 end
Average processing time of GrabImageRGBD(): 14.9083ms
Frame 400 end
Average processing time of GrabImageRGBD(): 14.9033ms
Frame 401 end
Average processing time of GrabImageRGBD(): 14.9045ms
Frame 402 end
Average processing time of GrabImageRGBD(): 14.8984ms
Frame 403 end
Average processing time of GrabImageRGBD(): 14.8912ms
Frame 404 end
Average processing time of GrabImageRGBD(): 14.8935ms
Frame 405 end
Average processing time of GrabImageRGBD(): 14.8957ms
Frame 406 end
Average processing time of GrabImageRGBD(): 14.9003ms
Frame 407 end
Average processing time of GrabImageRGBD(): 14.9006ms
Frame 408 end
Average processing time of GrabImageRGBD(): 14.8962ms
Frame 409 end
Average processing time of GrabImageRGBD(): 14.8933ms
Frame 410 end
Average processing time of GrabImageRGBD(): 14.8941ms
Frame 411 end
Average processing time of GrabImageRGBD(): 14.8965ms
Frame 412 end
Average processing time of GrabImageRGBD(): 14.8983ms
Frame 413 end
Average processing time of GrabImageRGBD(): 14.8981ms
Frame 414 end
Average processing time of GrabImageRGBD(): 14.9556ms
Frame 415 end
Average processing time of GrabImageRGBD(): 14.9593ms
Frame 416 end
Average processing time of GrabImageRGBD(): 14.9612ms
Frame 417 end
Average processing time of GrabImageRGBD(): 14.9593ms
Frame 418 end
Average processing time of GrabImageRGBD(): 14.9584ms
Frame 419 end
Average processing time of GrabImageRGBD(): 14.9551ms
Frame 420 end
Average processing time of GrabImageRGBD(): 14.9533ms
Frame 421 end
Average processing time of GrabImageRGBD(): 14.9513ms
Frame 422 end
Average processing time of GrabImageRGBD(): 14.9474ms
Frame 423 end
Average processing time of GrabImageRGBD(): 14.9487ms
Frame 424 end
Average processing time of GrabImageRGBD(): 14.9477ms
Frame 425 end
Average processing time of GrabImageRGBD(): 14.9465ms
Frame 426 end
Average processing time of GrabImageRGBD(): 14.9484ms
Frame 427 end
Average processing time of GrabImageRGBD(): 14.9451ms
Frame 428 end
Average processing time of GrabImageRGBD(): 14.9458ms
Frame 429 end
Average processing time of GrabImageRGBD(): 14.9392ms
Frame 430 end
Average processing time of GrabImageRGBD(): 14.9383ms
Frame 431 end
Average processing time of GrabImageRGBD(): 14.9296ms
Frame 432 end
Average processing time of GrabImageRGBD(): 14.9218ms
Frame 433 end
Average processing time of GrabImageRGBD(): 14.9303ms
Frame 434 end
Average processing time of GrabImageRGBD(): 14.9313ms
Frame 435 end
Average processing time of GrabImageRGBD(): 14.9268ms
Frame 436 end
Average processing time of GrabImageRGBD(): 14.9237ms
Frame 437 end
Average processing time of GrabImageRGBD(): 14.9292ms
Frame 438 end
Average processing time of GrabImageRGBD(): 14.9319ms
Frame 439 end
Average processing time of GrabImageRGBD(): 14.9272ms
Frame 440 end
Average processing time of GrabImageRGBD(): 14.9239ms
Frame 441 end
Average processing time of GrabImageRGBD(): 14.9238ms
Frame 442 end
Average processing time of GrabImageRGBD(): 14.9208ms
Frame 443 end
Average processing time of GrabImageRGBD(): 14.9638ms
Frame 444 end
Average processing time of GrabImageRGBD(): 14.9654ms
Frame 445 end
Average processing time of GrabImageRGBD(): 14.9696ms
Frame 446 end
Average processing time of GrabImageRGBD(): 14.9715ms
Frame 447 end
Average processing time of GrabImageRGBD(): 14.9669ms
Frame 448 end
Average processing time of GrabImageRGBD(): 14.9587ms
Frame 449 end
Average processing time of GrabImageRGBD(): 14.9577ms
Frame 450 end
Average processing time of GrabImageRGBD(): 14.955ms
Frame 451 end
Average processing time of GrabImageRGBD(): 14.9525ms
Frame 452 end
Average processing time of GrabImageRGBD(): 14.9524ms
Frame 453 end
Average processing time of GrabImageRGBD(): 14.9483ms
Frame 454 end
Average processing time of GrabImageRGBD(): 14.9557ms
Frame 455 end
Average processing time of GrabImageRGBD(): 14.9501ms
Frame 456 end
Average processing time of GrabImageRGBD(): 14.9463ms
Frame 457 end
Average processing time of GrabImageRGBD(): 14.9429ms
Frame 458 end
Average processing time of GrabImageRGBD(): 14.946ms
Frame 459 end
Average processing time of GrabImageRGBD(): 14.9464ms
Frame 460 end
Average processing time of GrabImageRGBD(): 14.9377ms
Frame 461 end
Average processing time of GrabImageRGBD(): 14.9356ms
Frame 462 end
Average processing time of GrabImageRGBD(): 14.9349ms
Frame 463 end
Average processing time of GrabImageRGBD(): 14.9354ms
Frame 464 end
Average processing time of GrabImageRGBD(): 14.9766ms
Frame 465 end
Average processing time of GrabImageRGBD(): 14.9777ms
Frame 466 end
Average processing time of GrabImageRGBD(): 14.9788ms
Frame 467 end
Average processing time of GrabImageRGBD(): 14.9751ms
Frame 468 end
Average processing time of GrabImageRGBD(): 14.9763ms
Frame 469 end
Average processing time of GrabImageRGBD(): 15.0135ms
Frame 470 end
Average processing time of GrabImageRGBD(): 15.0108ms
Frame 471 end
Average processing time of GrabImageRGBD(): 15.0064ms
Frame 472 end
Average processing time of GrabImageRGBD(): 15.0007ms
Frame 473 end
Average processing time of GrabImageRGBD(): 14.9922ms
Frame 474 end
Average processing time of GrabImageRGBD(): 14.9957ms
Frame 475 end
Average processing time of GrabImageRGBD(): 14.9958ms
Frame 476 end
Average processing time of GrabImageRGBD(): 14.9959ms
Frame 477 end
Average processing time of GrabImageRGBD(): 14.9958ms
Frame 478 end
Average processing time of GrabImageRGBD(): 14.9857ms
Frame 479 end
Average processing time of GrabImageRGBD(): 14.9888ms
Frame 480 end
Average processing time of GrabImageRGBD(): 14.9881ms
Frame 481 end
Average processing time of GrabImageRGBD(): 14.9851ms
Frame 482 end
Average processing time of GrabImageRGBD(): 14.9875ms
Frame 483 end
Average processing time of GrabImageRGBD(): 14.9871ms
Frame 484 end
Average processing time of GrabImageRGBD(): 14.9905ms
Frame 485 end
Average processing time of GrabImageRGBD(): 14.99ms
Frame 486 end
Average processing time of GrabImageRGBD(): 14.9914ms
Frame 487 end
Average processing time of GrabImageRGBD(): 14.9835ms
Frame 488 end
Average processing time of GrabImageRGBD(): 14.9835ms
Frame 489 end
Average processing time of GrabImageRGBD(): 14.9853ms
Frame 490 end
Average processing time of GrabImageRGBD(): 14.985ms
Frame 491 end
Average processing time of GrabImageRGBD(): 14.9876ms
Frame 492 end
Average processing time of GrabImageRGBD(): 14.9916ms
Frame 493 end
Average processing time of GrabImageRGBD(): 14.9905ms
Frame 494 end
Average processing time of GrabImageRGBD(): 14.9854ms
Frame 495 end
Average processing time of GrabImageRGBD(): 14.9848ms
Frame 496 end
Average processing time of GrabImageRGBD(): 14.9788ms
Frame 497 end
Average processing time of GrabImageRGBD(): 14.9791ms
Frame 498 end
Average processing time of GrabImageRGBD(): 14.9773ms
Frame 499 end
Average processing time of GrabImageRGBD(): 14.9748ms
Frame 500 end
Average processing time of GrabImageRGBD(): 15.0114ms
Frame 501 end
Average processing time of GrabImageRGBD(): 15.0071ms
Frame 502 end
Average processing time of GrabImageRGBD(): 15.0055ms
Frame 503 end
Average processing time of GrabImageRGBD(): 15.0049ms
Frame 504 end
Average processing time of GrabImageRGBD(): 15.0028ms
Frame 505 end
Average processing time of GrabImageRGBD(): 15.0044ms
Frame 506 end
Average processing time of GrabImageRGBD(): 15.0035ms
Frame 507 end
Average processing time of GrabImageRGBD(): 15.004ms
Frame 508 end
Average processing time of GrabImageRGBD(): 15.0034ms
Frame 509 end
Average processing time of GrabImageRGBD(): 15.0046ms
Frame 510 end
Average processing time of GrabImageRGBD(): 15.0577ms
Frame 511 end
Average processing time of GrabImageRGBD(): 15.0593ms
Frame 512 end
Average processing time of GrabImageRGBD(): 15.0518ms
Frame 513 end
Average processing time of GrabImageRGBD(): 15.0472ms
Frame 514 end
Average processing time of GrabImageRGBD(): 15.0389ms
Frame 515 end
Average processing time of GrabImageRGBD(): 15.037ms
Frame 516 end
Average processing time of GrabImageRGBD(): 15.0336ms
Frame 517 end
Average processing time of GrabImageRGBD(): 15.0344ms
Frame 518 end
Average processing time of GrabImageRGBD(): 15.0352ms
Frame 519 end
Average processing time of GrabImageRGBD(): 15.0299ms
Frame 520 end
Average processing time of GrabImageRGBD(): 15.0255ms
Frame 521 end
Average processing time of GrabImageRGBD(): 15.0241ms
Frame 522 end
Average processing time of GrabImageRGBD(): 15.0204ms
Frame 523 end
Average processing time of GrabImageRGBD(): 15.015ms
Frame 524 end
Average processing time of GrabImageRGBD(): 15.0125ms
Frame 525 end
Average processing time of GrabImageRGBD(): 15.0197ms
Frame 526 end
Average processing time of GrabImageRGBD(): 15.0138ms
Frame 527 end
Average processing time of GrabImageRGBD(): 15.0408ms
Frame 528 end
Average processing time of GrabImageRGBD(): 15.0406ms
Frame 529 end
Average processing time of GrabImageRGBD(): 15.0399ms
Frame 530 end
Average processing time of GrabImageRGBD(): 15.0398ms
Frame 531 end
Average processing time of GrabImageRGBD(): 15.0343ms
Frame 532 end
Average processing time of GrabImageRGBD(): 15.0346ms
Frame 533 end
Average processing time of GrabImageRGBD(): 15.0333ms
Frame 534 end
Average processing time of GrabImageRGBD(): 15.0337ms
Frame 535 end
Average processing time of GrabImageRGBD(): 15.0315ms
Frame 536 end
Average processing time of GrabImageRGBD(): 15.0257ms
Frame 537 end
Average processing time of GrabImageRGBD(): 15.0234ms
Frame 538 end
Average processing time of GrabImageRGBD(): 15.0195ms
Frame 539 end
Average processing time of GrabImageRGBD(): 15.0195ms
Frame 540 end
Average processing time of GrabImageRGBD(): 15.0204ms
Frame 541 end
Average processing time of GrabImageRGBD(): 15.0529ms
Frame 542 end
Average processing time of GrabImageRGBD(): 15.0493ms
Frame 543 end
Average processing time of GrabImageRGBD(): 15.0428ms
Frame 544 end
Average processing time of GrabImageRGBD(): 15.0419ms
Frame 545 end
Average processing time of GrabImageRGBD(): 15.0396ms
Frame 546 end
Average processing time of GrabImageRGBD(): 15.0366ms
Frame 547 end
Average processing time of GrabImageRGBD(): 15.0321ms
Frame 548 end
Average processing time of GrabImageRGBD(): 15.0279ms
Frame 549 end
Average processing time of GrabImageRGBD(): 15.0251ms
Frame 550 end
Average processing time of GrabImageRGBD(): 15.021ms
Frame 551 end
Average processing time of GrabImageRGBD(): 15.019ms
Frame 552 end
Average processing time of GrabImageRGBD(): 15.0128ms
Frame 553 end
Average processing time of GrabImageRGBD(): 15.0136ms
Frame 554 end
Average processing time of GrabImageRGBD(): 15.0113ms
Frame 555 end
Average processing time of GrabImageRGBD(): 15.0047ms
Frame 556 end
Average processing time of GrabImageRGBD(): 15.002ms
Frame 557 end
Average processing time of GrabImageRGBD(): 14.9985ms
Frame 558 end
Average processing time of GrabImageRGBD(): 14.9936ms
Frame 559 end
Average processing time of GrabImageRGBD(): 14.9899ms
Frame 560 end
Average processing time of GrabImageRGBD(): 14.9842ms
Frame 561 end
Average processing time of GrabImageRGBD(): 14.981ms
Frame 562 end
Average processing time of GrabImageRGBD(): 14.9771ms
Frame 563 end
Average processing time of GrabImageRGBD(): 14.9714ms
Frame 564 end
Average processing time of GrabImageRGBD(): 14.9688ms
Frame 565 end
Average processing time of GrabImageRGBD(): 14.9673ms
Frame 566 end
Average processing time of GrabImageRGBD(): 14.9635ms
Frame 567 end
Average processing time of GrabImageRGBD(): 14.9615ms
Frame 568 end
Average processing time of GrabImageRGBD(): 14.9575ms
Frame 569 end
Average processing time of GrabImageRGBD(): 14.9541ms
Frame 570 end
Average processing time of GrabImageRGBD(): 14.95ms
Frame 571 end
Average processing time of GrabImageRGBD(): 14.9469ms
Frame 572 end
Average processing time of GrabImageRGBD(): 14.9849ms
Frame 573 end
Average processing time of GrabImageRGBD(): 14.985ms
Frame 574 end
Average processing time of GrabImageRGBD(): 14.9842ms
Frame 575 end
Average processing time of GrabImageRGBD(): 14.9806ms
Frame 576 end
Average processing time of GrabImageRGBD(): 14.9776ms
Frame 577 end
Average processing time of GrabImageRGBD(): 14.9769ms
Frame 578 end
Average processing time of GrabImageRGBD(): 14.9779ms
Frame 579 end
Average processing time of GrabImageRGBD(): 14.9769ms
Frame 580 end
Average processing time of GrabImageRGBD(): 14.9709ms
Frame 581 end
Average processing time of GrabImageRGBD(): 14.9685ms
Frame 582 end
Average processing time of GrabImageRGBD(): 14.9734ms
Frame 583 end
Average processing time of GrabImageRGBD(): 14.9682ms
Frame 584 end
Average processing time of GrabImageRGBD(): 14.966ms
Frame 585 end
Average processing time of GrabImageRGBD(): 14.9665ms
Frame 586 end
Average processing time of GrabImageRGBD(): 14.9934ms
Frame 587 end
Average processing time of GrabImageRGBD(): 14.9871ms
Frame 588 end
Average processing time of GrabImageRGBD(): 14.9866ms
Frame 589 end
Average processing time of GrabImageRGBD(): 14.9824ms
Frame 590 end
Average processing time of GrabImageRGBD(): 14.9806ms
Frame 591 end
Average processing time of GrabImageRGBD(): 14.9798ms
Frame 592 end
Average processing time of GrabImageRGBD(): 14.9777ms
Frame 593 end
Average processing time of GrabImageRGBD(): 14.9752ms
Frame 594 end
Average processing time of GrabImageRGBD(): 14.9685ms
Frame 595 end
Average processing time of GrabImageRGBD(): 14.9642ms
Frame 596 end
Average processing time of GrabImageRGBD(): 14.9663ms
Frame 597 end
Average processing time of GrabImageRGBD(): 14.9597ms
Frame 598 end
Average processing time of GrabImageRGBD(): 14.9572ms
Frame 599 end
Average processing time of GrabImageRGBD(): 14.956ms
Frame 600 end
Average processing time of GrabImageRGBD(): 14.9531ms
Frame 601 end
Average processing time of GrabImageRGBD(): 14.9527ms
Frame 602 end
Average processing time of GrabImageRGBD(): 14.9558ms
Frame 603 end
Average processing time of GrabImageRGBD(): 14.9535ms
Frame 604 end
Average processing time of GrabImageRGBD(): 14.9486ms
Frame 605 end
Average processing time of GrabImageRGBD(): 14.9458ms
Frame 606 end
Average processing time of GrabImageRGBD(): 14.9433ms
Frame 607 end
Average processing time of GrabImageRGBD(): 14.9427ms
Frame 608 end
Average processing time of GrabImageRGBD(): 14.9413ms
Frame 609 end
Average processing time of GrabImageRGBD(): 14.9365ms
Frame 610 end
Average processing time of GrabImageRGBD(): 14.9371ms
Frame 611 end
Average processing time of GrabImageRGBD(): 14.968ms
Frame 612 end
Average processing time of GrabImageRGBD(): 14.9678ms
Frame 613 end
Average processing time of GrabImageRGBD(): 14.9675ms
Frame 614 end
Average processing time of GrabImageRGBD(): 14.9663ms
Frame 615 end
Average processing time of GrabImageRGBD(): 14.9661ms
Frame 616 end
Average processing time of GrabImageRGBD(): 14.9617ms
Frame 617 end
Average processing time of GrabImageRGBD(): 14.9616ms
Frame 618 end
Average processing time of GrabImageRGBD(): 14.9576ms
Frame 619 end
Average processing time of GrabImageRGBD(): 14.9518ms
Frame 620 end
Average processing time of GrabImageRGBD(): 14.9477ms
Frame 621 end
Average processing time of GrabImageRGBD(): 14.9471ms
Frame 622 end
Average processing time of GrabImageRGBD(): 14.9456ms
Frame 623 end
Average processing time of GrabImageRGBD(): 14.9458ms
Frame 624 end
Average processing time of GrabImageRGBD(): 14.9428ms
Frame 625 end
Average processing time of GrabImageRGBD(): 14.9438ms
Frame 626 end
Average processing time of GrabImageRGBD(): 14.9396ms
Frame 627 end
Average processing time of GrabImageRGBD(): 14.9374ms
Frame 628 end
Average processing time of GrabImageRGBD(): 14.9361ms
Frame 629 end
Average processing time of GrabImageRGBD(): 14.9316ms
Frame 630 end
Average processing time of GrabImageRGBD(): 14.9313ms
Frame 631 end
Average processing time of GrabImageRGBD(): 14.9271ms
Frame 632 end
Average processing time of GrabImageRGBD(): 14.9241ms
Frame 633 end
Average processing time of GrabImageRGBD(): 14.9265ms
Frame 634 end
Average processing time of GrabImageRGBD(): 14.9306ms
Frame 635 end
Average processing time of GrabImageRGBD(): 14.9298ms
Frame 636 end
Average processing time of GrabImageRGBD(): 14.9327ms
Frame 637 end
Average processing time of GrabImageRGBD(): 14.9353ms
Frame 638 end
Average processing time of GrabImageRGBD(): 14.934ms
Frame 639 end
Average processing time of GrabImageRGBD(): 14.9323ms
Frame 640 end
Average processing time of GrabImageRGBD(): 14.9272ms
Frame 641 end
Average processing time of GrabImageRGBD(): 14.9248ms
Frame 642 end
Average processing time of GrabImageRGBD(): 14.9526ms
Frame 643 end
Average processing time of GrabImageRGBD(): 14.9507ms
Frame 644 end
Average processing time of GrabImageRGBD(): 14.9479ms
Frame 645 end
Average processing time of GrabImageRGBD(): 14.9468ms
Frame 646 end
Average processing time of GrabImageRGBD(): 14.9444ms
Frame 647 end
Average processing time of GrabImageRGBD(): 14.94ms
Frame 648 end
Average processing time of GrabImageRGBD(): 14.9403ms
Frame 649 end
Average processing time of GrabImageRGBD(): 14.9393ms
Frame 650 end
Average processing time of GrabImageRGBD(): 14.9386ms
Frame 651 end
Average processing time of GrabImageRGBD(): 14.9411ms
Frame 652 end
Average processing time of GrabImageRGBD(): 14.9409ms
Frame 653 end
Average processing time of GrabImageRGBD(): 14.9402ms
Frame 654 end
Average processing time of GrabImageRGBD(): 14.936ms
Frame 655 end
Average processing time of GrabImageRGBD(): 14.9315ms
Frame 656 end
Average processing time of GrabImageRGBD(): 14.9311ms
Frame 657 end
Average processing time of GrabImageRGBD(): 14.926ms
Frame 658 end
Average processing time of GrabImageRGBD(): 14.9254ms
Frame 659 end
Average processing time of GrabImageRGBD(): 14.9248ms
Frame 660 end
Average processing time of GrabImageRGBD(): 14.9225ms
Frame 661 end
Average processing time of GrabImageRGBD(): 14.9181ms
Frame 662 end
Average processing time of GrabImageRGBD(): 14.9195ms
Frame 663 end
Average processing time of GrabImageRGBD(): 14.9165ms
Frame 664 end
Average processing time of GrabImageRGBD(): 14.9149ms
Frame 665 end
Average processing time of GrabImageRGBD(): 14.9117ms
Frame 666 end
Average processing time of GrabImageRGBD(): 14.9097ms
Frame 667 end
Average processing time of GrabImageRGBD(): 14.9109ms
Frame 668 end
Average processing time of GrabImageRGBD(): 14.91ms
Frame 669 end
Average processing time of GrabImageRGBD(): 14.9091ms
Frame 670 end
Average processing time of GrabImageRGBD(): 14.906ms
Frame 671 end
Average processing time of GrabImageRGBD(): 14.9036ms
Frame 672 end
Average processing time of GrabImageRGBD(): 14.9054ms
Frame 673 end
Average processing time of GrabImageRGBD(): 14.9452ms
Frame 674 end
Average processing time of GrabImageRGBD(): 14.9456ms
Frame 675 end
Average processing time of GrabImageRGBD(): 14.9478ms
Frame 676 end
Average processing time of GrabImageRGBD(): 14.9463ms
Frame 677 end
Average processing time of GrabImageRGBD(): 14.9475ms
Frame 678 end
Average processing time of GrabImageRGBD(): 14.9466ms
Frame 679 end
Shutdown
-------

median tracking time: 0.0143976
mean tracking time: 0.0157139

Saving camera trajectory to CameraTrajectory.txt ...

Saving keyframe trajectory to KeyFrameTrajectory.txt ...
