
ORB-SLAM3 Copyright (C) 2017-2020 Carlos Campos, Richard Elvira, Juan J. Gómez, José M.M. Montiel and Juan D. Tardós, University of Zaragoza.
ORB-SLAM2 Copyright (C) 2014-2016 Raúl Mur-Artal, José M.M. Montiel and Juan D. Tardós, University of Zaragoza.
This program comes with ABSOLUTELY NO WARRANTY;
This is free software, and you are welcome to redistribute it
under certain conditions. See LICENSE.txt.

Input sensor was set to: RGB-D
Loading settings from /home/bingxin/Downloads/NGD-SLAM/Examples/RGB-D/Bonn.yaml
Camera1.k3 optional parameter does not exist...
	-Loaded camera 1
Camera.newHeight optional parameter does not exist...
Camera.newWidth optional parameter does not exist...
	-Loaded image info
	-Loaded RGB-D calibration
	-Loaded ORB settings
Viewer.imageViewScale optional parameter does not exist...
	-Loaded viewer settings
System.LoadAtlasFromFile optional parameter does not exist...
System.SaveAtlasToFile optional parameter does not exist...
	-Loaded Atlas settings
System.thFarPoints optional parameter does not exist...
	-Loaded misc parameters
----------------------------------
SLAM settings: 
	-Camera 1 parameters (Pinhole): [ 542.823 542.577 315.594 237.756 ]
	-Camera 1 distortion parameters: [  0.039903 -0.099343 -0.00073 -0.000144 ]
	-Original image size: [ 640 , 480 ]
	-Current image size: [ 640 , 480 ]
	-Sequence FPS: 30
	-RGB-D depth map factor: 5000
	-Features per image: 1000
	-ORB scale factor: 1.2
	-ORB number of scales: 8
	-Initial FAST threshold: 20
	-Min FAST threshold: 7


Loading ORB Vocabulary. This could take a while...
Vocabulary loaded!

Initialization of Atlas from scratch 
Creation of new map with id: 0
Creation of new map with last KF id: 0
Seq. Name: 
There are 1 cameras in the atlas
Camera 0 is pinhole
Net use yolo-fastest

-------
Start processing sequence ...
Images in the sequence: 358

First KF:0; Map init KF:0
New Map created with 877 points
Average processing time of GrabImageRGBD(): 54.2374ms
Frame 0 end
Average processing time of GrabImageRGBD(): 42.3975ms
Frame 1 end
Average processing time of GrabImageRGBD(): 36.9971ms
Frame 2 end
Average processing time of GrabImageRGBD(): 30.3883ms
Frame 3 end
Average processing time of GrabImageRGBD(): 26.3585ms
Frame 4 end
Starting the Viewer
Average processing time of GrabImageRGBD(): 22.5834ms
Frame 5 end
Average processing time of GrabImageRGBD(): 20.9354ms
Frame 6 end
Average processing time of GrabImageRGBD(): 19.6776ms
Frame 7 end
Average processing time of GrabImageRGBD(): 18.4661ms
Frame 8 end
Average processing time of GrabImageRGBD(): 16.9462ms
Frame 9 end
Average processing time of GrabImageRGBD(): 16.3079ms
Frame 10 end
Average processing time of GrabImageRGBD(): 15.7997ms
Frame 11 end
Average processing time of GrabImageRGBD(): 15.4109ms
Frame 12 end
Average processing time of GrabImageRGBD(): 14.9073ms
Frame 13 end
Average processing time of GrabImageRGBD(): 14.5723ms
Frame 14 end
Average processing time of GrabImageRGBD(): 14.065ms
Frame 15 end
Average processing time of GrabImageRGBD(): 13.7334ms
Frame 16 end
Average processing time of GrabImageRGBD(): 13.3758ms
Frame 17 end
Average processing time of GrabImageRGBD(): 13.1799ms
Frame 18 end
Average processing time of GrabImageRGBD(): 13.0124ms
Frame 19 end
Average processing time of GrabImageRGBD(): 12.5416ms
Frame 20 end
Average processing time of GrabImageRGBD(): 12.3643ms
Frame 21 end
Average processing time of GrabImageRGBD(): 11.9929ms
Frame 22 end
Average processing time of GrabImageRGBD(): 11.8867ms
Frame 23 end
Average processing time of GrabImageRGBD(): 11.6973ms
Frame 24 end
Average processing time of GrabImageRGBD(): 11.3609ms
Frame 25 end
Average processing time of GrabImageRGBD(): 11.1939ms
Frame 26 end
Average processing time of GrabImageRGBD(): 11.0951ms
Frame 27 end
Average processing time of GrabImageRGBD(): 10.8409ms
Frame 28 end
Average processing time of GrabImageRGBD(): 10.7861ms
Frame 29 end
Average processing time of GrabImageRGBD(): 10.5686ms
Frame 30 end
Average processing time of GrabImageRGBD(): 10.536ms
Frame 31 end
Average processing time of GrabImageRGBD(): 10.393ms
Frame 32 end
Average processing time of GrabImageRGBD(): 10.3396ms
Frame 33 end
Average processing time of GrabImageRGBD(): 10.2939ms
Frame 34 end
Average processing time of GrabImageRGBD(): 10.1047ms
Frame 35 end
Average processing time of GrabImageRGBD(): 10.0649ms
Frame 36 end
Average processing time of GrabImageRGBD(): 10.0332ms
Frame 37 end
Average processing time of GrabImageRGBD(): 9.85055ms
Frame 38 end
Average processing time of GrabImageRGBD(): 9.69288ms
Frame 39 end
Average processing time of GrabImageRGBD(): 9.65996ms
Frame 40 end
Average processing time of GrabImageRGBD(): 9.50549ms
Frame 41 end
Average processing time of GrabImageRGBD(): 9.51229ms
Frame 42 end
Average processing time of GrabImageRGBD(): 9.37903ms
Frame 43 end
Average processing time of GrabImageRGBD(): 9.3762ms
Frame 44 end
Average processing time of GrabImageRGBD(): 9.36733ms
Frame 45 end
Average processing time of GrabImageRGBD(): 9.23632ms
Frame 46 end
Average processing time of GrabImageRGBD(): 9.24349ms
Frame 47 end
Average processing time of GrabImageRGBD(): 9.25229ms
Frame 48 end
Average processing time of GrabImageRGBD(): 9.12953ms
Frame 49 end
Average processing time of GrabImageRGBD(): 9.02594ms
Frame 50 end
Average processing time of GrabImageRGBD(): 9.03252ms
Frame 51 end
Average processing time of GrabImageRGBD(): 9.04592ms
Frame 52 end
Average processing time of GrabImageRGBD(): 8.93133ms
Frame 53 end
Average processing time of GrabImageRGBD(): 8.91485ms
Frame 54 end
Average processing time of GrabImageRGBD(): 8.84474ms
Frame 55 end
Average processing time of GrabImageRGBD(): 8.8496ms
Frame 56 end
Average processing time of GrabImageRGBD(): 8.86412ms
Frame 57 end
Average processing time of GrabImageRGBD(): 8.8691ms
Frame 58 end
Average processing time of GrabImageRGBD(): 8.77247ms
Frame 59 end
Average processing time of GrabImageRGBD(): 8.78637ms
Frame 60 end
Average processing time of GrabImageRGBD(): 8.70511ms
Frame 61 end
Average processing time of GrabImageRGBD(): 8.7403ms
Frame 62 end
Average processing time of GrabImageRGBD(): 8.75252ms
Frame 63 end
Average processing time of GrabImageRGBD(): 8.76998ms
Frame 64 end
Average processing time of GrabImageRGBD(): 8.82505ms
Frame 65 end
Average processing time of GrabImageRGBD(): 8.83387ms
Frame 66 end
Average processing time of GrabImageRGBD(): 8.80378ms
Frame 67 end
Average processing time of GrabImageRGBD(): 8.82874ms
Frame 68 end
Average processing time of GrabImageRGBD(): 8.88586ms
Frame 69 end
Average processing time of GrabImageRGBD(): 8.89501ms
Frame 70 end
Average processing time of GrabImageRGBD(): 8.91132ms
Frame 71 end
Average processing time of GrabImageRGBD(): 8.91806ms
Frame 72 end
Average processing time of GrabImageRGBD(): 8.96999ms
Frame 73 end
Average processing time of GrabImageRGBD(): 9.28832ms
Frame 74 end
Average processing time of GrabImageRGBD(): 9.30752ms
Frame 75 end
Average processing time of GrabImageRGBD(): 9.34379ms
Frame 76 end
Average processing time of GrabImageRGBD(): 9.61496ms
Frame 77 end
Average processing time of GrabImageRGBD(): 9.63229ms
Frame 78 end
Average processing time of GrabImageRGBD(): 9.678ms
Frame 79 end
Average processing time of GrabImageRGBD(): 9.72538ms
Frame 80 end
Average processing time of GrabImageRGBD(): 9.77402ms
Frame 81 end
Average processing time of GrabImageRGBD(): 9.82618ms
Frame 82 end
Average processing time of GrabImageRGBD(): 9.85891ms
Frame 83 end
Average processing time of GrabImageRGBD(): 9.90178ms
Frame 84 end
Average processing time of GrabImageRGBD(): 9.9294ms
Frame 85 end
Average processing time of GrabImageRGBD(): 10.1997ms
Frame 86 end
Average processing time of GrabImageRGBD(): 10.2174ms
Frame 87 end
Average processing time of GrabImageRGBD(): 10.2501ms
Frame 88 end
Average processing time of GrabImageRGBD(): 10.289ms
Frame 89 end
Average processing time of GrabImageRGBD(): 10.3147ms
Frame 90 end
Average processing time of GrabImageRGBD(): 10.3431ms
Frame 91 end
Average processing time of GrabImageRGBD(): 10.351ms
Frame 92 end
Average processing time of GrabImageRGBD(): 10.3724ms
Frame 93 end
Average processing time of GrabImageRGBD(): 10.3987ms
Frame 94 end
Average processing time of GrabImageRGBD(): 10.3987ms
Frame 95 end
Average processing time of GrabImageRGBD(): 10.4198ms
Frame 96 end
Average processing time of GrabImageRGBD(): 10.4492ms
Frame 97 end
Average processing time of GrabImageRGBD(): 10.6684ms
Frame 98 end
Average processing time of GrabImageRGBD(): 10.666ms
Frame 99 end
Average processing time of GrabImageRGBD(): 10.688ms
Frame 100 end
Average processing time of GrabImageRGBD(): 10.6993ms
Frame 101 end
Average processing time of GrabImageRGBD(): 10.7043ms
Frame 102 end
Average processing time of GrabImageRGBD(): 10.7327ms
Frame 103 end
Average processing time of GrabImageRGBD(): 10.9503ms
Frame 104 end
Average processing time of GrabImageRGBD(): 10.9633ms
Frame 105 end
Average processing time of GrabImageRGBD(): 10.9726ms
Frame 106 end
Average processing time of GrabImageRGBD(): 10.9894ms
Frame 107 end
Average processing time of GrabImageRGBD(): 11.0009ms
Frame 108 end
Average processing time of GrabImageRGBD(): 10.9879ms
Frame 109 end
Average processing time of GrabImageRGBD(): 11.1836ms
Frame 110 end
Average processing time of GrabImageRGBD(): 11.1799ms
Frame 111 end
Average processing time of GrabImageRGBD(): 11.1513ms
Frame 112 end
Average processing time of GrabImageRGBD(): 11.3617ms
Frame 113 end
Average processing time of GrabImageRGBD(): 11.3707ms
Frame 114 end
Average processing time of GrabImageRGBD(): 11.3816ms
Frame 115 end
Average processing time of GrabImageRGBD(): 11.3983ms
Frame 116 end
Average processing time of GrabImageRGBD(): 11.5985ms
Frame 117 end
Average processing time of GrabImageRGBD(): 11.6191ms
Frame 118 end
Average processing time of GrabImageRGBD(): 11.6254ms
Frame 119 end
Average processing time of GrabImageRGBD(): 11.6368ms
Frame 120 end
Average processing time of GrabImageRGBD(): 11.6656ms
Frame 121 end
Average processing time of GrabImageRGBD(): 11.6765ms
Frame 122 end
Average processing time of GrabImageRGBD(): 11.7131ms
Frame 123 end
Average processing time of GrabImageRGBD(): 11.8881ms
Frame 124 end
Average processing time of GrabImageRGBD(): 11.9298ms
Frame 125 end
Average processing time of GrabImageRGBD(): 11.9442ms
Frame 126 end
Average processing time of GrabImageRGBD(): 11.9621ms
Frame 127 end
Average processing time of GrabImageRGBD(): 11.9876ms
Frame 128 end
Average processing time of GrabImageRGBD(): 12.1777ms
Frame 129 end
Average processing time of GrabImageRGBD(): 12.218ms
Frame 130 end
Average processing time of GrabImageRGBD(): 12.2354ms
Frame 131 end
Average processing time of GrabImageRGBD(): 12.23ms
Frame 132 end
Average processing time of GrabImageRGBD(): 12.3883ms
Frame 133 end
Average processing time of GrabImageRGBD(): 12.4307ms
Frame 134 end
Average processing time of GrabImageRGBD(): 12.4617ms
Frame 135 end
Average processing time of GrabImageRGBD(): 12.4812ms
Frame 136 end
Average processing time of GrabImageRGBD(): 12.6684ms
Frame 137 end
Average processing time of GrabImageRGBD(): 12.6849ms
Frame 138 end
Average processing time of GrabImageRGBD(): 12.704ms
Frame 139 end
Average processing time of GrabImageRGBD(): 12.7323ms
Frame 140 end
Average processing time of GrabImageRGBD(): 12.732ms
Frame 141 end
Average processing time of GrabImageRGBD(): 12.7698ms
Frame 142 end
Average processing time of GrabImageRGBD(): 12.9121ms
Frame 143 end
Average processing time of GrabImageRGBD(): 12.9343ms
Frame 144 end
Average processing time of GrabImageRGBD(): 12.9434ms
Frame 145 end
Average processing time of GrabImageRGBD(): 12.9461ms
Frame 146 end
Average processing time of GrabImageRGBD(): 12.9494ms
Frame 147 end
Average processing time of GrabImageRGBD(): 13.0888ms
Frame 148 end
Average processing time of GrabImageRGBD(): 13.0922ms
Frame 149 end
Average processing time of GrabImageRGBD(): 13.0933ms
Frame 150 end
Average processing time of GrabImageRGBD(): 13.1046ms
Frame 151 end
Average processing time of GrabImageRGBD(): 13.2296ms
Frame 152 end
Average processing time of GrabImageRGBD(): 13.2339ms
Frame 153 end
Average processing time of GrabImageRGBD(): 13.246ms
Frame 154 end
Average processing time of GrabImageRGBD(): 13.3879ms
Frame 155 end
Average processing time of GrabImageRGBD(): 13.4022ms
Frame 156 end
Average processing time of GrabImageRGBD(): 13.4306ms
Frame 157 end
Average processing time of GrabImageRGBD(): 13.554ms
Frame 158 end
Average processing time of GrabImageRGBD(): 13.5807ms
Frame 159 end
Average processing time of GrabImageRGBD(): 13.5752ms
Frame 160 end
Average processing time of GrabImageRGBD(): 13.5659ms
Frame 161 end
Average processing time of GrabImageRGBD(): 13.5566ms
Frame 162 end
Average processing time of GrabImageRGBD(): 13.7434ms
Frame 163 end
Average processing time of GrabImageRGBD(): 13.7646ms
Frame 164 end
Average processing time of GrabImageRGBD(): 13.7704ms
Frame 165 end
Average processing time of GrabImageRGBD(): 13.7659ms
Frame 166 end
Average processing time of GrabImageRGBD(): 13.7489ms
Frame 167 end
Average processing time of GrabImageRGBD(): 13.7447ms
Frame 168 end
Average processing time of GrabImageRGBD(): 13.7441ms
Frame 169 end
Average processing time of GrabImageRGBD(): 13.7281ms
Frame 170 end
Average processing time of GrabImageRGBD(): 13.7216ms
Frame 171 end
Average processing time of GrabImageRGBD(): 13.7236ms
Frame 172 end
Average processing time of GrabImageRGBD(): 13.7179ms
Frame 173 end
Average processing time of GrabImageRGBD(): 13.7168ms
Frame 174 end
Average processing time of GrabImageRGBD(): 13.7103ms
Frame 175 end
Average processing time of GrabImageRGBD(): 13.6921ms
Frame 176 end
Average processing time of GrabImageRGBD(): 13.6834ms
Frame 177 end
Average processing time of GrabImageRGBD(): 13.671ms
Frame 178 end
Average processing time of GrabImageRGBD(): 13.6389ms
Frame 179 end
Average processing time of GrabImageRGBD(): 13.6267ms
Frame 180 end
Average processing time of GrabImageRGBD(): 13.5988ms
Frame 181 end
Average processing time of GrabImageRGBD(): 13.5864ms
Frame 182 end
Average processing time of GrabImageRGBD(): 13.5772ms
Frame 183 end
Average processing time of GrabImageRGBD(): 13.5693ms
Frame 184 end
Average processing time of GrabImageRGBD(): 13.5528ms
Frame 185 end
Average processing time of GrabImageRGBD(): 13.5581ms
Frame 186 end
Average processing time of GrabImageRGBD(): 13.6737ms
Frame 187 end
Average processing time of GrabImageRGBD(): 13.6685ms
Frame 188 end
Average processing time of GrabImageRGBD(): 13.6673ms
Frame 189 end
Average processing time of GrabImageRGBD(): 13.6611ms
Frame 190 end
Average processing time of GrabImageRGBD(): 13.6489ms
Frame 191 end
Average processing time of GrabImageRGBD(): 13.6458ms
Frame 192 end
Average processing time of GrabImageRGBD(): 13.6368ms
Frame 193 end
Average processing time of GrabImageRGBD(): 13.6186ms
Frame 194 end
Average processing time of GrabImageRGBD(): 13.6125ms
Frame 195 end
Average processing time of GrabImageRGBD(): 13.6073ms
Frame 196 end
Average processing time of GrabImageRGBD(): 13.5978ms
Frame 197 end
Average processing time of GrabImageRGBD(): 13.5872ms
Frame 198 end
Average processing time of GrabImageRGBD(): 13.5806ms
Frame 199 end
Average processing time of GrabImageRGBD(): 13.573ms
Frame 200 end
Average processing time of GrabImageRGBD(): 13.5591ms
Frame 201 end
Average processing time of GrabImageRGBD(): 13.5537ms
Frame 202 end
Average processing time of GrabImageRGBD(): 13.5486ms
Frame 203 end
Average processing time of GrabImageRGBD(): 13.526ms
Frame 204 end
Average processing time of GrabImageRGBD(): 13.5218ms
Frame 205 end
Average processing time of GrabImageRGBD(): 13.5159ms
Frame 206 end
Average processing time of GrabImageRGBD(): 13.4965ms
Frame 207 end
Average processing time of GrabImageRGBD(): 13.4894ms
Frame 208 end
Average processing time of GrabImageRGBD(): 13.4808ms
Frame 209 end
Average processing time of GrabImageRGBD(): 13.4534ms
Frame 210 end
Average processing time of GrabImageRGBD(): 13.44ms
Frame 211 end
Average processing time of GrabImageRGBD(): 13.4078ms
Frame 212 end
Average processing time of GrabImageRGBD(): 13.4016ms
Frame 213 end
Average processing time of GrabImageRGBD(): 13.3938ms
Frame 214 end
Average processing time of GrabImageRGBD(): 13.3783ms
Frame 215 end
Average processing time of GrabImageRGBD(): 13.3723ms
Frame 216 end
Average processing time of GrabImageRGBD(): 13.3485ms
Frame 217 end
Average processing time of GrabImageRGBD(): 13.3027ms
Frame 218 end
Average processing time of GrabImageRGBD(): 13.257ms
Frame 219 end
Average processing time of GrabImageRGBD(): 13.2106ms
Frame 220 end
Average processing time of GrabImageRGBD(): 13.185ms
Frame 221 end
Average processing time of GrabImageRGBD(): 13.1608ms
Frame 222 end
Average processing time of GrabImageRGBD(): 13.1188ms
Frame 223 end
Average processing time of GrabImageRGBD(): 13.0758ms
Frame 224 end
Average processing time of GrabImageRGBD(): 13.0624ms
Frame 225 end
Average processing time of GrabImageRGBD(): 13.1184ms
Frame 226 end
Average processing time of GrabImageRGBD(): 13.1087ms
Frame 227 end
Average processing time of GrabImageRGBD(): 13.0657ms
Frame 228 end
Average processing time of GrabImageRGBD(): 13.0233ms
Frame 229 end
Average processing time of GrabImageRGBD(): 13.0062ms
Frame 230 end
Average processing time of GrabImageRGBD(): 12.9649ms
Frame 231 end
Average processing time of GrabImageRGBD(): 12.9493ms
Frame 232 end
Average processing time of GrabImageRGBD(): 12.9324ms
Frame 233 end
Average processing time of GrabImageRGBD(): 12.9068ms
Frame 234 end
Average processing time of GrabImageRGBD(): 12.8896ms
Frame 235 end
Average processing time of GrabImageRGBD(): 12.8559ms
Frame 236 end
Average processing time of GrabImageRGBD(): 12.8378ms
Frame 237 end
Average processing time of GrabImageRGBD(): 12.8116ms
Frame 238 end
Average processing time of GrabImageRGBD(): 12.7946ms
Frame 239 end
Average processing time of GrabImageRGBD(): 12.7788ms
Frame 240 end
Average processing time of GrabImageRGBD(): 12.7376ms
Frame 241 end
Average processing time of GrabImageRGBD(): 12.6985ms
Frame 242 end
Average processing time of GrabImageRGBD(): 12.6823ms
Frame 243 end
Average processing time of GrabImageRGBD(): 12.6445ms
Frame 244 end
Average processing time of GrabImageRGBD(): 12.6071ms
Frame 245 end
Average processing time of GrabImageRGBD(): 12.5917ms
Frame 246 end
Average processing time of GrabImageRGBD(): 12.5748ms
Frame 247 end
Average processing time of GrabImageRGBD(): 12.557ms
Frame 248 end
Average processing time of GrabImageRGBD(): 12.5208ms
Frame 249 end
Average processing time of GrabImageRGBD(): 12.4857ms
Frame 250 end
Average processing time of GrabImageRGBD(): 12.4712ms
Frame 251 end
Average processing time of GrabImageRGBD(): 12.4445ms
Frame 252 end
Average processing time of GrabImageRGBD(): 12.4234ms
Frame 253 end
Average processing time of GrabImageRGBD(): 12.3892ms
Frame 254 end
Average processing time of GrabImageRGBD(): 12.3554ms
Frame 255 end
Average processing time of GrabImageRGBD(): 12.3408ms
Frame 256 end
Average processing time of GrabImageRGBD(): 12.3261ms
Frame 257 end
Average processing time of GrabImageRGBD(): 12.3027ms
Frame 258 end
Average processing time of GrabImageRGBD(): 12.2905ms
Frame 259 end
Average processing time of GrabImageRGBD(): 12.2593ms
Frame 260 end
Average processing time of GrabImageRGBD(): 12.2302ms
Frame 261 end
Average processing time of GrabImageRGBD(): 12.2168ms
Frame 262 end
Average processing time of GrabImageRGBD(): 12.1927ms
Frame 263 end
Average processing time of GrabImageRGBD(): 12.1781ms
Frame 264 end
Average processing time of GrabImageRGBD(): 12.1652ms
Frame 265 end
Average processing time of GrabImageRGBD(): 12.1391ms
Frame 266 end
Average processing time of GrabImageRGBD(): 12.1118ms
Frame 267 end
Average processing time of GrabImageRGBD(): 12.0846ms
Frame 268 end
Average processing time of GrabImageRGBD(): 12.0527ms
Frame 269 end
Average processing time of GrabImageRGBD(): 12.0203ms
Frame 270 end
Average processing time of GrabImageRGBD(): 11.9896ms
Frame 271 end
Average processing time of GrabImageRGBD(): 11.9644ms
Frame 272 end
Average processing time of GrabImageRGBD(): 11.951ms
Frame 273 end
Average processing time of GrabImageRGBD(): 11.9375ms
Frame 274 end
Average processing time of GrabImageRGBD(): 11.9248ms
Frame 275 end
Average processing time of GrabImageRGBD(): 11.8932ms
Frame 276 end
Average processing time of GrabImageRGBD(): 11.8797ms
Frame 277 end
Average processing time of GrabImageRGBD(): 11.867ms
Frame 278 end
Average processing time of GrabImageRGBD(): 11.8419ms
Frame 279 end
Average processing time of GrabImageRGBD(): 11.8122ms
Frame 280 end
Average processing time of GrabImageRGBD(): 11.801ms
Frame 281 end
Average processing time of GrabImageRGBD(): 11.7891ms
Frame 282 end
Average processing time of GrabImageRGBD(): 11.7725ms
Frame 283 end
Average processing time of GrabImageRGBD(): 11.7602ms
Frame 284 end
Average processing time of GrabImageRGBD(): 11.7312ms
Frame 285 end
Average processing time of GrabImageRGBD(): 11.703ms
Frame 286 end
Average processing time of GrabImageRGBD(): 11.6921ms
Frame 287 end
Average processing time of GrabImageRGBD(): 11.6806ms
Frame 288 end
Average processing time of GrabImageRGBD(): 11.6513ms
Frame 289 end
Average processing time of GrabImageRGBD(): 11.6376ms
Frame 290 end
Average processing time of GrabImageRGBD(): 11.6212ms
Frame 291 end
Average processing time of GrabImageRGBD(): 11.6095ms
Frame 292 end
Average processing time of GrabImageRGBD(): 11.5988ms
Frame 293 end
Average processing time of GrabImageRGBD(): 11.5852ms
Frame 294 end
Average processing time of GrabImageRGBD(): 11.5569ms
Frame 295 end
Average processing time of GrabImageRGBD(): 11.53ms
Frame 296 end
Average processing time of GrabImageRGBD(): 11.5191ms
Frame 297 end
Average processing time of GrabImageRGBD(): 11.4926ms
Frame 298 end
Average processing time of GrabImageRGBD(): 11.4835ms
Frame 299 end
Average processing time of GrabImageRGBD(): 11.4708ms
Frame 300 end
Average processing time of GrabImageRGBD(): 11.4602ms
Frame 301 end
Average processing time of GrabImageRGBD(): 11.4523ms
Frame 302 end
Average processing time of GrabImageRGBD(): 11.4434ms
Frame 303 end
Average processing time of GrabImageRGBD(): 11.4171ms
Frame 304 end
Average processing time of GrabImageRGBD(): 11.3919ms
Frame 305 end
Average processing time of GrabImageRGBD(): 11.3667ms
Frame 306 end
Average processing time of GrabImageRGBD(): 11.358ms
Frame 307 end
Average processing time of GrabImageRGBD(): 11.332ms
Frame 308 end
Average processing time of GrabImageRGBD(): 11.3211ms
Frame 309 end
Average processing time of GrabImageRGBD(): 11.3041ms
Frame 310 end
Average processing time of GrabImageRGBD(): 11.286ms
Frame 311 end
Average processing time of GrabImageRGBD(): 11.2642ms
Frame 312 end
Average processing time of GrabImageRGBD(): 11.2526ms
Frame 313 end
Average processing time of GrabImageRGBD(): 11.2286ms
Frame 314 end
Average processing time of GrabImageRGBD(): 11.2193ms
Frame 315 end
Average processing time of GrabImageRGBD(): 11.2049ms
Frame 316 end
Average processing time of GrabImageRGBD(): 11.1813ms
Frame 317 end
Average processing time of GrabImageRGBD(): 11.1686ms
Frame 318 end
Average processing time of GrabImageRGBD(): 11.1444ms
Frame 319 end
Average processing time of GrabImageRGBD(): 11.1358ms
Frame 320 end
Average processing time of GrabImageRGBD(): 11.1173ms
Frame 321 end
Average processing time of GrabImageRGBD(): 11.0938ms
Frame 322 end
Average processing time of GrabImageRGBD(): 11.0856ms
Frame 323 end
Average processing time of GrabImageRGBD(): 11.0777ms
Frame 324 end
Average processing time of GrabImageRGBD(): 11.0632ms
Frame 325 end
Average processing time of GrabImageRGBD(): 11.0541ms
Frame 326 end
Average processing time of GrabImageRGBD(): 11.0412ms
Frame 327 end
Average processing time of GrabImageRGBD(): 11.0313ms
Frame 328 end
Average processing time of GrabImageRGBD(): 11.0247ms
Frame 329 end
Average processing time of GrabImageRGBD(): 11.0014ms
Frame 330 end
Average processing time of GrabImageRGBD(): 10.9928ms
Frame 331 end
Average processing time of GrabImageRGBD(): 10.9806ms
Frame 332 end
Average processing time of GrabImageRGBD(): 10.9709ms
Frame 333 end
Average processing time of GrabImageRGBD(): 10.9625ms
Frame 334 end
Average processing time of GrabImageRGBD(): 10.9544ms
Frame 335 end
Average processing time of GrabImageRGBD(): 10.9311ms
Frame 336 end
Average processing time of GrabImageRGBD(): 10.9091ms
Frame 337 end
Average processing time of GrabImageRGBD(): 10.8863ms
Frame 338 end
Average processing time of GrabImageRGBD(): 10.9358ms
Frame 339 end
Average processing time of GrabImageRGBD(): 10.9157ms
Frame 340 end
Average processing time of GrabImageRGBD(): 10.8936ms
Frame 341 end
Average processing time of GrabImageRGBD(): 10.8857ms
Frame 342 end
Average processing time of GrabImageRGBD(): 10.8788ms
Frame 343 end
Average processing time of GrabImageRGBD(): 10.87ms
Frame 344 end
Average processing time of GrabImageRGBD(): 10.8648ms
Frame 345 end
Average processing time of GrabImageRGBD(): 10.8514ms
Frame 346 end
Average processing time of GrabImageRGBD(): 10.8372ms
Frame 347 end
Average processing time of GrabImageRGBD(): 10.8159ms
Frame 348 end
Average processing time of GrabImageRGBD(): 10.8124ms
Frame 349 end
Average processing time of GrabImageRGBD(): 10.806ms
Frame 350 end
Average processing time of GrabImageRGBD(): 10.7851ms
Frame 351 end
Average processing time of GrabImageRGBD(): 10.7785ms
Frame 352 end
Average processing time of GrabImageRGBD(): 10.7724ms
Frame 353 end
Average processing time of GrabImageRGBD(): 10.765ms
Frame 354 end
Average processing time of GrabImageRGBD(): 10.7527ms
Frame 355 end
Average processing time of GrabImageRGBD(): 10.7473ms
Frame 356 end
Average processing time of GrabImageRGBD(): 10.7313ms
Frame 357 end
Shutdown
-------

median tracking time: 0.010088
mean tracking time: 0.0115378

Saving camera trajectory to CameraTrajectory.txt ...

Saving keyframe trajectory to KeyFrameTrajectory.txt ...
