
ORB-SLAM3 Copyright (C) 2017-2020 Carlos Campos, Richard Elvira, Juan J. Gómez, José M.M. Montiel and Juan D. Tardós, University of Zaragoza.
ORB-SLAM2 Copyright (C) 2014-2016 Raúl Mur-Artal, José M.M. Montiel and Juan D. Tardós, University of Zaragoza.
This program comes with ABSOLUTELY NO WARRANTY;
This is free software, and you are welcome to redistribute it
under certain conditions. See LICENSE.txt.

Input sensor was set to: RGB-D
Loading settings from /home/bingxin/Downloads/NGD-SLAM/Examples/RGB-D/Bonn.yaml
Camera1.k3 optional parameter does not exist...
	-Loaded camera 1
Camera.newHeight optional parameter does not exist...
Camera.newWidth optional parameter does not exist...
	-Loaded image info
	-Loaded RGB-D calibration
	-Loaded ORB settings
Viewer.imageViewScale optional parameter does not exist...
	-Loaded viewer settings
System.LoadAtlasFromFile optional parameter does not exist...
System.SaveAtlasToFile optional parameter does not exist...
	-Loaded Atlas settings
System.thFarPoints optional parameter does not exist...
	-Loaded misc parameters
----------------------------------
SLAM settings: 
	-Camera 1 parameters (Pinhole): [ 542.823 542.577 315.594 237.756 ]
	-Camera 1 distortion parameters: [  0.039903 -0.099343 -0.00073 -0.000144 ]
	-Original image size: [ 640 , 480 ]
	-Current image size: [ 640 , 480 ]
	-Sequence FPS: 30
	-RGB-D depth map factor: 5000
	-Features per image: 1000
	-ORB scale factor: 1.2
	-ORB number of scales: 8
	-Initial FAST threshold: 20
	-Min FAST threshold: 7


Loading ORB Vocabulary. This could take a while...
Vocabulary loaded!

Initialization of Atlas from scratch 
Creation of new map with id: 0
Creation of new map with last KF id: 0
Seq. Name: 
There are 1 cameras in the atlas
Camera 0 is pinhole
Net use yolo-fastest

-------
Start processing sequence ...
Images in the sequence: 783

First KF:0; Map init KF:0
New Map created with 954 points
Average processing time of GrabImageRGBD(): 43.4686ms
Frame 0 end
Average processing time of GrabImageRGBD(): 34.8825ms
Frame 1 end
Average processing time of GrabImageRGBD(): 31.8976ms
Frame 2 end
Average processing time of GrabImageRGBD(): 27.1793ms
Frame 3 end
Average processing time of GrabImageRGBD(): 23.1527ms
Frame 4 end
Average processing time of GrabImageRGBD(): 20.6925ms
Frame 5 end
Average processing time of GrabImageRGBD(): 18.292ms
Frame 6 end
Starting the Viewer
Average processing time of GrabImageRGBD(): 16.4789ms
Frame 7 end
Average processing time of GrabImageRGBD(): 15.3476ms
Frame 8 end
Average processing time of GrabImageRGBD(): 14.8261ms
Frame 9 end
Average processing time of GrabImageRGBD(): 14.4813ms
Frame 10 end
Average processing time of GrabImageRGBD(): 14.1577ms
Frame 11 end
Average processing time of GrabImageRGBD(): 13.6297ms
Frame 12 end
Average processing time of GrabImageRGBD(): 13.1426ms
Frame 13 end
Average processing time of GrabImageRGBD(): 12.9369ms
Frame 14 end
Average processing time of GrabImageRGBD(): 12.7737ms
Frame 15 end
Average processing time of GrabImageRGBD(): 12.2157ms
Frame 16 end
Average processing time of GrabImageRGBD(): 11.7553ms
Frame 17 end
Average processing time of GrabImageRGBD(): 11.56ms
Frame 18 end
Average processing time of GrabImageRGBD(): 11.1778ms
Frame 19 end
Average processing time of GrabImageRGBD(): 11.1173ms
Frame 20 end
Average processing time of GrabImageRGBD(): 10.9072ms
Frame 21 end
Average processing time of GrabImageRGBD(): 10.8296ms
Frame 22 end
Average processing time of GrabImageRGBD(): 10.6216ms
Frame 23 end
Average processing time of GrabImageRGBD(): 10.3561ms
Frame 24 end
Average processing time of GrabImageRGBD(): 10.3188ms
Frame 25 end
Average processing time of GrabImageRGBD(): 11.0429ms
Frame 26 end
Average processing time of GrabImageRGBD(): 10.7727ms
Frame 27 end
Average processing time of GrabImageRGBD(): 10.7215ms
Frame 28 end
Average processing time of GrabImageRGBD(): 10.6851ms
Frame 29 end
Average processing time of GrabImageRGBD(): 10.4528ms
Frame 30 end
Average processing time of GrabImageRGBD(): 10.2482ms
Frame 31 end
Average processing time of GrabImageRGBD(): 10.2282ms
Frame 32 end
Average processing time of GrabImageRGBD(): 10.1902ms
Frame 33 end
Average processing time of GrabImageRGBD(): 10.174ms
Frame 34 end
Average processing time of GrabImageRGBD(): 9.98462ms
Frame 35 end
Average processing time of GrabImageRGBD(): 9.97525ms
Frame 36 end
Average processing time of GrabImageRGBD(): 9.88031ms
Frame 37 end
Average processing time of GrabImageRGBD(): 9.70575ms
Frame 38 end
Average processing time of GrabImageRGBD(): 10.1891ms
Frame 39 end
Average processing time of GrabImageRGBD(): 10.0366ms
Frame 40 end
Average processing time of GrabImageRGBD(): 10.0219ms
Frame 41 end
Average processing time of GrabImageRGBD(): 9.98872ms
Frame 42 end
Average processing time of GrabImageRGBD(): 9.96259ms
Frame 43 end
Average processing time of GrabImageRGBD(): 9.93623ms
Frame 44 end
Average processing time of GrabImageRGBD(): 9.79682ms
Frame 45 end
Average processing time of GrabImageRGBD(): 9.71086ms
Frame 46 end
Average processing time of GrabImageRGBD(): 9.57104ms
Frame 47 end
Average processing time of GrabImageRGBD(): 9.501ms
Frame 48 end
Average processing time of GrabImageRGBD(): 9.44889ms
Frame 49 end
Average processing time of GrabImageRGBD(): 9.84196ms
Frame 50 end
Average processing time of GrabImageRGBD(): 9.73305ms
Frame 51 end
Average processing time of GrabImageRGBD(): 10.0692ms
Frame 52 end
Average processing time of GrabImageRGBD(): 10.0839ms
Frame 53 end
Average processing time of GrabImageRGBD(): 9.95773ms
Frame 54 end
Average processing time of GrabImageRGBD(): 9.95355ms
Frame 55 end
Average processing time of GrabImageRGBD(): 9.94604ms
Frame 56 end
Average processing time of GrabImageRGBD(): 9.83911ms
Frame 57 end
Average processing time of GrabImageRGBD(): 9.76124ms
Frame 58 end
Average processing time of GrabImageRGBD(): 9.69473ms
Frame 59 end
Average processing time of GrabImageRGBD(): 9.69271ms
Frame 60 end
Average processing time of GrabImageRGBD(): 9.70133ms
Frame 61 end
Average processing time of GrabImageRGBD(): 9.59734ms
Frame 62 end
Average processing time of GrabImageRGBD(): 9.56899ms
Frame 63 end
Average processing time of GrabImageRGBD(): 9.57299ms
Frame 64 end
Average processing time of GrabImageRGBD(): 9.56279ms
Frame 65 end
Average processing time of GrabImageRGBD(): 9.88104ms
Frame 66 end
Average processing time of GrabImageRGBD(): 9.86463ms
Frame 67 end
Average processing time of GrabImageRGBD(): 10.1025ms
Frame 68 end
Average processing time of GrabImageRGBD(): 10.0208ms
Frame 69 end
Average processing time of GrabImageRGBD(): 9.9234ms
Frame 70 end
Average processing time of GrabImageRGBD(): 9.9162ms
Frame 71 end
Average processing time of GrabImageRGBD(): 10.1642ms
Frame 72 end
Average processing time of GrabImageRGBD(): 10.173ms
Frame 73 end
Average processing time of GrabImageRGBD(): 10.1761ms
Frame 74 end
Average processing time of GrabImageRGBD(): 10.0933ms
Frame 75 end
Average processing time of GrabImageRGBD(): 10.0036ms
Frame 76 end
Average processing time of GrabImageRGBD(): 9.9774ms
Frame 77 end
Average processing time of GrabImageRGBD(): 9.96851ms
Frame 78 end
Average processing time of GrabImageRGBD(): 9.96358ms
Frame 79 end
Average processing time of GrabImageRGBD(): 9.97161ms
Frame 80 end
Average processing time of GrabImageRGBD(): 9.95521ms
Frame 81 end
Average processing time of GrabImageRGBD(): 9.94231ms
Frame 82 end
Average processing time of GrabImageRGBD(): 9.88276ms
Frame 83 end
Average processing time of GrabImageRGBD(): 9.88152ms
Frame 84 end
Average processing time of GrabImageRGBD(): 9.87231ms
Frame 85 end
Average processing time of GrabImageRGBD(): 9.79163ms
Frame 86 end
Average processing time of GrabImageRGBD(): 9.76266ms
Frame 87 end
Average processing time of GrabImageRGBD(): 9.69148ms
Frame 88 end
Average processing time of GrabImageRGBD(): 9.67611ms
Frame 89 end
Average processing time of GrabImageRGBD(): 9.66788ms
Frame 90 end
Average processing time of GrabImageRGBD(): 9.59597ms
Frame 91 end
Average processing time of GrabImageRGBD(): 9.54307ms
Frame 92 end
Average processing time of GrabImageRGBD(): 9.52079ms
Frame 93 end
Average processing time of GrabImageRGBD(): 9.50949ms
Frame 94 end
Average processing time of GrabImageRGBD(): 9.71593ms
Frame 95 end
Average processing time of GrabImageRGBD(): 9.72134ms
Frame 96 end
Average processing time of GrabImageRGBD(): 9.65184ms
Frame 97 end
Average processing time of GrabImageRGBD(): 9.59049ms
Frame 98 end
Average processing time of GrabImageRGBD(): 9.58005ms
Frame 99 end
Average processing time of GrabImageRGBD(): 9.57058ms
Frame 100 end
Average processing time of GrabImageRGBD(): 9.51044ms
Frame 101 end
Average processing time of GrabImageRGBD(): 9.50669ms
Frame 102 end
Average processing time of GrabImageRGBD(): 9.50379ms
Frame 103 end
Average processing time of GrabImageRGBD(): 9.50415ms
Frame 104 end
Average processing time of GrabImageRGBD(): 9.47856ms
Frame 105 end
Average processing time of GrabImageRGBD(): 9.42123ms
Frame 106 end
Average processing time of GrabImageRGBD(): 9.39765ms
Frame 107 end
Average processing time of GrabImageRGBD(): 9.60234ms
Frame 108 end
Average processing time of GrabImageRGBD(): 9.60223ms
Frame 109 end
Average processing time of GrabImageRGBD(): 9.56393ms
Frame 110 end
Average processing time of GrabImageRGBD(): 9.55217ms
Frame 111 end
Average processing time of GrabImageRGBD(): 9.52822ms
Frame 112 end
Average processing time of GrabImageRGBD(): 9.47645ms
Frame 113 end
Average processing time of GrabImageRGBD(): 9.4928ms
Frame 114 end
Average processing time of GrabImageRGBD(): 9.4412ms
Frame 115 end
Average processing time of GrabImageRGBD(): 9.38783ms
Frame 116 end
Average processing time of GrabImageRGBD(): 9.39473ms
Frame 117 end
Average processing time of GrabImageRGBD(): 9.39705ms
Frame 118 end
Average processing time of GrabImageRGBD(): 9.40064ms
Frame 119 end
Average processing time of GrabImageRGBD(): 9.5691ms
Frame 120 end
Average processing time of GrabImageRGBD(): 9.58448ms
Frame 121 end
Average processing time of GrabImageRGBD(): 9.53469ms
Frame 122 end
Average processing time of GrabImageRGBD(): 9.49397ms
Frame 123 end
Average processing time of GrabImageRGBD(): 9.4626ms
Frame 124 end
Average processing time of GrabImageRGBD(): 9.42885ms
Frame 125 end
Average processing time of GrabImageRGBD(): 9.43023ms
Frame 126 end
Average processing time of GrabImageRGBD(): 9.4317ms
Frame 127 end
Average processing time of GrabImageRGBD(): 9.38557ms
Frame 128 end
Average processing time of GrabImageRGBD(): 9.38915ms
Frame 129 end
Average processing time of GrabImageRGBD(): 9.39107ms
Frame 130 end
Average processing time of GrabImageRGBD(): 9.38949ms
Frame 131 end
Average processing time of GrabImageRGBD(): 9.54673ms
Frame 132 end
Average processing time of GrabImageRGBD(): 9.52345ms
Frame 133 end
Average processing time of GrabImageRGBD(): 9.52653ms
Frame 134 end
Average processing time of GrabImageRGBD(): 9.48347ms
Frame 135 end
Average processing time of GrabImageRGBD(): 9.46683ms
Frame 136 end
Average processing time of GrabImageRGBD(): 9.42504ms
Frame 137 end
Average processing time of GrabImageRGBD(): 9.42603ms
Frame 138 end
Average processing time of GrabImageRGBD(): 9.56261ms
Frame 139 end
Average processing time of GrabImageRGBD(): 9.57546ms
Frame 140 end
Average processing time of GrabImageRGBD(): 9.58388ms
Frame 141 end
Average processing time of GrabImageRGBD(): 9.58683ms
Frame 142 end
Average processing time of GrabImageRGBD(): 9.58915ms
Frame 143 end
Average processing time of GrabImageRGBD(): 9.55144ms
Frame 144 end
Average processing time of GrabImageRGBD(): 9.50905ms
Frame 145 end
Average processing time of GrabImageRGBD(): 9.51102ms
Frame 146 end
Average processing time of GrabImageRGBD(): 9.47149ms
Frame 147 end
Average processing time of GrabImageRGBD(): 9.4292ms
Frame 148 end
Average processing time of GrabImageRGBD(): 9.43093ms
Frame 149 end
Average processing time of GrabImageRGBD(): 9.43378ms
Frame 150 end
Average processing time of GrabImageRGBD(): 9.43214ms
Frame 151 end
Average processing time of GrabImageRGBD(): 9.43436ms
Frame 152 end
Average processing time of GrabImageRGBD(): 9.39829ms
Frame 153 end
Average processing time of GrabImageRGBD(): 9.5115ms
Frame 154 end
Average processing time of GrabImageRGBD(): 9.50541ms
Frame 155 end
Average processing time of GrabImageRGBD(): 9.50705ms
Frame 156 end
Average processing time of GrabImageRGBD(): 9.46791ms
Frame 157 end
Average processing time of GrabImageRGBD(): 9.46429ms
Frame 158 end
Average processing time of GrabImageRGBD(): 9.44185ms
Frame 159 end
Average processing time of GrabImageRGBD(): 9.41293ms
Frame 160 end
Average processing time of GrabImageRGBD(): 9.40951ms
Frame 161 end
Average processing time of GrabImageRGBD(): 9.53274ms
Frame 162 end
Average processing time of GrabImageRGBD(): 9.54445ms
Frame 163 end
Average processing time of GrabImageRGBD(): 9.50597ms
Frame 164 end
Average processing time of GrabImageRGBD(): 9.50439ms
Frame 165 end
Average processing time of GrabImageRGBD(): 9.50835ms
Frame 166 end
Average processing time of GrabImageRGBD(): 9.66114ms
Frame 167 end
Average processing time of GrabImageRGBD(): 9.67026ms
Frame 168 end
Average processing time of GrabImageRGBD(): 9.6354ms
Frame 169 end
Average processing time of GrabImageRGBD(): 9.64707ms
Frame 170 end
Average processing time of GrabImageRGBD(): 9.62426ms
Frame 171 end
Average processing time of GrabImageRGBD(): 9.62309ms
Frame 172 end
Average processing time of GrabImageRGBD(): 9.61282ms
Frame 173 end
Average processing time of GrabImageRGBD(): 9.63425ms
Frame 174 end
Average processing time of GrabImageRGBD(): 9.6445ms
Frame 175 end
Average processing time of GrabImageRGBD(): 9.77502ms
Frame 176 end
Average processing time of GrabImageRGBD(): 9.80072ms
Frame 177 end
Average processing time of GrabImageRGBD(): 9.81879ms
Frame 178 end
Average processing time of GrabImageRGBD(): 9.98225ms
Frame 179 end
Average processing time of GrabImageRGBD(): 10.0101ms
Frame 180 end
Average processing time of GrabImageRGBD(): 10.0408ms
Frame 181 end
Average processing time of GrabImageRGBD(): 10.0634ms
Frame 182 end
Average processing time of GrabImageRGBD(): 10.0863ms
Frame 183 end
Average processing time of GrabImageRGBD(): 10.1023ms
Frame 184 end
Average processing time of GrabImageRGBD(): 10.2379ms
Frame 185 end
Average processing time of GrabImageRGBD(): 10.2536ms
Frame 186 end
Average processing time of GrabImageRGBD(): 10.273ms
Frame 187 end
Average processing time of GrabImageRGBD(): 10.2909ms
Frame 188 end
Average processing time of GrabImageRGBD(): 10.3169ms
Frame 189 end
Average processing time of GrabImageRGBD(): 10.3437ms
Frame 190 end
Average processing time of GrabImageRGBD(): 10.4869ms
Frame 191 end
Average processing time of GrabImageRGBD(): 10.5097ms
Frame 192 end
Average processing time of GrabImageRGBD(): 10.5289ms
Frame 193 end
Average processing time of GrabImageRGBD(): 10.5548ms
Frame 194 end
Average processing time of GrabImageRGBD(): 10.564ms
Frame 195 end
Average processing time of GrabImageRGBD(): 10.5863ms
Frame 196 end
Average processing time of GrabImageRGBD(): 10.6081ms
Frame 197 end
Average processing time of GrabImageRGBD(): 10.6276ms
Frame 198 end
Average processing time of GrabImageRGBD(): 10.6382ms
Frame 199 end
Average processing time of GrabImageRGBD(): 10.7671ms
Frame 200 end
Average processing time of GrabImageRGBD(): 10.7709ms
Frame 201 end
Average processing time of GrabImageRGBD(): 10.7818ms
Frame 202 end
Average processing time of GrabImageRGBD(): 10.7935ms
Frame 203 end
Average processing time of GrabImageRGBD(): 10.7913ms
Frame 204 end
Average processing time of GrabImageRGBD(): 10.8014ms
Frame 205 end
Average processing time of GrabImageRGBD(): 10.9206ms
Frame 206 end
Average processing time of GrabImageRGBD(): 10.9302ms
Frame 207 end
Average processing time of GrabImageRGBD(): 10.9515ms
Frame 208 end
Average processing time of GrabImageRGBD(): 10.951ms
Frame 209 end
Average processing time of GrabImageRGBD(): 10.9573ms
Frame 210 end
Average processing time of GrabImageRGBD(): 10.9844ms
Frame 211 end
Average processing time of GrabImageRGBD(): 10.9853ms
Frame 212 end
Average processing time of GrabImageRGBD(): 10.9694ms
Frame 213 end
Average processing time of GrabImageRGBD(): 10.9791ms
Frame 214 end
Average processing time of GrabImageRGBD(): 10.9891ms
Frame 215 end
Average processing time of GrabImageRGBD(): 10.9942ms
Frame 216 end
Average processing time of GrabImageRGBD(): 10.9983ms
Frame 217 end
Average processing time of GrabImageRGBD(): 11.0009ms
Frame 218 end
Average processing time of GrabImageRGBD(): 11.1084ms
Frame 219 end
Average processing time of GrabImageRGBD(): 11.1221ms
Frame 220 end
Average processing time of GrabImageRGBD(): 11.1356ms
Frame 221 end
Average processing time of GrabImageRGBD(): 11.1457ms
Frame 222 end
Average processing time of GrabImageRGBD(): 11.1484ms
Frame 223 end
Average processing time of GrabImageRGBD(): 11.1536ms
Frame 224 end
Average processing time of GrabImageRGBD(): 11.1487ms
Frame 225 end
Average processing time of GrabImageRGBD(): 11.1524ms
Frame 226 end
Average processing time of GrabImageRGBD(): 11.154ms
Frame 227 end
Average processing time of GrabImageRGBD(): 11.1376ms
Frame 228 end
Average processing time of GrabImageRGBD(): 11.2809ms
Frame 229 end
Average processing time of GrabImageRGBD(): 11.3028ms
Frame 230 end
Average processing time of GrabImageRGBD(): 11.3156ms
Frame 231 end
Average processing time of GrabImageRGBD(): 11.3327ms
Frame 232 end
Average processing time of GrabImageRGBD(): 11.3296ms
Frame 233 end
Average processing time of GrabImageRGBD(): 11.3394ms
Frame 234 end
Average processing time of GrabImageRGBD(): 11.3539ms
Frame 235 end
Average processing time of GrabImageRGBD(): 11.4588ms
Frame 236 end
Average processing time of GrabImageRGBD(): 11.4697ms
Frame 237 end
Average processing time of GrabImageRGBD(): 11.4758ms
Frame 238 end
Average processing time of GrabImageRGBD(): 11.4734ms
Frame 239 end
Average processing time of GrabImageRGBD(): 11.5841ms
Frame 240 end
Average processing time of GrabImageRGBD(): 11.594ms
Frame 241 end
Average processing time of GrabImageRGBD(): 11.6022ms
Frame 242 end
Average processing time of GrabImageRGBD(): 11.5981ms
Frame 243 end
Average processing time of GrabImageRGBD(): 11.6928ms
Frame 244 end
Average processing time of GrabImageRGBD(): 11.7007ms
Frame 245 end
Average processing time of GrabImageRGBD(): 11.7069ms
Frame 246 end
Average processing time of GrabImageRGBD(): 11.7084ms
Frame 247 end
Average processing time of GrabImageRGBD(): 11.8128ms
Frame 248 end
Average processing time of GrabImageRGBD(): 11.8281ms
Frame 249 end
Average processing time of GrabImageRGBD(): 11.8326ms
Frame 250 end
Average processing time of GrabImageRGBD(): 11.8598ms
Frame 251 end
Average processing time of GrabImageRGBD(): 11.9442ms
Frame 252 end
Average processing time of GrabImageRGBD(): 11.9632ms
Frame 253 end
Average processing time of GrabImageRGBD(): 11.9701ms
Frame 254 end
Average processing time of GrabImageRGBD(): 11.9777ms
Frame 255 end
Average processing time of GrabImageRGBD(): 12.066ms
Frame 256 end
Average processing time of GrabImageRGBD(): 12.074ms
Frame 257 end
Average processing time of GrabImageRGBD(): 12.0668ms
Frame 258 end
Average processing time of GrabImageRGBD(): 12.1612ms
Frame 259 end
Average processing time of GrabImageRGBD(): 12.1719ms
Frame 260 end
Average processing time of GrabImageRGBD(): 12.1692ms
Frame 261 end
Average processing time of GrabImageRGBD(): 12.2474ms
Frame 262 end
Average processing time of GrabImageRGBD(): 12.2278ms
Frame 263 end
Average processing time of GrabImageRGBD(): 12.1916ms
Frame 264 end
Average processing time of GrabImageRGBD(): 12.1705ms
Frame 265 end
Average processing time of GrabImageRGBD(): 12.2563ms
Frame 266 end
Average processing time of GrabImageRGBD(): 12.263ms
Frame 267 end
Average processing time of GrabImageRGBD(): 12.2651ms
Frame 268 end
Average processing time of GrabImageRGBD(): 12.2653ms
Frame 269 end
Average processing time of GrabImageRGBD(): 12.3598ms
Frame 270 end
Average processing time of GrabImageRGBD(): 12.3585ms
Frame 271 end
Average processing time of GrabImageRGBD(): 12.3393ms
Frame 272 end
Average processing time of GrabImageRGBD(): 12.3191ms
Frame 273 end
Average processing time of GrabImageRGBD(): 12.3019ms
Frame 274 end
Average processing time of GrabImageRGBD(): 12.2959ms
Frame 275 end
Average processing time of GrabImageRGBD(): 12.2722ms
Frame 276 end
Average processing time of GrabImageRGBD(): 12.2674ms
Frame 277 end
Average processing time of GrabImageRGBD(): 12.2676ms
Frame 278 end
Average processing time of GrabImageRGBD(): 12.2359ms
Frame 279 end
Average processing time of GrabImageRGBD(): 12.3145ms
Frame 280 end
Average processing time of GrabImageRGBD(): 12.2948ms
Frame 281 end
Average processing time of GrabImageRGBD(): 12.2614ms
Frame 282 end
Average processing time of GrabImageRGBD(): 12.318ms
Frame 283 end
Average processing time of GrabImageRGBD(): 12.3026ms
Frame 284 end
Average processing time of GrabImageRGBD(): 12.2686ms
Frame 285 end
Average processing time of GrabImageRGBD(): 12.2518ms
Frame 286 end
Average processing time of GrabImageRGBD(): 12.223ms
Frame 287 end
Average processing time of GrabImageRGBD(): 12.2084ms
Frame 288 end
Average processing time of GrabImageRGBD(): 12.1781ms
Frame 289 end
Average processing time of GrabImageRGBD(): 12.2365ms
Frame 290 end
Average processing time of GrabImageRGBD(): 12.2301ms
Frame 291 end
Average processing time of GrabImageRGBD(): 12.3255ms
Frame 292 end
Average processing time of GrabImageRGBD(): 12.3146ms
Frame 293 end
Average processing time of GrabImageRGBD(): 12.2834ms
Frame 294 end
Average processing time of GrabImageRGBD(): 12.2544ms
Frame 295 end
Average processing time of GrabImageRGBD(): 12.2441ms
Frame 296 end
Average processing time of GrabImageRGBD(): 12.232ms
Frame 297 end
Average processing time of GrabImageRGBD(): 12.2215ms
Frame 298 end
Average processing time of GrabImageRGBD(): 12.2058ms
Frame 299 end
Average processing time of GrabImageRGBD(): 12.1775ms
Frame 300 end
Average processing time of GrabImageRGBD(): 12.2291ms
Frame 301 end
Average processing time of GrabImageRGBD(): 12.2236ms
Frame 302 end
Average processing time of GrabImageRGBD(): 12.2132ms
Frame 303 end
Average processing time of GrabImageRGBD(): 12.1844ms
Frame 304 end
Average processing time of GrabImageRGBD(): 12.1739ms
Frame 305 end
Average processing time of GrabImageRGBD(): 12.1625ms
Frame 306 end
Average processing time of GrabImageRGBD(): 12.1526ms
Frame 307 end
Average processing time of GrabImageRGBD(): 12.1239ms
Frame 308 end
Average processing time of GrabImageRGBD(): 12.1076ms
Frame 309 end
Average processing time of GrabImageRGBD(): 12.097ms
Frame 310 end
Average processing time of GrabImageRGBD(): 12.0861ms
Frame 311 end
Average processing time of GrabImageRGBD(): 12.0727ms
Frame 312 end
Average processing time of GrabImageRGBD(): 12.0463ms
Frame 313 end
Average processing time of GrabImageRGBD(): 12.0298ms
Frame 314 end
Average processing time of GrabImageRGBD(): 12.0175ms
Frame 315 end
Average processing time of GrabImageRGBD(): 11.9949ms
Frame 316 end
Average processing time of GrabImageRGBD(): 11.9675ms
Frame 317 end
Average processing time of GrabImageRGBD(): 12.0155ms
Frame 318 end
Average processing time of GrabImageRGBD(): 12.0023ms
Frame 319 end
Average processing time of GrabImageRGBD(): 11.987ms
Frame 320 end
Average processing time of GrabImageRGBD(): 11.9704ms
Frame 321 end
Average processing time of GrabImageRGBD(): 11.953ms
Frame 322 end
Average processing time of GrabImageRGBD(): 11.9373ms
Frame 323 end
Average processing time of GrabImageRGBD(): 11.9216ms
Frame 324 end
Average processing time of GrabImageRGBD(): 11.9087ms
Frame 325 end
Average processing time of GrabImageRGBD(): 11.8943ms
Frame 326 end
Average processing time of GrabImageRGBD(): 11.8799ms
Frame 327 end
Average processing time of GrabImageRGBD(): 11.8527ms
Frame 328 end
Average processing time of GrabImageRGBD(): 11.8378ms
Frame 329 end
Average processing time of GrabImageRGBD(): 11.8197ms
Frame 330 end
Average processing time of GrabImageRGBD(): 11.8035ms
Frame 331 end
Average processing time of GrabImageRGBD(): 11.7796ms
Frame 332 end
Average processing time of GrabImageRGBD(): 11.7567ms
Frame 333 end
Average processing time of GrabImageRGBD(): 11.7303ms
Frame 334 end
Average processing time of GrabImageRGBD(): 11.714ms
Frame 335 end
Average processing time of GrabImageRGBD(): 11.6963ms
Frame 336 end
Average processing time of GrabImageRGBD(): 11.6799ms
Frame 337 end
Average processing time of GrabImageRGBD(): 11.6626ms
Frame 338 end
Average processing time of GrabImageRGBD(): 11.6392ms
Frame 339 end
Average processing time of GrabImageRGBD(): 11.6178ms
Frame 340 end
Average processing time of GrabImageRGBD(): 11.5984ms
Frame 341 end
Average processing time of GrabImageRGBD(): 11.6491ms
Frame 342 end
Average processing time of GrabImageRGBD(): 11.6356ms
Frame 343 end
Average processing time of GrabImageRGBD(): 11.6097ms
Frame 344 end
Average processing time of GrabImageRGBD(): 11.5882ms
Frame 345 end
Average processing time of GrabImageRGBD(): 11.5668ms
Frame 346 end
Average processing time of GrabImageRGBD(): 11.5433ms
Frame 347 end
Average processing time of GrabImageRGBD(): 11.5197ms
Frame 348 end
Average processing time of GrabImageRGBD(): 11.5076ms
Frame 349 end
Average processing time of GrabImageRGBD(): 11.4965ms
Frame 350 end
Average processing time of GrabImageRGBD(): 11.4728ms
Frame 351 end
Average processing time of GrabImageRGBD(): 11.4602ms
Frame 352 end
Average processing time of GrabImageRGBD(): 11.445ms
Frame 353 end
Average processing time of GrabImageRGBD(): 11.4312ms
Frame 354 end
Average processing time of GrabImageRGBD(): 11.4175ms
Frame 355 end
Average processing time of GrabImageRGBD(): 11.4043ms
Frame 356 end
Average processing time of GrabImageRGBD(): 11.3821ms
Frame 357 end
Average processing time of GrabImageRGBD(): 11.359ms
Frame 358 end
Average processing time of GrabImageRGBD(): 11.3454ms
Frame 359 end
Average processing time of GrabImageRGBD(): 11.3224ms
Frame 360 end
Average processing time of GrabImageRGBD(): 11.3112ms
Frame 361 end
Average processing time of GrabImageRGBD(): 11.2889ms
Frame 362 end
Average processing time of GrabImageRGBD(): 11.3543ms
Frame 363 end
Average processing time of GrabImageRGBD(): 11.3631ms
Frame 364 end
Average processing time of GrabImageRGBD(): 11.3678ms
Frame 365 end
Average processing time of GrabImageRGBD(): 11.3618ms
Frame 366 end
Average processing time of GrabImageRGBD(): 11.4288ms
Frame 367 end
Average processing time of GrabImageRGBD(): 11.4357ms
Frame 368 end
Average processing time of GrabImageRGBD(): 11.4412ms
Frame 369 end
Average processing time of GrabImageRGBD(): 11.5044ms
Frame 370 end
Average processing time of GrabImageRGBD(): 11.5076ms
Frame 371 end
Average processing time of GrabImageRGBD(): 11.5127ms
Frame 372 end
Average processing time of GrabImageRGBD(): 11.5128ms
Frame 373 end
Average processing time of GrabImageRGBD(): 11.5139ms
Frame 374 end
Average processing time of GrabImageRGBD(): 11.5061ms
Frame 375 end
Average processing time of GrabImageRGBD(): 11.4919ms
Frame 376 end
Average processing time of GrabImageRGBD(): 11.5544ms
Frame 377 end
Average processing time of GrabImageRGBD(): 11.562ms
Frame 378 end
Average processing time of GrabImageRGBD(): 11.5686ms
Frame 379 end
Average processing time of GrabImageRGBD(): 11.5707ms
Frame 380 end
Average processing time of GrabImageRGBD(): 11.5775ms
Frame 381 end
Average processing time of GrabImageRGBD(): 11.5863ms
Frame 382 end
Average processing time of GrabImageRGBD(): 11.5744ms
Frame 383 end
Average processing time of GrabImageRGBD(): 11.5824ms
Frame 384 end
Average processing time of GrabImageRGBD(): 11.6004ms
Frame 385 end
Average processing time of GrabImageRGBD(): 11.6109ms
Frame 386 end
Average processing time of GrabImageRGBD(): 11.6162ms
Frame 387 end
Average processing time of GrabImageRGBD(): 11.6214ms
Frame 388 end
Average processing time of GrabImageRGBD(): 11.6342ms
Frame 389 end
Average processing time of GrabImageRGBD(): 11.6379ms
Frame 390 end
Average processing time of GrabImageRGBD(): 11.6384ms
Frame 391 end
Average processing time of GrabImageRGBD(): 11.695ms
Frame 392 end
Average processing time of GrabImageRGBD(): 11.7012ms
Frame 393 end
Average processing time of GrabImageRGBD(): 11.7584ms
Frame 394 end
Average processing time of GrabImageRGBD(): 11.7697ms
Frame 395 end
Average processing time of GrabImageRGBD(): 11.7667ms
Frame 396 end
Average processing time of GrabImageRGBD(): 11.7712ms
Frame 397 end
Average processing time of GrabImageRGBD(): 11.8318ms
Frame 398 end
Average processing time of GrabImageRGBD(): 11.8342ms
Frame 399 end
Average processing time of GrabImageRGBD(): 11.8467ms
Frame 400 end
Average processing time of GrabImageRGBD(): 11.8441ms
Frame 401 end
Average processing time of GrabImageRGBD(): 11.8936ms
Frame 402 end
Average processing time of GrabImageRGBD(): 11.9035ms
Frame 403 end
Average processing time of GrabImageRGBD(): 11.9105ms
Frame 404 end
Average processing time of GrabImageRGBD(): 11.9154ms
Frame 405 end
Average processing time of GrabImageRGBD(): 11.9723ms
Frame 406 end
Average processing time of GrabImageRGBD(): 11.9824ms
Frame 407 end
Average processing time of GrabImageRGBD(): 12.0408ms
Frame 408 end
Average processing time of GrabImageRGBD(): 12.0426ms
Frame 409 end
Average processing time of GrabImageRGBD(): 12.0494ms
Frame 410 end
Average processing time of GrabImageRGBD(): 12.0605ms
Frame 411 end
Average processing time of GrabImageRGBD(): 12.1058ms
Frame 412 end
Average processing time of GrabImageRGBD(): 12.1181ms
Frame 413 end
Average processing time of GrabImageRGBD(): 12.1711ms
Frame 414 end
Average processing time of GrabImageRGBD(): 12.1773ms
Frame 415 end
Average processing time of GrabImageRGBD(): 12.1764ms
Frame 416 end
Average processing time of GrabImageRGBD(): 12.1804ms
Frame 417 end
Average processing time of GrabImageRGBD(): 12.1811ms
Frame 418 end
Average processing time of GrabImageRGBD(): 12.2337ms
Frame 419 end
Average processing time of GrabImageRGBD(): 12.2377ms
Frame 420 end
Average processing time of GrabImageRGBD(): 12.2437ms
Frame 421 end
Average processing time of GrabImageRGBD(): 12.3006ms
Frame 422 end
Average processing time of GrabImageRGBD(): 12.3057ms
Frame 423 end
Average processing time of GrabImageRGBD(): 12.3655ms
Frame 424 end
Average processing time of GrabImageRGBD(): 12.3677ms
Frame 425 end
Average processing time of GrabImageRGBD(): 12.375ms
Frame 426 end
Average processing time of GrabImageRGBD(): 12.4215ms
Frame 427 end
Average processing time of GrabImageRGBD(): 12.4271ms
Frame 428 end
Average processing time of GrabImageRGBD(): 12.4246ms
Frame 429 end
Average processing time of GrabImageRGBD(): 12.4809ms
Frame 430 end
Average processing time of GrabImageRGBD(): 12.4905ms
Frame 431 end
Average processing time of GrabImageRGBD(): 12.4948ms
Frame 432 end
Average processing time of GrabImageRGBD(): 12.5477ms
Frame 433 end
Average processing time of GrabImageRGBD(): 12.5525ms
Frame 434 end
Average processing time of GrabImageRGBD(): 12.5554ms
Frame 435 end
Average processing time of GrabImageRGBD(): 12.6098ms
Frame 436 end
Average processing time of GrabImageRGBD(): 12.6136ms
Frame 437 end
Average processing time of GrabImageRGBD(): 12.6201ms
Frame 438 end
Average processing time of GrabImageRGBD(): 12.6747ms
Frame 439 end
Average processing time of GrabImageRGBD(): 12.6816ms
Frame 440 end
Average processing time of GrabImageRGBD(): 12.6882ms
Frame 441 end
Average processing time of GrabImageRGBD(): 12.6887ms
Frame 442 end
Average processing time of GrabImageRGBD(): 12.6951ms
Frame 443 end
Average processing time of GrabImageRGBD(): 12.6941ms
Frame 444 end
Average processing time of GrabImageRGBD(): 12.6953ms
Frame 445 end
Average processing time of GrabImageRGBD(): 12.7552ms
Frame 446 end
Average processing time of GrabImageRGBD(): 12.7582ms
Frame 447 end
Average processing time of GrabImageRGBD(): 12.7511ms
Frame 448 end
Average processing time of GrabImageRGBD(): 12.7563ms
Frame 449 end
Average processing time of GrabImageRGBD(): 12.7599ms
Frame 450 end
Average processing time of GrabImageRGBD(): 12.7652ms
Frame 451 end
Average processing time of GrabImageRGBD(): 12.7701ms
Frame 452 end
Average processing time of GrabImageRGBD(): 12.774ms
Frame 453 end
Average processing time of GrabImageRGBD(): 12.7758ms
Frame 454 end
Average processing time of GrabImageRGBD(): 12.777ms
Frame 455 end
Average processing time of GrabImageRGBD(): 12.7826ms
Frame 456 end
Average processing time of GrabImageRGBD(): 12.7849ms
Frame 457 end
Average processing time of GrabImageRGBD(): 12.7828ms
Frame 458 end
Average processing time of GrabImageRGBD(): 12.7775ms
Frame 459 end
Average processing time of GrabImageRGBD(): 12.7789ms
Frame 460 end
Average processing time of GrabImageRGBD(): 12.7881ms
Frame 461 end
Average processing time of GrabImageRGBD(): 12.7898ms
Frame 462 end
Average processing time of GrabImageRGBD(): 12.7892ms
Frame 463 end
Average processing time of GrabImageRGBD(): 12.7909ms
Frame 464 end
Average processing time of GrabImageRGBD(): 12.8541ms
Frame 465 end
Average processing time of GrabImageRGBD(): 12.8532ms
Frame 466 end
Average processing time of GrabImageRGBD(): 12.8545ms
Frame 467 end
Average processing time of GrabImageRGBD(): 12.8585ms
Frame 468 end
Average processing time of GrabImageRGBD(): 12.8525ms
Frame 469 end
Average processing time of GrabImageRGBD(): 12.851ms
Frame 470 end
Average processing time of GrabImageRGBD(): 12.8558ms
Frame 471 end
Average processing time of GrabImageRGBD(): 12.8522ms
Frame 472 end
Average processing time of GrabImageRGBD(): 12.8562ms
Frame 473 end
Average processing time of GrabImageRGBD(): 12.8542ms
Frame 474 end
Average processing time of GrabImageRGBD(): 12.8512ms
Frame 475 end
Average processing time of GrabImageRGBD(): 12.8552ms
Frame 476 end
Average processing time of GrabImageRGBD(): 12.8593ms
Frame 477 end
Average processing time of GrabImageRGBD(): 12.8651ms
Frame 478 end
Average processing time of GrabImageRGBD(): 12.9094ms
Frame 479 end
Average processing time of GrabImageRGBD(): 12.9116ms
Frame 480 end
Average processing time of GrabImageRGBD(): 12.9156ms
Frame 481 end
Average processing time of GrabImageRGBD(): 12.9154ms
Frame 482 end
Average processing time of GrabImageRGBD(): 12.9169ms
Frame 483 end
Average processing time of GrabImageRGBD(): 12.9174ms
Frame 484 end
Average processing time of GrabImageRGBD(): 12.9165ms
Frame 485 end
Average processing time of GrabImageRGBD(): 12.918ms
Frame 486 end
Average processing time of GrabImageRGBD(): 12.9161ms
Frame 487 end
Average processing time of GrabImageRGBD(): 12.9182ms
Frame 488 end
Average processing time of GrabImageRGBD(): 12.9147ms
Frame 489 end
Average processing time of GrabImageRGBD(): 12.9141ms
Frame 490 end
Average processing time of GrabImageRGBD(): 12.9128ms
Frame 491 end
Average processing time of GrabImageRGBD(): 12.9115ms
Frame 492 end
Average processing time of GrabImageRGBD(): 12.9103ms
Frame 493 end
Average processing time of GrabImageRGBD(): 12.9176ms
Frame 494 end
Average processing time of GrabImageRGBD(): 12.9196ms
Frame 495 end
Average processing time of GrabImageRGBD(): 12.9671ms
Frame 496 end
Average processing time of GrabImageRGBD(): 12.9677ms
Frame 497 end
Average processing time of GrabImageRGBD(): 12.9619ms
Frame 498 end
Average processing time of GrabImageRGBD(): 12.9637ms
Frame 499 end
Average processing time of GrabImageRGBD(): 12.9665ms
Frame 500 end
Average processing time of GrabImageRGBD(): 12.9656ms
Frame 501 end
Average processing time of GrabImageRGBD(): 12.9668ms
Frame 502 end
Average processing time of GrabImageRGBD(): 12.9637ms
Frame 503 end
Average processing time of GrabImageRGBD(): 12.9639ms
Frame 504 end
Average processing time of GrabImageRGBD(): 12.9588ms
Frame 505 end
Average processing time of GrabImageRGBD(): 12.9507ms
Frame 506 end
Average processing time of GrabImageRGBD(): 12.9375ms
Frame 507 end
Average processing time of GrabImageRGBD(): 12.9823ms
Frame 508 end
Average processing time of GrabImageRGBD(): 12.967ms
Frame 509 end
Average processing time of GrabImageRGBD(): 12.9484ms
Frame 510 end
Average processing time of GrabImageRGBD(): 12.9834ms
Frame 511 end
Average processing time of GrabImageRGBD(): 12.9802ms
Frame 512 end
Average processing time of GrabImageRGBD(): 12.9764ms
Frame 513 end
Average processing time of GrabImageRGBD(): 12.9581ms
Frame 514 end
Average processing time of GrabImageRGBD(): 12.9518ms
Frame 515 end
Average processing time of GrabImageRGBD(): 12.9461ms
Frame 516 end
Average processing time of GrabImageRGBD(): 12.9269ms
Frame 517 end
Average processing time of GrabImageRGBD(): 12.9204ms
Frame 518 end
Average processing time of GrabImageRGBD(): 12.9144ms
Frame 519 end
Average processing time of GrabImageRGBD(): 12.8995ms
Frame 520 end
Average processing time of GrabImageRGBD(): 12.9268ms
Frame 521 end
Average processing time of GrabImageRGBD(): 12.9141ms
Frame 522 end
Average processing time of GrabImageRGBD(): 12.9073ms
Frame 523 end
Average processing time of GrabImageRGBD(): 12.9004ms
Frame 524 end
Average processing time of GrabImageRGBD(): 12.8818ms
Frame 525 end
Average processing time of GrabImageRGBD(): 12.8672ms
Frame 526 end
Average processing time of GrabImageRGBD(): 12.8601ms
Frame 527 end
Average processing time of GrabImageRGBD(): 12.843ms
Frame 528 end
Average processing time of GrabImageRGBD(): 12.8359ms
Frame 529 end
Average processing time of GrabImageRGBD(): 12.8287ms
Frame 530 end
Average processing time of GrabImageRGBD(): 12.8205ms
Frame 531 end
Average processing time of GrabImageRGBD(): 12.8028ms
Frame 532 end
Average processing time of GrabImageRGBD(): 12.7956ms
Frame 533 end
Average processing time of GrabImageRGBD(): 12.7778ms
Frame 534 end
Average processing time of GrabImageRGBD(): 12.7696ms
Frame 535 end
Average processing time of GrabImageRGBD(): 12.7602ms
Frame 536 end
Average processing time of GrabImageRGBD(): 12.7931ms
Frame 537 end
Average processing time of GrabImageRGBD(): 12.7906ms
Frame 538 end
Average processing time of GrabImageRGBD(): 12.7727ms
Frame 539 end
Average processing time of GrabImageRGBD(): 12.7661ms
Frame 540 end
Average processing time of GrabImageRGBD(): 12.7551ms
Frame 541 end
Average processing time of GrabImageRGBD(): 12.7456ms
Frame 542 end
Average processing time of GrabImageRGBD(): 12.7392ms
Frame 543 end
Average processing time of GrabImageRGBD(): 12.7217ms
Frame 544 end
Average processing time of GrabImageRGBD(): 12.715ms
Frame 545 end
Average processing time of GrabImageRGBD(): 12.708ms
Frame 546 end
Average processing time of GrabImageRGBD(): 12.6901ms
Frame 547 end
Average processing time of GrabImageRGBD(): 12.6762ms
Frame 548 end
Average processing time of GrabImageRGBD(): 12.6622ms
Frame 549 end
Average processing time of GrabImageRGBD(): 12.6946ms
Frame 550 end
Average processing time of GrabImageRGBD(): 12.6905ms
Frame 551 end
Average processing time of GrabImageRGBD(): 12.6741ms
Frame 552 end
Average processing time of GrabImageRGBD(): 12.6677ms
Frame 553 end
Average processing time of GrabImageRGBD(): 12.6606ms
Frame 554 end
Average processing time of GrabImageRGBD(): 12.6471ms
Frame 555 end
Average processing time of GrabImageRGBD(): 12.6402ms
Frame 556 end
Average processing time of GrabImageRGBD(): 12.6235ms
Frame 557 end
Average processing time of GrabImageRGBD(): 12.6132ms
Frame 558 end
Average processing time of GrabImageRGBD(): 12.5968ms
Frame 559 end
Average processing time of GrabImageRGBD(): 12.6262ms
Frame 560 end
Average processing time of GrabImageRGBD(): 12.6204ms
Frame 561 end
Average processing time of GrabImageRGBD(): 12.6029ms
Frame 562 end
Average processing time of GrabImageRGBD(): 12.5864ms
Frame 563 end
Average processing time of GrabImageRGBD(): 12.5768ms
Frame 564 end
Average processing time of GrabImageRGBD(): 12.5603ms
Frame 565 end
Average processing time of GrabImageRGBD(): 12.5847ms
Frame 566 end
Average processing time of GrabImageRGBD(): 12.5799ms
Frame 567 end
Average processing time of GrabImageRGBD(): 12.5743ms
Frame 568 end
Average processing time of GrabImageRGBD(): 12.5664ms
Frame 569 end
Average processing time of GrabImageRGBD(): 12.5542ms
Frame 570 end
Average processing time of GrabImageRGBD(): 12.5381ms
Frame 571 end
Average processing time of GrabImageRGBD(): 12.5303ms
Frame 572 end
Average processing time of GrabImageRGBD(): 12.5147ms
Frame 573 end
Average processing time of GrabImageRGBD(): 12.5074ms
Frame 574 end
Average processing time of GrabImageRGBD(): 12.4921ms
Frame 575 end
Average processing time of GrabImageRGBD(): 12.5219ms
Frame 576 end
Average processing time of GrabImageRGBD(): 12.5066ms
Frame 577 end
Average processing time of GrabImageRGBD(): 12.4899ms
Frame 578 end
Average processing time of GrabImageRGBD(): 12.483ms
Frame 579 end
Average processing time of GrabImageRGBD(): 12.4693ms
Frame 580 end
Average processing time of GrabImageRGBD(): 12.4542ms
Frame 581 end
Average processing time of GrabImageRGBD(): 12.4842ms
Frame 582 end
Average processing time of GrabImageRGBD(): 12.4702ms
Frame 583 end
Average processing time of GrabImageRGBD(): 12.4664ms
Frame 584 end
Average processing time of GrabImageRGBD(): 12.4552ms
Frame 585 end
Average processing time of GrabImageRGBD(): 12.4494ms
Frame 586 end
Average processing time of GrabImageRGBD(): 12.4449ms
Frame 587 end
Average processing time of GrabImageRGBD(): 12.4293ms
Frame 588 end
Average processing time of GrabImageRGBD(): 12.4236ms
Frame 589 end
Average processing time of GrabImageRGBD(): 12.4081ms
Frame 590 end
Average processing time of GrabImageRGBD(): 12.3971ms
Frame 591 end
Average processing time of GrabImageRGBD(): 12.382ms
Frame 592 end
Average processing time of GrabImageRGBD(): 12.4103ms
Frame 593 end
Average processing time of GrabImageRGBD(): 12.4076ms
Frame 594 end
Average processing time of GrabImageRGBD(): 12.4027ms
Frame 595 end
Average processing time of GrabImageRGBD(): 12.3877ms
Frame 596 end
Average processing time of GrabImageRGBD(): 12.381ms
Frame 597 end
Average processing time of GrabImageRGBD(): 12.3746ms
Frame 598 end
Average processing time of GrabImageRGBD(): 12.3645ms
Frame 599 end
Average processing time of GrabImageRGBD(): 12.3603ms
Frame 600 end
Average processing time of GrabImageRGBD(): 12.3889ms
Frame 601 end
Average processing time of GrabImageRGBD(): 12.3844ms
Frame 602 end
Average processing time of GrabImageRGBD(): 12.3763ms
Frame 603 end
Average processing time of GrabImageRGBD(): 12.371ms
Frame 604 end
Average processing time of GrabImageRGBD(): 12.3643ms
Frame 605 end
Average processing time of GrabImageRGBD(): 12.3581ms
Frame 606 end
Average processing time of GrabImageRGBD(): 12.3492ms
Frame 607 end
Average processing time of GrabImageRGBD(): 12.3364ms
Frame 608 end
Average processing time of GrabImageRGBD(): 12.3295ms
Frame 609 end
Average processing time of GrabImageRGBD(): 12.3226ms
Frame 610 end
Average processing time of GrabImageRGBD(): 12.3118ms
Frame 611 end
Average processing time of GrabImageRGBD(): 12.3388ms
Frame 612 end
Average processing time of GrabImageRGBD(): 12.3323ms
Frame 613 end
Average processing time of GrabImageRGBD(): 12.3172ms
Frame 614 end
Average processing time of GrabImageRGBD(): 12.3129ms
Frame 615 end
Average processing time of GrabImageRGBD(): 12.3017ms
Frame 616 end
Average processing time of GrabImageRGBD(): 12.2964ms
Frame 617 end
Average processing time of GrabImageRGBD(): 12.2819ms
Frame 618 end
Average processing time of GrabImageRGBD(): 12.2747ms
Frame 619 end
Average processing time of GrabImageRGBD(): 12.2692ms
Frame 620 end
Average processing time of GrabImageRGBD(): 12.2632ms
Frame 621 end
Average processing time of GrabImageRGBD(): 12.2508ms
Frame 622 end
Average processing time of GrabImageRGBD(): 12.2738ms
Frame 623 end
Average processing time of GrabImageRGBD(): 12.2703ms
Frame 624 end
Average processing time of GrabImageRGBD(): 12.2564ms
Frame 625 end
Average processing time of GrabImageRGBD(): 12.2554ms
Frame 626 end
Average processing time of GrabImageRGBD(): 12.2821ms
Frame 627 end
Average processing time of GrabImageRGBD(): 12.2747ms
Frame 628 end
Average processing time of GrabImageRGBD(): 12.2706ms
Frame 629 end
Average processing time of GrabImageRGBD(): 12.2579ms
Frame 630 end
Average processing time of GrabImageRGBD(): 12.2859ms
Frame 631 end
Average processing time of GrabImageRGBD(): 12.2791ms
Frame 632 end
Average processing time of GrabImageRGBD(): 12.268ms
Frame 633 end
Average processing time of GrabImageRGBD(): 12.2588ms
Frame 634 end
Average processing time of GrabImageRGBD(): 12.2528ms
Frame 635 end
Average processing time of GrabImageRGBD(): 12.2411ms
Frame 636 end
Average processing time of GrabImageRGBD(): 12.2271ms
Frame 637 end
Average processing time of GrabImageRGBD(): 12.2499ms
Frame 638 end
Average processing time of GrabImageRGBD(): 12.2431ms
Frame 639 end
Average processing time of GrabImageRGBD(): 12.2287ms
Frame 640 end
Average processing time of GrabImageRGBD(): 12.2234ms
Frame 641 end
Average processing time of GrabImageRGBD(): 12.2175ms
Frame 642 end
Average processing time of GrabImageRGBD(): 12.2453ms
Frame 643 end
Average processing time of GrabImageRGBD(): 12.2363ms
Frame 644 end
Average processing time of GrabImageRGBD(): 12.2247ms
Frame 645 end
Average processing time of GrabImageRGBD(): 12.2186ms
Frame 646 end
Average processing time of GrabImageRGBD(): 12.2168ms
Frame 647 end
Average processing time of GrabImageRGBD(): 12.2449ms
Frame 648 end
Average processing time of GrabImageRGBD(): 12.2424ms
Frame 649 end
Average processing time of GrabImageRGBD(): 12.2337ms
Frame 650 end
Average processing time of GrabImageRGBD(): 12.2292ms
Frame 651 end
Average processing time of GrabImageRGBD(): 12.216ms
Frame 652 end
Average processing time of GrabImageRGBD(): 12.2579ms
Frame 653 end
Average processing time of GrabImageRGBD(): 12.2551ms
Frame 654 end
Average processing time of GrabImageRGBD(): 12.2415ms
Frame 655 end
Average processing time of GrabImageRGBD(): 12.2365ms
Frame 656 end
Average processing time of GrabImageRGBD(): 12.2272ms
Frame 657 end
Average processing time of GrabImageRGBD(): 12.251ms
Frame 658 end
Average processing time of GrabImageRGBD(): 12.2395ms
Frame 659 end
Average processing time of GrabImageRGBD(): 12.2344ms
Frame 660 end
Average processing time of GrabImageRGBD(): 12.2213ms
Frame 661 end
Average processing time of GrabImageRGBD(): 12.2148ms
Frame 662 end
Average processing time of GrabImageRGBD(): 12.24ms
Frame 663 end
Average processing time of GrabImageRGBD(): 12.238ms
Frame 664 end
Average processing time of GrabImageRGBD(): 12.2248ms
Frame 665 end
Average processing time of GrabImageRGBD(): 12.2227ms
Frame 666 end
Average processing time of GrabImageRGBD(): 12.2202ms
Frame 667 end
*Loop detected
Average processing time of GrabImageRGBD(): 12.2072ms
Frame 668 end
Local Mapping STOP
Average processing time of GrabImageRGBD(): 12.1948ms
Frame 669 end
Average processing time of GrabImageRGBD(): 12.189ms
Frame 670 end
Average processing time of GrabImageRGBD(): 12.178ms
Frame 671 end
Local Mapping RELEASE
Average processing time of GrabImageRGBD(): 12.2089ms
Frame 672 end
Average processing time of GrabImageRGBD(): 12.2013ms
Frame 673 end
Average processing time of GrabImageRGBD(): 12.1903ms
Frame 674 end
Average processing time of GrabImageRGBD(): 12.1772ms
Frame 675 end
Average processing time of GrabImageRGBD(): 12.1638ms
Frame 676 end
Average processing time of GrabImageRGBD(): 12.1511ms
Frame 677 end
Average processing time of GrabImageRGBD(): 12.1423ms
Frame 678 end
Average processing time of GrabImageRGBD(): 12.1325ms
Frame 679 end
Average processing time of GrabImageRGBD(): 12.1215ms
Frame 680 end
Local Mapping STOP
Local Mapping RELEASE
Average processing time of GrabImageRGBD(): 12.1532ms
Frame 681 end
Average processing time of GrabImageRGBD(): 12.15ms
Frame 682 end
Average processing time of GrabImageRGBD(): 12.1445ms
Frame 683 end
Average processing time of GrabImageRGBD(): 12.1374ms
Frame 684 end
Average processing time of GrabImageRGBD(): 12.1308ms
Frame 685 end
Average processing time of GrabImageRGBD(): 12.1175ms
Frame 686 end
Average processing time of GrabImageRGBD(): 12.1049ms
Frame 687 end
Average processing time of GrabImageRGBD(): 12.0924ms
Frame 688 end
Average processing time of GrabImageRGBD(): 12.1181ms
Frame 689 end
Average processing time of GrabImageRGBD(): 12.1134ms
Frame 690 end
Average processing time of GrabImageRGBD(): 12.1014ms
Frame 691 end
Average processing time of GrabImageRGBD(): 12.0891ms
Frame 692 end
Average processing time of GrabImageRGBD(): 12.0833ms
Frame 693 end
Average processing time of GrabImageRGBD(): 12.0709ms
Frame 694 end
Average processing time of GrabImageRGBD(): 12.0651ms
Frame 695 end
Average processing time of GrabImageRGBD(): 12.058ms
Frame 696 end
Average processing time of GrabImageRGBD(): 12.0836ms
Frame 697 end
Average processing time of GrabImageRGBD(): 12.0729ms
Frame 698 end
Average processing time of GrabImageRGBD(): 12.0655ms
Frame 699 end
Average processing time of GrabImageRGBD(): 12.0597ms
Frame 700 end
Average processing time of GrabImageRGBD(): 12.0541ms
Frame 701 end
Average processing time of GrabImageRGBD(): 12.0413ms
Frame 702 end
Average processing time of GrabImageRGBD(): 12.0342ms
Frame 703 end
Average processing time of GrabImageRGBD(): 12.0609ms
Frame 704 end
Average processing time of GrabImageRGBD(): 12.0536ms
Frame 705 end
Average processing time of GrabImageRGBD(): 12.0415ms
Frame 706 end
Average processing time of GrabImageRGBD(): 12.0295ms
Frame 707 end
Average processing time of GrabImageRGBD(): 12.0176ms
Frame 708 end
Average processing time of GrabImageRGBD(): 12.0107ms
Frame 709 end
Average processing time of GrabImageRGBD(): 12.0034ms
Frame 710 end
Average processing time of GrabImageRGBD(): 11.9912ms
Frame 711 end
Average processing time of GrabImageRGBD(): 12.0191ms
Frame 712 end
Average processing time of GrabImageRGBD(): 12.0135ms
Frame 713 end
Average processing time of GrabImageRGBD(): 12.0071ms
Frame 714 end
Average processing time of GrabImageRGBD(): 11.9958ms
Frame 715 end
Average processing time of GrabImageRGBD(): 11.9848ms
Frame 716 end
Average processing time of GrabImageRGBD(): 11.9729ms
Frame 717 end
Average processing time of GrabImageRGBD(): 11.9627ms
Frame 718 end
Average processing time of GrabImageRGBD(): 11.9871ms
Frame 719 end
Average processing time of GrabImageRGBD(): 11.9857ms
Frame 720 end
Average processing time of GrabImageRGBD(): 11.9795ms
Frame 721 end
Average processing time of GrabImageRGBD(): 11.976ms
Frame 722 end
Average processing time of GrabImageRGBD(): 11.9727ms
Frame 723 end
Average processing time of GrabImageRGBD(): 11.9688ms
Frame 724 end
Average processing time of GrabImageRGBD(): 11.9636ms
Frame 725 end
Average processing time of GrabImageRGBD(): 11.9925ms
Frame 726 end
Average processing time of GrabImageRGBD(): 11.9906ms
Frame 727 end
Average processing time of GrabImageRGBD(): 11.987ms
Frame 728 end
Average processing time of GrabImageRGBD(): 11.9753ms
Frame 729 end
Average processing time of GrabImageRGBD(): 11.9665ms
Frame 730 end
Average processing time of GrabImageRGBD(): 11.9552ms
Frame 731 end
Average processing time of GrabImageRGBD(): 11.9506ms
Frame 732 end
Average processing time of GrabImageRGBD(): 11.9386ms
Frame 733 end
Average processing time of GrabImageRGBD(): 11.9339ms
Frame 734 end
Average processing time of GrabImageRGBD(): 11.9257ms
Frame 735 end
Average processing time of GrabImageRGBD(): 11.9207ms
Frame 736 end
Average processing time of GrabImageRGBD(): 11.9089ms
Frame 737 end
Average processing time of GrabImageRGBD(): 11.897ms
Frame 738 end
Average processing time of GrabImageRGBD(): 11.8923ms
Frame 739 end
Average processing time of GrabImageRGBD(): 11.8827ms
Frame 740 end
Average processing time of GrabImageRGBD(): 11.8709ms
Frame 741 end
Average processing time of GrabImageRGBD(): 11.8642ms
Frame 742 end
Average processing time of GrabImageRGBD(): 11.8525ms
Frame 743 end
Average processing time of GrabImageRGBD(): 11.8407ms
Frame 744 end
Average processing time of GrabImageRGBD(): 11.836ms
Frame 745 end
Average processing time of GrabImageRGBD(): 11.8291ms
Frame 746 end
Average processing time of GrabImageRGBD(): 11.8176ms
Frame 747 end
Average processing time of GrabImageRGBD(): 11.8413ms
Frame 748 end
Average processing time of GrabImageRGBD(): 11.8406ms
Frame 749 end
Average processing time of GrabImageRGBD(): 11.83ms
Frame 750 end
Average processing time of GrabImageRGBD(): 11.8193ms
Frame 751 end
Average processing time of GrabImageRGBD(): 11.8093ms
Frame 752 end
Average processing time of GrabImageRGBD(): 11.8063ms
Frame 753 end
Average processing time of GrabImageRGBD(): 11.7955ms
Frame 754 end
Average processing time of GrabImageRGBD(): 11.7931ms
Frame 755 end
Average processing time of GrabImageRGBD(): 11.7891ms
Frame 756 end
Average processing time of GrabImageRGBD(): 11.7849ms
Frame 757 end
Average processing time of GrabImageRGBD(): 11.7791ms
Frame 758 end
Average processing time of GrabImageRGBD(): 11.7756ms
Frame 759 end
Average processing time of GrabImageRGBD(): 11.77ms
Frame 760 end
Average processing time of GrabImageRGBD(): 11.7608ms
Frame 761 end
Average processing time of GrabImageRGBD(): 11.7496ms
Frame 762 end
Average processing time of GrabImageRGBD(): 11.7386ms
Frame 763 end
Average processing time of GrabImageRGBD(): 11.7347ms
Frame 764 end
Average processing time of GrabImageRGBD(): 11.7239ms
Frame 765 end
Average processing time of GrabImageRGBD(): 11.7205ms
Frame 766 end
Average processing time of GrabImageRGBD(): 11.7172ms
Frame 767 end
Average processing time of GrabImageRGBD(): 11.7068ms
Frame 768 end
Average processing time of GrabImageRGBD(): 11.7456ms
Frame 769 end
Average processing time of GrabImageRGBD(): 11.7449ms
Frame 770 end
Average processing time of GrabImageRGBD(): 11.743ms
Frame 771 end
Average processing time of GrabImageRGBD(): 11.7324ms
Frame 772 end
Average processing time of GrabImageRGBD(): 11.7243ms
Frame 773 end
Average processing time of GrabImageRGBD(): 11.7217ms
Frame 774 end
Average processing time of GrabImageRGBD(): 11.7185ms
Frame 775 end
Average processing time of GrabImageRGBD(): 11.7123ms
Frame 776 end
Average processing time of GrabImageRGBD(): 11.7051ms
Frame 777 end
Average processing time of GrabImageRGBD(): 11.7013ms
Frame 778 end
Average processing time of GrabImageRGBD(): 11.6967ms
Frame 779 end
Average processing time of GrabImageRGBD(): 11.6927ms
Frame 780 end
Average processing time of GrabImageRGBD(): 11.6833ms
Frame 781 end
Average processing time of GrabImageRGBD(): 11.6727ms
Frame 782 end
Shutdown
-------

median tracking time: 0.0101543
mean tracking time: 0.0125187

Saving camera trajectory to CameraTrajectory.txt ...

Saving keyframe trajectory to KeyFrameTrajectory.txt ...
