
ORB-SLAM3 Copyright (C) 2017-2020 Carlos Campos, Richard Elvira, Juan J. Gómez, José M.M. Montiel and Juan D. Tardós, University of Zaragoza.
ORB-SLAM2 Copyright (C) 2014-2016 Raúl Mur-Artal, José M.M. Montiel and Juan D. Tardós, University of Zaragoza.
This program comes with ABSOLUTELY NO WARRANTY;
This is free software, and you are welcome to redistribute it
under certain conditions. See LICENSE.txt.

Input sensor was set to: RGB-D
Loading settings from /home/bingxin/Downloads/NGD-SLAM/Examples/RGB-D/Bonn.yaml
Camera1.k3 optional parameter does not exist...
	-Loaded camera 1
Camera.newHeight optional parameter does not exist...
Camera.newWidth optional parameter does not exist...
	-Loaded image info
	-Loaded RGB-D calibration
	-Loaded ORB settings
Viewer.imageViewScale optional parameter does not exist...
	-Loaded viewer settings
System.LoadAtlasFromFile optional parameter does not exist...
System.SaveAtlasToFile optional parameter does not exist...
	-Loaded Atlas settings
System.thFarPoints optional parameter does not exist...
	-Loaded misc parameters
----------------------------------
SLAM settings: 
	-Camera 1 parameters (Pinhole): [ 542.823 542.577 315.594 237.756 ]
	-Camera 1 distortion parameters: [  0.039903 -0.099343 -0.00073 -0.000144 ]
	-Original image size: [ 640 , 480 ]
	-Current image size: [ 640 , 480 ]
	-Sequence FPS: 30
	-RGB-D depth map factor: 5000
	-Features per image: 1000
	-ORB scale factor: 1.2
	-ORB number of scales: 8
	-Initial FAST threshold: 20
	-Min FAST threshold: 7


Loading ORB Vocabulary. This could take a while...
Vocabulary loaded!

Initialization of Atlas from scratch 
Creation of new map with id: 0
Creation of new map with last KF id: 0
Seq. Name: 
There are 1 cameras in the atlas
Camera 0 is pinhole
Net use yolo-fastest

-------
Start processing sequence ...
Images in the sequence: 783

First KF:0; Map init KF:0
New Map created with 954 points
Average processing time of GrabImageRGBD(): 52.9942ms
Frame 0 end
Average processing time of GrabImageRGBD(): 43.3443ms
Frame 1 end
Average processing time of GrabImageRGBD(): 37.6278ms
Frame 2 end
Average processing time of GrabImageRGBD(): 29.2796ms
Frame 3 end
Average processing time of GrabImageRGBD(): 25.4551ms
Frame 4 end
Average processing time of GrabImageRGBD(): 22.358ms
Frame 5 end
Starting the Viewer
Average processing time of GrabImageRGBD(): 19.6532ms
Frame 6 end
Average processing time of GrabImageRGBD(): 17.8717ms
Frame 7 end
Average processing time of GrabImageRGBD(): 16.6066ms
Frame 8 end
Average processing time of GrabImageRGBD(): 15.3563ms
Frame 9 end
Average processing time of GrabImageRGBD(): 14.8734ms
Frame 10 end
Average processing time of GrabImageRGBD(): 14.4793ms
Frame 11 end
Average processing time of GrabImageRGBD(): 13.6575ms
Frame 12 end
Average processing time of GrabImageRGBD(): 13.4132ms
Frame 13 end
Average processing time of GrabImageRGBD(): 13.1924ms
Frame 14 end
Average processing time of GrabImageRGBD(): 12.6004ms
Frame 15 end
Average processing time of GrabImageRGBD(): 12.3303ms
Frame 16 end
Average processing time of GrabImageRGBD(): 12.198ms
Frame 17 end
Average processing time of GrabImageRGBD(): 12.0377ms
Frame 18 end
Average processing time of GrabImageRGBD(): 11.6041ms
Frame 19 end
Average processing time of GrabImageRGBD(): 11.4637ms
Frame 20 end
Average processing time of GrabImageRGBD(): 11.3969ms
Frame 21 end
Average processing time of GrabImageRGBD(): 11.3413ms
Frame 22 end
Average processing time of GrabImageRGBD(): 11.265ms
Frame 23 end
Average processing time of GrabImageRGBD(): 10.9558ms
Frame 24 end
Average processing time of GrabImageRGBD(): 10.6752ms
Frame 25 end
Average processing time of GrabImageRGBD(): 11.2116ms
Frame 26 end
Average processing time of GrabImageRGBD(): 11.1685ms
Frame 27 end
Average processing time of GrabImageRGBD(): 11.1081ms
Frame 28 end
Average processing time of GrabImageRGBD(): 10.9579ms
Frame 29 end
Average processing time of GrabImageRGBD(): 10.7634ms
Frame 30 end
Average processing time of GrabImageRGBD(): 10.5337ms
Frame 31 end
Average processing time of GrabImageRGBD(): 10.5088ms
Frame 32 end
Average processing time of GrabImageRGBD(): 10.4696ms
Frame 33 end
Average processing time of GrabImageRGBD(): 10.4362ms
Frame 34 end
Average processing time of GrabImageRGBD(): 10.4136ms
Frame 35 end
Average processing time of GrabImageRGBD(): 10.2734ms
Frame 36 end
Average processing time of GrabImageRGBD(): 10.1022ms
Frame 37 end
Average processing time of GrabImageRGBD(): 10.5799ms
Frame 38 end
Average processing time of GrabImageRGBD(): 10.5445ms
Frame 39 end
Average processing time of GrabImageRGBD(): 10.946ms
Frame 40 end
Average processing time of GrabImageRGBD(): 10.9452ms
Frame 41 end
Average processing time of GrabImageRGBD(): 10.7586ms
Frame 42 end
Average processing time of GrabImageRGBD(): 10.6939ms
Frame 43 end
Average processing time of GrabImageRGBD(): 10.6591ms
Frame 44 end
Average processing time of GrabImageRGBD(): 10.6246ms
Frame 45 end
Average processing time of GrabImageRGBD(): 10.9642ms
Frame 46 end
Average processing time of GrabImageRGBD(): 10.8299ms
Frame 47 end
Average processing time of GrabImageRGBD(): 10.6727ms
Frame 48 end
Average processing time of GrabImageRGBD(): 10.6547ms
Frame 49 end
Average processing time of GrabImageRGBD(): 10.5202ms
Frame 50 end
Average processing time of GrabImageRGBD(): 10.506ms
Frame 51 end
Average processing time of GrabImageRGBD(): 10.8538ms
Frame 52 end
Average processing time of GrabImageRGBD(): 10.7231ms
Frame 53 end
Average processing time of GrabImageRGBD(): 10.5976ms
Frame 54 end
Average processing time of GrabImageRGBD(): 10.5821ms
Frame 55 end
Average processing time of GrabImageRGBD(): 10.565ms
Frame 56 end
Average processing time of GrabImageRGBD(): 10.4397ms
Frame 57 end
Average processing time of GrabImageRGBD(): 10.4216ms
Frame 58 end
Average processing time of GrabImageRGBD(): 10.4027ms
Frame 59 end
Average processing time of GrabImageRGBD(): 10.2787ms
Frame 60 end
Average processing time of GrabImageRGBD(): 10.2608ms
Frame 61 end
Average processing time of GrabImageRGBD(): 10.2424ms
Frame 62 end
Average processing time of GrabImageRGBD(): 10.5094ms
Frame 63 end
Average processing time of GrabImageRGBD(): 10.45ms
Frame 64 end
Average processing time of GrabImageRGBD(): 10.3385ms
Frame 65 end
Average processing time of GrabImageRGBD(): 10.2386ms
Frame 66 end
Average processing time of GrabImageRGBD(): 10.1986ms
Frame 67 end
Average processing time of GrabImageRGBD(): 10.4736ms
Frame 68 end
Average processing time of GrabImageRGBD(): 10.4897ms
Frame 69 end
Average processing time of GrabImageRGBD(): 10.4903ms
Frame 70 end
Average processing time of GrabImageRGBD(): 10.3981ms
Frame 71 end
Average processing time of GrabImageRGBD(): 10.4012ms
Frame 72 end
Average processing time of GrabImageRGBD(): 10.3966ms
Frame 73 end
Average processing time of GrabImageRGBD(): 10.3001ms
Frame 74 end
Average processing time of GrabImageRGBD(): 10.2883ms
Frame 75 end
Average processing time of GrabImageRGBD(): 10.2539ms
Frame 76 end
Average processing time of GrabImageRGBD(): 10.1617ms
Frame 77 end
Average processing time of GrabImageRGBD(): 10.1295ms
Frame 78 end
Average processing time of GrabImageRGBD(): 10.3716ms
Frame 79 end
Average processing time of GrabImageRGBD(): 10.3783ms
Frame 80 end
Average processing time of GrabImageRGBD(): 10.2945ms
Frame 81 end
Average processing time of GrabImageRGBD(): 10.2442ms
Frame 82 end
Average processing time of GrabImageRGBD(): 10.2359ms
Frame 83 end
Average processing time of GrabImageRGBD(): 10.2421ms
Frame 84 end
Average processing time of GrabImageRGBD(): 10.2286ms
Frame 85 end
Average processing time of GrabImageRGBD(): 10.2135ms
Frame 86 end
Average processing time of GrabImageRGBD(): 10.2174ms
Frame 87 end
Average processing time of GrabImageRGBD(): 10.2001ms
Frame 88 end
Average processing time of GrabImageRGBD(): 10.1183ms
Frame 89 end
Average processing time of GrabImageRGBD(): 10.0999ms
Frame 90 end
Average processing time of GrabImageRGBD(): 10.3982ms
Frame 91 end
Average processing time of GrabImageRGBD(): 10.4014ms
Frame 92 end
Average processing time of GrabImageRGBD(): 10.3479ms
Frame 93 end
Average processing time of GrabImageRGBD(): 10.2742ms
Frame 94 end
Average processing time of GrabImageRGBD(): 10.2672ms
Frame 95 end
Average processing time of GrabImageRGBD(): 10.2254ms
Frame 96 end
Average processing time of GrabImageRGBD(): 10.1604ms
Frame 97 end
Average processing time of GrabImageRGBD(): 10.1206ms
Frame 98 end
Average processing time of GrabImageRGBD(): 10.0567ms
Frame 99 end
Average processing time of GrabImageRGBD(): 10.0469ms
Frame 100 end
Average processing time of GrabImageRGBD(): 10.0339ms
Frame 101 end
Average processing time of GrabImageRGBD(): 10.0313ms
Frame 102 end
Average processing time of GrabImageRGBD(): 10.021ms
Frame 103 end
Average processing time of GrabImageRGBD(): 10.0181ms
Frame 104 end
Average processing time of GrabImageRGBD(): 9.95701ms
Frame 105 end
Average processing time of GrabImageRGBD(): 9.9492ms
Frame 106 end
Average processing time of GrabImageRGBD(): 10.1094ms
Frame 107 end
Average processing time of GrabImageRGBD(): 10.0553ms
Frame 108 end
Average processing time of GrabImageRGBD(): 9.99886ms
Frame 109 end
Average processing time of GrabImageRGBD(): 9.94027ms
Frame 110 end
Average processing time of GrabImageRGBD(): 9.93443ms
Frame 111 end
Average processing time of GrabImageRGBD(): 9.89175ms
Frame 112 end
Average processing time of GrabImageRGBD(): 9.8758ms
Frame 113 end
Average processing time of GrabImageRGBD(): 9.8727ms
Frame 114 end
Average processing time of GrabImageRGBD(): 9.81378ms
Frame 115 end
Average processing time of GrabImageRGBD(): 9.95773ms
Frame 116 end
Average processing time of GrabImageRGBD(): 9.97155ms
Frame 117 end
Average processing time of GrabImageRGBD(): 9.91257ms
Frame 118 end
Average processing time of GrabImageRGBD(): 9.91908ms
Frame 119 end
Average processing time of GrabImageRGBD(): 9.87202ms
Frame 120 end
Average processing time of GrabImageRGBD(): 9.81746ms
Frame 121 end
Average processing time of GrabImageRGBD(): 9.82664ms
Frame 122 end
Average processing time of GrabImageRGBD(): 9.82696ms
Frame 123 end
Average processing time of GrabImageRGBD(): 9.77638ms
Frame 124 end
Average processing time of GrabImageRGBD(): 9.7268ms
Frame 125 end
Average processing time of GrabImageRGBD(): 9.72192ms
Frame 126 end
Average processing time of GrabImageRGBD(): 9.71564ms
Frame 127 end
Average processing time of GrabImageRGBD(): 9.66356ms
Frame 128 end
Average processing time of GrabImageRGBD(): 9.79304ms
Frame 129 end
Average processing time of GrabImageRGBD(): 9.81642ms
Frame 130 end
Average processing time of GrabImageRGBD(): 9.82682ms
Frame 131 end
Average processing time of GrabImageRGBD(): 9.82475ms
Frame 132 end
Average processing time of GrabImageRGBD(): 9.82434ms
Frame 133 end
Average processing time of GrabImageRGBD(): 9.81946ms
Frame 134 end
Average processing time of GrabImageRGBD(): 9.81507ms
Frame 135 end
Average processing time of GrabImageRGBD(): 9.94025ms
Frame 136 end
Average processing time of GrabImageRGBD(): 9.90285ms
Frame 137 end
Average processing time of GrabImageRGBD(): 9.92078ms
Frame 138 end
Average processing time of GrabImageRGBD(): 9.9117ms
Frame 139 end
Average processing time of GrabImageRGBD(): 9.86918ms
Frame 140 end
Average processing time of GrabImageRGBD(): 9.85653ms
Frame 141 end
Average processing time of GrabImageRGBD(): 9.84951ms
Frame 142 end
Average processing time of GrabImageRGBD(): 9.99833ms
Frame 143 end
Average processing time of GrabImageRGBD(): 9.97414ms
Frame 144 end
Average processing time of GrabImageRGBD(): 9.97783ms
Frame 145 end
Average processing time of GrabImageRGBD(): 9.94855ms
Frame 146 end
Average processing time of GrabImageRGBD(): 9.92435ms
Frame 147 end
Average processing time of GrabImageRGBD(): 9.88171ms
Frame 148 end
Average processing time of GrabImageRGBD(): 9.84017ms
Frame 149 end
Average processing time of GrabImageRGBD(): 9.81108ms
Frame 150 end
Average processing time of GrabImageRGBD(): 9.77174ms
Frame 151 end
Average processing time of GrabImageRGBD(): 9.74382ms
Frame 152 end
Average processing time of GrabImageRGBD(): 9.74219ms
Frame 153 end
Average processing time of GrabImageRGBD(): 9.73403ms
Frame 154 end
Average processing time of GrabImageRGBD(): 9.73096ms
Frame 155 end
Average processing time of GrabImageRGBD(): 9.84193ms
Frame 156 end
Average processing time of GrabImageRGBD(): 9.81122ms
Frame 157 end
Average processing time of GrabImageRGBD(): 9.82399ms
Frame 158 end
Average processing time of GrabImageRGBD(): 9.79109ms
Frame 159 end
Average processing time of GrabImageRGBD(): 9.78686ms
Frame 160 end
Average processing time of GrabImageRGBD(): 9.78168ms
Frame 161 end
Average processing time of GrabImageRGBD(): 9.74397ms
Frame 162 end
Average processing time of GrabImageRGBD(): 9.74185ms
Frame 163 end
Average processing time of GrabImageRGBD(): 9.85292ms
Frame 164 end
Average processing time of GrabImageRGBD(): 9.86485ms
Frame 165 end
Average processing time of GrabImageRGBD(): 9.8655ms
Frame 166 end
Average processing time of GrabImageRGBD(): 9.97003ms
Frame 167 end
Average processing time of GrabImageRGBD(): 9.93737ms
Frame 168 end
Average processing time of GrabImageRGBD(): 9.90379ms
Frame 169 end
Average processing time of GrabImageRGBD(): 9.90481ms
Frame 170 end
Average processing time of GrabImageRGBD(): 9.87887ms
Frame 171 end
Average processing time of GrabImageRGBD(): 9.84265ms
Frame 172 end
Average processing time of GrabImageRGBD(): 9.8088ms
Frame 173 end
Average processing time of GrabImageRGBD(): 9.81683ms
Frame 174 end
Average processing time of GrabImageRGBD(): 9.96787ms
Frame 175 end
Average processing time of GrabImageRGBD(): 9.99252ms
Frame 176 end
Average processing time of GrabImageRGBD(): 10.0013ms
Frame 177 end
Average processing time of GrabImageRGBD(): 10.0228ms
Frame 178 end
Average processing time of GrabImageRGBD(): 10.1727ms
Frame 179 end
Average processing time of GrabImageRGBD(): 10.1895ms
Frame 180 end
Average processing time of GrabImageRGBD(): 10.1994ms
Frame 181 end
Average processing time of GrabImageRGBD(): 10.2172ms
Frame 182 end
Average processing time of GrabImageRGBD(): 10.2345ms
Frame 183 end
Average processing time of GrabImageRGBD(): 10.2518ms
Frame 184 end
Average processing time of GrabImageRGBD(): 10.4523ms
Frame 185 end
Average processing time of GrabImageRGBD(): 10.4805ms
Frame 186 end
Average processing time of GrabImageRGBD(): 10.4912ms
Frame 187 end
Average processing time of GrabImageRGBD(): 10.5082ms
Frame 188 end
Average processing time of GrabImageRGBD(): 10.5127ms
Frame 189 end
Average processing time of GrabImageRGBD(): 10.524ms
Frame 190 end
Average processing time of GrabImageRGBD(): 10.5518ms
Frame 191 end
Average processing time of GrabImageRGBD(): 10.6997ms
Frame 192 end
Average processing time of GrabImageRGBD(): 10.7216ms
Frame 193 end
Average processing time of GrabImageRGBD(): 10.723ms
Frame 194 end
Average processing time of GrabImageRGBD(): 10.7375ms
Frame 195 end
Average processing time of GrabImageRGBD(): 10.7546ms
Frame 196 end
Average processing time of GrabImageRGBD(): 10.7707ms
Frame 197 end
Average processing time of GrabImageRGBD(): 10.789ms
Frame 198 end
Average processing time of GrabImageRGBD(): 10.7981ms
Frame 199 end
Average processing time of GrabImageRGBD(): 10.8126ms
Frame 200 end
Average processing time of GrabImageRGBD(): 10.9351ms
Frame 201 end
Average processing time of GrabImageRGBD(): 10.9496ms
Frame 202 end
Average processing time of GrabImageRGBD(): 10.9657ms
Frame 203 end
Average processing time of GrabImageRGBD(): 10.9769ms
Frame 204 end
Average processing time of GrabImageRGBD(): 10.9824ms
Frame 205 end
Average processing time of GrabImageRGBD(): 10.9872ms
Frame 206 end
Average processing time of GrabImageRGBD(): 10.9912ms
Frame 207 end
Average processing time of GrabImageRGBD(): 11.0064ms
Frame 208 end
Average processing time of GrabImageRGBD(): 11.024ms
Frame 209 end
Average processing time of GrabImageRGBD(): 11.0128ms
Frame 210 end
Average processing time of GrabImageRGBD(): 11.0312ms
Frame 211 end
Average processing time of GrabImageRGBD(): 11.0401ms
Frame 212 end
Average processing time of GrabImageRGBD(): 11.0574ms
Frame 213 end
Average processing time of GrabImageRGBD(): 11.0652ms
Frame 214 end
Average processing time of GrabImageRGBD(): 11.0722ms
Frame 215 end
Average processing time of GrabImageRGBD(): 11.078ms
Frame 216 end
Average processing time of GrabImageRGBD(): 11.0818ms
Frame 217 end
Average processing time of GrabImageRGBD(): 11.0843ms
Frame 218 end
Average processing time of GrabImageRGBD(): 11.191ms
Frame 219 end
Average processing time of GrabImageRGBD(): 11.2041ms
Frame 220 end
Average processing time of GrabImageRGBD(): 11.2281ms
Frame 221 end
Average processing time of GrabImageRGBD(): 11.2281ms
Frame 222 end
Average processing time of GrabImageRGBD(): 11.2289ms
Frame 223 end
Average processing time of GrabImageRGBD(): 11.2324ms
Frame 224 end
Average processing time of GrabImageRGBD(): 11.2358ms
Frame 225 end
Average processing time of GrabImageRGBD(): 11.2395ms
Frame 226 end
Average processing time of GrabImageRGBD(): 11.3468ms
Frame 227 end
Average processing time of GrabImageRGBD(): 11.3449ms
Frame 228 end
Average processing time of GrabImageRGBD(): 11.3209ms
Frame 229 end
Average processing time of GrabImageRGBD(): 11.3369ms
Frame 230 end
Average processing time of GrabImageRGBD(): 11.3483ms
Frame 231 end
Average processing time of GrabImageRGBD(): 11.3645ms
Frame 232 end
Average processing time of GrabImageRGBD(): 11.3641ms
Frame 233 end
Average processing time of GrabImageRGBD(): 11.3571ms
Frame 234 end
Average processing time of GrabImageRGBD(): 11.3591ms
Frame 235 end
Average processing time of GrabImageRGBD(): 11.4512ms
Frame 236 end
Average processing time of GrabImageRGBD(): 11.4523ms
Frame 237 end
Average processing time of GrabImageRGBD(): 11.4549ms
Frame 238 end
Average processing time of GrabImageRGBD(): 11.4584ms
Frame 239 end
Average processing time of GrabImageRGBD(): 11.5654ms
Frame 240 end
Average processing time of GrabImageRGBD(): 11.5649ms
Frame 241 end
Average processing time of GrabImageRGBD(): 11.5715ms
Frame 242 end
Average processing time of GrabImageRGBD(): 11.5789ms
Frame 243 end
Average processing time of GrabImageRGBD(): 11.6773ms
Frame 244 end
Average processing time of GrabImageRGBD(): 11.6851ms
Frame 245 end
Average processing time of GrabImageRGBD(): 11.6818ms
Frame 246 end
Average processing time of GrabImageRGBD(): 11.6733ms
Frame 247 end
Average processing time of GrabImageRGBD(): 11.7799ms
Frame 248 end
Average processing time of GrabImageRGBD(): 11.8147ms
Frame 249 end
Average processing time of GrabImageRGBD(): 11.8303ms
Frame 250 end
Average processing time of GrabImageRGBD(): 11.8351ms
Frame 251 end
Average processing time of GrabImageRGBD(): 11.9277ms
Frame 252 end
Average processing time of GrabImageRGBD(): 11.9472ms
Frame 253 end
Average processing time of GrabImageRGBD(): 11.951ms
Frame 254 end
Average processing time of GrabImageRGBD(): 11.9531ms
Frame 255 end
Average processing time of GrabImageRGBD(): 12.0389ms
Frame 256 end
Average processing time of GrabImageRGBD(): 12.0596ms
Frame 257 end
Average processing time of GrabImageRGBD(): 12.062ms
Frame 258 end
Average processing time of GrabImageRGBD(): 12.0544ms
Frame 259 end
Average processing time of GrabImageRGBD(): 12.1389ms
Frame 260 end
Average processing time of GrabImageRGBD(): 12.1356ms
Frame 261 end
Average processing time of GrabImageRGBD(): 12.2122ms
Frame 262 end
Average processing time of GrabImageRGBD(): 12.2086ms
Frame 263 end
Average processing time of GrabImageRGBD(): 12.173ms
Frame 264 end
Average processing time of GrabImageRGBD(): 12.1496ms
Frame 265 end
Average processing time of GrabImageRGBD(): 12.2298ms
Frame 266 end
Average processing time of GrabImageRGBD(): 12.2143ms
Frame 267 end
Average processing time of GrabImageRGBD(): 12.2147ms
Frame 268 end
Average processing time of GrabImageRGBD(): 12.1879ms
Frame 269 end
Average processing time of GrabImageRGBD(): 12.1826ms
Frame 270 end
Average processing time of GrabImageRGBD(): 12.1824ms
Frame 271 end
Average processing time of GrabImageRGBD(): 12.1632ms
Frame 272 end
Average processing time of GrabImageRGBD(): 12.1439ms
Frame 273 end
Average processing time of GrabImageRGBD(): 12.2231ms
Frame 274 end
Average processing time of GrabImageRGBD(): 12.2182ms
Frame 275 end
Average processing time of GrabImageRGBD(): 12.1861ms
Frame 276 end
Average processing time of GrabImageRGBD(): 12.1644ms
Frame 277 end
Average processing time of GrabImageRGBD(): 12.1348ms
Frame 278 end
Average processing time of GrabImageRGBD(): 12.1239ms
Frame 279 end
Average processing time of GrabImageRGBD(): 12.1816ms
Frame 280 end
Average processing time of GrabImageRGBD(): 12.1546ms
Frame 281 end
Average processing time of GrabImageRGBD(): 12.1243ms
Frame 282 end
Average processing time of GrabImageRGBD(): 12.0977ms
Frame 283 end
Average processing time of GrabImageRGBD(): 12.0714ms
Frame 284 end
Average processing time of GrabImageRGBD(): 12.0569ms
Frame 285 end
Average processing time of GrabImageRGBD(): 12.1205ms
Frame 286 end
Average processing time of GrabImageRGBD(): 12.1143ms
Frame 287 end
Average processing time of GrabImageRGBD(): 12.0988ms
Frame 288 end
Average processing time of GrabImageRGBD(): 12.0791ms
Frame 289 end
Average processing time of GrabImageRGBD(): 12.1317ms
Frame 290 end
Average processing time of GrabImageRGBD(): 12.1112ms
Frame 291 end
Average processing time of GrabImageRGBD(): 12.0783ms
Frame 292 end
Average processing time of GrabImageRGBD(): 12.0655ms
Frame 293 end
Average processing time of GrabImageRGBD(): 12.0359ms
Frame 294 end
Average processing time of GrabImageRGBD(): 12.0236ms
Frame 295 end
Average processing time of GrabImageRGBD(): 11.9942ms
Frame 296 end
Average processing time of GrabImageRGBD(): 11.9655ms
Frame 297 end
Average processing time of GrabImageRGBD(): 11.9498ms
Frame 298 end
Average processing time of GrabImageRGBD(): 11.9357ms
Frame 299 end
Average processing time of GrabImageRGBD(): 11.9961ms
Frame 300 end
Average processing time of GrabImageRGBD(): 11.9808ms
Frame 301 end
Average processing time of GrabImageRGBD(): 11.9499ms
Frame 302 end
Average processing time of GrabImageRGBD(): 11.9385ms
Frame 303 end
Average processing time of GrabImageRGBD(): 11.9257ms
Frame 304 end
Average processing time of GrabImageRGBD(): 11.9098ms
Frame 305 end
Average processing time of GrabImageRGBD(): 11.8855ms
Frame 306 end
Average processing time of GrabImageRGBD(): 11.8577ms
Frame 307 end
Average processing time of GrabImageRGBD(): 11.8344ms
Frame 308 end
Average processing time of GrabImageRGBD(): 11.8221ms
Frame 309 end
Average processing time of GrabImageRGBD(): 11.7941ms
Frame 310 end
Average processing time of GrabImageRGBD(): 11.7699ms
Frame 311 end
Average processing time of GrabImageRGBD(): 11.7599ms
Frame 312 end
Average processing time of GrabImageRGBD(): 11.8189ms
Frame 313 end
Average processing time of GrabImageRGBD(): 11.7998ms
Frame 314 end
Average processing time of GrabImageRGBD(): 11.7727ms
Frame 315 end
Average processing time of GrabImageRGBD(): 11.7464ms
Frame 316 end
Average processing time of GrabImageRGBD(): 11.7208ms
Frame 317 end
Average processing time of GrabImageRGBD(): 11.6953ms
Frame 318 end
Average processing time of GrabImageRGBD(): 11.6688ms
Frame 319 end
Average processing time of GrabImageRGBD(): 11.6573ms
Frame 320 end
Average processing time of GrabImageRGBD(): 11.6398ms
Frame 321 end
Average processing time of GrabImageRGBD(): 11.628ms
Frame 322 end
Average processing time of GrabImageRGBD(): 11.6113ms
Frame 323 end
Average processing time of GrabImageRGBD(): 11.6725ms
Frame 324 end
Average processing time of GrabImageRGBD(): 11.6707ms
Frame 325 end
Average processing time of GrabImageRGBD(): 11.645ms
Frame 326 end
Average processing time of GrabImageRGBD(): 11.62ms
Frame 327 end
Average processing time of GrabImageRGBD(): 11.6071ms
Frame 328 end
Average processing time of GrabImageRGBD(): 11.5825ms
Frame 329 end
Average processing time of GrabImageRGBD(): 11.5726ms
Frame 330 end
Average processing time of GrabImageRGBD(): 11.5665ms
Frame 331 end
Average processing time of GrabImageRGBD(): 11.5583ms
Frame 332 end
Average processing time of GrabImageRGBD(): 11.5468ms
Frame 333 end
Average processing time of GrabImageRGBD(): 11.5269ms
Frame 334 end
Average processing time of GrabImageRGBD(): 11.5183ms
Frame 335 end
Average processing time of GrabImageRGBD(): 11.4938ms
Frame 336 end
Average processing time of GrabImageRGBD(): 11.4708ms
Frame 337 end
Average processing time of GrabImageRGBD(): 11.4515ms
Frame 338 end
Average processing time of GrabImageRGBD(): 11.4467ms
Frame 339 end
Average processing time of GrabImageRGBD(): 11.4392ms
Frame 340 end
Average processing time of GrabImageRGBD(): 11.4148ms
Frame 341 end
Average processing time of GrabImageRGBD(): 11.3924ms
Frame 342 end
Average processing time of GrabImageRGBD(): 11.3849ms
Frame 343 end
Average processing time of GrabImageRGBD(): 11.3763ms
Frame 344 end
Average processing time of GrabImageRGBD(): 11.3535ms
Frame 345 end
Average processing time of GrabImageRGBD(): 11.3307ms
Frame 346 end
Average processing time of GrabImageRGBD(): 11.3071ms
Frame 347 end
Average processing time of GrabImageRGBD(): 11.2976ms
Frame 348 end
Average processing time of GrabImageRGBD(): 11.2879ms
Frame 349 end
Average processing time of GrabImageRGBD(): 11.2762ms
Frame 350 end
Average processing time of GrabImageRGBD(): 11.2534ms
Frame 351 end
Average processing time of GrabImageRGBD(): 11.2423ms
Frame 352 end
Average processing time of GrabImageRGBD(): 11.2324ms
Frame 353 end
Average processing time of GrabImageRGBD(): 11.2246ms
Frame 354 end
Average processing time of GrabImageRGBD(): 11.2123ms
Frame 355 end
Average processing time of GrabImageRGBD(): 11.2034ms
Frame 356 end
Average processing time of GrabImageRGBD(): 11.1963ms
Frame 357 end
Average processing time of GrabImageRGBD(): 11.1875ms
Frame 358 end
Average processing time of GrabImageRGBD(): 11.1649ms
Frame 359 end
Average processing time of GrabImageRGBD(): 11.1465ms
Frame 360 end
Average processing time of GrabImageRGBD(): 11.1402ms
Frame 361 end
Average processing time of GrabImageRGBD(): 11.1161ms
Frame 362 end
Average processing time of GrabImageRGBD(): 11.1848ms
Frame 363 end
Average processing time of GrabImageRGBD(): 11.1942ms
Frame 364 end
Average processing time of GrabImageRGBD(): 11.2574ms
Frame 365 end
Average processing time of GrabImageRGBD(): 11.2618ms
Frame 366 end
Average processing time of GrabImageRGBD(): 11.2536ms
Frame 367 end
Average processing time of GrabImageRGBD(): 11.2558ms
Frame 368 end
Average processing time of GrabImageRGBD(): 11.2592ms
Frame 369 end
Average processing time of GrabImageRGBD(): 11.3175ms
Frame 370 end
Average processing time of GrabImageRGBD(): 11.3213ms
Frame 371 end
Average processing time of GrabImageRGBD(): 11.3212ms
Frame 372 end
Average processing time of GrabImageRGBD(): 11.3253ms
Frame 373 end
Average processing time of GrabImageRGBD(): 11.3311ms
Frame 374 end
Average processing time of GrabImageRGBD(): 11.334ms
Frame 375 end
Average processing time of GrabImageRGBD(): 11.3401ms
Frame 376 end
Average processing time of GrabImageRGBD(): 11.3422ms
Frame 377 end
Average processing time of GrabImageRGBD(): 11.3492ms
Frame 378 end
Average processing time of GrabImageRGBD(): 11.3515ms
Frame 379 end
Average processing time of GrabImageRGBD(): 11.3535ms
Frame 380 end
Average processing time of GrabImageRGBD(): 11.3559ms
Frame 381 end
Average processing time of GrabImageRGBD(): 11.3652ms
Frame 382 end
Average processing time of GrabImageRGBD(): 11.3714ms
Frame 383 end
Average processing time of GrabImageRGBD(): 11.3751ms
Frame 384 end
Average processing time of GrabImageRGBD(): 11.441ms
Frame 385 end
Average processing time of GrabImageRGBD(): 11.4425ms
Frame 386 end
Average processing time of GrabImageRGBD(): 11.4558ms
Frame 387 end
Average processing time of GrabImageRGBD(): 11.4678ms
Frame 388 end
Average processing time of GrabImageRGBD(): 11.4709ms
Frame 389 end
Average processing time of GrabImageRGBD(): 11.4752ms
Frame 390 end
Average processing time of GrabImageRGBD(): 11.4803ms
Frame 391 end
Average processing time of GrabImageRGBD(): 11.4902ms
Frame 392 end
Average processing time of GrabImageRGBD(): 11.4947ms
Frame 393 end
Average processing time of GrabImageRGBD(): 11.5515ms
Frame 394 end
Average processing time of GrabImageRGBD(): 11.5603ms
Frame 395 end
Average processing time of GrabImageRGBD(): 11.6155ms
Frame 396 end
Average processing time of GrabImageRGBD(): 11.6158ms
Frame 397 end
Average processing time of GrabImageRGBD(): 11.6802ms
Frame 398 end
Average processing time of GrabImageRGBD(): 11.6852ms
Frame 399 end
Average processing time of GrabImageRGBD(): 11.6955ms
Frame 400 end
Average processing time of GrabImageRGBD(): 11.7033ms
Frame 401 end
Average processing time of GrabImageRGBD(): 11.7044ms
Frame 402 end
Average processing time of GrabImageRGBD(): 11.7615ms
Frame 403 end
Average processing time of GrabImageRGBD(): 11.7574ms
Frame 404 end
Average processing time of GrabImageRGBD(): 11.7656ms
Frame 405 end
Average processing time of GrabImageRGBD(): 11.766ms
Frame 406 end
Average processing time of GrabImageRGBD(): 11.8189ms
Frame 407 end
Average processing time of GrabImageRGBD(): 11.8222ms
Frame 408 end
Average processing time of GrabImageRGBD(): 11.8259ms
Frame 409 end
Average processing time of GrabImageRGBD(): 11.8285ms
Frame 410 end
Average processing time of GrabImageRGBD(): 11.8804ms
Frame 411 end
Average processing time of GrabImageRGBD(): 11.8922ms
Frame 412 end
Average processing time of GrabImageRGBD(): 11.9499ms
Frame 413 end
Average processing time of GrabImageRGBD(): 11.961ms
Frame 414 end
Average processing time of GrabImageRGBD(): 12.018ms
Frame 415 end
Average processing time of GrabImageRGBD(): 12.0289ms
Frame 416 end
Average processing time of GrabImageRGBD(): 12.0344ms
Frame 417 end
Average processing time of GrabImageRGBD(): 12.0964ms
Frame 418 end
Average processing time of GrabImageRGBD(): 12.1057ms
Frame 419 end
Average processing time of GrabImageRGBD(): 12.1113ms
Frame 420 end
Average processing time of GrabImageRGBD(): 12.1149ms
Frame 421 end
Average processing time of GrabImageRGBD(): 12.1722ms
Frame 422 end
Average processing time of GrabImageRGBD(): 12.1759ms
Frame 423 end
Average processing time of GrabImageRGBD(): 12.1847ms
Frame 424 end
Average processing time of GrabImageRGBD(): 12.2365ms
Frame 425 end
Average processing time of GrabImageRGBD(): 12.2419ms
Frame 426 end
Average processing time of GrabImageRGBD(): 12.2411ms
Frame 427 end
Average processing time of GrabImageRGBD(): 12.2947ms
Frame 428 end
Average processing time of GrabImageRGBD(): 12.3047ms
Frame 429 end
Average processing time of GrabImageRGBD(): 12.3145ms
Frame 430 end
Average processing time of GrabImageRGBD(): 12.362ms
Frame 431 end
Average processing time of GrabImageRGBD(): 12.3721ms
Frame 432 end
Average processing time of GrabImageRGBD(): 12.382ms
Frame 433 end
Average processing time of GrabImageRGBD(): 12.4403ms
Frame 434 end
Average processing time of GrabImageRGBD(): 12.4392ms
Frame 435 end
Average processing time of GrabImageRGBD(): 12.4453ms
Frame 436 end
Average processing time of GrabImageRGBD(): 12.4967ms
Frame 437 end
Average processing time of GrabImageRGBD(): 12.5028ms
Frame 438 end
Average processing time of GrabImageRGBD(): 12.5033ms
Frame 439 end
Average processing time of GrabImageRGBD(): 12.505ms
Frame 440 end
Average processing time of GrabImageRGBD(): 12.508ms
Frame 441 end
Average processing time of GrabImageRGBD(): 12.5079ms
Frame 442 end
Average processing time of GrabImageRGBD(): 12.555ms
Frame 443 end
Average processing time of GrabImageRGBD(): 12.5597ms
Frame 444 end
Average processing time of GrabImageRGBD(): 12.568ms
Frame 445 end
Average processing time of GrabImageRGBD(): 12.5676ms
Frame 446 end
Average processing time of GrabImageRGBD(): 12.5717ms
Frame 447 end
Average processing time of GrabImageRGBD(): 12.5731ms
Frame 448 end
Average processing time of GrabImageRGBD(): 12.5772ms
Frame 449 end
Average processing time of GrabImageRGBD(): 12.5687ms
Frame 450 end
Average processing time of GrabImageRGBD(): 12.6265ms
Frame 451 end
Average processing time of GrabImageRGBD(): 12.6338ms
Frame 452 end
Average processing time of GrabImageRGBD(): 12.6376ms
Frame 453 end
Average processing time of GrabImageRGBD(): 12.6436ms
Frame 454 end
Average processing time of GrabImageRGBD(): 12.6394ms
Frame 455 end
Average processing time of GrabImageRGBD(): 12.6459ms
Frame 456 end
Average processing time of GrabImageRGBD(): 12.6442ms
Frame 457 end
Average processing time of GrabImageRGBD(): 12.6469ms
Frame 458 end
Average processing time of GrabImageRGBD(): 12.6472ms
Frame 459 end
Average processing time of GrabImageRGBD(): 12.6487ms
Frame 460 end
Average processing time of GrabImageRGBD(): 12.6501ms
Frame 461 end
Average processing time of GrabImageRGBD(): 12.6478ms
Frame 462 end
Average processing time of GrabImageRGBD(): 12.6944ms
Frame 463 end
Average processing time of GrabImageRGBD(): 12.6918ms
Frame 464 end
Average processing time of GrabImageRGBD(): 12.6914ms
Frame 465 end
Average processing time of GrabImageRGBD(): 12.6965ms
Frame 466 end
Average processing time of GrabImageRGBD(): 12.7025ms
Frame 467 end
Average processing time of GrabImageRGBD(): 12.7134ms
Frame 468 end
Average processing time of GrabImageRGBD(): 12.7192ms
Frame 469 end
Average processing time of GrabImageRGBD(): 12.769ms
Frame 470 end
Average processing time of GrabImageRGBD(): 12.7706ms
Frame 471 end
Average processing time of GrabImageRGBD(): 12.7758ms
Frame 472 end
Average processing time of GrabImageRGBD(): 12.7812ms
Frame 473 end
Average processing time of GrabImageRGBD(): 12.7804ms
Frame 474 end
Average processing time of GrabImageRGBD(): 12.7843ms
Frame 475 end
Average processing time of GrabImageRGBD(): 12.7837ms
Frame 476 end
Average processing time of GrabImageRGBD(): 12.7849ms
Frame 477 end
Average processing time of GrabImageRGBD(): 12.7841ms
Frame 478 end
Average processing time of GrabImageRGBD(): 12.785ms
Frame 479 end
Average processing time of GrabImageRGBD(): 12.7883ms
Frame 480 end
Average processing time of GrabImageRGBD(): 12.7857ms
Frame 481 end
Average processing time of GrabImageRGBD(): 12.7877ms
Frame 482 end
Average processing time of GrabImageRGBD(): 12.7892ms
Frame 483 end
Average processing time of GrabImageRGBD(): 12.7911ms
Frame 484 end
Average processing time of GrabImageRGBD(): 12.7944ms
Frame 485 end
Average processing time of GrabImageRGBD(): 12.7974ms
Frame 486 end
Average processing time of GrabImageRGBD(): 12.8015ms
Frame 487 end
Average processing time of GrabImageRGBD(): 12.8486ms
Frame 488 end
Average processing time of GrabImageRGBD(): 12.8534ms
Frame 489 end
Average processing time of GrabImageRGBD(): 12.8575ms
Frame 490 end
Average processing time of GrabImageRGBD(): 12.8593ms
Frame 491 end
Average processing time of GrabImageRGBD(): 12.8615ms
Frame 492 end
Average processing time of GrabImageRGBD(): 12.8637ms
Frame 493 end
Average processing time of GrabImageRGBD(): 12.8647ms
Frame 494 end
Average processing time of GrabImageRGBD(): 12.8609ms
Frame 495 end
Average processing time of GrabImageRGBD(): 12.8665ms
Frame 496 end
Average processing time of GrabImageRGBD(): 12.9102ms
Frame 497 end
Average processing time of GrabImageRGBD(): 12.9112ms
Frame 498 end
Average processing time of GrabImageRGBD(): 12.9124ms
Frame 499 end
Average processing time of GrabImageRGBD(): 12.9131ms
Frame 500 end
Average processing time of GrabImageRGBD(): 12.9133ms
Frame 501 end
Average processing time of GrabImageRGBD(): 12.915ms
Frame 502 end
Average processing time of GrabImageRGBD(): 12.9159ms
Frame 503 end
Average processing time of GrabImageRGBD(): 12.9135ms
Frame 504 end
Average processing time of GrabImageRGBD(): 12.9123ms
Frame 505 end
Average processing time of GrabImageRGBD(): 12.9074ms
Frame 506 end
Average processing time of GrabImageRGBD(): 12.9064ms
Frame 507 end
Average processing time of GrabImageRGBD(): 12.9029ms
Frame 508 end
Average processing time of GrabImageRGBD(): 12.8849ms
Frame 509 end
Average processing time of GrabImageRGBD(): 12.9144ms
Frame 510 end
Average processing time of GrabImageRGBD(): 12.9033ms
Frame 511 end
Average processing time of GrabImageRGBD(): 12.898ms
Frame 512 end
Average processing time of GrabImageRGBD(): 12.8908ms
Frame 513 end
Average processing time of GrabImageRGBD(): 12.8726ms
Frame 514 end
Average processing time of GrabImageRGBD(): 12.8544ms
Frame 515 end
Average processing time of GrabImageRGBD(): 12.847ms
Frame 516 end
Average processing time of GrabImageRGBD(): 12.8279ms
Frame 517 end
Average processing time of GrabImageRGBD(): 12.8102ms
Frame 518 end
Average processing time of GrabImageRGBD(): 12.8033ms
Frame 519 end
Average processing time of GrabImageRGBD(): 12.8306ms
Frame 520 end
Average processing time of GrabImageRGBD(): 12.8265ms
Frame 521 end
Average processing time of GrabImageRGBD(): 12.8175ms
Frame 522 end
Average processing time of GrabImageRGBD(): 12.8104ms
Frame 523 end
Average processing time of GrabImageRGBD(): 12.7917ms
Frame 524 end
Average processing time of GrabImageRGBD(): 12.7747ms
Frame 525 end
Average processing time of GrabImageRGBD(): 12.7638ms
Frame 526 end
Average processing time of GrabImageRGBD(): 12.7467ms
Frame 527 end
Average processing time of GrabImageRGBD(): 12.7406ms
Frame 528 end
Average processing time of GrabImageRGBD(): 12.7245ms
Frame 529 end
Average processing time of GrabImageRGBD(): 12.7155ms
Frame 530 end
Average processing time of GrabImageRGBD(): 12.7478ms
Frame 531 end
Average processing time of GrabImageRGBD(): 12.732ms
Frame 532 end
Average processing time of GrabImageRGBD(): 12.715ms
Frame 533 end
Average processing time of GrabImageRGBD(): 12.7077ms
Frame 534 end
Average processing time of GrabImageRGBD(): 12.6908ms
Frame 535 end
Average processing time of GrabImageRGBD(): 12.6735ms
Frame 536 end
Average processing time of GrabImageRGBD(): 12.6673ms
Frame 537 end
Average processing time of GrabImageRGBD(): 12.6491ms
Frame 538 end
Average processing time of GrabImageRGBD(): 12.632ms
Frame 539 end
Average processing time of GrabImageRGBD(): 12.6178ms
Frame 540 end
Average processing time of GrabImageRGBD(): 12.6012ms
Frame 541 end
Average processing time of GrabImageRGBD(): 12.5937ms
Frame 542 end
Average processing time of GrabImageRGBD(): 12.5826ms
Frame 543 end
Average processing time of GrabImageRGBD(): 12.5753ms
Frame 544 end
Average processing time of GrabImageRGBD(): 12.5667ms
Frame 545 end
Average processing time of GrabImageRGBD(): 12.5589ms
Frame 546 end
Average processing time of GrabImageRGBD(): 12.587ms
Frame 547 end
Average processing time of GrabImageRGBD(): 12.5716ms
Frame 548 end
Average processing time of GrabImageRGBD(): 12.5558ms
Frame 549 end
Average processing time of GrabImageRGBD(): 12.55ms
Frame 550 end
Average processing time of GrabImageRGBD(): 12.5384ms
Frame 551 end
Average processing time of GrabImageRGBD(): 12.5219ms
Frame 552 end
Average processing time of GrabImageRGBD(): 12.506ms
Frame 553 end
Average processing time of GrabImageRGBD(): 12.4942ms
Frame 554 end
Average processing time of GrabImageRGBD(): 12.4822ms
Frame 555 end
Average processing time of GrabImageRGBD(): 12.4755ms
Frame 556 end
Average processing time of GrabImageRGBD(): 12.4692ms
Frame 557 end
Average processing time of GrabImageRGBD(): 12.452ms
Frame 558 end
Average processing time of GrabImageRGBD(): 12.4456ms
Frame 559 end
Average processing time of GrabImageRGBD(): 12.4392ms
Frame 560 end
Average processing time of GrabImageRGBD(): 12.4336ms
Frame 561 end
Average processing time of GrabImageRGBD(): 12.462ms
Frame 562 end
Average processing time of GrabImageRGBD(): 12.4572ms
Frame 563 end
Average processing time of GrabImageRGBD(): 12.441ms
Frame 564 end
Average processing time of GrabImageRGBD(): 12.426ms
Frame 565 end
Average processing time of GrabImageRGBD(): 12.4107ms
Frame 566 end
Average processing time of GrabImageRGBD(): 12.4047ms
Frame 567 end
Average processing time of GrabImageRGBD(): 12.3886ms
Frame 568 end
Average processing time of GrabImageRGBD(): 12.3728ms
Frame 569 end
Average processing time of GrabImageRGBD(): 12.3662ms
Frame 570 end
Average processing time of GrabImageRGBD(): 12.3505ms
Frame 571 end
Average processing time of GrabImageRGBD(): 12.3441ms
Frame 572 end
Average processing time of GrabImageRGBD(): 12.3287ms
Frame 573 end
Average processing time of GrabImageRGBD(): 12.3136ms
Frame 574 end
Average processing time of GrabImageRGBD(): 12.2979ms
Frame 575 end
Average processing time of GrabImageRGBD(): 12.2827ms
Frame 576 end
Average processing time of GrabImageRGBD(): 12.3069ms
Frame 577 end
Average processing time of GrabImageRGBD(): 12.2973ms
Frame 578 end
Average processing time of GrabImageRGBD(): 12.2953ms
Frame 579 end
Average processing time of GrabImageRGBD(): 12.2809ms
Frame 580 end
Average processing time of GrabImageRGBD(): 12.2751ms
Frame 581 end
Average processing time of GrabImageRGBD(): 12.3109ms
Frame 582 end
Average processing time of GrabImageRGBD(): 12.3064ms
Frame 583 end
Average processing time of GrabImageRGBD(): 12.2906ms
Frame 584 end
Average processing time of GrabImageRGBD(): 12.2805ms
Frame 585 end
Average processing time of GrabImageRGBD(): 12.2745ms
Frame 586 end
Average processing time of GrabImageRGBD(): 12.2596ms
Frame 587 end
Average processing time of GrabImageRGBD(): 12.2455ms
Frame 588 end
Average processing time of GrabImageRGBD(): 12.2304ms
Frame 589 end
Average processing time of GrabImageRGBD(): 12.2796ms
Frame 590 end
Average processing time of GrabImageRGBD(): 12.2659ms
Frame 591 end
Average processing time of GrabImageRGBD(): 12.2502ms
Frame 592 end
Average processing time of GrabImageRGBD(): 12.2453ms
Frame 593 end
Average processing time of GrabImageRGBD(): 12.2302ms
Frame 594 end
Average processing time of GrabImageRGBD(): 12.2247ms
Frame 595 end
Average processing time of GrabImageRGBD(): 12.2141ms
Frame 596 end
Average processing time of GrabImageRGBD(): 12.2091ms
Frame 597 end
Average processing time of GrabImageRGBD(): 12.1972ms
Frame 598 end
Average processing time of GrabImageRGBD(): 12.1889ms
Frame 599 end
Average processing time of GrabImageRGBD(): 12.2181ms
Frame 600 end
Average processing time of GrabImageRGBD(): 12.2045ms
Frame 601 end
Average processing time of GrabImageRGBD(): 12.1894ms
Frame 602 end
Average processing time of GrabImageRGBD(): 12.1818ms
Frame 603 end
Average processing time of GrabImageRGBD(): 12.1673ms
Frame 604 end
Average processing time of GrabImageRGBD(): 12.1524ms
Frame 605 end
Average processing time of GrabImageRGBD(): 12.1403ms
Frame 606 end
Average processing time of GrabImageRGBD(): 12.1336ms
Frame 607 end
Average processing time of GrabImageRGBD(): 12.1254ms
Frame 608 end
Average processing time of GrabImageRGBD(): 12.1112ms
Frame 609 end
Average processing time of GrabImageRGBD(): 12.1045ms
Frame 610 end
Average processing time of GrabImageRGBD(): 12.0976ms
Frame 611 end
Average processing time of GrabImageRGBD(): 12.0831ms
Frame 612 end
Average processing time of GrabImageRGBD(): 12.0708ms
Frame 613 end
Average processing time of GrabImageRGBD(): 12.0591ms
Frame 614 end
Average processing time of GrabImageRGBD(): 12.0524ms
Frame 615 end
Average processing time of GrabImageRGBD(): 12.0453ms
Frame 616 end
Average processing time of GrabImageRGBD(): 12.0702ms
Frame 617 end
Average processing time of GrabImageRGBD(): 12.0657ms
Frame 618 end
Average processing time of GrabImageRGBD(): 12.0519ms
Frame 619 end
Average processing time of GrabImageRGBD(): 12.0478ms
Frame 620 end
Average processing time of GrabImageRGBD(): 12.0428ms
Frame 621 end
Average processing time of GrabImageRGBD(): 12.0381ms
Frame 622 end
Average processing time of GrabImageRGBD(): 12.024ms
Frame 623 end
Average processing time of GrabImageRGBD(): 12.0185ms
Frame 624 end
Average processing time of GrabImageRGBD(): 12.0479ms
Frame 625 end
Average processing time of GrabImageRGBD(): 12.0475ms
Frame 626 end
Average processing time of GrabImageRGBD(): 12.0342ms
Frame 627 end
Average processing time of GrabImageRGBD(): 12.0246ms
Frame 628 end
Average processing time of GrabImageRGBD(): 12.0523ms
Frame 629 end
Average processing time of GrabImageRGBD(): 12.0459ms
Frame 630 end
Average processing time of GrabImageRGBD(): 12.0313ms
Frame 631 end
Average processing time of GrabImageRGBD(): 12.0247ms
Frame 632 end
Average processing time of GrabImageRGBD(): 12.0177ms
Frame 633 end
Average processing time of GrabImageRGBD(): 12.0403ms
Frame 634 end
Average processing time of GrabImageRGBD(): 12.036ms
Frame 635 end
Average processing time of GrabImageRGBD(): 12.0302ms
Frame 636 end
Average processing time of GrabImageRGBD(): 12.0255ms
Frame 637 end
Average processing time of GrabImageRGBD(): 12.0543ms
Frame 638 end
Average processing time of GrabImageRGBD(): 12.0519ms
Frame 639 end
Average processing time of GrabImageRGBD(): 12.0379ms
Frame 640 end
Average processing time of GrabImageRGBD(): 12.0328ms
Frame 641 end
Average processing time of GrabImageRGBD(): 12.0588ms
Frame 642 end
Average processing time of GrabImageRGBD(): 12.0469ms
Frame 643 end
Average processing time of GrabImageRGBD(): 12.0495ms
Frame 644 end
Average processing time of GrabImageRGBD(): 12.0468ms
Frame 645 end
Average processing time of GrabImageRGBD(): 12.0444ms
Frame 646 end
Average processing time of GrabImageRGBD(): 12.0376ms
Frame 647 end
Average processing time of GrabImageRGBD(): 12.0341ms
Frame 648 end
Average processing time of GrabImageRGBD(): 12.0236ms
Frame 649 end
Average processing time of GrabImageRGBD(): 12.0107ms
Frame 650 end
Average processing time of GrabImageRGBD(): 11.998ms
Frame 651 end
Average processing time of GrabImageRGBD(): 11.9944ms
Frame 652 end
Average processing time of GrabImageRGBD(): 12.0239ms
Frame 653 end
Average processing time of GrabImageRGBD(): 12.0184ms
Frame 654 end
Average processing time of GrabImageRGBD(): 12.0057ms
Frame 655 end
Average processing time of GrabImageRGBD(): 11.9996ms
Frame 656 end
Average processing time of GrabImageRGBD(): 12.0266ms
Frame 657 end
Average processing time of GrabImageRGBD(): 12.0249ms
Frame 658 end
Average processing time of GrabImageRGBD(): 12.0195ms
Frame 659 end
Average processing time of GrabImageRGBD(): 12.0175ms
Frame 660 end
Average processing time of GrabImageRGBD(): 12.0148ms
Frame 661 end
Average processing time of GrabImageRGBD(): 12.0125ms
Frame 662 end
Average processing time of GrabImageRGBD(): 12.0381ms
Frame 663 end
Average processing time of GrabImageRGBD(): 12.0269ms
Frame 664 end
Average processing time of GrabImageRGBD(): 12.025ms
Frame 665 end
Average processing time of GrabImageRGBD(): 12.0221ms
Frame 666 end
Average processing time of GrabImageRGBD(): 12.0185ms
Frame 667 end
Average processing time of GrabImageRGBD(): 12.0064ms
Frame 668 end
*Loop detected
Local Mapping STOP
Average processing time of GrabImageRGBD(): 11.9945ms
Frame 669 end
Average processing time of GrabImageRGBD(): 11.9891ms
Frame 670 end
Average processing time of GrabImageRGBD(): 11.976ms
Frame 671 end
Local Mapping RELEASE
Average processing time of GrabImageRGBD(): 12.0076ms
Frame 672 end
Average processing time of GrabImageRGBD(): 12.0027ms
Frame 673 end
Average processing time of GrabImageRGBD(): 11.9896ms
Frame 674 end
Average processing time of GrabImageRGBD(): 11.9806ms
Frame 675 end
Average processing time of GrabImageRGBD(): 11.9699ms
Frame 676 end
Average processing time of GrabImageRGBD(): 11.958ms
Frame 677 end
Average processing time of GrabImageRGBD(): 11.9482ms
Frame 678 end
Average processing time of GrabImageRGBD(): 11.9388ms
Frame 679 end
Average processing time of GrabImageRGBD(): 11.9745ms
Frame 680 end
Average processing time of GrabImageRGBD(): 11.9679ms
Frame 681 end
Average processing time of GrabImageRGBD(): 11.9614ms
Frame 682 end
Local Mapping STOP
Local Mapping RELEASE
Average processing time of GrabImageRGBD(): 11.994ms
Frame 683 end
Average processing time of GrabImageRGBD(): 11.9907ms
Frame 684 end
Average processing time of GrabImageRGBD(): 11.9842ms
Frame 685 end
Average processing time of GrabImageRGBD(): 11.9776ms
Frame 686 end
Average processing time of GrabImageRGBD(): 11.9664ms
Frame 687 end
Average processing time of GrabImageRGBD(): 11.9536ms
Frame 688 end
Average processing time of GrabImageRGBD(): 11.9459ms
Frame 689 end
Average processing time of GrabImageRGBD(): 11.9385ms
Frame 690 end
Average processing time of GrabImageRGBD(): 11.928ms
Frame 691 end
Average processing time of GrabImageRGBD(): 11.955ms
Frame 692 end
Average processing time of GrabImageRGBD(): 11.9512ms
Frame 693 end
Average processing time of GrabImageRGBD(): 11.9419ms
Frame 694 end
Average processing time of GrabImageRGBD(): 11.93ms
Frame 695 end
Average processing time of GrabImageRGBD(): 11.9197ms
Frame 696 end
Average processing time of GrabImageRGBD(): 11.914ms
Frame 697 end
Average processing time of GrabImageRGBD(): 11.9031ms
Frame 698 end
Average processing time of GrabImageRGBD(): 11.8941ms
Frame 699 end
Average processing time of GrabImageRGBD(): 11.9182ms
Frame 700 end
Average processing time of GrabImageRGBD(): 11.9083ms
Frame 701 end
Average processing time of GrabImageRGBD(): 11.9031ms
Frame 702 end
Average processing time of GrabImageRGBD(): 11.8962ms
Frame 703 end
Average processing time of GrabImageRGBD(): 11.8906ms
Frame 704 end
Average processing time of GrabImageRGBD(): 11.8848ms
Frame 705 end
Average processing time of GrabImageRGBD(): 11.8725ms
Frame 706 end
Average processing time of GrabImageRGBD(): 11.9013ms
Frame 707 end
Average processing time of GrabImageRGBD(): 11.8991ms
Frame 708 end
Average processing time of GrabImageRGBD(): 11.8879ms
Frame 709 end
Average processing time of GrabImageRGBD(): 11.8765ms
Frame 710 end
Average processing time of GrabImageRGBD(): 11.8682ms
Frame 711 end
Average processing time of GrabImageRGBD(): 11.8642ms
Frame 712 end
Average processing time of GrabImageRGBD(): 11.8592ms
Frame 713 end
Average processing time of GrabImageRGBD(): 11.8857ms
Frame 714 end
Average processing time of GrabImageRGBD(): 11.8846ms
Frame 715 end
Average processing time of GrabImageRGBD(): 11.8811ms
Frame 716 end
Average processing time of GrabImageRGBD(): 11.8736ms
Frame 717 end
Average processing time of GrabImageRGBD(): 11.8619ms
Frame 718 end
Average processing time of GrabImageRGBD(): 11.8578ms
Frame 719 end
Average processing time of GrabImageRGBD(): 11.848ms
Frame 720 end
Average processing time of GrabImageRGBD(): 11.8434ms
Frame 721 end
Average processing time of GrabImageRGBD(): 11.8382ms
Frame 722 end
Average processing time of GrabImageRGBD(): 11.8747ms
Frame 723 end
Average processing time of GrabImageRGBD(): 11.8738ms
Frame 724 end
Average processing time of GrabImageRGBD(): 11.8712ms
Frame 725 end
Average processing time of GrabImageRGBD(): 11.8605ms
Frame 726 end
Average processing time of GrabImageRGBD(): 11.8494ms
Frame 727 end
Average processing time of GrabImageRGBD(): 11.8475ms
Frame 728 end
Average processing time of GrabImageRGBD(): 11.8441ms
Frame 729 end
Average processing time of GrabImageRGBD(): 11.8727ms
Frame 730 end
Average processing time of GrabImageRGBD(): 11.8695ms
Frame 731 end
Average processing time of GrabImageRGBD(): 11.8666ms
Frame 732 end
Average processing time of GrabImageRGBD(): 11.8619ms
Frame 733 end
Average processing time of GrabImageRGBD(): 11.8573ms
Frame 734 end
Average processing time of GrabImageRGBD(): 11.846ms
Frame 735 end
Average processing time of GrabImageRGBD(): 11.8346ms
Frame 736 end
Average processing time of GrabImageRGBD(): 11.8294ms
Frame 737 end
Average processing time of GrabImageRGBD(): 11.8242ms
Frame 738 end
Average processing time of GrabImageRGBD(): 11.8191ms
Frame 739 end
Average processing time of GrabImageRGBD(): 11.8075ms
Frame 740 end
Average processing time of GrabImageRGBD(): 11.8024ms
Frame 741 end
Average processing time of GrabImageRGBD(): 11.7927ms
Frame 742 end
Average processing time of GrabImageRGBD(): 11.7875ms
Frame 743 end
Average processing time of GrabImageRGBD(): 11.7823ms
Frame 744 end
Average processing time of GrabImageRGBD(): 11.777ms
Frame 745 end
Average processing time of GrabImageRGBD(): 11.772ms
Frame 746 end
Average processing time of GrabImageRGBD(): 11.7669ms
Frame 747 end
Average processing time of GrabImageRGBD(): 11.7623ms
Frame 748 end
Average processing time of GrabImageRGBD(): 11.7566ms
Frame 749 end
Average processing time of GrabImageRGBD(): 11.7482ms
Frame 750 end
Average processing time of GrabImageRGBD(): 11.7424ms
Frame 751 end
Average processing time of GrabImageRGBD(): 11.7368ms
Frame 752 end
Average processing time of GrabImageRGBD(): 11.7274ms
Frame 753 end
Average processing time of GrabImageRGBD(): 11.717ms
Frame 754 end
Average processing time of GrabImageRGBD(): 11.7121ms
Frame 755 end
Average processing time of GrabImageRGBD(): 11.7051ms
Frame 756 end
Average processing time of GrabImageRGBD(): 11.731ms
Frame 757 end
Average processing time of GrabImageRGBD(): 11.7279ms
Frame 758 end
Average processing time of GrabImageRGBD(): 11.7173ms
Frame 759 end
Average processing time of GrabImageRGBD(): 11.7138ms
Frame 760 end
Average processing time of GrabImageRGBD(): 11.7031ms
Frame 761 end
Average processing time of GrabImageRGBD(): 11.6926ms
Frame 762 end
Average processing time of GrabImageRGBD(): 11.6818ms
Frame 763 end
Average processing time of GrabImageRGBD(): 11.671ms
Frame 764 end
Average processing time of GrabImageRGBD(): 11.6636ms
Frame 765 end
Average processing time of GrabImageRGBD(): 11.6599ms
Frame 766 end
Average processing time of GrabImageRGBD(): 11.6549ms
Frame 767 end
Average processing time of GrabImageRGBD(): 11.651ms
Frame 768 end
Average processing time of GrabImageRGBD(): 11.6759ms
Frame 769 end
Average processing time of GrabImageRGBD(): 11.6756ms
Frame 770 end
Average processing time of GrabImageRGBD(): 11.6729ms
Frame 771 end
Average processing time of GrabImageRGBD(): 11.6702ms
Frame 772 end
Average processing time of GrabImageRGBD(): 11.665ms
Frame 773 end
Average processing time of GrabImageRGBD(): 11.6625ms
Frame 774 end
Average processing time of GrabImageRGBD(): 11.6532ms
Frame 775 end
Average processing time of GrabImageRGBD(): 11.643ms
Frame 776 end
Average processing time of GrabImageRGBD(): 11.6331ms
Frame 777 end
Average processing time of GrabImageRGBD(): 11.6295ms
Frame 778 end
Average processing time of GrabImageRGBD(): 11.6259ms
Frame 779 end
Average processing time of GrabImageRGBD(): 11.6222ms
Frame 780 end
Average processing time of GrabImageRGBD(): 11.6158ms
Frame 781 end
Average processing time of GrabImageRGBD(): 11.6087ms
Frame 782 end
Shutdown
-------

median tracking time: 0.0100528
mean tracking time: 0.0124526

Saving camera trajectory to CameraTrajectory.txt ...

Saving keyframe trajectory to KeyFrameTrajectory.txt ...
