
ORB-SLAM3 Copyright (C) 2017-2020 Carlos Campos, Richard Elvira, Juan J. Gómez, José M.M. Montiel and Juan D. Tardós, University of Zaragoza.
ORB-SLAM2 Copyright (C) 2014-2016 Raúl Mur-Artal, José M.M. Montiel and Juan D. Tardós, University of Zaragoza.
This program comes with ABSOLUTELY NO WARRANTY;
This is free software, and you are welcome to redistribute it
under certain conditions. See LICENSE.txt.

Input sensor was set to: RGB-D
Loading settings from /home/bingxin/Downloads/NGD-SLAM/Examples/RGB-D/TUM3.yaml
Camera1.k3 optional parameter does not exist...
	-Loaded camera 1
Camera.newHeight optional parameter does not exist...
Camera.newWidth optional parameter does not exist...
	-Loaded image info
	-Loaded RGB-D calibration
	-Loaded ORB settings
Viewer.imageViewScale optional parameter does not exist...
	-Loaded viewer settings
System.LoadAtlasFromFile optional parameter does not exist...
System.SaveAtlasToFile optional parameter does not exist...
	-Loaded Atlas settings
System.thFarPoints optional parameter does not exist...
	-Loaded misc parameters
----------------------------------
SLAM settings: 
	-Camera 1 parameters (Pinhole): [ 535.4 539.2 320.1 247.6 ]
	-Camera 1 distortion parameters: [  0 0 0 0 ]
	-Original image size: [ 640 , 480 ]
	-Current image size: [ 640 , 480 ]
	-Sequence FPS: 30
	-RGB-D depth map factor: 5000
	-Features per image: 1000
	-ORB scale factor: 1.2
	-ORB number of scales: 8
	-Initial FAST threshold: 20
	-Min FAST threshold: 7


Loading ORB Vocabulary. This could take a while...
Vocabulary loaded!

Initialization of Atlas from scratch 
Creation of new map with id: 0
Creation of new map with last KF id: 0
Seq. Name: 
There are 1 cameras in the atlas
Camera 0 is pinhole
Net use yolo-fastest

-------
Start processing sequence ...
Images in the sequence: 827

First KF:0; Map init KF:0
New Map created with 517 points
Average processing time of GrabImageRGBD(): 46.8151ms
Frame 0 end
Average processing time of GrabImageRGBD(): 39.1763ms
Frame 1 end
Average processing time of GrabImageRGBD(): 36.1576ms
Frame 2 end
Average processing time of GrabImageRGBD(): 30.746ms
Frame 3 end
Average processing time of GrabImageRGBD(): 27.2111ms
Frame 4 end
Starting the Viewer
Average processing time of GrabImageRGBD(): 25.0548ms
Frame 5 end
Average processing time of GrabImageRGBD(): 23.3823ms
Frame 6 end
Average processing time of GrabImageRGBD(): 22.0718ms
Frame 7 end
Average processing time of GrabImageRGBD(): 23.2981ms
Frame 8 end
Average processing time of GrabImageRGBD(): 22.0614ms
Frame 9 end
Average processing time of GrabImageRGBD(): 21.4564ms
Frame 10 end
Average processing time of GrabImageRGBD(): 20.8319ms
Frame 11 end
Average processing time of GrabImageRGBD(): 20.236ms
Frame 12 end
Average processing time of GrabImageRGBD(): 19.87ms
Frame 13 end
Average processing time of GrabImageRGBD(): 19.3566ms
Frame 14 end
Average processing time of GrabImageRGBD(): 19.028ms
Frame 15 end
Average processing time of GrabImageRGBD(): 18.6555ms
Frame 16 end
Average processing time of GrabImageRGBD(): 18.2962ms
Frame 17 end
Average processing time of GrabImageRGBD(): 17.9924ms
Frame 18 end
Average processing time of GrabImageRGBD(): 19.1089ms
Frame 19 end
Average processing time of GrabImageRGBD(): 18.9601ms
Frame 20 end
Average processing time of GrabImageRGBD(): 18.715ms
Frame 21 end
Average processing time of GrabImageRGBD(): 19.2584ms
Frame 22 end
Average processing time of GrabImageRGBD(): 19.0208ms
Frame 23 end
Average processing time of GrabImageRGBD(): 18.8325ms
Frame 24 end
Average processing time of GrabImageRGBD(): 18.7942ms
Frame 25 end
Average processing time of GrabImageRGBD(): 18.6196ms
Frame 26 end
Average processing time of GrabImageRGBD(): 19.146ms
Frame 27 end
Average processing time of GrabImageRGBD(): 18.9016ms
Frame 28 end
Average processing time of GrabImageRGBD(): 18.7948ms
Frame 29 end
Average processing time of GrabImageRGBD(): 18.5963ms
Frame 30 end
Average processing time of GrabImageRGBD(): 18.4483ms
Frame 31 end
Average processing time of GrabImageRGBD(): 18.3467ms
Frame 32 end
Average processing time of GrabImageRGBD(): 18.1725ms
Frame 33 end
Average processing time of GrabImageRGBD(): 18.1438ms
Frame 34 end
Average processing time of GrabImageRGBD(): 18.0193ms
Frame 35 end
Average processing time of GrabImageRGBD(): 17.9336ms
Frame 36 end
Average processing time of GrabImageRGBD(): 18.3487ms
Frame 37 end
Average processing time of GrabImageRGBD(): 18.7425ms
Frame 38 end
Average processing time of GrabImageRGBD(): 18.6363ms
Frame 39 end
Average processing time of GrabImageRGBD(): 18.498ms
Frame 40 end
Average processing time of GrabImageRGBD(): 18.446ms
Frame 41 end
Average processing time of GrabImageRGBD(): 18.7203ms
Frame 42 end
Average processing time of GrabImageRGBD(): 18.6521ms
Frame 43 end
Average processing time of GrabImageRGBD(): 18.5422ms
Frame 44 end
Average processing time of GrabImageRGBD(): 18.4506ms
Frame 45 end
Average processing time of GrabImageRGBD(): 18.3321ms
Frame 46 end
Average processing time of GrabImageRGBD(): 18.6175ms
Frame 47 end
Average processing time of GrabImageRGBD(): 18.4487ms
Frame 48 end
Average processing time of GrabImageRGBD(): 18.3558ms
Frame 49 end
Average processing time of GrabImageRGBD(): 18.2765ms
Frame 50 end
Average processing time of GrabImageRGBD(): 18.1991ms
Frame 51 end
Average processing time of GrabImageRGBD(): 18.1425ms
Frame 52 end
Average processing time of GrabImageRGBD(): 18.0543ms
Frame 53 end
Average processing time of GrabImageRGBD(): 17.9827ms
Frame 54 end
Average processing time of GrabImageRGBD(): 17.8864ms
Frame 55 end
Average processing time of GrabImageRGBD(): 17.8138ms
Frame 56 end
Average processing time of GrabImageRGBD(): 18.0653ms
Frame 57 end
Average processing time of GrabImageRGBD(): 17.9979ms
Frame 58 end
Average processing time of GrabImageRGBD(): 17.9228ms
Frame 59 end
Average processing time of GrabImageRGBD(): 17.8591ms
Frame 60 end
Average processing time of GrabImageRGBD(): 18.0534ms
Frame 61 end
Average processing time of GrabImageRGBD(): 18.0024ms
Frame 62 end
Average processing time of GrabImageRGBD(): 17.9289ms
Frame 63 end
Average processing time of GrabImageRGBD(): 17.8556ms
Frame 64 end
Average processing time of GrabImageRGBD(): 17.7669ms
Frame 65 end
Average processing time of GrabImageRGBD(): 17.6952ms
Frame 66 end
Average processing time of GrabImageRGBD(): 17.8967ms
Frame 67 end
Average processing time of GrabImageRGBD(): 17.8303ms
Frame 68 end
Average processing time of GrabImageRGBD(): 17.7672ms
Frame 69 end
Average processing time of GrabImageRGBD(): 17.6807ms
Frame 70 end
Average processing time of GrabImageRGBD(): 17.6299ms
Frame 71 end
Average processing time of GrabImageRGBD(): 17.5643ms
Frame 72 end
Average processing time of GrabImageRGBD(): 17.4986ms
Frame 73 end
Average processing time of GrabImageRGBD(): 17.4094ms
Frame 74 end
Average processing time of GrabImageRGBD(): 17.359ms
Frame 75 end
Average processing time of GrabImageRGBD(): 17.3076ms
Frame 76 end
Average processing time of GrabImageRGBD(): 17.2151ms
Frame 77 end
Average processing time of GrabImageRGBD(): 17.1662ms
Frame 78 end
Average processing time of GrabImageRGBD(): 17.1169ms
Frame 79 end
Average processing time of GrabImageRGBD(): 17.0398ms
Frame 80 end
Average processing time of GrabImageRGBD(): 17ms
Frame 81 end
Average processing time of GrabImageRGBD(): 16.9658ms
Frame 82 end
Average processing time of GrabImageRGBD(): 17.1397ms
Frame 83 end
Average processing time of GrabImageRGBD(): 17.1403ms
Frame 84 end
Average processing time of GrabImageRGBD(): 17.1055ms
Frame 85 end
Average processing time of GrabImageRGBD(): 17.0569ms
Frame 86 end
Average processing time of GrabImageRGBD(): 17.0133ms
Frame 87 end
Average processing time of GrabImageRGBD(): 16.9643ms
Frame 88 end
Average processing time of GrabImageRGBD(): 16.8971ms
Frame 89 end
Average processing time of GrabImageRGBD(): 16.8563ms
Frame 90 end
Average processing time of GrabImageRGBD(): 16.8242ms
Frame 91 end
Average processing time of GrabImageRGBD(): 16.7864ms
Frame 92 end
Average processing time of GrabImageRGBD(): 16.7705ms
Frame 93 end
Average processing time of GrabImageRGBD(): 16.6986ms
Frame 94 end
Average processing time of GrabImageRGBD(): 16.6407ms
Frame 95 end
Average processing time of GrabImageRGBD(): 16.6105ms
Frame 96 end
Average processing time of GrabImageRGBD(): 16.7654ms
Frame 97 end
Average processing time of GrabImageRGBD(): 16.7309ms
Frame 98 end
Average processing time of GrabImageRGBD(): 16.6922ms
Frame 99 end
Average processing time of GrabImageRGBD(): 16.6535ms
Frame 100 end
Average processing time of GrabImageRGBD(): 16.6387ms
Frame 101 end
Average processing time of GrabImageRGBD(): 16.6037ms
Frame 102 end
Average processing time of GrabImageRGBD(): 16.5687ms
Frame 103 end
Average processing time of GrabImageRGBD(): 16.5208ms
Frame 104 end
Average processing time of GrabImageRGBD(): 16.487ms
Frame 105 end
Average processing time of GrabImageRGBD(): 16.4618ms
Frame 106 end
Average processing time of GrabImageRGBD(): 16.6014ms
Frame 107 end
Average processing time of GrabImageRGBD(): 16.5703ms
Frame 108 end
Average processing time of GrabImageRGBD(): 16.5349ms
Frame 109 end
Average processing time of GrabImageRGBD(): 16.4967ms
Frame 110 end
Average processing time of GrabImageRGBD(): 16.4451ms
Frame 111 end
Average processing time of GrabImageRGBD(): 16.416ms
Frame 112 end
Average processing time of GrabImageRGBD(): 16.3743ms
Frame 113 end
Average processing time of GrabImageRGBD(): 16.5099ms
Frame 114 end
Average processing time of GrabImageRGBD(): 16.4791ms
Frame 115 end
Average processing time of GrabImageRGBD(): 16.4342ms
Frame 116 end
Average processing time of GrabImageRGBD(): 16.3943ms
Frame 117 end
Average processing time of GrabImageRGBD(): 16.3179ms
Frame 118 end
Average processing time of GrabImageRGBD(): 16.291ms
Frame 119 end
Average processing time of GrabImageRGBD(): 16.2459ms
Frame 120 end
Average processing time of GrabImageRGBD(): 16.3576ms
Frame 121 end
Average processing time of GrabImageRGBD(): 16.3299ms
Frame 122 end
Average processing time of GrabImageRGBD(): 16.2946ms
Frame 123 end
Average processing time of GrabImageRGBD(): 16.269ms
Frame 124 end
Average processing time of GrabImageRGBD(): 16.2298ms
Frame 125 end
Average processing time of GrabImageRGBD(): 16.1984ms
Frame 126 end
Average processing time of GrabImageRGBD(): 16.1366ms
Frame 127 end
Average processing time of GrabImageRGBD(): 16.0643ms
Frame 128 end
Average processing time of GrabImageRGBD(): 16.0304ms
Frame 129 end
Average processing time of GrabImageRGBD(): 16.1479ms
Frame 130 end
Average processing time of GrabImageRGBD(): 16.1146ms
Frame 131 end
Average processing time of GrabImageRGBD(): 16.0962ms
Frame 132 end
Average processing time of GrabImageRGBD(): 16.0753ms
Frame 133 end
Average processing time of GrabImageRGBD(): 16.0425ms
Frame 134 end
Average processing time of GrabImageRGBD(): 16.0075ms
Frame 135 end
Average processing time of GrabImageRGBD(): 16.104ms
Frame 136 end
Average processing time of GrabImageRGBD(): 16.0435ms
Frame 137 end
Average processing time of GrabImageRGBD(): 16.1379ms
Frame 138 end
Average processing time of GrabImageRGBD(): 16.1039ms
Frame 139 end
Average processing time of GrabImageRGBD(): 16.2083ms
Frame 140 end
Average processing time of GrabImageRGBD(): 16.1841ms
Frame 141 end
Average processing time of GrabImageRGBD(): 16.1422ms
Frame 142 end
Average processing time of GrabImageRGBD(): 16.0986ms
Frame 143 end
Average processing time of GrabImageRGBD(): 16.0654ms
Frame 144 end
Average processing time of GrabImageRGBD(): 16.1643ms
Frame 145 end
Average processing time of GrabImageRGBD(): 16.1052ms
Frame 146 end
Average processing time of GrabImageRGBD(): 16.0786ms
Frame 147 end
Average processing time of GrabImageRGBD(): 16.0537ms
Frame 148 end
Average processing time of GrabImageRGBD(): 16.015ms
Frame 149 end
Average processing time of GrabImageRGBD(): 16.1123ms
Frame 150 end
Average processing time of GrabImageRGBD(): 16.0865ms
Frame 151 end
Average processing time of GrabImageRGBD(): 16.1823ms
Frame 152 end
Average processing time of GrabImageRGBD(): 16.1502ms
Frame 153 end
Average processing time of GrabImageRGBD(): 16.1277ms
Frame 154 end
Average processing time of GrabImageRGBD(): 16.2064ms
Frame 155 end
Average processing time of GrabImageRGBD(): 16.1797ms
Frame 156 end
Average processing time of GrabImageRGBD(): 16.1586ms
Frame 157 end
Average processing time of GrabImageRGBD(): 16.2484ms
Frame 158 end
Average processing time of GrabImageRGBD(): 16.2255ms
Frame 159 end
Average processing time of GrabImageRGBD(): 16.1943ms
Frame 160 end
Average processing time of GrabImageRGBD(): 16.2908ms
Frame 161 end
Average processing time of GrabImageRGBD(): 16.2434ms
Frame 162 end
Average processing time of GrabImageRGBD(): 16.2263ms
Frame 163 end
Average processing time of GrabImageRGBD(): 16.3162ms
Frame 164 end
Average processing time of GrabImageRGBD(): 16.2823ms
Frame 165 end
Average processing time of GrabImageRGBD(): 16.2486ms
Frame 166 end
Average processing time of GrabImageRGBD(): 16.3474ms
Frame 167 end
Average processing time of GrabImageRGBD(): 16.3205ms
Frame 168 end
Average processing time of GrabImageRGBD(): 16.2849ms
Frame 169 end
Average processing time of GrabImageRGBD(): 16.3872ms
Frame 170 end
Average processing time of GrabImageRGBD(): 16.3697ms
Frame 171 end
Average processing time of GrabImageRGBD(): 16.4468ms
Frame 172 end
Average processing time of GrabImageRGBD(): 16.4285ms
Frame 173 end
Average processing time of GrabImageRGBD(): 16.3495ms
Frame 174 end
Average processing time of GrabImageRGBD(): 16.3986ms
Frame 175 end
Average processing time of GrabImageRGBD(): 16.3532ms
Frame 176 end
Average processing time of GrabImageRGBD(): 16.2778ms
Frame 177 end
Average processing time of GrabImageRGBD(): 16.2278ms
Frame 178 end
Average processing time of GrabImageRGBD(): 16.1548ms
Frame 179 end
Average processing time of GrabImageRGBD(): 16.0829ms
Frame 180 end
Average processing time of GrabImageRGBD(): 16.0356ms
Frame 181 end
Average processing time of GrabImageRGBD(): 15.989ms
Frame 182 end
Average processing time of GrabImageRGBD(): 15.9402ms
Frame 183 end
Average processing time of GrabImageRGBD(): 15.894ms
Frame 184 end
Average processing time of GrabImageRGBD(): 15.8488ms
Frame 185 end
Average processing time of GrabImageRGBD(): 15.782ms
Frame 186 end
Average processing time of GrabImageRGBD(): 15.7194ms
Frame 187 end
Average processing time of GrabImageRGBD(): 15.8012ms
Frame 188 end
Average processing time of GrabImageRGBD(): 15.7606ms
Frame 189 end
Average processing time of GrabImageRGBD(): 15.6925ms
Frame 190 end
Average processing time of GrabImageRGBD(): 15.6486ms
Frame 191 end
Average processing time of GrabImageRGBD(): 15.5845ms
Frame 192 end
Average processing time of GrabImageRGBD(): 15.5526ms
Frame 193 end
Average processing time of GrabImageRGBD(): 15.5322ms
Frame 194 end
Average processing time of GrabImageRGBD(): 15.6065ms
Frame 195 end
Average processing time of GrabImageRGBD(): 15.5784ms
Frame 196 end
Average processing time of GrabImageRGBD(): 15.5508ms
Frame 197 end
Average processing time of GrabImageRGBD(): 15.5318ms
Frame 198 end
Average processing time of GrabImageRGBD(): 15.61ms
Frame 199 end
Average processing time of GrabImageRGBD(): 15.5868ms
Frame 200 end
Average processing time of GrabImageRGBD(): 15.5708ms
Frame 201 end
Average processing time of GrabImageRGBD(): 15.6891ms
Frame 202 end
Average processing time of GrabImageRGBD(): 15.6658ms
Frame 203 end
Average processing time of GrabImageRGBD(): 15.6421ms
Frame 204 end
Average processing time of GrabImageRGBD(): 15.6199ms
Frame 205 end
Average processing time of GrabImageRGBD(): 15.6843ms
Frame 206 end
Average processing time of GrabImageRGBD(): 15.6749ms
Frame 207 end
Average processing time of GrabImageRGBD(): 15.677ms
Frame 208 end
Average processing time of GrabImageRGBD(): 15.631ms
Frame 209 end
Average processing time of GrabImageRGBD(): 15.6955ms
Frame 210 end
Average processing time of GrabImageRGBD(): 15.6832ms
Frame 211 end
Average processing time of GrabImageRGBD(): 15.6716ms
Frame 212 end
Average processing time of GrabImageRGBD(): 15.6407ms
Frame 213 end
Average processing time of GrabImageRGBD(): 15.71ms
Frame 214 end
Average processing time of GrabImageRGBD(): 15.6843ms
Frame 215 end
Average processing time of GrabImageRGBD(): 15.6622ms
Frame 216 end
Average processing time of GrabImageRGBD(): 15.65ms
Frame 217 end
Average processing time of GrabImageRGBD(): 15.7106ms
Frame 218 end
Average processing time of GrabImageRGBD(): 15.69ms
Frame 219 end
Average processing time of GrabImageRGBD(): 15.6713ms
Frame 220 end
Average processing time of GrabImageRGBD(): 15.6529ms
Frame 221 end
Average processing time of GrabImageRGBD(): 15.7227ms
Frame 222 end
Average processing time of GrabImageRGBD(): 15.7104ms
Frame 223 end
Average processing time of GrabImageRGBD(): 15.6963ms
Frame 224 end
Average processing time of GrabImageRGBD(): 15.6783ms
Frame 225 end
Average processing time of GrabImageRGBD(): 15.6587ms
Frame 226 end
Average processing time of GrabImageRGBD(): 15.6192ms
Frame 227 end
Average processing time of GrabImageRGBD(): 15.6009ms
Frame 228 end
Average processing time of GrabImageRGBD(): 15.586ms
Frame 229 end
Average processing time of GrabImageRGBD(): 15.5697ms
Frame 230 end
Average processing time of GrabImageRGBD(): 15.5441ms
Frame 231 end
Average processing time of GrabImageRGBD(): 15.6451ms
Frame 232 end
Average processing time of GrabImageRGBD(): 15.6344ms
Frame 233 end
Average processing time of GrabImageRGBD(): 15.6224ms
Frame 234 end
Average processing time of GrabImageRGBD(): 15.5885ms
Frame 235 end
Average processing time of GrabImageRGBD(): 15.5589ms
Frame 236 end
Average processing time of GrabImageRGBD(): 15.612ms
Frame 237 end
Average processing time of GrabImageRGBD(): 15.6061ms
Frame 238 end
Average processing time of GrabImageRGBD(): 15.5745ms
Frame 239 end
Average processing time of GrabImageRGBD(): 15.5493ms
Frame 240 end
Average processing time of GrabImageRGBD(): 15.496ms
Frame 241 end
Average processing time of GrabImageRGBD(): 15.4672ms
Frame 242 end
Average processing time of GrabImageRGBD(): 15.4328ms
Frame 243 end
Average processing time of GrabImageRGBD(): 15.4027ms
Frame 244 end
Average processing time of GrabImageRGBD(): 15.3684ms
Frame 245 end
Average processing time of GrabImageRGBD(): 15.3384ms
Frame 246 end
Average processing time of GrabImageRGBD(): 15.2937ms
Frame 247 end
Average processing time of GrabImageRGBD(): 15.3448ms
Frame 248 end
Average processing time of GrabImageRGBD(): 15.3178ms
Frame 249 end
Average processing time of GrabImageRGBD(): 15.2695ms
Frame 250 end
Average processing time of GrabImageRGBD(): 15.2228ms
Frame 251 end
Average processing time of GrabImageRGBD(): 15.1954ms
Frame 252 end
Average processing time of GrabImageRGBD(): 15.1486ms
Frame 253 end
Average processing time of GrabImageRGBD(): 15.1948ms
Frame 254 end
Average processing time of GrabImageRGBD(): 15.1644ms
Frame 255 end
Average processing time of GrabImageRGBD(): 15.1149ms
Frame 256 end
Average processing time of GrabImageRGBD(): 15.0829ms
Frame 257 end
Average processing time of GrabImageRGBD(): 15.0496ms
Frame 258 end
Average processing time of GrabImageRGBD(): 15.088ms
Frame 259 end
Average processing time of GrabImageRGBD(): 15.0588ms
Frame 260 end
Average processing time of GrabImageRGBD(): 15.0128ms
Frame 261 end
Average processing time of GrabImageRGBD(): 14.9817ms
Frame 262 end
Average processing time of GrabImageRGBD(): 15.023ms
Frame 263 end
Average processing time of GrabImageRGBD(): 14.992ms
Frame 264 end
Average processing time of GrabImageRGBD(): 14.9461ms
Frame 265 end
Average processing time of GrabImageRGBD(): 14.9023ms
Frame 266 end
Average processing time of GrabImageRGBD(): 14.8576ms
Frame 267 end
Average processing time of GrabImageRGBD(): 14.8955ms
Frame 268 end
Average processing time of GrabImageRGBD(): 14.8672ms
Frame 269 end
Average processing time of GrabImageRGBD(): 14.823ms
Frame 270 end
Average processing time of GrabImageRGBD(): 14.7904ms
Frame 271 end
Average processing time of GrabImageRGBD(): 14.8494ms
Frame 272 end
Average processing time of GrabImageRGBD(): 14.8212ms
Frame 273 end
Average processing time of GrabImageRGBD(): 14.7774ms
Frame 274 end
Average processing time of GrabImageRGBD(): 14.7348ms
Frame 275 end
Average processing time of GrabImageRGBD(): 14.7076ms
Frame 276 end
Average processing time of GrabImageRGBD(): 14.6803ms
Frame 277 end
Average processing time of GrabImageRGBD(): 14.6455ms
Frame 278 end
Average processing time of GrabImageRGBD(): 14.6096ms
Frame 279 end
Average processing time of GrabImageRGBD(): 14.5676ms
Frame 280 end
Average processing time of GrabImageRGBD(): 14.5386ms
Frame 281 end
Average processing time of GrabImageRGBD(): 14.5067ms
Frame 282 end
Average processing time of GrabImageRGBD(): 14.478ms
Frame 283 end
Average processing time of GrabImageRGBD(): 14.5173ms
Frame 284 end
Average processing time of GrabImageRGBD(): 14.4935ms
Frame 285 end
Average processing time of GrabImageRGBD(): 14.4534ms
Frame 286 end
Average processing time of GrabImageRGBD(): 14.4244ms
Frame 287 end
Average processing time of GrabImageRGBD(): 14.3907ms
Frame 288 end
Average processing time of GrabImageRGBD(): 14.4243ms
Frame 289 end
Average processing time of GrabImageRGBD(): 14.4005ms
Frame 290 end
Average processing time of GrabImageRGBD(): 14.359ms
Frame 291 end
Average processing time of GrabImageRGBD(): 14.3326ms
Frame 292 end
Average processing time of GrabImageRGBD(): 14.3068ms
Frame 293 end
Average processing time of GrabImageRGBD(): 14.2799ms
Frame 294 end
Average processing time of GrabImageRGBD(): 14.2522ms
Frame 295 end
Average processing time of GrabImageRGBD(): 14.2839ms
Frame 296 end
Average processing time of GrabImageRGBD(): 14.2538ms
Frame 297 end
Average processing time of GrabImageRGBD(): 14.2277ms
Frame 298 end
Average processing time of GrabImageRGBD(): 14.2035ms
Frame 299 end
Average processing time of GrabImageRGBD(): 14.1769ms
Frame 300 end
Average processing time of GrabImageRGBD(): 14.2129ms
Frame 301 end
Average processing time of GrabImageRGBD(): 14.1913ms
Frame 302 end
Average processing time of GrabImageRGBD(): 14.1693ms
Frame 303 end
Average processing time of GrabImageRGBD(): 14.1406ms
Frame 304 end
Average processing time of GrabImageRGBD(): 14.105ms
Frame 305 end
Average processing time of GrabImageRGBD(): 14.1633ms
Frame 306 end
Average processing time of GrabImageRGBD(): 14.129ms
Frame 307 end
Average processing time of GrabImageRGBD(): 14.0966ms
Frame 308 end
Average processing time of GrabImageRGBD(): 14.0745ms
Frame 309 end
Average processing time of GrabImageRGBD(): 14.0396ms
Frame 310 end
Average processing time of GrabImageRGBD(): 14.0129ms
Frame 311 end
Average processing time of GrabImageRGBD(): 13.9897ms
Frame 312 end
Average processing time of GrabImageRGBD(): 13.956ms
Frame 313 end
Average processing time of GrabImageRGBD(): 13.9233ms
Frame 314 end
Average processing time of GrabImageRGBD(): 13.8993ms
Frame 315 end
Average processing time of GrabImageRGBD(): 13.8755ms
Frame 316 end
Average processing time of GrabImageRGBD(): 13.8402ms
Frame 317 end
Average processing time of GrabImageRGBD(): 13.8707ms
Frame 318 end
Average processing time of GrabImageRGBD(): 13.8509ms
Frame 319 end
Average processing time of GrabImageRGBD(): 13.817ms
Frame 320 end
Average processing time of GrabImageRGBD(): 13.7975ms
Frame 321 end
Average processing time of GrabImageRGBD(): 13.777ms
Frame 322 end
Average processing time of GrabImageRGBD(): 13.7552ms
Frame 323 end
Average processing time of GrabImageRGBD(): 13.73ms
Frame 324 end
Average processing time of GrabImageRGBD(): 13.7924ms
Frame 325 end
Average processing time of GrabImageRGBD(): 13.7777ms
Frame 326 end
Average processing time of GrabImageRGBD(): 13.7456ms
Frame 327 end
Average processing time of GrabImageRGBD(): 13.718ms
Frame 328 end
Average processing time of GrabImageRGBD(): 13.7023ms
Frame 329 end
Average processing time of GrabImageRGBD(): 13.6869ms
Frame 330 end
Average processing time of GrabImageRGBD(): 13.6691ms
Frame 331 end
Average processing time of GrabImageRGBD(): 13.6522ms
Frame 332 end
Average processing time of GrabImageRGBD(): 13.6334ms
Frame 333 end
Average processing time of GrabImageRGBD(): 13.6027ms
Frame 334 end
Average processing time of GrabImageRGBD(): 13.5845ms
Frame 335 end
Average processing time of GrabImageRGBD(): 13.6178ms
Frame 336 end
Average processing time of GrabImageRGBD(): 13.6065ms
Frame 337 end
Average processing time of GrabImageRGBD(): 13.5751ms
Frame 338 end
Average processing time of GrabImageRGBD(): 13.5624ms
Frame 339 end
Average processing time of GrabImageRGBD(): 13.5364ms
Frame 340 end
Average processing time of GrabImageRGBD(): 13.506ms
Frame 341 end
Average processing time of GrabImageRGBD(): 13.5486ms
Frame 342 end
Average processing time of GrabImageRGBD(): 13.5197ms
Frame 343 end
Average processing time of GrabImageRGBD(): 13.4893ms
Frame 344 end
Average processing time of GrabImageRGBD(): 13.4769ms
Frame 345 end
Average processing time of GrabImageRGBD(): 13.4491ms
Frame 346 end
Average processing time of GrabImageRGBD(): 13.4208ms
Frame 347 end
Average processing time of GrabImageRGBD(): 13.407ms
Frame 348 end
Average processing time of GrabImageRGBD(): 13.3897ms
Frame 349 end
Average processing time of GrabImageRGBD(): 13.3636ms
Frame 350 end
Average processing time of GrabImageRGBD(): 13.3474ms
Frame 351 end
Average processing time of GrabImageRGBD(): 13.3225ms
Frame 352 end
Average processing time of GrabImageRGBD(): 13.3037ms
Frame 353 end
Average processing time of GrabImageRGBD(): 13.274ms
Frame 354 end
Average processing time of GrabImageRGBD(): 13.2564ms
Frame 355 end
Average processing time of GrabImageRGBD(): 13.2331ms
Frame 356 end
Average processing time of GrabImageRGBD(): 13.2659ms
Frame 357 end
Average processing time of GrabImageRGBD(): 13.2408ms
Frame 358 end
Average processing time of GrabImageRGBD(): 13.2109ms
Frame 359 end
Average processing time of GrabImageRGBD(): 13.1931ms
Frame 360 end
Average processing time of GrabImageRGBD(): 13.1655ms
Frame 361 end
Average processing time of GrabImageRGBD(): 13.1477ms
Frame 362 end
Average processing time of GrabImageRGBD(): 13.1202ms
Frame 363 end
Average processing time of GrabImageRGBD(): 13.098ms
Frame 364 end
Average processing time of GrabImageRGBD(): 13.1359ms
Frame 365 end
Average processing time of GrabImageRGBD(): 13.1108ms
Frame 366 end
Average processing time of GrabImageRGBD(): 13.0816ms
Frame 367 end
Average processing time of GrabImageRGBD(): 13.0645ms
Frame 368 end
Average processing time of GrabImageRGBD(): 13.0378ms
Frame 369 end
Average processing time of GrabImageRGBD(): 13.0111ms
Frame 370 end
Average processing time of GrabImageRGBD(): 12.9931ms
Frame 371 end
Average processing time of GrabImageRGBD(): 12.9771ms
Frame 372 end
Average processing time of GrabImageRGBD(): 13.0137ms
Frame 373 end
Average processing time of GrabImageRGBD(): 13.0012ms
Frame 374 end
Average processing time of GrabImageRGBD(): 12.9729ms
Frame 375 end
Average processing time of GrabImageRGBD(): 12.9491ms
Frame 376 end
Average processing time of GrabImageRGBD(): 12.9313ms
Frame 377 end
Average processing time of GrabImageRGBD(): 12.9656ms
Frame 378 end
Average processing time of GrabImageRGBD(): 12.9479ms
Frame 379 end
Average processing time of GrabImageRGBD(): 12.9277ms
Frame 380 end
Average processing time of GrabImageRGBD(): 12.9247ms
Frame 381 end
Average processing time of GrabImageRGBD(): 12.9227ms
Frame 382 end
Average processing time of GrabImageRGBD(): 12.9173ms
Frame 383 end
Average processing time of GrabImageRGBD(): 12.9669ms
Frame 384 end
Average processing time of GrabImageRGBD(): 12.9678ms
Frame 385 end
Average processing time of GrabImageRGBD(): 12.9651ms
Frame 386 end
Average processing time of GrabImageRGBD(): 12.955ms
Frame 387 end
Average processing time of GrabImageRGBD(): 12.9525ms
Frame 388 end
Average processing time of GrabImageRGBD(): 12.9552ms
Frame 389 end
Average processing time of GrabImageRGBD(): 13.0075ms
Frame 390 end
Average processing time of GrabImageRGBD(): 13.0054ms
Frame 391 end
Average processing time of GrabImageRGBD(): 13.012ms
Frame 392 end
Average processing time of GrabImageRGBD(): 13.013ms
Frame 393 end
Average processing time of GrabImageRGBD(): 13.0101ms
Frame 394 end
Average processing time of GrabImageRGBD(): 13.0061ms
Frame 395 end
Average processing time of GrabImageRGBD(): 13.0759ms
Frame 396 end
Average processing time of GrabImageRGBD(): 13.0751ms
Frame 397 end
Average processing time of GrabImageRGBD(): 13.076ms
Frame 398 end
Average processing time of GrabImageRGBD(): 13.0773ms
Frame 399 end
Average processing time of GrabImageRGBD(): 13.0696ms
Frame 400 end
Average processing time of GrabImageRGBD(): 13.0713ms
Frame 401 end
Average processing time of GrabImageRGBD(): 13.123ms
Frame 402 end
Average processing time of GrabImageRGBD(): 13.1226ms
Frame 403 end
Average processing time of GrabImageRGBD(): 13.1258ms
Frame 404 end
Average processing time of GrabImageRGBD(): 13.1722ms
Frame 405 end
Average processing time of GrabImageRGBD(): 13.175ms
Frame 406 end
Average processing time of GrabImageRGBD(): 13.1703ms
Frame 407 end
Average processing time of GrabImageRGBD(): 13.1704ms
Frame 408 end
Average processing time of GrabImageRGBD(): 13.1725ms
Frame 409 end
Average processing time of GrabImageRGBD(): 13.1734ms
Frame 410 end
Average processing time of GrabImageRGBD(): 13.2213ms
Frame 411 end
Average processing time of GrabImageRGBD(): 13.2197ms
Frame 412 end
Average processing time of GrabImageRGBD(): 13.2217ms
Frame 413 end
Average processing time of GrabImageRGBD(): 13.214ms
Frame 414 end
Average processing time of GrabImageRGBD(): 13.2126ms
Frame 415 end
Average processing time of GrabImageRGBD(): 13.2124ms
Frame 416 end
Average processing time of GrabImageRGBD(): 13.2601ms
Frame 417 end
Average processing time of GrabImageRGBD(): 13.2606ms
Frame 418 end
Average processing time of GrabImageRGBD(): 13.2546ms
Frame 419 end
Average processing time of GrabImageRGBD(): 13.257ms
Frame 420 end
Average processing time of GrabImageRGBD(): 13.2563ms
Frame 421 end
Average processing time of GrabImageRGBD(): 13.2573ms
Frame 422 end
Average processing time of GrabImageRGBD(): 13.3361ms
Frame 423 end
Average processing time of GrabImageRGBD(): 13.3366ms
Frame 424 end
Average processing time of GrabImageRGBD(): 13.3368ms
Frame 425 end
Average processing time of GrabImageRGBD(): 13.3347ms
Frame 426 end
Average processing time of GrabImageRGBD(): 13.337ms
Frame 427 end
Average processing time of GrabImageRGBD(): 13.3914ms
Frame 428 end
Average processing time of GrabImageRGBD(): 13.3892ms
Frame 429 end
Average processing time of GrabImageRGBD(): 13.3913ms
Frame 430 end
Average processing time of GrabImageRGBD(): 13.3954ms
Frame 431 end
Average processing time of GrabImageRGBD(): 13.372ms
Frame 432 end
Average processing time of GrabImageRGBD(): 13.4427ms
Frame 433 end
Average processing time of GrabImageRGBD(): 13.4442ms
Frame 434 end
Average processing time of GrabImageRGBD(): 13.4412ms
Frame 435 end
Average processing time of GrabImageRGBD(): 13.4247ms
Frame 436 end
Average processing time of GrabImageRGBD(): 13.4224ms
Frame 437 end
Average processing time of GrabImageRGBD(): 13.4168ms
Frame 438 end
Average processing time of GrabImageRGBD(): 13.459ms
Frame 439 end
Average processing time of GrabImageRGBD(): 13.4565ms
Frame 440 end
Average processing time of GrabImageRGBD(): 13.4437ms
Frame 441 end
Average processing time of GrabImageRGBD(): 13.4307ms
Frame 442 end
Average processing time of GrabImageRGBD(): 13.4256ms
Frame 443 end
Average processing time of GrabImageRGBD(): 13.4183ms
Frame 444 end
Average processing time of GrabImageRGBD(): 13.4598ms
Frame 445 end
Average processing time of GrabImageRGBD(): 13.4604ms
Frame 446 end
Average processing time of GrabImageRGBD(): 13.4644ms
Frame 447 end
Average processing time of GrabImageRGBD(): 13.459ms
Frame 448 end
Average processing time of GrabImageRGBD(): 13.4451ms
Frame 449 end
Average processing time of GrabImageRGBD(): 13.4344ms
Frame 450 end
Average processing time of GrabImageRGBD(): 13.4309ms
Frame 451 end
Average processing time of GrabImageRGBD(): 13.4781ms
Frame 452 end
Average processing time of GrabImageRGBD(): 13.4779ms
Frame 453 end
Average processing time of GrabImageRGBD(): 13.4786ms
Frame 454 end
Average processing time of GrabImageRGBD(): 13.4619ms
Frame 455 end
Average processing time of GrabImageRGBD(): 13.4434ms
Frame 456 end
Average processing time of GrabImageRGBD(): 13.432ms
Frame 457 end
Average processing time of GrabImageRGBD(): 13.4144ms
Frame 458 end
Average processing time of GrabImageRGBD(): 13.4024ms
Frame 459 end
Average processing time of GrabImageRGBD(): 13.4444ms
Frame 460 end
Average processing time of GrabImageRGBD(): 13.4415ms
Frame 461 end
Average processing time of GrabImageRGBD(): 13.4408ms
Frame 462 end
Average processing time of GrabImageRGBD(): 13.4304ms
Frame 463 end
Average processing time of GrabImageRGBD(): 13.4262ms
Frame 464 end
Average processing time of GrabImageRGBD(): 13.4113ms
Frame 465 end
Average processing time of GrabImageRGBD(): 13.4018ms
Frame 466 end
Average processing time of GrabImageRGBD(): 13.3944ms
Frame 467 end
Average processing time of GrabImageRGBD(): 13.3873ms
Frame 468 end
Average processing time of GrabImageRGBD(): 13.3743ms
Frame 469 end
Average processing time of GrabImageRGBD(): 13.3665ms
Frame 470 end
Average processing time of GrabImageRGBD(): 13.3537ms
Frame 471 end
Average processing time of GrabImageRGBD(): 13.332ms
Frame 472 end
Average processing time of GrabImageRGBD(): 13.3628ms
Frame 473 end
Average processing time of GrabImageRGBD(): 13.3543ms
Frame 474 end
Average processing time of GrabImageRGBD(): 13.3432ms
Frame 475 end
Average processing time of GrabImageRGBD(): 13.3292ms
Frame 476 end
Average processing time of GrabImageRGBD(): 13.3089ms
Frame 477 end
Average processing time of GrabImageRGBD(): 13.2975ms
Frame 478 end
Average processing time of GrabImageRGBD(): 13.2853ms
Frame 479 end
Average processing time of GrabImageRGBD(): 13.2733ms
Frame 480 end
Average processing time of GrabImageRGBD(): 13.2615ms
Frame 481 end
Average processing time of GrabImageRGBD(): 13.2405ms
Frame 482 end
Average processing time of GrabImageRGBD(): 13.2748ms
Frame 483 end
Average processing time of GrabImageRGBD(): 13.2632ms
Frame 484 end
Average processing time of GrabImageRGBD(): 13.2429ms
Frame 485 end
Average processing time of GrabImageRGBD(): 13.2349ms
Frame 486 end
Average processing time of GrabImageRGBD(): 13.2244ms
Frame 487 end
Average processing time of GrabImageRGBD(): 13.2042ms
Frame 488 end
Average processing time of GrabImageRGBD(): 13.1942ms
Frame 489 end
Average processing time of GrabImageRGBD(): 13.227ms
Frame 490 end
Average processing time of GrabImageRGBD(): 13.2192ms
Frame 491 end
Average processing time of GrabImageRGBD(): 13.2127ms
Frame 492 end
Average processing time of GrabImageRGBD(): 13.2063ms
Frame 493 end
Average processing time of GrabImageRGBD(): 13.2054ms
Frame 494 end
Average processing time of GrabImageRGBD(): 13.2027ms
Frame 495 end
Average processing time of GrabImageRGBD(): 13.2004ms
Frame 496 end
Average processing time of GrabImageRGBD(): 13.2ms
Frame 497 end
Average processing time of GrabImageRGBD(): 13.1967ms
Frame 498 end
Average processing time of GrabImageRGBD(): 13.196ms
Frame 499 end
Average processing time of GrabImageRGBD(): 13.2367ms
Frame 500 end
Average processing time of GrabImageRGBD(): 13.2355ms
Frame 501 end
Average processing time of GrabImageRGBD(): 13.2358ms
Frame 502 end
Average processing time of GrabImageRGBD(): 13.2243ms
Frame 503 end
Average processing time of GrabImageRGBD(): 13.2239ms
Frame 504 end
Average processing time of GrabImageRGBD(): 13.2226ms
Frame 505 end
Average processing time of GrabImageRGBD(): 13.2806ms
Frame 506 end
Average processing time of GrabImageRGBD(): 13.275ms
Frame 507 end
Average processing time of GrabImageRGBD(): 13.2732ms
Frame 508 end
Average processing time of GrabImageRGBD(): 13.2677ms
Frame 509 end
Average processing time of GrabImageRGBD(): 13.2617ms
Frame 510 end
Average processing time of GrabImageRGBD(): 13.2555ms
Frame 511 end
Average processing time of GrabImageRGBD(): 13.2531ms
Frame 512 end
Average processing time of GrabImageRGBD(): 13.2925ms
Frame 513 end
Average processing time of GrabImageRGBD(): 13.2906ms
Frame 514 end
Average processing time of GrabImageRGBD(): 13.2894ms
Frame 515 end
Average processing time of GrabImageRGBD(): 13.2905ms
Frame 516 end
Average processing time of GrabImageRGBD(): 13.2782ms
Frame 517 end
Average processing time of GrabImageRGBD(): 13.2755ms
Frame 518 end
Average processing time of GrabImageRGBD(): 13.2756ms
Frame 519 end
Average processing time of GrabImageRGBD(): 13.2719ms
Frame 520 end
Average processing time of GrabImageRGBD(): 13.2659ms
Frame 521 end
Average processing time of GrabImageRGBD(): 13.26ms
Frame 522 end
Average processing time of GrabImageRGBD(): 13.2996ms
Frame 523 end
Average processing time of GrabImageRGBD(): 13.3025ms
Frame 524 end
Average processing time of GrabImageRGBD(): 13.3027ms
Frame 525 end
Average processing time of GrabImageRGBD(): 13.3041ms
Frame 526 end
Average processing time of GrabImageRGBD(): 13.2986ms
Frame 527 end
Average processing time of GrabImageRGBD(): 13.2924ms
Frame 528 end
Average processing time of GrabImageRGBD(): 13.288ms
Frame 529 end
Average processing time of GrabImageRGBD(): 13.3184ms
Frame 530 end
Average processing time of GrabImageRGBD(): 13.3202ms
Frame 531 end
Average processing time of GrabImageRGBD(): 13.3192ms
Frame 532 end
Average processing time of GrabImageRGBD(): 13.3162ms
Frame 533 end
Average processing time of GrabImageRGBD(): 13.3144ms
Frame 534 end
Average processing time of GrabImageRGBD(): 13.3131ms
Frame 535 end
Average processing time of GrabImageRGBD(): 13.3495ms
Frame 536 end
Average processing time of GrabImageRGBD(): 13.3543ms
Frame 537 end
Average processing time of GrabImageRGBD(): 13.3503ms
Frame 538 end
Average processing time of GrabImageRGBD(): 13.3514ms
Frame 539 end
Average processing time of GrabImageRGBD(): 13.351ms
Frame 540 end
Average processing time of GrabImageRGBD(): 13.3489ms
Frame 541 end
Average processing time of GrabImageRGBD(): 13.3908ms
Frame 542 end
Average processing time of GrabImageRGBD(): 13.3904ms
Frame 543 end
Average processing time of GrabImageRGBD(): 13.389ms
Frame 544 end
Average processing time of GrabImageRGBD(): 13.3874ms
Frame 545 end
Average processing time of GrabImageRGBD(): 13.3862ms
Frame 546 end
Average processing time of GrabImageRGBD(): 13.3873ms
Frame 547 end
Average processing time of GrabImageRGBD(): 13.3862ms
Frame 548 end
Average processing time of GrabImageRGBD(): 13.3811ms
Frame 549 end
Average processing time of GrabImageRGBD(): 13.3808ms
Frame 550 end
Average processing time of GrabImageRGBD(): 13.3783ms
Frame 551 end
Average processing time of GrabImageRGBD(): 13.378ms
Frame 552 end
Average processing time of GrabImageRGBD(): 13.3769ms
Frame 553 end
Average processing time of GrabImageRGBD(): 13.3721ms
Frame 554 end
Average processing time of GrabImageRGBD(): 13.368ms
Frame 555 end
Average processing time of GrabImageRGBD(): 13.361ms
Frame 556 end
Average processing time of GrabImageRGBD(): 13.36ms
Frame 557 end
Average processing time of GrabImageRGBD(): 13.398ms
Frame 558 end
Average processing time of GrabImageRGBD(): 13.3964ms
Frame 559 end
Average processing time of GrabImageRGBD(): 13.3992ms
Frame 560 end
Average processing time of GrabImageRGBD(): 13.3968ms
Frame 561 end
Average processing time of GrabImageRGBD(): 13.3964ms
Frame 562 end
Average processing time of GrabImageRGBD(): 13.3883ms
Frame 563 end
Average processing time of GrabImageRGBD(): 13.3936ms
Frame 564 end
Average processing time of GrabImageRGBD(): 13.431ms
Frame 565 end
Average processing time of GrabImageRGBD(): 13.4315ms
Frame 566 end
Average processing time of GrabImageRGBD(): 13.441ms
Frame 567 end
Average processing time of GrabImageRGBD(): 13.4426ms
Frame 568 end
Average processing time of GrabImageRGBD(): 13.4432ms
Frame 569 end
Average processing time of GrabImageRGBD(): 13.44ms
Frame 570 end
Average processing time of GrabImageRGBD(): 13.4432ms
Frame 571 end
Average processing time of GrabImageRGBD(): 13.4821ms
Frame 572 end
Average processing time of GrabImageRGBD(): 13.4853ms
Frame 573 end
Average processing time of GrabImageRGBD(): 13.4924ms
Frame 574 end
Average processing time of GrabImageRGBD(): 13.493ms
Frame 575 end
Average processing time of GrabImageRGBD(): 13.4941ms
Frame 576 end
Average processing time of GrabImageRGBD(): 13.4964ms
Frame 577 end
Average processing time of GrabImageRGBD(): 13.4929ms
Frame 578 end
Average processing time of GrabImageRGBD(): 13.5355ms
Frame 579 end
Average processing time of GrabImageRGBD(): 13.5393ms
Frame 580 end
Average processing time of GrabImageRGBD(): 13.5459ms
Frame 581 end
Average processing time of GrabImageRGBD(): 13.5513ms
Frame 582 end
Average processing time of GrabImageRGBD(): 13.5459ms
Frame 583 end
Average processing time of GrabImageRGBD(): 13.5464ms
Frame 584 end
Average processing time of GrabImageRGBD(): 13.5472ms
Frame 585 end
Average processing time of GrabImageRGBD(): 13.5797ms
Frame 586 end
Average processing time of GrabImageRGBD(): 13.586ms
Frame 587 end
Average processing time of GrabImageRGBD(): 13.5856ms
Frame 588 end
Average processing time of GrabImageRGBD(): 13.5853ms
Frame 589 end
Average processing time of GrabImageRGBD(): 13.5851ms
Frame 590 end
Average processing time of GrabImageRGBD(): 13.5902ms
Frame 591 end
Average processing time of GrabImageRGBD(): 13.589ms
Frame 592 end
Average processing time of GrabImageRGBD(): 13.5934ms
Frame 593 end
Average processing time of GrabImageRGBD(): 13.5896ms
Frame 594 end
Average processing time of GrabImageRGBD(): 13.5908ms
Frame 595 end
Average processing time of GrabImageRGBD(): 13.5948ms
Frame 596 end
Average processing time of GrabImageRGBD(): 13.5952ms
Frame 597 end
Average processing time of GrabImageRGBD(): 13.5943ms
Frame 598 end
Average processing time of GrabImageRGBD(): 13.6296ms
Frame 599 end
Average processing time of GrabImageRGBD(): 13.6327ms
Frame 600 end
Average processing time of GrabImageRGBD(): 13.6326ms
Frame 601 end
Average processing time of GrabImageRGBD(): 13.6364ms
Frame 602 end
Average processing time of GrabImageRGBD(): 13.6428ms
Frame 603 end
Average processing time of GrabImageRGBD(): 13.6452ms
Frame 604 end
Average processing time of GrabImageRGBD(): 13.6434ms
Frame 605 end
Average processing time of GrabImageRGBD(): 13.6419ms
Frame 606 end
Average processing time of GrabImageRGBD(): 13.675ms
Frame 607 end
Average processing time of GrabImageRGBD(): 13.6757ms
Frame 608 end
Average processing time of GrabImageRGBD(): 13.6765ms
Frame 609 end
Average processing time of GrabImageRGBD(): 13.6769ms
Frame 610 end
Average processing time of GrabImageRGBD(): 13.6831ms
Frame 611 end
Average processing time of GrabImageRGBD(): 13.6818ms
Frame 612 end
Average processing time of GrabImageRGBD(): 13.6826ms
Frame 613 end
Average processing time of GrabImageRGBD(): 13.6779ms
Frame 614 end
Average processing time of GrabImageRGBD(): 13.679ms
Frame 615 end
Average processing time of GrabImageRGBD(): 13.6717ms
Frame 616 end
Average processing time of GrabImageRGBD(): 13.6658ms
Frame 617 end
Average processing time of GrabImageRGBD(): 13.668ms
Frame 618 end
Average processing time of GrabImageRGBD(): 13.6666ms
Frame 619 end
Average processing time of GrabImageRGBD(): 13.6656ms
Frame 620 end
Average processing time of GrabImageRGBD(): 13.6678ms
Frame 621 end
Average processing time of GrabImageRGBD(): 13.6658ms
Frame 622 end
Average processing time of GrabImageRGBD(): 13.6985ms
Frame 623 end
Average processing time of GrabImageRGBD(): 13.6967ms
Frame 624 end
Average processing time of GrabImageRGBD(): 13.6957ms
Frame 625 end
Average processing time of GrabImageRGBD(): 13.6868ms
Frame 626 end
Average processing time of GrabImageRGBD(): 13.6791ms
Frame 627 end
Average processing time of GrabImageRGBD(): 13.6796ms
Frame 628 end
Average processing time of GrabImageRGBD(): 13.679ms
Frame 629 end
Average processing time of GrabImageRGBD(): 13.7118ms
Frame 630 end
Average processing time of GrabImageRGBD(): 13.7101ms
Frame 631 end
Average processing time of GrabImageRGBD(): 13.709ms
Frame 632 end
Average processing time of GrabImageRGBD(): 13.6996ms
Frame 633 end
Average processing time of GrabImageRGBD(): 13.6982ms
Frame 634 end
Average processing time of GrabImageRGBD(): 13.6974ms
Frame 635 end
Average processing time of GrabImageRGBD(): 13.6941ms
Frame 636 end
Average processing time of GrabImageRGBD(): 13.7256ms
Frame 637 end
Average processing time of GrabImageRGBD(): 13.7227ms
Frame 638 end
Average processing time of GrabImageRGBD(): 13.7178ms
Frame 639 end
Average processing time of GrabImageRGBD(): 13.7129ms
Frame 640 end
Average processing time of GrabImageRGBD(): 13.7125ms
Frame 641 end
Average processing time of GrabImageRGBD(): 13.7128ms
Frame 642 end
Average processing time of GrabImageRGBD(): 13.7067ms
Frame 643 end
Average processing time of GrabImageRGBD(): 13.7033ms
Frame 644 end
Average processing time of GrabImageRGBD(): 13.7333ms
Frame 645 end
Average processing time of GrabImageRGBD(): 13.7308ms
Frame 646 end
Average processing time of GrabImageRGBD(): 13.7317ms
Frame 647 end
Average processing time of GrabImageRGBD(): 13.7324ms
Frame 648 end
Average processing time of GrabImageRGBD(): 13.7312ms
Frame 649 end
Average processing time of GrabImageRGBD(): 13.7326ms
Frame 650 end
Average processing time of GrabImageRGBD(): 13.7308ms
Frame 651 end
Average processing time of GrabImageRGBD(): 13.7572ms
Frame 652 end
Average processing time of GrabImageRGBD(): 13.7565ms
Frame 653 end
Average processing time of GrabImageRGBD(): 13.7568ms
Frame 654 end
Average processing time of GrabImageRGBD(): 13.7548ms
Frame 655 end
Average processing time of GrabImageRGBD(): 13.7508ms
Frame 656 end
Average processing time of GrabImageRGBD(): 13.7495ms
Frame 657 end
Average processing time of GrabImageRGBD(): 13.7481ms
Frame 658 end
Average processing time of GrabImageRGBD(): 13.7445ms
Frame 659 end
Average processing time of GrabImageRGBD(): 13.7439ms
Frame 660 end
Average processing time of GrabImageRGBD(): 13.7431ms
Frame 661 end
Average processing time of GrabImageRGBD(): 13.7776ms
Frame 662 end
Average processing time of GrabImageRGBD(): 13.7782ms
Frame 663 end
Average processing time of GrabImageRGBD(): 13.7773ms
Frame 664 end
Average processing time of GrabImageRGBD(): 13.7797ms
Frame 665 end
Average processing time of GrabImageRGBD(): 13.7817ms
Frame 666 end
Average processing time of GrabImageRGBD(): 13.7785ms
Frame 667 end
Average processing time of GrabImageRGBD(): 13.8239ms
Frame 668 end
Average processing time of GrabImageRGBD(): 13.8215ms
Frame 669 end
Average processing time of GrabImageRGBD(): 13.8219ms
Frame 670 end
Average processing time of GrabImageRGBD(): 13.8213ms
Frame 671 end
Average processing time of GrabImageRGBD(): 13.8206ms
Frame 672 end
Average processing time of GrabImageRGBD(): 13.8212ms
Frame 673 end
Average processing time of GrabImageRGBD(): 13.817ms
Frame 674 end
Average processing time of GrabImageRGBD(): 13.8489ms
Frame 675 end
Average processing time of GrabImageRGBD(): 13.85ms
Frame 676 end
Average processing time of GrabImageRGBD(): 13.8519ms
Frame 677 end
Average processing time of GrabImageRGBD(): 13.8544ms
Frame 678 end
Average processing time of GrabImageRGBD(): 13.8553ms
Frame 679 end
Average processing time of GrabImageRGBD(): 13.8544ms
Frame 680 end
Average processing time of GrabImageRGBD(): 13.852ms
Frame 681 end
Average processing time of GrabImageRGBD(): 13.8846ms
Frame 682 end
Average processing time of GrabImageRGBD(): 13.8845ms
Frame 683 end
Average processing time of GrabImageRGBD(): 13.8835ms
Frame 684 end
Average processing time of GrabImageRGBD(): 13.8836ms
Frame 685 end
Average processing time of GrabImageRGBD(): 13.8832ms
Frame 686 end
Average processing time of GrabImageRGBD(): 13.8837ms
Frame 687 end
Average processing time of GrabImageRGBD(): 13.8799ms
Frame 688 end
Average processing time of GrabImageRGBD(): 13.8786ms
Frame 689 end
Average processing time of GrabImageRGBD(): 13.877ms
Frame 690 end
Average processing time of GrabImageRGBD(): 13.8716ms
Frame 691 end
Average processing time of GrabImageRGBD(): 13.8699ms
Frame 692 end
Average processing time of GrabImageRGBD(): 13.8702ms
Frame 693 end
Average processing time of GrabImageRGBD(): 13.869ms
Frame 694 end
Average processing time of GrabImageRGBD(): 13.8682ms
Frame 695 end
Average processing time of GrabImageRGBD(): 13.8669ms
Frame 696 end
Average processing time of GrabImageRGBD(): 13.866ms
Frame 697 end
Average processing time of GrabImageRGBD(): 13.8965ms
Frame 698 end
Average processing time of GrabImageRGBD(): 13.8986ms
Frame 699 end
Average processing time of GrabImageRGBD(): 13.9004ms
Frame 700 end
Average processing time of GrabImageRGBD(): 13.9007ms
Frame 701 end
Average processing time of GrabImageRGBD(): 13.8994ms
Frame 702 end
Average processing time of GrabImageRGBD(): 13.901ms
Frame 703 end
Average processing time of GrabImageRGBD(): 13.9017ms
Frame 704 end
Average processing time of GrabImageRGBD(): 13.9331ms
Frame 705 end
Average processing time of GrabImageRGBD(): 13.9344ms
Frame 706 end
Average processing time of GrabImageRGBD(): 13.9323ms
Frame 707 end
Average processing time of GrabImageRGBD(): 13.9326ms
Frame 708 end
Average processing time of GrabImageRGBD(): 13.9318ms
Frame 709 end
Average processing time of GrabImageRGBD(): 13.9307ms
Frame 710 end
Average processing time of GrabImageRGBD(): 13.9295ms
Frame 711 end
Average processing time of GrabImageRGBD(): 13.959ms
Frame 712 end
Average processing time of GrabImageRGBD(): 13.9614ms
Frame 713 end
Average processing time of GrabImageRGBD(): 13.9601ms
Frame 714 end
Average processing time of GrabImageRGBD(): 13.9626ms
Frame 715 end
Average processing time of GrabImageRGBD(): 13.9631ms
Frame 716 end
Average processing time of GrabImageRGBD(): 13.9645ms
Frame 717 end
Average processing time of GrabImageRGBD(): 13.9618ms
Frame 718 end
Average processing time of GrabImageRGBD(): 13.9625ms
Frame 719 end
Average processing time of GrabImageRGBD(): 13.9893ms
Frame 720 end
Average processing time of GrabImageRGBD(): 13.9856ms
Frame 721 end
Average processing time of GrabImageRGBD(): 13.9877ms
Frame 722 end
Average processing time of GrabImageRGBD(): 13.9882ms
Frame 723 end
Average processing time of GrabImageRGBD(): 13.9878ms
Frame 724 end
Average processing time of GrabImageRGBD(): 13.9908ms
Frame 725 end
Average processing time of GrabImageRGBD(): 13.992ms
Frame 726 end
Average processing time of GrabImageRGBD(): 14.0203ms
Frame 727 end
Average processing time of GrabImageRGBD(): 14.0226ms
Frame 728 end
Average processing time of GrabImageRGBD(): 14.0216ms
Frame 729 end
Average processing time of GrabImageRGBD(): 14.0245ms
Frame 730 end
Average processing time of GrabImageRGBD(): 14.0266ms
Frame 731 end
Average processing time of GrabImageRGBD(): 14.0288ms
Frame 732 end
Average processing time of GrabImageRGBD(): 14.0281ms
Frame 733 end
Average processing time of GrabImageRGBD(): 14.032ms
Frame 734 end
Average processing time of GrabImageRGBD(): 14.0337ms
Frame 735 end
Average processing time of GrabImageRGBD(): 14.0627ms
Frame 736 end
Average processing time of GrabImageRGBD(): 14.062ms
Frame 737 end
Average processing time of GrabImageRGBD(): 14.0641ms
Frame 738 end
Average processing time of GrabImageRGBD(): 14.0658ms
Frame 739 end
Average processing time of GrabImageRGBD(): 14.0713ms
Frame 740 end
Average processing time of GrabImageRGBD(): 14.0762ms
Frame 741 end
Average processing time of GrabImageRGBD(): 14.0786ms
Frame 742 end
Average processing time of GrabImageRGBD(): 14.1055ms
Frame 743 end
Average processing time of GrabImageRGBD(): 14.1096ms
Frame 744 end
Average processing time of GrabImageRGBD(): 14.1129ms
Frame 745 end
Average processing time of GrabImageRGBD(): 14.1099ms
Frame 746 end
Average processing time of GrabImageRGBD(): 14.1135ms
Frame 747 end
Average processing time of GrabImageRGBD(): 14.1165ms
Frame 748 end
Average processing time of GrabImageRGBD(): 14.1191ms
Frame 749 end
Average processing time of GrabImageRGBD(): 14.1202ms
Frame 750 end
Average processing time of GrabImageRGBD(): 14.1577ms
Frame 751 end
Average processing time of GrabImageRGBD(): 14.1636ms
Frame 752 end
Average processing time of GrabImageRGBD(): 14.1603ms
Frame 753 end
Average processing time of GrabImageRGBD(): 14.1597ms
Frame 754 end
Average processing time of GrabImageRGBD(): 14.1612ms
Frame 755 end
Average processing time of GrabImageRGBD(): 14.1587ms
Frame 756 end
Average processing time of GrabImageRGBD(): 14.1619ms
Frame 757 end
Average processing time of GrabImageRGBD(): 14.1612ms
Frame 758 end
Average processing time of GrabImageRGBD(): 14.1575ms
Frame 759 end
Average processing time of GrabImageRGBD(): 14.1564ms
Frame 760 end
Average processing time of GrabImageRGBD(): 14.1585ms
Frame 761 end
Average processing time of GrabImageRGBD(): 14.1847ms
Frame 762 end
Average processing time of GrabImageRGBD(): 14.1831ms
Frame 763 end
Average processing time of GrabImageRGBD(): 14.1826ms
Frame 764 end
Average processing time of GrabImageRGBD(): 14.1853ms
Frame 765 end
Average processing time of GrabImageRGBD(): 14.1863ms
Frame 766 end
Average processing time of GrabImageRGBD(): 14.1832ms
Frame 767 end
Average processing time of GrabImageRGBD(): 14.1861ms
Frame 768 end
Average processing time of GrabImageRGBD(): 14.1899ms
Frame 769 end
Average processing time of GrabImageRGBD(): 14.1894ms
Frame 770 end
Average processing time of GrabImageRGBD(): 14.2203ms
Frame 771 end
Average processing time of GrabImageRGBD(): 14.218ms
Frame 772 end
Average processing time of GrabImageRGBD(): 14.219ms
Frame 773 end
Average processing time of GrabImageRGBD(): 14.2228ms
Frame 774 end
Average processing time of GrabImageRGBD(): 14.2214ms
Frame 775 end
Average processing time of GrabImageRGBD(): 14.2199ms
Frame 776 end
Average processing time of GrabImageRGBD(): 14.2196ms
Frame 777 end
Average processing time of GrabImageRGBD(): 14.2219ms
Frame 778 end
Average processing time of GrabImageRGBD(): 14.2179ms
Frame 779 end
Average processing time of GrabImageRGBD(): 14.2168ms
Frame 780 end
Average processing time of GrabImageRGBD(): 14.2128ms
Frame 781 end
Average processing time of GrabImageRGBD(): 14.2131ms
Frame 782 end
Average processing time of GrabImageRGBD(): 14.2118ms
Frame 783 end
Average processing time of GrabImageRGBD(): 14.2097ms
Frame 784 end
Average processing time of GrabImageRGBD(): 14.2059ms
Frame 785 end
Average processing time of GrabImageRGBD(): 14.2039ms
Frame 786 end
Average processing time of GrabImageRGBD(): 14.2062ms
Frame 787 end
Average processing time of GrabImageRGBD(): 14.2053ms
Frame 788 end
Average processing time of GrabImageRGBD(): 14.2073ms
Frame 789 end
Average processing time of GrabImageRGBD(): 14.2328ms
Frame 790 end
Average processing time of GrabImageRGBD(): 14.2365ms
Frame 791 end
Average processing time of GrabImageRGBD(): 14.2336ms
Frame 792 end
Average processing time of GrabImageRGBD(): 14.234ms
Frame 793 end
Average processing time of GrabImageRGBD(): 14.2331ms
Frame 794 end
Average processing time of GrabImageRGBD(): 14.2318ms
Frame 795 end
Average processing time of GrabImageRGBD(): 14.2374ms
Frame 796 end
Average processing time of GrabImageRGBD(): 14.2412ms
Frame 797 end
Average processing time of GrabImageRGBD(): 14.2482ms
Frame 798 end
Average processing time of GrabImageRGBD(): 14.2748ms
Frame 799 end
Average processing time of GrabImageRGBD(): 14.2755ms
Frame 800 end
Average processing time of GrabImageRGBD(): 14.2756ms
Frame 801 end
Average processing time of GrabImageRGBD(): 14.2734ms
Frame 802 end
Average processing time of GrabImageRGBD(): 14.2807ms
Frame 803 end
Average processing time of GrabImageRGBD(): 14.2815ms
Frame 804 end
Average processing time of GrabImageRGBD(): 14.285ms
Frame 805 end
Average processing time of GrabImageRGBD(): 14.2881ms
Frame 806 end
Average processing time of GrabImageRGBD(): 14.3278ms
Frame 807 end
Average processing time of GrabImageRGBD(): 14.3282ms
Frame 808 end
Average processing time of GrabImageRGBD(): 14.3288ms
Frame 809 end
Average processing time of GrabImageRGBD(): 14.3264ms
Frame 810 end
Average processing time of GrabImageRGBD(): 14.3301ms
Frame 811 end
Average processing time of GrabImageRGBD(): 14.3309ms
Frame 812 end
Average processing time of GrabImageRGBD(): 14.3305ms
Frame 813 end
Average processing time of GrabImageRGBD(): 14.3304ms
Frame 814 end
Average processing time of GrabImageRGBD(): 14.3269ms
Frame 815 end
Average processing time of GrabImageRGBD(): 14.3259ms
Frame 816 end
Average processing time of GrabImageRGBD(): 14.3265ms
Frame 817 end
Average processing time of GrabImageRGBD(): 14.3275ms
Frame 818 end
Average processing time of GrabImageRGBD(): 14.3289ms
Frame 819 end
Average processing time of GrabImageRGBD(): 14.33ms
Frame 820 end
Average processing time of GrabImageRGBD(): 14.3255ms
Frame 821 end
Average processing time of GrabImageRGBD(): 14.3246ms
Frame 822 end
Average processing time of GrabImageRGBD(): 14.3243ms
Frame 823 end
Average processing time of GrabImageRGBD(): 14.3236ms
Frame 824 end
Average processing time of GrabImageRGBD(): 14.3215ms
Frame 825 end
Average processing time of GrabImageRGBD(): 14.3174ms
Frame 826 end
Shutdown
-------

median tracking time: 0.0137786
mean tracking time: 0.0151896

Saving camera trajectory to CameraTrajectory.txt ...

Saving keyframe trajectory to KeyFrameTrajectory.txt ...
